<testsuites id="" name="" tests="2255" failures="1255" skipped="34" errors="0" time="1792.6369029999998">
<testsuite name="accessibility\a11y-compliance.spec.ts" timestamp="2025-10-29T19:08:05.826Z" hostname="chromium" tests="8" failures="2" skipped="0" time="99.028" errors="0">
<testcase name="Accessibility (A11y) Compliance Tests › Color contrast should meet WCAG AA requirements" classname="accessibility\a11y-compliance.spec.ts" time="16.856">
<system-out>
<![CDATA[✓ wondernails: Color contrast validated
✓ nom-nom: Color contrast validated
✓ delirios: Color contrast validated
]]>
</system-out>
</testcase>
<testcase name="Accessibility (A11y) Compliance Tests › Keyboard navigation should work throughout the app" classname="accessibility\a11y-compliance.spec.ts" time="10.359">
<failure message="a11y-compliance.spec.ts:67:7 Keyboard navigation should work throughout the app" type="FAILURE">
<![CDATA[  [chromium] › accessibility\a11y-compliance.spec.ts:67:7 › Accessibility (A11y) Compliance Tests › Keyboard navigation should work throughout the app 

    Error: expect(received).toBeTruthy()

    Received: false

      85 |
      86 |         const isVisible = await focusedElement.isVisible();
    > 87 |         expect(isVisible).toBeTruthy();
         |                           ^
      88 |
      89 |         // Check focus indicator
      90 |         const focusStyles = await focusedElement.evaluate(el => {
        at C:\Dev\Zo\sass-store\tests\e2e\accessibility\a11y-compliance.spec.ts:87:27

    attachment #1: screenshot (image/png) ──────────────────────────────────────────────────────────
    ..\..\test-results\accessibility-a11y-complia-01ae0-uld-work-throughout-the-app-chromium\test-failed-1.png
    ────────────────────────────────────────────────────────────────────────────────────────────────

    attachment #2: video (video/webm) ──────────────────────────────────────────────────────────────
    ..\..\test-results\accessibility-a11y-complia-01ae0-uld-work-throughout-the-app-chromium\video.webm
    ────────────────────────────────────────────────────────────────────────────────────────────────

    Error Context: ..\..\test-results\accessibility-a11y-complia-01ae0-uld-work-throughout-the-app-chromium\error-context.md
]]>
</failure>
<system-out>
<![CDATA[
[[ATTACHMENT|accessibility-a11y-complia-01ae0-uld-work-throughout-the-app-chromium\test-failed-1.png]]

[[ATTACHMENT|accessibility-a11y-complia-01ae0-uld-work-throughout-the-app-chromium\video.webm]]

[[ATTACHMENT|accessibility-a11y-complia-01ae0-uld-work-throughout-the-app-chromium\error-context.md]]
]]>
</system-out>
</testcase>
<testcase name="Accessibility (A11y) Compliance Tests › ARIA attributes should be properly implemented" classname="accessibility\a11y-compliance.spec.ts" time="10.407">
<failure message="a11y-compliance.spec.ts:117:7 ARIA attributes should be properly implemented" type="FAILURE">
<![CDATA[  [chromium] › accessibility\a11y-compliance.spec.ts:117:7 › Accessibility (A11y) Compliance Tests › ARIA attributes should be properly implemented 

    Error: expect(received).toBeTruthy()

    Received: false

      165 |       }
      166 |
    > 167 |       expect(hasH1).toBeTruthy(); // Page should have an h1
          |                     ^
      168 |
      169 |       // Check for form labels
      170 |       const inputs = page.locator('input, textarea, select');
        at C:\Dev\Zo\sass-store\tests\e2e\accessibility\a11y-compliance.spec.ts:167:21

    attachment #1: screenshot (image/png) ──────────────────────────────────────────────────────────
    ..\..\test-results\accessibility-a11y-complia-66c35-uld-be-properly-implemented-chromium\test-failed-1.png
    ────────────────────────────────────────────────────────────────────────────────────────────────

    attachment #2: video (video/webm) ──────────────────────────────────────────────────────────────
    ..\..\test-results\accessibility-a11y-complia-66c35-uld-be-properly-implemented-chromium\video.webm
    ────────────────────────────────────────────────────────────────────────────────────────────────

    Error Context: ..\..\test-results\accessibility-a11y-complia-66c35-uld-be-properly-implemented-chromium\error-context.md
]]>
</failure>
<system-out>
<![CDATA[
[[ATTACHMENT|accessibility-a11y-complia-66c35-uld-be-properly-implemented-chromium\test-failed-1.png]]

[[ATTACHMENT|accessibility-a11y-complia-66c35-uld-be-properly-implemented-chromium\video.webm]]

[[ATTACHMENT|accessibility-a11y-complia-66c35-uld-be-properly-implemented-chromium\error-context.md]]
]]>
</system-out>
</testcase>
<testcase name="Accessibility (A11y) Compliance Tests › Images should have appropriate alt text" classname="accessibility\a11y-compliance.spec.ts" time="12.273">
<system-out>
<![CDATA[✓ wondernails: Image alt text validated
✓ nom-nom: Image alt text validated
]]>
</system-out>
</testcase>
<testcase name="Accessibility (A11y) Compliance Tests › Focus management should work correctly" classname="accessibility\a11y-compliance.spec.ts" time="12.274">
<system-out>
<![CDATA[✓ wondernails: Focus management validated
✓ nom-nom: Focus management validated
]]>
</system-out>
</testcase>
<testcase name="Accessibility (A11y) Compliance Tests › Screen reader announcements should be present" classname="accessibility\a11y-compliance.spec.ts" time="12.335">
<system-out>
<![CDATA[✓ wondernails: Screen reader announcements validated
✓ nom-nom: Screen reader announcements validated
]]>
</system-out>
</testcase>
<testcase name="Accessibility (A11y) Compliance Tests › Skip links should be present" classname="accessibility\a11y-compliance.spec.ts" time="12.279">
<system-out>
<![CDATA[✓ wondernails: Skip links validated
✓ nom-nom: Skip links validated
]]>
</system-out>
</testcase>
<testcase name="Accessibility (A11y) Compliance Tests › Error messages should be accessible" classname="accessibility\a11y-compliance.spec.ts" time="12.245">
<system-out>
<![CDATA[✓ wondernails: Error message accessibility validated
✓ nom-nom: Error message accessibility validated
]]>
</system-out>
</testcase>
</testsuite>
<testsuite name="accessibility\keyboard-only-flows.spec.ts" timestamp="2025-10-29T19:08:05.826Z" hostname="chromium" tests="9" failures="7" skipped="0" time="137.346" errors="0">
<testcase name="Keyboard-Only Purchase Flow › should complete entire purchase using only keyboard navigation" classname="accessibility\keyboard-only-flows.spec.ts" time="9.165">
<failure message="keyboard-only-flows.spec.ts:10:7 should complete entire purchase using only keyboard navigation" type="FAILURE">
<![CDATA[  [chromium] › accessibility\keyboard-only-flows.spec.ts:10:7 › Keyboard-Only Purchase Flow › should complete entire purchase using only keyboard navigation 

    Error: expect(page).toHaveURL(expected) failed

    Expected pattern: /\/products\/.+/
    Received string:  "http://localhost:3001/t/wondernails/products"
    Timeout: 5000ms

    Call log:
      - Expect "toHaveURL" with timeout 5000ms
        9 × unexpected value "http://localhost:3001/t/wondernails/products"


      19 |     // Select product via keyboard
      20 |     await page.keyboard.press('Enter');
    > 21 |     await expect(page).toHaveURL(/\/products\/.+/);
         |                        ^
      22 |
      23 |     await page.waitForTimeout(500);
      24 |
        at C:\Dev\Zo\sass-store\tests\e2e\accessibility\keyboard-only-flows.spec.ts:21:24

    attachment #1: screenshot (image/png) ──────────────────────────────────────────────────────────
    ..\..\test-results\accessibility-keyboard-onl-b38b3-ng-only-keyboard-navigation-chromium\test-failed-1.png
    ────────────────────────────────────────────────────────────────────────────────────────────────

    attachment #2: video (video/webm) ──────────────────────────────────────────────────────────────
    ..\..\test-results\accessibility-keyboard-onl-b38b3-ng-only-keyboard-navigation-chromium\video.webm
    ────────────────────────────────────────────────────────────────────────────────────────────────

    Error Context: ..\..\test-results\accessibility-keyboard-onl-b38b3-ng-only-keyboard-navigation-chromium\error-context.md
]]>
</failure>
<system-out>
<![CDATA[
[[ATTACHMENT|accessibility-keyboard-onl-b38b3-ng-only-keyboard-navigation-chromium\test-failed-1.png]]

[[ATTACHMENT|accessibility-keyboard-onl-b38b3-ng-only-keyboard-navigation-chromium\video.webm]]

[[ATTACHMENT|accessibility-keyboard-onl-b38b3-ng-only-keyboard-navigation-chromium\error-context.md]]
]]>
</system-out>
</testcase>
<testcase name="Keyboard-Only Purchase Flow › should support keyboard navigation in product filters" classname="accessibility\keyboard-only-flows.spec.ts" time="3.92">
</testcase>
<testcase name="Keyboard-Only Purchase Flow › should navigate product carousel with keyboard" classname="accessibility\keyboard-only-flows.spec.ts" time="19.416">
<failure message="keyboard-only-flows.spec.ts:105:7 should navigate product carousel with keyboard" type="FAILURE">
<![CDATA[  [chromium] › accessibility\keyboard-only-flows.spec.ts:105:7 › Keyboard-Only Purchase Flow › should navigate product carousel with keyboard 

    TimeoutError: locator.click: Timeout 15000ms exceeded.
    Call log:
      - waiting for locator('[data-testid="product-card"]').first()


      107 |
      108 |     const productCard = page.locator('[data-testid="product-card"]').first();
    > 109 |     await productCard.click();
          |                       ^
      110 |
      111 |     const imageCarousel = page.locator('[data-testid="product-carousel"], [data-testid="image-gallery"]');
      112 |     if (await imageCarousel.isVisible()) {
        at C:\Dev\Zo\sass-store\tests\e2e\accessibility\keyboard-only-flows.spec.ts:109:23

    attachment #1: screenshot (image/png) ──────────────────────────────────────────────────────────
    ..\..\test-results\accessibility-keyboard-onl-097f9-duct-carousel-with-keyboard-chromium\test-failed-1.png
    ────────────────────────────────────────────────────────────────────────────────────────────────

    attachment #2: video (video/webm) ──────────────────────────────────────────────────────────────
    ..\..\test-results\accessibility-keyboard-onl-097f9-duct-carousel-with-keyboard-chromium\video.webm
    ────────────────────────────────────────────────────────────────────────────────────────────────

    Error Context: ..\..\test-results\accessibility-keyboard-onl-097f9-duct-carousel-with-keyboard-chromium\error-context.md
]]>
</failure>
<system-out>
<![CDATA[
[[ATTACHMENT|accessibility-keyboard-onl-097f9-duct-carousel-with-keyboard-chromium\test-failed-1.png]]

[[ATTACHMENT|accessibility-keyboard-onl-097f9-duct-carousel-with-keyboard-chromium\video.webm]]

[[ATTACHMENT|accessibility-keyboard-onl-097f9-duct-carousel-with-keyboard-chromium\error-context.md]]
]]>
</system-out>
</testcase>
<testcase name="Keyboard-Only Purchase Flow › should allow keyboard input in search" classname="accessibility\keyboard-only-flows.spec.ts" time="3.978">
</testcase>
<testcase name="Screen Reader Booking Flow › should announce booking form properly for screen readers" classname="accessibility\keyboard-only-flows.spec.ts" time="19.383">
<failure message="keyboard-only-flows.spec.ts:155:7 should announce booking form properly for screen readers" type="FAILURE">
<![CDATA[  [chromium] › accessibility\keyboard-only-flows.spec.ts:155:7 › Screen Reader Booking Flow › should announce booking form properly for screen readers 

    TimeoutError: locator.textContent: Timeout 15000ms exceeded.
    Call log:
      - waiting for locator('h1')


      172 |
      173 |     // Verify service page heading is announced
    > 174 |     const serviceHeading = await page.locator('h1').textContent();
          |                                                     ^
      175 |     expect(serviceHeading).toContain('Services');
      176 |
      177 |     // Select service via screen reader
        at C:\Dev\Zo\sass-store\tests\e2e\accessibility\keyboard-only-flows.spec.ts:174:53

    attachment #1: screenshot (image/png) ──────────────────────────────────────────────────────────
    ..\..\test-results\accessibility-keyboard-onl-73acb-properly-for-screen-readers-chromium\test-failed-1.png
    ────────────────────────────────────────────────────────────────────────────────────────────────

    attachment #2: video (video/webm) ──────────────────────────────────────────────────────────────
    ..\..\test-results\accessibility-keyboard-onl-73acb-properly-for-screen-readers-chromium\video.webm
    ────────────────────────────────────────────────────────────────────────────────────────────────

    Error Context: ..\..\test-results\accessibility-keyboard-onl-73acb-properly-for-screen-readers-chromium\error-context.md
]]>
</failure>
<system-out>
<![CDATA[
[[ATTACHMENT|accessibility-keyboard-onl-73acb-properly-for-screen-readers-chromium\test-failed-1.png]]

[[ATTACHMENT|accessibility-keyboard-onl-73acb-properly-for-screen-readers-chromium\video.webm]]

[[ATTACHMENT|accessibility-keyboard-onl-73acb-properly-for-screen-readers-chromium\error-context.md]]
]]>
</system-out>
</testcase>
<testcase name="Screen Reader Booking Flow › should have descriptive labels for all form inputs" classname="accessibility\keyboard-only-flows.spec.ts" time="19.385">
<failure message="keyboard-only-flows.spec.ts:214:7 should have descriptive labels for all form inputs" type="FAILURE">
<![CDATA[  [chromium] › accessibility\keyboard-only-flows.spec.ts:214:7 › Screen Reader Booking Flow › should have descriptive labels for all form inputs 

    TimeoutError: locator.click: Timeout 15000ms exceeded.
    Call log:
      - waiting for locator('[data-testid="service-card"]').first()


      216 |
      217 |     const serviceCard = page.locator('[data-testid="service-card"]').first();
    > 218 |     await serviceCard.click();
          |                       ^
      219 |
      220 |     const bookButton = page.locator('[data-testid="book-service-btn"], button:has-text("Book")');
      221 |     if (await bookButton.isVisible()) {
        at C:\Dev\Zo\sass-store\tests\e2e\accessibility\keyboard-only-flows.spec.ts:218:23

    attachment #1: screenshot (image/png) ──────────────────────────────────────────────────────────
    ..\..\test-results\accessibility-keyboard-onl-b44d9--labels-for-all-form-inputs-chromium\test-failed-1.png
    ────────────────────────────────────────────────────────────────────────────────────────────────

    attachment #2: video (video/webm) ──────────────────────────────────────────────────────────────
    ..\..\test-results\accessibility-keyboard-onl-b44d9--labels-for-all-form-inputs-chromium\video.webm
    ────────────────────────────────────────────────────────────────────────────────────────────────

    Error Context: ..\..\test-results\accessibility-keyboard-onl-b44d9--labels-for-all-form-inputs-chromium\error-context.md
]]>
</failure>
<system-out>
<![CDATA[
[[ATTACHMENT|accessibility-keyboard-onl-b44d9--labels-for-all-form-inputs-chromium\test-failed-1.png]]

[[ATTACHMENT|accessibility-keyboard-onl-b44d9--labels-for-all-form-inputs-chromium\video.webm]]

[[ATTACHMENT|accessibility-keyboard-onl-b44d9--labels-for-all-form-inputs-chromium\error-context.md]]
]]>
</system-out>
</testcase>
<testcase name="Screen Reader Booking Flow › should announce time slot availability" classname="accessibility\keyboard-only-flows.spec.ts" time="19.293">
<failure message="keyboard-only-flows.spec.ts:250:7 should announce time slot availability" type="FAILURE">
<![CDATA[  [chromium] › accessibility\keyboard-only-flows.spec.ts:250:7 › Screen Reader Booking Flow › should announce time slot availability 

    TimeoutError: locator.click: Timeout 15000ms exceeded.
    Call log:
      - waiting for locator('[data-testid="service-card"]').first()


      252 |
      253 |     const serviceCard = page.locator('[data-testid="service-card"]').first();
    > 254 |     await serviceCard.click();
          |                       ^
      255 |
      256 |     // Time slots should have aria-labels describing availability
      257 |     const timeSlots = page.locator('[data-testid="time-slot"]');
        at C:\Dev\Zo\sass-store\tests\e2e\accessibility\keyboard-only-flows.spec.ts:254:23

    attachment #1: screenshot (image/png) ──────────────────────────────────────────────────────────
    ..\..\test-results\accessibility-keyboard-onl-516ff-unce-time-slot-availability-chromium\test-failed-1.png
    ────────────────────────────────────────────────────────────────────────────────────────────────

    attachment #2: video (video/webm) ──────────────────────────────────────────────────────────────
    ..\..\test-results\accessibility-keyboard-onl-516ff-unce-time-slot-availability-chromium\video.webm
    ────────────────────────────────────────────────────────────────────────────────────────────────

    Error Context: ..\..\test-results\accessibility-keyboard-onl-516ff-unce-time-slot-availability-chromium\error-context.md
]]>
</failure>
<system-out>
<![CDATA[
[[ATTACHMENT|accessibility-keyboard-onl-516ff-unce-time-slot-availability-chromium\test-failed-1.png]]

[[ATTACHMENT|accessibility-keyboard-onl-516ff-unce-time-slot-availability-chromium\video.webm]]

[[ATTACHMENT|accessibility-keyboard-onl-516ff-unce-time-slot-availability-chromium\error-context.md]]
]]>
</system-out>
</testcase>
<testcase name="Screen Reader Booking Flow › should have proper focus indicators" classname="accessibility\keyboard-only-flows.spec.ts" time="21.433">
<failure message="keyboard-only-flows.spec.ts:274:7 should have proper focus indicators" type="FAILURE">
<![CDATA[  [chromium] › accessibility\keyboard-only-flows.spec.ts:274:7 › Screen Reader Booking Flow › should have proper focus indicators 

    TimeoutError: locator.focus: Timeout 15000ms exceeded.
    Call log:
      - waiting for locator('[data-testid="service-card"]').first()


      278 |
      279 |     // Focus element
    > 280 |     await serviceCard.focus();
          |                       ^
      281 |
      282 |     // Check for visible focus indicator
      283 |     const focusedElement = await page.evaluate(() => {
        at C:\Dev\Zo\sass-store\tests\e2e\accessibility\keyboard-only-flows.spec.ts:280:23

    attachment #1: screenshot (image/png) ──────────────────────────────────────────────────────────
    ..\..\test-results\accessibility-keyboard-onl-b2084-ave-proper-focus-indicators-chromium\test-failed-1.png
    ────────────────────────────────────────────────────────────────────────────────────────────────

    attachment #2: video (video/webm) ──────────────────────────────────────────────────────────────
    ..\..\test-results\accessibility-keyboard-onl-b2084-ave-proper-focus-indicators-chromium\video.webm
    ────────────────────────────────────────────────────────────────────────────────────────────────

    Error Context: ..\..\test-results\accessibility-keyboard-onl-b2084-ave-proper-focus-indicators-chromium\error-context.md
]]>
</failure>
<system-out>
<![CDATA[
[[ATTACHMENT|accessibility-keyboard-onl-b2084-ave-proper-focus-indicators-chromium\test-failed-1.png]]

[[ATTACHMENT|accessibility-keyboard-onl-b2084-ave-proper-focus-indicators-chromium\video.webm]]

[[ATTACHMENT|accessibility-keyboard-onl-b2084-ave-proper-focus-indicators-chromium\error-context.md]]
]]>
</system-out>
</testcase>
<testcase name="Screen Reader Booking Flow › should support ARIA live regions for dynamic content" classname="accessibility\keyboard-only-flows.spec.ts" time="21.373">
<failure message="keyboard-only-flows.spec.ts:304:7 should support ARIA live regions for dynamic content" type="FAILURE">
<![CDATA[  [chromium] › accessibility\keyboard-only-flows.spec.ts:304:7 › Screen Reader Booking Flow › should support ARIA live regions for dynamic content 

    TimeoutError: locator.click: Timeout 15000ms exceeded.
    Call log:
      - waiting for locator('[data-testid="service-card"]').first()


      306 |
      307 |     const serviceCard = page.locator('[data-testid="service-card"]').first();
    > 308 |     await serviceCard.click();
          |                       ^
      309 |
      310 |     const timeSlotPicker = page.locator('[data-testid="time-slot-picker"]');
      311 |     if (await timeSlotPicker.isVisible()) {
        at C:\Dev\Zo\sass-store\tests\e2e\accessibility\keyboard-only-flows.spec.ts:308:23

    attachment #1: screenshot (image/png) ──────────────────────────────────────────────────────────
    ..\..\test-results\accessibility-keyboard-onl-ab35a-regions-for-dynamic-content-chromium\test-failed-1.png
    ────────────────────────────────────────────────────────────────────────────────────────────────

    attachment #2: video (video/webm) ──────────────────────────────────────────────────────────────
    ..\..\test-results\accessibility-keyboard-onl-ab35a-regions-for-dynamic-content-chromium\video.webm
    ────────────────────────────────────────────────────────────────────────────────────────────────

    Error Context: ..\..\test-results\accessibility-keyboard-onl-ab35a-regions-for-dynamic-content-chromium\error-context.md
]]>
</failure>
<system-out>
<![CDATA[
[[ATTACHMENT|accessibility-keyboard-onl-ab35a-regions-for-dynamic-content-chromium\test-failed-1.png]]

[[ATTACHMENT|accessibility-keyboard-onl-ab35a-regions-for-dynamic-content-chromium\video.webm]]

[[ATTACHMENT|accessibility-keyboard-onl-ab35a-regions-for-dynamic-content-chromium\error-context.md]]
]]>
</system-out>
</testcase>
</testsuite>
<testsuite name="accessibility.spec.ts" timestamp="2025-10-29T19:08:05.826Z" hostname="chromium" tests="6" failures="6" skipped="0" time="26.738" errors="0">
<testcase name="Accessibility Tests › Screen reader support should be comprehensive" classname="accessibility.spec.ts" time="5.978">
<failure message="accessibility.spec.ts:4:7 Screen reader support should be comprehensive" type="FAILURE">
<![CDATA[  [chromium] › accessibility.spec.ts:4:7 › Accessibility Tests › Screen reader support should be comprehensive 

    Error: expect(received).toBeGreaterThan(expected)

    Expected: > 0
    Received:   0

      16 |     const srOnlyElements = page.locator('.sr-only, .screen-reader-text, .visually-hidden');
      17 |     const srCount = await srOnlyElements.count();
    > 18 |     expect(srCount).toBeGreaterThan(0); // Should have screen reader elements
         |                     ^
      19 |
      20 |     // Validate that screen reader elements are properly hidden
      21 |     for (let i = 0; i < Math.min(5, srCount); i++) {
        at C:\Dev\Zo\sass-store\tests\e2e\accessibility.spec.ts:18:21

    attachment #1: screenshot (image/png) ──────────────────────────────────────────────────────────
    ..\..\test-results\accessibility-Accessibilit-e27a0-ort-should-be-comprehensive-chromium\test-failed-1.png
    ────────────────────────────────────────────────────────────────────────────────────────────────

    attachment #2: video (video/webm) ──────────────────────────────────────────────────────────────
    ..\..\test-results\accessibility-Accessibilit-e27a0-ort-should-be-comprehensive-chromium\video.webm
    ────────────────────────────────────────────────────────────────────────────────────────────────

    Error Context: ..\..\test-results\accessibility-Accessibilit-e27a0-ort-should-be-comprehensive-chromium\error-context.md
]]>
</failure>
<system-out>
<![CDATA[
[[ATTACHMENT|accessibility-Accessibilit-e27a0-ort-should-be-comprehensive-chromium\test-failed-1.png]]

[[ATTACHMENT|accessibility-Accessibilit-e27a0-ort-should-be-comprehensive-chromium\video.webm]]

[[ATTACHMENT|accessibility-Accessibilit-e27a0-ort-should-be-comprehensive-chromium\error-context.md]]
]]>
</system-out>
</testcase>
<testcase name="Accessibility Tests › ARIA attributes should be properly implemented" classname="accessibility.spec.ts" time="0.986">
<failure message="accessibility.spec.ts:75:7 ARIA attributes should be properly implemented" type="FAILURE">
<![CDATA[  [chromium] › accessibility.spec.ts:75:7 › Accessibility Tests › ARIA attributes should be properly implemented 

    Error: expect(received).toBeTruthy()

    Received: null

      92 |       // Buttons should have accessible text
      93 |       const hasAccessibleText = ariaLabel || textContent?.trim() || ariaDescribedby;
    > 94 |       expect(hasAccessibleText).toBeTruthy();
         |                                 ^
      95 |     }
      96 |
      97 |     // Check for proper ARIA states on interactive elements
        at C:\Dev\Zo\sass-store\tests\e2e\accessibility.spec.ts:94:33

    attachment #1: screenshot (image/png) ──────────────────────────────────────────────────────────
    ..\..\test-results\accessibility-Accessibilit-99716-uld-be-properly-implemented-chromium\test-failed-1.png
    ────────────────────────────────────────────────────────────────────────────────────────────────

    attachment #2: video (video/webm) ──────────────────────────────────────────────────────────────
    ..\..\test-results\accessibility-Accessibilit-99716-uld-be-properly-implemented-chromium\video.webm
    ────────────────────────────────────────────────────────────────────────────────────────────────

    Error Context: ..\..\test-results\accessibility-Accessibilit-99716-uld-be-properly-implemented-chromium\error-context.md
]]>
</failure>
<system-out>
<![CDATA[
[[ATTACHMENT|accessibility-Accessibilit-99716-uld-be-properly-implemented-chromium\test-failed-1.png]]

[[ATTACHMENT|accessibility-Accessibilit-99716-uld-be-properly-implemented-chromium\video.webm]]

[[ATTACHMENT|accessibility-Accessibilit-99716-uld-be-properly-implemented-chromium\error-context.md]]
]]>
</system-out>
</testcase>
<testcase name="Accessibility Tests › Color contrast should meet WCAG requirements" classname="accessibility.spec.ts" time="1.489">
<failure message="accessibility.spec.ts:132:7 Color contrast should meet WCAG requirements" type="FAILURE">
<![CDATA[  [chromium] › accessibility.spec.ts:132:7 › Accessibility Tests › Color contrast should meet WCAG requirements 

    Error: expect(received).toBeGreaterThanOrEqual(expected)

    Expected: >= 4.5
    Received:    1

      183 |         // Only fail if we have a real background color (not transparent)
      184 |         if (styles.backgroundColor !== 'rgba(0, 0, 0, 0)' && styles.backgroundColor !== 'transparent') {
    > 185 |           expect(contrast).toBeGreaterThanOrEqual(minContrast);
          |                            ^
      186 |         }
      187 |       }
      188 |     }
        at C:\Dev\Zo\sass-store\tests\e2e\accessibility.spec.ts:185:28

    attachment #1: screenshot (image/png) ──────────────────────────────────────────────────────────
    ..\..\test-results\accessibility-Accessibilit-d6a3f-ould-meet-WCAG-requirements-chromium\test-failed-1.png
    ────────────────────────────────────────────────────────────────────────────────────────────────

    attachment #2: video (video/webm) ──────────────────────────────────────────────────────────────
    ..\..\test-results\accessibility-Accessibilit-d6a3f-ould-meet-WCAG-requirements-chromium\video.webm
    ────────────────────────────────────────────────────────────────────────────────────────────────

    Error Context: ..\..\test-results\accessibility-Accessibilit-d6a3f-ould-meet-WCAG-requirements-chromium\error-context.md
]]>
</failure>
<system-out>
<![CDATA[
[[ATTACHMENT|accessibility-Accessibilit-d6a3f-ould-meet-WCAG-requirements-chromium\test-failed-1.png]]

[[ATTACHMENT|accessibility-Accessibilit-d6a3f-ould-meet-WCAG-requirements-chromium\video.webm]]

[[ATTACHMENT|accessibility-Accessibilit-d6a3f-ould-meet-WCAG-requirements-chromium\error-context.md]]
]]>
</system-out>
</testcase>
<testcase name="Accessibility Tests › Keyboard navigation should work throughout the app" classname="accessibility.spec.ts" time="0.955">
<failure message="accessibility.spec.ts:191:7 Keyboard navigation should work throughout the app" type="FAILURE">
<![CDATA[  [chromium] › accessibility.spec.ts:191:7 › Accessibility Tests › Keyboard navigation should work throughout the app 

    Error: expect(received).toBe(expected) // Object.is equality

    Expected: 1
    Received: 2

      200 |     await page.keyboard.press('Tab');
      201 |     let focused = page.locator(':focus');
    > 202 |     expect(await focused.count()).toBe(1);
          |                                   ^
      203 |
      204 |     // Test that focus is visible
      205 |     const focusedElement = focused.first();
        at C:\Dev\Zo\sass-store\tests\e2e\accessibility.spec.ts:202:35

    attachment #1: screenshot (image/png) ──────────────────────────────────────────────────────────
    ..\..\test-results\accessibility-Accessibilit-c4f34-uld-work-throughout-the-app-chromium\test-failed-1.png
    ────────────────────────────────────────────────────────────────────────────────────────────────

    attachment #2: video (video/webm) ──────────────────────────────────────────────────────────────
    ..\..\test-results\accessibility-Accessibilit-c4f34-uld-work-throughout-the-app-chromium\video.webm
    ────────────────────────────────────────────────────────────────────────────────────────────────

    Error Context: ..\..\test-results\accessibility-Accessibilit-c4f34-uld-work-throughout-the-app-chromium\error-context.md
]]>
</failure>
<system-out>
<![CDATA[
[[ATTACHMENT|accessibility-Accessibilit-c4f34-uld-work-throughout-the-app-chromium\test-failed-1.png]]

[[ATTACHMENT|accessibility-Accessibilit-c4f34-uld-work-throughout-the-app-chromium\video.webm]]

[[ATTACHMENT|accessibility-Accessibilit-c4f34-uld-work-throughout-the-app-chromium\error-context.md]]
]]>
</system-out>
</testcase>
<testcase name="Accessibility Tests › Focus management should work correctly" classname="accessibility.spec.ts" time="16.44">
<failure message="accessibility.spec.ts:233:7 Focus management should work correctly" type="FAILURE">
<![CDATA[  [chromium] › accessibility.spec.ts:233:7 › Accessibility Tests › Focus management should work correctly 

    TimeoutError: page.click: Timeout 15000ms exceeded.
    Call log:
      - waiting for locator('body')
        - locator resolved to <body>…</body>
      - attempting click action
        2 × waiting for element to be visible, enabled and stable
          - element is not visible
        - retrying click action
        - waiting 20ms
        2 × waiting for element to be visible, enabled and stable
          - element is not visible
        - retrying click action
          - waiting 100ms
        28 × waiting for element to be visible, enabled and stable
           - element is not visible
         - retrying click action
           - waiting 500ms


      261 |
      262 |     // Test that clicking outside elements doesn't break focus
    > 263 |     await page.click('body');
          |                ^
      264 |     await page.keyboard.press('Tab');
      265 |
      266 |     const newFocused = page.locator(':focus');
        at C:\Dev\Zo\sass-store\tests\e2e\accessibility.spec.ts:263:16

    attachment #1: screenshot (image/png) ──────────────────────────────────────────────────────────
    ..\..\test-results\accessibility-Accessibilit-ebd5e-ement-should-work-correctly-chromium\test-failed-1.png
    ────────────────────────────────────────────────────────────────────────────────────────────────

    attachment #2: video (video/webm) ──────────────────────────────────────────────────────────────
    ..\..\test-results\accessibility-Accessibilit-ebd5e-ement-should-work-correctly-chromium\video.webm
    ────────────────────────────────────────────────────────────────────────────────────────────────

    Error Context: ..\..\test-results\accessibility-Accessibilit-ebd5e-ement-should-work-correctly-chromium\error-context.md
]]>
</failure>
<system-out>
<![CDATA[
[[ATTACHMENT|accessibility-Accessibilit-ebd5e-ement-should-work-correctly-chromium\test-failed-1.png]]

[[ATTACHMENT|accessibility-Accessibilit-ebd5e-ement-should-work-correctly-chromium\video.webm]]

[[ATTACHMENT|accessibility-Accessibilit-ebd5e-ement-should-work-correctly-chromium\error-context.md]]
]]>
</system-out>
</testcase>
<testcase name="Accessibility Tests › Screen reader announcements should be present" classname="accessibility.spec.ts" time="0.89">
<failure message="accessibility.spec.ts:270:7 Screen reader announcements should be present" type="FAILURE">
<![CDATA[  [chromium] › accessibility.spec.ts:270:7 › Accessibility Tests › Screen reader announcements should be present 

    Error: expect(received).toBeTruthy()

    Received: ""

      277 |     // Check for proper page title
      278 |     const title = await page.title();
    > 279 |     expect(title).toBeTruthy();
          |                   ^
      280 |     expect(title.length).toBeGreaterThan(0);
      281 |
      282 |     // Check for language attribute
        at C:\Dev\Zo\sass-store\tests\e2e\accessibility.spec.ts:279:19

    attachment #1: screenshot (image/png) ──────────────────────────────────────────────────────────
    ..\..\test-results\accessibility-Accessibilit-e9f41-uncements-should-be-present-chromium\test-failed-1.png
    ────────────────────────────────────────────────────────────────────────────────────────────────

    attachment #2: video (video/webm) ──────────────────────────────────────────────────────────────
    ..\..\test-results\accessibility-Accessibilit-e9f41-uncements-should-be-present-chromium\video.webm
    ────────────────────────────────────────────────────────────────────────────────────────────────

    Error Context: ..\..\test-results\accessibility-Accessibilit-e9f41-uncements-should-be-present-chromium\error-context.md
]]>
</failure>
<system-out>
<![CDATA[
[[ATTACHMENT|accessibility-Accessibilit-e9f41-uncements-should-be-present-chromium\test-failed-1.png]]

[[ATTACHMENT|accessibility-Accessibilit-e9f41-uncements-should-be-present-chromium\video.webm]]

[[ATTACHMENT|accessibility-Accessibilit-e9f41-uncements-should-be-present-chromium\error-context.md]]
]]>
</system-out>
</testcase>
</testsuite>
<testsuite name="auth\forgot-password.spec.ts" timestamp="2025-10-29T19:08:05.826Z" hostname="chromium" tests="20" failures="20" skipped="0" time="276.816" errors="0">
<testcase name="Forgot Password Flow › should display forgot password page correctly" classname="auth\forgot-password.spec.ts" time="14.938">
<failure message="forgot-password.spec.ts:7:7 should display forgot password page correctly" type="FAILURE">
<![CDATA[  [chromium] › auth\forgot-password.spec.ts:7:7 › Forgot Password Flow › should display forgot password page correctly 

    Error: expect(locator).toContainText(expected) failed

    Locator: locator('h2')
    Expected substring: "Recuperar Contraseña"
    Timeout: 5000ms
    Error: element(s) not found

    Call log:
      - Expect "toContainText" with timeout 5000ms
      - waiting for locator('h2')


       9 |
      10 |     // Check page elements
    > 11 |     await expect(page.locator("h2")).toContainText("Recuperar Contraseña");
         |                                      ^
      12 |     await expect(page.locator('input[type="email"]')).toBeVisible();
      13 |     await expect(page.locator('button[type="submit"]')).toBeVisible();
      14 |     await expect(page.locator('a[href*="login"]')).toBeVisible();
        at C:\Dev\Zo\sass-store\tests\e2e\auth\forgot-password.spec.ts:11:38

    attachment #1: video (video/webm) ──────────────────────────────────────────────────────────────
    ..\..\test-results\auth-forgot-password-Forgo-b8109-got-password-page-correctly-chromium\video.webm
    ────────────────────────────────────────────────────────────────────────────────────────────────

    Error Context: ..\..\test-results\auth-forgot-password-Forgo-b8109-got-password-page-correctly-chromium\error-context.md
]]>
</failure>
<system-out>
<![CDATA[
[[ATTACHMENT|auth-forgot-password-Forgo-b8109-got-password-page-correctly-chromium\video.webm]]

[[ATTACHMENT|auth-forgot-password-Forgo-b8109-got-password-page-correctly-chromium\error-context.md]]
]]>
</system-out>
</testcase>
<testcase name="Forgot Password Flow › should show validation error for empty email" classname="auth\forgot-password.spec.ts" time="18.236">
<failure message="forgot-password.spec.ts:17:7 should show validation error for empty email" type="FAILURE">
<![CDATA[  [chromium] › auth\forgot-password.spec.ts:17:7 › Forgot Password Flow › should show validation error for empty email 

    TimeoutError: locator.click: Timeout 15000ms exceeded.
    Call log:
      - waiting for locator('button[type="submit"]')


      19 |
      20 |     // Try to submit without email
    > 21 |     await page.locator('button[type="submit"]').click();
         |                                                 ^
      22 |
      23 |     // HTML5 validation should prevent submission
      24 |     const emailInput = page.locator('input[type="email"]');
        at C:\Dev\Zo\sass-store\tests\e2e\auth\forgot-password.spec.ts:21:49

    attachment #1: screenshot (image/png) ──────────────────────────────────────────────────────────
    ..\..\test-results\auth-forgot-password-Forgo-92db9-ation-error-for-empty-email-chromium\test-failed-1.png
    ────────────────────────────────────────────────────────────────────────────────────────────────

    attachment #2: video (video/webm) ──────────────────────────────────────────────────────────────
    ..\..\test-results\auth-forgot-password-Forgo-92db9-ation-error-for-empty-email-chromium\video.webm
    ────────────────────────────────────────────────────────────────────────────────────────────────

    Error Context: ..\..\test-results\auth-forgot-password-Forgo-92db9-ation-error-for-empty-email-chromium\error-context.md
]]>
</failure>
<system-out>
<![CDATA[
[[ATTACHMENT|auth-forgot-password-Forgo-92db9-ation-error-for-empty-email-chromium\test-failed-1.png]]

[[ATTACHMENT|auth-forgot-password-Forgo-92db9-ation-error-for-empty-email-chromium\video.webm]]

[[ATTACHMENT|auth-forgot-password-Forgo-92db9-ation-error-for-empty-email-chromium\error-context.md]]
]]>
</system-out>
</testcase>
<testcase name="Forgot Password Flow › should show validation error for invalid email format" classname="auth\forgot-password.spec.ts" time="17.975">
<failure message="forgot-password.spec.ts:31:7 should show validation error for invalid email format" type="FAILURE">
<![CDATA[  [chromium] › auth\forgot-password.spec.ts:31:7 › Forgot Password Flow › should show validation error for invalid email format 

    TimeoutError: locator.fill: Timeout 15000ms exceeded.
    Call log:
      - waiting for locator('input[type="email"]')


      34 |     await page.goto("/t/wondernails/forgot-password");
      35 |
    > 36 |     await page.locator('input[type="email"]').fill("invalid-email");
         |                                               ^
      37 |     await page.locator('button[type="submit"]').click();
      38 |
      39 |     // HTML5 validation should prevent submission
        at C:\Dev\Zo\sass-store\tests\e2e\auth\forgot-password.spec.ts:36:47

    attachment #1: screenshot (image/png) ──────────────────────────────────────────────────────────
    ..\..\test-results\auth-forgot-password-Forgo-4688c-or-for-invalid-email-format-chromium\test-failed-1.png
    ────────────────────────────────────────────────────────────────────────────────────────────────

    attachment #2: video (video/webm) ──────────────────────────────────────────────────────────────
    ..\..\test-results\auth-forgot-password-Forgo-4688c-or-for-invalid-email-format-chromium\video.webm
    ────────────────────────────────────────────────────────────────────────────────────────────────

    Error Context: ..\..\test-results\auth-forgot-password-Forgo-4688c-or-for-invalid-email-format-chromium\error-context.md
]]>
</failure>
<system-out>
<![CDATA[
[[ATTACHMENT|auth-forgot-password-Forgo-4688c-or-for-invalid-email-format-chromium\test-failed-1.png]]

[[ATTACHMENT|auth-forgot-password-Forgo-4688c-or-for-invalid-email-format-chromium\video.webm]]

[[ATTACHMENT|auth-forgot-password-Forgo-4688c-or-for-invalid-email-format-chromium\error-context.md]]
]]>
</system-out>
</testcase>
<testcase name="Forgot Password Flow › should successfully submit forgot password request" classname="auth\forgot-password.spec.ts" time="18.391">
<failure message="forgot-password.spec.ts:47:7 should successfully submit forgot password request" type="FAILURE">
<![CDATA[  [chromium] › auth\forgot-password.spec.ts:47:7 › Forgot Password Flow › should successfully submit forgot password request 

    TimeoutError: locator.fill: Timeout 15000ms exceeded.
    Call log:
      - waiting for locator('input[type="email"]')


      50 |     await page.goto("/t/wondernails/forgot-password");
      51 |
    > 52 |     await page.locator('input[type="email"]').fill(testEmail);
         |                                               ^
      53 |     await page.locator('button[type="submit"]').click();
      54 |
      55 |     // Should show success message
        at C:\Dev\Zo\sass-store\tests\e2e\auth\forgot-password.spec.ts:52:47

    attachment #1: screenshot (image/png) ──────────────────────────────────────────────────────────
    ..\..\test-results\auth-forgot-password-Forgo-f80cd-mit-forgot-password-request-chromium\test-failed-1.png
    ────────────────────────────────────────────────────────────────────────────────────────────────

    attachment #2: video (video/webm) ──────────────────────────────────────────────────────────────
    ..\..\test-results\auth-forgot-password-Forgo-f80cd-mit-forgot-password-request-chromium\video.webm
    ────────────────────────────────────────────────────────────────────────────────────────────────

    Error Context: ..\..\test-results\auth-forgot-password-Forgo-f80cd-mit-forgot-password-request-chromium\error-context.md
]]>
</failure>
<system-out>
<![CDATA[
[[ATTACHMENT|auth-forgot-password-Forgo-f80cd-mit-forgot-password-request-chromium\test-failed-1.png]]

[[ATTACHMENT|auth-forgot-password-Forgo-f80cd-mit-forgot-password-request-chromium\video.webm]]

[[ATTACHMENT|auth-forgot-password-Forgo-f80cd-mit-forgot-password-request-chromium\error-context.md]]
]]>
</system-out>
</testcase>
<testcase name="Forgot Password Flow › should navigate back to login from forgot password" classname="auth\forgot-password.spec.ts" time="17.395">
<failure message="forgot-password.spec.ts:67:7 should navigate back to login from forgot password" type="FAILURE">
<![CDATA[  [chromium] › auth\forgot-password.spec.ts:67:7 › Forgot Password Flow › should navigate back to login from forgot password 

    TimeoutError: locator.click: Timeout 15000ms exceeded.
    Call log:
      - waiting for locator('a[href*="login"]').first()


      70 |     await page.goto("/t/wondernails/forgot-password");
      71 |
    > 72 |     await page.locator('a[href*="login"]').first().click();
         |                                                    ^
      73 |     await page.waitForURL("**/login");
      74 |
      75 |     expect(page.url()).toContain("/login");
        at C:\Dev\Zo\sass-store\tests\e2e\auth\forgot-password.spec.ts:72:52

    attachment #1: screenshot (image/png) ──────────────────────────────────────────────────────────
    ..\..\test-results\auth-forgot-password-Forgo-b9124--login-from-forgot-password-chromium\test-failed-1.png
    ────────────────────────────────────────────────────────────────────────────────────────────────

    attachment #2: video (video/webm) ──────────────────────────────────────────────────────────────
    ..\..\test-results\auth-forgot-password-Forgo-b9124--login-from-forgot-password-chromium\video.webm
    ────────────────────────────────────────────────────────────────────────────────────────────────

    Error Context: ..\..\test-results\auth-forgot-password-Forgo-b9124--login-from-forgot-password-chromium\error-context.md
]]>
</failure>
<system-out>
<![CDATA[
[[ATTACHMENT|auth-forgot-password-Forgo-b9124--login-from-forgot-password-chromium\test-failed-1.png]]

[[ATTACHMENT|auth-forgot-password-Forgo-b9124--login-from-forgot-password-chromium\video.webm]]

[[ATTACHMENT|auth-forgot-password-Forgo-b9124--login-from-forgot-password-chromium\error-context.md]]
]]>
</system-out>
</testcase>
<testcase name="Forgot Password Flow › should display forgot password link on login page" classname="auth\forgot-password.spec.ts" time="10.606">
<failure message="forgot-password.spec.ts:78:7 should display forgot password link on login page" type="FAILURE">
<![CDATA[  [chromium] › auth\forgot-password.spec.ts:78:7 › Forgot Password Flow › should display forgot password link on login page 

    Error: expect(locator).toBeVisible() failed

    Locator: locator('a[href*="forgot-password"]').first()
    Expected: visible
    Timeout: 5000ms
    Error: element(s) not found

    Call log:
      - Expect "toBeVisible" with timeout 5000ms
      - waiting for locator('a[href*="forgot-password"]').first()


      84 |       .locator('a[href*="forgot-password"]')
      85 |       .first();
    > 86 |     await expect(forgotPasswordLink).toBeVisible();
         |                                      ^
      87 |     await expect(forgotPasswordLink).toContainText("Olvidaste");
      88 |   });
      89 |
        at C:\Dev\Zo\sass-store\tests\e2e\auth\forgot-password.spec.ts:86:38

    attachment #1: screenshot (image/png) ──────────────────────────────────────────────────────────
    ..\..\test-results\auth-forgot-password-Forgo-1e77d-password-link-on-login-page-chromium\test-failed-1.png
    ────────────────────────────────────────────────────────────────────────────────────────────────

    attachment #2: video (video/webm) ──────────────────────────────────────────────────────────────
    ..\..\test-results\auth-forgot-password-Forgo-1e77d-password-link-on-login-page-chromium\video.webm
    ────────────────────────────────────────────────────────────────────────────────────────────────

    Error Context: ..\..\test-results\auth-forgot-password-Forgo-1e77d-password-link-on-login-page-chromium\error-context.md
]]>
</failure>
<system-out>
<![CDATA[
[[ATTACHMENT|auth-forgot-password-Forgo-1e77d-password-link-on-login-page-chromium\test-failed-1.png]]

[[ATTACHMENT|auth-forgot-password-Forgo-1e77d-password-link-on-login-page-chromium\video.webm]]

[[ATTACHMENT|auth-forgot-password-Forgo-1e77d-password-link-on-login-page-chromium\error-context.md]]
]]>
</system-out>
</testcase>
<testcase name="Forgot Password Flow › should navigate from login to forgot password" classname="auth\forgot-password.spec.ts" time="21.257">
<failure message="forgot-password.spec.ts:90:7 should navigate from login to forgot password" type="FAILURE">
<![CDATA[  [chromium] › auth\forgot-password.spec.ts:90:7 › Forgot Password Flow › should navigate from login to forgot password 

    TimeoutError: locator.click: Timeout 15000ms exceeded.
    Call log:
      - waiting for locator('a[href*="forgot-password"]').first()


      91 |     await page.goto("/t/wondernails/login");
      92 |
    > 93 |     await page.locator('a[href*="forgot-password"]').first().click();
         |                                                              ^
      94 |     await page.waitForURL("**/forgot-password");
      95 |
      96 |     expect(page.url()).toContain("/forgot-password");
        at C:\Dev\Zo\sass-store\tests\e2e\auth\forgot-password.spec.ts:93:62

    attachment #1: screenshot (image/png) ──────────────────────────────────────────────────────────
    ..\..\test-results\auth-forgot-password-Forgo-a79f0-om-login-to-forgot-password-chromium\test-failed-1.png
    ────────────────────────────────────────────────────────────────────────────────────────────────

    attachment #2: video (video/webm) ──────────────────────────────────────────────────────────────
    ..\..\test-results\auth-forgot-password-Forgo-a79f0-om-login-to-forgot-password-chromium\video.webm
    ────────────────────────────────────────────────────────────────────────────────────────────────

    Error Context: ..\..\test-results\auth-forgot-password-Forgo-a79f0-om-login-to-forgot-password-chromium\error-context.md
]]>
</failure>
<system-out>
<![CDATA[
[[ATTACHMENT|auth-forgot-password-Forgo-a79f0-om-login-to-forgot-password-chromium\test-failed-1.png]]

[[ATTACHMENT|auth-forgot-password-Forgo-a79f0-om-login-to-forgot-password-chromium\video.webm]]

[[ATTACHMENT|auth-forgot-password-Forgo-a79f0-om-login-to-forgot-password-chromium\error-context.md]]
]]>
</system-out>
</testcase>
<testcase name="Reset Password Flow › should display error for missing token" classname="auth\forgot-password.spec.ts" time="10.547">
<failure message="forgot-password.spec.ts:105:7 should display error for missing token" type="FAILURE">
<![CDATA[  [chromium] › auth\forgot-password.spec.ts:105:7 › Reset Password Flow › should display error for missing token 

    Error: expect(locator).toBeVisible() failed

    Locator: locator('text=Token de recuperación no válido')
    Expected: visible
    Timeout: 5000ms
    Error: element(s) not found

    Call log:
      - Expect "toBeVisible" with timeout 5000ms
      - waiting for locator('text=Token de recuperación no válido')


      108 |     await expect(
      109 |       page.locator("text=Token de recuperación no válido")
    > 110 |     ).toBeVisible();
          |       ^
      111 |     await expect(page.locator('a[href*="forgot-password"]')).toBeVisible();
      112 |   });
      113 |
        at C:\Dev\Zo\sass-store\tests\e2e\auth\forgot-password.spec.ts:110:7

    attachment #1: screenshot (image/png) ──────────────────────────────────────────────────────────
    ..\..\test-results\auth-forgot-password-Reset-35322-lay-error-for-missing-token-chromium\test-failed-1.png
    ────────────────────────────────────────────────────────────────────────────────────────────────

    attachment #2: video (video/webm) ──────────────────────────────────────────────────────────────
    ..\..\test-results\auth-forgot-password-Reset-35322-lay-error-for-missing-token-chromium\video.webm
    ────────────────────────────────────────────────────────────────────────────────────────────────

    Error Context: ..\..\test-results\auth-forgot-password-Reset-35322-lay-error-for-missing-token-chromium\error-context.md
]]>
</failure>
<system-out>
<![CDATA[
[[ATTACHMENT|auth-forgot-password-Reset-35322-lay-error-for-missing-token-chromium\test-failed-1.png]]

[[ATTACHMENT|auth-forgot-password-Reset-35322-lay-error-for-missing-token-chromium\video.webm]]

[[ATTACHMENT|auth-forgot-password-Reset-35322-lay-error-for-missing-token-chromium\error-context.md]]
]]>
</system-out>
</testcase>
<testcase name="Reset Password Flow › should display error for invalid token" classname="auth\forgot-password.spec.ts" time="9.857">
<failure message="forgot-password.spec.ts:114:7 should display error for invalid token" type="FAILURE">
<![CDATA[  [chromium] › auth\forgot-password.spec.ts:114:7 › Reset Password Flow › should display error for invalid token 

    Error: expect(locator).toContainText(expected) failed

    Locator: locator('h2')
    Expected substring: "Restablecer Contraseña"
    Timeout: 5000ms
    Error: element(s) not found

    Call log:
      - Expect "toContainText" with timeout 5000ms
      - waiting for locator('h2')


      116 |
      117 |     // Page should load
    > 118 |     await expect(page.locator("h2")).toContainText("Restablecer Contraseña");
          |                                      ^
      119 |   });
      120 |
      121 |   test("should display reset password form with valid token", async ({
        at C:\Dev\Zo\sass-store\tests\e2e\auth\forgot-password.spec.ts:118:38

    attachment #1: screenshot (image/png) ──────────────────────────────────────────────────────────
    ..\..\test-results\auth-forgot-password-Reset-215d8-lay-error-for-invalid-token-chromium\test-failed-1.png
    ────────────────────────────────────────────────────────────────────────────────────────────────

    attachment #2: video (video/webm) ──────────────────────────────────────────────────────────────
    ..\..\test-results\auth-forgot-password-Reset-215d8-lay-error-for-invalid-token-chromium\video.webm
    ────────────────────────────────────────────────────────────────────────────────────────────────

    Error Context: ..\..\test-results\auth-forgot-password-Reset-215d8-lay-error-for-invalid-token-chromium\error-context.md
]]>
</failure>
<system-out>
<![CDATA[
[[ATTACHMENT|auth-forgot-password-Reset-215d8-lay-error-for-invalid-token-chromium\test-failed-1.png]]

[[ATTACHMENT|auth-forgot-password-Reset-215d8-lay-error-for-invalid-token-chromium\video.webm]]

[[ATTACHMENT|auth-forgot-password-Reset-215d8-lay-error-for-invalid-token-chromium\error-context.md]]
]]>
</system-out>
</testcase>
<testcase name="Reset Password Flow › should display reset password form with valid token" classname="auth\forgot-password.spec.ts" time="7.476">
<failure message="forgot-password.spec.ts:121:7 should display reset password form with valid token" type="FAILURE">
<![CDATA[  [chromium] › auth\forgot-password.spec.ts:121:7 › Reset Password Flow › should display reset password form with valid token 

    Error: expect(locator).toContainText(expected) failed

    Locator: locator('h2')
    Expected substring: "Restablecer Contraseña"
    Timeout: 5000ms
    Error: element(s) not found

    Call log:
      - Expect "toContainText" with timeout 5000ms
      - waiting for locator('h2')


      125 |
      126 |     // Check form elements
    > 127 |     await expect(page.locator("h2")).toContainText("Restablecer Contraseña");
          |                                      ^
      128 |     await expect(page.locator('input[name="password"]')).toBeVisible();
      129 |     await expect(page.locator('input[name="confirmPassword"]')).toBeVisible();
      130 |     await expect(page.locator('button[type="submit"]')).toBeVisible();
        at C:\Dev\Zo\sass-store\tests\e2e\auth\forgot-password.spec.ts:127:38

    attachment #1: screenshot (image/png) ──────────────────────────────────────────────────────────
    ..\..\test-results\auth-forgot-password-Reset-c9a62-sword-form-with-valid-token-chromium\test-failed-1.png
    ────────────────────────────────────────────────────────────────────────────────────────────────

    attachment #2: video (video/webm) ──────────────────────────────────────────────────────────────
    ..\..\test-results\auth-forgot-password-Reset-c9a62-sword-form-with-valid-token-chromium\video.webm
    ────────────────────────────────────────────────────────────────────────────────────────────────

    Error Context: ..\..\test-results\auth-forgot-password-Reset-c9a62-sword-form-with-valid-token-chromium\error-context.md
]]>
</failure>
<system-out>
<![CDATA[
[[ATTACHMENT|auth-forgot-password-Reset-c9a62-sword-form-with-valid-token-chromium\test-failed-1.png]]

[[ATTACHMENT|auth-forgot-password-Reset-c9a62-sword-form-with-valid-token-chromium\video.webm]]

[[ATTACHMENT|auth-forgot-password-Reset-c9a62-sword-form-with-valid-token-chromium\error-context.md]]
]]>
</system-out>
</testcase>
<testcase name="Reset Password Flow › should toggle password visibility" classname="auth\forgot-password.spec.ts" time="7.385">
<failure message="forgot-password.spec.ts:133:7 should toggle password visibility" type="FAILURE">
<![CDATA[  [chromium] › auth\forgot-password.spec.ts:133:7 › Reset Password Flow › should toggle password visibility 

    Error: expect(locator).toHaveAttribute(expected) failed

    Locator: locator('input[name="password"]')
    Expected: "password"
    Timeout: 5000ms
    Error: element(s) not found

    Call log:
      - Expect "toHaveAttribute" with timeout 5000ms
      - waiting for locator('input[name="password"]')


      140 |
      141 |     // Initially should be password type
    > 142 |     await expect(passwordInput).toHaveAttribute("type", "password");
          |                                 ^
      143 |
      144 |     // Click toggle
      145 |     await toggleButton.click();
        at C:\Dev\Zo\sass-store\tests\e2e\auth\forgot-password.spec.ts:142:33

    attachment #1: screenshot (image/png) ──────────────────────────────────────────────────────────
    ..\..\test-results\auth-forgot-password-Reset-cd96a--toggle-password-visibility-chromium\test-failed-1.png
    ────────────────────────────────────────────────────────────────────────────────────────────────

    attachment #2: video (video/webm) ──────────────────────────────────────────────────────────────
    ..\..\test-results\auth-forgot-password-Reset-cd96a--toggle-password-visibility-chromium\video.webm
    ────────────────────────────────────────────────────────────────────────────────────────────────

    Error Context: ..\..\test-results\auth-forgot-password-Reset-cd96a--toggle-password-visibility-chromium\error-context.md
]]>
</failure>
<system-out>
<![CDATA[
[[ATTACHMENT|auth-forgot-password-Reset-cd96a--toggle-password-visibility-chromium\test-failed-1.png]]

[[ATTACHMENT|auth-forgot-password-Reset-cd96a--toggle-password-visibility-chromium\video.webm]]

[[ATTACHMENT|auth-forgot-password-Reset-cd96a--toggle-password-visibility-chromium\error-context.md]]
]]>
</system-out>
</testcase>
<testcase name="Reset Password Flow › should show error when passwords do not match" classname="auth\forgot-password.spec.ts" time="18.353">
<failure message="forgot-password.spec.ts:155:7 should show error when passwords do not match" type="FAILURE">
<![CDATA[  [chromium] › auth\forgot-password.spec.ts:155:7 › Reset Password Flow › should show error when passwords do not match 

    TimeoutError: locator.fill: Timeout 15000ms exceeded.
    Call log:
      - waiting for locator('input[name="password"]')


      156 |     await page.goto(`/t/wondernails/reset-password?token=${validToken}`);
      157 |
    > 158 |     await page.locator('input[name="password"]').fill("Password123!");
          |                                                  ^
      159 |     await page
      160 |       .locator('input[name="confirmPassword"]')
      161 |       .fill("DifferentPassword123!");
        at C:\Dev\Zo\sass-store\tests\e2e\auth\forgot-password.spec.ts:158:50

    attachment #1: screenshot (image/png) ──────────────────────────────────────────────────────────
    ..\..\test-results\auth-forgot-password-Reset-b63d7-when-passwords-do-not-match-chromium\test-failed-1.png
    ────────────────────────────────────────────────────────────────────────────────────────────────

    attachment #2: video (video/webm) ──────────────────────────────────────────────────────────────
    ..\..\test-results\auth-forgot-password-Reset-b63d7-when-passwords-do-not-match-chromium\video.webm
    ────────────────────────────────────────────────────────────────────────────────────────────────

    Error Context: ..\..\test-results\auth-forgot-password-Reset-b63d7-when-passwords-do-not-match-chromium\error-context.md
]]>
</failure>
<system-out>
<![CDATA[
[[ATTACHMENT|auth-forgot-password-Reset-b63d7-when-passwords-do-not-match-chromium\test-failed-1.png]]

[[ATTACHMENT|auth-forgot-password-Reset-b63d7-when-passwords-do-not-match-chromium\video.webm]]

[[ATTACHMENT|auth-forgot-password-Reset-b63d7-when-passwords-do-not-match-chromium\error-context.md]]
]]>
</system-out>
</testcase>
<testcase name="Reset Password Flow › should show error for password less than 8 characters" classname="auth\forgot-password.spec.ts" time="18.126">
<failure message="forgot-password.spec.ts:168:7 should show error for password less than 8 characters" type="FAILURE">
<![CDATA[  [chromium] › auth\forgot-password.spec.ts:168:7 › Reset Password Flow › should show error for password less than 8 characters 

    TimeoutError: locator.fill: Timeout 15000ms exceeded.
    Call log:
      - waiting for locator('input[name="password"]')


      172 |
      173 |     const shortPassword = "Pass1!";
    > 174 |     await page.locator('input[name="password"]').fill(shortPassword);
          |                                                  ^
      175 |     await page.locator('input[name="confirmPassword"]').fill(shortPassword);
      176 |     await page.locator('button[type="submit"]').click();
      177 |
        at C:\Dev\Zo\sass-store\tests\e2e\auth\forgot-password.spec.ts:174:50

    attachment #1: screenshot (image/png) ──────────────────────────────────────────────────────────
    ..\..\test-results\auth-forgot-password-Reset-0f315-word-less-than-8-characters-chromium\test-failed-1.png
    ────────────────────────────────────────────────────────────────────────────────────────────────

    attachment #2: video (video/webm) ──────────────────────────────────────────────────────────────
    ..\..\test-results\auth-forgot-password-Reset-0f315-word-less-than-8-characters-chromium\video.webm
    ────────────────────────────────────────────────────────────────────────────────────────────────

    Error Context: ..\..\test-results\auth-forgot-password-Reset-0f315-word-less-than-8-characters-chromium\error-context.md
]]>
</failure>
<system-out>
<![CDATA[
[[ATTACHMENT|auth-forgot-password-Reset-0f315-word-less-than-8-characters-chromium\test-failed-1.png]]

[[ATTACHMENT|auth-forgot-password-Reset-0f315-word-less-than-8-characters-chromium\video.webm]]

[[ATTACHMENT|auth-forgot-password-Reset-0f315-word-less-than-8-characters-chromium\error-context.md]]
]]>
</system-out>
</testcase>
<testcase name="Reset Password Flow › should show loading state when submitting" classname="auth\forgot-password.spec.ts" time="16.17">
<failure message="forgot-password.spec.ts:182:7 should show loading state when submitting" type="FAILURE">
<![CDATA[  [chromium] › auth\forgot-password.spec.ts:182:7 › Reset Password Flow › should show loading state when submitting 

    TimeoutError: locator.fill: Timeout 15000ms exceeded.
    Call log:
      - waiting for locator('input[name="password"]')


      183 |     await page.goto(`/t/wondernails/reset-password?token=${validToken}`);
      184 |
    > 185 |     await page.locator('input[name="password"]').fill(newPassword);
          |                                                  ^
      186 |     await page.locator('input[name="confirmPassword"]').fill(newPassword);
      187 |
      188 |     const submitButton = page.locator('button[type="submit"]');
        at C:\Dev\Zo\sass-store\tests\e2e\auth\forgot-password.spec.ts:185:50

    attachment #1: screenshot (image/png) ──────────────────────────────────────────────────────────
    ..\..\test-results\auth-forgot-password-Reset-6acec-ading-state-when-submitting-chromium\test-failed-1.png
    ────────────────────────────────────────────────────────────────────────────────────────────────

    attachment #2: video (video/webm) ──────────────────────────────────────────────────────────────
    ..\..\test-results\auth-forgot-password-Reset-6acec-ading-state-when-submitting-chromium\video.webm
    ────────────────────────────────────────────────────────────────────────────────────────────────

    Error Context: ..\..\test-results\auth-forgot-password-Reset-6acec-ading-state-when-submitting-chromium\error-context.md
]]>
</failure>
<system-out>
<![CDATA[
[[ATTACHMENT|auth-forgot-password-Reset-6acec-ading-state-when-submitting-chromium\test-failed-1.png]]

[[ATTACHMENT|auth-forgot-password-Reset-6acec-ading-state-when-submitting-chromium\video.webm]]

[[ATTACHMENT|auth-forgot-password-Reset-6acec-ading-state-when-submitting-chromium\error-context.md]]
]]>
</system-out>
</testcase>
<testcase name="Reset Password Flow › should navigate back to login from reset password" classname="auth\forgot-password.spec.ts" time="16.152">
<failure message="forgot-password.spec.ts:197:7 should navigate back to login from reset password" type="FAILURE">
<![CDATA[  [chromium] › auth\forgot-password.spec.ts:197:7 › Reset Password Flow › should navigate back to login from reset password 

    TimeoutError: locator.click: Timeout 15000ms exceeded.
    Call log:
      - waiting for locator('a[href*="login"]').first()


      200 |     await page.goto(`/t/wondernails/reset-password?token=${validToken}`);
      201 |
    > 202 |     await page.locator('a[href*="login"]').first().click();
          |                                                    ^
      203 |     await page.waitForURL("**/login");
      204 |
      205 |     expect(page.url()).toContain("/login");
        at C:\Dev\Zo\sass-store\tests\e2e\auth\forgot-password.spec.ts:202:52

    attachment #1: screenshot (image/png) ──────────────────────────────────────────────────────────
    ..\..\test-results\auth-forgot-password-Reset-39fa9-o-login-from-reset-password-chromium\test-failed-1.png
    ────────────────────────────────────────────────────────────────────────────────────────────────

    attachment #2: video (video/webm) ──────────────────────────────────────────────────────────────
    ..\..\test-results\auth-forgot-password-Reset-39fa9-o-login-from-reset-password-chromium\video.webm
    ────────────────────────────────────────────────────────────────────────────────────────────────

    Error Context: ..\..\test-results\auth-forgot-password-Reset-39fa9-o-login-from-reset-password-chromium\error-context.md
]]>
</failure>
<system-out>
<![CDATA[
[[ATTACHMENT|auth-forgot-password-Reset-39fa9-o-login-from-reset-password-chromium\test-failed-1.png]]

[[ATTACHMENT|auth-forgot-password-Reset-39fa9-o-login-from-reset-password-chromium\video.webm]]

[[ATTACHMENT|auth-forgot-password-Reset-39fa9-o-login-from-reset-password-chromium\error-context.md]]
]]>
</system-out>
</testcase>
<testcase name="Reset Password Flow › should have proper form accessibility" classname="auth\forgot-password.spec.ts" time="6.188">
<failure message="forgot-password.spec.ts:208:7 should have proper form accessibility" type="FAILURE">
<![CDATA[  [chromium] › auth\forgot-password.spec.ts:208:7 › Reset Password Flow › should have proper form accessibility 

    Error: expect(locator).toBeVisible() failed

    Locator: locator('label[for="password"]')
    Expected: visible
    Timeout: 5000ms
    Error: element(s) not found

    Call log:
      - Expect "toBeVisible" with timeout 5000ms
      - waiting for locator('label[for="password"]')


      213 |     const confirmLabel = page.locator('label[for="confirmPassword"]');
      214 |
    > 215 |     await expect(passwordLabel).toBeVisible();
          |                                 ^
      216 |     await expect(confirmLabel).toBeVisible();
      217 |
      218 |     // Check required attributes
        at C:\Dev\Zo\sass-store\tests\e2e\auth\forgot-password.spec.ts:215:33

    attachment #1: screenshot (image/png) ──────────────────────────────────────────────────────────
    ..\..\test-results\auth-forgot-password-Reset-23b15-e-proper-form-accessibility-chromium\test-failed-1.png
    ────────────────────────────────────────────────────────────────────────────────────────────────

    attachment #2: video (video/webm) ──────────────────────────────────────────────────────────────
    ..\..\test-results\auth-forgot-password-Reset-23b15-e-proper-form-accessibility-chromium\video.webm
    ────────────────────────────────────────────────────────────────────────────────────────────────

    Error Context: ..\..\test-results\auth-forgot-password-Reset-23b15-e-proper-form-accessibility-chromium\error-context.md
]]>
</failure>
<system-out>
<![CDATA[
[[ATTACHMENT|auth-forgot-password-Reset-23b15-e-proper-form-accessibility-chromium\test-failed-1.png]]

[[ATTACHMENT|auth-forgot-password-Reset-23b15-e-proper-form-accessibility-chromium\video.webm]]

[[ATTACHMENT|auth-forgot-password-Reset-23b15-e-proper-form-accessibility-chromium\error-context.md]]
]]>
</system-out>
</testcase>
<testcase name="Reset Password Flow › should handle keyboard navigation" classname="auth\forgot-password.spec.ts" time="6.148">
<failure message="forgot-password.spec.ts:229:7 should handle keyboard navigation" type="FAILURE">
<![CDATA[  [chromium] › auth\forgot-password.spec.ts:229:7 › Reset Password Flow › should handle keyboard navigation 

    Error: expect(locator).toBeFocused() failed

    Locator: locator('input[name="password"]')
    Expected: focused
    Timeout: 5000ms
    Error: element(s) not found

    Call log:
      - Expect "toBeFocused" with timeout 5000ms
      - waiting for locator('input[name="password"]')


      233 |     await page.keyboard.press("Tab");
      234 |     const firstInput = page.locator('input[name="password"]');
    > 235 |     await expect(firstInput).toBeFocused();
          |                              ^
      236 |
      237 |     await page.keyboard.press("Tab");
      238 |     // Should skip the toggle button or move to next input
        at C:\Dev\Zo\sass-store\tests\e2e\auth\forgot-password.spec.ts:235:30

    attachment #1: screenshot (image/png) ──────────────────────────────────────────────────────────
    ..\..\test-results\auth-forgot-password-Reset-08ef7--handle-keyboard-navigation-chromium\test-failed-1.png
    ────────────────────────────────────────────────────────────────────────────────────────────────

    attachment #2: video (video/webm) ──────────────────────────────────────────────────────────────
    ..\..\test-results\auth-forgot-password-Reset-08ef7--handle-keyboard-navigation-chromium\video.webm
    ────────────────────────────────────────────────────────────────────────────────────────────────

    Error Context: ..\..\test-results\auth-forgot-password-Reset-08ef7--handle-keyboard-navigation-chromium\error-context.md
]]>
</failure>
<system-out>
<![CDATA[
[[ATTACHMENT|auth-forgot-password-Reset-08ef7--handle-keyboard-navigation-chromium\test-failed-1.png]]

[[ATTACHMENT|auth-forgot-password-Reset-08ef7--handle-keyboard-navigation-chromium\video.webm]]

[[ATTACHMENT|auth-forgot-password-Reset-08ef7--handle-keyboard-navigation-chromium\error-context.md]]
]]>
</system-out>
</testcase>
<testcase name="Forgot Password - Multiple Tenants › should work correctly for all tenants" classname="auth\forgot-password.spec.ts" time="6.154">
<failure message="forgot-password.spec.ts:249:7 should work correctly for all tenants" type="FAILURE">
<![CDATA[  [chromium] › auth\forgot-password.spec.ts:249:7 › Forgot Password - Multiple Tenants › should work correctly for all tenants 

    Error: expect(locator).toContainText(expected) failed

    Locator: locator('h2')
    Expected substring: "Recuperar"
    Timeout: 5000ms
    Error: element(s) not found

    Call log:
      - Expect "toContainText" with timeout 5000ms
      - waiting for locator('h2')


      252 |
      253 |       // Page should load
    > 254 |       await expect(page.locator("h2")).toContainText("Recuperar");
          |                                        ^
      255 |       await expect(page.locator('input[type="email"]')).toBeVisible();
      256 |
      257 |       // Check back link is tenant-specific
        at C:\Dev\Zo\sass-store\tests\e2e\auth\forgot-password.spec.ts:254:40

    attachment #1: screenshot (image/png) ──────────────────────────────────────────────────────────
    ..\..\test-results\auth-forgot-password-Forgo-d2517-k-correctly-for-all-tenants-chromium\test-failed-1.png
    ────────────────────────────────────────────────────────────────────────────────────────────────

    attachment #2: video (video/webm) ──────────────────────────────────────────────────────────────
    ..\..\test-results\auth-forgot-password-Forgo-d2517-k-correctly-for-all-tenants-chromium\video.webm
    ────────────────────────────────────────────────────────────────────────────────────────────────

    Error Context: ..\..\test-results\auth-forgot-password-Forgo-d2517-k-correctly-for-all-tenants-chromium\error-context.md
]]>
</failure>
<system-out>
<![CDATA[
[[ATTACHMENT|auth-forgot-password-Forgo-d2517-k-correctly-for-all-tenants-chromium\test-failed-1.png]]

[[ATTACHMENT|auth-forgot-password-Forgo-d2517-k-correctly-for-all-tenants-chromium\video.webm]]

[[ATTACHMENT|auth-forgot-password-Forgo-d2517-k-correctly-for-all-tenants-chromium\error-context.md]]
]]>
</system-out>
</testcase>
<testcase name="Forgot Password - Error Handling › should handle network errors gracefully" classname="auth\forgot-password.spec.ts" time="16.532">
<failure message="forgot-password.spec.ts:265:7 should handle network errors gracefully" type="FAILURE">
<![CDATA[  [chromium] › auth\forgot-password.spec.ts:265:7 › Forgot Password - Error Handling › should handle network errors gracefully 

    TimeoutError: locator.fill: Timeout 15000ms exceeded.
    Call log:
      - waiting for locator('input[type="email"]')


      271 |     });
      272 |
    > 273 |     await page.locator('input[type="email"]').fill("test@example.com");
          |                                               ^
      274 |     await page.locator('button[type="submit"]').click();
      275 |
      276 |     // Should show error message
        at C:\Dev\Zo\sass-store\tests\e2e\auth\forgot-password.spec.ts:273:47

    attachment #1: screenshot (image/png) ──────────────────────────────────────────────────────────
    ..\..\test-results\auth-forgot-password-Forgo-07702-e-network-errors-gracefully-chromium\test-failed-1.png
    ────────────────────────────────────────────────────────────────────────────────────────────────

    attachment #2: video (video/webm) ──────────────────────────────────────────────────────────────
    ..\..\test-results\auth-forgot-password-Forgo-07702-e-network-errors-gracefully-chromium\video.webm
    ────────────────────────────────────────────────────────────────────────────────────────────────

    Error Context: ..\..\test-results\auth-forgot-password-Forgo-07702-e-network-errors-gracefully-chromium\error-context.md
]]>
</failure>
<system-out>
<![CDATA[
[[ATTACHMENT|auth-forgot-password-Forgo-07702-e-network-errors-gracefully-chromium\test-failed-1.png]]

[[ATTACHMENT|auth-forgot-password-Forgo-07702-e-network-errors-gracefully-chromium\video.webm]]

[[ATTACHMENT|auth-forgot-password-Forgo-07702-e-network-errors-gracefully-chromium\error-context.md]]
]]>
</system-out>
</testcase>
<testcase name="Forgot Password - Error Handling › should handle API error responses" classname="auth\forgot-password.spec.ts" time="18.93">
<failure message="forgot-password.spec.ts:280:7 should handle API error responses" type="FAILURE">
<![CDATA[  [chromium] › auth\forgot-password.spec.ts:280:7 › Forgot Password - Error Handling › should handle API error responses 

    TimeoutError: locator.fill: Timeout 15000ms exceeded.
    Call log:
      - waiting for locator('input[type="email"]')


      290 |     });
      291 |
    > 292 |     await page.locator('input[type="email"]').fill("test@example.com");
          |                                               ^
      293 |     await page.locator('button[type="submit"]').click();
      294 |
      295 |     // Should show error message
        at C:\Dev\Zo\sass-store\tests\e2e\auth\forgot-password.spec.ts:292:47

    attachment #1: screenshot (image/png) ──────────────────────────────────────────────────────────
    ..\..\test-results\auth-forgot-password-Forgo-a55b7--handle-API-error-responses-chromium\test-failed-1.png
    ────────────────────────────────────────────────────────────────────────────────────────────────

    attachment #2: video (video/webm) ──────────────────────────────────────────────────────────────
    ..\..\test-results\auth-forgot-password-Forgo-a55b7--handle-API-error-responses-chromium\video.webm
    ────────────────────────────────────────────────────────────────────────────────────────────────

    Error Context: ..\..\test-results\auth-forgot-password-Forgo-a55b7--handle-API-error-responses-chromium\error-context.md
]]>
</failure>
<system-out>
<![CDATA[
[[ATTACHMENT|auth-forgot-password-Forgo-a55b7--handle-API-error-responses-chromium\test-failed-1.png]]

[[ATTACHMENT|auth-forgot-password-Forgo-a55b7--handle-API-error-responses-chromium\video.webm]]

[[ATTACHMENT|auth-forgot-password-Forgo-a55b7--handle-API-error-responses-chromium\error-context.md]]
]]>
</system-out>
</testcase>
</testsuite>
<testsuite name="auth\register.spec.ts" timestamp="2025-10-29T19:08:05.826Z" hostname="chromium" tests="14" failures="14" skipped="0" time="89.952" errors="0">
<testcase name="User Registration Flow › should successfully register a new user" classname="auth\register.spec.ts" time="8.735">
<failure message="register.spec.ts:19:7 should successfully register a new user" type="FAILURE">
<![CDATA[  [chromium] › auth\register.spec.ts:19:7 › User Registration Flow › should successfully register a new user 

    Error: expect(locator).toContainText(expected) failed

    Locator: locator('h2')
    Expected substring: "Wonder Nails Studio"
    Timeout: 5000ms
    Error: element(s) not found

    Call log:
      - Expect "toContainText" with timeout 5000ms
      - waiting for locator('h2')


      13 |     // Navigate to Wonder Nails registration page
      14 |     await page.goto("/t/wondernails/register");
    > 15 |     await expect(page.locator("h2")).toContainText("Wonder Nails Studio");
         |                                      ^
      16 |     await expect(page.locator("text=Crea tu cuenta")).toBeVisible();
      17 |   });
      18 |
        at C:\Dev\Zo\sass-store\tests\e2e\auth\register.spec.ts:15:38

    attachment #1: screenshot (image/png) ──────────────────────────────────────────────────────────
    ..\..\test-results\auth-register-User-Registr-fd562-ssfully-register-a-new-user-chromium\test-failed-1.png
    ────────────────────────────────────────────────────────────────────────────────────────────────

    attachment #2: video (video/webm) ──────────────────────────────────────────────────────────────
    ..\..\test-results\auth-register-User-Registr-fd562-ssfully-register-a-new-user-chromium\video.webm
    ────────────────────────────────────────────────────────────────────────────────────────────────

    Error Context: ..\..\test-results\auth-register-User-Registr-fd562-ssfully-register-a-new-user-chromium\error-context.md
]]>
</failure>
<system-out>
<![CDATA[
[[ATTACHMENT|auth-register-User-Registr-fd562-ssfully-register-a-new-user-chromium\test-failed-1.png]]

[[ATTACHMENT|auth-register-User-Registr-fd562-ssfully-register-a-new-user-chromium\video.webm]]

[[ATTACHMENT|auth-register-User-Registr-fd562-ssfully-register-a-new-user-chromium\error-context.md]]
]]>
</system-out>
</testcase>
<testcase name="User Registration Flow › should show password visibility toggle" classname="auth\register.spec.ts" time="8.166">
<failure message="register.spec.ts:43:7 should show password visibility toggle" type="FAILURE">
<![CDATA[  [chromium] › auth\register.spec.ts:43:7 › User Registration Flow › should show password visibility toggle 

    Error: expect(locator).toContainText(expected) failed

    Locator: locator('h2')
    Expected substring: "Wonder Nails Studio"
    Timeout: 5000ms
    Error: element(s) not found

    Call log:
      - Expect "toContainText" with timeout 5000ms
      - waiting for locator('h2')


      13 |     // Navigate to Wonder Nails registration page
      14 |     await page.goto("/t/wondernails/register");
    > 15 |     await expect(page.locator("h2")).toContainText("Wonder Nails Studio");
         |                                      ^
      16 |     await expect(page.locator("text=Crea tu cuenta")).toBeVisible();
      17 |   });
      18 |
        at C:\Dev\Zo\sass-store\tests\e2e\auth\register.spec.ts:15:38

    attachment #1: screenshot (image/png) ──────────────────────────────────────────────────────────
    ..\..\test-results\auth-register-User-Registr-7d97b--password-visibility-toggle-chromium\test-failed-1.png
    ────────────────────────────────────────────────────────────────────────────────────────────────

    attachment #2: video (video/webm) ──────────────────────────────────────────────────────────────
    ..\..\test-results\auth-register-User-Registr-7d97b--password-visibility-toggle-chromium\video.webm
    ────────────────────────────────────────────────────────────────────────────────────────────────

    Error Context: ..\..\test-results\auth-register-User-Registr-7d97b--password-visibility-toggle-chromium\error-context.md
]]>
</failure>
<system-out>
<![CDATA[
[[ATTACHMENT|auth-register-User-Registr-7d97b--password-visibility-toggle-chromium\test-failed-1.png]]

[[ATTACHMENT|auth-register-User-Registr-7d97b--password-visibility-toggle-chromium\video.webm]]

[[ATTACHMENT|auth-register-User-Registr-7d97b--password-visibility-toggle-chromium\error-context.md]]
]]>
</system-out>
</testcase>
<testcase name="User Registration Flow › should validate required fields" classname="auth\register.spec.ts" time="6.085">
<failure message="register.spec.ts:62:7 should validate required fields" type="FAILURE">
<![CDATA[  [chromium] › auth\register.spec.ts:62:7 › User Registration Flow › should validate required fields 

    Error: expect(locator).toContainText(expected) failed

    Locator: locator('h2')
    Expected substring: "Wonder Nails Studio"
    Timeout: 5000ms
    Error: element(s) not found

    Call log:
      - Expect "toContainText" with timeout 5000ms
      - waiting for locator('h2')


      13 |     // Navigate to Wonder Nails registration page
      14 |     await page.goto("/t/wondernails/register");
    > 15 |     await expect(page.locator("h2")).toContainText("Wonder Nails Studio");
         |                                      ^
      16 |     await expect(page.locator("text=Crea tu cuenta")).toBeVisible();
      17 |   });
      18 |
        at C:\Dev\Zo\sass-store\tests\e2e\auth\register.spec.ts:15:38

    attachment #1: screenshot (image/png) ──────────────────────────────────────────────────────────
    ..\..\test-results\auth-register-User-Registr-f9338-ld-validate-required-fields-chromium\test-failed-1.png
    ────────────────────────────────────────────────────────────────────────────────────────────────

    attachment #2: video (video/webm) ──────────────────────────────────────────────────────────────
    ..\..\test-results\auth-register-User-Registr-f9338-ld-validate-required-fields-chromium\video.webm
    ────────────────────────────────────────────────────────────────────────────────────────────────

    Error Context: ..\..\test-results\auth-register-User-Registr-f9338-ld-validate-required-fields-chromium\error-context.md
]]>
</failure>
<system-out>
<![CDATA[
[[ATTACHMENT|auth-register-User-Registr-f9338-ld-validate-required-fields-chromium\test-failed-1.png]]

[[ATTACHMENT|auth-register-User-Registr-f9338-ld-validate-required-fields-chromium\video.webm]]

[[ATTACHMENT|auth-register-User-Registr-f9338-ld-validate-required-fields-chromium\error-context.md]]
]]>
</system-out>
</testcase>
<testcase name="User Registration Flow › should validate email format" classname="auth\register.spec.ts" time="6.038">
<failure message="register.spec.ts:77:7 should validate email format" type="FAILURE">
<![CDATA[  [chromium] › auth\register.spec.ts:77:7 › User Registration Flow › should validate email format ──

    Error: expect(locator).toContainText(expected) failed

    Locator: locator('h2')
    Expected substring: "Wonder Nails Studio"
    Timeout: 5000ms
    Error: element(s) not found

    Call log:
      - Expect "toContainText" with timeout 5000ms
      - waiting for locator('h2')


      13 |     // Navigate to Wonder Nails registration page
      14 |     await page.goto("/t/wondernails/register");
    > 15 |     await expect(page.locator("h2")).toContainText("Wonder Nails Studio");
         |                                      ^
      16 |     await expect(page.locator("text=Crea tu cuenta")).toBeVisible();
      17 |   });
      18 |
        at C:\Dev\Zo\sass-store\tests\e2e\auth\register.spec.ts:15:38

    attachment #1: screenshot (image/png) ──────────────────────────────────────────────────────────
    ..\..\test-results\auth-register-User-Registr-9a869-hould-validate-email-format-chromium\test-failed-1.png
    ────────────────────────────────────────────────────────────────────────────────────────────────

    attachment #2: video (video/webm) ──────────────────────────────────────────────────────────────
    ..\..\test-results\auth-register-User-Registr-9a869-hould-validate-email-format-chromium\video.webm
    ────────────────────────────────────────────────────────────────────────────────────────────────

    Error Context: ..\..\test-results\auth-register-User-Registr-9a869-hould-validate-email-format-chromium\error-context.md
]]>
</failure>
<system-out>
<![CDATA[
[[ATTACHMENT|auth-register-User-Registr-9a869-hould-validate-email-format-chromium\test-failed-1.png]]

[[ATTACHMENT|auth-register-User-Registr-9a869-hould-validate-email-format-chromium\video.webm]]

[[ATTACHMENT|auth-register-User-Registr-9a869-hould-validate-email-format-chromium\error-context.md]]
]]>
</system-out>
</testcase>
<testcase name="User Registration Flow › should validate password length" classname="auth\register.spec.ts" time="6.077">
<failure message="register.spec.ts:94:7 should validate password length" type="FAILURE">
<![CDATA[  [chromium] › auth\register.spec.ts:94:7 › User Registration Flow › should validate password length 

    Error: expect(locator).toContainText(expected) failed

    Locator: locator('h2')
    Expected substring: "Wonder Nails Studio"
    Timeout: 5000ms
    Error: element(s) not found

    Call log:
      - Expect "toContainText" with timeout 5000ms
      - waiting for locator('h2')


      13 |     // Navigate to Wonder Nails registration page
      14 |     await page.goto("/t/wondernails/register");
    > 15 |     await expect(page.locator("h2")).toContainText("Wonder Nails Studio");
         |                                      ^
      16 |     await expect(page.locator("text=Crea tu cuenta")).toBeVisible();
      17 |   });
      18 |
        at C:\Dev\Zo\sass-store\tests\e2e\auth\register.spec.ts:15:38

    attachment #1: screenshot (image/png) ──────────────────────────────────────────────────────────
    ..\..\test-results\auth-register-User-Registr-51594-ld-validate-password-length-chromium\test-failed-1.png
    ────────────────────────────────────────────────────────────────────────────────────────────────

    attachment #2: video (video/webm) ──────────────────────────────────────────────────────────────
    ..\..\test-results\auth-register-User-Registr-51594-ld-validate-password-length-chromium\video.webm
    ────────────────────────────────────────────────────────────────────────────────────────────────

    Error Context: ..\..\test-results\auth-register-User-Registr-51594-ld-validate-password-length-chromium\error-context.md
]]>
</failure>
<system-out>
<![CDATA[
[[ATTACHMENT|auth-register-User-Registr-51594-ld-validate-password-length-chromium\test-failed-1.png]]

[[ATTACHMENT|auth-register-User-Registr-51594-ld-validate-password-length-chromium\video.webm]]

[[ATTACHMENT|auth-register-User-Registr-51594-ld-validate-password-length-chromium\error-context.md]]
]]>
</system-out>
</testcase>
<testcase name="User Registration Flow › should validate password confirmation match" classname="auth\register.spec.ts" time="6.053">
<failure message="register.spec.ts:111:7 should validate password confirmation match" type="FAILURE">
<![CDATA[  [chromium] › auth\register.spec.ts:111:7 › User Registration Flow › should validate password confirmation match 

    Error: expect(locator).toContainText(expected) failed

    Locator: locator('h2')
    Expected substring: "Wonder Nails Studio"
    Timeout: 5000ms
    Error: element(s) not found

    Call log:
      - Expect "toContainText" with timeout 5000ms
      - waiting for locator('h2')


      13 |     // Navigate to Wonder Nails registration page
      14 |     await page.goto("/t/wondernails/register");
    > 15 |     await expect(page.locator("h2")).toContainText("Wonder Nails Studio");
         |                                      ^
      16 |     await expect(page.locator("text=Crea tu cuenta")).toBeVisible();
      17 |   });
      18 |
        at C:\Dev\Zo\sass-store\tests\e2e\auth\register.spec.ts:15:38

    attachment #1: screenshot (image/png) ──────────────────────────────────────────────────────────
    ..\..\test-results\auth-register-User-Registr-62790-password-confirmation-match-chromium\test-failed-1.png
    ────────────────────────────────────────────────────────────────────────────────────────────────

    attachment #2: video (video/webm) ──────────────────────────────────────────────────────────────
    ..\..\test-results\auth-register-User-Registr-62790-password-confirmation-match-chromium\video.webm
    ────────────────────────────────────────────────────────────────────────────────────────────────

    Error Context: ..\..\test-results\auth-register-User-Registr-62790-password-confirmation-match-chromium\error-context.md
]]>
</failure>
<system-out>
<![CDATA[
[[ATTACHMENT|auth-register-User-Registr-62790-password-confirmation-match-chromium\test-failed-1.png]]

[[ATTACHMENT|auth-register-User-Registr-62790-password-confirmation-match-chromium\video.webm]]

[[ATTACHMENT|auth-register-User-Registr-62790-password-confirmation-match-chromium\error-context.md]]
]]>
</system-out>
</testcase>
<testcase name="User Registration Flow › should require terms and conditions acceptance" classname="auth\register.spec.ts" time="6.146">
<failure message="register.spec.ts:128:7 should require terms and conditions acceptance" type="FAILURE">
<![CDATA[  [chromium] › auth\register.spec.ts:128:7 › User Registration Flow › should require terms and conditions acceptance 

    Error: expect(locator).toContainText(expected) failed

    Locator: locator('h2')
    Expected substring: "Wonder Nails Studio"
    Timeout: 5000ms
    Error: element(s) not found

    Call log:
      - Expect "toContainText" with timeout 5000ms
      - waiting for locator('h2')


      13 |     // Navigate to Wonder Nails registration page
      14 |     await page.goto("/t/wondernails/register");
    > 15 |     await expect(page.locator("h2")).toContainText("Wonder Nails Studio");
         |                                      ^
      16 |     await expect(page.locator("text=Crea tu cuenta")).toBeVisible();
      17 |   });
      18 |
        at C:\Dev\Zo\sass-store\tests\e2e\auth\register.spec.ts:15:38

    attachment #1: screenshot (image/png) ──────────────────────────────────────────────────────────
    ..\..\test-results\auth-register-User-Registr-bf019-s-and-conditions-acceptance-chromium\test-failed-1.png
    ────────────────────────────────────────────────────────────────────────────────────────────────

    attachment #2: video (video/webm) ──────────────────────────────────────────────────────────────
    ..\..\test-results\auth-register-User-Registr-bf019-s-and-conditions-acceptance-chromium\video.webm
    ────────────────────────────────────────────────────────────────────────────────────────────────

    Error Context: ..\..\test-results\auth-register-User-Registr-bf019-s-and-conditions-acceptance-chromium\error-context.md
]]>
</failure>
<system-out>
<![CDATA[
[[ATTACHMENT|auth-register-User-Registr-bf019-s-and-conditions-acceptance-chromium\test-failed-1.png]]

[[ATTACHMENT|auth-register-User-Registr-bf019-s-and-conditions-acceptance-chromium\video.webm]]

[[ATTACHMENT|auth-register-User-Registr-bf019-s-and-conditions-acceptance-chromium\error-context.md]]
]]>
</system-out>
</testcase>
<testcase name="User Registration Flow › should prevent duplicate email registration" classname="auth\register.spec.ts" time="6.148">
<failure message="register.spec.ts:143:7 should prevent duplicate email registration" type="FAILURE">
<![CDATA[  [chromium] › auth\register.spec.ts:143:7 › User Registration Flow › should prevent duplicate email registration 

    Error: expect(locator).toContainText(expected) failed

    Locator: locator('h2')
    Expected substring: "Wonder Nails Studio"
    Timeout: 5000ms
    Error: element(s) not found

    Call log:
      - Expect "toContainText" with timeout 5000ms
      - waiting for locator('h2')


      13 |     // Navigate to Wonder Nails registration page
      14 |     await page.goto("/t/wondernails/register");
    > 15 |     await expect(page.locator("h2")).toContainText("Wonder Nails Studio");
         |                                      ^
      16 |     await expect(page.locator("text=Crea tu cuenta")).toBeVisible();
      17 |   });
      18 |
        at C:\Dev\Zo\sass-store\tests\e2e\auth\register.spec.ts:15:38

    attachment #1: screenshot (image/png) ──────────────────────────────────────────────────────────
    ..\..\test-results\auth-register-User-Registr-16d7f-uplicate-email-registration-chromium\test-failed-1.png
    ────────────────────────────────────────────────────────────────────────────────────────────────

    attachment #2: video (video/webm) ──────────────────────────────────────────────────────────────
    ..\..\test-results\auth-register-User-Registr-16d7f-uplicate-email-registration-chromium\video.webm
    ────────────────────────────────────────────────────────────────────────────────────────────────

    Error Context: ..\..\test-results\auth-register-User-Registr-16d7f-uplicate-email-registration-chromium\error-context.md
]]>
</failure>
<system-out>
<![CDATA[
[[ATTACHMENT|auth-register-User-Registr-16d7f-uplicate-email-registration-chromium\test-failed-1.png]]

[[ATTACHMENT|auth-register-User-Registr-16d7f-uplicate-email-registration-chromium\video.webm]]

[[ATTACHMENT|auth-register-User-Registr-16d7f-uplicate-email-registration-chromium\error-context.md]]
]]>
</system-out>
</testcase>
<testcase name="User Registration Flow › should disable form during submission" classname="auth\register.spec.ts" time="6.052">
<failure message="register.spec.ts:174:7 should disable form during submission" type="FAILURE">
<![CDATA[  [chromium] › auth\register.spec.ts:174:7 › User Registration Flow › should disable form during submission 

    Error: expect(locator).toContainText(expected) failed

    Locator: locator('h2')
    Expected substring: "Wonder Nails Studio"
    Timeout: 5000ms
    Error: element(s) not found

    Call log:
      - Expect "toContainText" with timeout 5000ms
      - waiting for locator('h2')


      13 |     // Navigate to Wonder Nails registration page
      14 |     await page.goto("/t/wondernails/register");
    > 15 |     await expect(page.locator("h2")).toContainText("Wonder Nails Studio");
         |                                      ^
      16 |     await expect(page.locator("text=Crea tu cuenta")).toBeVisible();
      17 |   });
      18 |
        at C:\Dev\Zo\sass-store\tests\e2e\auth\register.spec.ts:15:38

    attachment #1: screenshot (image/png) ──────────────────────────────────────────────────────────
    ..\..\test-results\auth-register-User-Registr-4e973-able-form-during-submission-chromium\test-failed-1.png
    ────────────────────────────────────────────────────────────────────────────────────────────────

    attachment #2: video (video/webm) ──────────────────────────────────────────────────────────────
    ..\..\test-results\auth-register-User-Registr-4e973-able-form-during-submission-chromium\video.webm
    ────────────────────────────────────────────────────────────────────────────────────────────────

    Error Context: ..\..\test-results\auth-register-User-Registr-4e973-able-form-during-submission-chromium\error-context.md
]]>
</failure>
<system-out>
<![CDATA[
[[ATTACHMENT|auth-register-User-Registr-4e973-able-form-during-submission-chromium\test-failed-1.png]]

[[ATTACHMENT|auth-register-User-Registr-4e973-able-form-during-submission-chromium\video.webm]]

[[ATTACHMENT|auth-register-User-Registr-4e973-able-form-during-submission-chromium\error-context.md]]
]]>
</system-out>
</testcase>
<testcase name="User Registration Flow › should maintain tenant context across registration" classname="auth\register.spec.ts" time="6.037">
<failure message="register.spec.ts:197:7 should maintain tenant context across registration" type="FAILURE">
<![CDATA[  [chromium] › auth\register.spec.ts:197:7 › User Registration Flow › should maintain tenant context across registration 

    Error: expect(locator).toContainText(expected) failed

    Locator: locator('h2')
    Expected substring: "Wonder Nails Studio"
    Timeout: 5000ms
    Error: element(s) not found

    Call log:
      - Expect "toContainText" with timeout 5000ms
      - waiting for locator('h2')


      13 |     // Navigate to Wonder Nails registration page
      14 |     await page.goto("/t/wondernails/register");
    > 15 |     await expect(page.locator("h2")).toContainText("Wonder Nails Studio");
         |                                      ^
      16 |     await expect(page.locator("text=Crea tu cuenta")).toBeVisible();
      17 |   });
      18 |
        at C:\Dev\Zo\sass-store\tests\e2e\auth\register.spec.ts:15:38

    attachment #1: screenshot (image/png) ──────────────────────────────────────────────────────────
    ..\..\test-results\auth-register-User-Registr-8bb1f-context-across-registration-chromium\test-failed-1.png
    ────────────────────────────────────────────────────────────────────────────────────────────────

    attachment #2: video (video/webm) ──────────────────────────────────────────────────────────────
    ..\..\test-results\auth-register-User-Registr-8bb1f-context-across-registration-chromium\video.webm
    ────────────────────────────────────────────────────────────────────────────────────────────────

    Error Context: ..\..\test-results\auth-register-User-Registr-8bb1f-context-across-registration-chromium\error-context.md
]]>
</failure>
<system-out>
<![CDATA[
[[ATTACHMENT|auth-register-User-Registr-8bb1f-context-across-registration-chromium\test-failed-1.png]]

[[ATTACHMENT|auth-register-User-Registr-8bb1f-context-across-registration-chromium\video.webm]]

[[ATTACHMENT|auth-register-User-Registr-8bb1f-context-across-registration-chromium\error-context.md]]
]]>
</system-out>
</testcase>
<testcase name="User Registration Flow › should work across different tenants" classname="auth\register.spec.ts" time="6.049">
<failure message="register.spec.ts:218:7 should work across different tenants" type="FAILURE">
<![CDATA[  [chromium] › auth\register.spec.ts:218:7 › User Registration Flow › should work across different tenants 

    Error: expect(locator).toContainText(expected) failed

    Locator: locator('h2')
    Expected substring: "Wonder Nails Studio"
    Timeout: 5000ms
    Error: element(s) not found

    Call log:
      - Expect "toContainText" with timeout 5000ms
      - waiting for locator('h2')


      13 |     // Navigate to Wonder Nails registration page
      14 |     await page.goto("/t/wondernails/register");
    > 15 |     await expect(page.locator("h2")).toContainText("Wonder Nails Studio");
         |                                      ^
      16 |     await expect(page.locator("text=Crea tu cuenta")).toBeVisible();
      17 |   });
      18 |
        at C:\Dev\Zo\sass-store\tests\e2e\auth\register.spec.ts:15:38

    attachment #1: screenshot (image/png) ──────────────────────────────────────────────────────────
    ..\..\test-results\auth-register-User-Registr-198c7-rk-across-different-tenants-chromium\test-failed-1.png
    ────────────────────────────────────────────────────────────────────────────────────────────────

    attachment #2: video (video/webm) ──────────────────────────────────────────────────────────────
    ..\..\test-results\auth-register-User-Registr-198c7-rk-across-different-tenants-chromium\video.webm
    ────────────────────────────────────────────────────────────────────────────────────────────────

    Error Context: ..\..\test-results\auth-register-User-Registr-198c7-rk-across-different-tenants-chromium\error-context.md
]]>
</failure>
<system-out>
<![CDATA[
[[ATTACHMENT|auth-register-User-Registr-198c7-rk-across-different-tenants-chromium\test-failed-1.png]]

[[ATTACHMENT|auth-register-User-Registr-198c7-rk-across-different-tenants-chromium\video.webm]]

[[ATTACHMENT|auth-register-User-Registr-198c7-rk-across-different-tenants-chromium\error-context.md]]
]]>
</system-out>
</testcase>
<testcase name="User Registration Flow › should be accessible via keyboard navigation" classname="auth\register.spec.ts" time="6.07">
<failure message="register.spec.ts:233:7 should be accessible via keyboard navigation" type="FAILURE">
<![CDATA[  [chromium] › auth\register.spec.ts:233:7 › User Registration Flow › should be accessible via keyboard navigation 

    Error: expect(locator).toContainText(expected) failed

    Locator: locator('h2')
    Expected substring: "Wonder Nails Studio"
    Timeout: 5000ms
    Error: element(s) not found

    Call log:
      - Expect "toContainText" with timeout 5000ms
      - waiting for locator('h2')


      13 |     // Navigate to Wonder Nails registration page
      14 |     await page.goto("/t/wondernails/register");
    > 15 |     await expect(page.locator("h2")).toContainText("Wonder Nails Studio");
         |                                      ^
      16 |     await expect(page.locator("text=Crea tu cuenta")).toBeVisible();
      17 |   });
      18 |
        at C:\Dev\Zo\sass-store\tests\e2e\auth\register.spec.ts:15:38

    attachment #1: screenshot (image/png) ──────────────────────────────────────────────────────────
    ..\..\test-results\auth-register-User-Registr-5f7f0-ble-via-keyboard-navigation-chromium\test-failed-1.png
    ────────────────────────────────────────────────────────────────────────────────────────────────

    attachment #2: video (video/webm) ──────────────────────────────────────────────────────────────
    ..\..\test-results\auth-register-User-Registr-5f7f0-ble-via-keyboard-navigation-chromium\video.webm
    ────────────────────────────────────────────────────────────────────────────────────────────────

    Error Context: ..\..\test-results\auth-register-User-Registr-5f7f0-ble-via-keyboard-navigation-chromium\error-context.md
]]>
</failure>
<system-out>
<![CDATA[
[[ATTACHMENT|auth-register-User-Registr-5f7f0-ble-via-keyboard-navigation-chromium\test-failed-1.png]]

[[ATTACHMENT|auth-register-User-Registr-5f7f0-ble-via-keyboard-navigation-chromium\video.webm]]

[[ATTACHMENT|auth-register-User-Registr-5f7f0-ble-via-keyboard-navigation-chromium\error-context.md]]
]]>
</system-out>
</testcase>
<testcase name="Registration Form Accessibility › should have proper ARIA labels" classname="auth\register.spec.ts" time="6.104">
<failure message="register.spec.ts:267:7 should have proper ARIA labels" type="FAILURE">
<![CDATA[  [chromium] › auth\register.spec.ts:267:7 › Registration Form Accessibility › should have proper ARIA labels 

    Error: expect(locator).toBeVisible() failed

    Locator: locator('form').first()
    Expected: visible
    Timeout: 5000ms
    Error: element(s) not found

    Call log:
      - Expect "toBeVisible" with timeout 5000ms
      - waiting for locator('form').first()


      270 |     // Check form has proper role and labels
      271 |     const form = page.locator("form").first();
    > 272 |     await expect(form).toBeVisible();
          |                        ^
      273 |
      274 |     // All inputs should have labels
      275 |     const inputs = page.locator(
        at C:\Dev\Zo\sass-store\tests\e2e\auth\register.spec.ts:272:24

    attachment #1: screenshot (image/png) ──────────────────────────────────────────────────────────
    ..\..\test-results\auth-register-Registration-385da-uld-have-proper-ARIA-labels-chromium\test-failed-1.png
    ────────────────────────────────────────────────────────────────────────────────────────────────

    attachment #2: video (video/webm) ──────────────────────────────────────────────────────────────
    ..\..\test-results\auth-register-Registration-385da-uld-have-proper-ARIA-labels-chromium\video.webm
    ────────────────────────────────────────────────────────────────────────────────────────────────

    Error Context: ..\..\test-results\auth-register-Registration-385da-uld-have-proper-ARIA-labels-chromium\error-context.md
]]>
</failure>
<system-out>
<![CDATA[
[[ATTACHMENT|auth-register-Registration-385da-uld-have-proper-ARIA-labels-chromium\test-failed-1.png]]

[[ATTACHMENT|auth-register-Registration-385da-uld-have-proper-ARIA-labels-chromium\video.webm]]

[[ATTACHMENT|auth-register-Registration-385da-uld-have-proper-ARIA-labels-chromium\error-context.md]]
]]>
</system-out>
</testcase>
<testcase name="Registration Form Accessibility › should meet WCAG contrast requirements" classname="auth\register.spec.ts" time="6.192">
<failure message="register.spec.ts:291:7 should meet WCAG contrast requirements" type="FAILURE">
<![CDATA[  [chromium] › auth\register.spec.ts:291:7 › Registration Form Accessibility › should meet WCAG contrast requirements 

    Error: expect(locator).toBeVisible() failed

    Locator: locator('form').first()
    Expected: visible
    Timeout: 5000ms
    Error: element(s) not found

    Call log:
      - Expect "toBeVisible" with timeout 5000ms
      - waiting for locator('form').first()


      294 |     // This would typically use axe-core or similar
      295 |     // For now, we just verify the page loads
    > 296 |     await expect(page.locator("form").first()).toBeVisible();
          |                                                ^
      297 |   });
      298 | });
      299 |
        at C:\Dev\Zo\sass-store\tests\e2e\auth\register.spec.ts:296:48

    attachment #1: screenshot (image/png) ──────────────────────────────────────────────────────────
    ..\..\test-results\auth-register-Registration-ec70f--WCAG-contrast-requirements-chromium\test-failed-1.png
    ────────────────────────────────────────────────────────────────────────────────────────────────

    attachment #2: video (video/webm) ──────────────────────────────────────────────────────────────
    ..\..\test-results\auth-register-Registration-ec70f--WCAG-contrast-requirements-chromium\video.webm
    ────────────────────────────────────────────────────────────────────────────────────────────────

    Error Context: ..\..\test-results\auth-register-Registration-ec70f--WCAG-contrast-requirements-chromium\error-context.md
]]>
</failure>
<system-out>
<![CDATA[
[[ATTACHMENT|auth-register-Registration-ec70f--WCAG-contrast-requirements-chromium\test-failed-1.png]]

[[ATTACHMENT|auth-register-Registration-ec70f--WCAG-contrast-requirements-chromium\video.webm]]

[[ATTACHMENT|auth-register-Registration-ec70f--WCAG-contrast-requirements-chromium\error-context.md]]
]]>
</system-out>
</testcase>
</testsuite>
<testsuite name="booking\quick-and-recurring-booking.spec.ts" timestamp="2025-10-29T19:08:05.826Z" hostname="chromium" tests="8" failures="6" skipped="0" time="93.574" errors="0">
<testcase name="Quick Service Booking - 2 Click Budget › should book next available appointment in 2 clicks" classname="booking\quick-and-recurring-booking.spec.ts" time="6.808">
<failure message="quick-and-recurring-booking.spec.ts:10:7 should book next available appointment in 2 clicks" type="FAILURE">
<![CDATA[  [chromium] › booking\quick-and-recurring-booking.spec.ts:10:7 › Quick Service Booking - 2 Click Budget › should book next available appointment in 2 clicks 

    Error: expect(locator).toBeVisible() failed

    Locator: locator('[data-testid="service-card"]').first()
    Expected: visible
    Timeout: 5000ms
    Error: element(s) not found

    Call log:
      - Expect "toBeVisible" with timeout 5000ms
      - waiting for locator('[data-testid="service-card"]').first()


      22 |     // Verify service details loaded
      23 |     const serviceCard = page.locator('[data-testid="service-card"]').first();
    > 24 |     await expect(serviceCard).toBeVisible();
         |                               ^
      25 |
      26 |     const nextAvailableSlot = page.locator('[data-testid="next-available-slot"], button:has-text("Next Available")');
      27 |
        at C:\Dev\Zo\sass-store\tests\e2e\booking\quick-and-recurring-booking.spec.ts:24:31

    attachment #1: screenshot (image/png) ──────────────────────────────────────────────────────────
    ..\..\test-results\booking-quick-and-recurrin-e1f4a-ble-appointment-in-2-clicks-chromium\test-failed-1.png
    ────────────────────────────────────────────────────────────────────────────────────────────────

    attachment #2: video (video/webm) ──────────────────────────────────────────────────────────────
    ..\..\test-results\booking-quick-and-recurrin-e1f4a-ble-appointment-in-2-clicks-chromium\video.webm
    ────────────────────────────────────────────────────────────────────────────────────────────────

    Error Context: ..\..\test-results\booking-quick-and-recurrin-e1f4a-ble-appointment-in-2-clicks-chromium\error-context.md
]]>
</failure>
<system-out>
<![CDATA[
[[ATTACHMENT|booking-quick-and-recurrin-e1f4a-ble-appointment-in-2-clicks-chromium\test-failed-1.png]]

[[ATTACHMENT|booking-quick-and-recurrin-e1f4a-ble-appointment-in-2-clicks-chromium\video.webm]]

[[ATTACHMENT|booking-quick-and-recurrin-e1f4a-ble-appointment-in-2-clicks-chromium\error-context.md]]
]]>
</system-out>
</testcase>
<testcase name="Quick Service Booking - 2 Click Budget › should show next available time across all staff" classname="booking\quick-and-recurring-booking.spec.ts" time="16.769">
<failure message="quick-and-recurring-booking.spec.ts:78:7 should show next available time across all staff" type="FAILURE">
<![CDATA[  [chromium] › booking\quick-and-recurring-booking.spec.ts:78:7 › Quick Service Booking - 2 Click Budget › should show next available time across all staff 

    TimeoutError: locator.click: Timeout 15000ms exceeded.
    Call log:
      - waiting for locator('[data-testid="service-card"]').first()


      80 |
      81 |     const serviceCard = page.locator('[data-testid="service-card"]').first();
    > 82 |     await serviceCard.click();
         |                       ^
      83 |
      84 |     const nextAvailableBtn = page.locator('[data-testid="book-next-available"], [data-testid="next-available-slot"]');
      85 |
        at C:\Dev\Zo\sass-store\tests\e2e\booking\quick-and-recurring-booking.spec.ts:82:23

    attachment #1: screenshot (image/png) ──────────────────────────────────────────────────────────
    ..\..\test-results\booking-quick-and-recurrin-a096e-lable-time-across-all-staff-chromium\test-failed-1.png
    ────────────────────────────────────────────────────────────────────────────────────────────────

    attachment #2: video (video/webm) ──────────────────────────────────────────────────────────────
    ..\..\test-results\booking-quick-and-recurrin-a096e-lable-time-across-all-staff-chromium\video.webm
    ────────────────────────────────────────────────────────────────────────────────────────────────

    Error Context: ..\..\test-results\booking-quick-and-recurrin-a096e-lable-time-across-all-staff-chromium\error-context.md
]]>
</failure>
<system-out>
<![CDATA[
[[ATTACHMENT|booking-quick-and-recurrin-a096e-lable-time-across-all-staff-chromium\test-failed-1.png]]

[[ATTACHMENT|booking-quick-and-recurrin-a096e-lable-time-across-all-staff-chromium\video.webm]]

[[ATTACHMENT|booking-quick-and-recurrin-a096e-lable-time-across-all-staff-chromium\error-context.md]]
]]>
</system-out>
</testcase>
<testcase name="Quick Service Booking - 2 Click Budget › should pre-fill customer data for logged-in users" classname="booking\quick-and-recurring-booking.spec.ts" time="16.803">
<failure message="quick-and-recurring-booking.spec.ts:104:7 should pre-fill customer data for logged-in users" type="FAILURE">
<![CDATA[  [chromium] › booking\quick-and-recurring-booking.spec.ts:104:7 › Quick Service Booking - 2 Click Budget › should pre-fill customer data for logged-in users 

    TimeoutError: locator.click: Timeout 15000ms exceeded.
    Call log:
      - waiting for locator('[data-testid="service-card"]').first()


      107 |
      108 |     const serviceCard = page.locator('[data-testid="service-card"]').first();
    > 109 |     await serviceCard.click();
          |                       ^
      110 |
      111 |     const bookButton = page.locator('[data-testid="book-service-btn"], button:has-text("Book")');
      112 |     if (await bookButton.isVisible()) {
        at C:\Dev\Zo\sass-store\tests\e2e\booking\quick-and-recurring-booking.spec.ts:109:23

    attachment #1: screenshot (image/png) ──────────────────────────────────────────────────────────
    ..\..\test-results\booking-quick-and-recurrin-02919-er-data-for-logged-in-users-chromium\test-failed-1.png
    ────────────────────────────────────────────────────────────────────────────────────────────────

    attachment #2: video (video/webm) ──────────────────────────────────────────────────────────────
    ..\..\test-results\booking-quick-and-recurrin-02919-er-data-for-logged-in-users-chromium\video.webm
    ────────────────────────────────────────────────────────────────────────────────────────────────

    Error Context: ..\..\test-results\booking-quick-and-recurrin-02919-er-data-for-logged-in-users-chromium\error-context.md
]]>
</failure>
<system-out>
<![CDATA[
[[ATTACHMENT|booking-quick-and-recurrin-02919-er-data-for-logged-in-users-chromium\test-failed-1.png]]

[[ATTACHMENT|booking-quick-and-recurrin-02919-er-data-for-logged-in-users-chromium\video.webm]]

[[ATTACHMENT|booking-quick-and-recurrin-02919-er-data-for-logged-in-users-chromium\error-context.md]]
]]>
</system-out>
</testcase>
<testcase name="Recurring Service Booking - 2 Click Budget › should set up recurring appointment in 2 clicks" classname="booking\quick-and-recurring-booking.spec.ts" time="1.329">
</testcase>
<testcase name="Recurring Service Booking - 2 Click Budget › should allow selecting recurring frequency" classname="booking\quick-and-recurring-booking.spec.ts" time="17.099">
<failure message="quick-and-recurring-booking.spec.ts:197:7 should allow selecting recurring frequency" type="FAILURE">
<![CDATA[  [chromium] › booking\quick-and-recurring-booking.spec.ts:197:7 › Recurring Service Booking - 2 Click Budget › should allow selecting recurring frequency 

    TimeoutError: locator.click: Timeout 15000ms exceeded.
    Call log:
      - waiting for locator('[data-testid="service-card"]').first()


      199 |
      200 |     const serviceCard = page.locator('[data-testid="service-card"]').first();
    > 201 |     await serviceCard.click();
          |                       ^
      202 |
      203 |     const recurringCheckbox = page.locator('[data-testid="recurring-booking"], input[name="recurring"]');
      204 |     if (await recurringCheckbox.isVisible()) {
        at C:\Dev\Zo\sass-store\tests\e2e\booking\quick-and-recurring-booking.spec.ts:201:23

    attachment #1: screenshot (image/png) ──────────────────────────────────────────────────────────
    ..\..\test-results\booking-quick-and-recurrin-4e72c-lecting-recurring-frequency-chromium\test-failed-1.png
    ────────────────────────────────────────────────────────────────────────────────────────────────

    attachment #2: video (video/webm) ──────────────────────────────────────────────────────────────
    ..\..\test-results\booking-quick-and-recurrin-4e72c-lecting-recurring-frequency-chromium\video.webm
    ────────────────────────────────────────────────────────────────────────────────────────────────

    Error Context: ..\..\test-results\booking-quick-and-recurrin-4e72c-lecting-recurring-frequency-chromium\error-context.md
]]>
</failure>
<system-out>
<![CDATA[
[[ATTACHMENT|booking-quick-and-recurrin-4e72c-lecting-recurring-frequency-chromium\test-failed-1.png]]

[[ATTACHMENT|booking-quick-and-recurrin-4e72c-lecting-recurring-frequency-chromium\video.webm]]

[[ATTACHMENT|booking-quick-and-recurrin-4e72c-lecting-recurring-frequency-chromium\error-context.md]]
]]>
</system-out>
</testcase>
<testcase name="Recurring Service Booking - 2 Click Budget › should display recurring booking cost summary" classname="booking\quick-and-recurring-booking.spec.ts" time="17.047">
<failure message="quick-and-recurring-booking.spec.ts:219:7 should display recurring booking cost summary" type="FAILURE">
<![CDATA[  [chromium] › booking\quick-and-recurring-booking.spec.ts:219:7 › Recurring Service Booking - 2 Click Budget › should display recurring booking cost summary 

    TimeoutError: locator.click: Timeout 15000ms exceeded.
    Call log:
      - waiting for locator('[data-testid="service-card"]').first()


      221 |
      222 |     const serviceCard = page.locator('[data-testid="service-card"]').first();
    > 223 |     await serviceCard.click();
          |                       ^
      224 |
      225 |     const basePrice = page.locator('[data-testid="service-price"]');
      226 |     const basePriceText = await basePrice.textContent();
        at C:\Dev\Zo\sass-store\tests\e2e\booking\quick-and-recurring-booking.spec.ts:223:23

    attachment #1: screenshot (image/png) ──────────────────────────────────────────────────────────
    ..\..\test-results\booking-quick-and-recurrin-7cc52-urring-booking-cost-summary-chromium\test-failed-1.png
    ────────────────────────────────────────────────────────────────────────────────────────────────

    attachment #2: video (video/webm) ──────────────────────────────────────────────────────────────
    ..\..\test-results\booking-quick-and-recurrin-7cc52-urring-booking-cost-summary-chromium\video.webm
    ────────────────────────────────────────────────────────────────────────────────────────────────

    Error Context: ..\..\test-results\booking-quick-and-recurrin-7cc52-urring-booking-cost-summary-chromium\error-context.md
]]>
</failure>
<system-out>
<![CDATA[
[[ATTACHMENT|booking-quick-and-recurrin-7cc52-urring-booking-cost-summary-chromium\test-failed-1.png]]

[[ATTACHMENT|booking-quick-and-recurrin-7cc52-urring-booking-cost-summary-chromium\video.webm]]

[[ATTACHMENT|booking-quick-and-recurrin-7cc52-urring-booking-cost-summary-chromium\error-context.md]]
]]>
</system-out>
</testcase>
<testcase name="Recurring Service Booking - 2 Click Budget › should allow pausing or canceling recurring bookings" classname="booking\quick-and-recurring-booking.spec.ts" time="0.772">
</testcase>
<testcase name="Recurring Service Booking - 2 Click Budget › should remember customer preferred time and staff" classname="booking\quick-and-recurring-booking.spec.ts" time="16.947">
<failure message="quick-and-recurring-booking.spec.ts:269:7 should remember customer preferred time and staff" type="FAILURE">
<![CDATA[  [chromium] › booking\quick-and-recurring-booking.spec.ts:269:7 › Recurring Service Booking - 2 Click Budget › should remember customer preferred time and staff 

    TimeoutError: locator.click: Timeout 15000ms exceeded.
    Call log:
      - waiting for locator('[data-testid="service-card"]').first()


      271 |
      272 |     const serviceCard = page.locator('[data-testid="service-card"]').first();
    > 273 |     await serviceCard.click();
          |                       ^
      274 |
      275 |     const recurringOption = page.locator('[data-testid="setup-recurring-booking"]');
      276 |     if (await recurringOption.isVisible()) {
        at C:\Dev\Zo\sass-store\tests\e2e\booking\quick-and-recurring-booking.spec.ts:273:23

    attachment #1: screenshot (image/png) ──────────────────────────────────────────────────────────
    ..\..\test-results\booking-quick-and-recurrin-42126-er-preferred-time-and-staff-chromium\test-failed-1.png
    ────────────────────────────────────────────────────────────────────────────────────────────────

    attachment #2: video (video/webm) ──────────────────────────────────────────────────────────────
    ..\..\test-results\booking-quick-and-recurrin-42126-er-preferred-time-and-staff-chromium\video.webm
    ────────────────────────────────────────────────────────────────────────────────────────────────

    Error Context: ..\..\test-results\booking-quick-and-recurrin-42126-er-preferred-time-and-staff-chromium\error-context.md
]]>
</failure>
<system-out>
<![CDATA[
[[ATTACHMENT|booking-quick-and-recurrin-42126-er-preferred-time-and-staff-chromium\test-failed-1.png]]

[[ATTACHMENT|booking-quick-and-recurrin-42126-er-preferred-time-and-staff-chromium\video.webm]]

[[ATTACHMENT|booking-quick-and-recurrin-42126-er-preferred-time-and-staff-chromium\error-context.md]]
]]>
</system-out>
</testcase>
</testsuite>
<testsuite name="carousel\wondernails-carousel.spec.ts" timestamp="2025-10-29T19:08:05.826Z" hostname="chromium" tests="13" failures="13" skipped="0" time="230.707" errors="0">
<testcase name="Wondernails Carousel Hero Section › should display the carousel container with correct structure" classname="carousel\wondernails-carousel.spec.ts" time="17.046">
<failure message="wondernails-carousel.spec.ts:12:7 should display the carousel container with correct structure" type="FAILURE">
<![CDATA[  [chromium] › carousel\wondernails-carousel.spec.ts:12:7 › Wondernails Carousel Hero Section › should display the carousel container with correct structure 

    TimeoutError: page.waitForSelector: Timeout 15000ms exceeded.
    Call log:
      - waiting for locator('[data-testid="carousel-container"]') to be visible


       7 |     await page.goto(WONDERNAILS_URL);
       8 |     // Wait for the carousel to be fully loaded
    >  9 |     await page.waitForSelector('[data-testid="carousel-container"]');
         |                ^
      10 |   });
      11 |
      12 |   test("should display the carousel container with correct structure", async ({
        at C:\Dev\Zo\sass-store\tests\e2e\carousel\wondernails-carousel.spec.ts:9:16

    attachment #1: screenshot (image/png) ──────────────────────────────────────────────────────────
    ..\..\test-results\carousel-wondernails-carou-1b413-iner-with-correct-structure-chromium\test-failed-1.png
    ────────────────────────────────────────────────────────────────────────────────────────────────

    attachment #2: video (video/webm) ──────────────────────────────────────────────────────────────
    ..\..\test-results\carousel-wondernails-carou-1b413-iner-with-correct-structure-chromium\video.webm
    ────────────────────────────────────────────────────────────────────────────────────────────────

    Error Context: ..\..\test-results\carousel-wondernails-carou-1b413-iner-with-correct-structure-chromium\error-context.md
]]>
</failure>
<system-out>
<![CDATA[
[[ATTACHMENT|carousel-wondernails-carou-1b413-iner-with-correct-structure-chromium\test-failed-1.png]]

[[ATTACHMENT|carousel-wondernails-carou-1b413-iner-with-correct-structure-chromium\video.webm]]

[[ATTACHMENT|carousel-wondernails-carou-1b413-iner-with-correct-structure-chromium\error-context.md]]
]]>
</system-out>
</testcase>
<testcase name="Wondernails Carousel Hero Section › should display the active slide correctly by default" classname="carousel\wondernails-carousel.spec.ts" time="17.187">
<failure message="wondernails-carousel.spec.ts:28:7 should display the active slide correctly by default" type="FAILURE">
<![CDATA[  [chromium] › carousel\wondernails-carousel.spec.ts:28:7 › Wondernails Carousel Hero Section › should display the active slide correctly by default 

    TimeoutError: page.waitForSelector: Timeout 15000ms exceeded.
    Call log:
      - waiting for locator('[data-testid="carousel-container"]') to be visible


       7 |     await page.goto(WONDERNAILS_URL);
       8 |     // Wait for the carousel to be fully loaded
    >  9 |     await page.waitForSelector('[data-testid="carousel-container"]');
         |                ^
      10 |   });
      11 |
      12 |   test("should display the carousel container with correct structure", async ({
        at C:\Dev\Zo\sass-store\tests\e2e\carousel\wondernails-carousel.spec.ts:9:16

    attachment #1: screenshot (image/png) ──────────────────────────────────────────────────────────
    ..\..\test-results\carousel-wondernails-carou-5de36--slide-correctly-by-default-chromium\test-failed-1.png
    ────────────────────────────────────────────────────────────────────────────────────────────────

    attachment #2: video (video/webm) ──────────────────────────────────────────────────────────────
    ..\..\test-results\carousel-wondernails-carou-5de36--slide-correctly-by-default-chromium\video.webm
    ────────────────────────────────────────────────────────────────────────────────────────────────

    Error Context: ..\..\test-results\carousel-wondernails-carou-5de36--slide-correctly-by-default-chromium\error-context.md
]]>
</failure>
<system-out>
<![CDATA[
[[ATTACHMENT|carousel-wondernails-carou-5de36--slide-correctly-by-default-chromium\test-failed-1.png]]

[[ATTACHMENT|carousel-wondernails-carou-5de36--slide-correctly-by-default-chromium\video.webm]]

[[ATTACHMENT|carousel-wondernails-carou-5de36--slide-correctly-by-default-chromium\error-context.md]]
]]>
</system-out>
</testcase>
<testcase name="Wondernails Carousel Hero Section › should navigate to next slide when next button is clicked" classname="carousel\wondernails-carousel.spec.ts" time="17.062">
<failure message="wondernails-carousel.spec.ts:44:7 should navigate to next slide when next button is clicked" type="FAILURE">
<![CDATA[  [chromium] › carousel\wondernails-carousel.spec.ts:44:7 › Wondernails Carousel Hero Section › should navigate to next slide when next button is clicked 

    TimeoutError: page.waitForSelector: Timeout 15000ms exceeded.
    Call log:
      - waiting for locator('[data-testid="carousel-container"]') to be visible


       7 |     await page.goto(WONDERNAILS_URL);
       8 |     // Wait for the carousel to be fully loaded
    >  9 |     await page.waitForSelector('[data-testid="carousel-container"]');
         |                ^
      10 |   });
      11 |
      12 |   test("should display the carousel container with correct structure", async ({
        at C:\Dev\Zo\sass-store\tests\e2e\carousel\wondernails-carousel.spec.ts:9:16

    attachment #1: screenshot (image/png) ──────────────────────────────────────────────────────────
    ..\..\test-results\carousel-wondernails-carou-e47ba-when-next-button-is-clicked-chromium\test-failed-1.png
    ────────────────────────────────────────────────────────────────────────────────────────────────

    attachment #2: video (video/webm) ──────────────────────────────────────────────────────────────
    ..\..\test-results\carousel-wondernails-carou-e47ba-when-next-button-is-clicked-chromium\video.webm
    ────────────────────────────────────────────────────────────────────────────────────────────────

    Error Context: ..\..\test-results\carousel-wondernails-carou-e47ba-when-next-button-is-clicked-chromium\error-context.md
]]>
</failure>
<system-out>
<![CDATA[
[[ATTACHMENT|carousel-wondernails-carou-e47ba-when-next-button-is-clicked-chromium\test-failed-1.png]]

[[ATTACHMENT|carousel-wondernails-carou-e47ba-when-next-button-is-clicked-chromium\video.webm]]

[[ATTACHMENT|carousel-wondernails-carou-e47ba-when-next-button-is-clicked-chromium\error-context.md]]
]]>
</system-out>
</testcase>
<testcase name="Wondernails Carousel Hero Section › should navigate to previous slide when prev button is clicked" classname="carousel\wondernails-carousel.spec.ts" time="16.934">
<failure message="wondernails-carousel.spec.ts:73:7 should navigate to previous slide when prev button is clicked" type="FAILURE">
<![CDATA[  [chromium] › carousel\wondernails-carousel.spec.ts:73:7 › Wondernails Carousel Hero Section › should navigate to previous slide when prev button is clicked 

    TimeoutError: page.waitForSelector: Timeout 15000ms exceeded.
    Call log:
      - waiting for locator('[data-testid="carousel-container"]') to be visible


       7 |     await page.goto(WONDERNAILS_URL);
       8 |     // Wait for the carousel to be fully loaded
    >  9 |     await page.waitForSelector('[data-testid="carousel-container"]');
         |                ^
      10 |   });
      11 |
      12 |   test("should display the carousel container with correct structure", async ({
        at C:\Dev\Zo\sass-store\tests\e2e\carousel\wondernails-carousel.spec.ts:9:16

    attachment #1: screenshot (image/png) ──────────────────────────────────────────────────────────
    ..\..\test-results\carousel-wondernails-carou-ec2c6-when-prev-button-is-clicked-chromium\test-failed-1.png
    ────────────────────────────────────────────────────────────────────────────────────────────────

    attachment #2: video (video/webm) ──────────────────────────────────────────────────────────────
    ..\..\test-results\carousel-wondernails-carou-ec2c6-when-prev-button-is-clicked-chromium\video.webm
    ────────────────────────────────────────────────────────────────────────────────────────────────

    Error Context: ..\..\test-results\carousel-wondernails-carou-ec2c6-when-prev-button-is-clicked-chromium\error-context.md
]]>
</failure>
<system-out>
<![CDATA[
[[ATTACHMENT|carousel-wondernails-carou-ec2c6-when-prev-button-is-clicked-chromium\test-failed-1.png]]

[[ATTACHMENT|carousel-wondernails-carou-ec2c6-when-prev-button-is-clicked-chromium\video.webm]]

[[ATTACHMENT|carousel-wondernails-carou-ec2c6-when-prev-button-is-clicked-chromium\error-context.md]]
]]>
</system-out>
</testcase>
<testcase name="Wondernails Carousel Hero Section › should show detail view when see more button is clicked" classname="carousel\wondernails-carousel.spec.ts" time="16.973">
<failure message="wondernails-carousel.spec.ts:102:7 should show detail view when see more button is clicked" type="FAILURE">
<![CDATA[  [chromium] › carousel\wondernails-carousel.spec.ts:102:7 › Wondernails Carousel Hero Section › should show detail view when see more button is clicked 

    TimeoutError: page.waitForSelector: Timeout 15000ms exceeded.
    Call log:
      - waiting for locator('[data-testid="carousel-container"]') to be visible


       7 |     await page.goto(WONDERNAILS_URL);
       8 |     // Wait for the carousel to be fully loaded
    >  9 |     await page.waitForSelector('[data-testid="carousel-container"]');
         |                ^
      10 |   });
      11 |
      12 |   test("should display the carousel container with correct structure", async ({
        at C:\Dev\Zo\sass-store\tests\e2e\carousel\wondernails-carousel.spec.ts:9:16

    attachment #1: screenshot (image/png) ──────────────────────────────────────────────────────────
    ..\..\test-results\carousel-wondernails-carou-57677--see-more-button-is-clicked-chromium\test-failed-1.png
    ────────────────────────────────────────────────────────────────────────────────────────────────

    attachment #2: video (video/webm) ──────────────────────────────────────────────────────────────
    ..\..\test-results\carousel-wondernails-carou-57677--see-more-button-is-clicked-chromium\video.webm
    ────────────────────────────────────────────────────────────────────────────────────────────────

    Error Context: ..\..\test-results\carousel-wondernails-carou-57677--see-more-button-is-clicked-chromium\error-context.md
]]>
</failure>
<system-out>
<![CDATA[
[[ATTACHMENT|carousel-wondernails-carou-57677--see-more-button-is-clicked-chromium\test-failed-1.png]]

[[ATTACHMENT|carousel-wondernails-carou-57677--see-more-button-is-clicked-chromium\video.webm]]

[[ATTACHMENT|carousel-wondernails-carou-57677--see-more-button-is-clicked-chromium\error-context.md]]
]]>
</system-out>
</testcase>
<testcase name="Wondernails Carousel Hero Section › should return to carousel view when back button is clicked" classname="carousel\wondernails-carousel.spec.ts" time="18.114">
<failure message="wondernails-carousel.spec.ts:135:7 should return to carousel view when back button is clicked" type="FAILURE">
<![CDATA[  [chromium] › carousel\wondernails-carousel.spec.ts:135:7 › Wondernails Carousel Hero Section › should return to carousel view when back button is clicked 

    TimeoutError: page.waitForSelector: Timeout 15000ms exceeded.
    Call log:
      - waiting for locator('[data-testid="carousel-container"]') to be visible


       7 |     await page.goto(WONDERNAILS_URL);
       8 |     // Wait for the carousel to be fully loaded
    >  9 |     await page.waitForSelector('[data-testid="carousel-container"]');
         |                ^
      10 |   });
      11 |
      12 |   test("should display the carousel container with correct structure", async ({
        at C:\Dev\Zo\sass-store\tests\e2e\carousel\wondernails-carousel.spec.ts:9:16

    attachment #1: screenshot (image/png) ──────────────────────────────────────────────────────────
    ..\..\test-results\carousel-wondernails-carou-c9679-when-back-button-is-clicked-chromium\test-failed-1.png
    ────────────────────────────────────────────────────────────────────────────────────────────────

    attachment #2: video (video/webm) ──────────────────────────────────────────────────────────────
    ..\..\test-results\carousel-wondernails-carou-c9679-when-back-button-is-clicked-chromium\video.webm
    ────────────────────────────────────────────────────────────────────────────────────────────────

    Error Context: ..\..\test-results\carousel-wondernails-carou-c9679-when-back-button-is-clicked-chromium\error-context.md
]]>
</failure>
<system-out>
<![CDATA[
[[ATTACHMENT|carousel-wondernails-carou-c9679-when-back-button-is-clicked-chromium\test-failed-1.png]]

[[ATTACHMENT|carousel-wondernails-carou-c9679-when-back-button-is-clicked-chromium\video.webm]]

[[ATTACHMENT|carousel-wondernails-carou-c9679-when-back-button-is-clicked-chromium\error-context.md]]
]]>
</system-out>
</testcase>
<testcase name="Wondernails Carousel Hero Section › should display slide content correctly" classname="carousel\wondernails-carousel.spec.ts" time="18.165">
<failure message="wondernails-carousel.spec.ts:166:7 should display slide content correctly" type="FAILURE">
<![CDATA[  [chromium] › carousel\wondernails-carousel.spec.ts:166:7 › Wondernails Carousel Hero Section › should display slide content correctly 

    TimeoutError: page.waitForSelector: Timeout 15000ms exceeded.
    Call log:
      - waiting for locator('[data-testid="carousel-container"]') to be visible


       7 |     await page.goto(WONDERNAILS_URL);
       8 |     // Wait for the carousel to be fully loaded
    >  9 |     await page.waitForSelector('[data-testid="carousel-container"]');
         |                ^
      10 |   });
      11 |
      12 |   test("should display the carousel container with correct structure", async ({
        at C:\Dev\Zo\sass-store\tests\e2e\carousel\wondernails-carousel.spec.ts:9:16

    attachment #1: screenshot (image/png) ──────────────────────────────────────────────────────────
    ..\..\test-results\carousel-wondernails-carou-5a659-lay-slide-content-correctly-chromium\test-failed-1.png
    ────────────────────────────────────────────────────────────────────────────────────────────────

    attachment #2: video (video/webm) ──────────────────────────────────────────────────────────────
    ..\..\test-results\carousel-wondernails-carou-5a659-lay-slide-content-correctly-chromium\video.webm
    ────────────────────────────────────────────────────────────────────────────────────────────────

    Error Context: ..\..\test-results\carousel-wondernails-carou-5a659-lay-slide-content-correctly-chromium\error-context.md
]]>
</failure>
<system-out>
<![CDATA[
[[ATTACHMENT|carousel-wondernails-carou-5a659-lay-slide-content-correctly-chromium\test-failed-1.png]]

[[ATTACHMENT|carousel-wondernails-carou-5a659-lay-slide-content-correctly-chromium\video.webm]]

[[ATTACHMENT|carousel-wondernails-carou-5a659-lay-slide-content-correctly-chromium\error-context.md]]
]]>
</system-out>
</testcase>
<testcase name="Wondernails Carousel Hero Section › should have proper keyboard navigation support" classname="carousel\wondernails-carousel.spec.ts" time="18.098">
<failure message="wondernails-carousel.spec.ts:194:7 should have proper keyboard navigation support" type="FAILURE">
<![CDATA[  [chromium] › carousel\wondernails-carousel.spec.ts:194:7 › Wondernails Carousel Hero Section › should have proper keyboard navigation support 

    TimeoutError: page.waitForSelector: Timeout 15000ms exceeded.
    Call log:
      - waiting for locator('[data-testid="carousel-container"]') to be visible


       7 |     await page.goto(WONDERNAILS_URL);
       8 |     // Wait for the carousel to be fully loaded
    >  9 |     await page.waitForSelector('[data-testid="carousel-container"]');
         |                ^
      10 |   });
      11 |
      12 |   test("should display the carousel container with correct structure", async ({
        at C:\Dev\Zo\sass-store\tests\e2e\carousel\wondernails-carousel.spec.ts:9:16

    attachment #1: screenshot (image/png) ──────────────────────────────────────────────────────────
    ..\..\test-results\carousel-wondernails-carou-c616d-keyboard-navigation-support-chromium\test-failed-1.png
    ────────────────────────────────────────────────────────────────────────────────────────────────

    attachment #2: video (video/webm) ──────────────────────────────────────────────────────────────
    ..\..\test-results\carousel-wondernails-carou-c616d-keyboard-navigation-support-chromium\video.webm
    ────────────────────────────────────────────────────────────────────────────────────────────────

    Error Context: ..\..\test-results\carousel-wondernails-carou-c616d-keyboard-navigation-support-chromium\error-context.md
]]>
</failure>
<system-out>
<![CDATA[
[[ATTACHMENT|carousel-wondernails-carou-c616d-keyboard-navigation-support-chromium\test-failed-1.png]]

[[ATTACHMENT|carousel-wondernails-carou-c616d-keyboard-navigation-support-chromium\video.webm]]

[[ATTACHMENT|carousel-wondernails-carou-c616d-keyboard-navigation-support-chromium\error-context.md]]
]]>
</system-out>
</testcase>
<testcase name="Wondernails Carousel Hero Section › should have proper ARIA attributes for accessibility" classname="carousel\wondernails-carousel.spec.ts" time="17.902">
<failure message="wondernails-carousel.spec.ts:227:7 should have proper ARIA attributes for accessibility" type="FAILURE">
<![CDATA[  [chromium] › carousel\wondernails-carousel.spec.ts:227:7 › Wondernails Carousel Hero Section › should have proper ARIA attributes for accessibility 

    TimeoutError: page.waitForSelector: Timeout 15000ms exceeded.
    Call log:
      - waiting for locator('[data-testid="carousel-container"]') to be visible


       7 |     await page.goto(WONDERNAILS_URL);
       8 |     // Wait for the carousel to be fully loaded
    >  9 |     await page.waitForSelector('[data-testid="carousel-container"]');
         |                ^
      10 |   });
      11 |
      12 |   test("should display the carousel container with correct structure", async ({
        at C:\Dev\Zo\sass-store\tests\e2e\carousel\wondernails-carousel.spec.ts:9:16

    attachment #1: screenshot (image/png) ──────────────────────────────────────────────────────────
    ..\..\test-results\carousel-wondernails-carou-7387e-ttributes-for-accessibility-chromium\test-failed-1.png
    ────────────────────────────────────────────────────────────────────────────────────────────────

    attachment #2: video (video/webm) ──────────────────────────────────────────────────────────────
    ..\..\test-results\carousel-wondernails-carou-7387e-ttributes-for-accessibility-chromium\video.webm
    ────────────────────────────────────────────────────────────────────────────────────────────────

    Error Context: ..\..\test-results\carousel-wondernails-carou-7387e-ttributes-for-accessibility-chromium\error-context.md
]]>
</failure>
<system-out>
<![CDATA[
[[ATTACHMENT|carousel-wondernails-carou-7387e-ttributes-for-accessibility-chromium\test-failed-1.png]]

[[ATTACHMENT|carousel-wondernails-carou-7387e-ttributes-for-accessibility-chromium\video.webm]]

[[ATTACHMENT|carousel-wondernails-carou-7387e-ttributes-for-accessibility-chromium\error-context.md]]
]]>
</system-out>
</testcase>
<testcase name="Wondernails Carousel Hero Section › should be responsive on mobile devices" classname="carousel\wondernails-carousel.spec.ts" time="17.525">
<failure message="wondernails-carousel.spec.ts:252:7 should be responsive on mobile devices" type="FAILURE">
<![CDATA[  [chromium] › carousel\wondernails-carousel.spec.ts:252:7 › Wondernails Carousel Hero Section › should be responsive on mobile devices 

    TimeoutError: page.waitForSelector: Timeout 15000ms exceeded.
    Call log:
      - waiting for locator('[data-testid="carousel-container"]') to be visible


       7 |     await page.goto(WONDERNAILS_URL);
       8 |     // Wait for the carousel to be fully loaded
    >  9 |     await page.waitForSelector('[data-testid="carousel-container"]');
         |                ^
      10 |   });
      11 |
      12 |   test("should display the carousel container with correct structure", async ({
        at C:\Dev\Zo\sass-store\tests\e2e\carousel\wondernails-carousel.spec.ts:9:16

    attachment #1: screenshot (image/png) ──────────────────────────────────────────────────────────
    ..\..\test-results\carousel-wondernails-carou-5fb2d-esponsive-on-mobile-devices-chromium\test-failed-1.png
    ────────────────────────────────────────────────────────────────────────────────────────────────

    attachment #2: video (video/webm) ──────────────────────────────────────────────────────────────
    ..\..\test-results\carousel-wondernails-carou-5fb2d-esponsive-on-mobile-devices-chromium\video.webm
    ────────────────────────────────────────────────────────────────────────────────────────────────

    Error Context: ..\..\test-results\carousel-wondernails-carou-5fb2d-esponsive-on-mobile-devices-chromium\error-context.md
]]>
</failure>
<system-out>
<![CDATA[
[[ATTACHMENT|carousel-wondernails-carou-5fb2d-esponsive-on-mobile-devices-chromium\test-failed-1.png]]

[[ATTACHMENT|carousel-wondernails-carou-5fb2d-esponsive-on-mobile-devices-chromium\video.webm]]

[[ATTACHMENT|carousel-wondernails-carou-5fb2d-esponsive-on-mobile-devices-chromium\error-context.md]]
]]>
</system-out>
</testcase>
<testcase name="Wondernails Carousel Hero Section › should have isolated styles that do not affect other page elements" classname="carousel\wondernails-carousel.spec.ts" time="17.684">
<failure message="wondernails-carousel.spec.ts:279:7 should have isolated styles that do not affect other page elements" type="FAILURE">
<![CDATA[  [chromium] › carousel\wondernails-carousel.spec.ts:279:7 › Wondernails Carousel Hero Section › should have isolated styles that do not affect other page elements 

    TimeoutError: page.waitForSelector: Timeout 15000ms exceeded.
    Call log:
      - waiting for locator('[data-testid="carousel-container"]') to be visible


       7 |     await page.goto(WONDERNAILS_URL);
       8 |     // Wait for the carousel to be fully loaded
    >  9 |     await page.waitForSelector('[data-testid="carousel-container"]');
         |                ^
      10 |   });
      11 |
      12 |   test("should display the carousel container with correct structure", async ({
        at C:\Dev\Zo\sass-store\tests\e2e\carousel\wondernails-carousel.spec.ts:9:16

    attachment #1: screenshot (image/png) ──────────────────────────────────────────────────────────
    ..\..\test-results\carousel-wondernails-carou-feb19--affect-other-page-elements-chromium\test-failed-1.png
    ────────────────────────────────────────────────────────────────────────────────────────────────

    attachment #2: video (video/webm) ──────────────────────────────────────────────────────────────
    ..\..\test-results\carousel-wondernails-carou-feb19--affect-other-page-elements-chromium\video.webm
    ────────────────────────────────────────────────────────────────────────────────────────────────

    Error Context: ..\..\test-results\carousel-wondernails-carou-feb19--affect-other-page-elements-chromium\error-context.md
]]>
</failure>
<system-out>
<![CDATA[
[[ATTACHMENT|carousel-wondernails-carou-feb19--affect-other-page-elements-chromium\test-failed-1.png]]

[[ATTACHMENT|carousel-wondernails-carou-feb19--affect-other-page-elements-chromium\video.webm]]

[[ATTACHMENT|carousel-wondernails-carou-feb19--affect-other-page-elements-chromium\error-context.md]]
]]>
</system-out>
</testcase>
<testcase name="Wondernails Carousel Hero Section › should handle rapid clicking without breaking" classname="carousel\wondernails-carousel.spec.ts" time="19.177">
<failure message="wondernails-carousel.spec.ts:298:7 should handle rapid clicking without breaking" type="FAILURE">
<![CDATA[  [chromium] › carousel\wondernails-carousel.spec.ts:298:7 › Wondernails Carousel Hero Section › should handle rapid clicking without breaking 

    TimeoutError: page.waitForSelector: Timeout 15000ms exceeded.
    Call log:
      - waiting for locator('[data-testid="carousel-container"]') to be visible


       7 |     await page.goto(WONDERNAILS_URL);
       8 |     // Wait for the carousel to be fully loaded
    >  9 |     await page.waitForSelector('[data-testid="carousel-container"]');
         |                ^
      10 |   });
      11 |
      12 |   test("should display the carousel container with correct structure", async ({
        at C:\Dev\Zo\sass-store\tests\e2e\carousel\wondernails-carousel.spec.ts:9:16

    attachment #1: screenshot (image/png) ──────────────────────────────────────────────────────────
    ..\..\test-results\carousel-wondernails-carou-d88ff-d-clicking-without-breaking-chromium\test-failed-1.png
    ────────────────────────────────────────────────────────────────────────────────────────────────

    attachment #2: video (video/webm) ──────────────────────────────────────────────────────────────
    ..\..\test-results\carousel-wondernails-carou-d88ff-d-clicking-without-breaking-chromium\video.webm
    ────────────────────────────────────────────────────────────────────────────────────────────────

    Error Context: ..\..\test-results\carousel-wondernails-carou-d88ff-d-clicking-without-breaking-chromium\error-context.md
]]>
</failure>
<system-out>
<![CDATA[
[[ATTACHMENT|carousel-wondernails-carou-d88ff-d-clicking-without-breaking-chromium\test-failed-1.png]]

[[ATTACHMENT|carousel-wondernails-carou-d88ff-d-clicking-without-breaking-chromium\video.webm]]

[[ATTACHMENT|carousel-wondernails-carou-d88ff-d-clicking-without-breaking-chromium\error-context.md]]
]]>
</system-out>
</testcase>
<testcase name="Wondernails Carousel Hero Section › should maintain performance with smooth animations" classname="carousel\wondernails-carousel.spec.ts" time="18.84">
<failure message="wondernails-carousel.spec.ts:317:7 should maintain performance with smooth animations" type="FAILURE">
<![CDATA[  [chromium] › carousel\wondernails-carousel.spec.ts:317:7 › Wondernails Carousel Hero Section › should maintain performance with smooth animations 

    TimeoutError: page.waitForSelector: Timeout 15000ms exceeded.
    Call log:
      - waiting for locator('[data-testid="carousel-container"]') to be visible


       7 |     await page.goto(WONDERNAILS_URL);
       8 |     // Wait for the carousel to be fully loaded
    >  9 |     await page.waitForSelector('[data-testid="carousel-container"]');
         |                ^
      10 |   });
      11 |
      12 |   test("should display the carousel container with correct structure", async ({
        at C:\Dev\Zo\sass-store\tests\e2e\carousel\wondernails-carousel.spec.ts:9:16

    attachment #1: screenshot (image/png) ──────────────────────────────────────────────────────────
    ..\..\test-results\carousel-wondernails-carou-d7c65-ance-with-smooth-animations-chromium\test-failed-1.png
    ────────────────────────────────────────────────────────────────────────────────────────────────

    attachment #2: video (video/webm) ──────────────────────────────────────────────────────────────
    ..\..\test-results\carousel-wondernails-carou-d7c65-ance-with-smooth-animations-chromium\video.webm
    ────────────────────────────────────────────────────────────────────────────────────────────────

    Error Context: ..\..\test-results\carousel-wondernails-carou-d7c65-ance-with-smooth-animations-chromium\error-context.md
]]>
</failure>
<system-out>
<![CDATA[
[[ATTACHMENT|carousel-wondernails-carou-d7c65-ance-with-smooth-animations-chromium\test-failed-1.png]]

[[ATTACHMENT|carousel-wondernails-carou-d7c65-ance-with-smooth-animations-chromium\video.webm]]

[[ATTACHMENT|carousel-wondernails-carou-d7c65-ance-with-smooth-animations-chromium\error-context.md]]
]]>
</system-out>
</testcase>
</testsuite>
<testsuite name="cart\cart-comprehensive.spec.ts" timestamp="2025-10-29T19:08:05.826Z" hostname="chromium" tests="17" failures="1" skipped="0" time="110.727" errors="0">
<testcase name="Cart - Comprehensive E2E Tests › Basic Cart Operations › should add single item to cart" classname="cart\cart-comprehensive.spec.ts" time="16.373">
</testcase>
<testcase name="Cart - Comprehensive E2E Tests › Basic Cart Operations › should add multiple different items to cart" classname="cart\cart-comprehensive.spec.ts" time="15.583">
</testcase>
<testcase name="Cart - Comprehensive E2E Tests › Basic Cart Operations › should handle quantity increment/decrement" classname="cart\cart-comprehensive.spec.ts" time="13.577">
</testcase>
<testcase name="Cart - Comprehensive E2E Tests › Cart Persistence &amp; State Management › should persist cart across page reloads" classname="cart\cart-comprehensive.spec.ts" time="4.096">
</testcase>
<testcase name="Cart - Comprehensive E2E Tests › Cart Persistence &amp; State Management › should persist cart across navigation" classname="cart\cart-comprehensive.spec.ts" time="3.301">
</testcase>
<testcase name="Cart - Comprehensive E2E Tests › Cart Persistence &amp; State Management › should isolate cart data between tenants" classname="cart\cart-comprehensive.spec.ts" time="3.261">
</testcase>
<testcase name="Cart - Comprehensive E2E Tests › Cart Calculations &amp; Pricing › should calculate correct totals with multiple items" classname="cart\cart-comprehensive.spec.ts" time="2.934">
</testcase>
<testcase name="Cart - Comprehensive E2E Tests › Cart Calculations &amp; Pricing › should handle free shipping threshold" classname="cart\cart-comprehensive.spec.ts" time="8.175">
</testcase>
<testcase name="Cart - Comprehensive E2E Tests › Error Handling &amp; Edge Cases › should handle empty cart gracefully" classname="cart\cart-comprehensive.spec.ts" time="11.721">
<failure message="cart-comprehensive.spec.ts:333:9 should handle empty cart gracefully" type="FAILURE">
<![CDATA[  [chromium] › cart\cart-comprehensive.spec.ts:333:9 › Cart - Comprehensive E2E Tests › Error Handling & Edge Cases › should handle empty cart gracefully 

    Error: expect(received).toBeGreaterThan(expected)

    Expected: > 0
    Received:   0

      345 |       const continueShopping = page.locator('text=/continuar comprando|keep shopping/');
      346 |
    > 347 |       expect(await emptyMessage.count() + await continueShopping.count()).toBeGreaterThan(0);
          |                                                                           ^
      348 |
      349 |       console.log(`✅ ${tenant}: Empty cart handled gracefully`);
      350 |     });
        at C:\Dev\Zo\sass-store\tests\e2e\cart\cart-comprehensive.spec.ts:347:75

    attachment #1: screenshot (image/png) ──────────────────────────────────────────────────────────
    ..\..\test-results\cart-cart-comprehensive-Ca-b8fbf-andle-empty-cart-gracefully-chromium\test-failed-1.png
    ────────────────────────────────────────────────────────────────────────────────────────────────

    attachment #2: video (video/webm) ──────────────────────────────────────────────────────────────
    ..\..\test-results\cart-cart-comprehensive-Ca-b8fbf-andle-empty-cart-gracefully-chromium\video.webm
    ────────────────────────────────────────────────────────────────────────────────────────────────

    Error Context: ..\..\test-results\cart-cart-comprehensive-Ca-b8fbf-andle-empty-cart-gracefully-chromium\error-context.md
]]>
</failure>
<system-out>
<![CDATA[
[[ATTACHMENT|cart-cart-comprehensive-Ca-b8fbf-andle-empty-cart-gracefully-chromium\test-failed-1.png]]

[[ATTACHMENT|cart-cart-comprehensive-Ca-b8fbf-andle-empty-cart-gracefully-chromium\video.webm]]

[[ATTACHMENT|cart-cart-comprehensive-Ca-b8fbf-andle-empty-cart-gracefully-chromium\error-context.md]]
]]>
</system-out>
</testcase>
<testcase name="Cart - Comprehensive E2E Tests › Error Handling &amp; Edge Cases › should handle network errors during add to cart" classname="cart\cart-comprehensive.spec.ts" time="0.408">
<system-out>
<![CDATA[⏭️ Network error test requires mocking - skipping for now
]]>
</system-out>
</testcase>
<testcase name="Cart - Comprehensive E2E Tests › Error Handling &amp; Edge Cases › should handle invalid product data" classname="cart\cart-comprehensive.spec.ts" time="11.911">
<system-out>
<![CDATA[✅ wondernails: Invalid data handled gracefully
]]>
</system-out>
</testcase>
<testcase name="Cart - Comprehensive E2E Tests › Cart UI/UX › should show loading states appropriately" classname="cart\cart-comprehensive.spec.ts" time="4.413">
</testcase>
<testcase name="Cart - Comprehensive E2E Tests › Cart UI/UX › should be keyboard accessible" classname="cart\cart-comprehensive.spec.ts" time="3.122">
<system-out>
<![CDATA[✅ wondernails: Cart is keyboard accessible
]]>
</system-out>
</testcase>
<testcase name="Cart - Comprehensive E2E Tests › Cart UI/UX › should work on mobile viewport" classname="cart\cart-comprehensive.spec.ts" time="2.978">
</testcase>
<testcase name="Cart - Comprehensive E2E Tests › Performance &amp; Load Testing › should handle large cart efficiently" classname="cart\cart-comprehensive.spec.ts" time="2.991">
<system-out>
<![CDATA[✅ wondernails: Large cart handled efficiently (0ms for 0 items)
]]>
</system-out>
</testcase>
<testcase name="Cart - Comprehensive E2E Tests › Performance &amp; Load Testing › should handle rapid add/remove operations" classname="cart\cart-comprehensive.spec.ts" time="2.613">
</testcase>
<testcase name="Cart - Comprehensive E2E Tests › Cross-browser Compatibility › should work with different browsers" classname="cart\cart-comprehensive.spec.ts" time="3.27">
</testcase>
</testsuite>
<testsuite name="cart\cart-coupon-tests.spec.ts" timestamp="2025-10-29T19:08:05.826Z" hostname="chromium" tests="12" failures="1" skipped="0" time="55.17" errors="0">
<testcase name="Cart - Coupon System › Coupon Application › should apply valid percentage coupon" classname="cart\cart-coupon-tests.spec.ts" time="2.884">
</testcase>
<testcase name="Cart - Coupon System › Coupon Application › should apply valid flat discount coupon" classname="cart\cart-coupon-tests.spec.ts" time="2.547">
</testcase>
<testcase name="Cart - Coupon System › Coupon Application › should reject invalid coupon" classname="cart\cart-coupon-tests.spec.ts" time="2.35">
</testcase>
<testcase name="Cart - Coupon System › Coupon Edge Cases › should handle coupon case insensitivity" classname="cart\cart-coupon-tests.spec.ts" time="3.137">
</testcase>
<testcase name="Cart - Coupon System › Coupon Edge Cases › should allow coupon removal" classname="cart\cart-coupon-tests.spec.ts" time="2.476">
</testcase>
<testcase name="Cart - Coupon System › Coupon Edge Cases › should handle multiple coupon applications" classname="cart\cart-coupon-tests.spec.ts" time="2.463">
</testcase>
<testcase name="Cart - Coupon System › Coupon Validation › should validate minimum purchase requirements" classname="cart\cart-coupon-tests.spec.ts" time="4.172">
</testcase>
<testcase name="Cart - Coupon System › Coupon Validation › should handle expired coupons" classname="cart\cart-coupon-tests.spec.ts" time="2.396">
</testcase>
<testcase name="Cart - Coupon System › Coupon Validation › should prevent coupon abuse" classname="cart\cart-coupon-tests.spec.ts" time="2.503">
</testcase>
<testcase name="Cart - Coupon System › Discount Calculations › should calculate percentage discounts correctly" classname="cart\cart-coupon-tests.spec.ts" time="21.089">
<failure message="cart-coupon-tests.spec.ts:337:9 should calculate percentage discounts correctly" type="FAILURE">
<![CDATA[  [chromium] › cart\cart-coupon-tests.spec.ts:337:9 › Cart - Coupon System › Discount Calculations › should calculate percentage discounts correctly 

    TimeoutError: locator.textContent: Timeout 15000ms exceeded.
    Call log:
      - waiting for locator('text=/Subtotal|Subtotal:/').first()


      353 |
      354 |       // Subtotal should be 100 + (50*2) = 200
    > 355 |       const subtotalText = await page.locator('text=/Subtotal|Subtotal:/').first().textContent();
          |                                                                                    ^
      356 |       const subtotal = parseFloat(subtotalText?.replace(/[^\d.]/g, '') || '0');
      357 |       expect(subtotal).toBeCloseTo(200, 2);
      358 |
        at C:\Dev\Zo\sass-store\tests\e2e\cart\cart-coupon-tests.spec.ts:355:84

    attachment #1: screenshot (image/png) ──────────────────────────────────────────────────────────
    ..\..\test-results\cart-cart-coupon-tests-Car-61725-centage-discounts-correctly-chromium\test-failed-1.png
    ────────────────────────────────────────────────────────────────────────────────────────────────

    attachment #2: video (video/webm) ──────────────────────────────────────────────────────────────
    ..\..\test-results\cart-cart-coupon-tests-Car-61725-centage-discounts-correctly-chromium\video.webm
    ────────────────────────────────────────────────────────────────────────────────────────────────

    Error Context: ..\..\test-results\cart-cart-coupon-tests-Car-61725-centage-discounts-correctly-chromium\error-context.md
]]>
</failure>
<system-out>
<![CDATA[
[[ATTACHMENT|cart-cart-coupon-tests-Car-61725-centage-discounts-correctly-chromium\test-failed-1.png]]

[[ATTACHMENT|cart-cart-coupon-tests-Car-61725-centage-discounts-correctly-chromium\video.webm]]

[[ATTACHMENT|cart-cart-coupon-tests-Car-61725-centage-discounts-correctly-chromium\error-context.md]]
]]>
</system-out>
</testcase>
<testcase name="Cart - Coupon System › Discount Calculations › should calculate flat discounts correctly" classname="cart\cart-coupon-tests.spec.ts" time="4.343">
</testcase>
<testcase name="Cart - Coupon System › Discount Calculations › should not allow negative totals" classname="cart\cart-coupon-tests.spec.ts" time="4.81">
</testcase>
</testsuite>
<testsuite name="cart\cart-edge-cases.spec.ts" timestamp="2025-10-29T19:08:05.826Z" hostname="chromium" tests="14" failures="5" skipped="0" time="67.311" errors="0">
<testcase name="Cart - Edge Cases &amp; Error Handling › Boundary Conditions › should handle maximum quantity limits" classname="cart\cart-edge-cases.spec.ts" time="2.509">
</testcase>
<testcase name="Cart - Edge Cases &amp; Error Handling › Boundary Conditions › should handle zero quantity gracefully" classname="cart\cart-edge-cases.spec.ts" time="2.5">
</testcase>
<testcase name="Cart - Edge Cases &amp; Error Handling › Boundary Conditions › should handle negative quantities in localStorage" classname="cart\cart-edge-cases.spec.ts" time="4.324">
<system-out>
<![CDATA[✅ wondernails: Negative quantities sanitized correctly
]]>
</system-out>
</testcase>
<testcase name="Cart - Edge Cases &amp; Error Handling › Error Recovery › should recover from corrupted localStorage" classname="cart\cart-edge-cases.spec.ts" time="4.345">
</testcase>
<testcase name="Cart - Edge Cases &amp; Error Handling › Error Recovery › should handle network failures during cart operations" classname="cart\cart-edge-cases.spec.ts" time="2.868">
</testcase>
<testcase name="Cart - Edge Cases &amp; Error Handling › Error Recovery › should handle concurrent cart modifications" classname="cart\cart-edge-cases.spec.ts" time="2.41">
</testcase>
<testcase name="Cart - Edge Cases &amp; Error Handling › Data Integrity › should deduplicate identical items" classname="cart\cart-edge-cases.spec.ts" time="2.224">
</testcase>
<testcase name="Cart - Edge Cases &amp; Error Handling › Data Integrity › should handle items with missing required fields" classname="cart\cart-edge-cases.spec.ts" time="4.275">
<failure message="cart-edge-cases.spec.ts:298:9 should handle items with missing required fields" type="FAILURE">
<![CDATA[  [chromium] › cart\cart-edge-cases.spec.ts:298:9 › Cart - Edge Cases & Error Handling › Data Integrity › should handle items with missing required fields 

    Error: expect(received).toBeGreaterThanOrEqual(expected)

    Expected: >= 1
    Received:    0

      320 |
      321 |       // Should have at least the valid item
    > 322 |       expect(itemCount).toBeGreaterThanOrEqual(1);
          |                         ^
      323 |
      324 |       // Valid item should be present
      325 |       const validItem = cartItems.filter({ hasText: 'Valid Item' });
        at C:\Dev\Zo\sass-store\tests\e2e\cart\cart-edge-cases.spec.ts:322:25

    attachment #1: screenshot (image/png) ──────────────────────────────────────────────────────────
    ..\..\test-results\cart-cart-edge-cases-Cart--cc018-ith-missing-required-fields-chromium\test-failed-1.png
    ────────────────────────────────────────────────────────────────────────────────────────────────

    attachment #2: video (video/webm) ──────────────────────────────────────────────────────────────
    ..\..\test-results\cart-cart-edge-cases-Cart--cc018-ith-missing-required-fields-chromium\video.webm
    ────────────────────────────────────────────────────────────────────────────────────────────────

    Error Context: ..\..\test-results\cart-cart-edge-cases-Cart--cc018-ith-missing-required-fields-chromium\error-context.md
]]>
</failure>
<system-out>
<![CDATA[
[[ATTACHMENT|cart-cart-edge-cases-Cart--cc018-ith-missing-required-fields-chromium\test-failed-1.png]]

[[ATTACHMENT|cart-cart-edge-cases-Cart--cc018-ith-missing-required-fields-chromium\video.webm]]

[[ATTACHMENT|cart-cart-edge-cases-Cart--cc018-ith-missing-required-fields-chromium\error-context.md]]
]]>
</system-out>
</testcase>
<testcase name="Cart - Edge Cases &amp; Error Handling › Data Integrity › should validate price data types" classname="cart\cart-edge-cases.spec.ts" time="3.913">
<failure message="cart-edge-cases.spec.ts:331:9 should validate price data types" type="FAILURE">
<![CDATA[  [chromium] › cart\cart-edge-cases.spec.ts:331:9 › Cart - Edge Cases & Error Handling › Data Integrity › should validate price data types 

    Error: expect(received).toBeGreaterThanOrEqual(expected)

    Expected: >= 1
    Received:    0

      353 |       const itemCount = await cartItems.count();
      354 |
    > 355 |       expect(itemCount).toBeGreaterThanOrEqual(1);
          |                         ^
      356 |
      357 |       // Check for toFixed errors (common with invalid prices)
      358 |       const errors: string[] = [];
        at C:\Dev\Zo\sass-store\tests\e2e\cart\cart-edge-cases.spec.ts:355:25

    attachment #1: screenshot (image/png) ──────────────────────────────────────────────────────────
    ..\..\test-results\cart-cart-edge-cases-Cart--84fa8-d-validate-price-data-types-chromium\test-failed-1.png
    ────────────────────────────────────────────────────────────────────────────────────────────────

    attachment #2: video (video/webm) ──────────────────────────────────────────────────────────────
    ..\..\test-results\cart-cart-edge-cases-Cart--84fa8-d-validate-price-data-types-chromium\video.webm
    ────────────────────────────────────────────────────────────────────────────────────────────────

    Error Context: ..\..\test-results\cart-cart-edge-cases-Cart--84fa8-d-validate-price-data-types-chromium\error-context.md
]]>
</failure>
<system-out>
<![CDATA[
[[ATTACHMENT|cart-cart-edge-cases-Cart--84fa8-d-validate-price-data-types-chromium\test-failed-1.png]]

[[ATTACHMENT|cart-cart-edge-cases-Cart--84fa8-d-validate-price-data-types-chromium\video.webm]]

[[ATTACHMENT|cart-cart-edge-cases-Cart--84fa8-d-validate-price-data-types-chromium\error-context.md]]
]]>
</system-out>
</testcase>
<testcase name="Cart - Edge Cases &amp; Error Handling › Performance Edge Cases › should handle very large cart data" classname="cart\cart-edge-cases.spec.ts" time="3.773">
<failure message="cart-edge-cases.spec.ts:373:9 should handle very large cart data" type="FAILURE">
<![CDATA[  [chromium] › cart\cart-edge-cases.spec.ts:373:9 › Cart - Edge Cases & Error Handling › Performance Edge Cases › should handle very large cart data 

    Error: expect(received).toBeGreaterThan(expected)

    Expected: > 0
    Received:   0

      406 |       const displayedCount = await cartItems.count();
      407 |
    > 408 |       expect(displayedCount).toBeGreaterThan(0);
          |                              ^
      409 |
      410 |       // Should calculate totals
      411 |       const totalElement = page.locator('text=/Total|Total:/');
        at C:\Dev\Zo\sass-store\tests\e2e\cart\cart-edge-cases.spec.ts:408:30

    attachment #1: screenshot (image/png) ──────────────────────────────────────────────────────────
    ..\..\test-results\cart-cart-edge-cases-Cart--b21b9-handle-very-large-cart-data-chromium\test-failed-1.png
    ────────────────────────────────────────────────────────────────────────────────────────────────

    attachment #2: video (video/webm) ──────────────────────────────────────────────────────────────
    ..\..\test-results\cart-cart-edge-cases-Cart--b21b9-handle-very-large-cart-data-chromium\video.webm
    ────────────────────────────────────────────────────────────────────────────────────────────────

    Error Context: ..\..\test-results\cart-cart-edge-cases-Cart--b21b9-handle-very-large-cart-data-chromium\error-context.md
]]>
</failure>
<system-out>
<![CDATA[
[[ATTACHMENT|cart-cart-edge-cases-Cart--b21b9-handle-very-large-cart-data-chromium\test-failed-1.png]]

[[ATTACHMENT|cart-cart-edge-cases-Cart--b21b9-handle-very-large-cart-data-chromium\video.webm]]

[[ATTACHMENT|cart-cart-edge-cases-Cart--b21b9-handle-very-large-cart-data-chromium\error-context.md]]
]]>
</system-out>
</testcase>
<testcase name="Cart - Edge Cases &amp; Error Handling › Performance Edge Cases › should handle rapid state changes" classname="cart\cart-edge-cases.spec.ts" time="20.397">
<failure message="cart-edge-cases.spec.ts:417:9 should handle rapid state changes" type="FAILURE">
<![CDATA[  [chromium] › cart\cart-edge-cases.spec.ts:417:9 › Cart - Edge Cases & Error Handling › Performance Edge Cases › should handle rapid state changes 

    TimeoutError: locator.click: Timeout 15000ms exceeded.
    Call log:
      - waiting for locator('[data-testid="cart-item"]').first().locator('button:has-text("+")')


      445 |       const operations = [];
      446 |       for (let i = 0; i < 20; i++) {
    > 447 |         operations.push(plusButton.click());
          |                                    ^
      448 |         operations.push(page.waitForTimeout(10));
      449 |         if (i % 3 === 0) {
      450 |           operations.push(minusButton.click());
        at C:\Dev\Zo\sass-store\tests\e2e\cart\cart-edge-cases.spec.ts:447:36

    attachment #1: screenshot (image/png) ──────────────────────────────────────────────────────────
    ..\..\test-results\cart-cart-edge-cases-Cart--91114--handle-rapid-state-changes-chromium\test-failed-1.png
    ────────────────────────────────────────────────────────────────────────────────────────────────

    attachment #2: video (video/webm) ──────────────────────────────────────────────────────────────
    ..\..\test-results\cart-cart-edge-cases-Cart--91114--handle-rapid-state-changes-chromium\video.webm
    ────────────────────────────────────────────────────────────────────────────────────────────────

    Error Context: ..\..\test-results\cart-cart-edge-cases-Cart--91114--handle-rapid-state-changes-chromium\error-context.md
]]>
</failure>
<system-out>
<![CDATA[
[[ATTACHMENT|cart-cart-edge-cases-Cart--91114--handle-rapid-state-changes-chromium\test-failed-1.png]]

[[ATTACHMENT|cart-cart-edge-cases-Cart--91114--handle-rapid-state-changes-chromium\video.webm]]

[[ATTACHMENT|cart-cart-edge-cases-Cart--91114--handle-rapid-state-changes-chromium\error-context.md]]
]]>
</system-out>
</testcase>
<testcase name="Cart - Edge Cases &amp; Error Handling › Accessibility &amp; Usability › should maintain focus during cart operations" classname="cart\cart-edge-cases.spec.ts" time="2.465">
</testcase>
<testcase name="Cart - Edge Cases &amp; Error Handling › Accessibility &amp; Usability › should provide clear error messages" classname="cart\cart-edge-cases.spec.ts" time="2.297">
</testcase>
<testcase name="Cart - Edge Cases &amp; Error Handling › Accessibility &amp; Usability › should handle very long item names" classname="cart\cart-edge-cases.spec.ts" time="9.011">
<failure message="cart-edge-cases.spec.ts:527:9 should handle very long item names" type="FAILURE">
<![CDATA[  [chromium] › cart\cart-edge-cases.spec.ts:527:9 › Cart - Edge Cases & Error Handling › Accessibility & Usability › should handle very long item names 

    Error: expect(locator).toBeVisible() failed

    Locator: locator('[data-testid="cart-item"]').first()
    Expected: visible
    Timeout: 5000ms
    Error: element(s) not found

    Call log:
      - Expect "toBeVisible" with timeout 5000ms
      - waiting for locator('[data-testid="cart-item"]').first()


      547 |       // Should handle long names without breaking layout
      548 |       const cartItem = page.locator('[data-testid="cart-item"]').first();
    > 549 |       await expect(cartItem).toBeVisible();
          |                              ^
      550 |
      551 |       // Should not have horizontal scroll issues
      552 |       const scrollWidth = await page.evaluate(() => document.body.scrollWidth);
        at C:\Dev\Zo\sass-store\tests\e2e\cart\cart-edge-cases.spec.ts:549:30

    attachment #1: screenshot (image/png) ──────────────────────────────────────────────────────────
    ..\..\test-results\cart-cart-edge-cases-Cart--4841f-handle-very-long-item-names-chromium\test-failed-1.png
    ────────────────────────────────────────────────────────────────────────────────────────────────

    attachment #2: video (video/webm) ──────────────────────────────────────────────────────────────
    ..\..\test-results\cart-cart-edge-cases-Cart--4841f-handle-very-long-item-names-chromium\video.webm
    ────────────────────────────────────────────────────────────────────────────────────────────────

    Error Context: ..\..\test-results\cart-cart-edge-cases-Cart--4841f-handle-very-long-item-names-chromium\error-context.md
]]>
</failure>
<system-out>
<![CDATA[
[[ATTACHMENT|cart-cart-edge-cases-Cart--4841f-handle-very-long-item-names-chromium\test-failed-1.png]]

[[ATTACHMENT|cart-cart-edge-cases-Cart--4841f-handle-very-long-item-names-chromium\video.webm]]

[[ATTACHMENT|cart-cart-edge-cases-Cart--4841f-handle-very-long-item-names-chromium\error-context.md]]
]]>
</system-out>
</testcase>
</testsuite>
<testsuite name="cart\cart-mobile-responsive.spec.ts" timestamp="2025-10-29T19:08:05.826Z" hostname="chromium" tests="12" failures="6" skipped="0" time="48.853" errors="0">
<testcase name="Cart - Mobile &amp; Responsive › Mobile Viewport Tests › should work on iPhone SE" classname="cart\cart-mobile-responsive.spec.ts" time="1.615">
</testcase>
<testcase name="Cart - Mobile &amp; Responsive › Mobile Viewport Tests › should work on iPhone 12 Pro Max" classname="cart\cart-mobile-responsive.spec.ts" time="1.609">
</testcase>
<testcase name="Cart - Mobile &amp; Responsive › Mobile Viewport Tests › should work on Galaxy S21" classname="cart\cart-mobile-responsive.spec.ts" time="1.901">
</testcase>
<testcase name="Cart - Mobile &amp; Responsive › Tablet Viewport Tests › should work on iPad" classname="cart\cart-mobile-responsive.spec.ts" time="2.283">
<failure message="cart-mobile-responsive.spec.ts:124:9 should work on iPad" type="FAILURE">
<![CDATA[  [chromium] › cart\cart-mobile-responsive.spec.ts:124:9 › Cart - Mobile & Responsive › Tablet Viewport Tests › should work on iPad 

    Error: expect(received).toContain(expected) // indexOf

    Expected substring: "/cart"
    Received string:    "http://localhost:3001/t/wondernails/products"

      149 |       }
      150 |
    > 151 |       expect(page.url()).toContain('/cart');
          |                          ^
      152 |
      153 |       // Verify multiple items display well on tablet
      154 |       const cartItems = page.locator('[data-testid="cart-item"]');
        at C:\Dev\Zo\sass-store\tests\e2e\cart\cart-mobile-responsive.spec.ts:151:26

    attachment #1: screenshot (image/png) ──────────────────────────────────────────────────────────
    ..\..\test-results\cart-cart-mobile-responsiv-5f089-t-Tests-should-work-on-iPad-chromium\test-failed-1.png
    ────────────────────────────────────────────────────────────────────────────────────────────────

    attachment #2: video (video/webm) ──────────────────────────────────────────────────────────────
    ..\..\test-results\cart-cart-mobile-responsiv-5f089-t-Tests-should-work-on-iPad-chromium\video.webm
    ────────────────────────────────────────────────────────────────────────────────────────────────

    Error Context: ..\..\test-results\cart-cart-mobile-responsiv-5f089-t-Tests-should-work-on-iPad-chromium\error-context.md
]]>
</failure>
<system-out>
<![CDATA[
[[ATTACHMENT|cart-cart-mobile-responsiv-5f089-t-Tests-should-work-on-iPad-chromium\test-failed-1.png]]

[[ATTACHMENT|cart-cart-mobile-responsiv-5f089-t-Tests-should-work-on-iPad-chromium\video.webm]]

[[ATTACHMENT|cart-cart-mobile-responsiv-5f089-t-Tests-should-work-on-iPad-chromium\error-context.md]]
]]>
</system-out>
</testcase>
<testcase name="Cart - Mobile &amp; Responsive › Tablet Viewport Tests › should work on iPad Pro" classname="cart\cart-mobile-responsive.spec.ts" time="3.242">
<failure message="cart-mobile-responsive.spec.ts:167:9 should work on iPad Pro" type="FAILURE">
<![CDATA[  [chromium] › cart\cart-mobile-responsive.spec.ts:167:9 › Cart - Mobile & Responsive › Tablet Viewport Tests › should work on iPad Pro 

    Error: expect(received).toBe(expected) // Object.is equality

    Expected: 3
    Received: 0

      189 |       const cartItems = page.locator('[data-testid="cart-item"]');
      190 |       const itemCount = await cartItems.count();
    > 191 |       expect(itemCount).toBe(3);
          |                         ^
      192 |
      193 |       // Check that long item names don't break layout
      194 |       for (let i = 0; i < itemCount; i++) {
        at C:\Dev\Zo\sass-store\tests\e2e\cart\cart-mobile-responsive.spec.ts:191:25

    attachment #1: screenshot (image/png) ──────────────────────────────────────────────────────────
    ..\..\test-results\cart-cart-mobile-responsiv-05bb0-sts-should-work-on-iPad-Pro-chromium\test-failed-1.png
    ────────────────────────────────────────────────────────────────────────────────────────────────

    attachment #2: video (video/webm) ──────────────────────────────────────────────────────────────
    ..\..\test-results\cart-cart-mobile-responsiv-05bb0-sts-should-work-on-iPad-Pro-chromium\video.webm
    ────────────────────────────────────────────────────────────────────────────────────────────────

    Error Context: ..\..\test-results\cart-cart-mobile-responsiv-05bb0-sts-should-work-on-iPad-Pro-chromium\error-context.md
]]>
</failure>
<system-out>
<![CDATA[
[[ATTACHMENT|cart-cart-mobile-responsiv-05bb0-sts-should-work-on-iPad-Pro-chromium\test-failed-1.png]]

[[ATTACHMENT|cart-cart-mobile-responsiv-05bb0-sts-should-work-on-iPad-Pro-chromium\video.webm]]

[[ATTACHMENT|cart-cart-mobile-responsiv-05bb0-sts-should-work-on-iPad-Pro-chromium\error-context.md]]
]]>
</system-out>
</testcase>
<testcase name="Cart - Mobile &amp; Responsive › Desktop Responsive Tests › should adapt to different desktop screen sizes" classname="cart\cart-mobile-responsive.spec.ts" time="3.057">
<failure message="cart-mobile-responsive.spec.ts:212:9 should adapt to different desktop screen sizes" type="FAILURE">
<![CDATA[  [chromium] › cart\cart-mobile-responsive.spec.ts:212:9 › Cart - Mobile & Responsive › Desktop Responsive Tests › should adapt to different desktop screen sizes 

    Error: expect(received).toBe(expected) // Object.is equality

    Expected: 2
    Received: 0

      240 |         const cartItems = page.locator('[data-testid="cart-item"]');
      241 |         const itemCount = await cartItems.count();
    > 242 |         expect(itemCount).toBe(2);
          |                           ^
      243 |
      244 |         // Check layout utilizes screen space effectively
      245 |         const cartContainer = page.locator('[data-testid="cart-container"], .cart-container, main').first();
        at C:\Dev\Zo\sass-store\tests\e2e\cart\cart-mobile-responsive.spec.ts:242:27

    attachment #1: screenshot (image/png) ──────────────────────────────────────────────────────────
    ..\..\test-results\cart-cart-mobile-responsiv-0669e-ferent-desktop-screen-sizes-chromium\test-failed-1.png
    ────────────────────────────────────────────────────────────────────────────────────────────────

    attachment #2: video (video/webm) ──────────────────────────────────────────────────────────────
    ..\..\test-results\cart-cart-mobile-responsiv-0669e-ferent-desktop-screen-sizes-chromium\video.webm
    ────────────────────────────────────────────────────────────────────────────────────────────────

    Error Context: ..\..\test-results\cart-cart-mobile-responsiv-0669e-ferent-desktop-screen-sizes-chromium\error-context.md
]]>
</failure>
<system-out>
<![CDATA[
[[ATTACHMENT|cart-cart-mobile-responsiv-0669e-ferent-desktop-screen-sizes-chromium\test-failed-1.png]]

[[ATTACHMENT|cart-cart-mobile-responsiv-0669e-ferent-desktop-screen-sizes-chromium\video.webm]]

[[ATTACHMENT|cart-cart-mobile-responsiv-0669e-ferent-desktop-screen-sizes-chromium\error-context.md]]
]]>
</system-out>
</testcase>
<testcase name="Cart - Mobile &amp; Responsive › Touch &amp; Gesture Tests › should handle touch gestures on mobile" classname="cart\cart-mobile-responsive.spec.ts" time="1.752">
</testcase>
<testcase name="Cart - Mobile &amp; Responsive › Touch &amp; Gesture Tests › should handle swipe gestures for cart navigation" classname="cart\cart-mobile-responsive.spec.ts" time="2.911">
<failure message="cart-mobile-responsive.spec.ts:300:9 should handle swipe gestures for cart navigation" type="FAILURE">
<![CDATA[  [chromium] › cart\cart-mobile-responsive.spec.ts:300:9 › Cart - Mobile & Responsive › Touch & Gesture Tests › should handle swipe gestures for cart navigation 

    Error: expect(received).toBe(expected) // Object.is equality

    Expected: 5
    Received: 0

      326 |       const cartItems = page.locator('[data-testid="cart-item"]');
      327 |       const itemCount = await cartItems.count();
    > 328 |       expect(itemCount).toBe(5);
          |                         ^
      329 |
      330 |       // Test scrolling on mobile
      331 |       const lastItem = cartItems.last();
        at C:\Dev\Zo\sass-store\tests\e2e\cart\cart-mobile-responsive.spec.ts:328:25

    attachment #1: screenshot (image/png) ──────────────────────────────────────────────────────────
    ..\..\test-results\cart-cart-mobile-responsiv-525f5-estures-for-cart-navigation-chromium\test-failed-1.png
    ────────────────────────────────────────────────────────────────────────────────────────────────

    attachment #2: video (video/webm) ──────────────────────────────────────────────────────────────
    ..\..\test-results\cart-cart-mobile-responsiv-525f5-estures-for-cart-navigation-chromium\video.webm
    ────────────────────────────────────────────────────────────────────────────────────────────────

    Error Context: ..\..\test-results\cart-cart-mobile-responsiv-525f5-estures-for-cart-navigation-chromium\error-context.md
]]>
</failure>
<system-out>
<![CDATA[
[[ATTACHMENT|cart-cart-mobile-responsiv-525f5-estures-for-cart-navigation-chromium\test-failed-1.png]]

[[ATTACHMENT|cart-cart-mobile-responsiv-525f5-estures-for-cart-navigation-chromium\video.webm]]

[[ATTACHMENT|cart-cart-mobile-responsiv-525f5-estures-for-cart-navigation-chromium\error-context.md]]
]]>
</system-out>
</testcase>
<testcase name="Cart - Mobile &amp; Responsive › Orientation Tests › should handle orientation changes" classname="cart\cart-mobile-responsive.spec.ts" time="2.975">
<failure message="cart-mobile-responsive.spec.ts:342:9 should handle orientation changes" type="FAILURE">
<![CDATA[  [chromium] › cart\cart-mobile-responsive.spec.ts:342:9 › Cart - Mobile & Responsive › Orientation Tests › should handle orientation changes 

    Error: expect(received).toBe(expected) // Object.is equality

    Expected: 2
    Received: 0

      362 |       // Verify portrait layout
      363 |       const portraitItems = page.locator('[data-testid="cart-item"]');
    > 364 |       expect(await portraitItems.count()).toBe(2);
          |                                           ^
      365 |
      366 |       // Switch to landscape
      367 |       await page.setViewportSize({ width: 667, height: 375 });
        at C:\Dev\Zo\sass-store\tests\e2e\cart\cart-mobile-responsive.spec.ts:364:43

    attachment #1: screenshot (image/png) ──────────────────────────────────────────────────────────
    ..\..\test-results\cart-cart-mobile-responsiv-fcb4c--handle-orientation-changes-chromium\test-failed-1.png
    ────────────────────────────────────────────────────────────────────────────────────────────────

    attachment #2: video (video/webm) ──────────────────────────────────────────────────────────────
    ..\..\test-results\cart-cart-mobile-responsiv-fcb4c--handle-orientation-changes-chromium\video.webm
    ────────────────────────────────────────────────────────────────────────────────────────────────

    Error Context: ..\..\test-results\cart-cart-mobile-responsiv-fcb4c--handle-orientation-changes-chromium\error-context.md
]]>
</failure>
<system-out>
<![CDATA[
[[ATTACHMENT|cart-cart-mobile-responsiv-fcb4c--handle-orientation-changes-chromium\test-failed-1.png]]

[[ATTACHMENT|cart-cart-mobile-responsiv-fcb4c--handle-orientation-changes-chromium\video.webm]]

[[ATTACHMENT|cart-cart-mobile-responsiv-fcb4c--handle-orientation-changes-chromium\error-context.md]]
]]>
</system-out>
</testcase>
<testcase name="Cart - Mobile &amp; Responsive › Accessibility on Mobile › should maintain accessibility on small screens" classname="cart\cart-mobile-responsive.spec.ts" time="1.725">
</testcase>
<testcase name="Cart - Mobile &amp; Responsive › Accessibility on Mobile › should support keyboard navigation on tablets" classname="cart\cart-mobile-responsive.spec.ts" time="20.899">
<failure message="cart-mobile-responsive.spec.ts:433:9 should support keyboard navigation on tablets" type="FAILURE">
<![CDATA[  [chromium] › cart\cart-mobile-responsive.spec.ts:433:9 › Cart - Mobile & Responsive › Accessibility on Mobile › should support keyboard navigation on tablets 

    TimeoutError: locator.focus: Timeout 15000ms exceeded.
    Call log:
      - waiting for locator('[data-testid="cart-item"]').first().locator('button:has-text("+")')


      466 |       // Test Enter key on buttons
      467 |       const plusButton = page.locator('[data-testid="cart-item"]').first().locator('button:has-text("+")');
    > 468 |       await plusButton.focus();
          |                        ^
      469 |       await page.keyboard.press('Enter');
      470 |       await page.waitForTimeout(200);
      471 |
        at C:\Dev\Zo\sass-store\tests\e2e\cart\cart-mobile-responsive.spec.ts:468:24

    attachment #1: screenshot (image/png) ──────────────────────────────────────────────────────────
    ..\..\test-results\cart-cart-mobile-responsiv-9443f-board-navigation-on-tablets-chromium\test-failed-1.png
    ────────────────────────────────────────────────────────────────────────────────────────────────

    attachment #2: video (video/webm) ──────────────────────────────────────────────────────────────
    ..\..\test-results\cart-cart-mobile-responsiv-9443f-board-navigation-on-tablets-chromium\video.webm
    ────────────────────────────────────────────────────────────────────────────────────────────────

    Error Context: ..\..\test-results\cart-cart-mobile-responsiv-9443f-board-navigation-on-tablets-chromium\error-context.md
]]>
</failure>
<system-out>
<![CDATA[
[[ATTACHMENT|cart-cart-mobile-responsiv-9443f-board-navigation-on-tablets-chromium\test-failed-1.png]]

[[ATTACHMENT|cart-cart-mobile-responsiv-9443f-board-navigation-on-tablets-chromium\video.webm]]

[[ATTACHMENT|cart-cart-mobile-responsiv-9443f-board-navigation-on-tablets-chromium\error-context.md]]
]]>
</system-out>
</testcase>
<testcase name="Cart - Mobile &amp; Responsive › Performance on Mobile › should load quickly on slow mobile connections" classname="cart\cart-mobile-responsive.spec.ts" time="4.884">
<system-out>
<![CDATA[✅ wondernails: Performs well on slow mobile connections (3291ms load, 4540ms reload)
]]>
</system-out>
</testcase>
</testsuite>
<testsuite name="cart\cart-multiple-items-corrected.spec.ts" timestamp="2025-10-29T19:08:05.826Z" hostname="chromium" tests="3" failures="0" skipped="0" time="11.543" errors="0">
<testcase name="Cart - Multiple Items (CORRECTED) › should handle multiple items with correct price calculations" classname="cart\cart-multiple-items-corrected.spec.ts" time="5.219">
</testcase>
<testcase name="Cart - Multiple Items (CORRECTED) › should display correct unit prices for items with quantity &gt; 1" classname="cart\cart-multiple-items-corrected.spec.ts" time="3.158">
</testcase>
<testcase name="Cart - Multiple Items (CORRECTED) › should not crash when adding multiple items of same product" classname="cart\cart-multiple-items-corrected.spec.ts" time="3.166">
</testcase>
</testsuite>
<testsuite name="cart\cart-multiple-items.spec.ts" timestamp="2025-10-29T19:08:05.826Z" hostname="chromium" tests="3" failures="0" skipped="0" time="12.348" errors="0">
<testcase name="Cart - Multiple Items › should handle multiple items with correct price calculations" classname="cart\cart-multiple-items.spec.ts" time="5.113">
</testcase>
<testcase name="Cart - Multiple Items › should display correct unit prices for items with quantity &gt; 1" classname="cart\cart-multiple-items.spec.ts" time="3.578">
</testcase>
<testcase name="Cart - Multiple Items › should not crash when adding multiple items of same product" classname="cart\cart-multiple-items.spec.ts" time="3.657">
</testcase>
</testsuite>
<testsuite name="cart\cart-performance.spec.ts" timestamp="2025-10-29T19:08:05.826Z" hostname="chromium" tests="10" failures="4" skipped="0" time="44.616" errors="0">
<testcase name="Cart - Performance &amp; Load Testing › Load Performance › should handle 100+ cart items efficiently" classname="cart\cart-performance.spec.ts" time="3.106">
<failure message="cart-performance.spec.ts:12:9 should handle 100+ cart items efficiently" type="FAILURE">
<![CDATA[  [chromium] › cart\cart-performance.spec.ts:12:9 › Cart - Performance & Load Testing › Load Performance › should handle 100+ cart items efficiently 

    Error: expect(received).toBeGreaterThan(expected)

    Expected: > 50
    Received:   0

      45 |       const cartItems = page.locator('[data-testid="cart-item"]');
      46 |       const itemCount = await cartItems.count();
    > 47 |       expect(itemCount).toBeGreaterThan(50); // At least half should render
         |                         ^
      48 |
      49 |       // Should calculate totals
      50 |       const totalElement = page.locator('text=/Total|Total:/');
        at C:\Dev\Zo\sass-store\tests\e2e\cart\cart-performance.spec.ts:47:25

    attachment #1: screenshot (image/png) ──────────────────────────────────────────────────────────
    ..\..\test-results\cart-cart-performance-Cart-ebe4a--100-cart-items-efficiently-chromium\test-failed-1.png
    ────────────────────────────────────────────────────────────────────────────────────────────────

    attachment #2: video (video/webm) ──────────────────────────────────────────────────────────────
    ..\..\test-results\cart-cart-performance-Cart-ebe4a--100-cart-items-efficiently-chromium\video.webm
    ────────────────────────────────────────────────────────────────────────────────────────────────

    Error Context: ..\..\test-results\cart-cart-performance-Cart-ebe4a--100-cart-items-efficiently-chromium\error-context.md
]]>
</failure>
<system-out>
<![CDATA[
[[ATTACHMENT|cart-cart-performance-Cart-ebe4a--100-cart-items-efficiently-chromium\test-failed-1.png]]

[[ATTACHMENT|cart-cart-performance-Cart-ebe4a--100-cart-items-efficiently-chromium\video.webm]]

[[ATTACHMENT|cart-cart-performance-Cart-ebe4a--100-cart-items-efficiently-chromium\error-context.md]]
]]>
</system-out>
</testcase>
<testcase name="Cart - Performance &amp; Load Testing › Load Performance › should maintain performance with rapid operations" classname="cart\cart-performance.spec.ts" time="2.052">
</testcase>
<testcase name="Cart - Performance &amp; Load Testing › Load Performance › should handle memory efficiently with large carts" classname="cart\cart-performance.spec.ts" time="3.551">
<system-out>
<![CDATA[✅ wondernails: Memory usage reasonable (0.00MB increase)
]]>
</system-out>
</testcase>
<testcase name="Cart - Performance &amp; Load Testing › Concurrent Operations › should handle simultaneous add/remove operations" classname="cart\cart-performance.spec.ts" time="9.573">
<failure message="cart-performance.spec.ts:167:9 should handle simultaneous add/remove operations" type="FAILURE">
<![CDATA[  [chromium] › cart\cart-performance.spec.ts:167:9 › Cart - Performance & Load Testing › Concurrent Operations › should handle simultaneous add/remove operations 

    Error: expect(received).toBe(expected) // Object.is equality

    Expected: true
    Received: false

      225 |
      226 |       // At least one page should have items
    > 227 |       expect(itemCounts.some(count => count > 0)).toBe(true);
          |                                                   ^
      228 |
      229 |       await page2.close();
      230 |       await page3.close();
        at C:\Dev\Zo\sass-store\tests\e2e\cart\cart-performance.spec.ts:227:51

    attachment #1: screenshot (image/png) ──────────────────────────────────────────────────────────
    ..\..\test-results\cart-cart-performance-Cart-c54fa-neous-add-remove-operations-chromium\test-failed-2.png
    ────────────────────────────────────────────────────────────────────────────────────────────────

    attachment #2: screenshot (image/png) ──────────────────────────────────────────────────────────
    ..\..\test-results\cart-cart-performance-Cart-c54fa-neous-add-remove-operations-chromium\test-failed-1.png
    ────────────────────────────────────────────────────────────────────────────────────────────────

    attachment #3: screenshot (image/png) ──────────────────────────────────────────────────────────
    ..\..\test-results\cart-cart-performance-Cart-c54fa-neous-add-remove-operations-chromium\test-failed-3.png
    ────────────────────────────────────────────────────────────────────────────────────────────────

    attachment #4: video (video/webm) ──────────────────────────────────────────────────────────────
    ..\..\test-results\cart-cart-performance-Cart-c54fa-neous-add-remove-operations-chromium\video.webm
    ────────────────────────────────────────────────────────────────────────────────────────────────

    attachment #5: video (video/webm) ──────────────────────────────────────────────────────────────
    ..\..\test-results\cart-cart-performance-Cart-c54fa-neous-add-remove-operations-chromium\video-2.webm
    ────────────────────────────────────────────────────────────────────────────────────────────────

    attachment #6: video (video/webm) ──────────────────────────────────────────────────────────────
    ..\..\test-results\cart-cart-performance-Cart-c54fa-neous-add-remove-operations-chromium\video-1.webm
    ────────────────────────────────────────────────────────────────────────────────────────────────

    Error Context: ..\..\test-results\cart-cart-performance-Cart-c54fa-neous-add-remove-operations-chromium\error-context.md
]]>
</failure>
<system-out>
<![CDATA[
[[ATTACHMENT|cart-cart-performance-Cart-c54fa-neous-add-remove-operations-chromium\test-failed-2.png]]

[[ATTACHMENT|cart-cart-performance-Cart-c54fa-neous-add-remove-operations-chromium\test-failed-1.png]]

[[ATTACHMENT|cart-cart-performance-Cart-c54fa-neous-add-remove-operations-chromium\test-failed-3.png]]

[[ATTACHMENT|cart-cart-performance-Cart-c54fa-neous-add-remove-operations-chromium\video.webm]]

[[ATTACHMENT|cart-cart-performance-Cart-c54fa-neous-add-remove-operations-chromium\video-2.webm]]

[[ATTACHMENT|cart-cart-performance-Cart-c54fa-neous-add-remove-operations-chromium\video-1.webm]]

[[ATTACHMENT|cart-cart-performance-Cart-c54fa-neous-add-remove-operations-chromium\error-context.md]]
]]>
</system-out>
</testcase>
<testcase name="Cart - Performance &amp; Load Testing › Concurrent Operations › should handle rapid cart state changes" classname="cart\cart-performance.spec.ts" time="4.474">
<system-out>
<![CDATA[✅ wondernails: Rapid state changes handled without errors
]]>
</system-out>
</testcase>
<testcase name="Cart - Performance &amp; Load Testing › Network Performance › should handle slow networks gracefully" classname="cart\cart-performance.spec.ts" time="2.38">
</testcase>
<testcase name="Cart - Performance &amp; Load Testing › Network Performance › should handle offline/online transitions" classname="cart\cart-performance.spec.ts" time="3.889">
</testcase>
<testcase name="Cart - Performance &amp; Load Testing › Resource Usage › should not leak memory on repeated operations" classname="cart\cart-performance.spec.ts" time="1.93">
</testcase>
<testcase name="Cart - Performance &amp; Load Testing › Resource Usage › should handle large localStorage payloads" classname="cart\cart-performance.spec.ts" time="5.715">
<failure message="cart-performance.spec.ts:411:9 should handle large localStorage payloads" type="FAILURE">
<![CDATA[  [chromium] › cart\cart-performance.spec.ts:411:9 › Cart - Performance & Load Testing › Resource Usage › should handle large localStorage payloads 

    Error: expect(received).toBeGreaterThan(expected)

    Expected: > 0
    Received:   0

      455 |       const itemCount = await cartItems.count();
      456 |
    > 457 |       expect(itemCount).toBeGreaterThan(0);
          |                         ^
      458 |
      459 |       console.log(`✅ ${tenant}: Large localStorage payload handled (${itemCount} items)`);
      460 |     });
        at C:\Dev\Zo\sass-store\tests\e2e\cart\cart-performance.spec.ts:457:25

    attachment #1: screenshot (image/png) ──────────────────────────────────────────────────────────
    ..\..\test-results\cart-cart-performance-Cart-ae26d-large-localStorage-payloads-chromium\test-failed-1.png
    ────────────────────────────────────────────────────────────────────────────────────────────────

    attachment #2: video (video/webm) ──────────────────────────────────────────────────────────────
    ..\..\test-results\cart-cart-performance-Cart-ae26d-large-localStorage-payloads-chromium\video.webm
    ────────────────────────────────────────────────────────────────────────────────────────────────

    Error Context: ..\..\test-results\cart-cart-performance-Cart-ae26d-large-localStorage-payloads-chromium\error-context.md
]]>
</failure>
<system-out>
<![CDATA[Test data size: 111.14KB

[[ATTACHMENT|cart-cart-performance-Cart-ae26d-large-localStorage-payloads-chromium\test-failed-1.png]]

[[ATTACHMENT|cart-cart-performance-Cart-ae26d-large-localStorage-payloads-chromium\video.webm]]

[[ATTACHMENT|cart-cart-performance-Cart-ae26d-large-localStorage-payloads-chromium\error-context.md]]
]]>
</system-out>
</testcase>
<testcase name="Cart - Performance &amp; Load Testing › Scalability Tests › should handle tenant-specific cart isolation at scale" classname="cart\cart-performance.spec.ts" time="7.946">
<failure message="cart-performance.spec.ts:464:9 should handle tenant-specific cart isolation at scale" type="FAILURE">
<![CDATA[  [chromium] › cart\cart-performance.spec.ts:464:9 › Cart - Performance & Load Testing › Scalability Tests › should handle tenant-specific cart isolation at scale 

    Error: expect(received).toBeGreaterThanOrEqual(expected)

    Expected: >= 1
    Received:    0

      515 |       // Each cart should have at least 1 item
      516 |       cartCounts.forEach((count, index) => {
    > 517 |         expect(count).toBeGreaterThanOrEqual(1);
          |                       ^
      518 |         console.log(`✅ ${tenantsToTest[index]}: ${count} items in cart`);
      519 |       });
      520 |
        at forEach (C:\Dev\Zo\sass-store\tests\e2e\cart\cart-performance.spec.ts:517:23)
        at C:\Dev\Zo\sass-store\tests\e2e\cart\cart-performance.spec.ts:516:18

    attachment #1: screenshot (image/png) ──────────────────────────────────────────────────────────
    ..\..\test-results\cart-cart-performance-Cart-74dca-fic-cart-isolation-at-scale-chromium\test-failed-3.png
    ────────────────────────────────────────────────────────────────────────────────────────────────

    attachment #2: screenshot (image/png) ──────────────────────────────────────────────────────────
    ..\..\test-results\cart-cart-performance-Cart-74dca-fic-cart-isolation-at-scale-chromium\test-failed-4.png
    ────────────────────────────────────────────────────────────────────────────────────────────────

    attachment #3: screenshot (image/png) ──────────────────────────────────────────────────────────
    ..\..\test-results\cart-cart-performance-Cart-74dca-fic-cart-isolation-at-scale-chromium\test-failed-2.png
    ────────────────────────────────────────────────────────────────────────────────────────────────

    attachment #4: screenshot (image/png) ──────────────────────────────────────────────────────────
    ..\..\test-results\cart-cart-performance-Cart-74dca-fic-cart-isolation-at-scale-chromium\test-failed-1.png
    ────────────────────────────────────────────────────────────────────────────────────────────────

    attachment #5: video (video/webm) ──────────────────────────────────────────────────────────────
    ..\..\test-results\cart-cart-performance-Cart-74dca-fic-cart-isolation-at-scale-chromium\video-1.webm
    ────────────────────────────────────────────────────────────────────────────────────────────────

    attachment #6: video (video/webm) ──────────────────────────────────────────────────────────────
    ..\..\test-results\cart-cart-performance-Cart-74dca-fic-cart-isolation-at-scale-chromium\video-2.webm
    ────────────────────────────────────────────────────────────────────────────────────────────────

    attachment #7: video (video/webm) ──────────────────────────────────────────────────────────────
    ..\..\test-results\cart-cart-performance-Cart-74dca-fic-cart-isolation-at-scale-chromium\video.webm
    ────────────────────────────────────────────────────────────────────────────────────────────────

    attachment #8: video (video/webm) ──────────────────────────────────────────────────────────────
    ..\..\test-results\cart-cart-performance-Cart-74dca-fic-cart-isolation-at-scale-chromium\video-3.webm
    ────────────────────────────────────────────────────────────────────────────────────────────────
]]>
</failure>
<system-out>
<![CDATA[
[[ATTACHMENT|cart-cart-performance-Cart-74dca-fic-cart-isolation-at-scale-chromium\test-failed-3.png]]

[[ATTACHMENT|cart-cart-performance-Cart-74dca-fic-cart-isolation-at-scale-chromium\test-failed-4.png]]

[[ATTACHMENT|cart-cart-performance-Cart-74dca-fic-cart-isolation-at-scale-chromium\test-failed-2.png]]

[[ATTACHMENT|cart-cart-performance-Cart-74dca-fic-cart-isolation-at-scale-chromium\test-failed-1.png]]

[[ATTACHMENT|cart-cart-performance-Cart-74dca-fic-cart-isolation-at-scale-chromium\video-1.webm]]

[[ATTACHMENT|cart-cart-performance-Cart-74dca-fic-cart-isolation-at-scale-chromium\video-2.webm]]

[[ATTACHMENT|cart-cart-performance-Cart-74dca-fic-cart-isolation-at-scale-chromium\video.webm]]

[[ATTACHMENT|cart-cart-performance-Cart-74dca-fic-cart-isolation-at-scale-chromium\video-3.webm]]
]]>
</system-out>
</testcase>
</testsuite>
<testsuite name="click-budget.spec.ts" timestamp="2025-10-29T19:08:05.826Z" hostname="chromium" tests="7" failures="4" skipped="2" time="43.6" errors="0">
<testcase name="Click Budget Tests › Purchase Flow - should complete in ≤3 clicks" classname="click-budget.spec.ts" time="11.148">
<failure message="click-budget.spec.ts:48:7 Purchase Flow - should complete in ≤3 clicks" type="FAILURE">
<![CDATA[  [chromium] › click-budget.spec.ts:48:7 › Click Budget Tests › Purchase Flow - should complete in ≤3 clicks 

    Error: expect(locator).toBeVisible() failed

    Locator: locator('[data-testid="product-grid"]')
    Expected: visible
    Timeout: 5000ms
    Error: element(s) not found

    Call log:
      - Expect "toBeVisible" with timeout 5000ms
      - waiting for locator('[data-testid="product-grid"]')


      51 |     // Start from Product List Page
      52 |     await page.goto('/products');
    > 53 |     await expect(page.locator('[data-testid="product-grid"]')).toBeVisible();
         |                                                                ^
      54 |
      55 |     // Click 1: Add to cart from PLP
      56 |     await page.locator('[data-testid="product-add-btn"]').first().click();
        at C:\Dev\Zo\sass-store\tests\e2e\click-budget.spec.ts:53:64

    attachment #1: screenshot (image/png) ──────────────────────────────────────────────────────────
    ..\..\test-results\click-budget-Click-Budget--94cfb-hould-complete-in-≤3-clicks-chromium\test-failed-1.png
    ────────────────────────────────────────────────────────────────────────────────────────────────

    attachment #2: video (video/webm) ──────────────────────────────────────────────────────────────
    ..\..\test-results\click-budget-Click-Budget--94cfb-hould-complete-in-≤3-clicks-chromium\video.webm
    ────────────────────────────────────────────────────────────────────────────────────────────────

    Error Context: ..\..\test-results\click-budget-Click-Budget--94cfb-hould-complete-in-≤3-clicks-chromium\error-context.md
]]>
</failure>
<system-out>
<![CDATA[
[[ATTACHMENT|click-budget-Click-Budget--94cfb-hould-complete-in-≤3-clicks-chromium\test-failed-1.png]]

[[ATTACHMENT|click-budget-Click-Budget--94cfb-hould-complete-in-≤3-clicks-chromium\video.webm]]

[[ATTACHMENT|click-budget-Click-Budget--94cfb-hould-complete-in-≤3-clicks-chromium\error-context.md]]
]]>
</system-out>
</testcase>
<testcase name="Click Budget Tests › Booking Flow - should complete in ≤2 clicks" classname="click-budget.spec.ts" time="6.063">
<properties>
<property name="skip" value="Tenant does not support booking">
</property>
</properties>
<skipped>
</skipped>
</testcase>
<testcase name="Click Budget Tests › Reorder Flow - should complete in ≤1 click" classname="click-budget.spec.ts" time="4.965">
<properties>
<property name="skip" value="No order history available for reorder test">
</property>
</properties>
<skipped>
</skipped>
</testcase>
<testcase name="Click Budget Tests › Mobile Touch Targets - should meet 44px minimum" classname="click-budget.spec.ts" time="2.771">
</testcase>
<testcase name="Click Budget Tests › Command Palette - should open with Cmd+K" classname="click-budget.spec.ts" time="7.99">
<failure message="click-budget.spec.ts:162:7 Command Palette - should open with Cmd+K" type="FAILURE">
<![CDATA[  [chromium] › click-budget.spec.ts:162:7 › Click Budget Tests › Command Palette - should open with Cmd+K 

    Error: expect(locator).toBeVisible() failed

    Locator: locator('[data-testid="command-palette"]')
    Expected: visible
    Timeout: 5000ms
    Error: element(s) not found

    Call log:
      - Expect "toBeVisible" with timeout 5000ms
      - waiting for locator('[data-testid="command-palette"]')


      170 |
      171 |     // Command palette should be visible
    > 172 |     await expect(page.locator('[data-testid="command-palette"]')).toBeVisible();
          |                                                                   ^
      173 |
      174 |     // Should have search input focused
      175 |     await expect(page.locator('[data-testid="command-search"]')).toBeFocused();
        at C:\Dev\Zo\sass-store\tests\e2e\click-budget.spec.ts:172:67

    attachment #1: screenshot (image/png) ──────────────────────────────────────────────────────────
    ..\..\test-results\click-budget-Click-Budget--e3b38-te---should-open-with-Cmd-K-chromium\test-failed-1.png
    ────────────────────────────────────────────────────────────────────────────────────────────────

    attachment #2: video (video/webm) ──────────────────────────────────────────────────────────────
    ..\..\test-results\click-budget-Click-Budget--e3b38-te---should-open-with-Cmd-K-chromium\video.webm
    ────────────────────────────────────────────────────────────────────────────────────────────────

    Error Context: ..\..\test-results\click-budget-Click-Budget--e3b38-te---should-open-with-Cmd-K-chromium\error-context.md
]]>
</failure>
<system-out>
<![CDATA[
[[ATTACHMENT|click-budget-Click-Budget--e3b38-te---should-open-with-Cmd-K-chromium\test-failed-1.png]]

[[ATTACHMENT|click-budget-Click-Budget--e3b38-te---should-open-with-Cmd-K-chromium\video.webm]]

[[ATTACHMENT|click-budget-Click-Budget--e3b38-te---should-open-with-Cmd-K-chromium\error-context.md]]
]]>
</system-out>
</testcase>
<testcase name="Click Budget Tests › Quick Actions Dock - should show role-appropriate actions" classname="click-budget.spec.ts" time="8.074">
<failure message="click-budget.spec.ts:188:7 Quick Actions Dock - should show role-appropriate actions" type="FAILURE">
<![CDATA[  [chromium] › click-budget.spec.ts:188:7 › Click Budget Tests › Quick Actions Dock - should show role-appropriate actions 

    Error: expect(locator).toBeVisible() failed

    Locator: locator('[data-testid="quick-actions-dock"]')
    Expected: visible
    Timeout: 5000ms
    Error: element(s) not found

    Call log:
      - Expect "toBeVisible" with timeout 5000ms
      - waiting for locator('[data-testid="quick-actions-dock"]')


      190 |
      191 |     // Quick Actions Dock should be visible
    > 192 |     await expect(page.locator('[data-testid="quick-actions-dock"]')).toBeVisible();
          |                                                                      ^
      193 |
      194 |     // Should have customer actions by default (Book Now, Reorder, Favorites, Help)
      195 |     const actions = page.locator('[data-testid="quick-actions-dock"] button');
        at C:\Dev\Zo\sass-store\tests\e2e\click-budget.spec.ts:192:70

    attachment #1: screenshot (image/png) ──────────────────────────────────────────────────────────
    ..\..\test-results\click-budget-Click-Budget--fc498-ow-role-appropriate-actions-chromium\test-failed-1.png
    ────────────────────────────────────────────────────────────────────────────────────────────────

    attachment #2: video (video/webm) ──────────────────────────────────────────────────────────────
    ..\..\test-results\click-budget-Click-Budget--fc498-ow-role-appropriate-actions-chromium\video.webm
    ────────────────────────────────────────────────────────────────────────────────────────────────

    Error Context: ..\..\test-results\click-budget-Click-Budget--fc498-ow-role-appropriate-actions-chromium\error-context.md
]]>
</failure>
<system-out>
<![CDATA[
[[ATTACHMENT|click-budget-Click-Budget--fc498-ow-role-appropriate-actions-chromium\test-failed-1.png]]

[[ATTACHMENT|click-budget-Click-Budget--fc498-ow-role-appropriate-actions-chromium\video.webm]]

[[ATTACHMENT|click-budget-Click-Budget--fc498-ow-role-appropriate-actions-chromium\error-context.md]]
]]>
</system-out>
</testcase>
<testcase name="Click Budget Tests › Keyboard Navigation - should support full keyboard accessibility" classname="click-budget.spec.ts" time="2.589">
<failure message="click-budget.spec.ts:211:7 Keyboard Navigation - should support full keyboard accessibility" type="FAILURE">
<![CDATA[  [chromium] › click-budget.spec.ts:211:7 › Click Budget Tests › Keyboard Navigation - should support full keyboard accessibility 

    Error: expect(received).toBe(expected) // Object.is equality

    Expected: true
    Received: false

      217 |     // First focusable element should be focused
      218 |     const focusedElement = await page.locator(':focus').first();
    > 219 |     expect(await focusedElement.isVisible()).toBe(true);
          |                                              ^
      220 |
      221 |     // Test that all interactive elements are reachable via Tab
      222 |     const interactiveSelectors = [
        at C:\Dev\Zo\sass-store\tests\e2e\click-budget.spec.ts:219:46

    attachment #1: screenshot (image/png) ──────────────────────────────────────────────────────────
    ..\..\test-results\click-budget-Click-Budget--49c37-full-keyboard-accessibility-chromium\test-failed-1.png
    ────────────────────────────────────────────────────────────────────────────────────────────────

    attachment #2: video (video/webm) ──────────────────────────────────────────────────────────────
    ..\..\test-results\click-budget-Click-Budget--49c37-full-keyboard-accessibility-chromium\video.webm
    ────────────────────────────────────────────────────────────────────────────────────────────────

    Error Context: ..\..\test-results\click-budget-Click-Budget--49c37-full-keyboard-accessibility-chromium\error-context.md
]]>
</failure>
<system-out>
<![CDATA[
[[ATTACHMENT|click-budget-Click-Budget--49c37-full-keyboard-accessibility-chromium\test-failed-1.png]]

[[ATTACHMENT|click-budget-Click-Budget--49c37-full-keyboard-accessibility-chromium\video.webm]]

[[ATTACHMENT|click-budget-Click-Budget--49c37-full-keyboard-accessibility-chromium\error-context.md]]
]]>
</system-out>
</testcase>
</testsuite>
<testsuite name="error-handling\payment-timeout-recovery.spec.ts" timestamp="2025-10-29T19:08:05.826Z" hostname="chromium" tests="7" failures="1" skipped="0" time="31.265" errors="0">
<testcase name="Payment Gateway Timeout Recovery › should handle payment gateway timeout gracefully" classname="error-handling\payment-timeout-recovery.spec.ts" time="20.949">
<failure message="payment-timeout-recovery.spec.ts:9:7 should handle payment gateway timeout gracefully" type="FAILURE">
<![CDATA[  [chromium] › error-handling\payment-timeout-recovery.spec.ts:9:7 › Payment Gateway Timeout Recovery › should handle payment gateway timeout gracefully 

    TimeoutError: locator.click: Timeout 15000ms exceeded.
    Call log:
      - waiting for locator('[data-testid="complete-order-btn"], button:has-text("Complete Order")')


      38 |
      39 |     const completeOrderBtn = page.locator('[data-testid="complete-order-btn"], button:has-text("Complete Order")');
    > 40 |     await completeOrderBtn.click();
         |                            ^
      41 |
      42 |     // Verify loading state
      43 |     const paymentProcessing = page.locator('[data-testid="payment-processing"], .loading');
        at C:\Dev\Zo\sass-store\tests\e2e\error-handling\payment-timeout-recovery.spec.ts:40:28

    attachment #1: screenshot (image/png) ──────────────────────────────────────────────────────────
    ..\..\test-results\error-handling-payment-tim-de3ff--gateway-timeout-gracefully-chromium\test-failed-1.png
    ────────────────────────────────────────────────────────────────────────────────────────────────

    attachment #2: video (video/webm) ──────────────────────────────────────────────────────────────
    ..\..\test-results\error-handling-payment-tim-de3ff--gateway-timeout-gracefully-chromium\video.webm
    ────────────────────────────────────────────────────────────────────────────────────────────────

    Error Context: ..\..\test-results\error-handling-payment-tim-de3ff--gateway-timeout-gracefully-chromium\error-context.md
]]>
</failure>
<system-out>
<![CDATA[
[[ATTACHMENT|error-handling-payment-tim-de3ff--gateway-timeout-gracefully-chromium\test-failed-1.png]]

[[ATTACHMENT|error-handling-payment-tim-de3ff--gateway-timeout-gracefully-chromium\video.webm]]

[[ATTACHMENT|error-handling-payment-tim-de3ff--gateway-timeout-gracefully-chromium\error-context.md]]
]]>
</system-out>
</testcase>
<testcase name="Payment Gateway Timeout Recovery › should offer alternative payment methods on timeout" classname="error-handling\payment-timeout-recovery.spec.ts" time="1.616">
</testcase>
<testcase name="Payment Gateway Timeout Recovery › should preserve cart data during payment timeout" classname="error-handling\payment-timeout-recovery.spec.ts" time="2.219">
</testcase>
<testcase name="Payment Gateway Timeout Recovery › should provide helpful timeout error messages" classname="error-handling\payment-timeout-recovery.spec.ts" time="1.736">
</testcase>
<testcase name="Payment Gateway Timeout Recovery › should track timeout attempts and suggest support contact" classname="error-handling\payment-timeout-recovery.spec.ts" time="1.826">
</testcase>
<testcase name="Payment Gateway Timeout Recovery › should allow saving order for later completion on timeout" classname="error-handling\payment-timeout-recovery.spec.ts" time="1.417">
</testcase>
<testcase name="Payment Gateway Timeout Recovery › should not create duplicate orders on retry" classname="error-handling\payment-timeout-recovery.spec.ts" time="1.502">
</testcase>
</testsuite>
<testsuite name="fallback\fallback-comprehensive.spec.ts" timestamp="2025-10-29T19:08:05.826Z" hostname="chromium" tests="9" failures="3" skipped="0" time="30.596" errors="0">
<testcase name="Comprehensive Fallback Testing - Master Plan Implementation › Unknown subdomain fallback to zo-system" classname="fallback\fallback-comprehensive.spec.ts" time="1.047">
<failure message="fallback-comprehensive.spec.ts:4:7 Unknown subdomain fallback to zo-system" type="FAILURE">
<![CDATA[  [chromium] › fallback\fallback-comprehensive.spec.ts:4:7 › Comprehensive Fallback Testing - Master Plan Implementation › Unknown subdomain fallback to zo-system 

    Error: expect(received).toBeTruthy()

    Received: false

      35 |
      36 |       const hasFallback = fallbackIndicators.some(indicator => indicator);
    > 37 |       expect(hasFallback).toBeTruthy();
         |                           ^
      38 |
      39 |       // Verify fallback notice is shown (requirement from master plan)
      40 |       const fallbackNotice = page.locator('[data-testid="tenant-fallback-notice"], .fallback-notice');
        at C:\Dev\Zo\sass-store\tests\e2e\fallback\fallback-comprehensive.spec.ts:37:27

    attachment #1: screenshot (image/png) ──────────────────────────────────────────────────────────
    ..\..\test-results\fallback-fallback-comprehe-45388-omain-fallback-to-zo-system-chromium\test-failed-1.png
    ────────────────────────────────────────────────────────────────────────────────────────────────

    attachment #2: video (video/webm) ──────────────────────────────────────────────────────────────
    ..\..\test-results\fallback-fallback-comprehe-45388-omain-fallback-to-zo-system-chromium\video.webm
    ────────────────────────────────────────────────────────────────────────────────────────────────

    Error Context: ..\..\test-results\fallback-fallback-comprehe-45388-omain-fallback-to-zo-system-chromium\error-context.md
]]>
</failure>
<system-out>
<![CDATA[Testing fallback for: nonexistent-tenant

[[ATTACHMENT|fallback-fallback-comprehe-45388-omain-fallback-to-zo-system-chromium\test-failed-1.png]]

[[ATTACHMENT|fallback-fallback-comprehe-45388-omain-fallback-to-zo-system-chromium\video.webm]]

[[ATTACHMENT|fallback-fallback-comprehe-45388-omain-fallback-to-zo-system-chromium\error-context.md]]
]]>
</system-out>
</testcase>
<testcase name="Comprehensive Fallback Testing - Master Plan Implementation › Tenant path fallback handling" classname="fallback\fallback-comprehensive.spec.ts" time="3.418">
<system-out>
<![CDATA[Testing path fallback for: /t/invalid-tenant-slug/products
✅ Path fallback working for: /t/invalid-tenant-slug/products
Testing path fallback for: /t/suspended-business/services
✅ Path fallback working for: /t/suspended-business/services
Testing path fallback for: /t/non-existent/contact
✅ Path fallback working for: /t/non-existent/contact
Testing path fallback for: /t/deleted-tenant/admin
✅ Path fallback working for: /t/deleted-tenant/admin
Testing path fallback for: /t/malformed-slug-123!/booking
✅ Path fallback working for: /t/malformed-slug-123!/booking
]]>
</system-out>
</testcase>
<testcase name="Comprehensive Fallback Testing - Master Plan Implementation › SEO handling for fallback scenarios" classname="fallback\fallback-comprehensive.spec.ts" time="17.004">
<failure message="fallback-comprehensive.spec.ts:101:7 SEO handling for fallback scenarios" type="FAILURE">
<![CDATA[  [chromium] › fallback\fallback-comprehensive.spec.ts:101:7 › Comprehensive Fallback Testing - Master Plan Implementation › SEO handling for fallback scenarios 

    TimeoutError: locator.getAttribute: Timeout 15000ms exceeded.
    Call log:
      - waiting for locator('link[rel="canonical"]')


      105 |
      106 |     // Check canonical URL handling
    > 107 |     const canonical = await page.locator('link[rel="canonical"]').getAttribute('href');
          |                                                                   ^
      108 |     if (canonical) {
      109 |       // Should either canonical to zo-system or set noindex
      110 |       const isZoSystemCanonical = canonical.includes('zo-system');
        at C:\Dev\Zo\sass-store\tests\e2e\fallback\fallback-comprehensive.spec.ts:107:67

    attachment #1: screenshot (image/png) ──────────────────────────────────────────────────────────
    ..\..\test-results\fallback-fallback-comprehe-b6e71-ling-for-fallback-scenarios-chromium\test-failed-1.png
    ────────────────────────────────────────────────────────────────────────────────────────────────

    attachment #2: video (video/webm) ──────────────────────────────────────────────────────────────
    ..\..\test-results\fallback-fallback-comprehe-b6e71-ling-for-fallback-scenarios-chromium\video.webm
    ────────────────────────────────────────────────────────────────────────────────────────────────

    Error Context: ..\..\test-results\fallback-fallback-comprehe-b6e71-ling-for-fallback-scenarios-chromium\error-context.md
]]>
</failure>
<system-out>
<![CDATA[
[[ATTACHMENT|fallback-fallback-comprehe-b6e71-ling-for-fallback-scenarios-chromium\test-failed-1.png]]

[[ATTACHMENT|fallback-fallback-comprehe-b6e71-ling-for-fallback-scenarios-chromium\video.webm]]

[[ATTACHMENT|fallback-fallback-comprehe-b6e71-ling-for-fallback-scenarios-chromium\error-context.md]]
]]>
</system-out>
</testcase>
<testcase name="Comprehensive Fallback Testing - Master Plan Implementation › Suspended tenant handling" classname="fallback\fallback-comprehensive.spec.ts" time="0.345">
<system-out>
<![CDATA[✅ Suspended tenant handling validated
]]>
</system-out>
</testcase>
<testcase name="Comprehensive Fallback Testing - Master Plan Implementation › Tenant migration and redirect handling" classname="fallback\fallback-comprehensive.spec.ts" time="0.324">
<failure message="fallback-comprehensive.spec.ts:164:7 Tenant migration and redirect handling" type="FAILURE">
<![CDATA[  [chromium] › fallback\fallback-comprehensive.spec.ts:164:7 › Comprehensive Fallback Testing - Master Plan Implementation › Tenant migration and redirect handling 

    Error: expect(received).toContain(expected) // indexOf

    Expected substring: "new-tenant-slug"
    Received string:    "http://localhost:3001/t/old-tenant-slug"

      179 |     // Should handle redirect gracefully
      180 |     const finalUrl = page.url();
    > 181 |     expect(finalUrl).toContain('new-tenant-slug');
          |                      ^
      182 |
      183 |     // Should preserve SEO value with proper redirect
      184 |     expect(response?.status()).toBe(301);
        at C:\Dev\Zo\sass-store\tests\e2e\fallback\fallback-comprehensive.spec.ts:181:22

    attachment #1: screenshot (image/png) ──────────────────────────────────────────────────────────
    ..\..\test-results\fallback-fallback-comprehe-19cd3-ation-and-redirect-handling-chromium\test-failed-1.png
    ────────────────────────────────────────────────────────────────────────────────────────────────

    attachment #2: video (video/webm) ──────────────────────────────────────────────────────────────
    ..\..\test-results\fallback-fallback-comprehe-19cd3-ation-and-redirect-handling-chromium\video.webm
    ────────────────────────────────────────────────────────────────────────────────────────────────

    Error Context: ..\..\test-results\fallback-fallback-comprehe-19cd3-ation-and-redirect-handling-chromium\error-context.md
]]>
</failure>
<system-out>
<![CDATA[
[[ATTACHMENT|fallback-fallback-comprehe-19cd3-ation-and-redirect-handling-chromium\test-failed-1.png]]

[[ATTACHMENT|fallback-fallback-comprehe-19cd3-ation-and-redirect-handling-chromium\video.webm]]

[[ATTACHMENT|fallback-fallback-comprehe-19cd3-ation-and-redirect-handling-chromium\error-context.md]]
]]>
</system-out>
</testcase>
<testcase name="Comprehensive Fallback Testing - Master Plan Implementation › Graceful degradation with limited functionality" classname="fallback\fallback-comprehensive.spec.ts" time="1.712">
<system-out>
<![CDATA[✅ Graceful degradation validated
]]>
</system-out>
</testcase>
<testcase name="Comprehensive Fallback Testing - Master Plan Implementation › Database failover fallback" classname="fallback\fallback-comprehensive.spec.ts" time="1.343">
<system-out>
<![CDATA[✅ Database failover fallback validated
]]>
</system-out>
</testcase>
<testcase name="Comprehensive Fallback Testing - Master Plan Implementation › CDN and asset fallback" classname="fallback\fallback-comprehensive.spec.ts" time="1.139">
<system-out>
<![CDATA[✅ CDN and asset fallback validated
]]>
</system-out>
</testcase>
<testcase name="Comprehensive Fallback Testing - Master Plan Implementation › Fallback performance validation" classname="fallback\fallback-comprehensive.spec.ts" time="4.264">
<system-out>
<![CDATA[✅ Fallback performance validated: 558ms load time
]]>
</system-out>
</testcase>
</testsuite>
<testsuite name="fix-forgot-password-500-error-by-adding-resettoken-and-resettokenexpiry-columns-to-users-table.-push-database-schema-changes.-run-forgot-password-tests-to-ensure-100%-coverage.-fix-any-failing-tests..spec.ts" timestamp="2025-10-29T19:08:05.826Z" hostname="chromium" tests="3" failures="0" skipped="0" time="3.315" errors="0">
<testcase name="Fix forgot-password 500 error by adding resetToken and resetTokenExpiry columns to users table. Push database schema changes. Run forgot-password tests to ensure 100% coverage. Fix any failing tests. › should load Fix forgot-password 500 error by adding resetToken and resetTokenExpiry columns to users table. Push database schema changes. Run forgot-password tests to ensure 100% coverage. Fix any failing tests. successfully" classname="fix-forgot-password-500-error-by-adding-resettoken-and-resettokenexpiry-columns-to-users-table.-push-database-schema-changes.-run-forgot-password-tests-to-ensure-100%-coverage.-fix-any-failing-tests..spec.ts" time="1.03">
</testcase>
<testcase name="Fix forgot-password 500 error by adding resetToken and resetTokenExpiry columns to users table. Push database schema changes. Run forgot-password tests to ensure 100% coverage. Fix any failing tests. › should interact with Fix forgot-password 500 error by adding resetToken and resetTokenExpiry columns to users table. Push database schema changes. Run forgot-password tests to ensure 100% coverage. Fix any failing tests." classname="fix-forgot-password-500-error-by-adding-resettoken-and-resettokenexpiry-columns-to-users-table.-push-database-schema-changes.-run-forgot-password-tests-to-ensure-100%-coverage.-fix-any-failing-tests..spec.ts" time="1.047">
</testcase>
<testcase name="Fix forgot-password 500 error by adding resetToken and resetTokenExpiry columns to users table. Push database schema changes. Run forgot-password tests to ensure 100% coverage. Fix any failing tests. › should handle errors in Fix forgot-password 500 error by adding resetToken and resetTokenExpiry columns to users table. Push database schema changes. Run forgot-password tests to ensure 100% coverage. Fix any failing tests." classname="fix-forgot-password-500-error-by-adding-resettoken-and-resettokenexpiry-columns-to-users-table.-push-database-schema-changes.-run-forgot-password-tests-to-ensure-100%-coverage.-fix-any-failing-tests..spec.ts" time="1.238">
</testcase>
</testsuite>
<testsuite name="interactions\mobile-desktop-interactions.spec.ts" timestamp="2025-10-29T19:08:05.826Z" hostname="chromium" tests="12" failures="4" skipped="5" time="73.923" errors="0">
<testcase name="Mobile Touch Interactions › should support pinch-to-zoom on product images" classname="interactions\mobile-desktop-interactions.spec.ts" time="0.189">
<properties>
<property name="skip" value="Mobile-specific test">
</property>
</properties>
<skipped>
</skipped>
</testcase>
<testcase name="Mobile Touch Interactions › should support swipe gestures for image gallery" classname="interactions\mobile-desktop-interactions.spec.ts" time="0.187">
<properties>
<property name="skip" value="Mobile-specific test">
</property>
</properties>
<skipped>
</skipped>
</testcase>
<testcase name="Mobile Touch Interactions › should support pull-to-refresh" classname="interactions\mobile-desktop-interactions.spec.ts" time="0.182">
<properties>
<property name="skip" value="Mobile-specific test">
</property>
</properties>
<skipped>
</skipped>
</testcase>
<testcase name="Mobile Touch Interactions › should have touch targets of at least 44px" classname="interactions\mobile-desktop-interactions.spec.ts" time="0.261">
<properties>
<property name="skip" value="Mobile-specific test">
</property>
</properties>
<skipped>
</skipped>
</testcase>
<testcase name="Mobile Touch Interactions › should support long-press for context menu" classname="interactions\mobile-desktop-interactions.spec.ts" time="0.224">
<properties>
<property name="skip" value="Mobile-specific test">
</property>
</properties>
<skipped>
</skipped>
</testcase>
<testcase name="Desktop Mouse Interactions › should show hover effects on product cards" classname="interactions\mobile-desktop-interactions.spec.ts" time="17.213">
<failure message="mobile-desktop-interactions.spec.ts:142:7 should show hover effects on product cards" type="FAILURE">
<![CDATA[  [chromium] › interactions\mobile-desktop-interactions.spec.ts:142:7 › Desktop Mouse Interactions › should show hover effects on product cards 

    TimeoutError: locator.hover: Timeout 15000ms exceeded.
    Call log:
      - waiting for locator('[data-testid="product-card"]').first()


      146 |
      147 |     const productCard = page.locator('[data-testid="product-card"]').first();
    > 148 |     await productCard.hover();
          |                       ^
      149 |
      150 |     // Verify hover overlay appears
      151 |     const hoverOverlay = page.locator('[data-testid="product-hover-overlay"], .product-overlay');
        at C:\Dev\Zo\sass-store\tests\e2e\interactions\mobile-desktop-interactions.spec.ts:148:23

    attachment #1: screenshot (image/png) ──────────────────────────────────────────────────────────
    ..\..\test-results\interactions-mobile-deskto-f3d6a-er-effects-on-product-cards-chromium\test-failed-1.png
    ────────────────────────────────────────────────────────────────────────────────────────────────

    attachment #2: video (video/webm) ──────────────────────────────────────────────────────────────
    ..\..\test-results\interactions-mobile-deskto-f3d6a-er-effects-on-product-cards-chromium\video.webm
    ────────────────────────────────────────────────────────────────────────────────────────────────

    Error Context: ..\..\test-results\interactions-mobile-deskto-f3d6a-er-effects-on-product-cards-chromium\error-context.md
]]>
</failure>
<system-out>
<![CDATA[
[[ATTACHMENT|interactions-mobile-deskto-f3d6a-er-effects-on-product-cards-chromium\test-failed-1.png]]

[[ATTACHMENT|interactions-mobile-deskto-f3d6a-er-effects-on-product-cards-chromium\video.webm]]

[[ATTACHMENT|interactions-mobile-deskto-f3d6a-er-effects-on-product-cards-chromium\error-context.md]]
]]>
</system-out>
</testcase>
<testcase name="Desktop Mouse Interactions › should support right-click context menu" classname="interactions\mobile-desktop-interactions.spec.ts" time="17.163">
<failure message="mobile-desktop-interactions.spec.ts:163:7 should support right-click context menu" type="FAILURE">
<![CDATA[  [chromium] › interactions\mobile-desktop-interactions.spec.ts:163:7 › Desktop Mouse Interactions › should support right-click context menu 

    TimeoutError: locator.click: Timeout 15000ms exceeded.
    Call log:
      - waiting for locator('[data-testid="product-card"]').first()


      167 |
      168 |     const productCard = page.locator('[data-testid="product-card"]').first();
    > 169 |     await productCard.click({ button: 'right' });
          |                       ^
      170 |
      171 |     const contextMenu = page.locator('[data-testid="context-menu"]');
      172 |     if (await contextMenu.isVisible()) {
        at C:\Dev\Zo\sass-store\tests\e2e\interactions\mobile-desktop-interactions.spec.ts:169:23

    attachment #1: screenshot (image/png) ──────────────────────────────────────────────────────────
    ..\..\test-results\interactions-mobile-deskto-9818a-rt-right-click-context-menu-chromium\test-failed-1.png
    ────────────────────────────────────────────────────────────────────────────────────────────────

    attachment #2: video (video/webm) ──────────────────────────────────────────────────────────────
    ..\..\test-results\interactions-mobile-deskto-9818a-rt-right-click-context-menu-chromium\video.webm
    ────────────────────────────────────────────────────────────────────────────────────────────────

    Error Context: ..\..\test-results\interactions-mobile-deskto-9818a-rt-right-click-context-menu-chromium\error-context.md
]]>
</failure>
<system-out>
<![CDATA[
[[ATTACHMENT|interactions-mobile-deskto-9818a-rt-right-click-context-menu-chromium\test-failed-1.png]]

[[ATTACHMENT|interactions-mobile-deskto-9818a-rt-right-click-context-menu-chromium\video.webm]]

[[ATTACHMENT|interactions-mobile-deskto-9818a-rt-right-click-context-menu-chromium\error-context.md]]
]]>
</system-out>
</testcase>
<testcase name="Desktop Mouse Interactions › should support drag and drop to cart" classname="interactions\mobile-desktop-interactions.spec.ts" time="1.255">
</testcase>
<testcase name="Desktop Mouse Interactions › should support keyboard shortcuts" classname="interactions\mobile-desktop-interactions.spec.ts" time="1.144">
</testcase>
<testcase name="Desktop Mouse Interactions › should show tooltip on hover" classname="interactions\mobile-desktop-interactions.spec.ts" time="1.318">
</testcase>
<testcase name="Desktop Mouse Interactions › should support mouse wheel for image zoom" classname="interactions\mobile-desktop-interactions.spec.ts" time="17.424">
<failure message="mobile-desktop-interactions.spec.ts:248:7 should support mouse wheel for image zoom" type="FAILURE">
<![CDATA[  [chromium] › interactions\mobile-desktop-interactions.spec.ts:248:7 › Desktop Mouse Interactions › should support mouse wheel for image zoom 

    TimeoutError: locator.click: Timeout 15000ms exceeded.
    Call log:
      - waiting for locator('[data-testid="product-card"]').first()


      252 |
      253 |     const productCard = page.locator('[data-testid="product-card"]').first();
    > 254 |     await productCard.click();
          |                       ^
      255 |
      256 |     const productImage = page.locator('[data-testid="product-image-main"]');
      257 |     if (await productImage.isVisible()) {
        at C:\Dev\Zo\sass-store\tests\e2e\interactions\mobile-desktop-interactions.spec.ts:254:23

    attachment #1: screenshot (image/png) ──────────────────────────────────────────────────────────
    ..\..\test-results\interactions-mobile-deskto-67c41--mouse-wheel-for-image-zoom-chromium\test-failed-1.png
    ────────────────────────────────────────────────────────────────────────────────────────────────

    attachment #2: video (video/webm) ──────────────────────────────────────────────────────────────
    ..\..\test-results\interactions-mobile-deskto-67c41--mouse-wheel-for-image-zoom-chromium\video.webm
    ────────────────────────────────────────────────────────────────────────────────────────────────

    Error Context: ..\..\test-results\interactions-mobile-deskto-67c41--mouse-wheel-for-image-zoom-chromium\error-context.md
]]>
</failure>
<system-out>
<![CDATA[
[[ATTACHMENT|interactions-mobile-deskto-67c41--mouse-wheel-for-image-zoom-chromium\test-failed-1.png]]

[[ATTACHMENT|interactions-mobile-deskto-67c41--mouse-wheel-for-image-zoom-chromium\video.webm]]

[[ATTACHMENT|interactions-mobile-deskto-67c41--mouse-wheel-for-image-zoom-chromium\error-context.md]]
]]>
</system-out>
</testcase>
<testcase name="Desktop Mouse Interactions › should support double-click for quick actions" classname="interactions\mobile-desktop-interactions.spec.ts" time="17.363">
<failure message="mobile-desktop-interactions.spec.ts:279:7 should support double-click for quick actions" type="FAILURE">
<![CDATA[  [chromium] › interactions\mobile-desktop-interactions.spec.ts:279:7 › Desktop Mouse Interactions › should support double-click for quick actions 

    TimeoutError: locator.dblclick: Timeout 15000ms exceeded.
    Call log:
      - waiting for locator('[data-testid="product-card"]').first()


      285 |
      286 |     // Double-click to add to cart or open quick view
    > 287 |     await productCard.dblclick();
          |                       ^
      288 |
      289 |     await page.waitForTimeout(500);
      290 |
        at C:\Dev\Zo\sass-store\tests\e2e\interactions\mobile-desktop-interactions.spec.ts:287:23

    attachment #1: screenshot (image/png) ──────────────────────────────────────────────────────────
    ..\..\test-results\interactions-mobile-deskto-7b17f-ble-click-for-quick-actions-chromium\test-failed-1.png
    ────────────────────────────────────────────────────────────────────────────────────────────────

    attachment #2: video (video/webm) ──────────────────────────────────────────────────────────────
    ..\..\test-results\interactions-mobile-deskto-7b17f-ble-click-for-quick-actions-chromium\video.webm
    ────────────────────────────────────────────────────────────────────────────────────────────────

    Error Context: ..\..\test-results\interactions-mobile-deskto-7b17f-ble-click-for-quick-actions-chromium\error-context.md
]]>
</failure>
<system-out>
<![CDATA[
[[ATTACHMENT|interactions-mobile-deskto-7b17f-ble-click-for-quick-actions-chromium\test-failed-1.png]]

[[ATTACHMENT|interactions-mobile-deskto-7b17f-ble-click-for-quick-actions-chromium\video.webm]]

[[ATTACHMENT|interactions-mobile-deskto-7b17f-ble-click-for-quick-actions-chromium\error-context.md]]
]]>
</system-out>
</testcase>
</testsuite>
<testsuite name="media-pipeline\media-optimization.spec.ts" timestamp="2025-10-29T19:08:05.826Z" hostname="chromium" tests="7" failures="0" skipped="0" time="13.464" errors="0">
<testcase name="Media Pipeline E2E Tests - Optimization &amp; AVIF/WebP › Media Upload - Optimization pipeline (AVIF/WebP, variantes, EXIF off)" classname="media-pipeline\media-optimization.spec.ts" time="4.154">
<system-out>
<![CDATA[⚪ wondernails: Media upload not available
⚪ nom-nom: Media upload not available
⚪ delirios: Media upload not available
⚪ zo-system: Media upload not available
]]>
</system-out>
</testcase>
<testcase name="Media Pipeline E2E Tests - Optimization &amp; AVIF/WebP › Media Deduplication - Prevent duplicate uploads" classname="media-pipeline\media-optimization.spec.ts" time="2.56">
</testcase>
<testcase name="Media Pipeline E2E Tests - Optimization &amp; AVIF/WebP › Media Serving - AVIF/WebP delivery with fallbacks" classname="media-pipeline\media-optimization.spec.ts" time="2.13">
</testcase>
<testcase name="Media Pipeline E2E Tests - Optimization &amp; AVIF/WebP › Media Performance - Loading and rendering optimization" classname="media-pipeline\media-optimization.spec.ts" time="2.131">
<system-out>
<![CDATA[✅ wondernails: Image loading performance validated
✅ nom-nom: Image loading performance validated
]]>
</system-out>
</testcase>
<testcase name="Media Pipeline E2E Tests - Optimization &amp; AVIF/WebP › Media Storage - Tenant isolation and quotas" classname="media-pipeline\media-optimization.spec.ts" time="0.204">
</testcase>
<testcase name="Media Pipeline E2E Tests - Optimization &amp; AVIF/WebP › Media API - Cross-tenant access prevention" classname="media-pipeline\media-optimization.spec.ts" time="0.035">
</testcase>
<testcase name="Media Pipeline E2E Tests - Optimization &amp; AVIF/WebP › Media Variants - Responsive image generation" classname="media-pipeline\media-optimization.spec.ts" time="2.25">
</testcase>
</testsuite>
<testsuite name="multitenant\tenant-isolation.spec.ts" timestamp="2025-10-29T19:08:05.826Z" hostname="chromium" tests="5" failures="3" skipped="0" time="24.052" errors="0">
<testcase name="Multitenant Isolation Tests › Cart isolation between tenants" classname="multitenant\tenant-isolation.spec.ts" time="2.228">
</testcase>
<testcase name="Multitenant Isolation Tests › Data isolation - no cross-tenant data leakage" classname="multitenant\tenant-isolation.spec.ts" time="17.315">
<failure message="tenant-isolation.spec.ts:38:7 Data isolation - no cross-tenant data leakage" type="FAILURE">
<![CDATA[  [chromium] › multitenant\tenant-isolation.spec.ts:38:7 › Multitenant Isolation Tests › Data isolation - no cross-tenant data leakage 

    TimeoutError: locator.textContent: Timeout 15000ms exceeded.
    Call log:
      - waiting for locator('h1, h2, .tenant-name, [data-testid="tenant-name"]').first()


      43 |       // Check that tenant-specific branding is applied
      44 |       const tenantHeaders = page.locator('h1, h2, .tenant-name, [data-testid="tenant-name"]');
    > 45 |       const headerText = await tenantHeaders.first().textContent();
         |                                                      ^
      46 |
      47 |       // Ensure we don't see other tenant names in the content
      48 |       const otherTenants = tenants.filter(t => t !== tenant);
        at C:\Dev\Zo\sass-store\tests\e2e\multitenant\tenant-isolation.spec.ts:45:54

    attachment #1: screenshot (image/png) ──────────────────────────────────────────────────────────
    ..\..\test-results\multitenant-tenant-isolati-61c72-o-cross-tenant-data-leakage-chromium\test-failed-1.png
    ────────────────────────────────────────────────────────────────────────────────────────────────

    attachment #2: video (video/webm) ──────────────────────────────────────────────────────────────
    ..\..\test-results\multitenant-tenant-isolati-61c72-o-cross-tenant-data-leakage-chromium\video.webm
    ────────────────────────────────────────────────────────────────────────────────────────────────

    Error Context: ..\..\test-results\multitenant-tenant-isolati-61c72-o-cross-tenant-data-leakage-chromium\error-context.md
]]>
</failure>
<system-out>
<![CDATA[
[[ATTACHMENT|multitenant-tenant-isolati-61c72-o-cross-tenant-data-leakage-chromium\test-failed-1.png]]

[[ATTACHMENT|multitenant-tenant-isolati-61c72-o-cross-tenant-data-leakage-chromium\video.webm]]

[[ATTACHMENT|multitenant-tenant-isolati-61c72-o-cross-tenant-data-leakage-chromium\error-context.md]]
]]>
</system-out>
</testcase>
<testcase name="Multitenant Isolation Tests › API endpoint isolation" classname="multitenant\tenant-isolation.spec.ts" time="1.341">
</testcase>
<testcase name="Multitenant Isolation Tests › Fallback to zo-system for unknown tenants" classname="multitenant\tenant-isolation.spec.ts" time="0.776">
<failure message="tenant-isolation.spec.ts:90:7 Fallback to zo-system for unknown tenants" type="FAILURE">
<![CDATA[  [chromium] › multitenant\tenant-isolation.spec.ts:90:7 › Multitenant Isolation Tests › Fallback to zo-system for unknown tenants 

    Error: expect(received).toBeTruthy()

    Received: false

      102 |                                await page.locator('[data-tenant="zo-system"]').isVisible();
      103 |
    > 104 |     expect(isZoSystemFallback).toBeTruthy();
          |                                ^
      105 |   });
      106 |
      107 |   test('Session isolation between tenants', async ({ context }) => {
        at C:\Dev\Zo\sass-store\tests\e2e\multitenant\tenant-isolation.spec.ts:104:32

    attachment #1: screenshot (image/png) ──────────────────────────────────────────────────────────
    ..\..\test-results\multitenant-tenant-isolati-161b8--system-for-unknown-tenants-chromium\test-failed-1.png
    ────────────────────────────────────────────────────────────────────────────────────────────────

    attachment #2: video (video/webm) ──────────────────────────────────────────────────────────────
    ..\..\test-results\multitenant-tenant-isolati-161b8--system-for-unknown-tenants-chromium\video.webm
    ────────────────────────────────────────────────────────────────────────────────────────────────

    Error Context: ..\..\test-results\multitenant-tenant-isolati-161b8--system-for-unknown-tenants-chromium\error-context.md
]]>
</failure>
<system-out>
<![CDATA[
[[ATTACHMENT|multitenant-tenant-isolati-161b8--system-for-unknown-tenants-chromium\test-failed-1.png]]

[[ATTACHMENT|multitenant-tenant-isolati-161b8--system-for-unknown-tenants-chromium\video.webm]]

[[ATTACHMENT|multitenant-tenant-isolati-161b8--system-for-unknown-tenants-chromium\error-context.md]]
]]>
</system-out>
</testcase>
<testcase name="Multitenant Isolation Tests › Session isolation between tenants" classname="multitenant\tenant-isolation.spec.ts" time="2.392">
<failure message="tenant-isolation.spec.ts:107:7 Session isolation between tenants" type="FAILURE">
<![CDATA[  [chromium] › multitenant\tenant-isolation.spec.ts:107:7 › Multitenant Isolation Tests › Session isolation between tenants 

    Error: expect(received).toContain(expected) // indexOf

    Expected substring: "wondernails"
    Received string:    "{\"props\":{\"pageprops\":{\"statuscode\":500,\"hostname\":\"localhost\"}},\"page\":\"/_error\",\"query\":{},\"buildid\":\"development\",\"isfallback\":false,\"err\":{\"name\":\"error\",\"source\":\"server\",\"message\":\"an error occurred in `next/font`.\\n\\nerror: cannot find module 'object-hash'\\nrequire stack:\\n- c:\\\\dev\\\\zo\\\\sass-store\\\\apps\\\\web\\\\node_modules\\\\tailwindcss\\\\lib\\\\util\\\\hashconfig.js\\n- c:\\\\dev\\\\zo\\\\sass-store\\\\apps\\\\web\\\\node_modules\\\\tailwindcss\\\\lib\\\\lib\\\\setuptrackingcontext.js\\n- c:\\\\dev\\\\zo\\\\sass-store\\\\apps\\\\web\\\\node_modules\\\\tailwindcss\\\\lib\\\\plugin.js\\n- c:\\\\dev\\\\zo\\\\sass-store\\\\apps\\\\web\\\\node_modules\\\\tailwindcss\\\\lib\\\\index.js\\n- c:\\\\dev\\\\zo\\\\sass-store\\\\apps\\\\web\\\\node_modules\\\\next\\\\dist\\\\build\\\\webpack\\\\config\\\\blocks\\\\css\\\\plugins.js\\n- c:\\\\dev\\\\zo\\\\sass-store\\\\apps\\\\web\\\\node_modules\\\\next\\\\dist\\\\build\\\\webpack\\\\config\\\\blocks\\\\css\\\\index.js\\n- c:\\\\dev\\\\zo\\\\sass-store\\\\apps\\\\web\\\\node_modules\\\\next\\\\dist\\\\build\\\\webpack\\\\config\\\\index.js\\n- c:\\\\dev\\\\zo\\\\sass-store\\\\apps\\\\web\\\\node_modules\\\\next\\\\dist\\\\build\\\\webpack-config.js\\n- c:\\\\dev\\\\zo\\\\sass-store\\\\apps\\\\web\\\\node_modules\\\\next\\\\dist\\\\server\\\\dev\\\\hot-reloader-webpack.js\\n- c:\\\\dev\\\\zo\\\\sass-store\\\\apps\\\\web\\\\node_modules\\\\next\\\\dist\\\\server\\\\lib\\\\router-utils\\\\setup-dev-bundler.js\\n- c:\\\\dev\\\\zo\\\\sass-store\\\\apps\\\\web\\\\node_modules\\\\next\\\\dist\\\\server\\\\lib\\\\router-server.js\\n- c:\\\\dev\\\\zo\\\\sass-store\\\\apps\\\\web\\\\node_modules\\\\next\\\\dist\\\\server\\\\lib\\\\start-server.js\\n    at function.\\u003canonymous\\u003e (node:internal/modules/cjs/loader:1401:15)\\n    at c:\\\\dev\\\\zo\\\\sass-store\\\\apps\\\\web\\\\node_modules\\\\next\\\\dist\\\\server\\\\require-hook.js:57:36\\n    at defaultresolveimpl (node:internal/modules/cjs/loader:1057:19)\\n    at resolveforcjswithhooks (node:internal/modules/cjs/loader:1062:22)\\n    at function._load (node:internal/modules/cjs/loader:1211:37)\\n    at tracingchannel.tracesync (node:diagnostics_channel:322:14)\\n    at wrapmoduleload (node:internal/modules/cjs/loader:235:24)\\n    at module.\\u003canonymous\\u003e (node:internal/modules/cjs/loader:1487:12)\\n    at mod.require (c:\\\\dev\\\\zo\\\\sass-store\\\\apps\\\\web\\\\node_modules\\\\next\\\\dist\\\\server\\\\require-hook.js:68:28)\\n    at require (node:internal/modules/helpers:135:16)\\n    at object.\\u003canonymous\\u003e (c:\\\\dev\\\\zo\\\\sass-store\\\\apps\\\\web\\\\node_modules\\\\tailwindcss\\\\lib\\\\util\\\\hashconfig.js:11:60)\\n    at module._compile (node:internal/modules/cjs/loader:1730:14)\\n    at object..js (node:internal/modules/cjs/loader:1895:10)\\n    at module.load (node:internal/modules/cjs/loader:1465:32)\\n    at function._load (node:internal/modules/cjs/loader:1282:12)\\n    at tracingchannel.tracesync (node:diagnostics_channel:322:14)\\n    at wrapmoduleload (node:internal/modules/cjs/loader:235:24)\\n    at module.\\u003canonymous\\u003e (node:internal/modules/cjs/loader:1487:12)\\n    at mod.require (c:\\\\dev\\\\zo\\\\sass-store\\\\apps\\\\web\\\\node_modules\\\\next\\\\dist\\\\server\\\\require-hook.js:68:28)\\n    at require (node:internal/modules/helpers:135:16)\\n    at object.\\u003canonymous\\u003e (c:\\\\dev\\\\zo\\\\sass-store\\\\apps\\\\web\\\\node_modules\\\\tailwindcss\\\\lib\\\\lib\\\\setuptrackingcontext.js:18:60)\\n    at module._compile (node:internal/modules/cjs/loader:1730:14)\\n    at object..js (node:internal/modules/cjs/loader:1895:10)\\n    at module.load (node:internal/modules/cjs/loader:1465:32)\\n    at function._load (node:internal/modules/cjs/loader:1282:12)\\n    at tracingchannel.tracesync (node:diagnostics_channel:322:14)\\n    at wrapmoduleload (node:internal/modules/cjs/loader:235:24)\\n    at module.\\u003canonymous\\u003e (node:internal/modules/cjs/loader:1487:12)\\n    at mod.require (c:\\\\dev\\\\zo\\\\sass-store\\\\apps\\\\web\\\\node_modules\\\\next\\\\dist\\\\server\\\\require-hook.js:68:28)\\n    at require (node:internal/modules/helpers:135:16)\\n    at object.\\u003canonymous\\u003e (c:\\\\dev\\\\zo\\\\sass-store\\\\apps\\\\web\\\\node_modules\\\\tailwindcss\\\\lib\\\\plugin.js:5:70)\\n    at module._compile (node:internal/modules/cjs/loader:1730:14)\\n    at object..js (node:internal/modules/cjs/loader:1895:10)\\n    at module.load (node:internal/modules/cjs/loader:1465:32)\\n    at function._load (node:internal/modules/cjs/loader:1282:12)\\n    at tracingchannel.tracesync (node:diagnostics_channel:322:14)\\n    at wrapmoduleload (node:internal/modules/cjs/loader:235:24)\\n    at module.\\u003canonymous\\u003e (node:internal/modules/cjs/loader:1487:12)\\n    at mod.require (c:\\\\dev\\\\zo\\\\sass-store\\\\apps\\\\web\\\\node_modules\\\\next\\\\dist\\\\server\\\\require-hook.js:68:28)\\n    at require (node:internal/modules/helpers:135:16)\\n    at object.\\u003canonymous\\u003e (c:\\\\dev\\\\zo\\\\sass-store\\\\apps\\\\web\\\\node_modules\\\\tailwindcss\\\\lib\\\\index.js:2:18)\\n    at module._compile (node:internal/modules/cjs/loader:1730:14)\\n    at object..js (node:internal/modules/cjs/loader:1895:10)\\n    at module.load (node:internal/modules/cjs/loader:1465:32)\\n    at function._load (node:internal/modules/cjs/loader:1282:12)\\n    at tracingchannel.tracesync (node:diagnostics_channel:322:14)\\n    at wrapmoduleload (node:internal/modules/cjs/loader:235:24)\\n    at module.\\u003canonymous\\u003e (node:internal/modules/cjs/loader:1487:12)\\n    at mod.require (c:\\\\dev\\\\zo\\\\sass-store\\\\apps\\\\web\\\\node_modules\\\\next\\\\dist\\\\server\\\\require-hook.js:68:28)\\n    at require (node:internal/modules/helpers:135:16)\",\"stack\":\"error: an error occurred in `next/font`.\\n\\nerror: cannot find module 'object-hash'\\nrequire stack:\\n- c:\\\\dev\\\\zo\\\\sass-store\\\\apps\\\\web\\\\node_modules\\\\tailwindcss\\\\lib\\\\util\\\\hashconfig.js\\n- c:\\\\dev\\\\zo\\\\sass-store\\\\apps\\\\web\\\\node_modules\\\\tailwindcss\\\\lib\\\\lib\\\\setuptrackingcontext.js\\n- c:\\\\dev\\\\zo\\\\sass-store\\\\apps\\\\web\\\\node_modules\\\\tailwindcss\\\\lib\\\\plugin.js\\n- c:\\\\dev\\\\zo\\\\sass-store\\\\apps\\\\web\\\\node_modules\\\\tailwindcss\\\\lib\\\\index.js\\n- c:\\\\dev\\\\zo\\\\sass-store\\\\apps\\\\web\\\\node_modules\\\\next\\\\dist\\\\build\\\\webpack\\\\config\\\\blocks\\\\css\\\\plugins.js\\n- c:\\\\dev\\\\zo\\\\sass-store\\\\apps\\\\web\\\\node_modules\\\\next\\\\dist\\\\build\\\\webpack\\\\config\\\\blocks\\\\css\\\\index.js\\n- c:\\\\dev\\\\zo\\\\sass-store\\\\apps\\\\web\\\\node_modules\\\\next\\\\dist\\\\build\\\\webpack\\\\config\\\\index.js\\n- c:\\\\dev\\\\zo\\\\sass-store\\\\apps\\\\web\\\\node_modules\\\\next\\\\dist\\\\build\\\\webpack-config.js\\n- c:\\\\dev\\\\zo\\\\sass-store\\\\apps\\\\web\\\\node_modules\\\\next\\\\dist\\\\server\\\\dev\\\\hot-reloader-webpack.js\\n- c:\\\\dev\\\\zo\\\\sass-store\\\\apps\\\\web\\\\node_modules\\\\next\\\\dist\\\\server\\\\lib\\\\router-utils\\\\setup-dev-bundler.js\\n- c:\\\\dev\\\\zo\\\\sass-store\\\\apps\\\\web\\\\node_modules\\\\next\\\\dist\\\\server\\\\lib\\\\router-server.js\\n- c:\\\\dev\\\\zo\\\\sass-store\\\\apps\\\\web\\\\node_modules\\\\next\\\\dist\\\\server\\\\lib\\\\start-server.js\\n    at function.\\u003canonymous\\u003e (node:internal/modules/cjs/loader:1401:15)\\n    at c:\\\\dev\\\\zo\\\\sass-store\\\\apps\\\\web\\\\node_modules\\\\next\\\\dist\\\\server\\\\require-hook.js:57:36\\n    at defaultresolveimpl (node:internal/modules/cjs/loader:1057:19)\\n    at resolveforcjswithhooks (node:internal/modules/cjs/loader:1062:22)\\n    at function._load (node:internal/modules/cjs/loader:1211:37)\\n    at tracingchannel.tracesync (node:diagnostics_channel:322:14)\\n    at wrapmoduleload (node:internal/modules/cjs/loader:235:24)\\n    at module.\\u003canonymous\\u003e (node:internal/modules/cjs/loader:1487:12)\\n    at mod.require (c:\\\\dev\\\\zo\\\\sass-store\\\\apps\\\\web\\\\node_modules\\\\next\\\\dist\\\\server\\\\require-hook.js:68:28)\\n    at require (node:internal/modules/helpers:135:16)\\n    at object.\\u003canonymous\\u003e (c:\\\\dev\\\\zo\\\\sass-store\\\\apps\\\\web\\\\node_modules\\\\tailwindcss\\\\lib\\\\util\\\\hashconfig.js:11:60)\\n    at module._compile (node:internal/modules/cjs/loader:1730:14)\\n    at object..js (node:internal/modules/cjs/loader:1895:10)\\n    at module.load (node:internal/modules/cjs/loader:1465:32)\\n    at function._load (node:internal/modules/cjs/loader:1282:12)\\n    at tracingchannel.tracesync (node:diagnostics_channel:322:14)\\n    at wrapmoduleload (node:internal/modules/cjs/loader:235:24)\\n    at module.\\u003canonymous\\u003e (node:internal/modules/cjs/loader:1487:12)\\n    at mod.require (c:\\\\dev\\\\zo\\\\sass-store\\\\apps\\\\web\\\\node_modules\\\\next\\\\dist\\\\server\\\\require-hook.js:68:28)\\n    at require (node:internal/modules/helpers:135:16)\\n    at object.\\u003canonymous\\u003e (c:\\\\dev\\\\zo\\\\sass-store\\\\apps\\\\web\\\\node_modules\\\\tailwindcss\\\\lib\\\\lib\\\\setuptrackingcontext.js:18:60)\\n    at module._compile (node:internal/modules/cjs/loader:1730:14)\\n    at object..js (node:internal/modules/cjs/loader:1895:10)\\n    at module.load (node:internal/modules/cjs/loader:1465:32)\\n    at function._load (node:internal/modules/cjs/loader:1282:12)\\n    at tracingchannel.tracesync (node:diagnostics_channel:322:14)\\n    at wrapmoduleload (node:internal/modules/cjs/loader:235:24)\\n    at module.\\u003canonymous\\u003e (node:internal/modules/cjs/loader:1487:12)\\n    at mod.require (c:\\\\dev\\\\zo\\\\sass-store\\\\apps\\\\web\\\\node_modules\\\\next\\\\dist\\\\server\\\\require-hook.js:68:28)\\n    at require (node:internal/modules/helpers:135:16)\\n    at object.\\u003canonymous\\u003e (c:\\\\dev\\\\zo\\\\sass-store\\\\apps\\\\web\\\\node_modules\\\\tailwindcss\\\\lib\\\\plugin.js:5:70)\\n    at module._compile (node:internal/modules/cjs/loader:1730:14)\\n    at object..js (node:internal/modules/cjs/loader:1895:10)\\n    at module.load (node:internal/modules/cjs/loader:1465:32)\\n    at function._load (node:internal/modules/cjs/loader:1282:12)\\n    at tracingchannel.tracesync (node:diagnostics_channel:322:14)\\n    at wrapmoduleload (node:internal/modules/cjs/loader:235:24)\\n    at module.\\u003canonymous\\u003e (node:internal/modules/cjs/loader:1487:12)\\n    at mod.require (c:\\\\dev\\\\zo\\\\sass-store\\\\apps\\\\web\\\\node_modules\\\\next\\\\dist\\\\server\\\\require-hook.js:68:28)\\n    at require (node:internal/modules/helpers:135:16)\\n    at object.\\u003canonymous\\u003e (c:\\\\dev\\\\zo\\\\sass-store\\\\apps\\\\web\\\\node_modules\\\\tailwindcss\\\\lib\\\\index.js:2:18)\\n    at module._compile (node:internal/modules/cjs/loader:1730:14)\\n    at object..js (node:internal/modules/cjs/loader:1895:10)\\n    at module.load (node:internal/modules/cjs/loader:1465:32)\\n    at function._load (node:internal/modules/cjs/loader:1282:12)\\n    at tracingchannel.tracesync (node:diagnostics_channel:322:14)\\n    at wrapmoduleload (node:internal/modules/cjs/loader:235:24)\\n    at module.\\u003canonymous\\u003e (node:internal/modules/cjs/loader:1487:12)\\n    at mod.require (c:\\\\dev\\\\zo\\\\sass-store\\\\apps\\\\web\\\\node_modules\\\\next\\\\dist\\\\server\\\\require-hook.js:68:28)\\n    at require (node:internal/modules/helpers:135:16)\\n    at getnextfonterror (c:\\\\dev\\\\zo\\\\sass-store\\\\apps\\\\web\\\\node_modules\\\\next\\\\dist\\\\build\\\\webpack\\\\plugins\\\\wellknown-errors-plugin\\\\parsenextfonterror.js:26:20)\\n    at getmodulebuilderror (c:\\\\dev\\\\zo\\\\sass-store\\\\apps\\\\web\\\\node_modules\\\\next\\\\dist\\\\build\\\\webpack\\\\plugins\\\\wellknown-errors-plugin\\\\webpackmoduleerror.js:123:63)\\n    at process.processticksandrejections (node:internal/process/task_queues:105:5)\\n    at async c:\\\\dev\\\\zo\\\\sass-store\\\\apps\\\\web\\\\node_modules\\\\next\\\\dist\\\\build\\\\webpack\\\\plugins\\\\wellknown-errors-plugin\\\\index.js:29:49\\n    at async promise.all (index 0)\\n    at async c:\\\\dev\\\\zo\\\\sass-store\\\\apps\\\\web\\\\node_modules\\\\next\\\\dist\\\\build\\\\webpack\\\\plugins\\\\wellknown-errors-plugin\\\\index.js:27:21\"},\"gip\":true,\"scriptloader\":[]}"

      122 |
      123 |     // Each page should contain its tenant-specific content
    > 124 |     expect(page1Content?.toLowerCase()).toContain('wondernails');
          |                                         ^
      125 |     expect(page2Content?.toLowerCase()).toContain('nom-nom');
      126 |
      127 |     // And should not contain the other tenant's content
        at C:\Dev\Zo\sass-store\tests\e2e\multitenant\tenant-isolation.spec.ts:124:41

    attachment #1: screenshot (image/png) ──────────────────────────────────────────────────────────
    ..\..\test-results\multitenant-tenant-isolati-8aaa1-n-isolation-between-tenants-chromium\test-failed-1.png
    ────────────────────────────────────────────────────────────────────────────────────────────────

    attachment #2: screenshot (image/png) ──────────────────────────────────────────────────────────
    ..\..\test-results\multitenant-tenant-isolati-8aaa1-n-isolation-between-tenants-chromium\test-failed-2.png
    ────────────────────────────────────────────────────────────────────────────────────────────────

    attachment #3: video (video/webm) ──────────────────────────────────────────────────────────────
    ..\..\test-results\multitenant-tenant-isolati-8aaa1-n-isolation-between-tenants-chromium\video.webm
    ────────────────────────────────────────────────────────────────────────────────────────────────

    attachment #4: video (video/webm) ──────────────────────────────────────────────────────────────
    ..\..\test-results\multitenant-tenant-isolati-8aaa1-n-isolation-between-tenants-chromium\video-1.webm
    ────────────────────────────────────────────────────────────────────────────────────────────────

    Error Context: ..\..\test-results\multitenant-tenant-isolati-8aaa1-n-isolation-between-tenants-chromium\error-context.md
]]>
</failure>
<system-out>
<![CDATA[
[[ATTACHMENT|multitenant-tenant-isolati-8aaa1-n-isolation-between-tenants-chromium\test-failed-1.png]]

[[ATTACHMENT|multitenant-tenant-isolati-8aaa1-n-isolation-between-tenants-chromium\test-failed-2.png]]

[[ATTACHMENT|multitenant-tenant-isolati-8aaa1-n-isolation-between-tenants-chromium\video.webm]]

[[ATTACHMENT|multitenant-tenant-isolati-8aaa1-n-isolation-between-tenants-chromium\video-1.webm]]

[[ATTACHMENT|multitenant-tenant-isolati-8aaa1-n-isolation-between-tenants-chromium\error-context.md]]
]]>
</system-out>
</testcase>
</testsuite>
<testsuite name="navigation\navigation-flows.spec.ts" timestamp="2025-10-29T19:08:05.826Z" hostname="chromium" tests="20" failures="12" skipped="1" time="215.641" errors="0">
<testcase name="Authentication &amp; Login › should login successfully with valid credentials" classname="navigation\navigation-flows.spec.ts" time="17.835">
<failure message="navigation-flows.spec.ts:9:7 should login successfully with valid credentials" type="FAILURE">
<![CDATA[  [chromium] › navigation\navigation-flows.spec.ts:9:7 › Authentication & Login › should login successfully with valid credentials 

    TimeoutError: page.fill: Timeout 15000ms exceeded.
    Call log:
      - waiting for locator('[data-testid="email-input"], input[name="email"]')


      10 |     await page.goto('/t/wondernails/login');
      11 |
    > 12 |     await page.fill('[data-testid="email-input"], input[name="email"]', 'test@wondernails.com');
         |                ^
      13 |     await page.fill('[data-testid="password-input"], input[name="password"]', 'password123');
      14 |
      15 |     await page.click('[data-testid="login-btn"], button[type="submit"]');
        at C:\Dev\Zo\sass-store\tests\e2e\navigation\navigation-flows.spec.ts:12:16

    attachment #1: screenshot (image/png) ──────────────────────────────────────────────────────────
    ..\..\test-results\navigation-navigation-flow-df79c-ully-with-valid-credentials-chromium\test-failed-1.png
    ────────────────────────────────────────────────────────────────────────────────────────────────

    attachment #2: video (video/webm) ──────────────────────────────────────────────────────────────
    ..\..\test-results\navigation-navigation-flow-df79c-ully-with-valid-credentials-chromium\video.webm
    ────────────────────────────────────────────────────────────────────────────────────────────────

    Error Context: ..\..\test-results\navigation-navigation-flow-df79c-ully-with-valid-credentials-chromium\error-context.md
]]>
</failure>
<system-out>
<![CDATA[
[[ATTACHMENT|navigation-navigation-flow-df79c-ully-with-valid-credentials-chromium\test-failed-1.png]]

[[ATTACHMENT|navigation-navigation-flow-df79c-ully-with-valid-credentials-chromium\video.webm]]

[[ATTACHMENT|navigation-navigation-flow-df79c-ully-with-valid-credentials-chromium\error-context.md]]
]]>
</system-out>
</testcase>
<testcase name="Authentication &amp; Login › should show error for invalid credentials" classname="navigation\navigation-flows.spec.ts" time="16.921">
<failure message="navigation-flows.spec.ts:21:7 should show error for invalid credentials" type="FAILURE">
<![CDATA[  [chromium] › navigation\navigation-flows.spec.ts:21:7 › Authentication & Login › should show error for invalid credentials 

    TimeoutError: page.fill: Timeout 15000ms exceeded.
    Call log:
      - waiting for locator('input[name="email"]')


      22 |     await page.goto('/t/wondernails/login');
      23 |
    > 24 |     await page.fill('input[name="email"]', 'invalid@example.com');
         |                ^
      25 |     await page.fill('input[name="password"]', 'wrongpassword');
      26 |
      27 |     await page.click('button[type="submit"]');
        at C:\Dev\Zo\sass-store\tests\e2e\navigation\navigation-flows.spec.ts:24:16

    attachment #1: screenshot (image/png) ──────────────────────────────────────────────────────────
    ..\..\test-results\navigation-navigation-flow-22e8b-ror-for-invalid-credentials-chromium\test-failed-1.png
    ────────────────────────────────────────────────────────────────────────────────────────────────

    attachment #2: video (video/webm) ──────────────────────────────────────────────────────────────
    ..\..\test-results\navigation-navigation-flow-22e8b-ror-for-invalid-credentials-chromium\video.webm
    ────────────────────────────────────────────────────────────────────────────────────────────────

    Error Context: ..\..\test-results\navigation-navigation-flow-22e8b-ror-for-invalid-credentials-chromium\error-context.md
]]>
</failure>
<system-out>
<![CDATA[
[[ATTACHMENT|navigation-navigation-flow-22e8b-ror-for-invalid-credentials-chromium\test-failed-1.png]]

[[ATTACHMENT|navigation-navigation-flow-22e8b-ror-for-invalid-credentials-chromium\video.webm]]

[[ATTACHMENT|navigation-navigation-flow-22e8b-ror-for-invalid-credentials-chromium\error-context.md]]
]]>
</system-out>
</testcase>
<testcase name="Authentication &amp; Login › should logout successfully" classname="navigation\navigation-flows.spec.ts" time="1.113">
</testcase>
<testcase name="Authentication &amp; Login › should remember me functionality work" classname="navigation\navigation-flows.spec.ts" time="16.861">
<failure message="navigation-flows.spec.ts:45:7 should remember me functionality work" type="FAILURE">
<![CDATA[  [chromium] › navigation\navigation-flows.spec.ts:45:7 › Authentication & Login › should remember me functionality work 

    TimeoutError: page.fill: Timeout 15000ms exceeded.
    Call log:
      - waiting for locator('input[name="email"]')


      46 |     await page.goto('/t/wondernails/login');
      47 |
    > 48 |     await page.fill('input[name="email"]', 'test@wondernails.com');
         |                ^
      49 |     await page.fill('input[name="password"]', 'password123');
      50 |
      51 |     const rememberMe = page.locator('input[name="rememberMe"], input[type="checkbox"]');
        at C:\Dev\Zo\sass-store\tests\e2e\navigation\navigation-flows.spec.ts:48:16

    attachment #1: screenshot (image/png) ──────────────────────────────────────────────────────────
    ..\..\test-results\navigation-navigation-flow-14eaa-ember-me-functionality-work-chromium\test-failed-1.png
    ────────────────────────────────────────────────────────────────────────────────────────────────

    attachment #2: video (video/webm) ──────────────────────────────────────────────────────────────
    ..\..\test-results\navigation-navigation-flow-14eaa-ember-me-functionality-work-chromium\video.webm
    ────────────────────────────────────────────────────────────────────────────────────────────────

    Error Context: ..\..\test-results\navigation-navigation-flow-14eaa-ember-me-functionality-work-chromium\error-context.md
]]>
</failure>
<system-out>
<![CDATA[
[[ATTACHMENT|navigation-navigation-flow-14eaa-ember-me-functionality-work-chromium\test-failed-1.png]]

[[ATTACHMENT|navigation-navigation-flow-14eaa-ember-me-functionality-work-chromium\video.webm]]

[[ATTACHMENT|navigation-navigation-flow-14eaa-ember-me-functionality-work-chromium\error-context.md]]
]]>
</system-out>
</testcase>
<testcase name="Navigation &amp; Menu › should navigate through main menu" classname="navigation\navigation-flows.spec.ts" time="1.379">
</testcase>
<testcase name="Navigation &amp; Menu › should show mobile menu on mobile devices" classname="navigation\navigation-flows.spec.ts" time="0.201">
<properties>
<property name="skip" value="Mobile-specific test">
</property>
</properties>
<skipped>
</skipped>
</testcase>
<testcase name="Navigation &amp; Menu › should navigate with breadcrumbs" classname="navigation\navigation-flows.spec.ts" time="0.974">
</testcase>
<testcase name="Search Functionality › should search products successfully" classname="navigation\navigation-flows.spec.ts" time="17.306">
<failure message="navigation-flows.spec.ts:124:7 should search products successfully" type="FAILURE">
<![CDATA[  [chromium] › navigation\navigation-flows.spec.ts:124:7 › Search Functionality › should search products successfully 

    TimeoutError: locator.fill: Timeout 15000ms exceeded.
    Call log:
      - waiting for locator('[data-testid="search-input"], input[type="search"]')


      126 |
      127 |     const searchInput = page.locator('[data-testid="search-input"], input[type="search"]');
    > 128 |     await searchInput.fill('nail polish');
          |                       ^
      129 |     await page.keyboard.press('Enter');
      130 |
      131 |     await page.waitForTimeout(500);
        at C:\Dev\Zo\sass-store\tests\e2e\navigation\navigation-flows.spec.ts:128:23

    attachment #1: screenshot (image/png) ──────────────────────────────────────────────────────────
    ..\..\test-results\navigation-navigation-flow-200ae-earch-products-successfully-chromium\test-failed-1.png
    ────────────────────────────────────────────────────────────────────────────────────────────────

    attachment #2: video (video/webm) ──────────────────────────────────────────────────────────────
    ..\..\test-results\navigation-navigation-flow-200ae-earch-products-successfully-chromium\video.webm
    ────────────────────────────────────────────────────────────────────────────────────────────────

    Error Context: ..\..\test-results\navigation-navigation-flow-200ae-earch-products-successfully-chromium\error-context.md
]]>
</failure>
<system-out>
<![CDATA[
[[ATTACHMENT|navigation-navigation-flow-200ae-earch-products-successfully-chromium\test-failed-1.png]]

[[ATTACHMENT|navigation-navigation-flow-200ae-earch-products-successfully-chromium\video.webm]]

[[ATTACHMENT|navigation-navigation-flow-200ae-earch-products-successfully-chromium\error-context.md]]
]]>
</system-out>
</testcase>
<testcase name="Search Functionality › should show no results message for invalid search" classname="navigation\navigation-flows.spec.ts" time="17.33">
<failure message="navigation-flows.spec.ts:141:7 should show no results message for invalid search" type="FAILURE">
<![CDATA[  [chromium] › navigation\navigation-flows.spec.ts:141:7 › Search Functionality › should show no results message for invalid search 

    TimeoutError: locator.fill: Timeout 15000ms exceeded.
    Call log:
      - waiting for locator('[data-testid="search-input"], input[type="search"]')


      143 |
      144 |     const searchInput = page.locator('[data-testid="search-input"], input[type="search"]');
    > 145 |     await searchInput.fill('xyzabc123nonexistent');
          |                       ^
      146 |     await page.keyboard.press('Enter');
      147 |
      148 |     await page.waitForTimeout(500);
        at C:\Dev\Zo\sass-store\tests\e2e\navigation\navigation-flows.spec.ts:145:23

    attachment #1: screenshot (image/png) ──────────────────────────────────────────────────────────
    ..\..\test-results\navigation-navigation-flow-e5e6c--message-for-invalid-search-chromium\test-failed-1.png
    ────────────────────────────────────────────────────────────────────────────────────────────────

    attachment #2: video (video/webm) ──────────────────────────────────────────────────────────────
    ..\..\test-results\navigation-navigation-flow-e5e6c--message-for-invalid-search-chromium\video.webm
    ────────────────────────────────────────────────────────────────────────────────────────────────

    Error Context: ..\..\test-results\navigation-navigation-flow-e5e6c--message-for-invalid-search-chromium\error-context.md
]]>
</failure>
<system-out>
<![CDATA[
[[ATTACHMENT|navigation-navigation-flow-e5e6c--message-for-invalid-search-chromium\test-failed-1.png]]

[[ATTACHMENT|navigation-navigation-flow-e5e6c--message-for-invalid-search-chromium\video.webm]]

[[ATTACHMENT|navigation-navigation-flow-e5e6c--message-for-invalid-search-chromium\error-context.md]]
]]>
</system-out>
</testcase>
<testcase name="Search Functionality › should filter search results" classname="navigation\navigation-flows.spec.ts" time="0.955">
</testcase>
<testcase name="Product Filtering &amp; Sorting › should filter products by category" classname="navigation\navigation-flows.spec.ts" time="0.93">
</testcase>
<testcase name="Product Filtering &amp; Sorting › should sort products by price" classname="navigation\navigation-flows.spec.ts" time="0.999">
</testcase>
<testcase name="Product Filtering &amp; Sorting › should filter products by price range" classname="navigation\navigation-flows.spec.ts" time="0.993">
</testcase>
<testcase name="Shopping Cart Operations › should add product to cart" classname="navigation\navigation-flows.spec.ts" time="17.018">
<failure message="navigation-flows.spec.ts:254:7 should add product to cart" type="FAILURE">
<![CDATA[  [chromium] › navigation\navigation-flows.spec.ts:254:7 › Shopping Cart Operations › should add product to cart 

    TimeoutError: locator.click: Timeout 15000ms exceeded.
    Call log:
      - waiting for locator('[data-testid="add-to-cart-btn"]').first()


      256 |
      257 |     const addToCartBtn = page.locator('[data-testid="add-to-cart-btn"]').first();
    > 258 |     await addToCartBtn.click();
          |                        ^
      259 |
      260 |     await page.waitForTimeout(500);
      261 |
        at C:\Dev\Zo\sass-store\tests\e2e\navigation\navigation-flows.spec.ts:258:24

    attachment #1: screenshot (image/png) ──────────────────────────────────────────────────────────
    ..\..\test-results\navigation-navigation-flow-cf546--should-add-product-to-cart-chromium\test-failed-1.png
    ────────────────────────────────────────────────────────────────────────────────────────────────

    attachment #2: video (video/webm) ──────────────────────────────────────────────────────────────
    ..\..\test-results\navigation-navigation-flow-cf546--should-add-product-to-cart-chromium\video.webm
    ────────────────────────────────────────────────────────────────────────────────────────────────

    Error Context: ..\..\test-results\navigation-navigation-flow-cf546--should-add-product-to-cart-chromium\error-context.md
]]>
</failure>
<system-out>
<![CDATA[
[[ATTACHMENT|navigation-navigation-flow-cf546--should-add-product-to-cart-chromium\test-failed-1.png]]

[[ATTACHMENT|navigation-navigation-flow-cf546--should-add-product-to-cart-chromium\video.webm]]

[[ATTACHMENT|navigation-navigation-flow-cf546--should-add-product-to-cart-chromium\error-context.md]]
]]>
</system-out>
</testcase>
<testcase name="Shopping Cart Operations › should update cart item quantity" classname="navigation\navigation-flows.spec.ts" time="17.017">
<failure message="navigation-flows.spec.ts:268:7 should update cart item quantity" type="FAILURE">
<![CDATA[  [chromium] › navigation\navigation-flows.spec.ts:268:7 › Shopping Cart Operations › should update cart item quantity 

    TimeoutError: locator.click: Timeout 15000ms exceeded.
    Call log:
      - waiting for locator('[data-testid="add-to-cart-btn"]').first()


      271 |     // Add item to cart
      272 |     const addToCartBtn = page.locator('[data-testid="add-to-cart-btn"]').first();
    > 273 |     await addToCartBtn.click();
          |                        ^
      274 |     await page.waitForTimeout(500);
      275 |
      276 |     // Go to cart
        at C:\Dev\Zo\sass-store\tests\e2e\navigation\navigation-flows.spec.ts:273:24

    attachment #1: screenshot (image/png) ──────────────────────────────────────────────────────────
    ..\..\test-results\navigation-navigation-flow-298ef-d-update-cart-item-quantity-chromium\test-failed-1.png
    ────────────────────────────────────────────────────────────────────────────────────────────────

    attachment #2: video (video/webm) ──────────────────────────────────────────────────────────────
    ..\..\test-results\navigation-navigation-flow-298ef-d-update-cart-item-quantity-chromium\video.webm
    ────────────────────────────────────────────────────────────────────────────────────────────────

    Error Context: ..\..\test-results\navigation-navigation-flow-298ef-d-update-cart-item-quantity-chromium\error-context.md
]]>
</failure>
<system-out>
<![CDATA[
[[ATTACHMENT|navigation-navigation-flow-298ef-d-update-cart-item-quantity-chromium\test-failed-1.png]]

[[ATTACHMENT|navigation-navigation-flow-298ef-d-update-cart-item-quantity-chromium\video.webm]]

[[ATTACHMENT|navigation-navigation-flow-298ef-d-update-cart-item-quantity-chromium\error-context.md]]
]]>
</system-out>
</testcase>
<testcase name="Shopping Cart Operations › should remove item from cart" classname="navigation\navigation-flows.spec.ts" time="17.009">
<failure message="navigation-flows.spec.ts:293:7 should remove item from cart" type="FAILURE">
<![CDATA[  [chromium] › navigation\navigation-flows.spec.ts:293:7 › Shopping Cart Operations › should remove item from cart 

    TimeoutError: locator.click: Timeout 15000ms exceeded.
    Call log:
      - waiting for locator('[data-testid="add-to-cart-btn"]').first()


      296 |     // Add item to cart
      297 |     const addToCartBtn = page.locator('[data-testid="add-to-cart-btn"]').first();
    > 298 |     await addToCartBtn.click();
          |                        ^
      299 |     await page.waitForTimeout(500);
      300 |
      301 |     // Go to cart
        at C:\Dev\Zo\sass-store\tests\e2e\navigation\navigation-flows.spec.ts:298:24

    attachment #1: screenshot (image/png) ──────────────────────────────────────────────────────────
    ..\..\test-results\navigation-navigation-flow-e99c1-hould-remove-item-from-cart-chromium\test-failed-1.png
    ────────────────────────────────────────────────────────────────────────────────────────────────

    attachment #2: video (video/webm) ──────────────────────────────────────────────────────────────
    ..\..\test-results\navigation-navigation-flow-e99c1-hould-remove-item-from-cart-chromium\video.webm
    ────────────────────────────────────────────────────────────────────────────────────────────────

    Error Context: ..\..\test-results\navigation-navigation-flow-e99c1-hould-remove-item-from-cart-chromium\error-context.md
]]>
</failure>
<system-out>
<![CDATA[
[[ATTACHMENT|navigation-navigation-flow-e99c1-hould-remove-item-from-cart-chromium\test-failed-1.png]]

[[ATTACHMENT|navigation-navigation-flow-e99c1-hould-remove-item-from-cart-chromium\video.webm]]

[[ATTACHMENT|navigation-navigation-flow-e99c1-hould-remove-item-from-cart-chromium\error-context.md]]
]]>
</system-out>
</testcase>
<testcase name="Shopping Cart Operations › should calculate cart total correctly" classname="navigation\navigation-flows.spec.ts" time="17.405">
<failure message="navigation-flows.spec.ts:317:7 should calculate cart total correctly" type="FAILURE">
<![CDATA[  [chromium] › navigation\navigation-flows.spec.ts:317:7 › Shopping Cart Operations › should calculate cart total correctly 

    TimeoutError: locator.textContent: Timeout 15000ms exceeded.
    Call log:
      - waiting for locator('[data-testid="product-card"]').first().locator('[data-testid="product-price"]')


      320 |     // Add item to cart
      321 |     const firstProduct = page.locator('[data-testid="product-card"]').first();
    > 322 |     const firstPrice = await firstProduct.locator('[data-testid="product-price"]').textContent();
          |                                                                                    ^
      323 |     const priceValue = parseFloat(firstPrice?.replace(/[^0-9.]/g, '') || '0');
      324 |
      325 |     const addToCartBtn = firstProduct.locator('[data-testid="add-to-cart-btn"]');
        at C:\Dev\Zo\sass-store\tests\e2e\navigation\navigation-flows.spec.ts:322:84

    attachment #1: screenshot (image/png) ──────────────────────────────────────────────────────────
    ..\..\test-results\navigation-navigation-flow-3eda3-culate-cart-total-correctly-chromium\test-failed-1.png
    ────────────────────────────────────────────────────────────────────────────────────────────────

    attachment #2: video (video/webm) ──────────────────────────────────────────────────────────────
    ..\..\test-results\navigation-navigation-flow-3eda3-culate-cart-total-correctly-chromium\video.webm
    ────────────────────────────────────────────────────────────────────────────────────────────────

    Error Context: ..\..\test-results\navigation-navigation-flow-3eda3-culate-cart-total-correctly-chromium\error-context.md
]]>
</failure>
<system-out>
<![CDATA[
[[ATTACHMENT|navigation-navigation-flow-3eda3-culate-cart-total-correctly-chromium\test-failed-1.png]]

[[ATTACHMENT|navigation-navigation-flow-3eda3-culate-cart-total-correctly-chromium\video.webm]]

[[ATTACHMENT|navigation-navigation-flow-3eda3-culate-cart-total-correctly-chromium\error-context.md]]
]]>
</system-out>
</testcase>
<testcase name="Booking System › should book a service appointment" classname="navigation\navigation-flows.spec.ts" time="18.025">
<failure message="navigation-flows.spec.ts:343:7 should book a service appointment" type="FAILURE">
<![CDATA[  [chromium] › navigation\navigation-flows.spec.ts:343:7 › Booking System › should book a service appointment 

    TimeoutError: locator.click: Timeout 15000ms exceeded.
    Call log:
      - waiting for locator('[data-testid="service-card"]').first()


      345 |
      346 |     const serviceCard = page.locator('[data-testid="service-card"]').first();
    > 347 |     await serviceCard.click();
          |                       ^
      348 |
      349 |     const bookBtn = page.locator('[data-testid="book-service-btn"], button:has-text("Book")');
      350 |     if (await bookBtn.isVisible()) {
        at C:\Dev\Zo\sass-store\tests\e2e\navigation\navigation-flows.spec.ts:347:23

    attachment #1: screenshot (image/png) ──────────────────────────────────────────────────────────
    ..\..\test-results\navigation-navigation-flow-1c725--book-a-service-appointment-chromium\test-failed-1.png
    ────────────────────────────────────────────────────────────────────────────────────────────────

    attachment #2: video (video/webm) ──────────────────────────────────────────────────────────────
    ..\..\test-results\navigation-navigation-flow-1c725--book-a-service-appointment-chromium\video.webm
    ────────────────────────────────────────────────────────────────────────────────────────────────

    Error Context: ..\..\test-results\navigation-navigation-flow-1c725--book-a-service-appointment-chromium\error-context.md
]]>
</failure>
<system-out>
<![CDATA[
[[ATTACHMENT|navigation-navigation-flow-1c725--book-a-service-appointment-chromium\test-failed-1.png]]

[[ATTACHMENT|navigation-navigation-flow-1c725--book-a-service-appointment-chromium\video.webm]]

[[ATTACHMENT|navigation-navigation-flow-1c725--book-a-service-appointment-chromium\error-context.md]]
]]>
</system-out>
</testcase>
<testcase name="Booking System › should select staff member for booking" classname="navigation\navigation-flows.spec.ts" time="17.439">
<failure message="navigation-flows.spec.ts:379:7 should select staff member for booking" type="FAILURE">
<![CDATA[  [chromium] › navigation\navigation-flows.spec.ts:379:7 › Booking System › should select staff member for booking 

    TimeoutError: locator.click: Timeout 15000ms exceeded.
    Call log:
      - waiting for locator('[data-testid="service-card"]').first()


      381 |
      382 |     const serviceCard = page.locator('[data-testid="service-card"]').first();
    > 383 |     await serviceCard.click();
          |                       ^
      384 |
      385 |     const staffSelector = page.locator('[data-testid="staff-selector"], select[name="staff"]');
      386 |     if (await staffSelector.isVisible()) {
        at C:\Dev\Zo\sass-store\tests\e2e\navigation\navigation-flows.spec.ts:383:23

    attachment #1: screenshot (image/png) ──────────────────────────────────────────────────────────
    ..\..\test-results\navigation-navigation-flow-9b84d-ct-staff-member-for-booking-chromium\test-failed-1.png
    ────────────────────────────────────────────────────────────────────────────────────────────────

    attachment #2: video (video/webm) ──────────────────────────────────────────────────────────────
    ..\..\test-results\navigation-navigation-flow-9b84d-ct-staff-member-for-booking-chromium\video.webm
    ────────────────────────────────────────────────────────────────────────────────────────────────

    Error Context: ..\..\test-results\navigation-navigation-flow-9b84d-ct-staff-member-for-booking-chromium\error-context.md
]]>
</failure>
<system-out>
<![CDATA[
[[ATTACHMENT|navigation-navigation-flow-9b84d-ct-staff-member-for-booking-chromium\test-failed-1.png]]

[[ATTACHMENT|navigation-navigation-flow-9b84d-ct-staff-member-for-booking-chromium\video.webm]]

[[ATTACHMENT|navigation-navigation-flow-9b84d-ct-staff-member-for-booking-chromium\error-context.md]]
]]>
</system-out>
</testcase>
<testcase name="Checkout Process › should proceed through checkout flow" classname="navigation\navigation-flows.spec.ts" time="17.931">
<failure message="navigation-flows.spec.ts:401:7 should proceed through checkout flow" type="FAILURE">
<![CDATA[  [chromium] › navigation\navigation-flows.spec.ts:401:7 › Checkout Process › should proceed through checkout flow 

    TimeoutError: locator.click: Timeout 15000ms exceeded.
    Call log:
      - waiting for locator('[data-testid="add-to-cart-btn"]').first()


      404 |     // Add product to cart
      405 |     const addToCartBtn = page.locator('[data-testid="add-to-cart-btn"]').first();
    > 406 |     await addToCartBtn.click();
          |                        ^
      407 |     await page.waitForTimeout(500);
      408 |
      409 |     // Go to checkout
        at C:\Dev\Zo\sass-store\tests\e2e\navigation\navigation-flows.spec.ts:406:24

    attachment #1: screenshot (image/png) ──────────────────────────────────────────────────────────
    ..\..\test-results\navigation-navigation-flow-c5006-oceed-through-checkout-flow-chromium\test-failed-1.png
    ────────────────────────────────────────────────────────────────────────────────────────────────

    attachment #2: video (video/webm) ──────────────────────────────────────────────────────────────
    ..\..\test-results\navigation-navigation-flow-c5006-oceed-through-checkout-flow-chromium\video.webm
    ────────────────────────────────────────────────────────────────────────────────────────────────

    Error Context: ..\..\test-results\navigation-navigation-flow-c5006-oceed-through-checkout-flow-chromium\error-context.md
]]>
</failure>
<system-out>
<![CDATA[
[[ATTACHMENT|navigation-navigation-flow-c5006-oceed-through-checkout-flow-chromium\test-failed-1.png]]

[[ATTACHMENT|navigation-navigation-flow-c5006-oceed-through-checkout-flow-chromium\video.webm]]

[[ATTACHMENT|navigation-navigation-flow-c5006-oceed-through-checkout-flow-chromium\error-context.md]]
]]>
</system-out>
</testcase>
</testsuite>
<testsuite name="navigation\system-navigation-corrected.spec.ts" timestamp="2025-10-29T19:08:05.826Z" hostname="chromium" tests="6" failures="0" skipped="0" time="17.481" errors="0">
<testcase name="System Navigation (CORRECTED) › should navigate between main sections without errors" classname="navigation\system-navigation-corrected.spec.ts" time="2.434">
<system-out>
<![CDATA[✅ wondernails: Main navigation validated successfully
✅ nom-nom: Main navigation validated successfully
]]>
</system-out>
</testcase>
<testcase name="System Navigation (CORRECTED) › should maintain navigation context across page loads" classname="navigation\system-navigation-corrected.spec.ts" time="2.358">
</testcase>
<testcase name="System Navigation (CORRECTED) › should handle breadcrumb navigation correctly" classname="navigation\system-navigation-corrected.spec.ts" time="2.384">
</testcase>
<testcase name="System Navigation (CORRECTED) › should handle mobile navigation correctly" classname="navigation\system-navigation-corrected.spec.ts" time="2.224">
</testcase>
<testcase name="System Navigation (CORRECTED) › should handle keyboard navigation correctly" classname="navigation\system-navigation-corrected.spec.ts" time="3.241">
<system-out>
<![CDATA[✅ wondernails: Keyboard navigation works correctly
✅ nom-nom: Keyboard navigation works correctly
]]>
</system-out>
</testcase>
<testcase name="System Navigation (CORRECTED) › should handle navigation errors gracefully" classname="navigation\system-navigation-corrected.spec.ts" time="4.84">
<system-out>
<![CDATA[✅ wondernails: Navigation errors handled gracefully
✅ nom-nom: Navigation errors handled gracefully
]]>
</system-out>
</testcase>
</testsuite>
<testsuite name="navigation\user-menu-corrected.spec.ts" timestamp="2025-10-29T19:08:05.826Z" hostname="chromium" tests="5" failures="0" skipped="0" time="13.997" errors="0">
<testcase name="User Menu Navigation (CORRECTED) › should display user menu with correct navigation options" classname="navigation\user-menu-corrected.spec.ts" time="2.83">
</testcase>
<testcase name="User Menu Navigation (CORRECTED) › should navigate to profile page correctly" classname="navigation\user-menu-corrected.spec.ts" time="2.655">
</testcase>
<testcase name="User Menu Navigation (CORRECTED) › should navigate to orders page correctly" classname="navigation\user-menu-corrected.spec.ts" time="3.052">
</testcase>
<testcase name="User Menu Navigation (CORRECTED) › should handle logout correctly" classname="navigation\user-menu-corrected.spec.ts" time="2.774">
</testcase>
<testcase name="User Menu Navigation (CORRECTED) › should show admin options for admin users" classname="navigation\user-menu-corrected.spec.ts" time="2.686">
</testcase>
</testsuite>
<testsuite name="performance\core-web-vitals.spec.ts" timestamp="2025-10-29T19:08:05.826Z" hostname="chromium" tests="9" failures="4" skipped="0" time="38.808" errors="0">
<testcase name="Performance Tests - Core Web Vitals › Page load times should meet targets" classname="performance\core-web-vitals.spec.ts" time="15.335">
<system-out>
<![CDATA[✓ wondernails: Load time 1675ms, FCP nullms
✓ nom-nom: Load time 1533ms, FCP nullms
✓ delirios: Load time 1426ms, FCP nullms
✓ zo-system: Load time 1713ms, FCP nullms
]]>
</system-out>
</testcase>
<testcase name="Performance Tests - Core Web Vitals › Bundle size should be under 250KB" classname="performance\core-web-vitals.spec.ts" time="1.672">
<failure message="core-web-vitals.spec.ts:49:7 Bundle size should be under 250KB" type="FAILURE">
<![CDATA[  [chromium] › performance\core-web-vitals.spec.ts:49:7 › Performance Tests - Core Web Vitals › Bundle size should be under 250KB 

    Error: expect(received).toBeLessThan(expected)

    Expected: < 250000
    Received:   1700181

      91 |
      92 |       // Should be under 250KB (250,000 bytes)
    > 93 |       expect(totalBundleSize).toBeLessThan(250000);
         |                               ^
      94 |
      95 |       console.log(`✓ ${tenant}: Bundle size ${Math.round(totalBundleSize / 1024)}KB (JS: ${Math.round(totalJSSize / 1024)}KB, CSS: ${Math.round(totalCSSSize / 1024)}KB)`);
      96 |     }
        at C:\Dev\Zo\sass-store\tests\e2e\performance\core-web-vitals.spec.ts:93:31

    attachment #1: screenshot (image/png) ──────────────────────────────────────────────────────────
    ..\..\test-results\performance-core-web-vital-a0c8c--size-should-be-under-250KB-chromium\test-failed-1.png
    ────────────────────────────────────────────────────────────────────────────────────────────────

    attachment #2: video (video/webm) ──────────────────────────────────────────────────────────────
    ..\..\test-results\performance-core-web-vital-a0c8c--size-should-be-under-250KB-chromium\video.webm
    ────────────────────────────────────────────────────────────────────────────────────────────────

    Error Context: ..\..\test-results\performance-core-web-vital-a0c8c--size-should-be-under-250KB-chromium\error-context.md
]]>
</failure>
<system-out>
<![CDATA[
[[ATTACHMENT|performance-core-web-vital-a0c8c--size-should-be-under-250KB-chromium\test-failed-1.png]]

[[ATTACHMENT|performance-core-web-vital-a0c8c--size-should-be-under-250KB-chromium\video.webm]]

[[ATTACHMENT|performance-core-web-vital-a0c8c--size-should-be-under-250KB-chromium\error-context.md]]
]]>
</system-out>
</testcase>
<testcase name="Performance Tests - Core Web Vitals › Core Web Vitals should meet targets" classname="performance\core-web-vitals.spec.ts" time="9.447">
<system-out>
<![CDATA[✓ wondernails: LCP undefinedms, FID N/Ams, CLS N/A
✓ nom-nom: LCP undefinedms, FID N/Ams, CLS N/A
]]>
</system-out>
</testcase>
<testcase name="Performance Tests - Core Web Vitals › Image optimization should be working" classname="performance\core-web-vitals.spec.ts" time="2.553">
<system-out>
<![CDATA[✓ wondernails: 0/0 images optimized (NaN%)
✓ nom-nom: 0/0 images optimized (NaN%)
]]>
</system-out>
</testcase>
<testcase name="Performance Tests - Core Web Vitals › Caching headers should be set properly" classname="performance\core-web-vitals.spec.ts" time="1.781">
<failure message="core-web-vitals.spec.ts:228:7 Caching headers should be set properly" type="FAILURE">
<![CDATA[  [chromium] › performance\core-web-vitals.spec.ts:228:7 › Performance Tests - Core Web Vitals › Caching headers should be set properly 

    Error: expect(received).toMatch(expected)

    Expected pattern: /max-age=\d+/
    Received string:  "no-store, must-revalidate"

      256 |       // Static assets should have long cache times
      257 |       if (resource.url.includes('/_next/static/')) {
    > 258 |         expect(cacheControl).toMatch(/max-age=\d+/);
          |                              ^
      259 |         const maxAge = parseInt(cacheControl.match(/max-age=(\d+)/)?.[1] || '0');
      260 |         expect(maxAge).toBeGreaterThan(86400); // At least 1 day
      261 |       }
        at C:\Dev\Zo\sass-store\tests\e2e\performance\core-web-vitals.spec.ts:258:30

    attachment #1: screenshot (image/png) ──────────────────────────────────────────────────────────
    ..\..\test-results\performance-core-web-vital-0f8c4-ders-should-be-set-properly-chromium\test-failed-1.png
    ────────────────────────────────────────────────────────────────────────────────────────────────

    attachment #2: video (video/webm) ──────────────────────────────────────────────────────────────
    ..\..\test-results\performance-core-web-vital-0f8c4-ders-should-be-set-properly-chromium\video.webm
    ────────────────────────────────────────────────────────────────────────────────────────────────

    Error Context: ..\..\test-results\performance-core-web-vital-0f8c4-ders-should-be-set-properly-chromium\error-context.md
]]>
</failure>
<system-out>
<![CDATA[
[[ATTACHMENT|performance-core-web-vital-0f8c4-ders-should-be-set-properly-chromium\test-failed-1.png]]

[[ATTACHMENT|performance-core-web-vital-0f8c4-ders-should-be-set-properly-chromium\video.webm]]

[[ATTACHMENT|performance-core-web-vital-0f8c4-ders-should-be-set-properly-chromium\error-context.md]]
]]>
</system-out>
</testcase>
<testcase name="Performance Tests - Core Web Vitals › JavaScript execution should be efficient" classname="performance\core-web-vitals.spec.ts" time="1.857">
<system-out>
<![CDATA[✓ wondernails: JS execution 0.00ms, 0 long tasks
✓ nom-nom: JS execution 0.10ms, 0 long tasks
]]>
</system-out>
</testcase>
<testcase name="Performance Tests - Core Web Vitals › Memory usage should be reasonable" classname="performance\core-web-vitals.spec.ts" time="2.324">
<failure message="core-web-vitals.spec.ts:311:7 Memory usage should be reasonable" type="FAILURE">
<![CDATA[  [chromium] › performance\core-web-vitals.spec.ts:311:7 › Performance Tests - Core Web Vitals › Memory usage should be reasonable 

    Error: expect(received).toBeLessThan(expected)

    Expected: < 52428800
    Received:   56800000

      340 |       if (memoryInfo) {
      341 |         // Should not use excessive memory (under 50MB)
    > 342 |         expect(memoryInfo.usedJSHeapSize).toBeLessThan(50 * 1024 * 1024);
          |                                           ^
      343 |
      344 |         console.log(`✓ ${tenant}: Memory usage ${Math.round(memoryInfo.usedJSHeapSize / 1024 / 1024)}MB`);
      345 |       }
        at C:\Dev\Zo\sass-store\tests\e2e\performance\core-web-vitals.spec.ts:342:43

    attachment #1: screenshot (image/png) ──────────────────────────────────────────────────────────
    ..\..\test-results\performance-core-web-vital-1f359--usage-should-be-reasonable-chromium\test-failed-1.png
    ────────────────────────────────────────────────────────────────────────────────────────────────

    attachment #2: video (video/webm) ──────────────────────────────────────────────────────────────
    ..\..\test-results\performance-core-web-vital-1f359--usage-should-be-reasonable-chromium\video.webm
    ────────────────────────────────────────────────────────────────────────────────────────────────

    Error Context: ..\..\test-results\performance-core-web-vital-1f359--usage-should-be-reasonable-chromium\error-context.md
]]>
</failure>
<system-out>
<![CDATA[
[[ATTACHMENT|performance-core-web-vital-1f359--usage-should-be-reasonable-chromium\test-failed-1.png]]

[[ATTACHMENT|performance-core-web-vital-1f359--usage-should-be-reasonable-chromium\video.webm]]

[[ATTACHMENT|performance-core-web-vital-1f359--usage-should-be-reasonable-chromium\error-context.md]]
]]>
</system-out>
</testcase>
<testcase name="Performance Tests - Core Web Vitals › Network requests should be optimized" classname="performance\core-web-vitals.spec.ts" time="1.651">
<system-out>
<![CDATA[✓ Network: 9 requests, 0 slow, 0 large files
]]>
</system-out>
</testcase>
<testcase name="Performance Tests - Core Web Vitals › Progressive loading should work" classname="performance\core-web-vitals.spec.ts" time="2.188">
<failure message="core-web-vitals.spec.ts:388:7 Progressive loading should work" type="FAILURE">
<![CDATA[  [chromium] › performance\core-web-vitals.spec.ts:388:7 › Performance Tests - Core Web Vitals › Progressive loading should work 

    Error: expect(locator).toBeVisible() failed

    Locator: locator('h1, .hero, .main-content').first()
    Expected: visible
    Timeout: 1000ms
    Error: element(s) not found

    Call log:
      - Expect "toBeVisible" with timeout 1000ms
      - waiting for locator('h1, .hero, .main-content').first()


      391 |     // Check if critical content loads first
      392 |     const criticalContent = page.locator('h1, .hero, .main-content').first();
    > 393 |     await expect(criticalContent).toBeVisible({ timeout: 1000 });
          |                                   ^
      394 |
      395 |     // Secondary content can load later
      396 |     const secondaryContent = page.locator('.secondary, .footer, .sidebar');
        at C:\Dev\Zo\sass-store\tests\e2e\performance\core-web-vitals.spec.ts:393:35

    attachment #1: screenshot (image/png) ──────────────────────────────────────────────────────────
    ..\..\test-results\performance-core-web-vital-ba6c3-ressive-loading-should-work-chromium\test-failed-1.png
    ────────────────────────────────────────────────────────────────────────────────────────────────

    attachment #2: video (video/webm) ──────────────────────────────────────────────────────────────
    ..\..\test-results\performance-core-web-vital-ba6c3-ressive-loading-should-work-chromium\video.webm
    ────────────────────────────────────────────────────────────────────────────────────────────────

    Error Context: ..\..\test-results\performance-core-web-vital-ba6c3-ressive-loading-should-work-chromium\error-context.md
]]>
</failure>
<system-out>
<![CDATA[
[[ATTACHMENT|performance-core-web-vital-ba6c3-ressive-loading-should-work-chromium\test-failed-1.png]]

[[ATTACHMENT|performance-core-web-vital-ba6c3-ressive-loading-should-work-chromium\video.webm]]

[[ATTACHMENT|performance-core-web-vital-ba6c3-ressive-loading-should-work-chromium\error-context.md]]
]]>
</system-out>
</testcase>
</testsuite>
<testsuite name="performance\mobile-performance-budget.spec.ts" timestamp="2025-10-29T19:08:05.826Z" hostname="chromium" tests="12" failures="3" skipped="0" time="21.839" errors="0">
<testcase name="Mobile Performance Budget › should meet mobile LCP budget of &lt;3s" classname="performance\mobile-performance-budget.spec.ts" time="1.73">
<system-out>
<![CDATA[Mobile LCP: 1112ms
]]>
</system-out>
</testcase>
<testcase name="Mobile Performance Budget › should meet mobile FCP budget of &lt;2s" classname="performance\mobile-performance-budget.spec.ts" time="1.825">
<system-out>
<![CDATA[Mobile FCP: 1388ms
]]>
</system-out>
</testcase>
<testcase name="Mobile Performance Budget › should meet mobile TTFB budget of &lt;1s" classname="performance\mobile-performance-budget.spec.ts" time="1.816">
<system-out>
<![CDATA[Mobile TTFB: 109.90000000037253ms
]]>
</system-out>
</testcase>
<testcase name="Mobile Performance Budget › should load efficiently on 3G network" classname="performance\mobile-performance-budget.spec.ts" time="2.414">
<system-out>
<![CDATA[3G Load Time: 2101ms
]]>
</system-out>
</testcase>
<testcase name="Mobile Performance Budget › should serve appropriately sized images for mobile" classname="performance\mobile-performance-budget.spec.ts" time="1.266">
</testcase>
<testcase name="Mobile Performance Budget › should minimize JavaScript execution time" classname="performance\mobile-performance-budget.spec.ts" time="1.267">
<system-out>
<![CDATA[Total JS Execution Time: 703.4000000003725ms
]]>
</system-out>
</testcase>
<testcase name="Mobile Performance Budget › should lazy load below-the-fold content" classname="performance\mobile-performance-budget.spec.ts" time="1.251">
<failure message="mobile-performance-budget.spec.ts:133:7 should lazy load below-the-fold content" type="FAILURE">
<![CDATA[  [chromium] › performance\mobile-performance-budget.spec.ts:133:7 › Mobile Performance Budget › should lazy load below-the-fold content 

    Error: expect(received).toBeGreaterThan(expected)

    Expected: > 0
    Received:   0

      150 |
      151 |     // At least some images should be lazy loaded
    > 152 |     expect(lazyLoadedCount).toBeGreaterThan(0);
          |                             ^
      153 |     console.log(`Lazy loaded images: ${lazyLoadedCount}/${imageCount}`);
      154 |   });
      155 |
        at C:\Dev\Zo\sass-store\tests\e2e\performance\mobile-performance-budget.spec.ts:152:29

    attachment #1: screenshot (image/png) ──────────────────────────────────────────────────────────
    ..\..\test-results\performance-mobile-perform-18942-load-below-the-fold-content-chromium\test-failed-1.png
    ────────────────────────────────────────────────────────────────────────────────────────────────

    attachment #2: video (video/webm) ──────────────────────────────────────────────────────────────
    ..\..\test-results\performance-mobile-perform-18942-load-below-the-fold-content-chromium\video.webm
    ────────────────────────────────────────────────────────────────────────────────────────────────

    Error Context: ..\..\test-results\performance-mobile-perform-18942-load-below-the-fold-content-chromium\error-context.md
]]>
</failure>
<system-out>
<![CDATA[
[[ATTACHMENT|performance-mobile-perform-18942-load-below-the-fold-content-chromium\test-failed-1.png]]

[[ATTACHMENT|performance-mobile-perform-18942-load-below-the-fold-content-chromium\video.webm]]

[[ATTACHMENT|performance-mobile-perform-18942-load-below-the-fold-content-chromium\error-context.md]]
]]>
</system-out>
</testcase>
<testcase name="Mobile Performance Budget › should use efficient caching for mobile" classname="performance\mobile-performance-budget.spec.ts" time="3.32">
<system-out>
<![CDATA[Cached Load Time: 946ms
]]>
</system-out>
</testcase>
<testcase name="Mobile Performance Budget › should minimize layout shifts on mobile" classname="performance\mobile-performance-budget.spec.ts" time="1.895">
<system-out>
<![CDATA[Mobile CLS: 0.01770110869407654
]]>
</system-out>
</testcase>
<testcase name="Mobile Performance Budget › should optimize font loading for mobile" classname="performance\mobile-performance-budget.spec.ts" time="1.332">
<system-out>
<![CDATA[Fonts loaded: 0/0
]]>
</system-out>
</testcase>
<testcase name="Mobile Performance Budget › should meet mobile bundle size budget" classname="performance\mobile-performance-budget.spec.ts" time="2.184">
<failure message="mobile-performance-budget.spec.ts:222:7 should meet mobile bundle size budget" type="FAILURE">
<![CDATA[  [chromium] › performance\mobile-performance-budget.spec.ts:222:7 › Mobile Performance Budget › should meet mobile bundle size budget 

    Error: expect(received).toBeLessThan(expected)

    Expected: < 307200
    Received:   7349458

      241 |     // Mobile bundle budget: <300KB total
      242 |     const totalSize = totalJsSize + totalCssSize;
    > 243 |     expect(totalSize).toBeLessThan(300 * 1024); // 300KB
          |                       ^
      244 |
      245 |     console.log(`Mobile Bundle Size - JS: ${(totalJsSize / 1024).toFixed(2)}KB, CSS: ${(totalCssSize / 1024).toFixed(2)}KB, Total: ${(totalSize / 1024).toFixed(2)}KB`);
      246 |   });
        at C:\Dev\Zo\sass-store\tests\e2e\performance\mobile-performance-budget.spec.ts:243:23

    attachment #1: screenshot (image/png) ──────────────────────────────────────────────────────────
    ..\..\test-results\performance-mobile-perform-1a334-t-mobile-bundle-size-budget-chromium\test-failed-1.png
    ────────────────────────────────────────────────────────────────────────────────────────────────

    attachment #2: video (video/webm) ──────────────────────────────────────────────────────────────
    ..\..\test-results\performance-mobile-perform-1a334-t-mobile-bundle-size-budget-chromium\video.webm
    ────────────────────────────────────────────────────────────────────────────────────────────────

    Error Context: ..\..\test-results\performance-mobile-perform-1a334-t-mobile-bundle-size-budget-chromium\error-context.md
]]>
</failure>
<system-out>
<![CDATA[
[[ATTACHMENT|performance-mobile-perform-1a334-t-mobile-bundle-size-budget-chromium\test-failed-1.png]]

[[ATTACHMENT|performance-mobile-perform-1a334-t-mobile-bundle-size-budget-chromium\video.webm]]

[[ATTACHMENT|performance-mobile-perform-1a334-t-mobile-bundle-size-budget-chromium\error-context.md]]
]]>
</system-out>
</testcase>
<testcase name="Mobile Performance Budget › should prioritize critical rendering path on mobile" classname="performance\mobile-performance-budget.spec.ts" time="1.539">
<failure message="mobile-performance-budget.spec.ts:248:7 should prioritize critical rendering path on mobile" type="FAILURE">
<![CDATA[  [chromium] › performance\mobile-performance-budget.spec.ts:248:7 › Mobile Performance Budget › should prioritize critical rendering path on mobile 

    Error: expect(received).toBeTruthy()

    Received: false

      255 |     });
      256 |
    > 257 |     expect(inlineStyles).toBeTruthy();
          |                          ^
      258 |
      259 |     // Check that non-critical CSS is deferred
      260 |     const deferredLinks = await page.evaluate(() => {
        at C:\Dev\Zo\sass-store\tests\e2e\performance\mobile-performance-budget.spec.ts:257:26

    attachment #1: screenshot (image/png) ──────────────────────────────────────────────────────────
    ..\..\test-results\performance-mobile-perform-8fd2f-al-rendering-path-on-mobile-chromium\test-failed-1.png
    ────────────────────────────────────────────────────────────────────────────────────────────────

    attachment #2: video (video/webm) ──────────────────────────────────────────────────────────────
    ..\..\test-results\performance-mobile-perform-8fd2f-al-rendering-path-on-mobile-chromium\video.webm
    ────────────────────────────────────────────────────────────────────────────────────────────────

    Error Context: ..\..\test-results\performance-mobile-perform-8fd2f-al-rendering-path-on-mobile-chromium\error-context.md
]]>
</failure>
<system-out>
<![CDATA[
[[ATTACHMENT|performance-mobile-perform-8fd2f-al-rendering-path-on-mobile-chromium\test-failed-1.png]]

[[ATTACHMENT|performance-mobile-perform-8fd2f-al-rendering-path-on-mobile-chromium\video.webm]]

[[ATTACHMENT|performance-mobile-perform-8fd2f-al-rendering-path-on-mobile-chromium\error-context.md]]
]]>
</system-out>
</testcase>
</testsuite>
<testsuite name="performance.spec.ts" timestamp="2025-10-29T19:08:05.826Z" hostname="chromium" tests="5" failures="2" skipped="0" time="13.785" errors="0">
<testcase name="Performance Tests › Page load times should meet targets" classname="performance.spec.ts" time="4.383">
</testcase>
<testcase name="Performance Tests › Bundle size should be under 250KB" classname="performance.spec.ts" time="1.359">
<failure message="performance.spec.ts:30:7 Bundle size should be under 250KB" type="FAILURE">
<![CDATA[  [chromium] › performance.spec.ts:30:7 › Performance Tests › Bundle size should be under 250KB ────

    Error: expect(received).toBeLessThan(expected)

    Expected: < 256000
    Received:   1700181

      62 |
      63 |     // Bundle size should be under 250KB (256000 bytes)
    > 64 |     expect(metrics.totalSize).toBeLessThan(256000);
         |                               ^
      65 |
      66 |     // JavaScript bundle should be reasonable
      67 |     expect(metrics.jsSize).toBeLessThan(200000); // 200KB max for JS
        at C:\Dev\Zo\sass-store\tests\e2e\performance.spec.ts:64:31

    attachment #1: screenshot (image/png) ──────────────────────────────────────────────────────────
    ..\..\test-results\performance-Performance-Te-ca441--size-should-be-under-250KB-chromium\test-failed-1.png
    ────────────────────────────────────────────────────────────────────────────────────────────────

    attachment #2: video (video/webm) ──────────────────────────────────────────────────────────────
    ..\..\test-results\performance-Performance-Te-ca441--size-should-be-under-250KB-chromium\video.webm
    ────────────────────────────────────────────────────────────────────────────────────────────────

    Error Context: ..\..\test-results\performance-Performance-Te-ca441--size-should-be-under-250KB-chromium\error-context.md
]]>
</failure>
<system-out>
<![CDATA[
[[ATTACHMENT|performance-Performance-Te-ca441--size-should-be-under-250KB-chromium\test-failed-1.png]]

[[ATTACHMENT|performance-Performance-Te-ca441--size-should-be-under-250KB-chromium\video.webm]]

[[ATTACHMENT|performance-Performance-Te-ca441--size-should-be-under-250KB-chromium\error-context.md]]
]]>
</system-out>
</testcase>
<testcase name="Performance Tests › Core Web Vitals should meet targets" classname="performance.spec.ts" time="4.068">
<system-out>
<![CDATA[Core Web Vitals: { lcp: [33m880[39m, fcp: [33m880[39m, cls: [33m0.018402811884880067[39m }
]]>
</system-out>
</testcase>
<testcase name="Performance Tests › Image optimization should be working" classname="performance.spec.ts" time="1.556">
</testcase>
<testcase name="Performance Tests › Caching headers should be set properly" classname="performance.spec.ts" time="2.419">
<failure message="performance.spec.ts:151:7 Caching headers should be set properly" type="FAILURE">
<![CDATA[  [chromium] › performance.spec.ts:151:7 › Performance Tests › Caching headers should be set properly 

    Error: expect(received).toContain(expected) // indexOf

    Matcher error: received value must not be null nor undefined

    Received has value: undefined

      171 |         const staticCacheControl = resp.headers()['cache-control'];
      172 |         // Static assets should have long cache times
    > 173 |         expect(staticCacheControl).toContain('max-age');
          |                                    ^
      174 |       }
      175 |     }
      176 |   });
        at C:\Dev\Zo\sass-store\tests\e2e\performance.spec.ts:173:36

    attachment #1: screenshot (image/png) ──────────────────────────────────────────────────────────
    ..\..\test-results\performance-Performance-Te-779ef-ders-should-be-set-properly-chromium\test-failed-1.png
    ────────────────────────────────────────────────────────────────────────────────────────────────

    attachment #2: video (video/webm) ──────────────────────────────────────────────────────────────
    ..\..\test-results\performance-Performance-Te-779ef-ders-should-be-set-properly-chromium\video.webm
    ────────────────────────────────────────────────────────────────────────────────────────────────

    Error Context: ..\..\test-results\performance-Performance-Te-779ef-ders-should-be-set-properly-chromium\error-context.md
]]>
</failure>
<system-out>
<![CDATA[
[[ATTACHMENT|performance-Performance-Te-779ef-ders-should-be-set-properly-chromium\test-failed-1.png]]

[[ATTACHMENT|performance-Performance-Te-779ef-ders-should-be-set-properly-chromium\video.webm]]

[[ATTACHMENT|performance-Performance-Te-779ef-ders-should-be-set-properly-chromium\error-context.md]]
]]>
</system-out>
</testcase>
</testsuite>
<testsuite name="purchase\bundle-and-gift-flows.spec.ts" timestamp="2025-10-29T19:08:05.826Z" hostname="chromium" tests="6" failures="1" skipped="0" time="29.318" errors="0">
<testcase name="Bundle Purchase with Cross-Sell - 3 Click Budget › should complete bundle purchase with cross-sell in 3 clicks" classname="purchase\bundle-and-gift-flows.spec.ts" time="2.073">
</testcase>
<testcase name="Bundle Purchase with Cross-Sell - 3 Click Budget › should show bundle savings and item breakdown" classname="purchase\bundle-and-gift-flows.spec.ts" time="1.468">
</testcase>
<testcase name="Gift Purchase Flow - 3 Click Budget › should complete gift purchase with gift options in 3 clicks" classname="purchase\bundle-and-gift-flows.spec.ts" time="5.143">
</testcase>
<testcase name="Gift Purchase Flow - 3 Click Budget › should allow custom gift message" classname="purchase\bundle-and-gift-flows.spec.ts" time="17.455">
<failure message="bundle-and-gift-flows.spec.ts:175:7 should allow custom gift message" type="FAILURE">
<![CDATA[  [chromium] › purchase\bundle-and-gift-flows.spec.ts:175:7 › Gift Purchase Flow - 3 Click Budget › should allow custom gift message 

    TimeoutError: locator.click: Timeout 15000ms exceeded.
    Call log:
      - waiting for locator('[data-testid="product-card"]').first()


      178 |     // Find a product and add as gift
      179 |     const firstProduct = page.locator('[data-testid="product-card"]').first();
    > 180 |     await firstProduct.click();
          |                        ^
      181 |
      182 |     const giftOption = page.locator('[data-testid="gift-option"], input[type="checkbox"][name*="gift"]');
      183 |     if (await giftOption.isVisible()) {
        at C:\Dev\Zo\sass-store\tests\e2e\purchase\bundle-and-gift-flows.spec.ts:180:24

    attachment #1: screenshot (image/png) ──────────────────────────────────────────────────────────
    ..\..\test-results\purchase-bundle-and-gift-f-8d635-d-allow-custom-gift-message-chromium\test-failed-1.png
    ────────────────────────────────────────────────────────────────────────────────────────────────

    attachment #2: video (video/webm) ──────────────────────────────────────────────────────────────
    ..\..\test-results\purchase-bundle-and-gift-f-8d635-d-allow-custom-gift-message-chromium\video.webm
    ────────────────────────────────────────────────────────────────────────────────────────────────

    Error Context: ..\..\test-results\purchase-bundle-and-gift-f-8d635-d-allow-custom-gift-message-chromium\error-context.md
]]>
</failure>
<system-out>
<![CDATA[
[[ATTACHMENT|purchase-bundle-and-gift-f-8d635-d-allow-custom-gift-message-chromium\test-failed-1.png]]

[[ATTACHMENT|purchase-bundle-and-gift-f-8d635-d-allow-custom-gift-message-chromium\video.webm]]

[[ATTACHMENT|purchase-bundle-and-gift-f-8d635-d-allow-custom-gift-message-chromium\error-context.md]]
]]>
</system-out>
</testcase>
<testcase name="Gift Purchase Flow - 3 Click Budget › should show gift pricing with wrap costs" classname="purchase\bundle-and-gift-flows.spec.ts" time="1.59">
</testcase>
<testcase name="Gift Purchase Flow - 3 Click Budget › should support scheduling gift delivery" classname="purchase\bundle-and-gift-flows.spec.ts" time="1.589">
</testcase>
</testsuite>
<testsuite name="quotas\cost-guards.spec.ts" timestamp="2025-10-29T19:08:05.826Z" hostname="chromium" tests="8" failures="7" skipped="0" time="63.449" errors="0">
<testcase name="Quotas and Cost Guards E2E Tests › Eco Mode (50% budget) - Reduced features and quality" classname="quotas\cost-guards.spec.ts" time="10.352">
<failure message="cost-guards.spec.ts:14:7 Eco Mode (50% budget) - Reduced features and quality" type="FAILURE">
<![CDATA[  [chromium] › quotas\cost-guards.spec.ts:14:7 › Quotas and Cost Guards E2E Tests › Eco Mode (50% budget) - Reduced features and quality 

    Error: expect(locator).toBeVisible() failed

    Locator: locator('[data-testid="eco-mode-banner"]')
    Expected: visible
    Timeout: 5000ms
    Error: element(s) not found

    Call log:
      - Expect "toBeVisible" with timeout 5000ms
      - waiting for locator('[data-testid="eco-mode-banner"]')


      38 |
      39 |       // Verify eco mode banner is displayed
    > 40 |       await expect(page.locator('[data-testid="eco-mode-banner"]')).toBeVisible();
         |                                                                     ^
      41 |       await expect(page.locator('[data-testid="eco-mode-banner"]')).toContainText('Eco Mode');
      42 |
      43 |       // Verify reduced image quality (requirement: 1 imagen en eco)
        at C:\Dev\Zo\sass-store\tests\e2e\quotas\cost-guards.spec.ts:40:69

    attachment #1: screenshot (image/png) ──────────────────────────────────────────────────────────
    ..\..\test-results\quotas-cost-guards-Quotas--0b9f0-educed-features-and-quality-chromium\test-failed-1.png
    ────────────────────────────────────────────────────────────────────────────────────────────────

    attachment #2: video (video/webm) ──────────────────────────────────────────────────────────────
    ..\..\test-results\quotas-cost-guards-Quotas--0b9f0-educed-features-and-quality-chromium\video.webm
    ────────────────────────────────────────────────────────────────────────────────────────────────

    Error Context: ..\..\test-results\quotas-cost-guards-Quotas--0b9f0-educed-features-and-quality-chromium\error-context.md
]]>
</failure>
<system-out>
<![CDATA[
[[ATTACHMENT|quotas-cost-guards-Quotas--0b9f0-educed-features-and-quality-chromium\test-failed-1.png]]

[[ATTACHMENT|quotas-cost-guards-Quotas--0b9f0-educed-features-and-quality-chromium\video.webm]]

[[ATTACHMENT|quotas-cost-guards-Quotas--0b9f0-educed-features-and-quality-chromium\error-context.md]]
]]>
</system-out>
</testcase>
<testcase name="Quotas and Cost Guards E2E Tests › Warning Mode (80% budget) - Usage notifications" classname="quotas\cost-guards.spec.ts" time="10.866">
<failure message="cost-guards.spec.ts:79:7 Warning Mode (80% budget) - Usage notifications" type="FAILURE">
<![CDATA[  [chromium] › quotas\cost-guards.spec.ts:79:7 › Quotas and Cost Guards E2E Tests › Warning Mode (80% budget) - Usage notifications 

    Error: expect(locator).toBeVisible() failed

    Locator: locator('[data-testid="warning-banner"]')
    Expected: visible
    Timeout: 5000ms
    Error: element(s) not found

    Call log:
      - Expect "toBeVisible" with timeout 5000ms
      - waiting for locator('[data-testid="warning-banner"]')


      103 |
      104 |       // Verify warning banner is displayed
    > 105 |       await expect(page.locator('[data-testid="warning-banner"]')).toBeVisible();
          |                                                                    ^
      106 |       await expect(page.locator('[data-testid="warning-banner"]')).toContainText('80%');
      107 |
      108 |       // Verify usage notifications
        at C:\Dev\Zo\sass-store\tests\e2e\quotas\cost-guards.spec.ts:105:68

    attachment #1: screenshot (image/png) ──────────────────────────────────────────────────────────
    ..\..\test-results\quotas-cost-guards-Quotas--a7f43-udget---Usage-notifications-chromium\test-failed-1.png
    ────────────────────────────────────────────────────────────────────────────────────────────────

    attachment #2: video (video/webm) ──────────────────────────────────────────────────────────────
    ..\..\test-results\quotas-cost-guards-Quotas--a7f43-udget---Usage-notifications-chromium\video.webm
    ────────────────────────────────────────────────────────────────────────────────────────────────

    Error Context: ..\..\test-results\quotas-cost-guards-Quotas--a7f43-udget---Usage-notifications-chromium\error-context.md
]]>
</failure>
<system-out>
<![CDATA[
[[ATTACHMENT|quotas-cost-guards-Quotas--a7f43-udget---Usage-notifications-chromium\test-failed-1.png]]

[[ATTACHMENT|quotas-cost-guards-Quotas--a7f43-udget---Usage-notifications-chromium\video.webm]]

[[ATTACHMENT|quotas-cost-guards-Quotas--a7f43-udget---Usage-notifications-chromium\error-context.md]]
]]>
</system-out>
</testcase>
<testcase name="Quotas and Cost Guards E2E Tests › Freeze Mode (90% budget) - Write operations disabled" classname="quotas\cost-guards.spec.ts" time="11.876">
<failure message="cost-guards.spec.ts:130:7 Freeze Mode (90% budget) - Write operations disabled" type="FAILURE">
<![CDATA[  [chromium] › quotas\cost-guards.spec.ts:130:7 › Quotas and Cost Guards E2E Tests › Freeze Mode (90% budget) - Write operations disabled 

    Error: expect(locator).toBeVisible() failed

    Locator: locator('[data-testid="freeze-banner"]')
    Expected: visible
    Timeout: 5000ms
    Error: element(s) not found

    Call log:
      - Expect "toBeVisible" with timeout 5000ms
      - waiting for locator('[data-testid="freeze-banner"]')


      154 |
      155 |       // Verify freeze mode banner
    > 156 |       await expect(page.locator('[data-testid="freeze-banner"]')).toBeVisible();
          |                                                                   ^
      157 |       await expect(page.locator('[data-testid="freeze-banner"]')).toContainText('read-only');
      158 |
      159 |       // Verify write operations are disabled
        at C:\Dev\Zo\sass-store\tests\e2e\quotas\cost-guards.spec.ts:156:67

    attachment #1: screenshot (image/png) ──────────────────────────────────────────────────────────
    ..\..\test-results\quotas-cost-guards-Quotas--b802f---Write-operations-disabled-chromium\test-failed-1.png
    ────────────────────────────────────────────────────────────────────────────────────────────────

    attachment #2: video (video/webm) ──────────────────────────────────────────────────────────────
    ..\..\test-results\quotas-cost-guards-Quotas--b802f---Write-operations-disabled-chromium\video.webm
    ────────────────────────────────────────────────────────────────────────────────────────────────

    Error Context: ..\..\test-results\quotas-cost-guards-Quotas--b802f---Write-operations-disabled-chromium\error-context.md
]]>
</failure>
<system-out>
<![CDATA[
[[ATTACHMENT|quotas-cost-guards-Quotas--b802f---Write-operations-disabled-chromium\test-failed-1.png]]

[[ATTACHMENT|quotas-cost-guards-Quotas--b802f---Write-operations-disabled-chromium\video.webm]]

[[ATTACHMENT|quotas-cost-guards-Quotas--b802f---Write-operations-disabled-chromium\error-context.md]]
]]>
</system-out>
</testcase>
<testcase name="Quotas and Cost Guards E2E Tests › Kill Switch (100% budget) - Service unavailable" classname="quotas\cost-guards.spec.ts" time="9.428">
<failure message="cost-guards.spec.ts:196:7 Kill Switch (100% budget) - Service unavailable" type="FAILURE">
<![CDATA[  [chromium] › quotas\cost-guards.spec.ts:196:7 › Quotas and Cost Guards E2E Tests › Kill Switch (100% budget) - Service unavailable 

    Error: expect(locator).toBeVisible() failed

    Locator: locator('[data-testid="maintenance-mode"]')
    Expected: visible
    Timeout: 5000ms
    Error: element(s) not found

    Call log:
      - Expect "toBeVisible" with timeout 5000ms
      - waiting for locator('[data-testid="maintenance-mode"]')


      212 |
      213 |       // Verify maintenance mode is displayed
    > 214 |       await expect(page.locator('[data-testid="maintenance-mode"]')).toBeVisible();
          |                                                                      ^
      215 |       await expect(page.locator('[data-testid="maintenance-message"]')).toContainText('temporarily unavailable');
      216 |
      217 |       // Verify normal content is not accessible
        at C:\Dev\Zo\sass-store\tests\e2e\quotas\cost-guards.spec.ts:214:70

    attachment #1: screenshot (image/png) ──────────────────────────────────────────────────────────
    ..\..\test-results\quotas-cost-guards-Quotas--a40ea-udget---Service-unavailable-chromium\test-failed-1.png
    ────────────────────────────────────────────────────────────────────────────────────────────────

    attachment #2: video (video/webm) ──────────────────────────────────────────────────────────────
    ..\..\test-results\quotas-cost-guards-Quotas--a40ea-udget---Service-unavailable-chromium\video.webm
    ────────────────────────────────────────────────────────────────────────────────────────────────

    Error Context: ..\..\test-results\quotas-cost-guards-Quotas--a40ea-udget---Service-unavailable-chromium\error-context.md
]]>
</failure>
<system-out>
<![CDATA[
[[ATTACHMENT|quotas-cost-guards-Quotas--a40ea-udget---Service-unavailable-chromium\test-failed-1.png]]

[[ATTACHMENT|quotas-cost-guards-Quotas--a40ea-udget---Service-unavailable-chromium\video.webm]]

[[ATTACHMENT|quotas-cost-guards-Quotas--a40ea-udget---Service-unavailable-chromium\error-context.md]]
]]>
</system-out>
</testcase>
<testcase name="Quotas and Cost Guards E2E Tests › Quota API - 429 responses with retry headers" classname="quotas\cost-guards.spec.ts" time="3.46">
<system-out>
<![CDATA[✅ API rate limiting with proper 429 responses
]]>
</system-out>
</testcase>
<testcase name="Quotas and Cost Guards E2E Tests › Resource Limits - Storage, API calls, connections" classname="quotas\cost-guards.spec.ts" time="2.59">
<failure message="cost-guards.spec.ts:274:7 Resource Limits - Storage, API calls, connections" type="FAILURE">
<![CDATA[  [chromium] › quotas\cost-guards.spec.ts:274:7 › Quotas and Cost Guards E2E Tests › Resource Limits - Storage, API calls, connections 

    Error: expect(received).toBeGreaterThan(expected)

    Expected: > 0
    Received:   0

      314 |
      315 |     // Should have some rate limiting at high request volumes
    > 316 |     expect(rateLimited.length).toBeGreaterThan(0);
          |                                ^
      317 |
      318 |     console.log(`✅ Resource limits properly enforced`);
      319 |   });
        at C:\Dev\Zo\sass-store\tests\e2e\quotas\cost-guards.spec.ts:316:32

    attachment #1: screenshot (image/png) ──────────────────────────────────────────────────────────
    ..\..\test-results\quotas-cost-guards-Quotas--833cb-orage-API-calls-connections-chromium\test-failed-1.png
    ────────────────────────────────────────────────────────────────────────────────────────────────

    attachment #2: video (video/webm) ──────────────────────────────────────────────────────────────
    ..\..\test-results\quotas-cost-guards-Quotas--833cb-orage-API-calls-connections-chromium\video.webm
    ────────────────────────────────────────────────────────────────────────────────────────────────
]]>
</failure>
<system-out>
<![CDATA[
[[ATTACHMENT|quotas-cost-guards-Quotas--833cb-orage-API-calls-connections-chromium\test-failed-1.png]]

[[ATTACHMENT|quotas-cost-guards-Quotas--833cb-orage-API-calls-connections-chromium\video.webm]]
]]>
</system-out>
</testcase>
<testcase name="Quotas and Cost Guards E2E Tests › Quota Recovery - Service restoration after limits reset" classname="quotas\cost-guards.spec.ts" time="7.807">
<failure message="cost-guards.spec.ts:321:7 Quota Recovery - Service restoration after limits reset" type="FAILURE">
<![CDATA[  [chromium] › quotas\cost-guards.spec.ts:321:7 › Quotas and Cost Guards E2E Tests › Quota Recovery - Service restoration after limits reset 

    Error: expect(locator).toBeVisible() failed

    Locator: locator('[data-testid="maintenance-mode"]')
    Expected: visible
    Timeout: 5000ms
    Error: element(s) not found

    Call log:
      - Expect "toBeVisible" with timeout 5000ms
      - waiting for locator('[data-testid="maintenance-mode"]')


      336 |
      337 |       await page.goto(`/t/${tenant}`);
    > 338 |       await expect(page.locator('[data-testid="maintenance-mode"]')).toBeVisible();
          |                                                                      ^
      339 |
      340 |       // Simulate quota reset (new billing cycle)
      341 |       await page.route('/api/v1/quota/status', route => {
        at C:\Dev\Zo\sass-store\tests\e2e\quotas\cost-guards.spec.ts:338:70

    attachment #1: screenshot (image/png) ──────────────────────────────────────────────────────────
    ..\..\test-results\quotas-cost-guards-Quotas--44100-toration-after-limits-reset-chromium\test-failed-1.png
    ────────────────────────────────────────────────────────────────────────────────────────────────

    attachment #2: video (video/webm) ──────────────────────────────────────────────────────────────
    ..\..\test-results\quotas-cost-guards-Quotas--44100-toration-after-limits-reset-chromium\video.webm
    ────────────────────────────────────────────────────────────────────────────────────────────────

    Error Context: ..\..\test-results\quotas-cost-guards-Quotas--44100-toration-after-limits-reset-chromium\error-context.md
]]>
</failure>
<system-out>
<![CDATA[
[[ATTACHMENT|quotas-cost-guards-Quotas--44100-toration-after-limits-reset-chromium\test-failed-1.png]]

[[ATTACHMENT|quotas-cost-guards-Quotas--44100-toration-after-limits-reset-chromium\video.webm]]

[[ATTACHMENT|quotas-cost-guards-Quotas--44100-toration-after-limits-reset-chromium\error-context.md]]
]]>
</system-out>
</testcase>
<testcase name="Quotas and Cost Guards E2E Tests › Budget Notifications - Progressive alerts" classname="quotas\cost-guards.spec.ts" time="7.07">
<failure message="cost-guards.spec.ts:366:7 Budget Notifications - Progressive alerts" type="FAILURE">
<![CDATA[  [chromium] › quotas\cost-guards.spec.ts:366:7 › Quotas and Cost Guards E2E Tests › Budget Notifications - Progressive alerts 

    Error: expect(locator).toBeVisible() failed

    Locator: locator('[data-testid="eco-mode-banner"]')
    Expected: visible
    Timeout: 5000ms
    Error: element(s) not found

    Call log:
      - Expect "toBeVisible" with timeout 5000ms
      - waiting for locator('[data-testid="eco-mode-banner"]')


      389 |
      390 |       // Verify appropriate banner is shown
    > 391 |       await expect(page.locator(`[data-testid="${level.banner}"]`)).toBeVisible();
          |                                                                     ^
      392 |
      393 |       console.log(`✅ Budget notification at ${level.usage}% working`);
      394 |     }
        at C:\Dev\Zo\sass-store\tests\e2e\quotas\cost-guards.spec.ts:391:69

    attachment #1: screenshot (image/png) ──────────────────────────────────────────────────────────
    ..\..\test-results\quotas-cost-guards-Quotas--adb94-ations---Progressive-alerts-chromium\test-failed-1.png
    ────────────────────────────────────────────────────────────────────────────────────────────────

    attachment #2: video (video/webm) ──────────────────────────────────────────────────────────────
    ..\..\test-results\quotas-cost-guards-Quotas--adb94-ations---Progressive-alerts-chromium\video.webm
    ────────────────────────────────────────────────────────────────────────────────────────────────

    Error Context: ..\..\test-results\quotas-cost-guards-Quotas--adb94-ations---Progressive-alerts-chromium\error-context.md
]]>
</failure>
<system-out>
<![CDATA[
[[ATTACHMENT|quotas-cost-guards-Quotas--adb94-ations---Progressive-alerts-chromium\test-failed-1.png]]

[[ATTACHMENT|quotas-cost-guards-Quotas--adb94-ations---Progressive-alerts-chromium\video.webm]]

[[ATTACHMENT|quotas-cost-guards-Quotas--adb94-ations---Progressive-alerts-chromium\error-context.md]]
]]>
</system-out>
</testcase>
</testsuite>
<testsuite name="reorder\smart-reorder.spec.ts" timestamp="2025-10-29T19:08:05.826Z" hostname="chromium" tests="6" failures="1" skipped="0" time="6.15" errors="0">
<testcase name="Smart Reorder with Substitutions - 1 Click Budget › should complete smart reorder with substitutions in 1 click" classname="reorder\smart-reorder.spec.ts" time="1.257">
<failure message="smart-reorder.spec.ts:9:7 should complete smart reorder with substitutions in 1 click" type="FAILURE">
<![CDATA[  [chromium] › reorder\smart-reorder.spec.ts:9:7 › Smart Reorder with Substitutions - 1 Click Budget › should complete smart reorder with substitutions in 1 click 

    Error: expect(received).toBe(expected) // Object.is equality

    Expected: 1
    Received: 0

      46 |     // Verify click budget met (exactly 1 click)
      47 |     const finalClickCount = await page.evaluate(() => (window as any).clickCount || 0);
    > 48 |     expect(finalClickCount).toBe(1);
         |                             ^
      49 |   });
      50 |
      51 |   test('should detect out-of-stock items and suggest alternatives', async ({ page }) => {
        at C:\Dev\Zo\sass-store\tests\e2e\reorder\smart-reorder.spec.ts:48:29

    attachment #1: screenshot (image/png) ──────────────────────────────────────────────────────────
    ..\..\test-results\reorder-smart-reorder-Smar-4cf96-th-substitutions-in-1-click-chromium\test-failed-1.png
    ────────────────────────────────────────────────────────────────────────────────────────────────

    attachment #2: video (video/webm) ──────────────────────────────────────────────────────────────
    ..\..\test-results\reorder-smart-reorder-Smar-4cf96-th-substitutions-in-1-click-chromium\video.webm
    ────────────────────────────────────────────────────────────────────────────────────────────────

    Error Context: ..\..\test-results\reorder-smart-reorder-Smar-4cf96-th-substitutions-in-1-click-chromium\error-context.md
]]>
</failure>
<system-out>
<![CDATA[
[[ATTACHMENT|reorder-smart-reorder-Smar-4cf96-th-substitutions-in-1-click-chromium\test-failed-1.png]]

[[ATTACHMENT|reorder-smart-reorder-Smar-4cf96-th-substitutions-in-1-click-chromium\video.webm]]

[[ATTACHMENT|reorder-smart-reorder-Smar-4cf96-th-substitutions-in-1-click-chromium\error-context.md]]
]]>
</system-out>
</testcase>
<testcase name="Smart Reorder with Substitutions - 1 Click Budget › should detect out-of-stock items and suggest alternatives" classname="reorder\smart-reorder.spec.ts" time="0.883">
</testcase>
<testcase name="Smart Reorder with Substitutions - 1 Click Budget › should apply smart substitution preferences" classname="reorder\smart-reorder.spec.ts" time="1.142">
</testcase>
<testcase name="Smart Reorder with Substitutions - 1 Click Budget › should show price comparison for substitutions" classname="reorder\smart-reorder.spec.ts" time="0.851">
</testcase>
<testcase name="Smart Reorder with Substitutions - 1 Click Budget › should handle complete inventory check before reorder" classname="reorder\smart-reorder.spec.ts" time="1.109">
</testcase>
<testcase name="Smart Reorder with Substitutions - 1 Click Budget › should maintain order history with substitution records" classname="reorder\smart-reorder.spec.ts" time="0.908">
</testcase>
</testsuite>
<testsuite name="reviews.spec.ts" timestamp="2025-10-29T19:08:05.826Z" hostname="chromium" tests="7" failures="6" skipped="0" time="92.465" errors="0">
<testcase name="Product Reviews E2E Flow › should display existing reviews" classname="reviews.spec.ts" time="16.543">
<failure message="reviews.spec.ts:9:7 should display existing reviews" type="FAILURE">
<![CDATA[  [chromium] › reviews.spec.ts:9:7 › Product Reviews E2E Flow › should display existing reviews ────

    TimeoutError: page.waitForSelector: Timeout 15000ms exceeded.
    Call log:
      - waiting for locator('[data-testid="review-list"]') to be visible


       9 |   test('should display existing reviews', async ({ page }) => {
      10 |     // Wait for reviews section to load
    > 11 |     await page.waitForSelector('[data-testid="review-list"]');
         |                ^
      12 |
      13 |     // Check if reviews are visible
      14 |     const reviews = page.locator('[data-testid="product-review"]');
        at C:\Dev\Zo\sass-store\tests\e2e\reviews.spec.ts:11:16

    attachment #1: screenshot (image/png) ──────────────────────────────────────────────────────────
    ..\..\test-results\reviews-Product-Reviews-E2-37263-ld-display-existing-reviews-chromium\test-failed-1.png
    ────────────────────────────────────────────────────────────────────────────────────────────────

    attachment #2: video (video/webm) ──────────────────────────────────────────────────────────────
    ..\..\test-results\reviews-Product-Reviews-E2-37263-ld-display-existing-reviews-chromium\video.webm
    ────────────────────────────────────────────────────────────────────────────────────────────────

    Error Context: ..\..\test-results\reviews-Product-Reviews-E2-37263-ld-display-existing-reviews-chromium\error-context.md
]]>
</failure>
<system-out>
<![CDATA[
[[ATTACHMENT|reviews-Product-Reviews-E2-37263-ld-display-existing-reviews-chromium\test-failed-1.png]]

[[ATTACHMENT|reviews-Product-Reviews-E2-37263-ld-display-existing-reviews-chromium\video.webm]]

[[ATTACHMENT|reviews-Product-Reviews-E2-37263-ld-display-existing-reviews-chromium\error-context.md]]
]]>
</system-out>
</testcase>
<testcase name="Product Reviews E2E Flow › should submit a new review successfully" classname="reviews.spec.ts" time="18.567">
<failure message="reviews.spec.ts:20:7 should submit a new review successfully" type="FAILURE">
<![CDATA[  [chromium] › reviews.spec.ts:20:7 › Product Reviews E2E Flow › should submit a new review successfully 

    TimeoutError: locator.scrollIntoViewIfNeeded: Timeout 15000ms exceeded.
    Call log:
      - waiting for locator('[data-testid="review-form"]')


      20 |   test('should submit a new review successfully', async ({ page }) => {
      21 |     // Scroll to review form
    > 22 |     await page.locator('[data-testid="review-form"]').scrollIntoViewIfNeeded();
         |                                                       ^
      23 |
      24 |     // Fill in the review form
      25 |     await page.click('[data-testid="star-rating-5"]');
        at C:\Dev\Zo\sass-store\tests\e2e\reviews.spec.ts:22:55

    attachment #1: screenshot (image/png) ──────────────────────────────────────────────────────────
    ..\..\test-results\reviews-Product-Reviews-E2-ef76a-t-a-new-review-successfully-chromium\test-failed-1.png
    ────────────────────────────────────────────────────────────────────────────────────────────────

    attachment #2: video (video/webm) ──────────────────────────────────────────────────────────────
    ..\..\test-results\reviews-Product-Reviews-E2-ef76a-t-a-new-review-successfully-chromium\video.webm
    ────────────────────────────────────────────────────────────────────────────────────────────────

    Error Context: ..\..\test-results\reviews-Product-Reviews-E2-ef76a-t-a-new-review-successfully-chromium\error-context.md
]]>
</failure>
<system-out>
<![CDATA[
[[ATTACHMENT|reviews-Product-Reviews-E2-ef76a-t-a-new-review-successfully-chromium\test-failed-1.png]]

[[ATTACHMENT|reviews-Product-Reviews-E2-ef76a-t-a-new-review-successfully-chromium\video.webm]]

[[ATTACHMENT|reviews-Product-Reviews-E2-ef76a-t-a-new-review-successfully-chromium\error-context.md]]
]]>
</system-out>
</testcase>
<testcase name="Product Reviews E2E Flow › should validate required fields" classname="reviews.spec.ts" time="16.483">
<failure message="reviews.spec.ts:38:7 should validate required fields" type="FAILURE">
<![CDATA[  [chromium] › reviews.spec.ts:38:7 › Product Reviews E2E Flow › should validate required fields ───

    TimeoutError: locator.scrollIntoViewIfNeeded: Timeout 15000ms exceeded.
    Call log:
      - waiting for locator('[data-testid="review-form"]')


      38 |   test('should validate required fields', async ({ page }) => {
      39 |     // Try to submit without filling required fields
    > 40 |     await page.locator('[data-testid="review-form"]').scrollIntoViewIfNeeded();
         |                                                       ^
      41 |     await page.click('[data-testid="submit-review"]');
      42 |
      43 |     // Should show validation error
        at C:\Dev\Zo\sass-store\tests\e2e\reviews.spec.ts:40:55

    attachment #1: screenshot (image/png) ──────────────────────────────────────────────────────────
    ..\..\test-results\reviews-Product-Reviews-E2-b977f-ld-validate-required-fields-chromium\test-failed-1.png
    ────────────────────────────────────────────────────────────────────────────────────────────────

    attachment #2: video (video/webm) ──────────────────────────────────────────────────────────────
    ..\..\test-results\reviews-Product-Reviews-E2-b977f-ld-validate-required-fields-chromium\video.webm
    ────────────────────────────────────────────────────────────────────────────────────────────────

    Error Context: ..\..\test-results\reviews-Product-Reviews-E2-b977f-ld-validate-required-fields-chromium\error-context.md
]]>
</failure>
<system-out>
<![CDATA[
[[ATTACHMENT|reviews-Product-Reviews-E2-b977f-ld-validate-required-fields-chromium\test-failed-1.png]]

[[ATTACHMENT|reviews-Product-Reviews-E2-b977f-ld-validate-required-fields-chromium\video.webm]]

[[ATTACHMENT|reviews-Product-Reviews-E2-b977f-ld-validate-required-fields-chromium\error-context.md]]
]]>
</system-out>
</testcase>
<testcase name="Product Reviews E2E Flow › should allow marking review as helpful" classname="reviews.spec.ts" time="16.228">
<failure message="reviews.spec.ts:47:7 should allow marking review as helpful" type="FAILURE">
<![CDATA[  [chromium] › reviews.spec.ts:47:7 › Product Reviews E2E Flow › should allow marking review as helpful 

    TimeoutError: page.waitForSelector: Timeout 15000ms exceeded.
    Call log:
      - waiting for locator('[data-testid="product-review"]') to be visible


      47 |   test('should allow marking review as helpful', async ({ page }) => {
      48 |     // Wait for reviews to load
    > 49 |     await page.waitForSelector('[data-testid="product-review"]');
         |                ^
      50 |
      51 |     // Get initial helpful count
      52 |     const helpfulButton = page.locator('[data-testid="helpful-button"]').first();
        at C:\Dev\Zo\sass-store\tests\e2e\reviews.spec.ts:49:16

    attachment #1: screenshot (image/png) ──────────────────────────────────────────────────────────
    ..\..\test-results\reviews-Product-Reviews-E2-752c4-w-marking-review-as-helpful-chromium\test-failed-1.png
    ────────────────────────────────────────────────────────────────────────────────────────────────

    attachment #2: video (video/webm) ──────────────────────────────────────────────────────────────
    ..\..\test-results\reviews-Product-Reviews-E2-752c4-w-marking-review-as-helpful-chromium\video.webm
    ────────────────────────────────────────────────────────────────────────────────────────────────

    Error Context: ..\..\test-results\reviews-Product-Reviews-E2-752c4-w-marking-review-as-helpful-chromium\error-context.md
]]>
</failure>
<system-out>
<![CDATA[
[[ATTACHMENT|reviews-Product-Reviews-E2-752c4-w-marking-review-as-helpful-chromium\test-failed-1.png]]

[[ATTACHMENT|reviews-Product-Reviews-E2-752c4-w-marking-review-as-helpful-chromium\video.webm]]

[[ATTACHMENT|reviews-Product-Reviews-E2-752c4-w-marking-review-as-helpful-chromium\error-context.md]]
]]>
</system-out>
</testcase>
<testcase name="Product Reviews E2E Flow › should display average rating" classname="reviews.spec.ts" time="6.491">
<failure message="reviews.spec.ts:69:7 should display average rating" type="FAILURE">
<![CDATA[  [chromium] › reviews.spec.ts:69:7 › Product Reviews E2E Flow › should display average rating ─────

    Error: expect(locator).toBeVisible() failed

    Locator: locator('[data-testid="average-rating"]')
    Expected: visible
    Timeout: 5000ms
    Error: element(s) not found

    Call log:
      - Expect "toBeVisible" with timeout 5000ms
      - waiting for locator('[data-testid="average-rating"]')


      70 |     // Check for average rating display
      71 |     const avgRating = page.locator('[data-testid="average-rating"]');
    > 72 |     await expect(avgRating).toBeVisible();
         |                             ^
      73 |
      74 |     // Verify it's a valid rating (1-5)
      75 |     const ratingText = await avgRating.textContent();
        at C:\Dev\Zo\sass-store\tests\e2e\reviews.spec.ts:72:29

    attachment #1: screenshot (image/png) ──────────────────────────────────────────────────────────
    ..\..\test-results\reviews-Product-Reviews-E2-6bb08-ould-display-average-rating-chromium\test-failed-1.png
    ────────────────────────────────────────────────────────────────────────────────────────────────

    attachment #2: video (video/webm) ──────────────────────────────────────────────────────────────
    ..\..\test-results\reviews-Product-Reviews-E2-6bb08-ould-display-average-rating-chromium\video.webm
    ────────────────────────────────────────────────────────────────────────────────────────────────

    Error Context: ..\..\test-results\reviews-Product-Reviews-E2-6bb08-ould-display-average-rating-chromium\error-context.md
]]>
</failure>
<system-out>
<![CDATA[
[[ATTACHMENT|reviews-Product-Reviews-E2-6bb08-ould-display-average-rating-chromium\test-failed-1.png]]

[[ATTACHMENT|reviews-Product-Reviews-E2-6bb08-ould-display-average-rating-chromium\video.webm]]

[[ATTACHMENT|reviews-Product-Reviews-E2-6bb08-ould-display-average-rating-chromium\error-context.md]]
]]>
</system-out>
</testcase>
<testcase name="Product Reviews E2E Flow › should filter reviews by rating" classname="reviews.spec.ts" time="16.152">
<failure message="reviews.spec.ts:82:7 should filter reviews by rating" type="FAILURE">
<![CDATA[  [chromium] › reviews.spec.ts:82:7 › Product Reviews E2E Flow › should filter reviews by rating ───

    TimeoutError: page.click: Timeout 15000ms exceeded.
    Call log:
      - waiting for locator('[data-testid="filter-5-stars"]')


      82 |   test('should filter reviews by rating', async ({ page }) => {
      83 |     // Click on 5-star filter
    > 84 |     await page.click('[data-testid="filter-5-stars"]');
         |                ^
      85 |
      86 |     // Wait for filtered results
      87 |     await page.waitForTimeout(500);
        at C:\Dev\Zo\sass-store\tests\e2e\reviews.spec.ts:84:16

    attachment #1: screenshot (image/png) ──────────────────────────────────────────────────────────
    ..\..\test-results\reviews-Product-Reviews-E2-df91c-ld-filter-reviews-by-rating-chromium\test-failed-1.png
    ────────────────────────────────────────────────────────────────────────────────────────────────

    attachment #2: video (video/webm) ──────────────────────────────────────────────────────────────
    ..\..\test-results\reviews-Product-Reviews-E2-df91c-ld-filter-reviews-by-rating-chromium\video.webm
    ────────────────────────────────────────────────────────────────────────────────────────────────

    Error Context: ..\..\test-results\reviews-Product-Reviews-E2-df91c-ld-filter-reviews-by-rating-chromium\error-context.md
]]>
</failure>
<system-out>
<![CDATA[
[[ATTACHMENT|reviews-Product-Reviews-E2-df91c-ld-filter-reviews-by-rating-chromium\test-failed-1.png]]

[[ATTACHMENT|reviews-Product-Reviews-E2-df91c-ld-filter-reviews-by-rating-chromium\video.webm]]

[[ATTACHMENT|reviews-Product-Reviews-E2-df91c-ld-filter-reviews-by-rating-chromium\error-context.md]]
]]>
</system-out>
</testcase>
<testcase name="Product Reviews E2E Flow › should load more reviews on scroll" classname="reviews.spec.ts" time="2.001">
</testcase>
</testsuite>
<testsuite name="rls\booking-system-isolation.spec.ts" timestamp="2025-10-29T19:08:05.826Z" hostname="chromium" tests="7" failures="2" skipped="0" time="8.09" errors="0">
<testcase name="Booking System Tenant Isolation › should only show staff from current tenant" classname="rls\booking-system-isolation.spec.ts" time="1.479">
</testcase>
<testcase name="Booking System Tenant Isolation › should not display other tenant bookings in calendar" classname="rls\booking-system-isolation.spec.ts" time="1.028">
</testcase>
<testcase name="Booking System Tenant Isolation › should prevent access to other tenant booking via direct URL" classname="rls\booking-system-isolation.spec.ts" time="1.415">
</testcase>
<testcase name="Booking System Tenant Isolation › should isolate staff API endpoints by tenant" classname="rls\booking-system-isolation.spec.ts" time="0.113">
<failure message="booking-system-isolation.spec.ts:106:7 should isolate staff API endpoints by tenant" type="FAILURE">
<![CDATA[  [chromium] › rls\booking-system-isolation.spec.ts:106:7 › Booking System Tenant Isolation › should isolate staff API endpoints by tenant 

    Error: expect(received).toBeTruthy()

    Received: false

      107 |     // Get wondernails staff
      108 |     const wondernailsStaff = await request.get('/api/staff?tenant=wondernails');
    > 109 |     expect(wondernailsStaff.ok()).toBeTruthy();
          |                                   ^
      110 |
      111 |     const wondernailsData = await wondernailsStaff.json();
      112 |     const wondernailsStaffList = wondernailsData.staff || wondernailsData;
        at C:\Dev\Zo\sass-store\tests\e2e\rls\booking-system-isolation.spec.ts:109:35
]]>
</failure>
</testcase>
<testcase name="Booking System Tenant Isolation › should enforce tenant boundary in booking creation" classname="rls\booking-system-isolation.spec.ts" time="0.858">
</testcase>
<testcase name="Booking System Tenant Isolation › should prevent booking modifications across tenants" classname="rls\booking-system-isolation.spec.ts" time="0.953">
<failure message="booking-system-isolation.spec.ts:152:7 should prevent booking modifications across tenants" type="FAILURE">
<![CDATA[  [chromium] › rls\booking-system-isolation.spec.ts:152:7 › Booking System Tenant Isolation › should prevent booking modifications across tenants 

    Error: expect(received).toBe(expected) // Object.is equality

    Expected: 404
    Received: 500

      170 |
      171 |     // Should return 404 (booking not found in wondernails context)
    > 172 |     expect(updateResponse.status()).toBe(404);
          |                                     ^
      173 |   });
      174 |
      175 |   test('should maintain booking isolation in shared time slots', async ({ page }) => {
        at C:\Dev\Zo\sass-store\tests\e2e\rls\booking-system-isolation.spec.ts:172:37

    attachment #1: screenshot (image/png) ──────────────────────────────────────────────────────────
    ..\..\test-results\rls-booking-system-isolati-cfe0d-odifications-across-tenants-chromium\test-failed-1.png
    ────────────────────────────────────────────────────────────────────────────────────────────────

    attachment #2: video (video/webm) ──────────────────────────────────────────────────────────────
    ..\..\test-results\rls-booking-system-isolati-cfe0d-odifications-across-tenants-chromium\video.webm
    ────────────────────────────────────────────────────────────────────────────────────────────────

    Error Context: ..\..\test-results\rls-booking-system-isolati-cfe0d-odifications-across-tenants-chromium\error-context.md
]]>
</failure>
<system-out>
<![CDATA[
[[ATTACHMENT|rls-booking-system-isolati-cfe0d-odifications-across-tenants-chromium\test-failed-1.png]]

[[ATTACHMENT|rls-booking-system-isolati-cfe0d-odifications-across-tenants-chromium\video.webm]]

[[ATTACHMENT|rls-booking-system-isolati-cfe0d-odifications-across-tenants-chromium\error-context.md]]
]]>
</system-out>
</testcase>
<testcase name="Booking System Tenant Isolation › should maintain booking isolation in shared time slots" classname="rls\booking-system-isolation.spec.ts" time="2.244">
</testcase>
</testsuite>
<testsuite name="rls\product-catalog-isolation.spec.ts" timestamp="2025-10-29T19:08:05.826Z" hostname="chromium" tests="6" failures="4" skipped="0" time="42.038" errors="0">
<testcase name="Product Catalog Tenant Isolation › should only show products from current tenant" classname="rls\product-catalog-isolation.spec.ts" time="6.812">
<failure message="product-catalog-isolation.spec.ts:9:7 should only show products from current tenant" type="FAILURE">
<![CDATA[  [chromium] › rls\product-catalog-isolation.spec.ts:9:7 › Product Catalog Tenant Isolation › should only show products from current tenant 

    Error: expect(locator).toBeVisible() failed

    Locator: locator('[data-testid="products-grid"]')
    Expected: visible
    Timeout: 5000ms
    Error: element(s) not found

    Call log:
      - Expect "toBeVisible" with timeout 5000ms
      - waiting for locator('[data-testid="products-grid"]')


      13 |
      14 |     // Verify wondernails products are visible
    > 15 |     await expect(page.locator('[data-testid="products-grid"]')).toBeVisible();
         |                                                                 ^
      16 |
      17 |     const productCards = page.locator('[data-testid="product-card"]');
      18 |     const productCount = await productCards.count();
        at C:\Dev\Zo\sass-store\tests\e2e\rls\product-catalog-isolation.spec.ts:15:65

    attachment #1: screenshot (image/png) ──────────────────────────────────────────────────────────
    ..\..\test-results\rls-product-catalog-isolat-5ec83-roducts-from-current-tenant-chromium\test-failed-1.png
    ────────────────────────────────────────────────────────────────────────────────────────────────

    attachment #2: video (video/webm) ──────────────────────────────────────────────────────────────
    ..\..\test-results\rls-product-catalog-isolat-5ec83-roducts-from-current-tenant-chromium\video.webm
    ────────────────────────────────────────────────────────────────────────────────────────────────

    Error Context: ..\..\test-results\rls-product-catalog-isolat-5ec83-roducts-from-current-tenant-chromium\error-context.md
]]>
</failure>
<system-out>
<![CDATA[
[[ATTACHMENT|rls-product-catalog-isolat-5ec83-roducts-from-current-tenant-chromium\test-failed-1.png]]

[[ATTACHMENT|rls-product-catalog-isolat-5ec83-roducts-from-current-tenant-chromium\video.webm]]

[[ATTACHMENT|rls-product-catalog-isolat-5ec83-roducts-from-current-tenant-chromium\error-context.md]]
]]>
</system-out>
</testcase>
<testcase name="Product Catalog Tenant Isolation › should not display other tenant products in search results" classname="rls\product-catalog-isolation.spec.ts" time="0.928">
</testcase>
<testcase name="Product Catalog Tenant Isolation › should return 404 for cross-tenant product access via URL" classname="rls\product-catalog-isolation.spec.ts" time="16.807">
<failure message="product-catalog-isolation.spec.ts:60:7 should return 404 for cross-tenant product access via URL" type="FAILURE">
<![CDATA[  [chromium] › rls\product-catalog-isolation.spec.ts:60:7 › Product Catalog Tenant Isolation › should return 404 for cross-tenant product access via URL 

    TimeoutError: locator.getAttribute: Timeout 15000ms exceeded.
    Call log:
      - waiting for locator('[data-testid="product-card"]').first().locator('a').first()


      64 |
      65 |     const firstProduct = page.locator('[data-testid="product-card"]').first();
    > 66 |     const productLink = await firstProduct.locator('a').first().getAttribute('href');
         |                                                                 ^
      67 |
      68 |     if (productLink) {
      69 |       // Extract product ID from URL
        at C:\Dev\Zo\sass-store\tests\e2e\rls\product-catalog-isolation.spec.ts:66:65

    attachment #1: screenshot (image/png) ──────────────────────────────────────────────────────────
    ..\..\test-results\rls-product-catalog-isolat-c9d11-nant-product-access-via-URL-chromium\test-failed-1.png
    ────────────────────────────────────────────────────────────────────────────────────────────────

    attachment #2: video (video/webm) ──────────────────────────────────────────────────────────────
    ..\..\test-results\rls-product-catalog-isolat-c9d11-nant-product-access-via-URL-chromium\video.webm
    ────────────────────────────────────────────────────────────────────────────────────────────────

    Error Context: ..\..\test-results\rls-product-catalog-isolat-c9d11-nant-product-access-via-URL-chromium\error-context.md
]]>
</failure>
<system-out>
<![CDATA[
[[ATTACHMENT|rls-product-catalog-isolat-c9d11-nant-product-access-via-URL-chromium\test-failed-1.png]]

[[ATTACHMENT|rls-product-catalog-isolat-c9d11-nant-product-access-via-URL-chromium\video.webm]]

[[ATTACHMENT|rls-product-catalog-isolat-c9d11-nant-product-access-via-URL-chromium\error-context.md]]
]]>
</system-out>
</testcase>
<testcase name="Product Catalog Tenant Isolation › should isolate product API responses by tenant" classname="rls\product-catalog-isolation.spec.ts" time="6.483">
<failure message="product-catalog-isolation.spec.ts:84:7 should isolate product API responses by tenant" type="FAILURE">
<![CDATA[  [chromium] › rls\product-catalog-isolation.spec.ts:84:7 › Product Catalog Tenant Isolation › should isolate product API responses by tenant 

    Error: expect(received).toBeTruthy()

    Received: false

      85 |     // Get wondernails products via API
      86 |     const wondernailsResponse = await request.get('/api/products?tenant=wondernails');
    > 87 |     expect(wondernailsResponse.ok()).toBeTruthy();
         |                                      ^
      88 |
      89 |     const wondernailsData = await wondernailsResponse.json();
      90 |     const wondernailsProducts = wondernailsData.products || wondernailsData;
        at C:\Dev\Zo\sass-store\tests\e2e\rls\product-catalog-isolation.spec.ts:87:38

    attachment #1: screenshot (image/png) ──────────────────────────────────────────────────────────
    ..\..\test-results\rls-product-catalog-isolat-ec24a-uct-API-responses-by-tenant-chromium\test-failed-1.png
    ────────────────────────────────────────────────────────────────────────────────────────────────

    attachment #2: video (video/webm) ──────────────────────────────────────────────────────────────
    ..\..\test-results\rls-product-catalog-isolat-ec24a-uct-API-responses-by-tenant-chromium\video.webm
    ────────────────────────────────────────────────────────────────────────────────────────────────
]]>
</failure>
<system-out>
<![CDATA[
[[ATTACHMENT|rls-product-catalog-isolat-ec24a-uct-API-responses-by-tenant-chromium\test-failed-1.png]]

[[ATTACHMENT|rls-product-catalog-isolat-ec24a-uct-API-responses-by-tenant-chromium\video.webm]]
]]>
</system-out>
</testcase>
<testcase name="Product Catalog Tenant Isolation › should prevent cross-tenant cart contamination" classname="rls\product-catalog-isolation.spec.ts" time="5.694">
</testcase>
<testcase name="Product Catalog Tenant Isolation › should enforce tenant boundary in product mutations" classname="rls\product-catalog-isolation.spec.ts" time="5.314">
<failure message="product-catalog-isolation.spec.ts:130:7 should enforce tenant boundary in product mutations" type="FAILURE">
<![CDATA[  [chromium] › rls\product-catalog-isolation.spec.ts:130:7 › Product Catalog Tenant Isolation › should enforce tenant boundary in product mutations 

    Error: expect(received).toBeLessThan(expected)

    Expected: < 500
    Received:   500

      154 |     // Should be rejected (403 Forbidden or 400 Bad Request)
      155 |     expect(createResponse.status()).toBeGreaterThanOrEqual(400);
    > 156 |     expect(createResponse.status()).toBeLessThan(500);
          |                                     ^
      157 |   });
      158 | });
      159 |
        at C:\Dev\Zo\sass-store\tests\e2e\rls\product-catalog-isolation.spec.ts:156:37

    attachment #1: screenshot (image/png) ──────────────────────────────────────────────────────────
    ..\..\test-results\rls-product-catalog-isolat-4dbb3-undary-in-product-mutations-chromium\test-failed-1.png
    ────────────────────────────────────────────────────────────────────────────────────────────────

    attachment #2: video (video/webm) ──────────────────────────────────────────────────────────────
    ..\..\test-results\rls-product-catalog-isolat-4dbb3-undary-in-product-mutations-chromium\video.webm
    ────────────────────────────────────────────────────────────────────────────────────────────────

    Error Context: ..\..\test-results\rls-product-catalog-isolat-4dbb3-undary-in-product-mutations-chromium\error-context.md
]]>
</failure>
<system-out>
<![CDATA[
[[ATTACHMENT|rls-product-catalog-isolat-4dbb3-undary-in-product-mutations-chromium\test-failed-1.png]]

[[ATTACHMENT|rls-product-catalog-isolat-4dbb3-undary-in-product-mutations-chromium\video.webm]]

[[ATTACHMENT|rls-product-catalog-isolat-4dbb3-undary-in-product-mutations-chromium\error-context.md]]
]]>
</system-out>
</testcase>
</testsuite>
<testsuite name="self-healing\self-healing-validation.spec.ts" timestamp="2025-10-29T19:08:05.826Z" hostname="chromium" tests="8" failures="2" skipped="0" time="55.819" errors="0">
<testcase name="Self-Healing Test Validation - Master Plan Implementation › Self-healing selector fallback - data-testid priority" classname="self-healing\self-healing-validation.spec.ts" time="7.795">
<system-out>
<![CDATA[[BUDGET] No clickable element found for: Add to cart button
⚠️ wondernails: No add-to-cart button found with any selector
[BUDGET] No clickable element found for: Add to cart button
⚠️ nom-nom: No add-to-cart button found with any selector
[BUDGET] No clickable element found for: Add to cart button
⚠️ delirios: No add-to-cart button found with any selector
]]>
</system-out>
</testcase>
<testcase name="Self-Healing Test Validation - Master Plan Implementation › State-based waits vs sleep - network idle and element states" classname="self-healing\self-healing-validation.spec.ts" time="6.508">
<system-out>
<![CDATA[[BUDGET] Network idle achieved
✅ wondernails: State-based waits working properly
[BUDGET] Network idle achieved
✅ nom-nom: State-based waits working properly
]]>
</system-out>
</testcase>
<testcase name="Self-Healing Test Validation - Master Plan Implementation › Controlled retry logic - 1-2 retries maximum" classname="self-healing\self-healing-validation.spec.ts" time="7.042">
<system-out>
<![CDATA[[SELF-HEALING] Booking attempt 1/2
Booking attempt failed: Error: Booking button not found
[SELF-HEALING] Retrying in 1 second...
[SELF-HEALING] Booking attempt 2/2
Booking attempt failed: Error: Booking button not found
⚠️ wondernails: Booking failed after 2 attempts - needs human attention
[SELF-HEALING] Booking attempt 1/2
Booking attempt failed: Error: Booking button not found
[SELF-HEALING] Retrying in 1 second...
[SELF-HEALING] Booking attempt 2/2
Booking attempt failed: Error: Booking button not found
⚠️ nom-nom: Booking failed after 2 attempts - needs human attention
]]>
</system-out>
</testcase>
<testcase name="Self-Healing Test Validation - Master Plan Implementation › Click budget validation with real user flows" classname="self-healing\self-healing-validation.spec.ts" time="4.942">
<failure message="self-healing-validation.spec.ts:141:7 Click budget validation with real user flows" type="FAILURE">
<![CDATA[  [chromium] › self-healing\self-healing-validation.spec.ts:141:7 › Self-Healing Test Validation - Master Plan Implementation › Click budget validation with real user flows 

    Error: expect(received).toBeTruthy()

    Received: false

      198 |     // Verify the flow met click budget requirements
      199 |     expect(flowResult.budgetMet).toBeTruthy();
    > 200 |     expect(flowResult.success).toBeTruthy();
          |                                ^
      201 |
      202 |     console.log(`✅ ${tenant}: Purchase flow click budget validation passed`);
      203 |   });
        at C:\Dev\Zo\sass-store\tests\e2e\self-healing\self-healing-validation.spec.ts:200:32

    attachment #1: screenshot (image/png) ──────────────────────────────────────────────────────────
    ..\..\test-results\self-healing-self-healing--75520-dation-with-real-user-flows-chromium\test-failed-1.png
    ────────────────────────────────────────────────────────────────────────────────────────────────

    attachment #2: video (video/webm) ──────────────────────────────────────────────────────────────
    ..\..\test-results\self-healing-self-healing--75520-dation-with-real-user-flows-chromium\video.webm
    ────────────────────────────────────────────────────────────────────────────────────────────────

    Error Context: ..\..\test-results\self-healing-self-healing--75520-dation-with-real-user-flows-chromium\error-context.md
]]>
</failure>
<system-out>
<![CDATA[[BUDGET] Step failed: Navigate to product details - Error: No products available for purchase flow test
[BUDGET] ✅ Step within budget: Navigate to product details (0/1 clicks)
[BUDGET] ✅ Step within budget: Add product to cart (0/1 clicks)
[BUDGET] ✅ Step within budget: View cart (0/1 clicks)
[BUDGET] ✅ Step within budget: Proceed to checkout (would complete purchase) (0/1 clicks)
=== Flow Validation Report ===
Flow Type: purchase
Total Steps: 4
Total Clicks: 0/4
All Steps Successful: NO
Budget Met: YES

Step Breakdown:
1. Navigate to product details: 0/1 clicks ❌
2. Add product to cart: 0/1 clicks ✅
3. View cart: 0/1 clicks ✅
4. Proceed to checkout (would complete purchase): 0/1 clicks ✅

Detailed Interactions:
==============================

[[ATTACHMENT|self-healing-self-healing--75520-dation-with-real-user-flows-chromium\test-failed-1.png]]

[[ATTACHMENT|self-healing-self-healing--75520-dation-with-real-user-flows-chromium\video.webm]]

[[ATTACHMENT|self-healing-self-healing--75520-dation-with-real-user-flows-chromium\error-context.md]]
]]>
</system-out>
</testcase>
<testcase name="Self-Healing Test Validation - Master Plan Implementation › Booking flow with 2-click budget validation" classname="self-healing\self-healing-validation.spec.ts" time="4.772">
<system-out>
<![CDATA[[BUDGET] ✅ Step within budget: Select service or quick booking (0/1 clicks)
[BUDGET] ✅ Step within budget: Confirm booking (0/1 clicks)
=== Flow Validation Report ===
Flow Type: booking
Total Steps: 2
Total Clicks: 0/2
All Steps Successful: YES
Budget Met: YES

Step Breakdown:
1. Select service or quick booking: 0/1 clicks ✅
2. Confirm booking: 0/1 clicks ✅

Detailed Interactions:
==============================
✅ wondernails: Booking flow click budget validation passed
]]>
</system-out>
</testcase>
<testcase name="Self-Healing Test Validation - Master Plan Implementation › Selector stability validation - no brittle selectors" classname="self-healing\self-healing-validation.spec.ts" time="1.831">
<failure message="self-healing-validation.spec.ts:253:7 Selector stability validation - no brittle selectors" type="FAILURE">
<![CDATA[  [chromium] › self-healing\self-healing-validation.spec.ts:253:7 › Self-Healing Test Validation - Master Plan Implementation › Selector stability validation - no brittle selectors 

    Error: locator.count: SyntaxError: Failed to execute 'querySelectorAll' on 'Document': 'button:contains("Buy")' is not a valid selector.
        at query (<anonymous>:5120:41)
        at <anonymous>:5130:7
        at SelectorEvaluatorImpl._cached (<anonymous>:4907:20)
        at SelectorEvaluatorImpl._queryCSS (<anonymous>:5117:17)
        at SelectorEvaluatorImpl._querySimple (<anonymous>:4997:19)
        at <anonymous>:4945:29
        at SelectorEvaluatorImpl._cached (<anonymous>:4907:20)
        at SelectorEvaluatorImpl.query (<anonymous>:4938:19)
        at Object.query (<anonymous>:5152:44)
        at <anonymous>:5110:21
        at query (<anonymous>:5120:41)
        at <anonymous>:5130:7
        at SelectorEvaluatorImpl._cached (<anonymous>:4907:20)
        at SelectorEvaluatorImpl._queryCSS (<anonymous>:5117:17)
        at SelectorEvaluatorImpl._querySimple (<anonymous>:4997:19)
        at <anonymous>:4945:29
        at SelectorEvaluatorImpl._cached (<anonymous>:4907:20)
        at SelectorEvaluatorImpl.query (<anonymous>:4938:19)
        at Object.query (<anonymous>:5152:44)
        at <anonymous>:5110:21
        at C:\Dev\Zo\sass-store\tests\e2e\self-healing\self-healing-validation.spec.ts:289:38

    attachment #1: screenshot (image/png) ──────────────────────────────────────────────────────────
    ..\..\test-results\self-healing-self-healing--a2c79-tion---no-brittle-selectors-chromium\test-failed-1.png
    ────────────────────────────────────────────────────────────────────────────────────────────────

    attachment #2: video (video/webm) ──────────────────────────────────────────────────────────────
    ..\..\test-results\self-healing-self-healing--a2c79-tion---no-brittle-selectors-chromium\video.webm
    ────────────────────────────────────────────────────────────────────────────────────────────────

    Error Context: ..\..\test-results\self-healing-self-healing--a2c79-tion---no-brittle-selectors-chromium\error-context.md
]]>
</failure>
<system-out>
<![CDATA[
[[ATTACHMENT|self-healing-self-healing--a2c79-tion---no-brittle-selectors-chromium\test-failed-1.png]]

[[ATTACHMENT|self-healing-self-healing--a2c79-tion---no-brittle-selectors-chromium\video.webm]]

[[ATTACHMENT|self-healing-self-healing--a2c79-tion---no-brittle-selectors-chromium\error-context.md]]
]]>
</system-out>
<system-err>
<![CDATA[⚠️ wondernails: Found potentially brittle selector: div > div > button
]]>
</system-err>
</testcase>
<testcase name="Self-Healing Test Validation - Master Plan Implementation › Error recovery and graceful degradation" classname="self-healing\self-healing-validation.spec.ts" time="2.791">
<system-out>
<![CDATA[[BUDGET] Network idle achieved
[BUDGET] Network idle achieved
]]>
</system-out>
</testcase>
<testcase name="Self-Healing Test Validation - Master Plan Implementation › Performance-aware self-healing - timeout management" classname="self-healing\self-healing-validation.spec.ts" time="20.138">
<system-out>
<![CDATA[⏱️ wondernails: Element not found within 1000ms, trying longer timeout...
⏱️ wondernails: Element not found within 3000ms, trying longer timeout...
⏱️ wondernails: Element not found within 5000ms, trying longer timeout...
⚠️ wondernails: Element not found after maximum timeout - may need manual intervention
⏱️ nom-nom: Element not found within 1000ms, trying longer timeout...
⏱️ nom-nom: Element not found within 3000ms, trying longer timeout...
⏱️ nom-nom: Element not found within 5000ms, trying longer timeout...
⚠️ nom-nom: Element not found after maximum timeout - may need manual intervention
]]>
</system-out>
</testcase>
</testsuite>
<testsuite name="seo\seo-optimization.spec.ts" timestamp="2025-10-29T19:08:05.826Z" hostname="chromium" tests="8" failures="4" skipped="0" time="43.306" errors="0">
<testcase name="SEO Optimization Tests › Meta tags should be tenant-specific" classname="seo\seo-optimization.spec.ts" time="1.958">
<failure message="seo-optimization.spec.ts:6:7 Meta tags should be tenant-specific" type="FAILURE">
<![CDATA[  [chromium] › seo\seo-optimization.spec.ts:6:7 › SEO Optimization Tests › Meta tags should be tenant-specific 

    Error: expect(received).toBeTruthy()

    Received: ""

      11 |       // Check title tag
      12 |       const title = await page.title();
    > 13 |       expect(title).toBeTruthy();
         |                     ^
      14 |       expect(title.length).toBeGreaterThan(10);
      15 |       expect(title.length).toBeLessThan(60); // SEO best practice
      16 |
        at C:\Dev\Zo\sass-store\tests\e2e\seo\seo-optimization.spec.ts:13:21

    attachment #1: screenshot (image/png) ──────────────────────────────────────────────────────────
    ..\..\test-results\seo-seo-optimization-SEO-O-f2421-s-should-be-tenant-specific-chromium\test-failed-1.png
    ────────────────────────────────────────────────────────────────────────────────────────────────

    attachment #2: video (video/webm) ──────────────────────────────────────────────────────────────
    ..\..\test-results\seo-seo-optimization-SEO-O-f2421-s-should-be-tenant-specific-chromium\video.webm
    ────────────────────────────────────────────────────────────────────────────────────────────────

    Error Context: ..\..\test-results\seo-seo-optimization-SEO-O-f2421-s-should-be-tenant-specific-chromium\error-context.md
]]>
</failure>
<system-out>
<![CDATA[
[[ATTACHMENT|seo-seo-optimization-SEO-O-f2421-s-should-be-tenant-specific-chromium\test-failed-1.png]]

[[ATTACHMENT|seo-seo-optimization-SEO-O-f2421-s-should-be-tenant-specific-chromium\video.webm]]

[[ATTACHMENT|seo-seo-optimization-SEO-O-f2421-s-should-be-tenant-specific-chromium\error-context.md]]
]]>
</system-out>
</testcase>
<testcase name="SEO Optimization Tests › Canonical URLs should be correct" classname="seo\seo-optimization.spec.ts" time="18.526">
<failure message="seo-optimization.spec.ts:45:7 Canonical URLs should be correct" type="FAILURE">
<![CDATA[  [chromium] › seo\seo-optimization.spec.ts:45:7 › SEO Optimization Tests › Canonical URLs should be correct 

    TimeoutError: locator.getAttribute: Timeout 15000ms exceeded.
    Call log:
      - waiting for locator('link[rel="canonical"]')


      48 |       await page.waitForLoadState('networkidle');
      49 |
    > 50 |       const canonical = await page.locator('link[rel="canonical"]').getAttribute('href');
         |                                                                     ^
      51 |       if (canonical) {
      52 |         expect(canonical).toContain(tenant);
      53 |         expect(canonical).toMatch(/^https?:\/\//);
        at C:\Dev\Zo\sass-store\tests\e2e\seo\seo-optimization.spec.ts:50:69

    attachment #1: screenshot (image/png) ──────────────────────────────────────────────────────────
    ..\..\test-results\seo-seo-optimization-SEO-O-d4715-ical-URLs-should-be-correct-chromium\test-failed-1.png
    ────────────────────────────────────────────────────────────────────────────────────────────────

    attachment #2: video (video/webm) ──────────────────────────────────────────────────────────────
    ..\..\test-results\seo-seo-optimization-SEO-O-d4715-ical-URLs-should-be-correct-chromium\video.webm
    ────────────────────────────────────────────────────────────────────────────────────────────────

    Error Context: ..\..\test-results\seo-seo-optimization-SEO-O-d4715-ical-URLs-should-be-correct-chromium\error-context.md
]]>
</failure>
<system-out>
<![CDATA[
[[ATTACHMENT|seo-seo-optimization-SEO-O-d4715-ical-URLs-should-be-correct-chromium\test-failed-1.png]]

[[ATTACHMENT|seo-seo-optimization-SEO-O-d4715-ical-URLs-should-be-correct-chromium\video.webm]]

[[ATTACHMENT|seo-seo-optimization-SEO-O-d4715-ical-URLs-should-be-correct-chromium\error-context.md]]
]]>
</system-out>
</testcase>
<testcase name="SEO Optimization Tests › Structured data (JSON-LD) should be present" classname="seo\seo-optimization.spec.ts" time="5.128">
<system-out>
<![CDATA[✓ wondernails: Structured data validated
✓ nom-nom: Structured data validated
✓ delirios: Structured data validated
✓ zo-system: Structured data validated
]]>
</system-out>
</testcase>
<testcase name="SEO Optimization Tests › Images should have proper optimization" classname="seo\seo-optimization.spec.ts" time="2.845">
<system-out>
<![CDATA[✓ wondernails: Image optimization validated
✓ nom-nom: Image optimization validated
]]>
</system-out>
</testcase>
<testcase name="SEO Optimization Tests › Fallback tenant should have correct SEO handling" classname="seo\seo-optimization.spec.ts" time="0.891">
<failure message="seo-optimization.spec.ts:171:7 Fallback tenant should have correct SEO handling" type="FAILURE">
<![CDATA[  [chromium] › seo\seo-optimization.spec.ts:171:7 › SEO Optimization Tests › Fallback tenant should have correct SEO handling 

    Error: expect(received).toBeTruthy()

    Received: false

      182 |                               title.toLowerCase().includes('sass store');
      183 |
    > 184 |     expect(isFallbackHandled).toBeTruthy();
          |                               ^
      185 |
      186 |     // Check if noindex is set for unknown tenants
      187 |     const robotsMeta = await page.locator('meta[name="robots"]').getAttribute('content');
        at C:\Dev\Zo\sass-store\tests\e2e\seo\seo-optimization.spec.ts:184:31

    attachment #1: screenshot (image/png) ──────────────────────────────────────────────────────────
    ..\..\test-results\seo-seo-optimization-SEO-O-ddfea-d-have-correct-SEO-handling-chromium\test-failed-1.png
    ────────────────────────────────────────────────────────────────────────────────────────────────

    attachment #2: video (video/webm) ──────────────────────────────────────────────────────────────
    ..\..\test-results\seo-seo-optimization-SEO-O-ddfea-d-have-correct-SEO-handling-chromium\video.webm
    ────────────────────────────────────────────────────────────────────────────────────────────────

    Error Context: ..\..\test-results\seo-seo-optimization-SEO-O-ddfea-d-have-correct-SEO-handling-chromium\error-context.md
]]>
</failure>
<system-out>
<![CDATA[
[[ATTACHMENT|seo-seo-optimization-SEO-O-ddfea-d-have-correct-SEO-handling-chromium\test-failed-1.png]]

[[ATTACHMENT|seo-seo-optimization-SEO-O-ddfea-d-have-correct-SEO-handling-chromium\video.webm]]

[[ATTACHMENT|seo-seo-optimization-SEO-O-ddfea-d-have-correct-SEO-handling-chromium\error-context.md]]
]]>
</system-out>
</testcase>
<testcase name="SEO Optimization Tests › Sitemap and robots.txt should be accessible" classname="seo\seo-optimization.spec.ts" time="1.565">
<failure message="seo-optimization.spec.ts:195:7 Sitemap and robots.txt should be accessible" type="FAILURE">
<![CDATA[  [chromium] › seo\seo-optimization.spec.ts:195:7 › SEO Optimization Tests › Sitemap and robots.txt should be accessible 

    Error: expect(received).toBe(expected) // Object.is equality

    Expected: 200
    Received: 500

      196 |     // Check robots.txt
      197 |     const robotsResponse = await page.goto('/robots.txt');
    > 198 |     expect(robotsResponse?.status()).toBe(200);
          |                                      ^
      199 |
      200 |     const robotsContent = await page.textContent('body');
      201 |     expect(robotsContent).toContain('User-agent');
        at C:\Dev\Zo\sass-store\tests\e2e\seo\seo-optimization.spec.ts:198:38

    attachment #1: screenshot (image/png) ──────────────────────────────────────────────────────────
    ..\..\test-results\seo-seo-optimization-SEO-O-c5e17-ts-txt-should-be-accessible-chromium\test-failed-1.png
    ────────────────────────────────────────────────────────────────────────────────────────────────

    attachment #2: video (video/webm) ──────────────────────────────────────────────────────────────
    ..\..\test-results\seo-seo-optimization-SEO-O-c5e17-ts-txt-should-be-accessible-chromium\video.webm
    ────────────────────────────────────────────────────────────────────────────────────────────────

    Error Context: ..\..\test-results\seo-seo-optimization-SEO-O-c5e17-ts-txt-should-be-accessible-chromium\error-context.md
]]>
</failure>
<system-out>
<![CDATA[
[[ATTACHMENT|seo-seo-optimization-SEO-O-c5e17-ts-txt-should-be-accessible-chromium\test-failed-1.png]]

[[ATTACHMENT|seo-seo-optimization-SEO-O-c5e17-ts-txt-should-be-accessible-chromium\video.webm]]

[[ATTACHMENT|seo-seo-optimization-SEO-O-c5e17-ts-txt-should-be-accessible-chromium\error-context.md]]
]]>
</system-out>
</testcase>
<testcase name="SEO Optimization Tests › Page load performance should meet targets" classname="seo\seo-optimization.spec.ts" time="9.365">
<system-out>
<![CDATA[✓ wondernails: Performance metrics validated
✓ nom-nom: Performance metrics validated
]]>
</system-out>
</testcase>
<testcase name="SEO Optimization Tests › Breadcrumbs should be implemented correctly" classname="seo\seo-optimization.spec.ts" time="3.028">
<system-out>
<![CDATA[✓ wondernails: Breadcrumbs validated
✓ nom-nom: Breadcrumbs validated
]]>
</system-out>
</testcase>
</testsuite>
<testsuite name="social-planner\social-planner-flow.spec.ts" timestamp="2025-10-29T19:08:05.826Z" hostname="chromium" tests="6" failures="2" skipped="0" time="35.253" errors="0">
<testcase name="Social Planner E2E Tests - Phase 1 Coverage › Social Planner - Create and schedule post (planificación sin publicar)" classname="social-planner\social-planner-flow.spec.ts" time="4.65">
<system-out>
<![CDATA[⚪ wondernails: Social planner not available
⚪ nom-nom: Social planner not available
⚪ delirios: Social planner not available
⚪ zo-system: Social planner not available
]]>
</system-out>
</testcase>
<testcase name="Social Planner E2E Tests - Phase 1 Coverage › Social Planner - Duplicate and move post via drag&amp;drop" classname="social-planner\social-planner-flow.spec.ts" time="2.705">
<system-out>
<![CDATA[⚪ wondernails: No posts to duplicate
⚪ nom-nom: No posts to duplicate
]]>
</system-out>
</testcase>
<testcase name="Social Planner E2E Tests - Phase 1 Coverage › Social Planner - Edit override for specific network" classname="social-planner\social-planner-flow.spec.ts" time="2.591">
<system-out>
<![CDATA[⚪ wondernails: No posts available for override testing
⚪ nom-nom: No posts available for override testing
]]>
</system-out>
</testcase>
<testcase name="Social Planner E2E Tests - Phase 1 Coverage › Social Planner - View modes (Mes, Semana, Día, Año)" classname="social-planner\social-planner-flow.spec.ts" time="7.221">
<failure message="social-planner-flow.spec.ts:150:7 Social Planner - View modes (Mes, Semana, Día, Año)" type="FAILURE">
<![CDATA[  [chromium] › social-planner\social-planner-flow.spec.ts:150:7 › Social Planner E2E Tests - Phase 1 Coverage › Social Planner - View modes (Mes, Semana, Día, Año) 

    Error: expect(locator).toBeVisible() failed

    Locator: locator('[data-testid="month-view"]')
    Expected: visible
    Timeout: 5000ms
    Error: element(s) not found

    Call log:
      - Expect "toBeVisible" with timeout 5000ms
      - waiting for locator('[data-testid="month-view"]')


      154 |
      155 |       // Test Month view (Mes) - default view requirement
    > 156 |       await expect(page.locator('[data-testid="month-view"]')).toBeVisible();
          |                                                                ^
      157 |
      158 |       // Test Week view (Semana) - requirement: Semana muestran detalles
      159 |       await page.click('[data-testid="week-view-button"]');
        at C:\Dev\Zo\sass-store\tests\e2e\social-planner\social-planner-flow.spec.ts:156:64

    attachment #1: screenshot (image/png) ──────────────────────────────────────────────────────────
    ..\..\test-results\social-planner-social-plan-d8330-w-modes-Mes-Semana-Día-Año--chromium\test-failed-1.png
    ────────────────────────────────────────────────────────────────────────────────────────────────

    attachment #2: video (video/webm) ──────────────────────────────────────────────────────────────
    ..\..\test-results\social-planner-social-plan-d8330-w-modes-Mes-Semana-Día-Año--chromium\video.webm
    ────────────────────────────────────────────────────────────────────────────────────────────────

    Error Context: ..\..\test-results\social-planner-social-plan-d8330-w-modes-Mes-Semana-Día-Año--chromium\error-context.md
]]>
</failure>
<system-out>
<![CDATA[
[[ATTACHMENT|social-planner-social-plan-d8330-w-modes-Mes-Semana-Día-Año--chromium\test-failed-1.png]]

[[ATTACHMENT|social-planner-social-plan-d8330-w-modes-Mes-Semana-Día-Año--chromium\video.webm]]

[[ATTACHMENT|social-planner-social-plan-d8330-w-modes-Mes-Semana-Día-Año--chromium\error-context.md]]
]]>
</system-out>
</testcase>
<testcase name="Social Planner E2E Tests - Phase 1 Coverage › Social Planner - Timezone handling (America/Mexico_City)" classname="social-planner\social-planner-flow.spec.ts" time="16.715">
<failure message="social-planner-flow.spec.ts:184:7 Social Planner - Timezone handling (America/Mexico_City)" type="FAILURE">
<![CDATA[  [chromium] › social-planner\social-planner-flow.spec.ts:184:7 › Social Planner E2E Tests - Phase 1 Coverage › Social Planner - Timezone handling (America/Mexico_City) 

    TimeoutError: page.click: Timeout 15000ms exceeded.
    Call log:
      - waiting for locator('[data-testid="compose-post"]')


      194 |
      195 |       // Create post with specific time
    > 196 |       await page.click('[data-testid="compose-post"]');
          |                  ^
      197 |
      198 |       const scheduleInput = page.locator('[data-testid="schedule-time"]');
      199 |       if (await scheduleInput.isVisible()) {
        at C:\Dev\Zo\sass-store\tests\e2e\social-planner\social-planner-flow.spec.ts:196:18

    attachment #1: screenshot (image/png) ──────────────────────────────────────────────────────────
    ..\..\test-results\social-planner-social-plan-b5a62-ndling-America-Mexico-City--chromium\test-failed-1.png
    ────────────────────────────────────────────────────────────────────────────────────────────────

    attachment #2: video (video/webm) ──────────────────────────────────────────────────────────────
    ..\..\test-results\social-planner-social-plan-b5a62-ndling-America-Mexico-City--chromium\video.webm
    ────────────────────────────────────────────────────────────────────────────────────────────────

    Error Context: ..\..\test-results\social-planner-social-plan-b5a62-ndling-America-Mexico-City--chromium\error-context.md
]]>
</failure>
<system-out>
<![CDATA[
[[ATTACHMENT|social-planner-social-plan-b5a62-ndling-America-Mexico-City--chromium\test-failed-1.png]]

[[ATTACHMENT|social-planner-social-plan-b5a62-ndling-America-Mexico-City--chromium\video.webm]]

[[ATTACHMENT|social-planner-social-plan-b5a62-ndling-America-Mexico-City--chromium\error-context.md]]
]]>
</system-out>
</testcase>
<testcase name="Social Planner E2E Tests - Phase 1 Coverage › Social Planner - Self-healing selector validation" classname="social-planner\social-planner-flow.spec.ts" time="1.371">
<system-out>
<![CDATA[⚠️ wondernails: Missing data-testid selectors: [data-testid="compose-post"], [data-testid="schedule-post"], [data-testid="duplicate-post"], [data-testid="post-composer"]
✅ wondernails: Selector validation completed
⚠️ nom-nom: Missing data-testid selectors: [data-testid="compose-post"], [data-testid="schedule-post"], [data-testid="duplicate-post"], [data-testid="post-composer"]
✅ nom-nom: Selector validation completed
]]>
</system-out>
</testcase>
</testsuite>
<testsuite name="subset\corrected-tests-extended.spec.ts" timestamp="2025-10-29T19:08:05.826Z" hostname="chromium" tests="19" failures="1" skipped="0" time="39.323" errors="0">
<testcase name="Corrected Cart - Multiple Items with Better Error Handling › should handle multiple items with correct price calculations" classname="subset\corrected-tests-extended.spec.ts" time="4.452">
</testcase>
<testcase name="Corrected Cart - Multiple Items with Better Error Handling › should display correct unit prices for items with quantity &gt; 1" classname="subset\corrected-tests-extended.spec.ts" time="2.655">
</testcase>
<testcase name="Corrected Mobile Performance with Better Resource Handling › should meet mobile LCP budget of &lt;3s with timeout handling" classname="subset\corrected-tests-extended.spec.ts" time="1.067">
<system-out>
<![CDATA[Mobile LCP: 784ms
]]>
</system-out>
</testcase>
<testcase name="Corrected Mobile Performance with Better Resource Handling › should meet mobile FCP budget of &lt;2s" classname="subset\corrected-tests-extended.spec.ts" time="1.322">
<system-out>
<![CDATA[Mobile FCP: 824ms
]]>
</system-out>
</testcase>
<testcase name="Corrected Mobile Performance with Better Resource Handling › should meet mobile TTFB budget of &lt;1s" classname="subset\corrected-tests-extended.spec.ts" time="0.97">
<system-out>
<![CDATA[Mobile TTFB: 43.399999998509884ms
]]>
</system-out>
</testcase>
<testcase name="Corrected Mobile Performance with Better Resource Handling › should load efficiently with proper error handling" classname="subset\corrected-tests-extended.spec.ts" time="1.714">
<system-err>
<![CDATA[Page error: An error occurred in `next/font`.

Error: Cannot find module 'object-hash'
Require stack:
- C:\Dev\Zo\sass-store\apps\web\node_modules\tailwindcss\lib\util\hashConfig.js
- C:\Dev\Zo\sass-store\apps\web\node_modules\tailwindcss\lib\lib\setupTrackingContext.js
- C:\Dev\Zo\sass-store\apps\web\node_modules\tailwindcss\lib\plugin.js
- C:\Dev\Zo\sass-store\apps\web\node_modules\tailwindcss\lib\index.js
- C:\Dev\Zo\sass-store\apps\web\node_modules\next\dist\build\webpack\config\blocks\css\plugins.js
- C:\Dev\Zo\sass-store\apps\web\node_modules\next\dist\build\webpack\config\blocks\css\index.js
- C:\Dev\Zo\sass-store\apps\web\node_modules\next\dist\build\webpack\config\index.js
- C:\Dev\Zo\sass-store\apps\web\node_modules\next\dist\build\webpack-config.js
- C:\Dev\Zo\sass-store\apps\web\node_modules\next\dist\server\dev\hot-reloader-webpack.js
- C:\Dev\Zo\sass-store\apps\web\node_modules\next\dist\server\lib\router-utils\setup-dev-bundler.js
- C:\Dev\Zo\sass-store\apps\web\node_modules\next\dist\server\lib\router-server.js
- C:\Dev\Zo\sass-store\apps\web\node_modules\next\dist\server\lib\start-server.js
]]>
</system-err>
</testcase>
<testcase name="Corrected Mobile Performance with Better Resource Handling › should serve appropriately sized images for mobile with fallbacks" classname="subset\corrected-tests-extended.spec.ts" time="1.221">
<system-out>
<![CDATA[Mobile optimized images: 0/0
]]>
</system-out>
</testcase>
<testcase name="Corrected Mobile Performance with Better Resource Handling › should minimize JavaScript execution time" classname="subset\corrected-tests-extended.spec.ts" time="1.056">
<system-out>
<![CDATA[Total JS Execution Time: 576.5ms
]]>
</system-out>
</testcase>
<testcase name="Corrected Mobile Performance with Better Resource Handling › should lazy load below-the-fold content with proper checks" classname="subset\corrected-tests-extended.spec.ts" time="1.31">
<system-out>
<![CDATA[Lazy loaded images: 0/0
]]>
</system-out>
</testcase>
<testcase name="Corrected Mobile Performance with Better Resource Handling › should minimize layout shifts on mobile" classname="subset\corrected-tests-extended.spec.ts" time="3.795">
<system-out>
<![CDATA[Mobile CLS: 0.018402811884880067
]]>
</system-out>
</testcase>
<testcase name="Corrected Authentication Tests › should handle login with error validation" classname="subset\corrected-tests-extended.spec.ts" time="1.259">
</testcase>
<testcase name="Corrected Authentication Tests › should handle registration with form validation" classname="subset\corrected-tests-extended.spec.ts" time="1.14">
</testcase>
<testcase name="Corrected Navigation Tests › should navigate between pages without errors" classname="subset\corrected-tests-extended.spec.ts" time="3.122">
</testcase>
<testcase name="Corrected Navigation Tests › should handle navigation with dynamic routes" classname="subset\corrected-tests-extended.spec.ts" time="1.553">
</testcase>
<testcase name="Corrected API Integration Tests › should handle API calls correctly" classname="subset\corrected-tests-extended.spec.ts" time="0.317">
<failure message="corrected-tests-extended.spec.ts:532:7 should handle API calls correctly" type="FAILURE">
<![CDATA[  [chromium] › subset\corrected-tests-extended.spec.ts:532:7 › Corrected API Integration Tests › should handle API calls correctly 

    Error: expect(received).toBeTruthy()

    Received: false

      534 |     const response = await request.get('/api/products?limit=5');
      535 |     
    > 536 |     expect(response.ok()).toBeTruthy();
          |                           ^
      537 |     expect(response.status()).toBe(200);
      538 |     
      539 |     const data = await response.json();
        at C:\Dev\Zo\sass-store\tests\e2e\subset\corrected-tests-extended.spec.ts:536:27

    attachment #1: screenshot (image/png) ──────────────────────────────────────────────────────────
    ..\..\test-results\subset-corrected-tests-ext-b9963--handle-API-calls-correctly-chromium\test-failed-1.png
    ────────────────────────────────────────────────────────────────────────────────────────────────

    attachment #2: video (video/webm) ──────────────────────────────────────────────────────────────
    ..\..\test-results\subset-corrected-tests-ext-b9963--handle-API-calls-correctly-chromium\video.webm
    ────────────────────────────────────────────────────────────────────────────────────────────────
]]>
</failure>
<system-out>
<![CDATA[
[[ATTACHMENT|subset-corrected-tests-ext-b9963--handle-API-calls-correctly-chromium\test-failed-1.png]]

[[ATTACHMENT|subset-corrected-tests-ext-b9963--handle-API-calls-correctly-chromium\video.webm]]
]]>
</system-out>
</testcase>
<testcase name="Corrected API Integration Tests › should handle API errors gracefully" classname="subset\corrected-tests-extended.spec.ts" time="0.426">
</testcase>
<testcase name="Corrected Tenant Isolation Tests › should isolate data between tenants" classname="subset\corrected-tests-extended.spec.ts" time="9.121">
</testcase>
<testcase name="Corrected Cart Operations › should handle cart additions properly" classname="subset\corrected-tests-extended.spec.ts" time="1.722">
</testcase>
<testcase name="Corrected Form Submission › should handle form submission with validation" classname="subset\corrected-tests-extended.spec.ts" time="1.101">
</testcase>
</testsuite>
<testsuite name="subset\corrected-tests-final.spec.ts" timestamp="2025-10-29T19:08:05.826Z" hostname="chromium" tests="27" failures="6" skipped="0" time="73.859" errors="0">
<testcase name="Corrected Authentication Tests › should handle forgot password flow with proper validation" classname="subset\corrected-tests-final.spec.ts" time="2.043">
</testcase>
<testcase name="Corrected Authentication Tests › should handle registration with password validation" classname="subset\corrected-tests-final.spec.ts" time="2.019">
</testcase>
<testcase name="Corrected SEO Tests › should have proper meta tags for SEO" classname="subset\corrected-tests-final.spec.ts" time="1.789">
<failure message="corrected-tests-final.spec.ts:75:7 should have proper meta tags for SEO" type="FAILURE">
<![CDATA[  [chromium] › subset\corrected-tests-final.spec.ts:75:7 › Corrected SEO Tests › should have proper meta tags for SEO 

    Error: expect(received).toBeGreaterThan(expected)

    Expected: > 0
    Received:   0

      78 |     // Check for title tag
      79 |     const title = await page.title();
    > 80 |     expect(title.length).toBeGreaterThan(0);
         |                          ^
      81 |
      82 |     // Check for meta description
      83 |     const metaDescription = await page.locator('meta[name="description"]').first().getAttribute('content');
        at C:\Dev\Zo\sass-store\tests\e2e\subset\corrected-tests-final.spec.ts:80:26

    attachment #1: screenshot (image/png) ──────────────────────────────────────────────────────────
    ..\..\test-results\subset-corrected-tests-fin-1002c-ve-proper-meta-tags-for-SEO-chromium\test-failed-1.png
    ────────────────────────────────────────────────────────────────────────────────────────────────

    attachment #2: video (video/webm) ──────────────────────────────────────────────────────────────
    ..\..\test-results\subset-corrected-tests-fin-1002c-ve-proper-meta-tags-for-SEO-chromium\video.webm
    ────────────────────────────────────────────────────────────────────────────────────────────────

    Error Context: ..\..\test-results\subset-corrected-tests-fin-1002c-ve-proper-meta-tags-for-SEO-chromium\error-context.md
]]>
</failure>
<system-out>
<![CDATA[
[[ATTACHMENT|subset-corrected-tests-fin-1002c-ve-proper-meta-tags-for-SEO-chromium\test-failed-1.png]]

[[ATTACHMENT|subset-corrected-tests-fin-1002c-ve-proper-meta-tags-for-SEO-chromium\video.webm]]

[[ATTACHMENT|subset-corrected-tests-fin-1002c-ve-proper-meta-tags-for-SEO-chromium\error-context.md]]
]]>
</system-out>
</testcase>
<testcase name="Corrected SEO Tests › should have proper heading hierarchy" classname="subset\corrected-tests-final.spec.ts" time="1.49">
<failure message="corrected-tests-final.spec.ts:98:7 should have proper heading hierarchy" type="FAILURE">
<![CDATA[  [chromium] › subset\corrected-tests-final.spec.ts:98:7 › Corrected SEO Tests › should have proper heading hierarchy 

    Error: expect(received).toBe(expected) // Object.is equality

    Expected: 1
    Received: 0

      101 |     // Check for H1
      102 |     const h1Elements = await page.locator('h1').all();
    > 103 |     expect(h1Elements.length).toBe(1);
          |                               ^
      104 |
      105 |     // Check that H1 is visible and has content
      106 |     if (h1Elements.length > 0) {
        at C:\Dev\Zo\sass-store\tests\e2e\subset\corrected-tests-final.spec.ts:103:31

    attachment #1: screenshot (image/png) ──────────────────────────────────────────────────────────
    ..\..\test-results\subset-corrected-tests-fin-580fa-ve-proper-heading-hierarchy-chromium\test-failed-1.png
    ────────────────────────────────────────────────────────────────────────────────────────────────

    attachment #2: video (video/webm) ──────────────────────────────────────────────────────────────
    ..\..\test-results\subset-corrected-tests-fin-580fa-ve-proper-heading-hierarchy-chromium\video.webm
    ────────────────────────────────────────────────────────────────────────────────────────────────

    Error Context: ..\..\test-results\subset-corrected-tests-fin-580fa-ve-proper-heading-hierarchy-chromium\error-context.md
]]>
</failure>
<system-out>
<![CDATA[
[[ATTACHMENT|subset-corrected-tests-fin-580fa-ve-proper-heading-hierarchy-chromium\test-failed-1.png]]

[[ATTACHMENT|subset-corrected-tests-fin-580fa-ve-proper-heading-hierarchy-chromium\video.webm]]

[[ATTACHMENT|subset-corrected-tests-fin-580fa-ve-proper-heading-hierarchy-chromium\error-context.md]]
]]>
</system-out>
</testcase>
<testcase name="Corrected Cost Guard Tests › should handle eco mode when approaching cost limits" classname="subset\corrected-tests-final.spec.ts" time="5.28">
</testcase>
<testcase name="Corrected Cost Guard Tests › should manage resource quotas properly" classname="subset\corrected-tests-final.spec.ts" time="6.854">
<failure message="corrected-tests-final.spec.ts:149:7 should manage resource quotas properly" type="FAILURE">
<![CDATA[  [chromium] › subset\corrected-tests-final.spec.ts:149:7 › Corrected Cost Guard Tests › should manage resource quotas properly 

    Error: expect(received).toBe(expected) // Object.is equality

    Expected: true
    Received: false

      155 |
      156 |     const hasStorageInfo = await storageUsed.count() > 0 || await storageLimit.count() > 0;
    > 157 |     expect(hasStorageInfo).toBe(true);
          |                            ^
      158 |   });
      159 | });
      160 |
        at C:\Dev\Zo\sass-store\tests\e2e\subset\corrected-tests-final.spec.ts:157:28

    attachment #1: screenshot (image/png) ──────────────────────────────────────────────────────────
    ..\..\test-results\subset-corrected-tests-fin-e5ae1-ge-resource-quotas-properly-chromium\test-failed-1.png
    ────────────────────────────────────────────────────────────────────────────────────────────────

    attachment #2: video (video/webm) ──────────────────────────────────────────────────────────────
    ..\..\test-results\subset-corrected-tests-fin-e5ae1-ge-resource-quotas-properly-chromium\video.webm
    ────────────────────────────────────────────────────────────────────────────────────────────────

    Error Context: ..\..\test-results\subset-corrected-tests-fin-e5ae1-ge-resource-quotas-properly-chromium\error-context.md
]]>
</failure>
<system-out>
<![CDATA[
[[ATTACHMENT|subset-corrected-tests-fin-e5ae1-ge-resource-quotas-properly-chromium\test-failed-1.png]]

[[ATTACHMENT|subset-corrected-tests-fin-e5ae1-ge-resource-quotas-properly-chromium\video.webm]]

[[ATTACHMENT|subset-corrected-tests-fin-e5ae1-ge-resource-quotas-properly-chromium\error-context.md]]
]]>
</system-out>
</testcase>
<testcase name="Corrected Booking Tests › should handle booking cancellation" classname="subset\corrected-tests-final.spec.ts" time="6.659">
</testcase>
<testcase name="Corrected Booking Tests › should show available time slots" classname="subset\corrected-tests-final.spec.ts" time="3.876">
</testcase>
<testcase name="Corrected Carousel Tests › should navigate carousel items properly" classname="subset\corrected-tests-final.spec.ts" time="3.937">
</testcase>
<testcase name="Corrected Media Pipeline Tests › should handle media uploads with progress tracking" classname="subset\corrected-tests-final.spec.ts" time="5.11">
</testcase>
<testcase name="Corrected Reorder Tests › should handle reorder with minimal clicks" classname="subset\corrected-tests-final.spec.ts" time="1.76">
</testcase>
<testcase name="Corrected Fallback Tests › should show fallback content when primary content fails" classname="subset\corrected-tests-final.spec.ts" time="1.901">
</testcase>
<testcase name="Corrected Interaction Tests › should handle hover states properly" classname="subset\corrected-tests-final.spec.ts" time="2.03">
</testcase>
<testcase name="Corrected Interaction Tests › should handle touch events on mobile" classname="subset\corrected-tests-final.spec.ts" time="1.986">
</testcase>
<testcase name="Corrected Multitenant Tests › should load tenant-specific branding" classname="subset\corrected-tests-final.spec.ts" time="2.081">
<failure message="corrected-tests-final.spec.ts:331:7 should load tenant-specific branding" type="FAILURE">
<![CDATA[  [chromium] › subset\corrected-tests-final.spec.ts:331:7 › Corrected Multitenant Tests › should load tenant-specific branding 

    Error: expect(received).toBe(expected) // Object.is equality

    Expected: true
    Received: false

      339 |       const primaryColorElement = page.locator('[style*="color"], [style*="background"]');
      340 |       const hasTenantColor = await primaryColorElement.count() > 0;
    > 341 |       expect(hasTenantColor).toBe(true);
          |                              ^
      342 |
      343 |       // Check for tenant name in page
      344 |       const pageTitle = await page.title();
        at C:\Dev\Zo\sass-store\tests\e2e\subset\corrected-tests-final.spec.ts:341:30

    attachment #1: screenshot (image/png) ──────────────────────────────────────────────────────────
    ..\..\test-results\subset-corrected-tests-fin-3a139-ad-tenant-specific-branding-chromium\test-failed-1.png
    ────────────────────────────────────────────────────────────────────────────────────────────────

    attachment #2: video (video/webm) ──────────────────────────────────────────────────────────────
    ..\..\test-results\subset-corrected-tests-fin-3a139-ad-tenant-specific-branding-chromium\video.webm
    ────────────────────────────────────────────────────────────────────────────────────────────────

    Error Context: ..\..\test-results\subset-corrected-tests-fin-3a139-ad-tenant-specific-branding-chromium\error-context.md
]]>
</failure>
<system-out>
<![CDATA[
[[ATTACHMENT|subset-corrected-tests-fin-3a139-ad-tenant-specific-branding-chromium\test-failed-1.png]]

[[ATTACHMENT|subset-corrected-tests-fin-3a139-ad-tenant-specific-branding-chromium\video.webm]]

[[ATTACHMENT|subset-corrected-tests-fin-3a139-ad-tenant-specific-branding-chromium\error-context.md]]
]]>
</system-out>
</testcase>
<testcase name="Corrected Self-Healing Tests › should recover from API service interruption" classname="subset\corrected-tests-final.spec.ts" time="2.116">
</testcase>
<testcase name="Corrected Social Planner Tests › should handle social media post scheduling" classname="subset\corrected-tests-final.spec.ts" time="1.837">
</testcase>
<testcase name="Corrected UX Tests › should maintain consistent UX patterns" classname="subset\corrected-tests-final.spec.ts" time="2.101">
</testcase>
<testcase name="Corrected Click Budget Tests › should complete purchase in 3 clicks" classname="subset\corrected-tests-final.spec.ts" time="2.48">
</testcase>
<testcase name="Corrected Reviews Tests › should display and submit reviews properly" classname="subset\corrected-tests-final.spec.ts" time="2.013">
</testcase>
<testcase name="Corrected Performance Tests › should measure core web vitals correctly" classname="subset\corrected-tests-final.spec.ts" time="4.902">
<system-out>
<![CDATA[LCP: 1380, CLS: 0.018402811884880067
]]>
</system-out>
</testcase>
<testcase name="Corrected Tenant Security Tests › should enforce tenant access controls" classname="subset\corrected-tests-final.spec.ts" time="1.971">
</testcase>
<testcase name="Corrected Quotas Tests › should respect API rate limits" classname="subset\corrected-tests-final.spec.ts" time="0.701">
<failure message="corrected-tests-final.spec.ts:576:7 should respect API rate limits" type="FAILURE">
<![CDATA[  [chromium] › subset\corrected-tests-final.spec.ts:576:7 › Corrected Quotas Tests › should respect API rate limits 

    Error: expect(received).toBeLessThanOrEqual(expected)

    Expected: <= 5
    Received:    20

      586 |     // If rate limiting is working, some requests might be limited
      587 |     // but not all should fail
    > 588 |     expect(errorResponses.length).toBeLessThanOrEqual(5); // At most 5 should fail
          |                                   ^
      589 |   });
      590 | });
      591 |
        at C:\Dev\Zo\sass-store\tests\e2e\subset\corrected-tests-final.spec.ts:588:35

    attachment #1: screenshot (image/png) ──────────────────────────────────────────────────────────
    ..\..\test-results\subset-corrected-tests-fin-f62bc-uld-respect-API-rate-limits-chromium\test-failed-1.png
    ────────────────────────────────────────────────────────────────────────────────────────────────

    attachment #2: video (video/webm) ──────────────────────────────────────────────────────────────
    ..\..\test-results\subset-corrected-tests-fin-f62bc-uld-respect-API-rate-limits-chromium\video.webm
    ────────────────────────────────────────────────────────────────────────────────────────────────
]]>
</failure>
<system-out>
<![CDATA[
[[ATTACHMENT|subset-corrected-tests-fin-f62bc-uld-respect-API-rate-limits-chromium\test-failed-1.png]]

[[ATTACHMENT|subset-corrected-tests-fin-f62bc-uld-respect-API-rate-limits-chromium\video.webm]]
]]>
</system-out>
</testcase>
<testcase name="Corrected Fallback Tests › should provide fallback for missing images" classname="subset\corrected-tests-final.spec.ts" time="2.881">
<failure message="corrected-tests-final.spec.ts:593:7 should provide fallback for missing images" type="FAILURE">
<![CDATA[  [chromium] › subset\corrected-tests-final.spec.ts:593:7 › Corrected Fallback Tests › should provide fallback for missing images 

    Error: expect(received).toBeGreaterThan(expected)

    Expected: > 0
    Received:   0

      607 |     // Page should still be functional despite missing images
      608 |     const contentElements = page.locator('[data-testid="content"], .content, main');
    > 609 |     expect(await contentElements.count()).toBeGreaterThan(0);
          |                                           ^
      610 |   });
      611 | });
      612 |
        at C:\Dev\Zo\sass-store\tests\e2e\subset\corrected-tests-final.spec.ts:609:43

    attachment #1: screenshot (image/png) ──────────────────────────────────────────────────────────
    ..\..\test-results\subset-corrected-tests-fin-2d647-fallback-for-missing-images-chromium\test-failed-1.png
    ────────────────────────────────────────────────────────────────────────────────────────────────

    attachment #2: video (video/webm) ──────────────────────────────────────────────────────────────
    ..\..\test-results\subset-corrected-tests-fin-2d647-fallback-for-missing-images-chromium\video.webm
    ────────────────────────────────────────────────────────────────────────────────────────────────

    Error Context: ..\..\test-results\subset-corrected-tests-fin-2d647-fallback-for-missing-images-chromium\error-context.md
]]>
</failure>
<system-out>
<![CDATA[
[[ATTACHMENT|subset-corrected-tests-fin-2d647-fallback-for-missing-images-chromium\test-failed-1.png]]

[[ATTACHMENT|subset-corrected-tests-fin-2d647-fallback-for-missing-images-chromium\video.webm]]

[[ATTACHMENT|subset-corrected-tests-fin-2d647-fallback-for-missing-images-chromium\error-context.md]]
]]>
</system-out>
</testcase>
<testcase name="Corrected Navigation Tests › should maintain navigation state across page loads" classname="subset\corrected-tests-final.spec.ts" time="2.116">
</testcase>
<testcase name="Corrected Utils Tests › should format currency correctly across locales" classname="subset\corrected-tests-final.spec.ts" time="1.638">
</testcase>
<testcase name="Corrected Global Setup Tests › should initialize with correct configuration" classname="subset\corrected-tests-final.spec.ts" time="0.288">
</testcase>
</testsuite>
<testsuite name="subset\corrected-tests-remaining.spec.ts" timestamp="2025-10-29T19:08:05.826Z" hostname="chromium" tests="32" failures="9" skipped="0" time="122.772" errors="0">
<testcase name="Corrected Accessibility Main Tests › should have proper semantic HTML structure" classname="subset\corrected-tests-remaining.spec.ts" time="1.586">
</testcase>
<testcase name="Corrected Click Budget Tests › should complete service booking in 2 clicks" classname="subset\corrected-tests-remaining.spec.ts" time="1.957">
</testcase>
<testcase name="Corrected Continuation Tests › should handle session continuation properly" classname="subset\corrected-tests-remaining.spec.ts" time="3.595">
</testcase>
<testcase name="Corrected Forgot Password Tests › should handle password reset flow" classname="subset\corrected-tests-remaining.spec.ts" time="2.908">
</testcase>
<testcase name="Corrected Performance Main Tests › should meet performance budgets" classname="subset\corrected-tests-remaining.spec.ts" time="2.949">
</testcase>
<testcase name="Corrected Reviews Tests › should display reviews correctly" classname="subset\corrected-tests-remaining.spec.ts" time="2.527">
</testcase>
<testcase name="Corrected Tenant Security Tests › should enforce proper tenant boundaries" classname="subset\corrected-tests-remaining.spec.ts" time="0.264">
<failure message="corrected-tests-remaining.spec.ts:145:7 should enforce proper tenant boundaries" type="FAILURE">
<![CDATA[  [chromium] › subset\corrected-tests-remaining.spec.ts:145:7 › Corrected Tenant Security Tests › should enforce proper tenant boundaries 

    Error: expect(received).toBeDefined()

    Received: undefined

      149 |     });
      150 |
    > 151 |     expect(tenantData).toBeDefined();
          |                        ^
      152 |     expect(tenantData?.slug).toBe('wondernails');
      153 |   });
      154 | });
        at C:\Dev\Zo\sass-store\tests\e2e\subset\corrected-tests-remaining.spec.ts:151:24

    attachment #1: screenshot (image/png) ──────────────────────────────────────────────────────────
    ..\..\test-results\subset-corrected-tests-rem-c8c5c-ce-proper-tenant-boundaries-chromium\test-failed-1.png
    ────────────────────────────────────────────────────────────────────────────────────────────────

    attachment #2: video (video/webm) ──────────────────────────────────────────────────────────────
    ..\..\test-results\subset-corrected-tests-rem-c8c5c-ce-proper-tenant-boundaries-chromium\video.webm
    ────────────────────────────────────────────────────────────────────────────────────────────────
]]>
</failure>
<system-out>
<![CDATA[
[[ATTACHMENT|subset-corrected-tests-rem-c8c5c-ce-proper-tenant-boundaries-chromium\test-failed-1.png]]

[[ATTACHMENT|subset-corrected-tests-rem-c8c5c-ce-proper-tenant-boundaries-chromium\video.webm]]
]]>
</system-out>
</testcase>
<testcase name="Corrected A11y Compliance Tests › should meet accessibility compliance standards" classname="subset\corrected-tests-remaining.spec.ts" time="1.633">
</testcase>
<testcase name="Corrected Keyboard Navigation Tests › should support full keyboard navigation" classname="subset\corrected-tests-remaining.spec.ts" time="1.883">
<failure message="corrected-tests-remaining.spec.ts:178:7 should support full keyboard navigation" type="FAILURE">
<![CDATA[  [chromium] › subset\corrected-tests-remaining.spec.ts:178:7 › Corrected Keyboard Navigation Tests › should support full keyboard navigation 

    Error: expect(received).toBe(expected) // Object.is equality

    Expected: true
    Received: false

      194 |     if (await firstLink.count() > 0) {
      195 |       await firstLink.focus();
    > 196 |       expect(await firstLink.evaluate(el => document.activeElement === el)).toBe(true);
          |                                                                             ^
      197 |     }
      198 |   });
      199 | });
        at C:\Dev\Zo\sass-store\tests\e2e\subset\corrected-tests-remaining.spec.ts:196:77

    attachment #1: screenshot (image/png) ──────────────────────────────────────────────────────────
    ..\..\test-results\subset-corrected-tests-rem-c46a8-rt-full-keyboard-navigation-chromium\test-failed-1.png
    ────────────────────────────────────────────────────────────────────────────────────────────────

    attachment #2: video (video/webm) ──────────────────────────────────────────────────────────────
    ..\..\test-results\subset-corrected-tests-rem-c46a8-rt-full-keyboard-navigation-chromium\video.webm
    ────────────────────────────────────────────────────────────────────────────────────────────────

    Error Context: ..\..\test-results\subset-corrected-tests-rem-c46a8-rt-full-keyboard-navigation-chromium\error-context.md
]]>
</failure>
<system-out>
<![CDATA[
[[ATTACHMENT|subset-corrected-tests-rem-c46a8-rt-full-keyboard-navigation-chromium\test-failed-1.png]]

[[ATTACHMENT|subset-corrected-tests-rem-c46a8-rt-full-keyboard-navigation-chromium\video.webm]]

[[ATTACHMENT|subset-corrected-tests-rem-c46a8-rt-full-keyboard-navigation-chromium\error-context.md]]
]]>
</system-out>
</testcase>
<testcase name="Corrected Carousel Tests › should handle carousel navigation" classname="subset\corrected-tests-remaining.spec.ts" time="2.565">
</testcase>
<testcase name="Corrected Fallback Comprehensive Tests › should handle API fallbacks gracefully" classname="subset\corrected-tests-remaining.spec.ts" time="2.076">
<failure message="corrected-tests-remaining.spec.ts:222:7 should handle API fallbacks gracefully" type="FAILURE">
<![CDATA[  [chromium] › subset\corrected-tests-remaining.spec.ts:222:7 › Corrected Fallback Comprehensive Tests › should handle API fallbacks gracefully 

    Error: expect(received).toBeGreaterThan(expected)

    Expected: > 0
    Received:   0

      236 |     // The page should still render with fallback content
      237 |     const contentElement = page.locator('[data-testid="content"], main');
    > 238 |     expect(await contentElement.count()).toBeGreaterThan(0);
          |                                          ^
      239 |   });
      240 | });
      241 |
        at C:\Dev\Zo\sass-store\tests\e2e\subset\corrected-tests-remaining.spec.ts:238:42

    attachment #1: screenshot (image/png) ──────────────────────────────────────────────────────────
    ..\..\test-results\subset-corrected-tests-rem-221db-le-API-fallbacks-gracefully-chromium\test-failed-1.png
    ────────────────────────────────────────────────────────────────────────────────────────────────

    attachment #2: video (video/webm) ──────────────────────────────────────────────────────────────
    ..\..\test-results\subset-corrected-tests-rem-221db-le-API-fallbacks-gracefully-chromium\video.webm
    ────────────────────────────────────────────────────────────────────────────────────────────────

    Error Context: ..\..\test-results\subset-corrected-tests-rem-221db-le-API-fallbacks-gracefully-chromium\error-context.md
]]>
</failure>
<system-out>
<![CDATA[
[[ATTACHMENT|subset-corrected-tests-rem-221db-le-API-fallbacks-gracefully-chromium\test-failed-1.png]]

[[ATTACHMENT|subset-corrected-tests-rem-221db-le-API-fallbacks-gracefully-chromium\video.webm]]

[[ATTACHMENT|subset-corrected-tests-rem-221db-le-API-fallbacks-gracefully-chromium\error-context.md]]
]]>
</system-out>
</testcase>
<testcase name="Corrected Media Optimization Tests › should load optimized media" classname="subset\corrected-tests-remaining.spec.ts" time="1.977">
</testcase>
<testcase name="Corrected Tenant Isolation Tests › should maintain proper tenant isolation" classname="subset\corrected-tests-remaining.spec.ts" time="2.546">
<failure message="corrected-tests-remaining.spec.ts:264:7 should maintain proper tenant isolation" type="FAILURE">
<![CDATA[  [chromium] › subset\corrected-tests-remaining.spec.ts:264:7 › Corrected Tenant Isolation Tests › should maintain proper tenant isolation 

    Error: expect(received).toContain(expected) // indexOf

    Expected substring: "wondernails"
    Received string:    ""

      272 |
      273 |     // The titles should reflect each tenant
    > 274 |     expect(wondernailsTitle.toLowerCase()).toContain('wondernails');
          |                                            ^
      275 |     expect(vainillaTitle.toLowerCase()).toContain('vainilla');
      276 |   });
      277 | });
        at C:\Dev\Zo\sass-store\tests\e2e\subset\corrected-tests-remaining.spec.ts:274:44

    attachment #1: screenshot (image/png) ──────────────────────────────────────────────────────────
    ..\..\test-results\subset-corrected-tests-rem-30fd4-ain-proper-tenant-isolation-chromium\test-failed-1.png
    ────────────────────────────────────────────────────────────────────────────────────────────────

    attachment #2: video (video/webm) ──────────────────────────────────────────────────────────────
    ..\..\test-results\subset-corrected-tests-rem-30fd4-ain-proper-tenant-isolation-chromium\video.webm
    ────────────────────────────────────────────────────────────────────────────────────────────────

    Error Context: ..\..\test-results\subset-corrected-tests-rem-30fd4-ain-proper-tenant-isolation-chromium\error-context.md
]]>
</failure>
<system-out>
<![CDATA[
[[ATTACHMENT|subset-corrected-tests-rem-30fd4-ain-proper-tenant-isolation-chromium\test-failed-1.png]]

[[ATTACHMENT|subset-corrected-tests-rem-30fd4-ain-proper-tenant-isolation-chromium\video.webm]]

[[ATTACHMENT|subset-corrected-tests-rem-30fd4-ain-proper-tenant-isolation-chromium\error-context.md]]
]]>
</system-out>
</testcase>
<testcase name="Corrected Navigation Flows Tests › should maintain navigation context" classname="subset\corrected-tests-remaining.spec.ts" time="1.747">
</testcase>
<testcase name="Corrected Core Web Vitals Tests › should measure core web vitals" classname="subset\corrected-tests-remaining.spec.ts" time="5.545">
<system-out>
<![CDATA[LCP: 4532ms
]]>
</system-out>
</testcase>
<testcase name="Corrected Self-Healing Validation Tests › should recover from temporary failures" classname="subset\corrected-tests-remaining.spec.ts" time="5.574">
<failure message="corrected-tests-remaining.spec.ts:327:7 should recover from temporary failures" type="FAILURE">
<![CDATA[  [chromium] › subset\corrected-tests-remaining.spec.ts:327:7 › Corrected Self-Healing Validation Tests › should recover from temporary failures 

    Error: expect(received).toBeGreaterThan(expected)

    Expected: > 0
    Received:   0

      335 |     // The application should continue functioning
      336 |     const elements = page.locator('[data-testid="content"], main');
    > 337 |     expect(await elements.count()).toBeGreaterThan(0);
          |                                    ^
      338 |
      339 |     // Should handle the error without crashing
      340 |     let errorCount = 0;
        at C:\Dev\Zo\sass-store\tests\e2e\subset\corrected-tests-remaining.spec.ts:337:36

    attachment #1: screenshot (image/png) ──────────────────────────────────────────────────────────
    ..\..\test-results\subset-corrected-tests-rem-424a6-ver-from-temporary-failures-chromium\test-failed-1.png
    ────────────────────────────────────────────────────────────────────────────────────────────────

    attachment #2: video (video/webm) ──────────────────────────────────────────────────────────────
    ..\..\test-results\subset-corrected-tests-rem-424a6-ver-from-temporary-failures-chromium\video.webm
    ────────────────────────────────────────────────────────────────────────────────────────────────

    Error Context: ..\..\test-results\subset-corrected-tests-rem-424a6-ver-from-temporary-failures-chromium\error-context.md
]]>
</failure>
<system-out>
<![CDATA[
[[ATTACHMENT|subset-corrected-tests-rem-424a6-ver-from-temporary-failures-chromium\test-failed-1.png]]

[[ATTACHMENT|subset-corrected-tests-rem-424a6-ver-from-temporary-failures-chromium\video.webm]]

[[ATTACHMENT|subset-corrected-tests-rem-424a6-ver-from-temporary-failures-chromium\error-context.md]]
]]>
</system-out>
</testcase>
<testcase name="Corrected Social Planner Flow Tests › should handle social media scheduling" classname="subset\corrected-tests-remaining.spec.ts" time="1.581">
</testcase>
<testcase name="Corrected UX Click Budget Tests › should maintain UX click budget" classname="subset\corrected-tests-remaining.spec.ts" time="17.958">
<failure message="corrected-tests-remaining.spec.ts:374:7 should maintain UX click budget" type="FAILURE">
<![CDATA[  [chromium] › subset\corrected-tests-remaining.spec.ts:374:7 › Corrected UX Click Budget Tests › should maintain UX click budget 

    TimeoutError: page.click: Timeout 15000ms exceeded.
    Call log:
      - waiting for locator('a[href*="/products"]')


      386 |
      387 |     // Navigate to products
    > 388 |     await page.click('a[href*="/products"]');
          |                ^
      389 |     clickCount = await page.evaluate(() => (window as any).clickCount || 0);
      390 |
      391 |     // Add to cart
        at C:\Dev\Zo\sass-store\tests\e2e\subset\corrected-tests-remaining.spec.ts:388:16

    attachment #1: screenshot (image/png) ──────────────────────────────────────────────────────────
    ..\..\test-results\subset-corrected-tests-rem-b7e50-ld-maintain-UX-click-budget-chromium\test-failed-1.png
    ────────────────────────────────────────────────────────────────────────────────────────────────

    attachment #2: video (video/webm) ──────────────────────────────────────────────────────────────
    ..\..\test-results\subset-corrected-tests-rem-b7e50-ld-maintain-UX-click-budget-chromium\video.webm
    ────────────────────────────────────────────────────────────────────────────────────────────────

    Error Context: ..\..\test-results\subset-corrected-tests-rem-b7e50-ld-maintain-UX-click-budget-chromium\error-context.md
]]>
</failure>
<system-out>
<![CDATA[
[[ATTACHMENT|subset-corrected-tests-rem-b7e50-ld-maintain-UX-click-budget-chromium\test-failed-1.png]]

[[ATTACHMENT|subset-corrected-tests-rem-b7e50-ld-maintain-UX-click-budget-chromium\video.webm]]

[[ATTACHMENT|subset-corrected-tests-rem-b7e50-ld-maintain-UX-click-budget-chromium\error-context.md]]
]]>
</system-out>
</testcase>
<testcase name="Corrected Product Catalog Isolation Tests › should prevent cross-tenant product access" classname="subset\corrected-tests-remaining.spec.ts" time="1.527">
</testcase>
<testcase name="Corrected Booking System Isolation Tests › should maintain booking isolation between tenants" classname="subset\corrected-tests-remaining.spec.ts" time="19.408">
<failure message="corrected-tests-remaining.spec.ts:420:7 should maintain booking isolation between tenants" type="FAILURE">
<![CDATA[  [chromium] › subset\corrected-tests-remaining.spec.ts:420:7 › Corrected Booking System Isolation Tests › should maintain booking isolation between tenants 

    TimeoutError: locator.textContent: Timeout 15000ms exceeded.
    Call log:
      - waiting for locator('main, [data-testid="bookings-content"]')


      422 |     
      423 |     // Check that the page is specific to the tenant
    > 424 |     const pageContent = await page.locator('main, [data-testid="bookings-content"]').textContent();
          |                                                                                      ^
      425 |     expect(pageContent).toBeDefined();
      426 |   });
      427 | });
        at C:\Dev\Zo\sass-store\tests\e2e\subset\corrected-tests-remaining.spec.ts:424:86

    attachment #1: screenshot (image/png) ──────────────────────────────────────────────────────────
    ..\..\test-results\subset-corrected-tests-rem-a9482-g-isolation-between-tenants-chromium\test-failed-1.png
    ────────────────────────────────────────────────────────────────────────────────────────────────

    attachment #2: video (video/webm) ──────────────────────────────────────────────────────────────
    ..\..\test-results\subset-corrected-tests-rem-a9482-g-isolation-between-tenants-chromium\video.webm
    ────────────────────────────────────────────────────────────────────────────────────────────────

    Error Context: ..\..\test-results\subset-corrected-tests-rem-a9482-g-isolation-between-tenants-chromium\error-context.md
]]>
</failure>
<system-out>
<![CDATA[
[[ATTACHMENT|subset-corrected-tests-rem-a9482-g-isolation-between-tenants-chromium\test-failed-1.png]]

[[ATTACHMENT|subset-corrected-tests-rem-a9482-g-isolation-between-tenants-chromium\video.webm]]

[[ATTACHMENT|subset-corrected-tests-rem-a9482-g-isolation-between-tenants-chromium\error-context.md]]
]]>
</system-out>
</testcase>
<testcase name="Corrected Cart Multiple Items Tests › should handle cart operations correctly" classname="subset\corrected-tests-remaining.spec.ts" time="3.896">
</testcase>
<testcase name="Corrected Payment Timeout Recovery Tests › should handle payment timeouts gracefully" classname="subset\corrected-tests-remaining.spec.ts" time="6.17">
</testcase>
<testcase name="Corrected Mobile Desktop Interactions Tests › should handle responsive interactions" classname="subset\corrected-tests-remaining.spec.ts" time="5.852">
</testcase>
<testcase name="Corrected Bundle and Gift Flows Tests › should handle bundle purchase flow" classname="subset\corrected-tests-remaining.spec.ts" time="5.585">
</testcase>
<testcase name="Corrected Cost Guards Tests › should enforce cost limit protections" classname="subset\corrected-tests-remaining.spec.ts" time="1.567">
</testcase>
<testcase name="Corrected Smart Reorder Tests › should handle reorder functionality" classname="subset\corrected-tests-remaining.spec.ts" time="1.462">
</testcase>
<testcase name="Corrected SEO Optimization Tests › should have proper SEO elements" classname="subset\corrected-tests-remaining.spec.ts" time="1.568">
<failure message="corrected-tests-remaining.spec.ts:566:7 should have proper SEO elements" type="FAILURE">
<![CDATA[  [chromium] › subset\corrected-tests-remaining.spec.ts:566:7 › Corrected SEO Optimization Tests › should have proper SEO elements 

    Error: expect(received).toBeGreaterThan(expected)

    Expected: > 0
    Received:   0

      569 |     // Check for title tag
      570 |     const title = await page.title();
    > 571 |     expect(title.length).toBeGreaterThan(0);
          |                          ^
      572 |
      573 |     // Check for meta description
      574 |     const metaDesc = await page.locator('meta[name="description"]').first().getAttribute('content');
        at C:\Dev\Zo\sass-store\tests\e2e\subset\corrected-tests-remaining.spec.ts:571:26

    attachment #1: screenshot (image/png) ──────────────────────────────────────────────────────────
    ..\..\test-results\subset-corrected-tests-rem-0b530-ld-have-proper-SEO-elements-chromium\test-failed-1.png
    ────────────────────────────────────────────────────────────────────────────────────────────────

    attachment #2: video (video/webm) ──────────────────────────────────────────────────────────────
    ..\..\test-results\subset-corrected-tests-rem-0b530-ld-have-proper-SEO-elements-chromium\video.webm
    ────────────────────────────────────────────────────────────────────────────────────────────────

    Error Context: ..\..\test-results\subset-corrected-tests-rem-0b530-ld-have-proper-SEO-elements-chromium\error-context.md
]]>
</failure>
<system-out>
<![CDATA[
[[ATTACHMENT|subset-corrected-tests-rem-0b530-ld-have-proper-SEO-elements-chromium\test-failed-1.png]]

[[ATTACHMENT|subset-corrected-tests-rem-0b530-ld-have-proper-SEO-elements-chromium\video.webm]]

[[ATTACHMENT|subset-corrected-tests-rem-0b530-ld-have-proper-SEO-elements-chromium\error-context.md]]
]]>
</system-out>
</testcase>
<testcase name="Corrected Additional Navigation Tests › should maintain navigation state" classname="subset\corrected-tests-remaining.spec.ts" time="1.395">
</testcase>
<testcase name="Corrected Mobile Performance Budget Tests › should meet mobile performance budgets" classname="subset\corrected-tests-remaining.spec.ts" time="1.456">
<system-out>
<![CDATA[TTFB: 96.59999999962747ms
]]>
</system-out>
</testcase>
<testcase name="Corrected Register Flow Tests › should handle user registration" classname="subset\corrected-tests-remaining.spec.ts" time="4.01">
</testcase>
<testcase name="Corrected Quick and Recurring Booking Tests › should handle recurring booking setup" classname="subset\corrected-tests-remaining.spec.ts" time="2.691">
</testcase>
<testcase name="Corrected Tenant Isolation Extended Tests › should isolate tenant data correctly" classname="subset\corrected-tests-remaining.spec.ts" time="5.314">
<failure message="corrected-tests-remaining.spec.ts:687:7 should isolate tenant data correctly" type="FAILURE">
<![CDATA[  [chromium] › subset\corrected-tests-remaining.spec.ts:687:7 › Corrected Tenant Isolation Extended Tests › should isolate tenant data correctly 

    Error: expect(received).toBeDefined()

    Received: undefined

      697 |       return (window as any).tenantContext || (window as any).__tenant__;
      698 |     });
    > 699 |     expect(tenantContext).toBeDefined();
          |                           ^
      700 |   });
      701 | });
        at C:\Dev\Zo\sass-store\tests\e2e\subset\corrected-tests-remaining.spec.ts:699:27

    attachment #1: screenshot (image/png) ──────────────────────────────────────────────────────────
    ..\..\test-results\subset-corrected-tests-rem-250a7-olate-tenant-data-correctly-chromium\test-failed-1.png
    ────────────────────────────────────────────────────────────────────────────────────────────────

    attachment #2: video (video/webm) ──────────────────────────────────────────────────────────────
    ..\..\test-results\subset-corrected-tests-rem-250a7-olate-tenant-data-correctly-chromium\video.webm
    ────────────────────────────────────────────────────────────────────────────────────────────────

    Error Context: ..\..\test-results\subset-corrected-tests-rem-250a7-olate-tenant-data-correctly-chromium\error-context.md
]]>
</failure>
<system-out>
<![CDATA[
[[ATTACHMENT|subset-corrected-tests-rem-250a7-olate-tenant-data-correctly-chromium\test-failed-1.png]]

[[ATTACHMENT|subset-corrected-tests-rem-250a7-olate-tenant-data-correctly-chromium\video.webm]]

[[ATTACHMENT|subset-corrected-tests-rem-250a7-olate-tenant-data-correctly-chromium\error-context.md]]
]]>
</system-out>
</testcase>
</testsuite>
<testsuite name="subset\corrected-tests.spec.ts" timestamp="2025-10-29T19:08:05.826Z" hostname="chromium" tests="6" failures="2" skipped="0" time="30.432" errors="0">
<testcase name="Corrected Accessibility Tests › Screen reader support should be comprehensive with proper error handling" classname="subset\corrected-tests.spec.ts" time="5.369">
<failure message="corrected-tests.spec.ts:9:7 Screen reader support should be comprehensive with proper error handling" type="FAILURE">
<![CDATA[  [chromium] › subset\corrected-tests.spec.ts:9:7 › Corrected Accessibility Tests › Screen reader support should be comprehensive with proper error handling 

    Error: expect(received).toBeGreaterThanOrEqual(expected)

    Expected: >= 1
    Received:    0

      42 |     // Validate heading hierarchy (should start with h1)
      43 |     const h1 = page.locator('h1');
    > 44 |     expect(await h1.count()).toBeGreaterThanOrEqual(1);
         |                              ^
      45 |
      46 |     // Check for alt text on images
      47 |     const images = page.locator('img');
        at C:\Dev\Zo\sass-store\tests\e2e\subset\corrected-tests.spec.ts:44:30

    attachment #1: screenshot (image/png) ──────────────────────────────────────────────────────────
    ..\..\test-results\subset-corrected-tests-Cor-86f06--with-proper-error-handling-chromium\test-failed-1.png
    ────────────────────────────────────────────────────────────────────────────────────────────────

    attachment #2: video (video/webm) ──────────────────────────────────────────────────────────────
    ..\..\test-results\subset-corrected-tests-Cor-86f06--with-proper-error-handling-chromium\video.webm
    ────────────────────────────────────────────────────────────────────────────────────────────────

    Error Context: ..\..\test-results\subset-corrected-tests-Cor-86f06--with-proper-error-handling-chromium\error-context.md
]]>
</failure>
<system-out>
<![CDATA[
[[ATTACHMENT|subset-corrected-tests-Cor-86f06--with-proper-error-handling-chromium\test-failed-1.png]]

[[ATTACHMENT|subset-corrected-tests-Cor-86f06--with-proper-error-handling-chromium\video.webm]]

[[ATTACHMENT|subset-corrected-tests-Cor-86f06--with-proper-error-handling-chromium\error-context.md]]
]]>
</system-out>
</testcase>
<testcase name="Corrected Accessibility Tests › Color contrast should meet WCAG requirements with better error handling" classname="subset\corrected-tests.spec.ts" time="5.355">
</testcase>
<testcase name="Corrected Quick Service Booking - 2 Click Budget › should handle missing elements gracefully in booking flow" classname="subset\corrected-tests.spec.ts" time="14.569">
<failure message="corrected-tests.spec.ts:132:7 should handle missing elements gracefully in booking flow" type="FAILURE">
<![CDATA[  [chromium] › subset\corrected-tests.spec.ts:132:7 › Corrected Quick Service Booking - 2 Click Budget › should handle missing elements gracefully in booking flow 

    Error: expect(locator).toBeVisible() failed

    Locator: locator('[data-testid="service-card"]').first()
    Expected: visible
    Timeout: 10000ms
    Error: element(s) not found

    Call log:
      - Expect "toBeVisible" with timeout 10000ms
      - waiting for locator('[data-testid="service-card"]').first()


      144 |     // Verify service details loaded with timeout
      145 |     const serviceCard = page.locator('[data-testid="service-card"]').first();
    > 146 |     await expect(serviceCard).toBeVisible({ timeout: 10000 });
          |                               ^
      147 |
      148 |     // Check for next available slot with fallback
      149 |     const nextAvailableSlot = page.locator('[data-testid="next-available-slot"], button:has-text("Next Available")');
        at C:\Dev\Zo\sass-store\tests\e2e\subset\corrected-tests.spec.ts:146:31

    attachment #1: screenshot (image/png) ──────────────────────────────────────────────────────────
    ..\..\test-results\subset-corrected-tests-Cor-afd84--gracefully-in-booking-flow-chromium\test-failed-1.png
    ────────────────────────────────────────────────────────────────────────────────────────────────

    attachment #2: video (video/webm) ──────────────────────────────────────────────────────────────
    ..\..\test-results\subset-corrected-tests-Cor-afd84--gracefully-in-booking-flow-chromium\video.webm
    ────────────────────────────────────────────────────────────────────────────────────────────────

    Error Context: ..\..\test-results\subset-corrected-tests-Cor-afd84--gracefully-in-booking-flow-chromium\error-context.md
]]>
</failure>
<system-out>
<![CDATA[
[[ATTACHMENT|subset-corrected-tests-Cor-afd84--gracefully-in-booking-flow-chromium\test-failed-1.png]]

[[ATTACHMENT|subset-corrected-tests-Cor-afd84--gracefully-in-booking-flow-chromium\video.webm]]

[[ATTACHMENT|subset-corrected-tests-Cor-afd84--gracefully-in-booking-flow-chromium\error-context.md]]
]]>
</system-out>
</testcase>
<testcase name="Corrected Bundle Purchase with Cross-Sell - 3 Click Budget › should handle missing bundle elements gracefully" classname="subset\corrected-tests.spec.ts" time="2.78">
</testcase>
<testcase name="Corrected Product Catalog Tenant Isolation › should handle missing search elements gracefully" classname="subset\corrected-tests.spec.ts" time="1.212">
</testcase>
<testcase name="Corrected Payment Gateway Timeout Recovery › should handle payment timeout with proper error checking" classname="subset\corrected-tests.spec.ts" time="1.147">
</testcase>
</testsuite>
<testsuite name="subset\need-human.e2e.ts" timestamp="2025-10-29T19:08:05.826Z" hostname="chromium" tests="5" failures="2" skipped="0" time="6.649" errors="0">
<testcase name="NEED=HUMAN E2E Validation › should trigger NEED=HUMAN when data-testid is missing" classname="subset\need-human.e2e.ts" time="1.596">
<failure message="need-human.e2e.ts:10:7 should trigger NEED=HUMAN when data-testid is missing" type="FAILURE">
<![CDATA[  [chromium] › subset\need-human.e2e.ts:10:7 › NEED=HUMAN E2E Validation › should trigger NEED=HUMAN when data-testid is missing 

    Error: NEED=HUMAN: Critical booking button not found. Alert created: agents\alerts\NEED-INPUT_2025-10-29T19-14-11-388Z_QA.md

      76 |         });
      77 |
    > 78 |         throw new Error(`NEED=HUMAN: Critical booking button not found. Alert created: ${alertFile}`);
         |               ^
      79 |       }
      80 |     } else {
      81 |       // Happy path - stable selector exists
        at C:\Dev\Zo\sass-store\tests\e2e\subset\need-human.e2e.ts:78:15

    attachment #1: screenshot (image/png) ──────────────────────────────────────────────────────────
    ..\..\test-results\subset-need-human.e2e.ts-N-645e7-when-data-testid-is-missing-chromium\test-failed-1.png
    ────────────────────────────────────────────────────────────────────────────────────────────────

    attachment #2: video (video/webm) ──────────────────────────────────────────────────────────────
    ..\..\test-results\subset-need-human.e2e.ts-N-645e7-when-data-testid-is-missing-chromium\video.webm
    ────────────────────────────────────────────────────────────────────────────────────────────────

    Error Context: ..\..\test-results\subset-need-human.e2e.ts-N-645e7-when-data-testid-is-missing-chromium\error-context.md
]]>
</failure>
<system-out>
<![CDATA[[13:14:11] ℹ️   [36mINFO [0m [33mAGENT=QA TASK=need-human-test msg="Starting NEED=HUMAN validation" tenant=wondernails[0m

[41m[37m[1m🔴🔴🔴 NEED HUMAN INPUT 🔴🔴🔴[0m
[41m[37m[1m                                                    [0m
[41m[37m[1m AGENT: QA         TASK: e2e-testing     [0m
[41m[37m[1m                                                    [0m
[41m[37m[1m REASON: Missing data-testid attribute on criti [0m
[41m[37m[1m                                                    [0m
[41m[37m[1m ACTION: Add data-testid="reservar-ahora-button [0m
[41m[37m[1m                                                    [0m
[41m[37m[1m🔴🔴🔴🔴🔴🔴🔴🔴🔴🔴🔴🔴🔴🔴🔴🔴🔴🔴[0m

[13:14:11] [41m[37m⚠    NEED=HUMAN[0m AGENT=QA TASK=e2e-testing NEED=HUMAN REASON="Missing data-testid attribute on critical element: Reservar ahora button" ACTION="Add data-testid="reservar-ahora-button" to the element" msg="Human intervention required" file=agents\alerts\NEED-INPUT_2025-10-29T19-14-11-388Z_QA.md urgency=medium

📄 Instructions written to: agents\alerts\NEED-INPUT_2025-10-29T19-14-11-388Z_QA.md
⚠️  Please address the issue and press ENTER to continue

[13:14:11] [41m[37m⚠    NEED=HUMAN[0m AGENT=QA TASK=e2e CASE="reserva-rapida" NEED=HUMAN msg="Missing data-testid on critical CTA" selector=[data-testid="book-now"] file=agents\alerts\NEED-INPUT_2025-10-29T19-14-11-388Z_QA.md
[13:14:11] ❌   [31mERROR[0m [33mAGENT=QA TASK=e2e CASE="reserva-rapida" msg="No booking button found with any selector" selectors_tried=6 tenant=wondernails[0m

[[ATTACHMENT|subset-need-human.e2e.ts-N-645e7-when-data-testid-is-missing-chromium\test-failed-1.png]]

[[ATTACHMENT|subset-need-human.e2e.ts-N-645e7-when-data-testid-is-missing-chromium\video.webm]]

[[ATTACHMENT|subset-need-human.e2e.ts-N-645e7-when-data-testid-is-missing-chromium\error-context.md]]
]]>
</system-out>
</testcase>
<testcase name="NEED=HUMAN E2E Validation › should validate color log output in console" classname="subset\need-human.e2e.ts" time="1.815">
<failure message="need-human.e2e.ts:100:7 should validate color log output in console" type="FAILURE">
<![CDATA[  [chromium] › subset\need-human.e2e.ts:100:7 › NEED=HUMAN E2E Validation › should validate color log output in console 

    Error: page.evaluate: TypeError: Cannot read properties of undefined (reading 'info')
        at eval (eval at evaluate (:290:30), <anonymous>:2:25)
        at UtilityScript.evaluate (<anonymous>:292:16)
        at UtilityScript.<anonymous> (<anonymous>:1:44)
        at eval (eval at evaluate (:290:30), <anonymous>:2:25)
        at UtilityScript.evaluate (<anonymous>:292:16)
        at UtilityScript.<anonymous> (<anonymous>:1:44)
        at C:\Dev\Zo\sass-store\tests\e2e\subset\need-human.e2e.ts:127:16

    attachment #1: screenshot (image/png) ──────────────────────────────────────────────────────────
    ..\..\test-results\subset-need-human.e2e.ts-N-ab2e9-color-log-output-in-console-chromium\test-failed-1.png
    ────────────────────────────────────────────────────────────────────────────────────────────────

    attachment #2: video (video/webm) ──────────────────────────────────────────────────────────────
    ..\..\test-results\subset-need-human.e2e.ts-N-ab2e9-color-log-output-in-console-chromium\video.webm
    ────────────────────────────────────────────────────────────────────────────────────────────────

    Error Context: ..\..\test-results\subset-need-human.e2e.ts-N-ab2e9-color-log-output-in-console-chromium\error-context.md
]]>
</failure>
<system-out>
<![CDATA[
[[ATTACHMENT|subset-need-human.e2e.ts-N-ab2e9-color-log-output-in-console-chromium\test-failed-1.png]]

[[ATTACHMENT|subset-need-human.e2e.ts-N-ab2e9-color-log-output-in-console-chromium\video.webm]]

[[ATTACHMENT|subset-need-human.e2e.ts-N-ab2e9-color-log-output-in-console-chromium\error-context.md]]
]]>
</system-out>
</testcase>
<testcase name="NEED=HUMAN E2E Validation › should handle missing configuration gracefully" classname="subset\need-human.e2e.ts" time="0.534">
<system-out>
<![CDATA[
[41m[37m[1m🔴🔴🔴 NEED HUMAN INPUT 🔴🔴🔴[0m
[41m[37m[1m                                                    [0m
[41m[37m[1m AGENT: AUTH       TASK: configuration   [0m
[41m[37m[1m                                                    [0m
[41m[37m[1m REASON: Missing required configuration: NEXTAU [0m
[41m[37m[1m                                                    [0m
[41m[37m[1m ACTION: Add the NEXTAUTH_SECRET or JWT configu [0m
[41m[37m[1m                                                    [0m
[41m[37m[1m🔴🔴🔴🔴🔴🔴🔴🔴🔴🔴🔴🔴🔴🔴🔴🔴🔴🔴[0m

[13:14:12] [41m[37m⚠    NEED=HUMAN[0m AGENT=AUTH TASK=configuration NEED=HUMAN REASON="Missing required configuration: NEXTAUTH_SECRET or JWT configuration" ACTION="Add the NEXTAUTH_SECRET or JWT configuration configuration to apps/web/.env.local" msg="Human intervention required" file=agents\alerts\NEED-INPUT_2025-10-29T19-14-12-808Z_AUTH.md urgency=high

📄 Instructions written to: agents\alerts\NEED-INPUT_2025-10-29T19-14-12-808Z_AUTH.md
⚠️  Please address the issue and press ENTER to continue

[13:14:12] [41m[37m⚠    NEED=HUMAN[0m AGENT=AUTH TASK=config-check CASE="admin-access" url="http://localhost:3001/t/villafuerte/admin" NEED=HUMAN msg="Admin access requires authentication setup" file=agents\alerts\NEED-INPUT_2025-10-29T19-14-12-808Z_AUTH.md
[13:14:12] ℹ️   [36mINFO [0m [33mAGENT=QA TASK=e2e msg="Auth configuration validation completed"[0m
]]>
</system-out>
</testcase>
<testcase name="NEED=HUMAN E2E Validation › should validate API error handling" classname="subset\need-human.e2e.ts" time="1.515">
<system-out>
<![CDATA[[13:14:12] ✅   [32mOK   [0m [32mAGENT=API TASK=endpoint-test msg="All API endpoints responding correctly"[0m
]]>
</system-out>
</testcase>
<testcase name="NEED=HUMAN Resolution Simulation › should pass after data-testid is added" classname="subset\need-human.e2e.ts" time="1.189">
<system-out>
<![CDATA[[13:14:12] ⚠️   [33mWARN [0m [33mAGENT=QA TASK=e2e msg="Still missing data-testid after resolution attempt"[0m
]]>
</system-out>
</testcase>
</testsuite>
<testsuite name="subset\wondernails-isolation.e2e.ts" timestamp="2025-10-29T19:08:05.826Z" hostname="chromium" tests="5" failures="4" skipped="0" time="22.204" errors="0">
<testcase name="Wondernails - Aislamiento de Widgets › debe mostrar HeroWondernails con aislamiento completo en /t/wondernails" classname="subset\wondernails-isolation.e2e.ts" time="1.477">
<failure message="wondernails-isolation.e2e.ts:4:7 debe mostrar HeroWondernails con aislamiento completo en /t/wondernails" type="FAILURE">
<![CDATA[  [chromium] › subset\wondernails-isolation.e2e.ts:4:7 › Wondernails - Aislamiento de Widgets › debe mostrar HeroWondernails con aislamiento completo en /t/wondernails 

    Error: expect(received).toContain(expected) // indexOf

    Expected substring: "Wonder"
    Received string:    ""

       9 |     // Verificar que la página carga correctamente
      10 |     const pageTitle = await page.title();
    > 11 |     expect(pageTitle).toContain('Wonder');
         |                       ^
      12 |
      13 |     // Verificar que existe algún contenido hero o carousel
      14 |     const hasHeroContent = await page.evaluate(() => {
        at C:\Dev\Zo\sass-store\tests\e2e\subset\wondernails-isolation.e2e.ts:11:23

    attachment #1: screenshot (image/png) ──────────────────────────────────────────────────────────
    ..\..\test-results\subset-wondernails-isolati-e6739-o-completo-en-t-wondernails-chromium\test-failed-1.png
    ────────────────────────────────────────────────────────────────────────────────────────────────

    attachment #2: video (video/webm) ──────────────────────────────────────────────────────────────
    ..\..\test-results\subset-wondernails-isolati-e6739-o-completo-en-t-wondernails-chromium\video.webm
    ────────────────────────────────────────────────────────────────────────────────────────────────

    Error Context: ..\..\test-results\subset-wondernails-isolati-e6739-o-completo-en-t-wondernails-chromium\error-context.md
]]>
</failure>
<system-out>
<![CDATA[
[[ATTACHMENT|subset-wondernails-isolati-e6739-o-completo-en-t-wondernails-chromium\test-failed-1.png]]

[[ATTACHMENT|subset-wondernails-isolati-e6739-o-completo-en-t-wondernails-chromium\video.webm]]

[[ATTACHMENT|subset-wondernails-isolati-e6739-o-completo-en-t-wondernails-chromium\error-context.md]]
]]>
</system-out>
</testcase>
<testcase name="Wondernails - Aislamiento de Widgets › NO debe mostrar estilos de Wondernails en /t/nom-nom" classname="subset\wondernails-isolation.e2e.ts" time="7.096">
<failure message="wondernails-isolation.e2e.ts:30:7 NO debe mostrar estilos de Wondernails en /t/nom-nom" type="FAILURE">
<![CDATA[  [chromium] › subset\wondernails-isolation.e2e.ts:30:7 › Wondernails - Aislamiento de Widgets › NO debe mostrar estilos de Wondernails en /t/nom-nom 

    Error: expect(locator).toBeVisible() failed

    Locator:  locator('body, main, .container, section, div').first()
    Expected: visible
    Received: hidden
    Timeout:  5000ms

    Call log:
      - Expect "toBeVisible" with timeout 5000ms
      - waiting for locator('body, main, .container, section, div').first()
        9 × locator resolved to <body>…</body>
          - unexpected value "hidden"


      80 |     // Verificar que la página carga correctamente (cualquier contenido visible)
      81 |     const pageContent = page.locator('body, main, .container, section, div');
    > 82 |     await expect(pageContent.first()).toBeVisible();
         |                                       ^
      83 |
      84 |     console.log('✅ Página nom-nom carga sin componentes de Wondernails');
      85 |
        at C:\Dev\Zo\sass-store\tests\e2e\subset\wondernails-isolation.e2e.ts:82:39

    attachment #1: screenshot (image/png) ──────────────────────────────────────────────────────────
    ..\..\test-results\subset-wondernails-isolati-9009d-de-Wondernails-en-t-nom-nom-chromium\test-failed-1.png
    ────────────────────────────────────────────────────────────────────────────────────────────────

    attachment #2: video (video/webm) ──────────────────────────────────────────────────────────────
    ..\..\test-results\subset-wondernails-isolati-9009d-de-Wondernails-en-t-nom-nom-chromium\video.webm
    ────────────────────────────────────────────────────────────────────────────────────────────────

    Error Context: ..\..\test-results\subset-wondernails-isolati-9009d-de-Wondernails-en-t-nom-nom-chromium\error-context.md
]]>
</failure>
<system-out>
<![CDATA[
[[ATTACHMENT|subset-wondernails-isolati-9009d-de-Wondernails-en-t-nom-nom-chromium\test-failed-1.png]]

[[ATTACHMENT|subset-wondernails-isolati-9009d-de-Wondernails-en-t-nom-nom-chromium\video.webm]]

[[ATTACHMENT|subset-wondernails-isolati-9009d-de-Wondernails-en-t-nom-nom-chromium\error-context.md]]
]]>
</system-out>
</testcase>
<testcase name="Wondernails - Aislamiento de Widgets › debe verificar variables CSS locales en Wondernails" classname="subset\wondernails-isolation.e2e.ts" time="6.301">
<failure message="wondernails-isolation.e2e.ts:89:7 debe verificar variables CSS locales en Wondernails" type="FAILURE">
<![CDATA[  [chromium] › subset\wondernails-isolation.e2e.ts:89:7 › Wondernails - Aislamiento de Widgets › debe verificar variables CSS locales en Wondernails 

    Error: expect(locator).toBeVisible() failed

    Locator: locator('[data-tenant-hero="wondernails"]')
    Expected: visible
    Timeout: 5000ms
    Error: element(s) not found

    Call log:
      - Expect "toBeVisible" with timeout 5000ms
      - waiting for locator('[data-tenant-hero="wondernails"]')


      91 |
      92 |     const heroWrapper = page.locator('[data-tenant-hero="wondernails"]');
    > 93 |     await expect(heroWrapper).toBeVisible();
         |                               ^
      94 |
      95 |     // Verificar que las variables CSS están definidas localmente
      96 |     const cssVariables = await heroWrapper.evaluate((el) => {
        at C:\Dev\Zo\sass-store\tests\e2e\subset\wondernails-isolation.e2e.ts:93:31

    attachment #1: screenshot (image/png) ──────────────────────────────────────────────────────────
    ..\..\test-results\subset-wondernails-isolati-2eab1--CSS-locales-en-Wondernails-chromium\test-failed-1.png
    ────────────────────────────────────────────────────────────────────────────────────────────────

    attachment #2: video (video/webm) ──────────────────────────────────────────────────────────────
    ..\..\test-results\subset-wondernails-isolati-2eab1--CSS-locales-en-Wondernails-chromium\video.webm
    ────────────────────────────────────────────────────────────────────────────────────────────────

    Error Context: ..\..\test-results\subset-wondernails-isolati-2eab1--CSS-locales-en-Wondernails-chromium\error-context.md
]]>
</failure>
<system-out>
<![CDATA[
[[ATTACHMENT|subset-wondernails-isolati-2eab1--CSS-locales-en-Wondernails-chromium\test-failed-1.png]]

[[ATTACHMENT|subset-wondernails-isolati-2eab1--CSS-locales-en-Wondernails-chromium\video.webm]]

[[ATTACHMENT|subset-wondernails-isolati-2eab1--CSS-locales-en-Wondernails-chromium\error-context.md]]
]]>
</system-out>
</testcase>
<testcase name="Wondernails - Aislamiento de Widgets › debe verificar que las variables NO afectan el :root global" classname="subset\wondernails-isolation.e2e.ts" time="1.115">
<system-out>
<![CDATA[✅ Variables CSS NO contaminan el scope global
]]>
</system-out>
</testcase>
<testcase name="Wondernails - Aislamiento de Widgets › debe verificar compatibilidad con prefers-reduced-motion" classname="subset\wondernails-isolation.e2e.ts" time="6.215">
<failure message="wondernails-isolation.e2e.ts:137:7 debe verificar compatibilidad con prefers-reduced-motion" type="FAILURE">
<![CDATA[  [chromium] › subset\wondernails-isolation.e2e.ts:137:7 › Wondernails - Aislamiento de Widgets › debe verificar compatibilidad con prefers-reduced-motion 

    Error: expect(locator).toBeVisible() failed

    Locator: locator('[data-tenant-hero="wondernails"]')
    Expected: visible
    Timeout: 5000ms
    Error: element(s) not found

    Call log:
      - Expect "toBeVisible" with timeout 5000ms
      - waiting for locator('[data-tenant-hero="wondernails"]')


      141 |
      142 |     const heroWrapper = page.locator('[data-tenant-hero="wondernails"]');
    > 143 |     await expect(heroWrapper).toBeVisible();
          |                               ^
      144 |
      145 |     // Verificar que las animaciones respetan reduced motion
      146 |     const motionSettings = await heroWrapper.evaluate((el) => {
        at C:\Dev\Zo\sass-store\tests\e2e\subset\wondernails-isolation.e2e.ts:143:31

    attachment #1: screenshot (image/png) ──────────────────────────────────────────────────────────
    ..\..\test-results\subset-wondernails-isolati-21f21--con-prefers-reduced-motion-chromium\test-failed-1.png
    ────────────────────────────────────────────────────────────────────────────────────────────────

    attachment #2: video (video/webm) ──────────────────────────────────────────────────────────────
    ..\..\test-results\subset-wondernails-isolati-21f21--con-prefers-reduced-motion-chromium\video.webm
    ────────────────────────────────────────────────────────────────────────────────────────────────

    Error Context: ..\..\test-results\subset-wondernails-isolati-21f21--con-prefers-reduced-motion-chromium\error-context.md
]]>
</failure>
<system-out>
<![CDATA[
[[ATTACHMENT|subset-wondernails-isolati-21f21--con-prefers-reduced-motion-chromium\test-failed-1.png]]

[[ATTACHMENT|subset-wondernails-isolati-21f21--con-prefers-reduced-motion-chromium\video.webm]]

[[ATTACHMENT|subset-wondernails-isolati-21f21--con-prefers-reduced-motion-chromium\error-context.md]]
]]>
</system-out>
</testcase>
</testsuite>
<testsuite name="subset\wondernails-reduced-motion.e2e.ts" timestamp="2025-10-29T19:08:05.826Z" hostname="chromium" tests="8" failures="7" skipped="0" time="108.638" errors="0">
<testcase name="Wondernails - Reduced Motion Compliance › debe desactivar auto-rotación con prefers-reduced-motion" classname="subset\wondernails-reduced-motion.e2e.ts" time="16.615">
<failure message="wondernails-reduced-motion.e2e.ts:4:7 debe desactivar auto-rotación con prefers-reduced-motion" type="FAILURE">
<![CDATA[  [chromium] › subset\wondernails-reduced-motion.e2e.ts:4:7 › Wondernails - Reduced Motion Compliance › debe desactivar auto-rotación con prefers-reduced-motion 

    TimeoutError: page.waitForSelector: Timeout 15000ms exceeded.
    Call log:
      - waiting for locator('[data-tenant-hero="wondernails"]') to be visible


       7 |     await page.goto('/t/wondernails');
       8 |
    >  9 |     await page.waitForSelector('[data-tenant-hero="wondernails"]');
         |                ^
      10 |
      11 |     // Esperar tiempo suficiente para verificar que NO hay auto-rotación
      12 |     const initialSlide = await page.locator('[class*="slide"][class*="active"], .slide.active').textContent();
        at C:\Dev\Zo\sass-store\tests\e2e\subset\wondernails-reduced-motion.e2e.ts:9:16

    attachment #1: screenshot (image/png) ──────────────────────────────────────────────────────────
    ..\..\test-results\subset-wondernails-reduced-fe3b1--con-prefers-reduced-motion-chromium\test-failed-1.png
    ────────────────────────────────────────────────────────────────────────────────────────────────

    attachment #2: video (video/webm) ──────────────────────────────────────────────────────────────
    ..\..\test-results\subset-wondernails-reduced-fe3b1--con-prefers-reduced-motion-chromium\video.webm
    ────────────────────────────────────────────────────────────────────────────────────────────────

    Error Context: ..\..\test-results\subset-wondernails-reduced-fe3b1--con-prefers-reduced-motion-chromium\error-context.md
]]>
</failure>
<system-out>
<![CDATA[
[[ATTACHMENT|subset-wondernails-reduced-fe3b1--con-prefers-reduced-motion-chromium\test-failed-1.png]]

[[ATTACHMENT|subset-wondernails-reduced-fe3b1--con-prefers-reduced-motion-chromium\video.webm]]

[[ATTACHMENT|subset-wondernails-reduced-fe3b1--con-prefers-reduced-motion-chromium\error-context.md]]
]]>
</system-out>
</testcase>
<testcase name="Wondernails - Reduced Motion Compliance › debe usar transiciones fade cortas en lugar de animaciones complejas" classname="subset\wondernails-reduced-motion.e2e.ts" time="6.252">
<failure message="wondernails-reduced-motion.e2e.ts:25:7 debe usar transiciones fade cortas en lugar de animaciones complejas" type="FAILURE">
<![CDATA[  [chromium] › subset\wondernails-reduced-motion.e2e.ts:25:7 › Wondernails - Reduced Motion Compliance › debe usar transiciones fade cortas en lugar de animaciones complejas 

    Error: expect(locator).toBeVisible() failed

    Locator: locator('[data-tenant-hero="wondernails"]')
    Expected: visible
    Timeout: 5000ms
    Error: element(s) not found

    Call log:
      - Expect "toBeVisible" with timeout 5000ms
      - waiting for locator('[data-tenant-hero="wondernails"]')


      28 |
      29 |     const heroWrapper = page.locator('[data-tenant-hero="wondernails"]');
    > 30 |     await expect(heroWrapper).toBeVisible();
         |                               ^
      31 |
      32 |     // Verificar que se usan duraciones reducidas
      33 |     const motionSettings = await heroWrapper.evaluate((el) => {
        at C:\Dev\Zo\sass-store\tests\e2e\subset\wondernails-reduced-motion.e2e.ts:30:31

    attachment #1: screenshot (image/png) ──────────────────────────────────────────────────────────
    ..\..\test-results\subset-wondernails-reduced-7d010-ar-de-animaciones-complejas-chromium\test-failed-1.png
    ────────────────────────────────────────────────────────────────────────────────────────────────

    attachment #2: video (video/webm) ──────────────────────────────────────────────────────────────
    ..\..\test-results\subset-wondernails-reduced-7d010-ar-de-animaciones-complejas-chromium\video.webm
    ────────────────────────────────────────────────────────────────────────────────────────────────

    Error Context: ..\..\test-results\subset-wondernails-reduced-7d010-ar-de-animaciones-complejas-chromium\error-context.md
]]>
</failure>
<system-out>
<![CDATA[
[[ATTACHMENT|subset-wondernails-reduced-7d010-ar-de-animaciones-complejas-chromium\test-failed-1.png]]

[[ATTACHMENT|subset-wondernails-reduced-7d010-ar-de-animaciones-complejas-chromium\video.webm]]

[[ATTACHMENT|subset-wondernails-reduced-7d010-ar-de-animaciones-complejas-chromium\error-context.md]]
]]>
</system-out>
</testcase>
<testcase name="Wondernails - Reduced Motion Compliance › navegación manual debe usar fade corto (120-160ms)" classname="subset\wondernails-reduced-motion.e2e.ts" time="16.702">
<failure message="wondernails-reduced-motion.e2e.ts:56:7 navegación manual debe usar fade corto (120-160ms)" type="FAILURE">
<![CDATA[  [chromium] › subset\wondernails-reduced-motion.e2e.ts:56:7 › Wondernails - Reduced Motion Compliance › navegación manual debe usar fade corto (120-160ms) 

    TimeoutError: page.waitForSelector: Timeout 15000ms exceeded.
    Call log:
      - waiting for locator('[data-tenant-hero="wondernails"]') to be visible


      58 |     await page.goto('/t/wondernails');
      59 |
    > 60 |     await page.waitForSelector('[data-tenant-hero="wondernails"]');
         |                ^
      61 |
      62 |     // Medir tiempo de transición al navegar manualmente
      63 |     const nextButton = page.locator('[class*="arrowBtn"], .arrowBtn').last();
        at C:\Dev\Zo\sass-store\tests\e2e\subset\wondernails-reduced-motion.e2e.ts:60:16

    attachment #1: screenshot (image/png) ──────────────────────────────────────────────────────────
    ..\..\test-results\subset-wondernails-reduced-ce835--usar-fade-corto-120-160ms--chromium\test-failed-1.png
    ────────────────────────────────────────────────────────────────────────────────────────────────

    attachment #2: video (video/webm) ──────────────────────────────────────────────────────────────
    ..\..\test-results\subset-wondernails-reduced-ce835--usar-fade-corto-120-160ms--chromium\video.webm
    ────────────────────────────────────────────────────────────────────────────────────────────────

    Error Context: ..\..\test-results\subset-wondernails-reduced-ce835--usar-fade-corto-120-160ms--chromium\error-context.md
]]>
</failure>
<system-out>
<![CDATA[
[[ATTACHMENT|subset-wondernails-reduced-ce835--usar-fade-corto-120-160ms--chromium\test-failed-1.png]]

[[ATTACHMENT|subset-wondernails-reduced-ce835--usar-fade-corto-120-160ms--chromium\video.webm]]

[[ATTACHMENT|subset-wondernails-reduced-ce835--usar-fade-corto-120-160ms--chromium\error-context.md]]
]]>
</system-out>
</testcase>
<testcase name="Wondernails - Reduced Motion Compliance › debe eliminar efectos de parallax con reduced motion" classname="subset\wondernails-reduced-motion.e2e.ts" time="16.92">
<failure message="wondernails-reduced-motion.e2e.ts:84:7 debe eliminar efectos de parallax con reduced motion" type="FAILURE">
<![CDATA[  [chromium] › subset\wondernails-reduced-motion.e2e.ts:84:7 › Wondernails - Reduced Motion Compliance › debe eliminar efectos de parallax con reduced motion 

    TimeoutError: page.waitForSelector: Timeout 15000ms exceeded.
    Call log:
      - waiting for locator('[data-tenant-hero="wondernails"]') to be visible


      86 |     await page.goto('/t/wondernails');
      87 |
    > 88 |     await page.waitForSelector('[data-tenant-hero="wondernails"]');
         |                ^
      89 |
      90 |     // Navegar a siguiente slide
      91 |     const nextButton = page.locator('[class*="arrowBtn"], .arrowBtn').last();
        at C:\Dev\Zo\sass-store\tests\e2e\subset\wondernails-reduced-motion.e2e.ts:88:16

    attachment #1: screenshot (image/png) ──────────────────────────────────────────────────────────
    ..\..\test-results\subset-wondernails-reduced-da772-parallax-con-reduced-motion-chromium\test-failed-1.png
    ────────────────────────────────────────────────────────────────────────────────────────────────

    attachment #2: video (video/webm) ──────────────────────────────────────────────────────────────
    ..\..\test-results\subset-wondernails-reduced-da772-parallax-con-reduced-motion-chromium\video.webm
    ────────────────────────────────────────────────────────────────────────────────────────────────

    Error Context: ..\..\test-results\subset-wondernails-reduced-da772-parallax-con-reduced-motion-chromium\error-context.md
]]>
</failure>
<system-out>
<![CDATA[
[[ATTACHMENT|subset-wondernails-reduced-da772-parallax-con-reduced-motion-chromium\test-failed-1.png]]

[[ATTACHMENT|subset-wondernails-reduced-da772-parallax-con-reduced-motion-chromium\video.webm]]

[[ATTACHMENT|subset-wondernails-reduced-da772-parallax-con-reduced-motion-chromium\error-context.md]]
]]>
</system-out>
</testcase>
<testcase name="Wondernails - Reduced Motion Compliance › debe eliminar efectos de blur y overshoot" classname="subset\wondernails-reduced-motion.e2e.ts" time="17.039">
<failure message="wondernails-reduced-motion.e2e.ts:111:7 debe eliminar efectos de blur y overshoot" type="FAILURE">
<![CDATA[  [chromium] › subset\wondernails-reduced-motion.e2e.ts:111:7 › Wondernails - Reduced Motion Compliance › debe eliminar efectos de blur y overshoot 

    TimeoutError: page.waitForSelector: Timeout 15000ms exceeded.
    Call log:
      - waiting for locator('[data-tenant-hero="wondernails"]') to be visible


      113 |     await page.goto('/t/wondernails');
      114 |
    > 115 |     await page.waitForSelector('[data-tenant-hero="wondernails"]');
          |                ^
      116 |
      117 |     // Navegar para triggear animación
      118 |     const nextButton = page.locator('[class*="arrowBtn"], .arrowBtn').last();
        at C:\Dev\Zo\sass-store\tests\e2e\subset\wondernails-reduced-motion.e2e.ts:115:16

    attachment #1: screenshot (image/png) ──────────────────────────────────────────────────────────
    ..\..\test-results\subset-wondernails-reduced-0f407-efectos-de-blur-y-overshoot-chromium\test-failed-1.png
    ────────────────────────────────────────────────────────────────────────────────────────────────

    attachment #2: video (video/webm) ──────────────────────────────────────────────────────────────
    ..\..\test-results\subset-wondernails-reduced-0f407-efectos-de-blur-y-overshoot-chromium\video.webm
    ────────────────────────────────────────────────────────────────────────────────────────────────

    Error Context: ..\..\test-results\subset-wondernails-reduced-0f407-efectos-de-blur-y-overshoot-chromium\error-context.md
]]>
</failure>
<system-out>
<![CDATA[
[[ATTACHMENT|subset-wondernails-reduced-0f407-efectos-de-blur-y-overshoot-chromium\test-failed-1.png]]

[[ATTACHMENT|subset-wondernails-reduced-0f407-efectos-de-blur-y-overshoot-chromium\video.webm]]

[[ATTACHMENT|subset-wondernails-reduced-0f407-efectos-de-blur-y-overshoot-chromium\error-context.md]]
]]>
</system-out>
</testcase>
<testcase name="Wondernails - Reduced Motion Compliance › debe mantener funcionalidad básica con reduced motion" classname="subset\wondernails-reduced-motion.e2e.ts" time="17.024">
<failure message="wondernails-reduced-motion.e2e.ts:153:7 debe mantener funcionalidad básica con reduced motion" type="FAILURE">
<![CDATA[  [chromium] › subset\wondernails-reduced-motion.e2e.ts:153:7 › Wondernails - Reduced Motion Compliance › debe mantener funcionalidad básica con reduced motion 

    TimeoutError: page.waitForSelector: Timeout 15000ms exceeded.
    Call log:
      - waiting for locator('[data-tenant-hero="wondernails"]') to be visible


      155 |     await page.goto('/t/wondernails');
      156 |
    > 157 |     await page.waitForSelector('[data-tenant-hero="wondernails"]');
          |                ^
      158 |
      159 |     // Verificar que la navegación sigue funcionando
      160 |     const nextButton = page.locator('[class*="arrowBtn"], .arrowBtn').last();
        at C:\Dev\Zo\sass-store\tests\e2e\subset\wondernails-reduced-motion.e2e.ts:157:16

    attachment #1: screenshot (image/png) ──────────────────────────────────────────────────────────
    ..\..\test-results\subset-wondernails-reduced-5f366-d-básica-con-reduced-motion-chromium\test-failed-1.png
    ────────────────────────────────────────────────────────────────────────────────────────────────

    attachment #2: video (video/webm) ──────────────────────────────────────────────────────────────
    ..\..\test-results\subset-wondernails-reduced-5f366-d-básica-con-reduced-motion-chromium\video.webm
    ────────────────────────────────────────────────────────────────────────────────────────────────

    Error Context: ..\..\test-results\subset-wondernails-reduced-5f366-d-básica-con-reduced-motion-chromium\error-context.md
]]>
</failure>
<system-out>
<![CDATA[
[[ATTACHMENT|subset-wondernails-reduced-5f366-d-básica-con-reduced-motion-chromium\test-failed-1.png]]

[[ATTACHMENT|subset-wondernails-reduced-5f366-d-básica-con-reduced-motion-chromium\video.webm]]

[[ATTACHMENT|subset-wondernails-reduced-5f366-d-básica-con-reduced-motion-chromium\error-context.md]]
]]>
</system-out>
</testcase>
<testcase name="Wondernails - Reduced Motion Compliance › debe respetar configuración del sistema operativo" classname="subset\wondernails-reduced-motion.e2e.ts" time="17.043">
<failure message="wondernails-reduced-motion.e2e.ts:200:7 debe respetar configuración del sistema operativo" type="FAILURE">
<![CDATA[  [chromium] › subset\wondernails-reduced-motion.e2e.ts:200:7 › Wondernails - Reduced Motion Compliance › debe respetar configuración del sistema operativo 

    TimeoutError: page.waitForSelector: Timeout 15000ms exceeded.
    Call log:
      - waiting for locator('[data-tenant-hero="wondernails"]') to be visible


      201 |     // Test sin reduced motion (comportamiento normal)
      202 |     await page.goto('/t/wondernails');
    > 203 |     await page.waitForSelector('[data-tenant-hero="wondernails"]');
          |                ^
      204 |
      205 |     const normalMotionSettings = await page.locator('[data-tenant-hero="wondernails"]').evaluate((el) => {
      206 |       const styles = window.getComputedStyle(el);
        at C:\Dev\Zo\sass-store\tests\e2e\subset\wondernails-reduced-motion.e2e.ts:203:16

    attachment #1: screenshot (image/png) ──────────────────────────────────────────────────────────
    ..\..\test-results\subset-wondernails-reduced-998d4-ación-del-sistema-operativo-chromium\test-failed-1.png
    ────────────────────────────────────────────────────────────────────────────────────────────────

    attachment #2: video (video/webm) ──────────────────────────────────────────────────────────────
    ..\..\test-results\subset-wondernails-reduced-998d4-ación-del-sistema-operativo-chromium\video.webm
    ────────────────────────────────────────────────────────────────────────────────────────────────

    Error Context: ..\..\test-results\subset-wondernails-reduced-998d4-ación-del-sistema-operativo-chromium\error-context.md
]]>
</failure>
<system-out>
<![CDATA[
[[ATTACHMENT|subset-wondernails-reduced-998d4-ación-del-sistema-operativo-chromium\test-failed-1.png]]

[[ATTACHMENT|subset-wondernails-reduced-998d4-ación-del-sistema-operativo-chromium\video.webm]]

[[ATTACHMENT|subset-wondernails-reduced-998d4-ación-del-sistema-operativo-chromium\error-context.md]]
]]>
</system-out>
</testcase>
<testcase name="Wondernails - Reduced Motion Compliance › debe mostrar notificación visual para usuarios con reduced motion habilitado" classname="subset\wondernails-reduced-motion.e2e.ts" time="1.043">
<system-out>
<![CDATA[✅ Media query prefers-reduced-motion respetado
]]>
</system-out>
</testcase>
</testsuite>
<testsuite name="subset\wondernails-ux-budget.e2e.ts" timestamp="2025-10-29T19:08:05.826Z" hostname="chromium" tests="7" failures="7" skipped="0" time="120.288" errors="0">
<testcase name="Wondernails - UX Budget (Presupuesto de Clics) › CTA primario debe ser visible sin hover (0 clics)" classname="subset\wondernails-ux-budget.e2e.ts" time="17.342">
<failure message="wondernails-ux-budget.e2e.ts:9:7 CTA primario debe ser visible sin hover (0 clics)" type="FAILURE">
<![CDATA[  [chromium] › subset\wondernails-ux-budget.e2e.ts:9:7 › Wondernails - UX Budget (Presupuesto de Clics) › CTA primario debe ser visible sin hover (0 clics) 

    TimeoutError: page.waitForSelector: Timeout 15000ms exceeded.
    Call log:
      - waiting for locator('[data-tenant-hero="wondernails"]') to be visible


      4 |   test.beforeEach(async ({ page }) => {
      5 |     await page.goto('/t/wondernails');
    > 6 |     await page.waitForSelector('[data-tenant-hero="wondernails"]');
        |                ^
      7 |   });
      8 |
      9 |   test('CTA primario debe ser visible sin hover (0 clics)', async ({ page }) => {
        at C:\Dev\Zo\sass-store\tests\e2e\subset\wondernails-ux-budget.e2e.ts:6:16

    attachment #1: screenshot (image/png) ──────────────────────────────────────────────────────────
    ..\..\test-results\subset-wondernails-ux-budg-d6361--visible-sin-hover-0-clics--chromium\test-failed-1.png
    ────────────────────────────────────────────────────────────────────────────────────────────────

    attachment #2: video (video/webm) ──────────────────────────────────────────────────────────────
    ..\..\test-results\subset-wondernails-ux-budg-d6361--visible-sin-hover-0-clics--chromium\video.webm
    ────────────────────────────────────────────────────────────────────────────────────────────────

    Error Context: ..\..\test-results\subset-wondernails-ux-budg-d6361--visible-sin-hover-0-clics--chromium\error-context.md
]]>
</failure>
<system-out>
<![CDATA[
[[ATTACHMENT|subset-wondernails-ux-budg-d6361--visible-sin-hover-0-clics--chromium\test-failed-1.png]]

[[ATTACHMENT|subset-wondernails-ux-budg-d6361--visible-sin-hover-0-clics--chromium\video.webm]]

[[ATTACHMENT|subset-wondernails-ux-budg-d6361--visible-sin-hover-0-clics--chromium\error-context.md]]
]]>
</system-out>
</testcase>
<testcase name="Wondernails - UX Budget (Presupuesto de Clics) › flujo de reserva debe completarse en máximo 3 clics" classname="subset\wondernails-ux-budget.e2e.ts" time="17.097">
<failure message="wondernails-ux-budget.e2e.ts:37:7 flujo de reserva debe completarse en máximo 3 clics" type="FAILURE">
<![CDATA[  [chromium] › subset\wondernails-ux-budget.e2e.ts:37:7 › Wondernails - UX Budget (Presupuesto de Clics) › flujo de reserva debe completarse en máximo 3 clics 

    TimeoutError: page.waitForSelector: Timeout 15000ms exceeded.
    Call log:
      - waiting for locator('[data-tenant-hero="wondernails"]') to be visible


      4 |   test.beforeEach(async ({ page }) => {
      5 |     await page.goto('/t/wondernails');
    > 6 |     await page.waitForSelector('[data-tenant-hero="wondernails"]');
        |                ^
      7 |   });
      8 |
      9 |   test('CTA primario debe ser visible sin hover (0 clics)', async ({ page }) => {
        at C:\Dev\Zo\sass-store\tests\e2e\subset\wondernails-ux-budget.e2e.ts:6:16

    attachment #1: screenshot (image/png) ──────────────────────────────────────────────────────────
    ..\..\test-results\subset-wondernails-ux-budg-9c57c-mpletarse-en-máximo-3-clics-chromium\test-failed-1.png
    ────────────────────────────────────────────────────────────────────────────────────────────────

    attachment #2: video (video/webm) ──────────────────────────────────────────────────────────────
    ..\..\test-results\subset-wondernails-ux-budg-9c57c-mpletarse-en-máximo-3-clics-chromium\video.webm
    ────────────────────────────────────────────────────────────────────────────────────────────────

    Error Context: ..\..\test-results\subset-wondernails-ux-budg-9c57c-mpletarse-en-máximo-3-clics-chromium\error-context.md
]]>
</failure>
<system-out>
<![CDATA[
[[ATTACHMENT|subset-wondernails-ux-budg-9c57c-mpletarse-en-máximo-3-clics-chromium\test-failed-1.png]]

[[ATTACHMENT|subset-wondernails-ux-budg-9c57c-mpletarse-en-máximo-3-clics-chromium\video.webm]]

[[ATTACHMENT|subset-wondernails-ux-budg-9c57c-mpletarse-en-máximo-3-clics-chromium\error-context.md]]
]]>
</system-out>
</testcase>
<testcase name="Wondernails - UX Budget (Presupuesto de Clics) › flujo de compra debe completarse en máximo 2 clics" classname="subset\wondernails-ux-budget.e2e.ts" time="16.772">
<failure message="wondernails-ux-budget.e2e.ts:75:7 flujo de compra debe completarse en máximo 2 clics" type="FAILURE">
<![CDATA[  [chromium] › subset\wondernails-ux-budget.e2e.ts:75:7 › Wondernails - UX Budget (Presupuesto de Clics) › flujo de compra debe completarse en máximo 2 clics 

    TimeoutError: page.waitForSelector: Timeout 15000ms exceeded.
    Call log:
      - waiting for locator('[data-tenant-hero="wondernails"]') to be visible


      4 |   test.beforeEach(async ({ page }) => {
      5 |     await page.goto('/t/wondernails');
    > 6 |     await page.waitForSelector('[data-tenant-hero="wondernails"]');
        |                ^
      7 |   });
      8 |
      9 |   test('CTA primario debe ser visible sin hover (0 clics)', async ({ page }) => {
        at C:\Dev\Zo\sass-store\tests\e2e\subset\wondernails-ux-budget.e2e.ts:6:16

    attachment #1: screenshot (image/png) ──────────────────────────────────────────────────────────
    ..\..\test-results\subset-wondernails-ux-budg-0b580-mpletarse-en-máximo-2-clics-chromium\test-failed-1.png
    ────────────────────────────────────────────────────────────────────────────────────────────────

    attachment #2: video (video/webm) ──────────────────────────────────────────────────────────────
    ..\..\test-results\subset-wondernails-ux-budg-0b580-mpletarse-en-máximo-2-clics-chromium\video.webm
    ────────────────────────────────────────────────────────────────────────────────────────────────

    Error Context: ..\..\test-results\subset-wondernails-ux-budg-0b580-mpletarse-en-máximo-2-clics-chromium\error-context.md
]]>
</failure>
<system-out>
<![CDATA[
[[ATTACHMENT|subset-wondernails-ux-budg-0b580-mpletarse-en-máximo-2-clics-chromium\test-failed-1.png]]

[[ATTACHMENT|subset-wondernails-ux-budg-0b580-mpletarse-en-máximo-2-clics-chromium\video.webm]]

[[ATTACHMENT|subset-wondernails-ux-budg-0b580-mpletarse-en-máximo-2-clics-chromium\error-context.md]]
]]>
</system-out>
</testcase>
<testcase name="Wondernails - UX Budget (Presupuesto de Clics) › flujo de &quot;ver detalles&quot; debe completarse en máximo 1 clic" classname="subset\wondernails-ux-budget.e2e.ts" time="16.824">
<failure message="wondernails-ux-budget.e2e.ts:113:7 flujo de &quot;ver detalles&quot; debe completarse en máximo 1 clic" type="FAILURE">
<![CDATA[  [chromium] › subset\wondernails-ux-budget.e2e.ts:113:7 › Wondernails - UX Budget (Presupuesto de Clics) › flujo de "ver detalles" debe completarse en máximo 1 clic 

    TimeoutError: page.waitForSelector: Timeout 15000ms exceeded.
    Call log:
      - waiting for locator('[data-tenant-hero="wondernails"]') to be visible


      4 |   test.beforeEach(async ({ page }) => {
      5 |     await page.goto('/t/wondernails');
    > 6 |     await page.waitForSelector('[data-tenant-hero="wondernails"]');
        |                ^
      7 |   });
      8 |
      9 |   test('CTA primario debe ser visible sin hover (0 clics)', async ({ page }) => {
        at C:\Dev\Zo\sass-store\tests\e2e\subset\wondernails-ux-budget.e2e.ts:6:16

    attachment #1: screenshot (image/png) ──────────────────────────────────────────────────────────
    ..\..\test-results\subset-wondernails-ux-budg-95c76-ompletarse-en-máximo-1-clic-chromium\test-failed-1.png
    ────────────────────────────────────────────────────────────────────────────────────────────────

    attachment #2: video (video/webm) ──────────────────────────────────────────────────────────────
    ..\..\test-results\subset-wondernails-ux-budg-95c76-ompletarse-en-máximo-1-clic-chromium\video.webm
    ────────────────────────────────────────────────────────────────────────────────────────────────

    Error Context: ..\..\test-results\subset-wondernails-ux-budg-95c76-ompletarse-en-máximo-1-clic-chromium\error-context.md
]]>
</failure>
<system-out>
<![CDATA[
[[ATTACHMENT|subset-wondernails-ux-budg-95c76-ompletarse-en-máximo-1-clic-chromium\test-failed-1.png]]

[[ATTACHMENT|subset-wondernails-ux-budg-95c76-ompletarse-en-máximo-1-clic-chromium\video.webm]]

[[ATTACHMENT|subset-wondernails-ux-budg-95c76-ompletarse-en-máximo-1-clic-chromium\error-context.md]]
]]>
</system-out>
</testcase>
<testcase name="Wondernails - UX Budget (Presupuesto de Clics) › controles de navegación deben ser accesibles con mínima interacción" classname="subset\wondernails-ux-budget.e2e.ts" time="17.123">
<failure message="wondernails-ux-budget.e2e.ts:139:7 controles de navegación deben ser accesibles con mínima interacción" type="FAILURE">
<![CDATA[  [chromium] › subset\wondernails-ux-budget.e2e.ts:139:7 › Wondernails - UX Budget (Presupuesto de Clics) › controles de navegación deben ser accesibles con mínima interacción 

    TimeoutError: page.waitForSelector: Timeout 15000ms exceeded.
    Call log:
      - waiting for locator('[data-tenant-hero="wondernails"]') to be visible


      4 |   test.beforeEach(async ({ page }) => {
      5 |     await page.goto('/t/wondernails');
    > 6 |     await page.waitForSelector('[data-tenant-hero="wondernails"]');
        |                ^
      7 |   });
      8 |
      9 |   test('CTA primario debe ser visible sin hover (0 clics)', async ({ page }) => {
        at C:\Dev\Zo\sass-store\tests\e2e\subset\wondernails-ux-budget.e2e.ts:6:16

    attachment #1: screenshot (image/png) ──────────────────────────────────────────────────────────
    ..\..\test-results\subset-wondernails-ux-budg-ff761-bles-con-mínima-interacción-chromium\test-failed-1.png
    ────────────────────────────────────────────────────────────────────────────────────────────────

    attachment #2: video (video/webm) ──────────────────────────────────────────────────────────────
    ..\..\test-results\subset-wondernails-ux-budg-ff761-bles-con-mínima-interacción-chromium\video.webm
    ────────────────────────────────────────────────────────────────────────────────────────────────

    Error Context: ..\..\test-results\subset-wondernails-ux-budg-ff761-bles-con-mínima-interacción-chromium\error-context.md
]]>
</failure>
<system-out>
<![CDATA[
[[ATTACHMENT|subset-wondernails-ux-budg-ff761-bles-con-mínima-interacción-chromium\test-failed-1.png]]

[[ATTACHMENT|subset-wondernails-ux-budg-ff761-bles-con-mínima-interacción-chromium\video.webm]]

[[ATTACHMENT|subset-wondernails-ux-budg-ff761-bles-con-mínima-interacción-chromium\error-context.md]]
]]>
</system-out>
</testcase>
<testcase name="Wondernails - UX Budget (Presupuesto de Clics) › debe medir tiempo de respuesta de interacciones críticas" classname="subset\wondernails-ux-budget.e2e.ts" time="17.415">
<failure message="wondernails-ux-budget.e2e.ts:168:7 debe medir tiempo de respuesta de interacciones críticas" type="FAILURE">
<![CDATA[  [chromium] › subset\wondernails-ux-budget.e2e.ts:168:7 › Wondernails - UX Budget (Presupuesto de Clics) › debe medir tiempo de respuesta de interacciones críticas 

    TimeoutError: page.waitForSelector: Timeout 15000ms exceeded.
    Call log:
      - waiting for locator('[data-tenant-hero="wondernails"]') to be visible


      4 |   test.beforeEach(async ({ page }) => {
      5 |     await page.goto('/t/wondernails');
    > 6 |     await page.waitForSelector('[data-tenant-hero="wondernails"]');
        |                ^
      7 |   });
      8 |
      9 |   test('CTA primario debe ser visible sin hover (0 clics)', async ({ page }) => {
        at C:\Dev\Zo\sass-store\tests\e2e\subset\wondernails-ux-budget.e2e.ts:6:16

    attachment #1: screenshot (image/png) ──────────────────────────────────────────────────────────
    ..\..\test-results\subset-wondernails-ux-budg-aecc7-a-de-interacciones-críticas-chromium\test-failed-1.png
    ────────────────────────────────────────────────────────────────────────────────────────────────

    attachment #2: video (video/webm) ──────────────────────────────────────────────────────────────
    ..\..\test-results\subset-wondernails-ux-budg-aecc7-a-de-interacciones-críticas-chromium\video.webm
    ────────────────────────────────────────────────────────────────────────────────────────────────

    Error Context: ..\..\test-results\subset-wondernails-ux-budg-aecc7-a-de-interacciones-críticas-chromium\error-context.md
]]>
</failure>
<system-out>
<![CDATA[
[[ATTACHMENT|subset-wondernails-ux-budg-aecc7-a-de-interacciones-críticas-chromium\test-failed-1.png]]

[[ATTACHMENT|subset-wondernails-ux-budg-aecc7-a-de-interacciones-críticas-chromium\video.webm]]

[[ATTACHMENT|subset-wondernails-ux-budg-aecc7-a-de-interacciones-críticas-chromium\error-context.md]]
]]>
</system-out>
</testcase>
<testcase name="Wondernails - UX Budget (Presupuesto de Clics) › debe verificar accesibilidad de CTAs para usuarios con limitaciones motoras" classname="subset\wondernails-ux-budget.e2e.ts" time="17.715">
<failure message="wondernails-ux-budget.e2e.ts:202:7 debe verificar accesibilidad de CTAs para usuarios con limitaciones motoras" type="FAILURE">
<![CDATA[  [chromium] › subset\wondernails-ux-budget.e2e.ts:202:7 › Wondernails - UX Budget (Presupuesto de Clics) › debe verificar accesibilidad de CTAs para usuarios con limitaciones motoras 

    TimeoutError: page.waitForSelector: Timeout 15000ms exceeded.
    Call log:
      - waiting for locator('[data-tenant-hero="wondernails"]') to be visible


      4 |   test.beforeEach(async ({ page }) => {
      5 |     await page.goto('/t/wondernails');
    > 6 |     await page.waitForSelector('[data-tenant-hero="wondernails"]');
        |                ^
      7 |   });
      8 |
      9 |   test('CTA primario debe ser visible sin hover (0 clics)', async ({ page }) => {
        at C:\Dev\Zo\sass-store\tests\e2e\subset\wondernails-ux-budget.e2e.ts:6:16

    attachment #1: screenshot (image/png) ──────────────────────────────────────────────────────────
    ..\..\test-results\subset-wondernails-ux-budg-09347-os-con-limitaciones-motoras-chromium\test-failed-1.png
    ────────────────────────────────────────────────────────────────────────────────────────────────

    attachment #2: video (video/webm) ──────────────────────────────────────────────────────────────
    ..\..\test-results\subset-wondernails-ux-budg-09347-os-con-limitaciones-motoras-chromium\video.webm
    ────────────────────────────────────────────────────────────────────────────────────────────────

    Error Context: ..\..\test-results\subset-wondernails-ux-budg-09347-os-con-limitaciones-motoras-chromium\error-context.md
]]>
</failure>
<system-out>
<![CDATA[
[[ATTACHMENT|subset-wondernails-ux-budg-09347-os-con-limitaciones-motoras-chromium\test-failed-1.png]]

[[ATTACHMENT|subset-wondernails-ux-budg-09347-os-con-limitaciones-motoras-chromium\video.webm]]

[[ATTACHMENT|subset-wondernails-ux-budg-09347-os-con-limitaciones-motoras-chromium\error-context.md]]
]]>
</system-out>
</testcase>
</testsuite>
<testsuite name="tenant-security.spec.ts" timestamp="2025-10-29T19:08:05.826Z" hostname="chromium" tests="10" failures="8" skipped="0" time="32.826" errors="0">
<testcase name="Tenant Security &amp; Isolation › Tenant fallback - unknown subdomain should redirect to zo-system" classname="tenant-security.spec.ts" time="6.165">
<failure message="tenant-security.spec.ts:5:7 Tenant fallback - unknown subdomain should redirect to zo-system" type="FAILURE">
<![CDATA[  [chromium] › tenant-security.spec.ts:5:7 › Tenant Security & Isolation › Tenant fallback - unknown subdomain should redirect to zo-system 

    Error: expect(locator).toContainText(expected) failed

    Locator: locator('[data-testid="tenant-name"]')
    Expected substring: "Zo System"
    Timeout: 5000ms
    Error: element(s) not found

    Call log:
      - Expect "toContainText" with timeout 5000ms
      - waiting for locator('[data-testid="tenant-name"]')


      16 |
      17 |     // Should show zo-system tenant content
    > 18 |     await expect(page.locator('[data-testid="tenant-name"]')).toContainText('Zo System');
         |                                                               ^
      19 |
      20 |     // Should show fallback banner in dev/staging
      21 |     if (process.env.NODE_ENV !== 'production') {
        at C:\Dev\Zo\sass-store\tests\e2e\tenant-security.spec.ts:18:63

    attachment #1: screenshot (image/png) ──────────────────────────────────────────────────────────
    ..\..\test-results\tenant-security-Tenant-Sec-8bf6b-hould-redirect-to-zo-system-chromium\test-failed-1.png
    ────────────────────────────────────────────────────────────────────────────────────────────────

    attachment #2: video (video/webm) ──────────────────────────────────────────────────────────────
    ..\..\test-results\tenant-security-Tenant-Sec-8bf6b-hould-redirect-to-zo-system-chromium\video.webm
    ────────────────────────────────────────────────────────────────────────────────────────────────

    Error Context: ..\..\test-results\tenant-security-Tenant-Sec-8bf6b-hould-redirect-to-zo-system-chromium\error-context.md
]]>
</failure>
<system-out>
<![CDATA[
[[ATTACHMENT|tenant-security-Tenant-Sec-8bf6b-hould-redirect-to-zo-system-chromium\test-failed-1.png]]

[[ATTACHMENT|tenant-security-Tenant-Sec-8bf6b-hould-redirect-to-zo-system-chromium\video.webm]]

[[ATTACHMENT|tenant-security-Tenant-Sec-8bf6b-hould-redirect-to-zo-system-chromium\error-context.md]]
]]>
</system-out>
</testcase>
<testcase name="Tenant Security &amp; Isolation › Tenant path resolution - /t/{tenant} should work" classname="tenant-security.spec.ts" time="6.067">
<failure message="tenant-security.spec.ts:26:7 Tenant path resolution - /t/{tenant} should work" type="FAILURE">
<![CDATA[  [chromium] › tenant-security.spec.ts:26:7 › Tenant Security & Isolation › Tenant path resolution - /t/{tenant} should work 

    Error: expect(locator).toContainText(expected) failed

    Locator: locator('[data-testid="tenant-name"]')
    Expected substring: "Wonder Nails"
    Timeout: 5000ms
    Error: element(s) not found

    Call log:
      - Expect "toContainText" with timeout 5000ms
      - waiting for locator('[data-testid="tenant-name"]')


      29 |
      30 |     // Should show wondernails tenant content
    > 31 |     await expect(page.locator('[data-testid="tenant-name"]')).toContainText('Wonder Nails');
         |                                                               ^
      32 |
      33 |     // Products should be visible
      34 |     await expect(page.locator('[data-testid="product-grid"]')).toBeVisible();
        at C:\Dev\Zo\sass-store\tests\e2e\tenant-security.spec.ts:31:63

    attachment #1: screenshot (image/png) ──────────────────────────────────────────────────────────
    ..\..\test-results\tenant-security-Tenant-Sec-abcfd-tion---t-tenant-should-work-chromium\test-failed-1.png
    ────────────────────────────────────────────────────────────────────────────────────────────────

    attachment #2: video (video/webm) ──────────────────────────────────────────────────────────────
    ..\..\test-results\tenant-security-Tenant-Sec-abcfd-tion---t-tenant-should-work-chromium\video.webm
    ────────────────────────────────────────────────────────────────────────────────────────────────

    Error Context: ..\..\test-results\tenant-security-Tenant-Sec-abcfd-tion---t-tenant-should-work-chromium\error-context.md
]]>
</failure>
<system-out>
<![CDATA[
[[ATTACHMENT|tenant-security-Tenant-Sec-abcfd-tion---t-tenant-should-work-chromium\test-failed-1.png]]

[[ATTACHMENT|tenant-security-Tenant-Sec-abcfd-tion---t-tenant-should-work-chromium\video.webm]]

[[ATTACHMENT|tenant-security-Tenant-Sec-abcfd-tion---t-tenant-should-work-chromium\error-context.md]]
]]>
</system-out>
</testcase>
<testcase name="Tenant Security &amp; Isolation › Cross-tenant data isolation - API level" classname="tenant-security.spec.ts" time="0.079">
<failure message="tenant-security.spec.ts:37:7 Cross-tenant data isolation - API level" type="FAILURE">
<![CDATA[  [chromium] › tenant-security.spec.ts:37:7 › Tenant Security & Isolation › Cross-tenant data isolation - API level 

    Error: expect(received).toBeTruthy()

    Received: false

      40 |       headers: { 'X-Tenant': 'wondernails' }
      41 |     });
    > 42 |     expect(response1.ok()).toBeTruthy();
         |                            ^
      43 |     const wondernailsProducts = await response1.json();
      44 |
      45 |     const response2 = await request.get('/api/v1/products', {
        at C:\Dev\Zo\sass-store\tests\e2e\tenant-security.spec.ts:42:28
]]>
</failure>
</testcase>
<testcase name="Tenant Security &amp; Isolation › RLS enforcement - database level" classname="tenant-security.spec.ts" time="0.061">
</testcase>
<testcase name="Tenant Security &amp; Isolation › Rate limiting - per tenant enforcement" classname="tenant-security.spec.ts" time="0.14">
<failure message="tenant-security.spec.ts:105:7 Rate limiting - per tenant enforcement" type="FAILURE">
<![CDATA[  [chromium] › tenant-security.spec.ts:105:7 › Tenant Security & Isolation › Rate limiting - per tenant enforcement 

    Error: expect(received).toBeTruthy()

    Received: false

      122 |     // At minimum, all requests should return valid HTTP status codes
      123 |     responses.forEach(response => {
    > 124 |       expect([200, 429, 404].includes(response.status())).toBeTruthy();
          |                                                           ^
      125 |     });
      126 |   });
      127 |
        at forEach (C:\Dev\Zo\sass-store\tests\e2e\tenant-security.spec.ts:124:59)
        at C:\Dev\Zo\sass-store\tests\e2e\tenant-security.spec.ts:123:15
]]>
</failure>
</testcase>
<testcase name="Tenant Security &amp; Isolation › Tenant branding - should apply correct theme" classname="tenant-security.spec.ts" time="0.794">
<failure message="tenant-security.spec.ts:128:7 Tenant branding - should apply correct theme" type="FAILURE">
<![CDATA[  [chromium] › tenant-security.spec.ts:128:7 › Tenant Security & Isolation › Tenant branding - should apply correct theme 

    Error: expect(received).toContain(expected) // indexOf

    Expected substring: "#EC4899"
    Received string:    ""

      136 |
      137 |     // Should have pink color for wondernails
    > 138 |     expect(primaryColor.trim()).toContain('#EC4899');
          |                                 ^
      139 |
      140 |     // Test vigistudio tenant
      141 |     await page.goto('/t/vigistudio');
        at C:\Dev\Zo\sass-store\tests\e2e\tenant-security.spec.ts:138:33

    attachment #1: screenshot (image/png) ──────────────────────────────────────────────────────────
    ..\..\test-results\tenant-security-Tenant-Sec-aad3d--should-apply-correct-theme-chromium\test-failed-1.png
    ────────────────────────────────────────────────────────────────────────────────────────────────

    attachment #2: video (video/webm) ──────────────────────────────────────────────────────────────
    ..\..\test-results\tenant-security-Tenant-Sec-aad3d--should-apply-correct-theme-chromium\video.webm
    ────────────────────────────────────────────────────────────────────────────────────────────────

    Error Context: ..\..\test-results\tenant-security-Tenant-Sec-aad3d--should-apply-correct-theme-chromium\error-context.md
]]>
</failure>
<system-out>
<![CDATA[
[[ATTACHMENT|tenant-security-Tenant-Sec-aad3d--should-apply-correct-theme-chromium\test-failed-1.png]]

[[ATTACHMENT|tenant-security-Tenant-Sec-aad3d--should-apply-correct-theme-chromium\video.webm]]

[[ATTACHMENT|tenant-security-Tenant-Sec-aad3d--should-apply-correct-theme-chromium\error-context.md]]
]]>
</system-out>
</testcase>
<testcase name="Tenant Security &amp; Isolation › Tenant-specific content - services vs products" classname="tenant-security.spec.ts" time="6.119">
<failure message="tenant-security.spec.ts:154:7 Tenant-specific content - services vs products" type="FAILURE">
<![CDATA[  [chromium] › tenant-security.spec.ts:154:7 › Tenant Security & Isolation › Tenant-specific content - services vs products 

    Error: expect(locator).toBeVisible() failed

    Locator: locator('[data-testid="booking-cta"]')
    Expected: visible
    Timeout: 5000ms
    Error: element(s) not found

    Call log:
      - Expect "toBeVisible" with timeout 5000ms
      - waiting for locator('[data-testid="booking-cta"]')


      157 |
      158 |     // Should show booking option for booking-enabled tenant
    > 159 |     await expect(page.locator('[data-testid="booking-cta"]')).toBeVisible();
          |                                                               ^
      160 |
      161 |     // Test catalog tenant (vainilla-vargas)
      162 |     await page.goto('/t/vainilla-vargas');
        at C:\Dev\Zo\sass-store\tests\e2e\tenant-security.spec.ts:159:63

    attachment #1: screenshot (image/png) ──────────────────────────────────────────────────────────
    ..\..\test-results\tenant-security-Tenant-Sec-f4c95-tent---services-vs-products-chromium\test-failed-1.png
    ────────────────────────────────────────────────────────────────────────────────────────────────

    attachment #2: video (video/webm) ──────────────────────────────────────────────────────────────
    ..\..\test-results\tenant-security-Tenant-Sec-f4c95-tent---services-vs-products-chromium\video.webm
    ────────────────────────────────────────────────────────────────────────────────────────────────

    Error Context: ..\..\test-results\tenant-security-Tenant-Sec-f4c95-tent---services-vs-products-chromium\error-context.md
]]>
</failure>
<system-out>
<![CDATA[
[[ATTACHMENT|tenant-security-Tenant-Sec-f4c95-tent---services-vs-products-chromium\test-failed-1.png]]

[[ATTACHMENT|tenant-security-Tenant-Sec-f4c95-tent---services-vs-products-chromium\video.webm]]

[[ATTACHMENT|tenant-security-Tenant-Sec-f4c95-tent---services-vs-products-chromium\error-context.md]]
]]>
</system-out>
</testcase>
<testcase name="Tenant Security &amp; Isolation › Contact information - per tenant" classname="tenant-security.spec.ts" time="6.26">
<failure message="tenant-security.spec.ts:172:7 Contact information - per tenant" type="FAILURE">
<![CDATA[  [chromium] › tenant-security.spec.ts:172:7 › Tenant Security & Isolation › Contact information - per tenant 

    Error: expect(locator).toContainText(expected) failed

    Locator: locator('[data-testid="tenant-phone"]')
    Expected substring: "+1-555-0201"
    Timeout: 5000ms
    Error: element(s) not found

    Call log:
      - Expect "toContainText" with timeout 5000ms
      - waiting for locator('[data-testid="tenant-phone"]')


      174 |     await page.goto('/t/wondernails/contact');
      175 |
    > 176 |     await expect(page.locator('[data-testid="tenant-phone"]')).toContainText('+1-555-0201');
          |                                                                ^
      177 |     await expect(page.locator('[data-testid="tenant-address"]')).toContainText('Los Angeles');
      178 |
      179 |     // Test vigistudio contact info
        at C:\Dev\Zo\sass-store\tests\e2e\tenant-security.spec.ts:176:64

    attachment #1: screenshot (image/png) ──────────────────────────────────────────────────────────
    ..\..\test-results\tenant-security-Tenant-Sec-06830-ct-information---per-tenant-chromium\test-failed-1.png
    ────────────────────────────────────────────────────────────────────────────────────────────────

    attachment #2: video (video/webm) ──────────────────────────────────────────────────────────────
    ..\..\test-results\tenant-security-Tenant-Sec-06830-ct-information---per-tenant-chromium\video.webm
    ────────────────────────────────────────────────────────────────────────────────────────────────

    Error Context: ..\..\test-results\tenant-security-Tenant-Sec-06830-ct-information---per-tenant-chromium\error-context.md
]]>
</failure>
<system-out>
<![CDATA[
[[ATTACHMENT|tenant-security-Tenant-Sec-06830-ct-information---per-tenant-chromium\test-failed-1.png]]

[[ATTACHMENT|tenant-security-Tenant-Sec-06830-ct-information---per-tenant-chromium\video.webm]]

[[ATTACHMENT|tenant-security-Tenant-Sec-06830-ct-information---per-tenant-chromium\error-context.md]]
]]>
</system-out>
</testcase>
<testcase name="Tenant Security &amp; Isolation › URL security - no tenant leakage in URLs" classname="tenant-security.spec.ts" time="6.256">
<failure message="tenant-security.spec.ts:186:7 URL security - no tenant leakage in URLs" type="FAILURE">
<![CDATA[  [chromium] › tenant-security.spec.ts:186:7 › Tenant Security & Isolation › URL security - no tenant leakage in URLs 

    Error: expect(locator).toContainText(expected) failed

    Locator: locator('[data-testid="tenant-name"]')
    Expected substring: "Vigi Studio"
    Timeout: 5000ms
    Error: element(s) not found

    Call log:
      - Expect "toContainText" with timeout 5000ms
      - waiting for locator('[data-testid="tenant-name"]')


      196 |
      197 |     // Check that tenant context is properly isolated
    > 198 |     await expect(page.locator('[data-testid="tenant-name"]')).toContainText('Vigi Studio');
          |                                                               ^
      199 |   });
      200 |
      201 |   test('Session isolation - tenant switching', async ({ page }) => {
        at C:\Dev\Zo\sass-store\tests\e2e\tenant-security.spec.ts:198:63

    attachment #1: screenshot (image/png) ──────────────────────────────────────────────────────────
    ..\..\test-results\tenant-security-Tenant-Sec-28357---no-tenant-leakage-in-URLs-chromium\test-failed-1.png
    ────────────────────────────────────────────────────────────────────────────────────────────────

    attachment #2: video (video/webm) ──────────────────────────────────────────────────────────────
    ..\..\test-results\tenant-security-Tenant-Sec-28357---no-tenant-leakage-in-URLs-chromium\video.webm
    ────────────────────────────────────────────────────────────────────────────────────────────────

    Error Context: ..\..\test-results\tenant-security-Tenant-Sec-28357---no-tenant-leakage-in-URLs-chromium\error-context.md
]]>
</failure>
<system-out>
<![CDATA[
[[ATTACHMENT|tenant-security-Tenant-Sec-28357---no-tenant-leakage-in-URLs-chromium\test-failed-1.png]]

[[ATTACHMENT|tenant-security-Tenant-Sec-28357---no-tenant-leakage-in-URLs-chromium\video.webm]]

[[ATTACHMENT|tenant-security-Tenant-Sec-28357---no-tenant-leakage-in-URLs-chromium\error-context.md]]
]]>
</system-out>
</testcase>
<testcase name="Tenant Security &amp; Isolation › Session isolation - tenant switching" classname="tenant-security.spec.ts" time="0.885">
</testcase>
</testsuite>
<testsuite name="usability\system-usability-corrected.spec.ts" timestamp="2025-10-29T19:08:05.826Z" hostname="chromium" tests="6" failures="3" skipped="0" time="22.407" errors="0">
<testcase name="System Usability (CORRECTED) › should provide clear user feedback and instructions" classname="usability\system-usability-corrected.spec.ts" time="1.252">
<failure message="system-usability-corrected.spec.ts:11:7 should provide clear user feedback and instructions" type="FAILURE">
<![CDATA[  [chromium] › usability\system-usability-corrected.spec.ts:11:7 › System Usability (CORRECTED) › should provide clear user feedback and instructions 

    Error: expect(received).toBeGreaterThan(expected)

    Expected: > 0
    Received:   0

      24 |       const headings = page.locator('h1, h2, h3, h4, h5, h6');
      25 |       const headingCount = await headings.count();
    > 26 |       expect(headingCount).toBeGreaterThan(0);
         |                            ^
      27 |
      28 |       // Check for descriptive link text
      29 |       const links = page.locator('a');
        at C:\Dev\Zo\sass-store\tests\e2e\usability\system-usability-corrected.spec.ts:26:28

    attachment #1: screenshot (image/png) ──────────────────────────────────────────────────────────
    ..\..\test-results\usability-system-usability-ebfe8-r-feedback-and-instructions-chromium\test-failed-1.png
    ────────────────────────────────────────────────────────────────────────────────────────────────

    attachment #2: video (video/webm) ──────────────────────────────────────────────────────────────
    ..\..\test-results\usability-system-usability-ebfe8-r-feedback-and-instructions-chromium\video.webm
    ────────────────────────────────────────────────────────────────────────────────────────────────

    Error Context: ..\..\test-results\usability-system-usability-ebfe8-r-feedback-and-instructions-chromium\error-context.md
]]>
</failure>
<system-out>
<![CDATA[
[[ATTACHMENT|usability-system-usability-ebfe8-r-feedback-and-instructions-chromium\test-failed-1.png]]

[[ATTACHMENT|usability-system-usability-ebfe8-r-feedback-and-instructions-chromium\video.webm]]

[[ATTACHMENT|usability-system-usability-ebfe8-r-feedback-and-instructions-chromium\error-context.md]]
]]>
</system-out>
</testcase>
<testcase name="System Usability (CORRECTED) › should be accessible with keyboard navigation" classname="usability\system-usability-corrected.spec.ts" time="1.551">
<failure message="system-usability-corrected.spec.ts:68:7 should be accessible with keyboard navigation" type="FAILURE">
<![CDATA[  [chromium] › usability\system-usability-corrected.spec.ts:68:7 › System Usability (CORRECTED) › should be accessible with keyboard navigation 

    Error: expect(received).toBe(expected) // Object.is equality

    Expected: 1
    Received: 2

      80 |       await page.keyboard.press('Tab');
      81 |       let focused = page.locator(':focus');
    > 82 |       expect(await focused.count()).toBe(1);
         |                                     ^
      83 |
      84 |       // Test that focus is visible
      85 |       const focusedElement = focused.first();
        at C:\Dev\Zo\sass-store\tests\e2e\usability\system-usability-corrected.spec.ts:82:37

    attachment #1: screenshot (image/png) ──────────────────────────────────────────────────────────
    ..\..\test-results\usability-system-usability-43d07-le-with-keyboard-navigation-chromium\test-failed-1.png
    ────────────────────────────────────────────────────────────────────────────────────────────────

    attachment #2: video (video/webm) ──────────────────────────────────────────────────────────────
    ..\..\test-results\usability-system-usability-43d07-le-with-keyboard-navigation-chromium\video.webm
    ────────────────────────────────────────────────────────────────────────────────────────────────

    Error Context: ..\..\test-results\usability-system-usability-43d07-le-with-keyboard-navigation-chromium\error-context.md
]]>
</failure>
<system-out>
<![CDATA[
[[ATTACHMENT|usability-system-usability-43d07-le-with-keyboard-navigation-chromium\test-failed-1.png]]

[[ATTACHMENT|usability-system-usability-43d07-le-with-keyboard-navigation-chromium\video.webm]]

[[ATTACHMENT|usability-system-usability-43d07-le-with-keyboard-navigation-chromium\error-context.md]]
]]>
</system-out>
</testcase>
<testcase name="System Usability (CORRECTED) › should provide helpful error messages" classname="usability\system-usability-corrected.spec.ts" time="5.105">
<system-out>
<![CDATA[✅ wondernails: Helpful error messages provided
✅ nom-nom: Helpful error messages provided
]]>
</system-out>
</testcase>
<testcase name="System Usability (CORRECTED) › should maintain consistent UI patterns" classname="usability\system-usability-corrected.spec.ts" time="2.693">
<failure message="system-usability-corrected.spec.ts:159:7 should maintain consistent UI patterns" type="FAILURE">
<![CDATA[  [chromium] › usability\system-usability-corrected.spec.ts:159:7 › System Usability (CORRECTED) › should maintain consistent UI patterns 

    Error: expect(received).not.toBe(expected) // Object.is equality

    Expected: not "0px"

      184 |         
      185 |         // All buttons should have some padding and border radius
    > 186 |         expect(computedStyle.padding).not.toBe('0px');
          |                                           ^
      187 |       }
      188 |
      189 |       // Check for consistent typography
        at C:\Dev\Zo\sass-store\tests\e2e\usability\system-usability-corrected.spec.ts:186:43

    attachment #1: screenshot (image/png) ──────────────────────────────────────────────────────────
    ..\..\test-results\usability-system-usability-faa41-tain-consistent-UI-patterns-chromium\test-failed-1.png
    ────────────────────────────────────────────────────────────────────────────────────────────────

    attachment #2: video (video/webm) ──────────────────────────────────────────────────────────────
    ..\..\test-results\usability-system-usability-faa41-tain-consistent-UI-patterns-chromium\video.webm
    ────────────────────────────────────────────────────────────────────────────────────────────────

    Error Context: ..\..\test-results\usability-system-usability-faa41-tain-consistent-UI-patterns-chromium\error-context.md
]]>
</failure>
<system-out>
<![CDATA[
[[ATTACHMENT|usability-system-usability-faa41-tain-consistent-UI-patterns-chromium\test-failed-1.png]]

[[ATTACHMENT|usability-system-usability-faa41-tain-consistent-UI-patterns-chromium\video.webm]]

[[ATTACHMENT|usability-system-usability-faa41-tain-consistent-UI-patterns-chromium\error-context.md]]
]]>
</system-out>
</testcase>
<testcase name="System Usability (CORRECTED) › should provide clear navigation paths" classname="usability\system-usability-corrected.spec.ts" time="3.436">
</testcase>
<testcase name="System Usability (CORRECTED) › should be usable on different screen sizes" classname="usability\system-usability-corrected.spec.ts" time="8.37">
<system-out>
<![CDATA[✅ wondernails: Usable on mobile screen size
✅ wondernails: Usable on tablet screen size
✅ wondernails: Usable on desktop screen size
✅ nom-nom: Usable on mobile screen size
✅ nom-nom: Usable on tablet screen size
✅ nom-nom: Usable on desktop screen size
]]>
</system-out>
</testcase>
</testsuite>
<testsuite name="ux\click-budget.spec.ts" timestamp="2025-10-29T19:08:05.826Z" hostname="chromium" tests="8" failures="2" skipped="0" time="22.035" errors="0">
<testcase name="Click Budget Tests - UX Optimization › Purchase Flow - should complete in ≤3 clicks" classname="ux\click-budget.spec.ts" time="4.452">
</testcase>
<testcase name="Click Budget Tests - UX Optimization › Booking Flow - should complete in ≤2 clicks" classname="ux\click-budget.spec.ts" time="4.185">
</testcase>
<testcase name="Click Budget Tests - UX Optimization › Reorder Flow - should complete in ≤1 click" classname="ux\click-budget.spec.ts" time="2.035">
</testcase>
<testcase name="Click Budget Tests - UX Optimization › Mobile Touch Targets - should meet 44px minimum" classname="ux\click-budget.spec.ts" time="2.223">
<failure message="click-budget.spec.ts:112:7 Mobile Touch Targets - should meet 44px minimum" type="FAILURE">
<![CDATA[  [chromium] › ux\click-budget.spec.ts:112:7 › Click Budget Tests - UX Optimization › Mobile Touch Targets - should meet 44px minimum 

    Error: expect(received).toBeGreaterThanOrEqual(expected)

    Expected: >= 44
    Received:    24

      129 |           const boundingBox = await button.boundingBox();
      130 |           if (boundingBox) {
    > 131 |             expect(boundingBox.width).toBeGreaterThanOrEqual(44);
          |                                       ^
      132 |             expect(boundingBox.height).toBeGreaterThanOrEqual(44);
      133 |           }
      134 |         }
        at C:\Dev\Zo\sass-store\tests\e2e\ux\click-budget.spec.ts:131:39

    attachment #1: screenshot (image/png) ──────────────────────────────────────────────────────────
    ..\..\test-results\ux-click-budget-Click-Budg-0cc04----should-meet-44px-minimum-chromium\test-failed-1.png
    ────────────────────────────────────────────────────────────────────────────────────────────────

    attachment #2: video (video/webm) ──────────────────────────────────────────────────────────────
    ..\..\test-results\ux-click-budget-Click-Budg-0cc04----should-meet-44px-minimum-chromium\video.webm
    ────────────────────────────────────────────────────────────────────────────────────────────────

    Error Context: ..\..\test-results\ux-click-budget-Click-Budg-0cc04----should-meet-44px-minimum-chromium\error-context.md
]]>
</failure>
<system-out>
<![CDATA[
[[ATTACHMENT|ux-click-budget-Click-Budg-0cc04----should-meet-44px-minimum-chromium\test-failed-1.png]]

[[ATTACHMENT|ux-click-budget-Click-Budg-0cc04----should-meet-44px-minimum-chromium\video.webm]]

[[ATTACHMENT|ux-click-budget-Click-Budg-0cc04----should-meet-44px-minimum-chromium\error-context.md]]
]]>
</system-out>
</testcase>
<testcase name="Click Budget Tests - UX Optimization › Command Palette - should open with Cmd+K" classname="ux\click-budget.spec.ts" time="1.938">
</testcase>
<testcase name="Click Budget Tests - UX Optimization › Quick Actions Dock - should show role-appropriate actions" classname="ux\click-budget.spec.ts" time="3.502">
</testcase>
<testcase name="Click Budget Tests - UX Optimization › Keyboard Navigation - should support full keyboard accessibility" classname="ux\click-budget.spec.ts" time="2.187">
<failure message="click-budget.spec.ts:179:7 Keyboard Navigation - should support full keyboard accessibility" type="FAILURE">
<![CDATA[  [chromium] › ux\click-budget.spec.ts:179:7 › Click Budget Tests - UX Optimization › Keyboard Navigation - should support full keyboard accessibility 

    Error: expect(received).toBeGreaterThan(expected)

    Expected: > 0
    Received:   0

      212 |     }
      213 |
    > 214 |     expect(focusableElements).toBeGreaterThan(0);
          |                               ^
      215 |   });
      216 |
      217 |   test('Admin Actions - should complete in ≤2 clicks', async ({ page }) => {
        at C:\Dev\Zo\sass-store\tests\e2e\ux\click-budget.spec.ts:214:31

    attachment #1: screenshot (image/png) ──────────────────────────────────────────────────────────
    ..\..\test-results\ux-click-budget-Click-Budg-891fe-full-keyboard-accessibility-chromium\test-failed-1.png
    ────────────────────────────────────────────────────────────────────────────────────────────────

    attachment #2: video (video/webm) ──────────────────────────────────────────────────────────────
    ..\..\test-results\ux-click-budget-Click-Budg-891fe-full-keyboard-accessibility-chromium\video.webm
    ────────────────────────────────────────────────────────────────────────────────────────────────

    Error Context: ..\..\test-results\ux-click-budget-Click-Budg-891fe-full-keyboard-accessibility-chromium\error-context.md
]]>
</failure>
<system-out>
<![CDATA[
[[ATTACHMENT|ux-click-budget-Click-Budg-891fe-full-keyboard-accessibility-chromium\test-failed-1.png]]

[[ATTACHMENT|ux-click-budget-Click-Budg-891fe-full-keyboard-accessibility-chromium\video.webm]]

[[ATTACHMENT|ux-click-budget-Click-Budg-891fe-full-keyboard-accessibility-chromium\error-context.md]]
]]>
</system-out>
</testcase>
<testcase name="Click Budget Tests - UX Optimization › Admin Actions - should complete in ≤2 clicks" classname="ux\click-budget.spec.ts" time="1.513">
</testcase>
</testsuite>
<testsuite name="accessibility\a11y-compliance.spec.ts" timestamp="2025-10-29T19:08:05.826Z" hostname="firefox" tests="8" failures="8" skipped="0" time="0.075" errors="0">
<testcase name="Accessibility (A11y) Compliance Tests › Color contrast should meet WCAG AA requirements" classname="accessibility\a11y-compliance.spec.ts" time="0.013">
<failure message="a11y-compliance.spec.ts:6:7 Color contrast should meet WCAG AA requirements" type="FAILURE">
<![CDATA[  [firefox] › accessibility\a11y-compliance.spec.ts:6:7 › Accessibility (A11y) Compliance Tests › Color contrast should meet WCAG AA requirements 

    Error: browserType.launch: Executable doesn't exist at C:\Users\JAGZA\AppData\Local\ms-playwright\firefox-1495\firefox\firefox.exe
    ╔═════════════════════════════════════════════════════════════════════════╗
    ║ Looks like Playwright Test or Playwright was just installed or updated. ║
    ║ Please run the following command to download new browsers:              ║
    ║                                                                         ║
    ║     npx playwright install                                              ║
    ║                                                                         ║
    ║ <3 Playwright Team                                                      ║
    ╚═════════════════════════════════════════════════════════════════════════╝
]]>
</failure>
</testcase>
<testcase name="Accessibility (A11y) Compliance Tests › Keyboard navigation should work throughout the app" classname="accessibility\a11y-compliance.spec.ts" time="0.013">
<failure message="a11y-compliance.spec.ts:67:7 Keyboard navigation should work throughout the app" type="FAILURE">
<![CDATA[  [firefox] › accessibility\a11y-compliance.spec.ts:67:7 › Accessibility (A11y) Compliance Tests › Keyboard navigation should work throughout the app 

    Error: browserType.launch: Executable doesn't exist at C:\Users\JAGZA\AppData\Local\ms-playwright\firefox-1495\firefox\firefox.exe
    ╔═════════════════════════════════════════════════════════════════════════╗
    ║ Looks like Playwright Test or Playwright was just installed or updated. ║
    ║ Please run the following command to download new browsers:              ║
    ║                                                                         ║
    ║     npx playwright install                                              ║
    ║                                                                         ║
    ║ <3 Playwright Team                                                      ║
    ╚═════════════════════════════════════════════════════════════════════════╝
]]>
</failure>
</testcase>
<testcase name="Accessibility (A11y) Compliance Tests › ARIA attributes should be properly implemented" classname="accessibility\a11y-compliance.spec.ts" time="0.01">
<failure message="a11y-compliance.spec.ts:117:7 ARIA attributes should be properly implemented" type="FAILURE">
<![CDATA[  [firefox] › accessibility\a11y-compliance.spec.ts:117:7 › Accessibility (A11y) Compliance Tests › ARIA attributes should be properly implemented 

    Error: browserType.launch: Executable doesn't exist at C:\Users\JAGZA\AppData\Local\ms-playwright\firefox-1495\firefox\firefox.exe
    ╔═════════════════════════════════════════════════════════════════════════╗
    ║ Looks like Playwright Test or Playwright was just installed or updated. ║
    ║ Please run the following command to download new browsers:              ║
    ║                                                                         ║
    ║     npx playwright install                                              ║
    ║                                                                         ║
    ║ <3 Playwright Team                                                      ║
    ╚═════════════════════════════════════════════════════════════════════════╝
]]>
</failure>
</testcase>
<testcase name="Accessibility (A11y) Compliance Tests › Images should have appropriate alt text" classname="accessibility\a11y-compliance.spec.ts" time="0.009">
<failure message="a11y-compliance.spec.ts:194:7 Images should have appropriate alt text" type="FAILURE">
<![CDATA[  [firefox] › accessibility\a11y-compliance.spec.ts:194:7 › Accessibility (A11y) Compliance Tests › Images should have appropriate alt text 

    Error: browserType.launch: Executable doesn't exist at C:\Users\JAGZA\AppData\Local\ms-playwright\firefox-1495\firefox\firefox.exe
    ╔═════════════════════════════════════════════════════════════════════════╗
    ║ Looks like Playwright Test or Playwright was just installed or updated. ║
    ║ Please run the following command to download new browsers:              ║
    ║                                                                         ║
    ║     npx playwright install                                              ║
    ║                                                                         ║
    ║ <3 Playwright Team                                                      ║
    ╚═════════════════════════════════════════════════════════════════════════╝
]]>
</failure>
</testcase>
<testcase name="Accessibility (A11y) Compliance Tests › Focus management should work correctly" classname="accessibility\a11y-compliance.spec.ts" time="0.007">
<failure message="a11y-compliance.spec.ts:233:7 Focus management should work correctly" type="FAILURE">
<![CDATA[  [firefox] › accessibility\a11y-compliance.spec.ts:233:7 › Accessibility (A11y) Compliance Tests › Focus management should work correctly 

    Error: browserType.launch: Executable doesn't exist at C:\Users\JAGZA\AppData\Local\ms-playwright\firefox-1495\firefox\firefox.exe
    ╔═════════════════════════════════════════════════════════════════════════╗
    ║ Looks like Playwright Test or Playwright was just installed or updated. ║
    ║ Please run the following command to download new browsers:              ║
    ║                                                                         ║
    ║     npx playwright install                                              ║
    ║                                                                         ║
    ║ <3 Playwright Team                                                      ║
    ╚═════════════════════════════════════════════════════════════════════════╝
]]>
</failure>
</testcase>
<testcase name="Accessibility (A11y) Compliance Tests › Screen reader announcements should be present" classname="accessibility\a11y-compliance.spec.ts" time="0.009">
<failure message="a11y-compliance.spec.ts:304:7 Screen reader announcements should be present" type="FAILURE">
<![CDATA[  [firefox] › accessibility\a11y-compliance.spec.ts:304:7 › Accessibility (A11y) Compliance Tests › Screen reader announcements should be present 

    Error: browserType.launch: Executable doesn't exist at C:\Users\JAGZA\AppData\Local\ms-playwright\firefox-1495\firefox\firefox.exe
    ╔═════════════════════════════════════════════════════════════════════════╗
    ║ Looks like Playwright Test or Playwright was just installed or updated. ║
    ║ Please run the following command to download new browsers:              ║
    ║                                                                         ║
    ║     npx playwright install                                              ║
    ║                                                                         ║
    ║ <3 Playwright Team                                                      ║
    ╚═════════════════════════════════════════════════════════════════════════╝
]]>
</failure>
</testcase>
<testcase name="Accessibility (A11y) Compliance Tests › Skip links should be present" classname="accessibility\a11y-compliance.spec.ts" time="0.005">
<failure message="a11y-compliance.spec.ts:357:7 Skip links should be present" type="FAILURE">
<![CDATA[  [firefox] › accessibility\a11y-compliance.spec.ts:357:7 › Accessibility (A11y) Compliance Tests › Skip links should be present 

    Error: browserType.launch: Executable doesn't exist at C:\Users\JAGZA\AppData\Local\ms-playwright\firefox-1495\firefox\firefox.exe
    ╔═════════════════════════════════════════════════════════════════════════╗
    ║ Looks like Playwright Test or Playwright was just installed or updated. ║
    ║ Please run the following command to download new browsers:              ║
    ║                                                                         ║
    ║     npx playwright install                                              ║
    ║                                                                         ║
    ║ <3 Playwright Team                                                      ║
    ╚═════════════════════════════════════════════════════════════════════════╝
]]>
</failure>
</testcase>
<testcase name="Accessibility (A11y) Compliance Tests › Error messages should be accessible" classname="accessibility\a11y-compliance.spec.ts" time="0.009">
<failure message="a11y-compliance.spec.ts:396:7 Error messages should be accessible" type="FAILURE">
<![CDATA[  [firefox] › accessibility\a11y-compliance.spec.ts:396:7 › Accessibility (A11y) Compliance Tests › Error messages should be accessible 

    Error: browserType.launch: Executable doesn't exist at C:\Users\JAGZA\AppData\Local\ms-playwright\firefox-1495\firefox\firefox.exe
    ╔═════════════════════════════════════════════════════════════════════════╗
    ║ Looks like Playwright Test or Playwright was just installed or updated. ║
    ║ Please run the following command to download new browsers:              ║
    ║                                                                         ║
    ║     npx playwright install                                              ║
    ║                                                                         ║
    ║ <3 Playwright Team                                                      ║
    ╚═════════════════════════════════════════════════════════════════════════╝
]]>
</failure>
</testcase>
</testsuite>
<testsuite name="accessibility\keyboard-only-flows.spec.ts" timestamp="2025-10-29T19:08:05.826Z" hostname="firefox" tests="9" failures="9" skipped="0" time="0.065" errors="0">
<testcase name="Keyboard-Only Purchase Flow › should complete entire purchase using only keyboard navigation" classname="accessibility\keyboard-only-flows.spec.ts" time="0.006">
<failure message="keyboard-only-flows.spec.ts:10:7 should complete entire purchase using only keyboard navigation" type="FAILURE">
<![CDATA[  [firefox] › accessibility\keyboard-only-flows.spec.ts:10:7 › Keyboard-Only Purchase Flow › should complete entire purchase using only keyboard navigation 

    Error: browserType.launch: Executable doesn't exist at C:\Users\JAGZA\AppData\Local\ms-playwright\firefox-1495\firefox\firefox.exe
    ╔═════════════════════════════════════════════════════════════════════════╗
    ║ Looks like Playwright Test or Playwright was just installed or updated. ║
    ║ Please run the following command to download new browsers:              ║
    ║                                                                         ║
    ║     npx playwright install                                              ║
    ║                                                                         ║
    ║ <3 Playwright Team                                                      ║
    ╚═════════════════════════════════════════════════════════════════════════╝
]]>
</failure>
</testcase>
<testcase name="Keyboard-Only Purchase Flow › should support keyboard navigation in product filters" classname="accessibility\keyboard-only-flows.spec.ts" time="0.008">
<failure message="keyboard-only-flows.spec.ts:74:7 should support keyboard navigation in product filters" type="FAILURE">
<![CDATA[  [firefox] › accessibility\keyboard-only-flows.spec.ts:74:7 › Keyboard-Only Purchase Flow › should support keyboard navigation in product filters 

    Error: browserType.launch: Executable doesn't exist at C:\Users\JAGZA\AppData\Local\ms-playwright\firefox-1495\firefox\firefox.exe
    ╔═════════════════════════════════════════════════════════════════════════╗
    ║ Looks like Playwright Test or Playwright was just installed or updated. ║
    ║ Please run the following command to download new browsers:              ║
    ║                                                                         ║
    ║     npx playwright install                                              ║
    ║                                                                         ║
    ║ <3 Playwright Team                                                      ║
    ╚═════════════════════════════════════════════════════════════════════════╝
]]>
</failure>
</testcase>
<testcase name="Keyboard-Only Purchase Flow › should navigate product carousel with keyboard" classname="accessibility\keyboard-only-flows.spec.ts" time="0.006">
<failure message="keyboard-only-flows.spec.ts:105:7 should navigate product carousel with keyboard" type="FAILURE">
<![CDATA[  [firefox] › accessibility\keyboard-only-flows.spec.ts:105:7 › Keyboard-Only Purchase Flow › should navigate product carousel with keyboard 

    Error: browserType.launch: Executable doesn't exist at C:\Users\JAGZA\AppData\Local\ms-playwright\firefox-1495\firefox\firefox.exe
    ╔═════════════════════════════════════════════════════════════════════════╗
    ║ Looks like Playwright Test or Playwright was just installed or updated. ║
    ║ Please run the following command to download new browsers:              ║
    ║                                                                         ║
    ║     npx playwright install                                              ║
    ║                                                                         ║
    ║ <3 Playwright Team                                                      ║
    ╚═════════════════════════════════════════════════════════════════════════╝
]]>
</failure>
</testcase>
<testcase name="Keyboard-Only Purchase Flow › should allow keyboard input in search" classname="accessibility\keyboard-only-flows.spec.ts" time="0.006">
<failure message="keyboard-only-flows.spec.ts:132:7 should allow keyboard input in search" type="FAILURE">
<![CDATA[  [firefox] › accessibility\keyboard-only-flows.spec.ts:132:7 › Keyboard-Only Purchase Flow › should allow keyboard input in search 

    Error: browserType.launch: Executable doesn't exist at C:\Users\JAGZA\AppData\Local\ms-playwright\firefox-1495\firefox\firefox.exe
    ╔═════════════════════════════════════════════════════════════════════════╗
    ║ Looks like Playwright Test or Playwright was just installed or updated. ║
    ║ Please run the following command to download new browsers:              ║
    ║                                                                         ║
    ║     npx playwright install                                              ║
    ║                                                                         ║
    ║ <3 Playwright Team                                                      ║
    ╚═════════════════════════════════════════════════════════════════════════╝
]]>
</failure>
</testcase>
<testcase name="Screen Reader Booking Flow › should announce booking form properly for screen readers" classname="accessibility\keyboard-only-flows.spec.ts" time="0.007">
<failure message="keyboard-only-flows.spec.ts:155:7 should announce booking form properly for screen readers" type="FAILURE">
<![CDATA[  [firefox] › accessibility\keyboard-only-flows.spec.ts:155:7 › Screen Reader Booking Flow › should announce booking form properly for screen readers 

    Error: browserType.launch: Executable doesn't exist at C:\Users\JAGZA\AppData\Local\ms-playwright\firefox-1495\firefox\firefox.exe
    ╔═════════════════════════════════════════════════════════════════════════╗
    ║ Looks like Playwright Test or Playwright was just installed or updated. ║
    ║ Please run the following command to download new browsers:              ║
    ║                                                                         ║
    ║     npx playwright install                                              ║
    ║                                                                         ║
    ║ <3 Playwright Team                                                      ║
    ╚═════════════════════════════════════════════════════════════════════════╝
]]>
</failure>
</testcase>
<testcase name="Screen Reader Booking Flow › should have descriptive labels for all form inputs" classname="accessibility\keyboard-only-flows.spec.ts" time="0.007">
<failure message="keyboard-only-flows.spec.ts:214:7 should have descriptive labels for all form inputs" type="FAILURE">
<![CDATA[  [firefox] › accessibility\keyboard-only-flows.spec.ts:214:7 › Screen Reader Booking Flow › should have descriptive labels for all form inputs 

    Error: browserType.launch: Executable doesn't exist at C:\Users\JAGZA\AppData\Local\ms-playwright\firefox-1495\firefox\firefox.exe
    ╔═════════════════════════════════════════════════════════════════════════╗
    ║ Looks like Playwright Test or Playwright was just installed or updated. ║
    ║ Please run the following command to download new browsers:              ║
    ║                                                                         ║
    ║     npx playwright install                                              ║
    ║                                                                         ║
    ║ <3 Playwright Team                                                      ║
    ╚═════════════════════════════════════════════════════════════════════════╝
]]>
</failure>
</testcase>
<testcase name="Screen Reader Booking Flow › should announce time slot availability" classname="accessibility\keyboard-only-flows.spec.ts" time="0.009">
<failure message="keyboard-only-flows.spec.ts:250:7 should announce time slot availability" type="FAILURE">
<![CDATA[  [firefox] › accessibility\keyboard-only-flows.spec.ts:250:7 › Screen Reader Booking Flow › should announce time slot availability 

    Error: browserType.launch: Executable doesn't exist at C:\Users\JAGZA\AppData\Local\ms-playwright\firefox-1495\firefox\firefox.exe
    ╔═════════════════════════════════════════════════════════════════════════╗
    ║ Looks like Playwright Test or Playwright was just installed or updated. ║
    ║ Please run the following command to download new browsers:              ║
    ║                                                                         ║
    ║     npx playwright install                                              ║
    ║                                                                         ║
    ║ <3 Playwright Team                                                      ║
    ╚═════════════════════════════════════════════════════════════════════════╝
]]>
</failure>
</testcase>
<testcase name="Screen Reader Booking Flow › should have proper focus indicators" classname="accessibility\keyboard-only-flows.spec.ts" time="0.008">
<failure message="keyboard-only-flows.spec.ts:274:7 should have proper focus indicators" type="FAILURE">
<![CDATA[  [firefox] › accessibility\keyboard-only-flows.spec.ts:274:7 › Screen Reader Booking Flow › should have proper focus indicators 

    Error: browserType.launch: Executable doesn't exist at C:\Users\JAGZA\AppData\Local\ms-playwright\firefox-1495\firefox\firefox.exe
    ╔═════════════════════════════════════════════════════════════════════════╗
    ║ Looks like Playwright Test or Playwright was just installed or updated. ║
    ║ Please run the following command to download new browsers:              ║
    ║                                                                         ║
    ║     npx playwright install                                              ║
    ║                                                                         ║
    ║ <3 Playwright Team                                                      ║
    ╚═════════════════════════════════════════════════════════════════════════╝
]]>
</failure>
</testcase>
<testcase name="Screen Reader Booking Flow › should support ARIA live regions for dynamic content" classname="accessibility\keyboard-only-flows.spec.ts" time="0.008">
<failure message="keyboard-only-flows.spec.ts:304:7 should support ARIA live regions for dynamic content" type="FAILURE">
<![CDATA[  [firefox] › accessibility\keyboard-only-flows.spec.ts:304:7 › Screen Reader Booking Flow › should support ARIA live regions for dynamic content 

    Error: browserType.launch: Executable doesn't exist at C:\Users\JAGZA\AppData\Local\ms-playwright\firefox-1495\firefox\firefox.exe
    ╔═════════════════════════════════════════════════════════════════════════╗
    ║ Looks like Playwright Test or Playwright was just installed or updated. ║
    ║ Please run the following command to download new browsers:              ║
    ║                                                                         ║
    ║     npx playwright install                                              ║
    ║                                                                         ║
    ║ <3 Playwright Team                                                      ║
    ╚═════════════════════════════════════════════════════════════════════════╝
]]>
</failure>
</testcase>
</testsuite>
<testsuite name="accessibility.spec.ts" timestamp="2025-10-29T19:08:05.826Z" hostname="firefox" tests="6" failures="6" skipped="0" time="0.044" errors="0">
<testcase name="Accessibility Tests › Screen reader support should be comprehensive" classname="accessibility.spec.ts" time="0.007">
<failure message="accessibility.spec.ts:4:7 Screen reader support should be comprehensive" type="FAILURE">
<![CDATA[  [firefox] › accessibility.spec.ts:4:7 › Accessibility Tests › Screen reader support should be comprehensive 

    Error: browserType.launch: Executable doesn't exist at C:\Users\JAGZA\AppData\Local\ms-playwright\firefox-1495\firefox\firefox.exe
    ╔═════════════════════════════════════════════════════════════════════════╗
    ║ Looks like Playwright Test or Playwright was just installed or updated. ║
    ║ Please run the following command to download new browsers:              ║
    ║                                                                         ║
    ║     npx playwright install                                              ║
    ║                                                                         ║
    ║ <3 Playwright Team                                                      ║
    ╚═════════════════════════════════════════════════════════════════════════╝
]]>
</failure>
</testcase>
<testcase name="Accessibility Tests › ARIA attributes should be properly implemented" classname="accessibility.spec.ts" time="0.008">
<failure message="accessibility.spec.ts:75:7 ARIA attributes should be properly implemented" type="FAILURE">
<![CDATA[  [firefox] › accessibility.spec.ts:75:7 › Accessibility Tests › ARIA attributes should be properly implemented 

    Error: browserType.launch: Executable doesn't exist at C:\Users\JAGZA\AppData\Local\ms-playwright\firefox-1495\firefox\firefox.exe
    ╔═════════════════════════════════════════════════════════════════════════╗
    ║ Looks like Playwright Test or Playwright was just installed or updated. ║
    ║ Please run the following command to download new browsers:              ║
    ║                                                                         ║
    ║     npx playwright install                                              ║
    ║                                                                         ║
    ║ <3 Playwright Team                                                      ║
    ╚═════════════════════════════════════════════════════════════════════════╝
]]>
</failure>
</testcase>
<testcase name="Accessibility Tests › Color contrast should meet WCAG requirements" classname="accessibility.spec.ts" time="0.007">
<failure message="accessibility.spec.ts:132:7 Color contrast should meet WCAG requirements" type="FAILURE">
<![CDATA[  [firefox] › accessibility.spec.ts:132:7 › Accessibility Tests › Color contrast should meet WCAG requirements 

    Error: browserType.launch: Executable doesn't exist at C:\Users\JAGZA\AppData\Local\ms-playwright\firefox-1495\firefox\firefox.exe
    ╔═════════════════════════════════════════════════════════════════════════╗
    ║ Looks like Playwright Test or Playwright was just installed or updated. ║
    ║ Please run the following command to download new browsers:              ║
    ║                                                                         ║
    ║     npx playwright install                                              ║
    ║                                                                         ║
    ║ <3 Playwright Team                                                      ║
    ╚═════════════════════════════════════════════════════════════════════════╝
]]>
</failure>
</testcase>
<testcase name="Accessibility Tests › Keyboard navigation should work throughout the app" classname="accessibility.spec.ts" time="0.008">
<failure message="accessibility.spec.ts:191:7 Keyboard navigation should work throughout the app" type="FAILURE">
<![CDATA[  [firefox] › accessibility.spec.ts:191:7 › Accessibility Tests › Keyboard navigation should work throughout the app 

    Error: browserType.launch: Executable doesn't exist at C:\Users\JAGZA\AppData\Local\ms-playwright\firefox-1495\firefox\firefox.exe
    ╔═════════════════════════════════════════════════════════════════════════╗
    ║ Looks like Playwright Test or Playwright was just installed or updated. ║
    ║ Please run the following command to download new browsers:              ║
    ║                                                                         ║
    ║     npx playwright install                                              ║
    ║                                                                         ║
    ║ <3 Playwright Team                                                      ║
    ╚═════════════════════════════════════════════════════════════════════════╝
]]>
</failure>
</testcase>
<testcase name="Accessibility Tests › Focus management should work correctly" classname="accessibility.spec.ts" time="0.007">
<failure message="accessibility.spec.ts:233:7 Focus management should work correctly" type="FAILURE">
<![CDATA[  [firefox] › accessibility.spec.ts:233:7 › Accessibility Tests › Focus management should work correctly 

    Error: browserType.launch: Executable doesn't exist at C:\Users\JAGZA\AppData\Local\ms-playwright\firefox-1495\firefox\firefox.exe
    ╔═════════════════════════════════════════════════════════════════════════╗
    ║ Looks like Playwright Test or Playwright was just installed or updated. ║
    ║ Please run the following command to download new browsers:              ║
    ║                                                                         ║
    ║     npx playwright install                                              ║
    ║                                                                         ║
    ║ <3 Playwright Team                                                      ║
    ╚═════════════════════════════════════════════════════════════════════════╝
]]>
</failure>
</testcase>
<testcase name="Accessibility Tests › Screen reader announcements should be present" classname="accessibility.spec.ts" time="0.007">
<failure message="accessibility.spec.ts:270:7 Screen reader announcements should be present" type="FAILURE">
<![CDATA[  [firefox] › accessibility.spec.ts:270:7 › Accessibility Tests › Screen reader announcements should be present 

    Error: browserType.launch: Executable doesn't exist at C:\Users\JAGZA\AppData\Local\ms-playwright\firefox-1495\firefox\firefox.exe
    ╔═════════════════════════════════════════════════════════════════════════╗
    ║ Looks like Playwright Test or Playwright was just installed or updated. ║
    ║ Please run the following command to download new browsers:              ║
    ║                                                                         ║
    ║     npx playwright install                                              ║
    ║                                                                         ║
    ║ <3 Playwright Team                                                      ║
    ╚═════════════════════════════════════════════════════════════════════════╝
]]>
</failure>
</testcase>
</testsuite>
<testsuite name="auth\forgot-password.spec.ts" timestamp="2025-10-29T19:08:05.826Z" hostname="firefox" tests="20" failures="20" skipped="0" time="0.152" errors="0">
<testcase name="Forgot Password Flow › should display forgot password page correctly" classname="auth\forgot-password.spec.ts" time="0.005">
<failure message="forgot-password.spec.ts:7:7 should display forgot password page correctly" type="FAILURE">
<![CDATA[  [firefox] › auth\forgot-password.spec.ts:7:7 › Forgot Password Flow › should display forgot password page correctly 

    Error: browserType.launch: Executable doesn't exist at C:\Users\JAGZA\AppData\Local\ms-playwright\firefox-1495\firefox\firefox.exe
    ╔═════════════════════════════════════════════════════════════════════════╗
    ║ Looks like Playwright Test or Playwright was just installed or updated. ║
    ║ Please run the following command to download new browsers:              ║
    ║                                                                         ║
    ║     npx playwright install                                              ║
    ║                                                                         ║
    ║ <3 Playwright Team                                                      ║
    ╚═════════════════════════════════════════════════════════════════════════╝
]]>
</failure>
</testcase>
<testcase name="Forgot Password Flow › should show validation error for empty email" classname="auth\forgot-password.spec.ts" time="0.007">
<failure message="forgot-password.spec.ts:17:7 should show validation error for empty email" type="FAILURE">
<![CDATA[  [firefox] › auth\forgot-password.spec.ts:17:7 › Forgot Password Flow › should show validation error for empty email 

    Error: browserType.launch: Executable doesn't exist at C:\Users\JAGZA\AppData\Local\ms-playwright\firefox-1495\firefox\firefox.exe
    ╔═════════════════════════════════════════════════════════════════════════╗
    ║ Looks like Playwright Test or Playwright was just installed or updated. ║
    ║ Please run the following command to download new browsers:              ║
    ║                                                                         ║
    ║     npx playwright install                                              ║
    ║                                                                         ║
    ║ <3 Playwright Team                                                      ║
    ╚═════════════════════════════════════════════════════════════════════════╝
]]>
</failure>
</testcase>
<testcase name="Forgot Password Flow › should show validation error for invalid email format" classname="auth\forgot-password.spec.ts" time="0.007">
<failure message="forgot-password.spec.ts:31:7 should show validation error for invalid email format" type="FAILURE">
<![CDATA[  [firefox] › auth\forgot-password.spec.ts:31:7 › Forgot Password Flow › should show validation error for invalid email format 

    Error: browserType.launch: Executable doesn't exist at C:\Users\JAGZA\AppData\Local\ms-playwright\firefox-1495\firefox\firefox.exe
    ╔═════════════════════════════════════════════════════════════════════════╗
    ║ Looks like Playwright Test or Playwright was just installed or updated. ║
    ║ Please run the following command to download new browsers:              ║
    ║                                                                         ║
    ║     npx playwright install                                              ║
    ║                                                                         ║
    ║ <3 Playwright Team                                                      ║
    ╚═════════════════════════════════════════════════════════════════════════╝
]]>
</failure>
</testcase>
<testcase name="Forgot Password Flow › should successfully submit forgot password request" classname="auth\forgot-password.spec.ts" time="0.008">
<failure message="forgot-password.spec.ts:47:7 should successfully submit forgot password request" type="FAILURE">
<![CDATA[  [firefox] › auth\forgot-password.spec.ts:47:7 › Forgot Password Flow › should successfully submit forgot password request 

    Error: browserType.launch: Executable doesn't exist at C:\Users\JAGZA\AppData\Local\ms-playwright\firefox-1495\firefox\firefox.exe
    ╔═════════════════════════════════════════════════════════════════════════╗
    ║ Looks like Playwright Test or Playwright was just installed or updated. ║
    ║ Please run the following command to download new browsers:              ║
    ║                                                                         ║
    ║     npx playwright install                                              ║
    ║                                                                         ║
    ║ <3 Playwright Team                                                      ║
    ╚═════════════════════════════════════════════════════════════════════════╝
]]>
</failure>
</testcase>
<testcase name="Forgot Password Flow › should navigate back to login from forgot password" classname="auth\forgot-password.spec.ts" time="0.008">
<failure message="forgot-password.spec.ts:67:7 should navigate back to login from forgot password" type="FAILURE">
<![CDATA[  [firefox] › auth\forgot-password.spec.ts:67:7 › Forgot Password Flow › should navigate back to login from forgot password 

    Error: browserType.launch: Executable doesn't exist at C:\Users\JAGZA\AppData\Local\ms-playwright\firefox-1495\firefox\firefox.exe
    ╔═════════════════════════════════════════════════════════════════════════╗
    ║ Looks like Playwright Test or Playwright was just installed or updated. ║
    ║ Please run the following command to download new browsers:              ║
    ║                                                                         ║
    ║     npx playwright install                                              ║
    ║                                                                         ║
    ║ <3 Playwright Team                                                      ║
    ╚═════════════════════════════════════════════════════════════════════════╝
]]>
</failure>
</testcase>
<testcase name="Forgot Password Flow › should display forgot password link on login page" classname="auth\forgot-password.spec.ts" time="0.007">
<failure message="forgot-password.spec.ts:78:7 should display forgot password link on login page" type="FAILURE">
<![CDATA[  [firefox] › auth\forgot-password.spec.ts:78:7 › Forgot Password Flow › should display forgot password link on login page 

    Error: browserType.launch: Executable doesn't exist at C:\Users\JAGZA\AppData\Local\ms-playwright\firefox-1495\firefox\firefox.exe
    ╔═════════════════════════════════════════════════════════════════════════╗
    ║ Looks like Playwright Test or Playwright was just installed or updated. ║
    ║ Please run the following command to download new browsers:              ║
    ║                                                                         ║
    ║     npx playwright install                                              ║
    ║                                                                         ║
    ║ <3 Playwright Team                                                      ║
    ╚═════════════════════════════════════════════════════════════════════════╝
]]>
</failure>
</testcase>
<testcase name="Forgot Password Flow › should navigate from login to forgot password" classname="auth\forgot-password.spec.ts" time="0.007">
<failure message="forgot-password.spec.ts:90:7 should navigate from login to forgot password" type="FAILURE">
<![CDATA[  [firefox] › auth\forgot-password.spec.ts:90:7 › Forgot Password Flow › should navigate from login to forgot password 

    Error: browserType.launch: Executable doesn't exist at C:\Users\JAGZA\AppData\Local\ms-playwright\firefox-1495\firefox\firefox.exe
    ╔═════════════════════════════════════════════════════════════════════════╗
    ║ Looks like Playwright Test or Playwright was just installed or updated. ║
    ║ Please run the following command to download new browsers:              ║
    ║                                                                         ║
    ║     npx playwright install                                              ║
    ║                                                                         ║
    ║ <3 Playwright Team                                                      ║
    ╚═════════════════════════════════════════════════════════════════════════╝
]]>
</failure>
</testcase>
<testcase name="Reset Password Flow › should display error for missing token" classname="auth\forgot-password.spec.ts" time="0.012">
<failure message="forgot-password.spec.ts:105:7 should display error for missing token" type="FAILURE">
<![CDATA[  [firefox] › auth\forgot-password.spec.ts:105:7 › Reset Password Flow › should display error for missing token 

    Error: browserType.launch: Executable doesn't exist at C:\Users\JAGZA\AppData\Local\ms-playwright\firefox-1495\firefox\firefox.exe
    ╔═════════════════════════════════════════════════════════════════════════╗
    ║ Looks like Playwright Test or Playwright was just installed or updated. ║
    ║ Please run the following command to download new browsers:              ║
    ║                                                                         ║
    ║     npx playwright install                                              ║
    ║                                                                         ║
    ║ <3 Playwright Team                                                      ║
    ╚═════════════════════════════════════════════════════════════════════════╝
]]>
</failure>
</testcase>
<testcase name="Reset Password Flow › should display error for invalid token" classname="auth\forgot-password.spec.ts" time="0.007">
<failure message="forgot-password.spec.ts:114:7 should display error for invalid token" type="FAILURE">
<![CDATA[  [firefox] › auth\forgot-password.spec.ts:114:7 › Reset Password Flow › should display error for invalid token 

    Error: browserType.launch: Executable doesn't exist at C:\Users\JAGZA\AppData\Local\ms-playwright\firefox-1495\firefox\firefox.exe
    ╔═════════════════════════════════════════════════════════════════════════╗
    ║ Looks like Playwright Test or Playwright was just installed or updated. ║
    ║ Please run the following command to download new browsers:              ║
    ║                                                                         ║
    ║     npx playwright install                                              ║
    ║                                                                         ║
    ║ <3 Playwright Team                                                      ║
    ╚═════════════════════════════════════════════════════════════════════════╝
]]>
</failure>
</testcase>
<testcase name="Reset Password Flow › should display reset password form with valid token" classname="auth\forgot-password.spec.ts" time="0.007">
<failure message="forgot-password.spec.ts:121:7 should display reset password form with valid token" type="FAILURE">
<![CDATA[  [firefox] › auth\forgot-password.spec.ts:121:7 › Reset Password Flow › should display reset password form with valid token 

    Error: browserType.launch: Executable doesn't exist at C:\Users\JAGZA\AppData\Local\ms-playwright\firefox-1495\firefox\firefox.exe
    ╔═════════════════════════════════════════════════════════════════════════╗
    ║ Looks like Playwright Test or Playwright was just installed or updated. ║
    ║ Please run the following command to download new browsers:              ║
    ║                                                                         ║
    ║     npx playwright install                                              ║
    ║                                                                         ║
    ║ <3 Playwright Team                                                      ║
    ╚═════════════════════════════════════════════════════════════════════════╝
]]>
</failure>
</testcase>
<testcase name="Reset Password Flow › should toggle password visibility" classname="auth\forgot-password.spec.ts" time="0.008">
<failure message="forgot-password.spec.ts:133:7 should toggle password visibility" type="FAILURE">
<![CDATA[  [firefox] › auth\forgot-password.spec.ts:133:7 › Reset Password Flow › should toggle password visibility 

    Error: browserType.launch: Executable doesn't exist at C:\Users\JAGZA\AppData\Local\ms-playwright\firefox-1495\firefox\firefox.exe
    ╔═════════════════════════════════════════════════════════════════════════╗
    ║ Looks like Playwright Test or Playwright was just installed or updated. ║
    ║ Please run the following command to download new browsers:              ║
    ║                                                                         ║
    ║     npx playwright install                                              ║
    ║                                                                         ║
    ║ <3 Playwright Team                                                      ║
    ╚═════════════════════════════════════════════════════════════════════════╝
]]>
</failure>
</testcase>
<testcase name="Reset Password Flow › should show error when passwords do not match" classname="auth\forgot-password.spec.ts" time="0.008">
<failure message="forgot-password.spec.ts:155:7 should show error when passwords do not match" type="FAILURE">
<![CDATA[  [firefox] › auth\forgot-password.spec.ts:155:7 › Reset Password Flow › should show error when passwords do not match 

    Error: browserType.launch: Executable doesn't exist at C:\Users\JAGZA\AppData\Local\ms-playwright\firefox-1495\firefox\firefox.exe
    ╔═════════════════════════════════════════════════════════════════════════╗
    ║ Looks like Playwright Test or Playwright was just installed or updated. ║
    ║ Please run the following command to download new browsers:              ║
    ║                                                                         ║
    ║     npx playwright install                                              ║
    ║                                                                         ║
    ║ <3 Playwright Team                                                      ║
    ╚═════════════════════════════════════════════════════════════════════════╝
]]>
</failure>
</testcase>
<testcase name="Reset Password Flow › should show error for password less than 8 characters" classname="auth\forgot-password.spec.ts" time="0.007">
<failure message="forgot-password.spec.ts:168:7 should show error for password less than 8 characters" type="FAILURE">
<![CDATA[  [firefox] › auth\forgot-password.spec.ts:168:7 › Reset Password Flow › should show error for password less than 8 characters 

    Error: browserType.launch: Executable doesn't exist at C:\Users\JAGZA\AppData\Local\ms-playwright\firefox-1495\firefox\firefox.exe
    ╔═════════════════════════════════════════════════════════════════════════╗
    ║ Looks like Playwright Test or Playwright was just installed or updated. ║
    ║ Please run the following command to download new browsers:              ║
    ║                                                                         ║
    ║     npx playwright install                                              ║
    ║                                                                         ║
    ║ <3 Playwright Team                                                      ║
    ╚═════════════════════════════════════════════════════════════════════════╝
]]>
</failure>
</testcase>
<testcase name="Reset Password Flow › should show loading state when submitting" classname="auth\forgot-password.spec.ts" time="0.013">
<failure message="forgot-password.spec.ts:182:7 should show loading state when submitting" type="FAILURE">
<![CDATA[  [firefox] › auth\forgot-password.spec.ts:182:7 › Reset Password Flow › should show loading state when submitting 

    Error: browserType.launch: Executable doesn't exist at C:\Users\JAGZA\AppData\Local\ms-playwright\firefox-1495\firefox\firefox.exe
    ╔═════════════════════════════════════════════════════════════════════════╗
    ║ Looks like Playwright Test or Playwright was just installed or updated. ║
    ║ Please run the following command to download new browsers:              ║
    ║                                                                         ║
    ║     npx playwright install                                              ║
    ║                                                                         ║
    ║ <3 Playwright Team                                                      ║
    ╚═════════════════════════════════════════════════════════════════════════╝
]]>
</failure>
</testcase>
<testcase name="Reset Password Flow › should navigate back to login from reset password" classname="auth\forgot-password.spec.ts" time="0.007">
<failure message="forgot-password.spec.ts:197:7 should navigate back to login from reset password" type="FAILURE">
<![CDATA[  [firefox] › auth\forgot-password.spec.ts:197:7 › Reset Password Flow › should navigate back to login from reset password 

    Error: browserType.launch: Executable doesn't exist at C:\Users\JAGZA\AppData\Local\ms-playwright\firefox-1495\firefox\firefox.exe
    ╔═════════════════════════════════════════════════════════════════════════╗
    ║ Looks like Playwright Test or Playwright was just installed or updated. ║
    ║ Please run the following command to download new browsers:              ║
    ║                                                                         ║
    ║     npx playwright install                                              ║
    ║                                                                         ║
    ║ <3 Playwright Team                                                      ║
    ╚═════════════════════════════════════════════════════════════════════════╝
]]>
</failure>
</testcase>
<testcase name="Reset Password Flow › should have proper form accessibility" classname="auth\forgot-password.spec.ts" time="0.007">
<failure message="forgot-password.spec.ts:208:7 should have proper form accessibility" type="FAILURE">
<![CDATA[  [firefox] › auth\forgot-password.spec.ts:208:7 › Reset Password Flow › should have proper form accessibility 

    Error: browserType.launch: Executable doesn't exist at C:\Users\JAGZA\AppData\Local\ms-playwright\firefox-1495\firefox\firefox.exe
    ╔═════════════════════════════════════════════════════════════════════════╗
    ║ Looks like Playwright Test or Playwright was just installed or updated. ║
    ║ Please run the following command to download new browsers:              ║
    ║                                                                         ║
    ║     npx playwright install                                              ║
    ║                                                                         ║
    ║ <3 Playwright Team                                                      ║
    ╚═════════════════════════════════════════════════════════════════════════╝
]]>
</failure>
</testcase>
<testcase name="Reset Password Flow › should handle keyboard navigation" classname="auth\forgot-password.spec.ts" time="0.007">
<failure message="forgot-password.spec.ts:229:7 should handle keyboard navigation" type="FAILURE">
<![CDATA[  [firefox] › auth\forgot-password.spec.ts:229:7 › Reset Password Flow › should handle keyboard navigation 

    Error: browserType.launch: Executable doesn't exist at C:\Users\JAGZA\AppData\Local\ms-playwright\firefox-1495\firefox\firefox.exe
    ╔═════════════════════════════════════════════════════════════════════════╗
    ║ Looks like Playwright Test or Playwright was just installed or updated. ║
    ║ Please run the following command to download new browsers:              ║
    ║                                                                         ║
    ║     npx playwright install                                              ║
    ║                                                                         ║
    ║ <3 Playwright Team                                                      ║
    ╚═════════════════════════════════════════════════════════════════════════╝
]]>
</failure>
</testcase>
<testcase name="Forgot Password - Multiple Tenants › should work correctly for all tenants" classname="auth\forgot-password.spec.ts" time="0.006">
<failure message="forgot-password.spec.ts:249:7 should work correctly for all tenants" type="FAILURE">
<![CDATA[  [firefox] › auth\forgot-password.spec.ts:249:7 › Forgot Password - Multiple Tenants › should work correctly for all tenants 

    Error: browserType.launch: Executable doesn't exist at C:\Users\JAGZA\AppData\Local\ms-playwright\firefox-1495\firefox\firefox.exe
    ╔═════════════════════════════════════════════════════════════════════════╗
    ║ Looks like Playwright Test or Playwright was just installed or updated. ║
    ║ Please run the following command to download new browsers:              ║
    ║                                                                         ║
    ║     npx playwright install                                              ║
    ║                                                                         ║
    ║ <3 Playwright Team                                                      ║
    ╚═════════════════════════════════════════════════════════════════════════╝
]]>
</failure>
</testcase>
<testcase name="Forgot Password - Error Handling › should handle network errors gracefully" classname="auth\forgot-password.spec.ts" time="0.007">
<failure message="forgot-password.spec.ts:265:7 should handle network errors gracefully" type="FAILURE">
<![CDATA[  [firefox] › auth\forgot-password.spec.ts:265:7 › Forgot Password - Error Handling › should handle network errors gracefully 

    Error: browserType.launch: Executable doesn't exist at C:\Users\JAGZA\AppData\Local\ms-playwright\firefox-1495\firefox\firefox.exe
    ╔═════════════════════════════════════════════════════════════════════════╗
    ║ Looks like Playwright Test or Playwright was just installed or updated. ║
    ║ Please run the following command to download new browsers:              ║
    ║                                                                         ║
    ║     npx playwright install                                              ║
    ║                                                                         ║
    ║ <3 Playwright Team                                                      ║
    ╚═════════════════════════════════════════════════════════════════════════╝
]]>
</failure>
</testcase>
<testcase name="Forgot Password - Error Handling › should handle API error responses" classname="auth\forgot-password.spec.ts" time="0.007">
<failure message="forgot-password.spec.ts:280:7 should handle API error responses" type="FAILURE">
<![CDATA[  [firefox] › auth\forgot-password.spec.ts:280:7 › Forgot Password - Error Handling › should handle API error responses 

    Error: browserType.launch: Executable doesn't exist at C:\Users\JAGZA\AppData\Local\ms-playwright\firefox-1495\firefox\firefox.exe
    ╔═════════════════════════════════════════════════════════════════════════╗
    ║ Looks like Playwright Test or Playwright was just installed or updated. ║
    ║ Please run the following command to download new browsers:              ║
    ║                                                                         ║
    ║     npx playwright install                                              ║
    ║                                                                         ║
    ║ <3 Playwright Team                                                      ║
    ╚═════════════════════════════════════════════════════════════════════════╝
]]>
</failure>
</testcase>
</testsuite>
<testsuite name="auth\register.spec.ts" timestamp="2025-10-29T19:08:05.826Z" hostname="firefox" tests="14" failures="14" skipped="0" time="0.102" errors="0">
<testcase name="User Registration Flow › should successfully register a new user" classname="auth\register.spec.ts" time="0.008">
<failure message="register.spec.ts:19:7 should successfully register a new user" type="FAILURE">
<![CDATA[  [firefox] › auth\register.spec.ts:19:7 › User Registration Flow › should successfully register a new user 

    Error: browserType.launch: Executable doesn't exist at C:\Users\JAGZA\AppData\Local\ms-playwright\firefox-1495\firefox\firefox.exe
    ╔═════════════════════════════════════════════════════════════════════════╗
    ║ Looks like Playwright Test or Playwright was just installed or updated. ║
    ║ Please run the following command to download new browsers:              ║
    ║                                                                         ║
    ║     npx playwright install                                              ║
    ║                                                                         ║
    ║ <3 Playwright Team                                                      ║
    ╚═════════════════════════════════════════════════════════════════════════╝
]]>
</failure>
</testcase>
<testcase name="User Registration Flow › should show password visibility toggle" classname="auth\register.spec.ts" time="0.006">
<failure message="register.spec.ts:43:7 should show password visibility toggle" type="FAILURE">
<![CDATA[  [firefox] › auth\register.spec.ts:43:7 › User Registration Flow › should show password visibility toggle 

    Error: browserType.launch: Executable doesn't exist at C:\Users\JAGZA\AppData\Local\ms-playwright\firefox-1495\firefox\firefox.exe
    ╔═════════════════════════════════════════════════════════════════════════╗
    ║ Looks like Playwright Test or Playwright was just installed or updated. ║
    ║ Please run the following command to download new browsers:              ║
    ║                                                                         ║
    ║     npx playwright install                                              ║
    ║                                                                         ║
    ║ <3 Playwright Team                                                      ║
    ╚═════════════════════════════════════════════════════════════════════════╝
]]>
</failure>
</testcase>
<testcase name="User Registration Flow › should validate required fields" classname="auth\register.spec.ts" time="0.007">
<failure message="register.spec.ts:62:7 should validate required fields" type="FAILURE">
<![CDATA[  [firefox] › auth\register.spec.ts:62:7 › User Registration Flow › should validate required fields 

    Error: browserType.launch: Executable doesn't exist at C:\Users\JAGZA\AppData\Local\ms-playwright\firefox-1495\firefox\firefox.exe
    ╔═════════════════════════════════════════════════════════════════════════╗
    ║ Looks like Playwright Test or Playwright was just installed or updated. ║
    ║ Please run the following command to download new browsers:              ║
    ║                                                                         ║
    ║     npx playwright install                                              ║
    ║                                                                         ║
    ║ <3 Playwright Team                                                      ║
    ╚═════════════════════════════════════════════════════════════════════════╝
]]>
</failure>
</testcase>
<testcase name="User Registration Flow › should validate email format" classname="auth\register.spec.ts" time="0.008">
<failure message="register.spec.ts:77:7 should validate email format" type="FAILURE">
<![CDATA[  [firefox] › auth\register.spec.ts:77:7 › User Registration Flow › should validate email format ───

    Error: browserType.launch: Executable doesn't exist at C:\Users\JAGZA\AppData\Local\ms-playwright\firefox-1495\firefox\firefox.exe
    ╔═════════════════════════════════════════════════════════════════════════╗
    ║ Looks like Playwright Test or Playwright was just installed or updated. ║
    ║ Please run the following command to download new browsers:              ║
    ║                                                                         ║
    ║     npx playwright install                                              ║
    ║                                                                         ║
    ║ <3 Playwright Team                                                      ║
    ╚═════════════════════════════════════════════════════════════════════════╝
]]>
</failure>
</testcase>
<testcase name="User Registration Flow › should validate password length" classname="auth\register.spec.ts" time="0.008">
<failure message="register.spec.ts:94:7 should validate password length" type="FAILURE">
<![CDATA[  [firefox] › auth\register.spec.ts:94:7 › User Registration Flow › should validate password length 

    Error: browserType.launch: Executable doesn't exist at C:\Users\JAGZA\AppData\Local\ms-playwright\firefox-1495\firefox\firefox.exe
    ╔═════════════════════════════════════════════════════════════════════════╗
    ║ Looks like Playwright Test or Playwright was just installed or updated. ║
    ║ Please run the following command to download new browsers:              ║
    ║                                                                         ║
    ║     npx playwright install                                              ║
    ║                                                                         ║
    ║ <3 Playwright Team                                                      ║
    ╚═════════════════════════════════════════════════════════════════════════╝
]]>
</failure>
</testcase>
<testcase name="User Registration Flow › should validate password confirmation match" classname="auth\register.spec.ts" time="0.008">
<failure message="register.spec.ts:111:7 should validate password confirmation match" type="FAILURE">
<![CDATA[  [firefox] › auth\register.spec.ts:111:7 › User Registration Flow › should validate password confirmation match 

    Error: browserType.launch: Executable doesn't exist at C:\Users\JAGZA\AppData\Local\ms-playwright\firefox-1495\firefox\firefox.exe
    ╔═════════════════════════════════════════════════════════════════════════╗
    ║ Looks like Playwright Test or Playwright was just installed or updated. ║
    ║ Please run the following command to download new browsers:              ║
    ║                                                                         ║
    ║     npx playwright install                                              ║
    ║                                                                         ║
    ║ <3 Playwright Team                                                      ║
    ╚═════════════════════════════════════════════════════════════════════════╝
]]>
</failure>
</testcase>
<testcase name="User Registration Flow › should require terms and conditions acceptance" classname="auth\register.spec.ts" time="0.008">
<failure message="register.spec.ts:128:7 should require terms and conditions acceptance" type="FAILURE">
<![CDATA[  [firefox] › auth\register.spec.ts:128:7 › User Registration Flow › should require terms and conditions acceptance 

    Error: browserType.launch: Executable doesn't exist at C:\Users\JAGZA\AppData\Local\ms-playwright\firefox-1495\firefox\firefox.exe
    ╔═════════════════════════════════════════════════════════════════════════╗
    ║ Looks like Playwright Test or Playwright was just installed or updated. ║
    ║ Please run the following command to download new browsers:              ║
    ║                                                                         ║
    ║     npx playwright install                                              ║
    ║                                                                         ║
    ║ <3 Playwright Team                                                      ║
    ╚═════════════════════════════════════════════════════════════════════════╝
]]>
</failure>
</testcase>
<testcase name="User Registration Flow › should prevent duplicate email registration" classname="auth\register.spec.ts" time="0.009">
<failure message="register.spec.ts:143:7 should prevent duplicate email registration" type="FAILURE">
<![CDATA[  [firefox] › auth\register.spec.ts:143:7 › User Registration Flow › should prevent duplicate email registration 

    Error: browserType.launch: Executable doesn't exist at C:\Users\JAGZA\AppData\Local\ms-playwright\firefox-1495\firefox\firefox.exe
    ╔═════════════════════════════════════════════════════════════════════════╗
    ║ Looks like Playwright Test or Playwright was just installed or updated. ║
    ║ Please run the following command to download new browsers:              ║
    ║                                                                         ║
    ║     npx playwright install                                              ║
    ║                                                                         ║
    ║ <3 Playwright Team                                                      ║
    ╚═════════════════════════════════════════════════════════════════════════╝
]]>
</failure>
</testcase>
<testcase name="User Registration Flow › should disable form during submission" classname="auth\register.spec.ts" time="0.007">
<failure message="register.spec.ts:174:7 should disable form during submission" type="FAILURE">
<![CDATA[  [firefox] › auth\register.spec.ts:174:7 › User Registration Flow › should disable form during submission 

    Error: browserType.launch: Executable doesn't exist at C:\Users\JAGZA\AppData\Local\ms-playwright\firefox-1495\firefox\firefox.exe
    ╔═════════════════════════════════════════════════════════════════════════╗
    ║ Looks like Playwright Test or Playwright was just installed or updated. ║
    ║ Please run the following command to download new browsers:              ║
    ║                                                                         ║
    ║     npx playwright install                                              ║
    ║                                                                         ║
    ║ <3 Playwright Team                                                      ║
    ╚═════════════════════════════════════════════════════════════════════════╝
]]>
</failure>
</testcase>
<testcase name="User Registration Flow › should maintain tenant context across registration" classname="auth\register.spec.ts" time="0.006">
<failure message="register.spec.ts:197:7 should maintain tenant context across registration" type="FAILURE">
<![CDATA[  [firefox] › auth\register.spec.ts:197:7 › User Registration Flow › should maintain tenant context across registration 

    Error: browserType.launch: Executable doesn't exist at C:\Users\JAGZA\AppData\Local\ms-playwright\firefox-1495\firefox\firefox.exe
    ╔═════════════════════════════════════════════════════════════════════════╗
    ║ Looks like Playwright Test or Playwright was just installed or updated. ║
    ║ Please run the following command to download new browsers:              ║
    ║                                                                         ║
    ║     npx playwright install                                              ║
    ║                                                                         ║
    ║ <3 Playwright Team                                                      ║
    ╚═════════════════════════════════════════════════════════════════════════╝
]]>
</failure>
</testcase>
<testcase name="User Registration Flow › should work across different tenants" classname="auth\register.spec.ts" time="0.007">
<failure message="register.spec.ts:218:7 should work across different tenants" type="FAILURE">
<![CDATA[  [firefox] › auth\register.spec.ts:218:7 › User Registration Flow › should work across different tenants 

    Error: browserType.launch: Executable doesn't exist at C:\Users\JAGZA\AppData\Local\ms-playwright\firefox-1495\firefox\firefox.exe
    ╔═════════════════════════════════════════════════════════════════════════╗
    ║ Looks like Playwright Test or Playwright was just installed or updated. ║
    ║ Please run the following command to download new browsers:              ║
    ║                                                                         ║
    ║     npx playwright install                                              ║
    ║                                                                         ║
    ║ <3 Playwright Team                                                      ║
    ╚═════════════════════════════════════════════════════════════════════════╝
]]>
</failure>
</testcase>
<testcase name="User Registration Flow › should be accessible via keyboard navigation" classname="auth\register.spec.ts" time="0.007">
<failure message="register.spec.ts:233:7 should be accessible via keyboard navigation" type="FAILURE">
<![CDATA[  [firefox] › auth\register.spec.ts:233:7 › User Registration Flow › should be accessible via keyboard navigation 

    Error: browserType.launch: Executable doesn't exist at C:\Users\JAGZA\AppData\Local\ms-playwright\firefox-1495\firefox\firefox.exe
    ╔═════════════════════════════════════════════════════════════════════════╗
    ║ Looks like Playwright Test or Playwright was just installed or updated. ║
    ║ Please run the following command to download new browsers:              ║
    ║                                                                         ║
    ║     npx playwright install                                              ║
    ║                                                                         ║
    ║ <3 Playwright Team                                                      ║
    ╚═════════════════════════════════════════════════════════════════════════╝
]]>
</failure>
</testcase>
<testcase name="Registration Form Accessibility › should have proper ARIA labels" classname="auth\register.spec.ts" time="0.007">
<failure message="register.spec.ts:267:7 should have proper ARIA labels" type="FAILURE">
<![CDATA[  [firefox] › auth\register.spec.ts:267:7 › Registration Form Accessibility › should have proper ARIA labels 

    Error: browserType.launch: Executable doesn't exist at C:\Users\JAGZA\AppData\Local\ms-playwright\firefox-1495\firefox\firefox.exe
    ╔═════════════════════════════════════════════════════════════════════════╗
    ║ Looks like Playwright Test or Playwright was just installed or updated. ║
    ║ Please run the following command to download new browsers:              ║
    ║                                                                         ║
    ║     npx playwright install                                              ║
    ║                                                                         ║
    ║ <3 Playwright Team                                                      ║
    ╚═════════════════════════════════════════════════════════════════════════╝
]]>
</failure>
</testcase>
<testcase name="Registration Form Accessibility › should meet WCAG contrast requirements" classname="auth\register.spec.ts" time="0.006">
<failure message="register.spec.ts:291:7 should meet WCAG contrast requirements" type="FAILURE">
<![CDATA[  [firefox] › auth\register.spec.ts:291:7 › Registration Form Accessibility › should meet WCAG contrast requirements 

    Error: browserType.launch: Executable doesn't exist at C:\Users\JAGZA\AppData\Local\ms-playwright\firefox-1495\firefox\firefox.exe
    ╔═════════════════════════════════════════════════════════════════════════╗
    ║ Looks like Playwright Test or Playwright was just installed or updated. ║
    ║ Please run the following command to download new browsers:              ║
    ║                                                                         ║
    ║     npx playwright install                                              ║
    ║                                                                         ║
    ║ <3 Playwright Team                                                      ║
    ╚═════════════════════════════════════════════════════════════════════════╝
]]>
</failure>
</testcase>
</testsuite>
<testsuite name="booking\quick-and-recurring-booking.spec.ts" timestamp="2025-10-29T19:08:05.826Z" hostname="firefox" tests="8" failures="8" skipped="0" time="0.055" errors="0">
<testcase name="Quick Service Booking - 2 Click Budget › should book next available appointment in 2 clicks" classname="booking\quick-and-recurring-booking.spec.ts" time="0.008">
<failure message="quick-and-recurring-booking.spec.ts:10:7 should book next available appointment in 2 clicks" type="FAILURE">
<![CDATA[  [firefox] › booking\quick-and-recurring-booking.spec.ts:10:7 › Quick Service Booking - 2 Click Budget › should book next available appointment in 2 clicks 

    Error: browserType.launch: Executable doesn't exist at C:\Users\JAGZA\AppData\Local\ms-playwright\firefox-1495\firefox\firefox.exe
    ╔═════════════════════════════════════════════════════════════════════════╗
    ║ Looks like Playwright Test or Playwright was just installed or updated. ║
    ║ Please run the following command to download new browsers:              ║
    ║                                                                         ║
    ║     npx playwright install                                              ║
    ║                                                                         ║
    ║ <3 Playwright Team                                                      ║
    ╚═════════════════════════════════════════════════════════════════════════╝
]]>
</failure>
</testcase>
<testcase name="Quick Service Booking - 2 Click Budget › should show next available time across all staff" classname="booking\quick-and-recurring-booking.spec.ts" time="0.007">
<failure message="quick-and-recurring-booking.spec.ts:78:7 should show next available time across all staff" type="FAILURE">
<![CDATA[  [firefox] › booking\quick-and-recurring-booking.spec.ts:78:7 › Quick Service Booking - 2 Click Budget › should show next available time across all staff 

    Error: browserType.launch: Executable doesn't exist at C:\Users\JAGZA\AppData\Local\ms-playwright\firefox-1495\firefox\firefox.exe
    ╔═════════════════════════════════════════════════════════════════════════╗
    ║ Looks like Playwright Test or Playwright was just installed or updated. ║
    ║ Please run the following command to download new browsers:              ║
    ║                                                                         ║
    ║     npx playwright install                                              ║
    ║                                                                         ║
    ║ <3 Playwright Team                                                      ║
    ╚═════════════════════════════════════════════════════════════════════════╝
]]>
</failure>
</testcase>
<testcase name="Quick Service Booking - 2 Click Budget › should pre-fill customer data for logged-in users" classname="booking\quick-and-recurring-booking.spec.ts" time="0.007">
<failure message="quick-and-recurring-booking.spec.ts:104:7 should pre-fill customer data for logged-in users" type="FAILURE">
<![CDATA[  [firefox] › booking\quick-and-recurring-booking.spec.ts:104:7 › Quick Service Booking - 2 Click Budget › should pre-fill customer data for logged-in users 

    Error: browserType.launch: Executable doesn't exist at C:\Users\JAGZA\AppData\Local\ms-playwright\firefox-1495\firefox\firefox.exe
    ╔═════════════════════════════════════════════════════════════════════════╗
    ║ Looks like Playwright Test or Playwright was just installed or updated. ║
    ║ Please run the following command to download new browsers:              ║
    ║                                                                         ║
    ║     npx playwright install                                              ║
    ║                                                                         ║
    ║ <3 Playwright Team                                                      ║
    ╚═════════════════════════════════════════════════════════════════════════╝
]]>
</failure>
</testcase>
<testcase name="Recurring Service Booking - 2 Click Budget › should set up recurring appointment in 2 clicks" classname="booking\quick-and-recurring-booking.spec.ts" time="0.006">
<failure message="quick-and-recurring-booking.spec.ts:134:7 should set up recurring appointment in 2 clicks" type="FAILURE">
<![CDATA[  [firefox] › booking\quick-and-recurring-booking.spec.ts:134:7 › Recurring Service Booking - 2 Click Budget › should set up recurring appointment in 2 clicks 

    Error: browserType.launch: Executable doesn't exist at C:\Users\JAGZA\AppData\Local\ms-playwright\firefox-1495\firefox\firefox.exe
    ╔═════════════════════════════════════════════════════════════════════════╗
    ║ Looks like Playwright Test or Playwright was just installed or updated. ║
    ║ Please run the following command to download new browsers:              ║
    ║                                                                         ║
    ║     npx playwright install                                              ║
    ║                                                                         ║
    ║ <3 Playwright Team                                                      ║
    ╚═════════════════════════════════════════════════════════════════════════╝
]]>
</failure>
</testcase>
<testcase name="Recurring Service Booking - 2 Click Budget › should allow selecting recurring frequency" classname="booking\quick-and-recurring-booking.spec.ts" time="0.007">
<failure message="quick-and-recurring-booking.spec.ts:197:7 should allow selecting recurring frequency" type="FAILURE">
<![CDATA[  [firefox] › booking\quick-and-recurring-booking.spec.ts:197:7 › Recurring Service Booking - 2 Click Budget › should allow selecting recurring frequency 

    Error: browserType.launch: Executable doesn't exist at C:\Users\JAGZA\AppData\Local\ms-playwright\firefox-1495\firefox\firefox.exe
    ╔═════════════════════════════════════════════════════════════════════════╗
    ║ Looks like Playwright Test or Playwright was just installed or updated. ║
    ║ Please run the following command to download new browsers:              ║
    ║                                                                         ║
    ║     npx playwright install                                              ║
    ║                                                                         ║
    ║ <3 Playwright Team                                                      ║
    ╚═════════════════════════════════════════════════════════════════════════╝
]]>
</failure>
</testcase>
<testcase name="Recurring Service Booking - 2 Click Budget › should display recurring booking cost summary" classname="booking\quick-and-recurring-booking.spec.ts" time="0.006">
<failure message="quick-and-recurring-booking.spec.ts:219:7 should display recurring booking cost summary" type="FAILURE">
<![CDATA[  [firefox] › booking\quick-and-recurring-booking.spec.ts:219:7 › Recurring Service Booking - 2 Click Budget › should display recurring booking cost summary 

    Error: browserType.launch: Executable doesn't exist at C:\Users\JAGZA\AppData\Local\ms-playwright\firefox-1495\firefox\firefox.exe
    ╔═════════════════════════════════════════════════════════════════════════╗
    ║ Looks like Playwright Test or Playwright was just installed or updated. ║
    ║ Please run the following command to download new browsers:              ║
    ║                                                                         ║
    ║     npx playwright install                                              ║
    ║                                                                         ║
    ║ <3 Playwright Team                                                      ║
    ╚═════════════════════════════════════════════════════════════════════════╝
]]>
</failure>
</testcase>
<testcase name="Recurring Service Booking - 2 Click Budget › should allow pausing or canceling recurring bookings" classname="booking\quick-and-recurring-booking.spec.ts" time="0.007">
<failure message="quick-and-recurring-booking.spec.ts:249:7 should allow pausing or canceling recurring bookings" type="FAILURE">
<![CDATA[  [firefox] › booking\quick-and-recurring-booking.spec.ts:249:7 › Recurring Service Booking - 2 Click Budget › should allow pausing or canceling recurring bookings 

    Error: browserType.launch: Executable doesn't exist at C:\Users\JAGZA\AppData\Local\ms-playwright\firefox-1495\firefox\firefox.exe
    ╔═════════════════════════════════════════════════════════════════════════╗
    ║ Looks like Playwright Test or Playwright was just installed or updated. ║
    ║ Please run the following command to download new browsers:              ║
    ║                                                                         ║
    ║     npx playwright install                                              ║
    ║                                                                         ║
    ║ <3 Playwright Team                                                      ║
    ╚═════════════════════════════════════════════════════════════════════════╝
]]>
</failure>
</testcase>
<testcase name="Recurring Service Booking - 2 Click Budget › should remember customer preferred time and staff" classname="booking\quick-and-recurring-booking.spec.ts" time="0.007">
<failure message="quick-and-recurring-booking.spec.ts:269:7 should remember customer preferred time and staff" type="FAILURE">
<![CDATA[  [firefox] › booking\quick-and-recurring-booking.spec.ts:269:7 › Recurring Service Booking - 2 Click Budget › should remember customer preferred time and staff 

    Error: browserType.launch: Executable doesn't exist at C:\Users\JAGZA\AppData\Local\ms-playwright\firefox-1495\firefox\firefox.exe
    ╔═════════════════════════════════════════════════════════════════════════╗
    ║ Looks like Playwright Test or Playwright was just installed or updated. ║
    ║ Please run the following command to download new browsers:              ║
    ║                                                                         ║
    ║     npx playwright install                                              ║
    ║                                                                         ║
    ║ <3 Playwright Team                                                      ║
    ╚═════════════════════════════════════════════════════════════════════════╝
]]>
</failure>
</testcase>
</testsuite>
<testsuite name="carousel\wondernails-carousel.spec.ts" timestamp="2025-10-29T19:08:05.826Z" hostname="firefox" tests="13" failures="13" skipped="0" time="0.099" errors="0">
<testcase name="Wondernails Carousel Hero Section › should display the carousel container with correct structure" classname="carousel\wondernails-carousel.spec.ts" time="0.007">
<failure message="wondernails-carousel.spec.ts:12:7 should display the carousel container with correct structure" type="FAILURE">
<![CDATA[  [firefox] › carousel\wondernails-carousel.spec.ts:12:7 › Wondernails Carousel Hero Section › should display the carousel container with correct structure 

    Error: browserType.launch: Executable doesn't exist at C:\Users\JAGZA\AppData\Local\ms-playwright\firefox-1495\firefox\firefox.exe
    ╔═════════════════════════════════════════════════════════════════════════╗
    ║ Looks like Playwright Test or Playwright was just installed or updated. ║
    ║ Please run the following command to download new browsers:              ║
    ║                                                                         ║
    ║     npx playwright install                                              ║
    ║                                                                         ║
    ║ <3 Playwright Team                                                      ║
    ╚═════════════════════════════════════════════════════════════════════════╝
]]>
</failure>
</testcase>
<testcase name="Wondernails Carousel Hero Section › should display the active slide correctly by default" classname="carousel\wondernails-carousel.spec.ts" time="0.009">
<failure message="wondernails-carousel.spec.ts:28:7 should display the active slide correctly by default" type="FAILURE">
<![CDATA[  [firefox] › carousel\wondernails-carousel.spec.ts:28:7 › Wondernails Carousel Hero Section › should display the active slide correctly by default 

    Error: browserType.launch: Executable doesn't exist at C:\Users\JAGZA\AppData\Local\ms-playwright\firefox-1495\firefox\firefox.exe
    ╔═════════════════════════════════════════════════════════════════════════╗
    ║ Looks like Playwright Test or Playwright was just installed or updated. ║
    ║ Please run the following command to download new browsers:              ║
    ║                                                                         ║
    ║     npx playwright install                                              ║
    ║                                                                         ║
    ║ <3 Playwright Team                                                      ║
    ╚═════════════════════════════════════════════════════════════════════════╝
]]>
</failure>
</testcase>
<testcase name="Wondernails Carousel Hero Section › should navigate to next slide when next button is clicked" classname="carousel\wondernails-carousel.spec.ts" time="0.007">
<failure message="wondernails-carousel.spec.ts:44:7 should navigate to next slide when next button is clicked" type="FAILURE">
<![CDATA[  [firefox] › carousel\wondernails-carousel.spec.ts:44:7 › Wondernails Carousel Hero Section › should navigate to next slide when next button is clicked 

    Error: browserType.launch: Executable doesn't exist at C:\Users\JAGZA\AppData\Local\ms-playwright\firefox-1495\firefox\firefox.exe
    ╔═════════════════════════════════════════════════════════════════════════╗
    ║ Looks like Playwright Test or Playwright was just installed or updated. ║
    ║ Please run the following command to download new browsers:              ║
    ║                                                                         ║
    ║     npx playwright install                                              ║
    ║                                                                         ║
    ║ <3 Playwright Team                                                      ║
    ╚═════════════════════════════════════════════════════════════════════════╝
]]>
</failure>
</testcase>
<testcase name="Wondernails Carousel Hero Section › should navigate to previous slide when prev button is clicked" classname="carousel\wondernails-carousel.spec.ts" time="0.006">
<failure message="wondernails-carousel.spec.ts:73:7 should navigate to previous slide when prev button is clicked" type="FAILURE">
<![CDATA[  [firefox] › carousel\wondernails-carousel.spec.ts:73:7 › Wondernails Carousel Hero Section › should navigate to previous slide when prev button is clicked 

    Error: browserType.launch: Executable doesn't exist at C:\Users\JAGZA\AppData\Local\ms-playwright\firefox-1495\firefox\firefox.exe
    ╔═════════════════════════════════════════════════════════════════════════╗
    ║ Looks like Playwright Test or Playwright was just installed or updated. ║
    ║ Please run the following command to download new browsers:              ║
    ║                                                                         ║
    ║     npx playwright install                                              ║
    ║                                                                         ║
    ║ <3 Playwright Team                                                      ║
    ╚═════════════════════════════════════════════════════════════════════════╝
]]>
</failure>
</testcase>
<testcase name="Wondernails Carousel Hero Section › should show detail view when see more button is clicked" classname="carousel\wondernails-carousel.spec.ts" time="0.006">
<failure message="wondernails-carousel.spec.ts:102:7 should show detail view when see more button is clicked" type="FAILURE">
<![CDATA[  [firefox] › carousel\wondernails-carousel.spec.ts:102:7 › Wondernails Carousel Hero Section › should show detail view when see more button is clicked 

    Error: browserType.launch: Executable doesn't exist at C:\Users\JAGZA\AppData\Local\ms-playwright\firefox-1495\firefox\firefox.exe
    ╔═════════════════════════════════════════════════════════════════════════╗
    ║ Looks like Playwright Test or Playwright was just installed or updated. ║
    ║ Please run the following command to download new browsers:              ║
    ║                                                                         ║
    ║     npx playwright install                                              ║
    ║                                                                         ║
    ║ <3 Playwright Team                                                      ║
    ╚═════════════════════════════════════════════════════════════════════════╝
]]>
</failure>
</testcase>
<testcase name="Wondernails Carousel Hero Section › should return to carousel view when back button is clicked" classname="carousel\wondernails-carousel.spec.ts" time="0.008">
<failure message="wondernails-carousel.spec.ts:135:7 should return to carousel view when back button is clicked" type="FAILURE">
<![CDATA[  [firefox] › carousel\wondernails-carousel.spec.ts:135:7 › Wondernails Carousel Hero Section › should return to carousel view when back button is clicked 

    Error: browserType.launch: Executable doesn't exist at C:\Users\JAGZA\AppData\Local\ms-playwright\firefox-1495\firefox\firefox.exe
    ╔═════════════════════════════════════════════════════════════════════════╗
    ║ Looks like Playwright Test or Playwright was just installed or updated. ║
    ║ Please run the following command to download new browsers:              ║
    ║                                                                         ║
    ║     npx playwright install                                              ║
    ║                                                                         ║
    ║ <3 Playwright Team                                                      ║
    ╚═════════════════════════════════════════════════════════════════════════╝
]]>
</failure>
</testcase>
<testcase name="Wondernails Carousel Hero Section › should display slide content correctly" classname="carousel\wondernails-carousel.spec.ts" time="0.008">
<failure message="wondernails-carousel.spec.ts:166:7 should display slide content correctly" type="FAILURE">
<![CDATA[  [firefox] › carousel\wondernails-carousel.spec.ts:166:7 › Wondernails Carousel Hero Section › should display slide content correctly 

    Error: browserType.launch: Executable doesn't exist at C:\Users\JAGZA\AppData\Local\ms-playwright\firefox-1495\firefox\firefox.exe
    ╔═════════════════════════════════════════════════════════════════════════╗
    ║ Looks like Playwright Test or Playwright was just installed or updated. ║
    ║ Please run the following command to download new browsers:              ║
    ║                                                                         ║
    ║     npx playwright install                                              ║
    ║                                                                         ║
    ║ <3 Playwright Team                                                      ║
    ╚═════════════════════════════════════════════════════════════════════════╝
]]>
</failure>
</testcase>
<testcase name="Wondernails Carousel Hero Section › should have proper keyboard navigation support" classname="carousel\wondernails-carousel.spec.ts" time="0.007">
<failure message="wondernails-carousel.spec.ts:194:7 should have proper keyboard navigation support" type="FAILURE">
<![CDATA[  [firefox] › carousel\wondernails-carousel.spec.ts:194:7 › Wondernails Carousel Hero Section › should have proper keyboard navigation support 

    Error: browserType.launch: Executable doesn't exist at C:\Users\JAGZA\AppData\Local\ms-playwright\firefox-1495\firefox\firefox.exe
    ╔═════════════════════════════════════════════════════════════════════════╗
    ║ Looks like Playwright Test or Playwright was just installed or updated. ║
    ║ Please run the following command to download new browsers:              ║
    ║                                                                         ║
    ║     npx playwright install                                              ║
    ║                                                                         ║
    ║ <3 Playwright Team                                                      ║
    ╚═════════════════════════════════════════════════════════════════════════╝
]]>
</failure>
</testcase>
<testcase name="Wondernails Carousel Hero Section › should have proper ARIA attributes for accessibility" classname="carousel\wondernails-carousel.spec.ts" time="0.009">
<failure message="wondernails-carousel.spec.ts:227:7 should have proper ARIA attributes for accessibility" type="FAILURE">
<![CDATA[  [firefox] › carousel\wondernails-carousel.spec.ts:227:7 › Wondernails Carousel Hero Section › should have proper ARIA attributes for accessibility 

    Error: browserType.launch: Executable doesn't exist at C:\Users\JAGZA\AppData\Local\ms-playwright\firefox-1495\firefox\firefox.exe
    ╔═════════════════════════════════════════════════════════════════════════╗
    ║ Looks like Playwright Test or Playwright was just installed or updated. ║
    ║ Please run the following command to download new browsers:              ║
    ║                                                                         ║
    ║     npx playwright install                                              ║
    ║                                                                         ║
    ║ <3 Playwright Team                                                      ║
    ╚═════════════════════════════════════════════════════════════════════════╝
]]>
</failure>
</testcase>
<testcase name="Wondernails Carousel Hero Section › should be responsive on mobile devices" classname="carousel\wondernails-carousel.spec.ts" time="0.008">
<failure message="wondernails-carousel.spec.ts:252:7 should be responsive on mobile devices" type="FAILURE">
<![CDATA[  [firefox] › carousel\wondernails-carousel.spec.ts:252:7 › Wondernails Carousel Hero Section › should be responsive on mobile devices 

    Error: browserType.launch: Executable doesn't exist at C:\Users\JAGZA\AppData\Local\ms-playwright\firefox-1495\firefox\firefox.exe
    ╔═════════════════════════════════════════════════════════════════════════╗
    ║ Looks like Playwright Test or Playwright was just installed or updated. ║
    ║ Please run the following command to download new browsers:              ║
    ║                                                                         ║
    ║     npx playwright install                                              ║
    ║                                                                         ║
    ║ <3 Playwright Team                                                      ║
    ╚═════════════════════════════════════════════════════════════════════════╝
]]>
</failure>
</testcase>
<testcase name="Wondernails Carousel Hero Section › should have isolated styles that do not affect other page elements" classname="carousel\wondernails-carousel.spec.ts" time="0.007">
<failure message="wondernails-carousel.spec.ts:279:7 should have isolated styles that do not affect other page elements" type="FAILURE">
<![CDATA[  [firefox] › carousel\wondernails-carousel.spec.ts:279:7 › Wondernails Carousel Hero Section › should have isolated styles that do not affect other page elements 

    Error: browserType.launch: Executable doesn't exist at C:\Users\JAGZA\AppData\Local\ms-playwright\firefox-1495\firefox\firefox.exe
    ╔═════════════════════════════════════════════════════════════════════════╗
    ║ Looks like Playwright Test or Playwright was just installed or updated. ║
    ║ Please run the following command to download new browsers:              ║
    ║                                                                         ║
    ║     npx playwright install                                              ║
    ║                                                                         ║
    ║ <3 Playwright Team                                                      ║
    ╚═════════════════════════════════════════════════════════════════════════╝
]]>
</failure>
</testcase>
<testcase name="Wondernails Carousel Hero Section › should handle rapid clicking without breaking" classname="carousel\wondernails-carousel.spec.ts" time="0.01">
<failure message="wondernails-carousel.spec.ts:298:7 should handle rapid clicking without breaking" type="FAILURE">
<![CDATA[  [firefox] › carousel\wondernails-carousel.spec.ts:298:7 › Wondernails Carousel Hero Section › should handle rapid clicking without breaking 

    Error: browserType.launch: Executable doesn't exist at C:\Users\JAGZA\AppData\Local\ms-playwright\firefox-1495\firefox\firefox.exe
    ╔═════════════════════════════════════════════════════════════════════════╗
    ║ Looks like Playwright Test or Playwright was just installed or updated. ║
    ║ Please run the following command to download new browsers:              ║
    ║                                                                         ║
    ║     npx playwright install                                              ║
    ║                                                                         ║
    ║ <3 Playwright Team                                                      ║
    ╚═════════════════════════════════════════════════════════════════════════╝
]]>
</failure>
</testcase>
<testcase name="Wondernails Carousel Hero Section › should maintain performance with smooth animations" classname="carousel\wondernails-carousel.spec.ts" time="0.007">
<failure message="wondernails-carousel.spec.ts:317:7 should maintain performance with smooth animations" type="FAILURE">
<![CDATA[  [firefox] › carousel\wondernails-carousel.spec.ts:317:7 › Wondernails Carousel Hero Section › should maintain performance with smooth animations 

    Error: browserType.launch: Executable doesn't exist at C:\Users\JAGZA\AppData\Local\ms-playwright\firefox-1495\firefox\firefox.exe
    ╔═════════════════════════════════════════════════════════════════════════╗
    ║ Looks like Playwright Test or Playwright was just installed or updated. ║
    ║ Please run the following command to download new browsers:              ║
    ║                                                                         ║
    ║     npx playwright install                                              ║
    ║                                                                         ║
    ║ <3 Playwright Team                                                      ║
    ╚═════════════════════════════════════════════════════════════════════════╝
]]>
</failure>
</testcase>
</testsuite>
<testsuite name="cart\cart-comprehensive.spec.ts" timestamp="2025-10-29T19:08:05.826Z" hostname="firefox" tests="17" failures="17" skipped="0" time="0.114" errors="0">
<testcase name="Cart - Comprehensive E2E Tests › Basic Cart Operations › should add single item to cart" classname="cart\cart-comprehensive.spec.ts" time="0.006">
<failure message="cart-comprehensive.spec.ts:12:9 should add single item to cart" type="FAILURE">
<![CDATA[  [firefox] › cart\cart-comprehensive.spec.ts:12:9 › Cart - Comprehensive E2E Tests › Basic Cart Operations › should add single item to cart 

    Error: browserType.launch: Executable doesn't exist at C:\Users\JAGZA\AppData\Local\ms-playwright\firefox-1495\firefox\firefox.exe
    ╔═════════════════════════════════════════════════════════════════════════╗
    ║ Looks like Playwright Test or Playwright was just installed or updated. ║
    ║ Please run the following command to download new browsers:              ║
    ║                                                                         ║
    ║     npx playwright install                                              ║
    ║                                                                         ║
    ║ <3 Playwright Team                                                      ║
    ╚═════════════════════════════════════════════════════════════════════════╝
]]>
</failure>
</testcase>
<testcase name="Cart - Comprehensive E2E Tests › Basic Cart Operations › should add multiple different items to cart" classname="cart\cart-comprehensive.spec.ts" time="0.007">
<failure message="cart-comprehensive.spec.ts:41:9 should add multiple different items to cart" type="FAILURE">
<![CDATA[  [firefox] › cart\cart-comprehensive.spec.ts:41:9 › Cart - Comprehensive E2E Tests › Basic Cart Operations › should add multiple different items to cart 

    Error: browserType.launch: Executable doesn't exist at C:\Users\JAGZA\AppData\Local\ms-playwright\firefox-1495\firefox\firefox.exe
    ╔═════════════════════════════════════════════════════════════════════════╗
    ║ Looks like Playwright Test or Playwright was just installed or updated. ║
    ║ Please run the following command to download new browsers:              ║
    ║                                                                         ║
    ║     npx playwright install                                              ║
    ║                                                                         ║
    ║ <3 Playwright Team                                                      ║
    ╚═════════════════════════════════════════════════════════════════════════╝
]]>
</failure>
</testcase>
<testcase name="Cart - Comprehensive E2E Tests › Basic Cart Operations › should handle quantity increment/decrement" classname="cart\cart-comprehensive.spec.ts" time="0.007">
<failure message="cart-comprehensive.spec.ts:84:9 should handle quantity increment/decrement" type="FAILURE">
<![CDATA[  [firefox] › cart\cart-comprehensive.spec.ts:84:9 › Cart - Comprehensive E2E Tests › Basic Cart Operations › should handle quantity increment/decrement 

    Error: browserType.launch: Executable doesn't exist at C:\Users\JAGZA\AppData\Local\ms-playwright\firefox-1495\firefox\firefox.exe
    ╔═════════════════════════════════════════════════════════════════════════╗
    ║ Looks like Playwright Test or Playwright was just installed or updated. ║
    ║ Please run the following command to download new browsers:              ║
    ║                                                                         ║
    ║     npx playwright install                                              ║
    ║                                                                         ║
    ║ <3 Playwright Team                                                      ║
    ╚═════════════════════════════════════════════════════════════════════════╝
]]>
</failure>
</testcase>
<testcase name="Cart - Comprehensive E2E Tests › Cart Persistence &amp; State Management › should persist cart across page reloads" classname="cart\cart-comprehensive.spec.ts" time="0.006">
<failure message="cart-comprehensive.spec.ts:127:9 should persist cart across page reloads" type="FAILURE">
<![CDATA[  [firefox] › cart\cart-comprehensive.spec.ts:127:9 › Cart - Comprehensive E2E Tests › Cart Persistence & State Management › should persist cart across page reloads 

    Error: browserType.launch: Executable doesn't exist at C:\Users\JAGZA\AppData\Local\ms-playwright\firefox-1495\firefox\firefox.exe
    ╔═════════════════════════════════════════════════════════════════════════╗
    ║ Looks like Playwright Test or Playwright was just installed or updated. ║
    ║ Please run the following command to download new browsers:              ║
    ║                                                                         ║
    ║     npx playwright install                                              ║
    ║                                                                         ║
    ║ <3 Playwright Team                                                      ║
    ╚═════════════════════════════════════════════════════════════════════════╝
]]>
</failure>
</testcase>
<testcase name="Cart - Comprehensive E2E Tests › Cart Persistence &amp; State Management › should persist cart across navigation" classname="cart\cart-comprehensive.spec.ts" time="0.006">
<failure message="cart-comprehensive.spec.ts:156:9 should persist cart across navigation" type="FAILURE">
<![CDATA[  [firefox] › cart\cart-comprehensive.spec.ts:156:9 › Cart - Comprehensive E2E Tests › Cart Persistence & State Management › should persist cart across navigation 

    Error: browserType.launch: Executable doesn't exist at C:\Users\JAGZA\AppData\Local\ms-playwright\firefox-1495\firefox\firefox.exe
    ╔═════════════════════════════════════════════════════════════════════════╗
    ║ Looks like Playwright Test or Playwright was just installed or updated. ║
    ║ Please run the following command to download new browsers:              ║
    ║                                                                         ║
    ║     npx playwright install                                              ║
    ║                                                                         ║
    ║ <3 Playwright Team                                                      ║
    ╚═════════════════════════════════════════════════════════════════════════╝
]]>
</failure>
</testcase>
<testcase name="Cart - Comprehensive E2E Tests › Cart Persistence &amp; State Management › should isolate cart data between tenants" classname="cart\cart-comprehensive.spec.ts" time="0.007">
<failure message="cart-comprehensive.spec.ts:191:9 should isolate cart data between tenants" type="FAILURE">
<![CDATA[  [firefox] › cart\cart-comprehensive.spec.ts:191:9 › Cart - Comprehensive E2E Tests › Cart Persistence & State Management › should isolate cart data between tenants 

    Error: browserType.launch: Executable doesn't exist at C:\Users\JAGZA\AppData\Local\ms-playwright\firefox-1495\firefox\firefox.exe
    ╔═════════════════════════════════════════════════════════════════════════╗
    ║ Looks like Playwright Test or Playwright was just installed or updated. ║
    ║ Please run the following command to download new browsers:              ║
    ║                                                                         ║
    ║     npx playwright install                                              ║
    ║                                                                         ║
    ║ <3 Playwright Team                                                      ║
    ╚═════════════════════════════════════════════════════════════════════════╝
]]>
</failure>
</testcase>
<testcase name="Cart - Comprehensive E2E Tests › Cart Calculations &amp; Pricing › should calculate correct totals with multiple items" classname="cart\cart-comprehensive.spec.ts" time="0.008">
<failure message="cart-comprehensive.spec.ts:245:9 should calculate correct totals with multiple items" type="FAILURE">
<![CDATA[  [firefox] › cart\cart-comprehensive.spec.ts:245:9 › Cart - Comprehensive E2E Tests › Cart Calculations & Pricing › should calculate correct totals with multiple items 

    Error: browserType.launch: Executable doesn't exist at C:\Users\JAGZA\AppData\Local\ms-playwright\firefox-1495\firefox\firefox.exe
    ╔═════════════════════════════════════════════════════════════════════════╗
    ║ Looks like Playwright Test or Playwright was just installed or updated. ║
    ║ Please run the following command to download new browsers:              ║
    ║                                                                         ║
    ║     npx playwright install                                              ║
    ║                                                                         ║
    ║ <3 Playwright Team                                                      ║
    ╚═════════════════════════════════════════════════════════════════════════╝
]]>
</failure>
</testcase>
<testcase name="Cart - Comprehensive E2E Tests › Cart Calculations &amp; Pricing › should handle free shipping threshold" classname="cart\cart-comprehensive.spec.ts" time="0.008">
<failure message="cart-comprehensive.spec.ts:293:9 should handle free shipping threshold" type="FAILURE">
<![CDATA[  [firefox] › cart\cart-comprehensive.spec.ts:293:9 › Cart - Comprehensive E2E Tests › Cart Calculations & Pricing › should handle free shipping threshold 

    Error: browserType.launch: Executable doesn't exist at C:\Users\JAGZA\AppData\Local\ms-playwright\firefox-1495\firefox\firefox.exe
    ╔═════════════════════════════════════════════════════════════════════════╗
    ║ Looks like Playwright Test or Playwright was just installed or updated. ║
    ║ Please run the following command to download new browsers:              ║
    ║                                                                         ║
    ║     npx playwright install                                              ║
    ║                                                                         ║
    ║ <3 Playwright Team                                                      ║
    ╚═════════════════════════════════════════════════════════════════════════╝
]]>
</failure>
</testcase>
<testcase name="Cart - Comprehensive E2E Tests › Error Handling &amp; Edge Cases › should handle empty cart gracefully" classname="cart\cart-comprehensive.spec.ts" time="0.006">
<failure message="cart-comprehensive.spec.ts:333:9 should handle empty cart gracefully" type="FAILURE">
<![CDATA[  [firefox] › cart\cart-comprehensive.spec.ts:333:9 › Cart - Comprehensive E2E Tests › Error Handling & Edge Cases › should handle empty cart gracefully 

    Error: browserType.launch: Executable doesn't exist at C:\Users\JAGZA\AppData\Local\ms-playwright\firefox-1495\firefox\firefox.exe
    ╔═════════════════════════════════════════════════════════════════════════╗
    ║ Looks like Playwright Test or Playwright was just installed or updated. ║
    ║ Please run the following command to download new browsers:              ║
    ║                                                                         ║
    ║     npx playwright install                                              ║
    ║                                                                         ║
    ║ <3 Playwright Team                                                      ║
    ╚═════════════════════════════════════════════════════════════════════════╝
]]>
</failure>
</testcase>
<testcase name="Cart - Comprehensive E2E Tests › Error Handling &amp; Edge Cases › should handle network errors during add to cart" classname="cart\cart-comprehensive.spec.ts" time="0.006">
<failure message="cart-comprehensive.spec.ts:352:9 should handle network errors during add to cart" type="FAILURE">
<![CDATA[  [firefox] › cart\cart-comprehensive.spec.ts:352:9 › Cart - Comprehensive E2E Tests › Error Handling & Edge Cases › should handle network errors during add to cart 

    Error: browserType.launch: Executable doesn't exist at C:\Users\JAGZA\AppData\Local\ms-playwright\firefox-1495\firefox\firefox.exe
    ╔═════════════════════════════════════════════════════════════════════════╗
    ║ Looks like Playwright Test or Playwright was just installed or updated. ║
    ║ Please run the following command to download new browsers:              ║
    ║                                                                         ║
    ║     npx playwright install                                              ║
    ║                                                                         ║
    ║ <3 Playwright Team                                                      ║
    ╚═════════════════════════════════════════════════════════════════════════╝
]]>
</failure>
</testcase>
<testcase name="Cart - Comprehensive E2E Tests › Error Handling &amp; Edge Cases › should handle invalid product data" classname="cart\cart-comprehensive.spec.ts" time="0.007">
<failure message="cart-comprehensive.spec.ts:358:9 should handle invalid product data" type="FAILURE">
<![CDATA[  [firefox] › cart\cart-comprehensive.spec.ts:358:9 › Cart - Comprehensive E2E Tests › Error Handling & Edge Cases › should handle invalid product data 

    Error: browserType.launch: Executable doesn't exist at C:\Users\JAGZA\AppData\Local\ms-playwright\firefox-1495\firefox\firefox.exe
    ╔═════════════════════════════════════════════════════════════════════════╗
    ║ Looks like Playwright Test or Playwright was just installed or updated. ║
    ║ Please run the following command to download new browsers:              ║
    ║                                                                         ║
    ║     npx playwright install                                              ║
    ║                                                                         ║
    ║ <3 Playwright Team                                                      ║
    ╚═════════════════════════════════════════════════════════════════════════╝
]]>
</failure>
</testcase>
<testcase name="Cart - Comprehensive E2E Tests › Cart UI/UX › should show loading states appropriately" classname="cart\cart-comprehensive.spec.ts" time="0.007">
<failure message="cart-comprehensive.spec.ts:403:9 should show loading states appropriately" type="FAILURE">
<![CDATA[  [firefox] › cart\cart-comprehensive.spec.ts:403:9 › Cart - Comprehensive E2E Tests › Cart UI/UX › should show loading states appropriately 

    Error: browserType.launch: Executable doesn't exist at C:\Users\JAGZA\AppData\Local\ms-playwright\firefox-1495\firefox\firefox.exe
    ╔═════════════════════════════════════════════════════════════════════════╗
    ║ Looks like Playwright Test or Playwright was just installed or updated. ║
    ║ Please run the following command to download new browsers:              ║
    ║                                                                         ║
    ║     npx playwright install                                              ║
    ║                                                                         ║
    ║ <3 Playwright Team                                                      ║
    ╚═════════════════════════════════════════════════════════════════════════╝
]]>
</failure>
</testcase>
<testcase name="Cart - Comprehensive E2E Tests › Cart UI/UX › should be keyboard accessible" classname="cart\cart-comprehensive.spec.ts" time="0.006">
<failure message="cart-comprehensive.spec.ts:430:9 should be keyboard accessible" type="FAILURE">
<![CDATA[  [firefox] › cart\cart-comprehensive.spec.ts:430:9 › Cart - Comprehensive E2E Tests › Cart UI/UX › should be keyboard accessible 

    Error: browserType.launch: Executable doesn't exist at C:\Users\JAGZA\AppData\Local\ms-playwright\firefox-1495\firefox\firefox.exe
    ╔═════════════════════════════════════════════════════════════════════════╗
    ║ Looks like Playwright Test or Playwright was just installed or updated. ║
    ║ Please run the following command to download new browsers:              ║
    ║                                                                         ║
    ║     npx playwright install                                              ║
    ║                                                                         ║
    ║ <3 Playwright Team                                                      ║
    ╚═════════════════════════════════════════════════════════════════════════╝
]]>
</failure>
</testcase>
<testcase name="Cart - Comprehensive E2E Tests › Cart UI/UX › should work on mobile viewport" classname="cart\cart-comprehensive.spec.ts" time="0.008">
<failure message="cart-comprehensive.spec.ts:449:9 should work on mobile viewport" type="FAILURE">
<![CDATA[  [firefox] › cart\cart-comprehensive.spec.ts:449:9 › Cart - Comprehensive E2E Tests › Cart UI/UX › should work on mobile viewport 

    Error: browserType.launch: Executable doesn't exist at C:\Users\JAGZA\AppData\Local\ms-playwright\firefox-1495\firefox\firefox.exe
    ╔═════════════════════════════════════════════════════════════════════════╗
    ║ Looks like Playwright Test or Playwright was just installed or updated. ║
    ║ Please run the following command to download new browsers:              ║
    ║                                                                         ║
    ║     npx playwright install                                              ║
    ║                                                                         ║
    ║ <3 Playwright Team                                                      ║
    ╚═════════════════════════════════════════════════════════════════════════╝
]]>
</failure>
</testcase>
<testcase name="Cart - Comprehensive E2E Tests › Performance &amp; Load Testing › should handle large cart efficiently" classname="cart\cart-comprehensive.spec.ts" time="0.007">
<failure message="cart-comprehensive.spec.ts:483:9 should handle large cart efficiently" type="FAILURE">
<![CDATA[  [firefox] › cart\cart-comprehensive.spec.ts:483:9 › Cart - Comprehensive E2E Tests › Performance & Load Testing › should handle large cart efficiently 

    Error: browserType.launch: Executable doesn't exist at C:\Users\JAGZA\AppData\Local\ms-playwright\firefox-1495\firefox\firefox.exe
    ╔═════════════════════════════════════════════════════════════════════════╗
    ║ Looks like Playwright Test or Playwright was just installed or updated. ║
    ║ Please run the following command to download new browsers:              ║
    ║                                                                         ║
    ║     npx playwright install                                              ║
    ║                                                                         ║
    ║ <3 Playwright Team                                                      ║
    ╚═════════════════════════════════════════════════════════════════════════╝
]]>
</failure>
</testcase>
<testcase name="Cart - Comprehensive E2E Tests › Performance &amp; Load Testing › should handle rapid add/remove operations" classname="cart\cart-comprehensive.spec.ts" time="0.006">
<failure message="cart-comprehensive.spec.ts:530:9 should handle rapid add/remove operations" type="FAILURE">
<![CDATA[  [firefox] › cart\cart-comprehensive.spec.ts:530:9 › Cart - Comprehensive E2E Tests › Performance & Load Testing › should handle rapid add/remove operations 

    Error: browserType.launch: Executable doesn't exist at C:\Users\JAGZA\AppData\Local\ms-playwright\firefox-1495\firefox\firefox.exe
    ╔═════════════════════════════════════════════════════════════════════════╗
    ║ Looks like Playwright Test or Playwright was just installed or updated. ║
    ║ Please run the following command to download new browsers:              ║
    ║                                                                         ║
    ║     npx playwright install                                              ║
    ║                                                                         ║
    ║ <3 Playwright Team                                                      ║
    ╚═════════════════════════════════════════════════════════════════════════╝
]]>
</failure>
</testcase>
<testcase name="Cart - Comprehensive E2E Tests › Cross-browser Compatibility › should work with different browsers" classname="cart\cart-comprehensive.spec.ts" time="0.006">
<failure message="cart-comprehensive.spec.ts:592:9 should work with different browsers" type="FAILURE">
<![CDATA[  [firefox] › cart\cart-comprehensive.spec.ts:592:9 › Cart - Comprehensive E2E Tests › Cross-browser Compatibility › should work with different browsers 

    Error: browserType.launch: Executable doesn't exist at C:\Users\JAGZA\AppData\Local\ms-playwright\firefox-1495\firefox\firefox.exe
    ╔═════════════════════════════════════════════════════════════════════════╗
    ║ Looks like Playwright Test or Playwright was just installed or updated. ║
    ║ Please run the following command to download new browsers:              ║
    ║                                                                         ║
    ║     npx playwright install                                              ║
    ║                                                                         ║
    ║ <3 Playwright Team                                                      ║
    ╚═════════════════════════════════════════════════════════════════════════╝
]]>
</failure>
</testcase>
</testsuite>
<testsuite name="cart\cart-coupon-tests.spec.ts" timestamp="2025-10-29T19:08:05.826Z" hostname="firefox" tests="12" failures="12" skipped="0" time="0.082" errors="0">
<testcase name="Cart - Coupon System › Coupon Application › should apply valid percentage coupon" classname="cart\cart-coupon-tests.spec.ts" time="0.006">
<failure message="cart-coupon-tests.spec.ts:12:9 should apply valid percentage coupon" type="FAILURE">
<![CDATA[  [firefox] › cart\cart-coupon-tests.spec.ts:12:9 › Cart - Coupon System › Coupon Application › should apply valid percentage coupon 

    Error: browserType.launch: Executable doesn't exist at C:\Users\JAGZA\AppData\Local\ms-playwright\firefox-1495\firefox\firefox.exe
    ╔═════════════════════════════════════════════════════════════════════════╗
    ║ Looks like Playwright Test or Playwright was just installed or updated. ║
    ║ Please run the following command to download new browsers:              ║
    ║                                                                         ║
    ║     npx playwright install                                              ║
    ║                                                                         ║
    ║ <3 Playwright Team                                                      ║
    ╚═════════════════════════════════════════════════════════════════════════╝
]]>
</failure>
</testcase>
<testcase name="Cart - Coupon System › Coupon Application › should apply valid flat discount coupon" classname="cart\cart-coupon-tests.spec.ts" time="0.007">
<failure message="cart-coupon-tests.spec.ts:53:9 should apply valid flat discount coupon" type="FAILURE">
<![CDATA[  [firefox] › cart\cart-coupon-tests.spec.ts:53:9 › Cart - Coupon System › Coupon Application › should apply valid flat discount coupon 

    Error: browserType.launch: Executable doesn't exist at C:\Users\JAGZA\AppData\Local\ms-playwright\firefox-1495\firefox\firefox.exe
    ╔═════════════════════════════════════════════════════════════════════════╗
    ║ Looks like Playwright Test or Playwright was just installed or updated. ║
    ║ Please run the following command to download new browsers:              ║
    ║                                                                         ║
    ║     npx playwright install                                              ║
    ║                                                                         ║
    ║ <3 Playwright Team                                                      ║
    ╚═════════════════════════════════════════════════════════════════════════╝
]]>
</failure>
</testcase>
<testcase name="Cart - Coupon System › Coupon Application › should reject invalid coupon" classname="cart\cart-coupon-tests.spec.ts" time="0.006">
<failure message="cart-coupon-tests.spec.ts:94:9 should reject invalid coupon" type="FAILURE">
<![CDATA[  [firefox] › cart\cart-coupon-tests.spec.ts:94:9 › Cart - Coupon System › Coupon Application › should reject invalid coupon 

    Error: browserType.launch: Executable doesn't exist at C:\Users\JAGZA\AppData\Local\ms-playwright\firefox-1495\firefox\firefox.exe
    ╔═════════════════════════════════════════════════════════════════════════╗
    ║ Looks like Playwright Test or Playwright was just installed or updated. ║
    ║ Please run the following command to download new browsers:              ║
    ║                                                                         ║
    ║     npx playwright install                                              ║
    ║                                                                         ║
    ║ <3 Playwright Team                                                      ║
    ╚═════════════════════════════════════════════════════════════════════════╝
]]>
</failure>
</testcase>
<testcase name="Cart - Coupon System › Coupon Edge Cases › should handle coupon case insensitivity" classname="cart\cart-coupon-tests.spec.ts" time="0.009">
<failure message="cart-coupon-tests.spec.ts:120:9 should handle coupon case insensitivity" type="FAILURE">
<![CDATA[  [firefox] › cart\cart-coupon-tests.spec.ts:120:9 › Cart - Coupon System › Coupon Edge Cases › should handle coupon case insensitivity 

    Error: browserType.launch: Executable doesn't exist at C:\Users\JAGZA\AppData\Local\ms-playwright\firefox-1495\firefox\firefox.exe
    ╔═════════════════════════════════════════════════════════════════════════╗
    ║ Looks like Playwright Test or Playwright was just installed or updated. ║
    ║ Please run the following command to download new browsers:              ║
    ║                                                                         ║
    ║     npx playwright install                                              ║
    ║                                                                         ║
    ║ <3 Playwright Team                                                      ║
    ╚═════════════════════════════════════════════════════════════════════════╝
]]>
</failure>
</testcase>
<testcase name="Cart - Coupon System › Coupon Edge Cases › should allow coupon removal" classname="cart\cart-coupon-tests.spec.ts" time="0.007">
<failure message="cart-coupon-tests.spec.ts:157:9 should allow coupon removal" type="FAILURE">
<![CDATA[  [firefox] › cart\cart-coupon-tests.spec.ts:157:9 › Cart - Coupon System › Coupon Edge Cases › should allow coupon removal 

    Error: browserType.launch: Executable doesn't exist at C:\Users\JAGZA\AppData\Local\ms-playwright\firefox-1495\firefox\firefox.exe
    ╔═════════════════════════════════════════════════════════════════════════╗
    ║ Looks like Playwright Test or Playwright was just installed or updated. ║
    ║ Please run the following command to download new browsers:              ║
    ║                                                                         ║
    ║     npx playwright install                                              ║
    ║                                                                         ║
    ║ <3 Playwright Team                                                      ║
    ╚═════════════════════════════════════════════════════════════════════════╝
]]>
</failure>
</testcase>
<testcase name="Cart - Coupon System › Coupon Edge Cases › should handle multiple coupon applications" classname="cart\cart-coupon-tests.spec.ts" time="0.007">
<failure message="cart-coupon-tests.spec.ts:198:9 should handle multiple coupon applications" type="FAILURE">
<![CDATA[  [firefox] › cart\cart-coupon-tests.spec.ts:198:9 › Cart - Coupon System › Coupon Edge Cases › should handle multiple coupon applications 

    Error: browserType.launch: Executable doesn't exist at C:\Users\JAGZA\AppData\Local\ms-playwright\firefox-1495\firefox\firefox.exe
    ╔═════════════════════════════════════════════════════════════════════════╗
    ║ Looks like Playwright Test or Playwright was just installed or updated. ║
    ║ Please run the following command to download new browsers:              ║
    ║                                                                         ║
    ║     npx playwright install                                              ║
    ║                                                                         ║
    ║ <3 Playwright Team                                                      ║
    ╚═════════════════════════════════════════════════════════════════════════╝
]]>
</failure>
</testcase>
<testcase name="Cart - Coupon System › Coupon Validation › should validate minimum purchase requirements" classname="cart\cart-coupon-tests.spec.ts" time="0.006">
<failure message="cart-coupon-tests.spec.ts:238:9 should validate minimum purchase requirements" type="FAILURE">
<![CDATA[  [firefox] › cart\cart-coupon-tests.spec.ts:238:9 › Cart - Coupon System › Coupon Validation › should validate minimum purchase requirements 

    Error: browserType.launch: Executable doesn't exist at C:\Users\JAGZA\AppData\Local\ms-playwright\firefox-1495\firefox\firefox.exe
    ╔═════════════════════════════════════════════════════════════════════════╗
    ║ Looks like Playwright Test or Playwright was just installed or updated. ║
    ║ Please run the following command to download new browsers:              ║
    ║                                                                         ║
    ║     npx playwright install                                              ║
    ║                                                                         ║
    ║ <3 Playwright Team                                                      ║
    ╚═════════════════════════════════════════════════════════════════════════╝
]]>
</failure>
</testcase>
<testcase name="Cart - Coupon System › Coupon Validation › should handle expired coupons" classname="cart\cart-coupon-tests.spec.ts" time="0.006">
<failure message="cart-coupon-tests.spec.ts:277:9 should handle expired coupons" type="FAILURE">
<![CDATA[  [firefox] › cart\cart-coupon-tests.spec.ts:277:9 › Cart - Coupon System › Coupon Validation › should handle expired coupons 

    Error: browserType.launch: Executable doesn't exist at C:\Users\JAGZA\AppData\Local\ms-playwright\firefox-1495\firefox\firefox.exe
    ╔═════════════════════════════════════════════════════════════════════════╗
    ║ Looks like Playwright Test or Playwright was just installed or updated. ║
    ║ Please run the following command to download new browsers:              ║
    ║                                                                         ║
    ║     npx playwright install                                              ║
    ║                                                                         ║
    ║ <3 Playwright Team                                                      ║
    ╚═════════════════════════════════════════════════════════════════════════╝
]]>
</failure>
</testcase>
<testcase name="Cart - Coupon System › Coupon Validation › should prevent coupon abuse" classname="cart\cart-coupon-tests.spec.ts" time="0.006">
<failure message="cart-coupon-tests.spec.ts:298:9 should prevent coupon abuse" type="FAILURE">
<![CDATA[  [firefox] › cart\cart-coupon-tests.spec.ts:298:9 › Cart - Coupon System › Coupon Validation › should prevent coupon abuse 

    Error: browserType.launch: Executable doesn't exist at C:\Users\JAGZA\AppData\Local\ms-playwright\firefox-1495\firefox\firefox.exe
    ╔═════════════════════════════════════════════════════════════════════════╗
    ║ Looks like Playwright Test or Playwright was just installed or updated. ║
    ║ Please run the following command to download new browsers:              ║
    ║                                                                         ║
    ║     npx playwright install                                              ║
    ║                                                                         ║
    ║ <3 Playwright Team                                                      ║
    ╚═════════════════════════════════════════════════════════════════════════╝
]]>
</failure>
</testcase>
<testcase name="Cart - Coupon System › Discount Calculations › should calculate percentage discounts correctly" classname="cart\cart-coupon-tests.spec.ts" time="0.006">
<failure message="cart-coupon-tests.spec.ts:337:9 should calculate percentage discounts correctly" type="FAILURE">
<![CDATA[  [firefox] › cart\cart-coupon-tests.spec.ts:337:9 › Cart - Coupon System › Discount Calculations › should calculate percentage discounts correctly 

    Error: browserType.launch: Executable doesn't exist at C:\Users\JAGZA\AppData\Local\ms-playwright\firefox-1495\firefox\firefox.exe
    ╔═════════════════════════════════════════════════════════════════════════╗
    ║ Looks like Playwright Test or Playwright was just installed or updated. ║
    ║ Please run the following command to download new browsers:              ║
    ║                                                                         ║
    ║     npx playwright install                                              ║
    ║                                                                         ║
    ║ <3 Playwright Team                                                      ║
    ╚═════════════════════════════════════════════════════════════════════════╝
]]>
</failure>
</testcase>
<testcase name="Cart - Coupon System › Discount Calculations › should calculate flat discounts correctly" classname="cart\cart-coupon-tests.spec.ts" time="0.008">
<failure message="cart-coupon-tests.spec.ts:381:9 should calculate flat discounts correctly" type="FAILURE">
<![CDATA[  [firefox] › cart\cart-coupon-tests.spec.ts:381:9 › Cart - Coupon System › Discount Calculations › should calculate flat discounts correctly 

    Error: browserType.launch: Executable doesn't exist at C:\Users\JAGZA\AppData\Local\ms-playwright\firefox-1495\firefox\firefox.exe
    ╔═════════════════════════════════════════════════════════════════════════╗
    ║ Looks like Playwright Test or Playwright was just installed or updated. ║
    ║ Please run the following command to download new browsers:              ║
    ║                                                                         ║
    ║     npx playwright install                                              ║
    ║                                                                         ║
    ║ <3 Playwright Team                                                      ║
    ╚═════════════════════════════════════════════════════════════════════════╝
]]>
</failure>
</testcase>
<testcase name="Cart - Coupon System › Discount Calculations › should not allow negative totals" classname="cart\cart-coupon-tests.spec.ts" time="0.008">
<failure message="cart-coupon-tests.spec.ts:418:9 should not allow negative totals" type="FAILURE">
<![CDATA[  [firefox] › cart\cart-coupon-tests.spec.ts:418:9 › Cart - Coupon System › Discount Calculations › should not allow negative totals 

    Error: browserType.launch: Executable doesn't exist at C:\Users\JAGZA\AppData\Local\ms-playwright\firefox-1495\firefox\firefox.exe
    ╔═════════════════════════════════════════════════════════════════════════╗
    ║ Looks like Playwright Test or Playwright was just installed or updated. ║
    ║ Please run the following command to download new browsers:              ║
    ║                                                                         ║
    ║     npx playwright install                                              ║
    ║                                                                         ║
    ║ <3 Playwright Team                                                      ║
    ╚═════════════════════════════════════════════════════════════════════════╝
]]>
</failure>
</testcase>
</testsuite>
<testsuite name="cart\cart-edge-cases.spec.ts" timestamp="2025-10-29T19:08:05.826Z" hostname="firefox" tests="14" failures="14" skipped="0" time="0.094" errors="0">
<testcase name="Cart - Edge Cases &amp; Error Handling › Boundary Conditions › should handle maximum quantity limits" classname="cart\cart-edge-cases.spec.ts" time="0.008">
<failure message="cart-edge-cases.spec.ts:12:9 should handle maximum quantity limits" type="FAILURE">
<![CDATA[  [firefox] › cart\cart-edge-cases.spec.ts:12:9 › Cart - Edge Cases & Error Handling › Boundary Conditions › should handle maximum quantity limits 

    Error: browserType.launch: Executable doesn't exist at C:\Users\JAGZA\AppData\Local\ms-playwright\firefox-1495\firefox\firefox.exe
    ╔═════════════════════════════════════════════════════════════════════════╗
    ║ Looks like Playwright Test or Playwright was just installed or updated. ║
    ║ Please run the following command to download new browsers:              ║
    ║                                                                         ║
    ║     npx playwright install                                              ║
    ║                                                                         ║
    ║ <3 Playwright Team                                                      ║
    ╚═════════════════════════════════════════════════════════════════════════╝
]]>
</failure>
</testcase>
<testcase name="Cart - Edge Cases &amp; Error Handling › Boundary Conditions › should handle zero quantity gracefully" classname="cart\cart-edge-cases.spec.ts" time="0.008">
<failure message="cart-edge-cases.spec.ts:51:9 should handle zero quantity gracefully" type="FAILURE">
<![CDATA[  [firefox] › cart\cart-edge-cases.spec.ts:51:9 › Cart - Edge Cases & Error Handling › Boundary Conditions › should handle zero quantity gracefully 

    Error: browserType.launch: Executable doesn't exist at C:\Users\JAGZA\AppData\Local\ms-playwright\firefox-1495\firefox\firefox.exe
    ╔═════════════════════════════════════════════════════════════════════════╗
    ║ Looks like Playwright Test or Playwright was just installed or updated. ║
    ║ Please run the following command to download new browsers:              ║
    ║                                                                         ║
    ║     npx playwright install                                              ║
    ║                                                                         ║
    ║ <3 Playwright Team                                                      ║
    ╚═════════════════════════════════════════════════════════════════════════╝
]]>
</failure>
</testcase>
<testcase name="Cart - Edge Cases &amp; Error Handling › Boundary Conditions › should handle negative quantities in localStorage" classname="cart\cart-edge-cases.spec.ts" time="0.006">
<failure message="cart-edge-cases.spec.ts:85:9 should handle negative quantities in localStorage" type="FAILURE">
<![CDATA[  [firefox] › cart\cart-edge-cases.spec.ts:85:9 › Cart - Edge Cases & Error Handling › Boundary Conditions › should handle negative quantities in localStorage 

    Error: browserType.launch: Executable doesn't exist at C:\Users\JAGZA\AppData\Local\ms-playwright\firefox-1495\firefox\firefox.exe
    ╔═════════════════════════════════════════════════════════════════════════╗
    ║ Looks like Playwright Test or Playwright was just installed or updated. ║
    ║ Please run the following command to download new browsers:              ║
    ║                                                                         ║
    ║     npx playwright install                                              ║
    ║                                                                         ║
    ║ <3 Playwright Team                                                      ║
    ╚═════════════════════════════════════════════════════════════════════════╝
]]>
</failure>
</testcase>
<testcase name="Cart - Edge Cases &amp; Error Handling › Error Recovery › should recover from corrupted localStorage" classname="cart\cart-edge-cases.spec.ts" time="0.007">
<failure message="cart-edge-cases.spec.ts:120:9 should recover from corrupted localStorage" type="FAILURE">
<![CDATA[  [firefox] › cart\cart-edge-cases.spec.ts:120:9 › Cart - Edge Cases & Error Handling › Error Recovery › should recover from corrupted localStorage 

    Error: browserType.launch: Executable doesn't exist at C:\Users\JAGZA\AppData\Local\ms-playwright\firefox-1495\firefox\firefox.exe
    ╔═════════════════════════════════════════════════════════════════════════╗
    ║ Looks like Playwright Test or Playwright was just installed or updated. ║
    ║ Please run the following command to download new browsers:              ║
    ║                                                                         ║
    ║     npx playwright install                                              ║
    ║                                                                         ║
    ║ <3 Playwright Team                                                      ║
    ╚═════════════════════════════════════════════════════════════════════════╝
]]>
</failure>
</testcase>
<testcase name="Cart - Edge Cases &amp; Error Handling › Error Recovery › should handle network failures during cart operations" classname="cart\cart-edge-cases.spec.ts" time="0.007">
<failure message="cart-edge-cases.spec.ts:155:9 should handle network failures during cart operations" type="FAILURE">
<![CDATA[  [firefox] › cart\cart-edge-cases.spec.ts:155:9 › Cart - Edge Cases & Error Handling › Error Recovery › should handle network failures during cart operations 

    Error: browserType.launch: Executable doesn't exist at C:\Users\JAGZA\AppData\Local\ms-playwright\firefox-1495\firefox\firefox.exe
    ╔═════════════════════════════════════════════════════════════════════════╗
    ║ Looks like Playwright Test or Playwright was just installed or updated. ║
    ║ Please run the following command to download new browsers:              ║
    ║                                                                         ║
    ║     npx playwright install                                              ║
    ║                                                                         ║
    ║ <3 Playwright Team                                                      ║
    ╚═════════════════════════════════════════════════════════════════════════╝
]]>
</failure>
</testcase>
<testcase name="Cart - Edge Cases &amp; Error Handling › Error Recovery › should handle concurrent cart modifications" classname="cart\cart-edge-cases.spec.ts" time="0.006">
<failure message="cart-edge-cases.spec.ts:203:9 should handle concurrent cart modifications" type="FAILURE">
<![CDATA[  [firefox] › cart\cart-edge-cases.spec.ts:203:9 › Cart - Edge Cases & Error Handling › Error Recovery › should handle concurrent cart modifications 

    Error: browserType.launch: Executable doesn't exist at C:\Users\JAGZA\AppData\Local\ms-playwright\firefox-1495\firefox\firefox.exe
    ╔═════════════════════════════════════════════════════════════════════════╗
    ║ Looks like Playwright Test or Playwright was just installed or updated. ║
    ║ Please run the following command to download new browsers:              ║
    ║                                                                         ║
    ║     npx playwright install                                              ║
    ║                                                                         ║
    ║ <3 Playwright Team                                                      ║
    ╚═════════════════════════════════════════════════════════════════════════╝
]]>
</failure>
</testcase>
<testcase name="Cart - Edge Cases &amp; Error Handling › Data Integrity › should deduplicate identical items" classname="cart\cart-edge-cases.spec.ts" time="0.006">
<failure message="cart-edge-cases.spec.ts:260:9 should deduplicate identical items" type="FAILURE">
<![CDATA[  [firefox] › cart\cart-edge-cases.spec.ts:260:9 › Cart - Edge Cases & Error Handling › Data Integrity › should deduplicate identical items 

    Error: browserType.launch: Executable doesn't exist at C:\Users\JAGZA\AppData\Local\ms-playwright\firefox-1495\firefox\firefox.exe
    ╔═════════════════════════════════════════════════════════════════════════╗
    ║ Looks like Playwright Test or Playwright was just installed or updated. ║
    ║ Please run the following command to download new browsers:              ║
    ║                                                                         ║
    ║     npx playwright install                                              ║
    ║                                                                         ║
    ║ <3 Playwright Team                                                      ║
    ╚═════════════════════════════════════════════════════════════════════════╝
]]>
</failure>
</testcase>
<testcase name="Cart - Edge Cases &amp; Error Handling › Data Integrity › should handle items with missing required fields" classname="cart\cart-edge-cases.spec.ts" time="0.007">
<failure message="cart-edge-cases.spec.ts:298:9 should handle items with missing required fields" type="FAILURE">
<![CDATA[  [firefox] › cart\cart-edge-cases.spec.ts:298:9 › Cart - Edge Cases & Error Handling › Data Integrity › should handle items with missing required fields 

    Error: browserType.launch: Executable doesn't exist at C:\Users\JAGZA\AppData\Local\ms-playwright\firefox-1495\firefox\firefox.exe
    ╔═════════════════════════════════════════════════════════════════════════╗
    ║ Looks like Playwright Test or Playwright was just installed or updated. ║
    ║ Please run the following command to download new browsers:              ║
    ║                                                                         ║
    ║     npx playwright install                                              ║
    ║                                                                         ║
    ║ <3 Playwright Team                                                      ║
    ╚═════════════════════════════════════════════════════════════════════════╝
]]>
</failure>
</testcase>
<testcase name="Cart - Edge Cases &amp; Error Handling › Data Integrity › should validate price data types" classname="cart\cart-edge-cases.spec.ts" time="0.006">
<failure message="cart-edge-cases.spec.ts:331:9 should validate price data types" type="FAILURE">
<![CDATA[  [firefox] › cart\cart-edge-cases.spec.ts:331:9 › Cart - Edge Cases & Error Handling › Data Integrity › should validate price data types 

    Error: browserType.launch: Executable doesn't exist at C:\Users\JAGZA\AppData\Local\ms-playwright\firefox-1495\firefox\firefox.exe
    ╔═════════════════════════════════════════════════════════════════════════╗
    ║ Looks like Playwright Test or Playwright was just installed or updated. ║
    ║ Please run the following command to download new browsers:              ║
    ║                                                                         ║
    ║     npx playwright install                                              ║
    ║                                                                         ║
    ║ <3 Playwright Team                                                      ║
    ╚═════════════════════════════════════════════════════════════════════════╝
]]>
</failure>
</testcase>
<testcase name="Cart - Edge Cases &amp; Error Handling › Performance Edge Cases › should handle very large cart data" classname="cart\cart-edge-cases.spec.ts" time="0.007">
<failure message="cart-edge-cases.spec.ts:373:9 should handle very large cart data" type="FAILURE">
<![CDATA[  [firefox] › cart\cart-edge-cases.spec.ts:373:9 › Cart - Edge Cases & Error Handling › Performance Edge Cases › should handle very large cart data 

    Error: browserType.launch: Executable doesn't exist at C:\Users\JAGZA\AppData\Local\ms-playwright\firefox-1495\firefox\firefox.exe
    ╔═════════════════════════════════════════════════════════════════════════╗
    ║ Looks like Playwright Test or Playwright was just installed or updated. ║
    ║ Please run the following command to download new browsers:              ║
    ║                                                                         ║
    ║     npx playwright install                                              ║
    ║                                                                         ║
    ║ <3 Playwright Team                                                      ║
    ╚═════════════════════════════════════════════════════════════════════════╝
]]>
</failure>
</testcase>
<testcase name="Cart - Edge Cases &amp; Error Handling › Performance Edge Cases › should handle rapid state changes" classname="cart\cart-edge-cases.spec.ts" time="0.007">
<failure message="cart-edge-cases.spec.ts:417:9 should handle rapid state changes" type="FAILURE">
<![CDATA[  [firefox] › cart\cart-edge-cases.spec.ts:417:9 › Cart - Edge Cases & Error Handling › Performance Edge Cases › should handle rapid state changes 

    Error: browserType.launch: Executable doesn't exist at C:\Users\JAGZA\AppData\Local\ms-playwright\firefox-1495\firefox\firefox.exe
    ╔═════════════════════════════════════════════════════════════════════════╗
    ║ Looks like Playwright Test or Playwright was just installed or updated. ║
    ║ Please run the following command to download new browsers:              ║
    ║                                                                         ║
    ║     npx playwright install                                              ║
    ║                                                                         ║
    ║ <3 Playwright Team                                                      ║
    ╚═════════════════════════════════════════════════════════════════════════╝
]]>
</failure>
</testcase>
<testcase name="Cart - Edge Cases &amp; Error Handling › Accessibility &amp; Usability › should maintain focus during cart operations" classname="cart\cart-edge-cases.spec.ts" time="0.007">
<failure message="cart-edge-cases.spec.ts:478:9 should maintain focus during cart operations" type="FAILURE">
<![CDATA[  [firefox] › cart\cart-edge-cases.spec.ts:478:9 › Cart - Edge Cases & Error Handling › Accessibility & Usability › should maintain focus during cart operations 

    Error: browserType.launch: Executable doesn't exist at C:\Users\JAGZA\AppData\Local\ms-playwright\firefox-1495\firefox\firefox.exe
    ╔═════════════════════════════════════════════════════════════════════════╗
    ║ Looks like Playwright Test or Playwright was just installed or updated. ║
    ║ Please run the following command to download new browsers:              ║
    ║                                                                         ║
    ║     npx playwright install                                              ║
    ║                                                                         ║
    ║ <3 Playwright Team                                                      ║
    ╚═════════════════════════════════════════════════════════════════════════╝
]]>
</failure>
</testcase>
<testcase name="Cart - Edge Cases &amp; Error Handling › Accessibility &amp; Usability › should provide clear error messages" classname="cart\cart-edge-cases.spec.ts" time="0.006">
<failure message="cart-edge-cases.spec.ts:504:9 should provide clear error messages" type="FAILURE">
<![CDATA[  [firefox] › cart\cart-edge-cases.spec.ts:504:9 › Cart - Edge Cases & Error Handling › Accessibility & Usability › should provide clear error messages 

    Error: browserType.launch: Executable doesn't exist at C:\Users\JAGZA\AppData\Local\ms-playwright\firefox-1495\firefox\firefox.exe
    ╔═════════════════════════════════════════════════════════════════════════╗
    ║ Looks like Playwright Test or Playwright was just installed or updated. ║
    ║ Please run the following command to download new browsers:              ║
    ║                                                                         ║
    ║     npx playwright install                                              ║
    ║                                                                         ║
    ║ <3 Playwright Team                                                      ║
    ╚═════════════════════════════════════════════════════════════════════════╝
]]>
</failure>
</testcase>
<testcase name="Cart - Edge Cases &amp; Error Handling › Accessibility &amp; Usability › should handle very long item names" classname="cart\cart-edge-cases.spec.ts" time="0.006">
<failure message="cart-edge-cases.spec.ts:527:9 should handle very long item names" type="FAILURE">
<![CDATA[  [firefox] › cart\cart-edge-cases.spec.ts:527:9 › Cart - Edge Cases & Error Handling › Accessibility & Usability › should handle very long item names 

    Error: browserType.launch: Executable doesn't exist at C:\Users\JAGZA\AppData\Local\ms-playwright\firefox-1495\firefox\firefox.exe
    ╔═════════════════════════════════════════════════════════════════════════╗
    ║ Looks like Playwright Test or Playwright was just installed or updated. ║
    ║ Please run the following command to download new browsers:              ║
    ║                                                                         ║
    ║     npx playwright install                                              ║
    ║                                                                         ║
    ║ <3 Playwright Team                                                      ║
    ╚═════════════════════════════════════════════════════════════════════════╝
]]>
</failure>
</testcase>
</testsuite>
<testsuite name="cart\cart-mobile-responsive.spec.ts" timestamp="2025-10-29T19:08:05.826Z" hostname="firefox" tests="12" failures="12" skipped="0" time="0.09" errors="0">
<testcase name="Cart - Mobile &amp; Responsive › Mobile Viewport Tests › should work on iPhone SE" classname="cart\cart-mobile-responsive.spec.ts" time="0.006">
<failure message="cart-mobile-responsive.spec.ts:12:9 should work on iPhone SE" type="FAILURE">
<![CDATA[  [firefox] › cart\cart-mobile-responsive.spec.ts:12:9 › Cart - Mobile & Responsive › Mobile Viewport Tests › should work on iPhone SE 

    Error: browserType.launch: Executable doesn't exist at C:\Users\JAGZA\AppData\Local\ms-playwright\firefox-1495\firefox\firefox.exe
    ╔═════════════════════════════════════════════════════════════════════════╗
    ║ Looks like Playwright Test or Playwright was just installed or updated. ║
    ║ Please run the following command to download new browsers:              ║
    ║                                                                         ║
    ║     npx playwright install                                              ║
    ║                                                                         ║
    ║ <3 Playwright Team                                                      ║
    ╚═════════════════════════════════════════════════════════════════════════╝
]]>
</failure>
</testcase>
<testcase name="Cart - Mobile &amp; Responsive › Mobile Viewport Tests › should work on iPhone 12 Pro Max" classname="cart\cart-mobile-responsive.spec.ts" time="0.007">
<failure message="cart-mobile-responsive.spec.ts:54:9 should work on iPhone 12 Pro Max" type="FAILURE">
<![CDATA[  [firefox] › cart\cart-mobile-responsive.spec.ts:54:9 › Cart - Mobile & Responsive › Mobile Viewport Tests › should work on iPhone 12 Pro Max 

    Error: browserType.launch: Executable doesn't exist at C:\Users\JAGZA\AppData\Local\ms-playwright\firefox-1495\firefox\firefox.exe
    ╔═════════════════════════════════════════════════════════════════════════╗
    ║ Looks like Playwright Test or Playwright was just installed or updated. ║
    ║ Please run the following command to download new browsers:              ║
    ║                                                                         ║
    ║     npx playwright install                                              ║
    ║                                                                         ║
    ║ <3 Playwright Team                                                      ║
    ╚═════════════════════════════════════════════════════════════════════════╝
]]>
</failure>
</testcase>
<testcase name="Cart - Mobile &amp; Responsive › Mobile Viewport Tests › should work on Galaxy S21" classname="cart\cart-mobile-responsive.spec.ts" time="0.008">
<failure message="cart-mobile-responsive.spec.ts:86:9 should work on Galaxy S21" type="FAILURE">
<![CDATA[  [firefox] › cart\cart-mobile-responsive.spec.ts:86:9 › Cart - Mobile & Responsive › Mobile Viewport Tests › should work on Galaxy S21 

    Error: browserType.launch: Executable doesn't exist at C:\Users\JAGZA\AppData\Local\ms-playwright\firefox-1495\firefox\firefox.exe
    ╔═════════════════════════════════════════════════════════════════════════╗
    ║ Looks like Playwright Test or Playwright was just installed or updated. ║
    ║ Please run the following command to download new browsers:              ║
    ║                                                                         ║
    ║     npx playwright install                                              ║
    ║                                                                         ║
    ║ <3 Playwright Team                                                      ║
    ╚═════════════════════════════════════════════════════════════════════════╝
]]>
</failure>
</testcase>
<testcase name="Cart - Mobile &amp; Responsive › Tablet Viewport Tests › should work on iPad" classname="cart\cart-mobile-responsive.spec.ts" time="0.007">
<failure message="cart-mobile-responsive.spec.ts:124:9 should work on iPad" type="FAILURE">
<![CDATA[  [firefox] › cart\cart-mobile-responsive.spec.ts:124:9 › Cart - Mobile & Responsive › Tablet Viewport Tests › should work on iPad 

    Error: browserType.launch: Executable doesn't exist at C:\Users\JAGZA\AppData\Local\ms-playwright\firefox-1495\firefox\firefox.exe
    ╔═════════════════════════════════════════════════════════════════════════╗
    ║ Looks like Playwright Test or Playwright was just installed or updated. ║
    ║ Please run the following command to download new browsers:              ║
    ║                                                                         ║
    ║     npx playwright install                                              ║
    ║                                                                         ║
    ║ <3 Playwright Team                                                      ║
    ╚═════════════════════════════════════════════════════════════════════════╝
]]>
</failure>
</testcase>
<testcase name="Cart - Mobile &amp; Responsive › Tablet Viewport Tests › should work on iPad Pro" classname="cart\cart-mobile-responsive.spec.ts" time="0.007">
<failure message="cart-mobile-responsive.spec.ts:167:9 should work on iPad Pro" type="FAILURE">
<![CDATA[  [firefox] › cart\cart-mobile-responsive.spec.ts:167:9 › Cart - Mobile & Responsive › Tablet Viewport Tests › should work on iPad Pro 

    Error: browserType.launch: Executable doesn't exist at C:\Users\JAGZA\AppData\Local\ms-playwright\firefox-1495\firefox\firefox.exe
    ╔═════════════════════════════════════════════════════════════════════════╗
    ║ Looks like Playwright Test or Playwright was just installed or updated. ║
    ║ Please run the following command to download new browsers:              ║
    ║                                                                         ║
    ║     npx playwright install                                              ║
    ║                                                                         ║
    ║ <3 Playwright Team                                                      ║
    ╚═════════════════════════════════════════════════════════════════════════╝
]]>
</failure>
</testcase>
<testcase name="Cart - Mobile &amp; Responsive › Desktop Responsive Tests › should adapt to different desktop screen sizes" classname="cart\cart-mobile-responsive.spec.ts" time="0.011">
<failure message="cart-mobile-responsive.spec.ts:212:9 should adapt to different desktop screen sizes" type="FAILURE">
<![CDATA[  [firefox] › cart\cart-mobile-responsive.spec.ts:212:9 › Cart - Mobile & Responsive › Desktop Responsive Tests › should adapt to different desktop screen sizes 

    Error: browserType.launch: Executable doesn't exist at C:\Users\JAGZA\AppData\Local\ms-playwright\firefox-1495\firefox\firefox.exe
    ╔═════════════════════════════════════════════════════════════════════════╗
    ║ Looks like Playwright Test or Playwright was just installed or updated. ║
    ║ Please run the following command to download new browsers:              ║
    ║                                                                         ║
    ║     npx playwright install                                              ║
    ║                                                                         ║
    ║ <3 Playwright Team                                                      ║
    ╚═════════════════════════════════════════════════════════════════════════╝
]]>
</failure>
</testcase>
<testcase name="Cart - Mobile &amp; Responsive › Touch &amp; Gesture Tests › should handle touch gestures on mobile" classname="cart\cart-mobile-responsive.spec.ts" time="0.01">
<failure message="cart-mobile-responsive.spec.ts:261:9 should handle touch gestures on mobile" type="FAILURE">
<![CDATA[  [firefox] › cart\cart-mobile-responsive.spec.ts:261:9 › Cart - Mobile & Responsive › Touch & Gesture Tests › should handle touch gestures on mobile 

    Error: browserType.launch: Executable doesn't exist at C:\Users\JAGZA\AppData\Local\ms-playwright\firefox-1495\firefox\firefox.exe
    ╔═════════════════════════════════════════════════════════════════════════╗
    ║ Looks like Playwright Test or Playwright was just installed or updated. ║
    ║ Please run the following command to download new browsers:              ║
    ║                                                                         ║
    ║     npx playwright install                                              ║
    ║                                                                         ║
    ║ <3 Playwright Team                                                      ║
    ╚═════════════════════════════════════════════════════════════════════════╝
]]>
</failure>
</testcase>
<testcase name="Cart - Mobile &amp; Responsive › Touch &amp; Gesture Tests › should handle swipe gestures for cart navigation" classname="cart\cart-mobile-responsive.spec.ts" time="0.007">
<failure message="cart-mobile-responsive.spec.ts:300:9 should handle swipe gestures for cart navigation" type="FAILURE">
<![CDATA[  [firefox] › cart\cart-mobile-responsive.spec.ts:300:9 › Cart - Mobile & Responsive › Touch & Gesture Tests › should handle swipe gestures for cart navigation 

    Error: browserType.launch: Executable doesn't exist at C:\Users\JAGZA\AppData\Local\ms-playwright\firefox-1495\firefox\firefox.exe
    ╔═════════════════════════════════════════════════════════════════════════╗
    ║ Looks like Playwright Test or Playwright was just installed or updated. ║
    ║ Please run the following command to download new browsers:              ║
    ║                                                                         ║
    ║     npx playwright install                                              ║
    ║                                                                         ║
    ║ <3 Playwright Team                                                      ║
    ╚═════════════════════════════════════════════════════════════════════════╝
]]>
</failure>
</testcase>
<testcase name="Cart - Mobile &amp; Responsive › Orientation Tests › should handle orientation changes" classname="cart\cart-mobile-responsive.spec.ts" time="0.006">
<failure message="cart-mobile-responsive.spec.ts:342:9 should handle orientation changes" type="FAILURE">
<![CDATA[  [firefox] › cart\cart-mobile-responsive.spec.ts:342:9 › Cart - Mobile & Responsive › Orientation Tests › should handle orientation changes 

    Error: browserType.launch: Executable doesn't exist at C:\Users\JAGZA\AppData\Local\ms-playwright\firefox-1495\firefox\firefox.exe
    ╔═════════════════════════════════════════════════════════════════════════╗
    ║ Looks like Playwright Test or Playwright was just installed or updated. ║
    ║ Please run the following command to download new browsers:              ║
    ║                                                                         ║
    ║     npx playwright install                                              ║
    ║                                                                         ║
    ║ <3 Playwright Team                                                      ║
    ╚═════════════════════════════════════════════════════════════════════════╝
]]>
</failure>
</testcase>
<testcase name="Cart - Mobile &amp; Responsive › Accessibility on Mobile › should maintain accessibility on small screens" classname="cart\cart-mobile-responsive.spec.ts" time="0.007">
<failure message="cart-mobile-responsive.spec.ts:390:9 should maintain accessibility on small screens" type="FAILURE">
<![CDATA[  [firefox] › cart\cart-mobile-responsive.spec.ts:390:9 › Cart - Mobile & Responsive › Accessibility on Mobile › should maintain accessibility on small screens 

    Error: browserType.launch: Executable doesn't exist at C:\Users\JAGZA\AppData\Local\ms-playwright\firefox-1495\firefox\firefox.exe
    ╔═════════════════════════════════════════════════════════════════════════╗
    ║ Looks like Playwright Test or Playwright was just installed or updated. ║
    ║ Please run the following command to download new browsers:              ║
    ║                                                                         ║
    ║     npx playwright install                                              ║
    ║                                                                         ║
    ║ <3 Playwright Team                                                      ║
    ╚═════════════════════════════════════════════════════════════════════════╝
]]>
</failure>
</testcase>
<testcase name="Cart - Mobile &amp; Responsive › Accessibility on Mobile › should support keyboard navigation on tablets" classname="cart\cart-mobile-responsive.spec.ts" time="0.007">
<failure message="cart-mobile-responsive.spec.ts:433:9 should support keyboard navigation on tablets" type="FAILURE">
<![CDATA[  [firefox] › cart\cart-mobile-responsive.spec.ts:433:9 › Cart - Mobile & Responsive › Accessibility on Mobile › should support keyboard navigation on tablets 

    Error: browserType.launch: Executable doesn't exist at C:\Users\JAGZA\AppData\Local\ms-playwright\firefox-1495\firefox\firefox.exe
    ╔═════════════════════════════════════════════════════════════════════════╗
    ║ Looks like Playwright Test or Playwright was just installed or updated. ║
    ║ Please run the following command to download new browsers:              ║
    ║                                                                         ║
    ║     npx playwright install                                              ║
    ║                                                                         ║
    ║ <3 Playwright Team                                                      ║
    ╚═════════════════════════════════════════════════════════════════════════╝
]]>
</failure>
</testcase>
<testcase name="Cart - Mobile &amp; Responsive › Performance on Mobile › should load quickly on slow mobile connections" classname="cart\cart-mobile-responsive.spec.ts" time="0.007">
<failure message="cart-mobile-responsive.spec.ts:482:9 should load quickly on slow mobile connections" type="FAILURE">
<![CDATA[  [firefox] › cart\cart-mobile-responsive.spec.ts:482:9 › Cart - Mobile & Responsive › Performance on Mobile › should load quickly on slow mobile connections 

    Error: browserType.launch: Executable doesn't exist at C:\Users\JAGZA\AppData\Local\ms-playwright\firefox-1495\firefox\firefox.exe
    ╔═════════════════════════════════════════════════════════════════════════╗
    ║ Looks like Playwright Test or Playwright was just installed or updated. ║
    ║ Please run the following command to download new browsers:              ║
    ║                                                                         ║
    ║     npx playwright install                                              ║
    ║                                                                         ║
    ║ <3 Playwright Team                                                      ║
    ╚═════════════════════════════════════════════════════════════════════════╝
]]>
</failure>
</testcase>
</testsuite>
<testsuite name="cart\cart-multiple-items-corrected.spec.ts" timestamp="2025-10-29T19:08:05.826Z" hostname="firefox" tests="3" failures="3" skipped="0" time="0.019" errors="0">
<testcase name="Cart - Multiple Items (CORRECTED) › should handle multiple items with correct price calculations" classname="cart\cart-multiple-items-corrected.spec.ts" time="0.007">
<failure message="cart-multiple-items-corrected.spec.ts:11:7 should handle multiple items with correct price calculations" type="FAILURE">
<![CDATA[  [firefox] › cart\cart-multiple-items-corrected.spec.ts:11:7 › Cart - Multiple Items (CORRECTED) › should handle multiple items with correct price calculations 

    Error: browserType.launch: Executable doesn't exist at C:\Users\JAGZA\AppData\Local\ms-playwright\firefox-1495\firefox\firefox.exe
    ╔═════════════════════════════════════════════════════════════════════════╗
    ║ Looks like Playwright Test or Playwright was just installed or updated. ║
    ║ Please run the following command to download new browsers:              ║
    ║                                                                         ║
    ║     npx playwright install                                              ║
    ║                                                                         ║
    ║ <3 Playwright Team                                                      ║
    ╚═════════════════════════════════════════════════════════════════════════╝
]]>
</failure>
</testcase>
<testcase name="Cart - Multiple Items (CORRECTED) › should display correct unit prices for items with quantity &gt; 1" classname="cart\cart-multiple-items-corrected.spec.ts" time="0.006">
<failure message="cart-multiple-items-corrected.spec.ts:128:7 should display correct unit prices for items with quantity &gt; 1" type="FAILURE">
<![CDATA[  [firefox] › cart\cart-multiple-items-corrected.spec.ts:128:7 › Cart - Multiple Items (CORRECTED) › should display correct unit prices for items with quantity > 1 

    Error: browserType.launch: Executable doesn't exist at C:\Users\JAGZA\AppData\Local\ms-playwright\firefox-1495\firefox\firefox.exe
    ╔═════════════════════════════════════════════════════════════════════════╗
    ║ Looks like Playwright Test or Playwright was just installed or updated. ║
    ║ Please run the following command to download new browsers:              ║
    ║                                                                         ║
    ║     npx playwright install                                              ║
    ║                                                                         ║
    ║ <3 Playwright Team                                                      ║
    ╚═════════════════════════════════════════════════════════════════════════╝
]]>
</failure>
</testcase>
<testcase name="Cart - Multiple Items (CORRECTED) › should not crash when adding multiple items of same product" classname="cart\cart-multiple-items-corrected.spec.ts" time="0.006">
<failure message="cart-multiple-items-corrected.spec.ts:177:7 should not crash when adding multiple items of same product" type="FAILURE">
<![CDATA[  [firefox] › cart\cart-multiple-items-corrected.spec.ts:177:7 › Cart - Multiple Items (CORRECTED) › should not crash when adding multiple items of same product 

    Error: browserType.launch: Executable doesn't exist at C:\Users\JAGZA\AppData\Local\ms-playwright\firefox-1495\firefox\firefox.exe
    ╔═════════════════════════════════════════════════════════════════════════╗
    ║ Looks like Playwright Test or Playwright was just installed or updated. ║
    ║ Please run the following command to download new browsers:              ║
    ║                                                                         ║
    ║     npx playwright install                                              ║
    ║                                                                         ║
    ║ <3 Playwright Team                                                      ║
    ╚═════════════════════════════════════════════════════════════════════════╝
]]>
</failure>
</testcase>
</testsuite>
<testsuite name="cart\cart-multiple-items.spec.ts" timestamp="2025-10-29T19:08:05.826Z" hostname="firefox" tests="3" failures="3" skipped="0" time="0.02" errors="0">
<testcase name="Cart - Multiple Items › should handle multiple items with correct price calculations" classname="cart\cart-multiple-items.spec.ts" time="0.007">
<failure message="cart-multiple-items.spec.ts:6:7 should handle multiple items with correct price calculations" type="FAILURE">
<![CDATA[  [firefox] › cart\cart-multiple-items.spec.ts:6:7 › Cart - Multiple Items › should handle multiple items with correct price calculations 

    Error: browserType.launch: Executable doesn't exist at C:\Users\JAGZA\AppData\Local\ms-playwright\firefox-1495\firefox\firefox.exe
    ╔═════════════════════════════════════════════════════════════════════════╗
    ║ Looks like Playwright Test or Playwright was just installed or updated. ║
    ║ Please run the following command to download new browsers:              ║
    ║                                                                         ║
    ║     npx playwright install                                              ║
    ║                                                                         ║
    ║ <3 Playwright Team                                                      ║
    ╚═════════════════════════════════════════════════════════════════════════╝
]]>
</failure>
</testcase>
<testcase name="Cart - Multiple Items › should display correct unit prices for items with quantity &gt; 1" classname="cart\cart-multiple-items.spec.ts" time="0.007">
<failure message="cart-multiple-items.spec.ts:123:7 should display correct unit prices for items with quantity &gt; 1" type="FAILURE">
<![CDATA[  [firefox] › cart\cart-multiple-items.spec.ts:123:7 › Cart - Multiple Items › should display correct unit prices for items with quantity > 1 

    Error: browserType.launch: Executable doesn't exist at C:\Users\JAGZA\AppData\Local\ms-playwright\firefox-1495\firefox\firefox.exe
    ╔═════════════════════════════════════════════════════════════════════════╗
    ║ Looks like Playwright Test or Playwright was just installed or updated. ║
    ║ Please run the following command to download new browsers:              ║
    ║                                                                         ║
    ║     npx playwright install                                              ║
    ║                                                                         ║
    ║ <3 Playwright Team                                                      ║
    ╚═════════════════════════════════════════════════════════════════════════╝
]]>
</failure>
</testcase>
<testcase name="Cart - Multiple Items › should not crash when adding multiple items of same product" classname="cart\cart-multiple-items.spec.ts" time="0.006">
<failure message="cart-multiple-items.spec.ts:172:7 should not crash when adding multiple items of same product" type="FAILURE">
<![CDATA[  [firefox] › cart\cart-multiple-items.spec.ts:172:7 › Cart - Multiple Items › should not crash when adding multiple items of same product 

    Error: browserType.launch: Executable doesn't exist at C:\Users\JAGZA\AppData\Local\ms-playwright\firefox-1495\firefox\firefox.exe
    ╔═════════════════════════════════════════════════════════════════════════╗
    ║ Looks like Playwright Test or Playwright was just installed or updated. ║
    ║ Please run the following command to download new browsers:              ║
    ║                                                                         ║
    ║     npx playwright install                                              ║
    ║                                                                         ║
    ║ <3 Playwright Team                                                      ║
    ╚═════════════════════════════════════════════════════════════════════════╝
]]>
</failure>
</testcase>
</testsuite>
<testsuite name="cart\cart-performance.spec.ts" timestamp="2025-10-29T19:08:05.826Z" hostname="firefox" tests="10" failures="10" skipped="0" time="0.073" errors="0">
<testcase name="Cart - Performance &amp; Load Testing › Load Performance › should handle 100+ cart items efficiently" classname="cart\cart-performance.spec.ts" time="0.006">
<failure message="cart-performance.spec.ts:12:9 should handle 100+ cart items efficiently" type="FAILURE">
<![CDATA[  [firefox] › cart\cart-performance.spec.ts:12:9 › Cart - Performance & Load Testing › Load Performance › should handle 100+ cart items efficiently 

    Error: browserType.launch: Executable doesn't exist at C:\Users\JAGZA\AppData\Local\ms-playwright\firefox-1495\firefox\firefox.exe
    ╔═════════════════════════════════════════════════════════════════════════╗
    ║ Looks like Playwright Test or Playwright was just installed or updated. ║
    ║ Please run the following command to download new browsers:              ║
    ║                                                                         ║
    ║     npx playwright install                                              ║
    ║                                                                         ║
    ║ <3 Playwright Team                                                      ║
    ╚═════════════════════════════════════════════════════════════════════════╝
]]>
</failure>
</testcase>
<testcase name="Cart - Performance &amp; Load Testing › Load Performance › should maintain performance with rapid operations" classname="cart\cart-performance.spec.ts" time="0.009">
<failure message="cart-performance.spec.ts:61:9 should maintain performance with rapid operations" type="FAILURE">
<![CDATA[  [firefox] › cart\cart-performance.spec.ts:61:9 › Cart - Performance & Load Testing › Load Performance › should maintain performance with rapid operations 

    Error: browserType.launch: Executable doesn't exist at C:\Users\JAGZA\AppData\Local\ms-playwright\firefox-1495\firefox\firefox.exe
    ╔═════════════════════════════════════════════════════════════════════════╗
    ║ Looks like Playwright Test or Playwright was just installed or updated. ║
    ║ Please run the following command to download new browsers:              ║
    ║                                                                         ║
    ║     npx playwright install                                              ║
    ║                                                                         ║
    ║ <3 Playwright Team                                                      ║
    ╚═════════════════════════════════════════════════════════════════════════╝
]]>
</failure>
</testcase>
<testcase name="Cart - Performance &amp; Load Testing › Load Performance › should handle memory efficiently with large carts" classname="cart\cart-performance.spec.ts" time="0.007">
<failure message="cart-performance.spec.ts:113:9 should handle memory efficiently with large carts" type="FAILURE">
<![CDATA[  [firefox] › cart\cart-performance.spec.ts:113:9 › Cart - Performance & Load Testing › Load Performance › should handle memory efficiently with large carts 

    Error: browserType.launch: Executable doesn't exist at C:\Users\JAGZA\AppData\Local\ms-playwright\firefox-1495\firefox\firefox.exe
    ╔═════════════════════════════════════════════════════════════════════════╗
    ║ Looks like Playwright Test or Playwright was just installed or updated. ║
    ║ Please run the following command to download new browsers:              ║
    ║                                                                         ║
    ║     npx playwright install                                              ║
    ║                                                                         ║
    ║ <3 Playwright Team                                                      ║
    ╚═════════════════════════════════════════════════════════════════════════╝
]]>
</failure>
</testcase>
<testcase name="Cart - Performance &amp; Load Testing › Concurrent Operations › should handle simultaneous add/remove operations" classname="cart\cart-performance.spec.ts" time="0.009">
<failure message="cart-performance.spec.ts:167:9 should handle simultaneous add/remove operations" type="FAILURE">
<![CDATA[  [firefox] › cart\cart-performance.spec.ts:167:9 › Cart - Performance & Load Testing › Concurrent Operations › should handle simultaneous add/remove operations 

    Error: browserType.launch: Executable doesn't exist at C:\Users\JAGZA\AppData\Local\ms-playwright\firefox-1495\firefox\firefox.exe
    ╔═════════════════════════════════════════════════════════════════════════╗
    ║ Looks like Playwright Test or Playwright was just installed or updated. ║
    ║ Please run the following command to download new browsers:              ║
    ║                                                                         ║
    ║     npx playwright install                                              ║
    ║                                                                         ║
    ║ <3 Playwright Team                                                      ║
    ╚═════════════════════════════════════════════════════════════════════════╝
]]>
</failure>
</testcase>
<testcase name="Cart - Performance &amp; Load Testing › Concurrent Operations › should handle rapid cart state changes" classname="cart\cart-performance.spec.ts" time="0.006">
<failure message="cart-performance.spec.ts:235:9 should handle rapid cart state changes" type="FAILURE">
<![CDATA[  [firefox] › cart\cart-performance.spec.ts:235:9 › Cart - Performance & Load Testing › Concurrent Operations › should handle rapid cart state changes 

    Error: browserType.launch: Executable doesn't exist at C:\Users\JAGZA\AppData\Local\ms-playwright\firefox-1495\firefox\firefox.exe
    ╔═════════════════════════════════════════════════════════════════════════╗
    ║ Looks like Playwright Test or Playwright was just installed or updated. ║
    ║ Please run the following command to download new browsers:              ║
    ║                                                                         ║
    ║     npx playwright install                                              ║
    ║                                                                         ║
    ║ <3 Playwright Team                                                      ║
    ╚═════════════════════════════════════════════════════════════════════════╝
]]>
</failure>
</testcase>
<testcase name="Cart - Performance &amp; Load Testing › Network Performance › should handle slow networks gracefully" classname="cart\cart-performance.spec.ts" time="0.007">
<failure message="cart-performance.spec.ts:292:9 should handle slow networks gracefully" type="FAILURE">
<![CDATA[  [firefox] › cart\cart-performance.spec.ts:292:9 › Cart - Performance & Load Testing › Network Performance › should handle slow networks gracefully 

    Error: browserType.launch: Executable doesn't exist at C:\Users\JAGZA\AppData\Local\ms-playwright\firefox-1495\firefox\firefox.exe
    ╔═════════════════════════════════════════════════════════════════════════╗
    ║ Looks like Playwright Test or Playwright was just installed or updated. ║
    ║ Please run the following command to download new browsers:              ║
    ║                                                                         ║
    ║     npx playwright install                                              ║
    ║                                                                         ║
    ║ <3 Playwright Team                                                      ║
    ╚═════════════════════════════════════════════════════════════════════════╝
]]>
</failure>
</testcase>
<testcase name="Cart - Performance &amp; Load Testing › Network Performance › should handle offline/online transitions" classname="cart\cart-performance.spec.ts" time="0.007">
<failure message="cart-performance.spec.ts:328:9 should handle offline/online transitions" type="FAILURE">
<![CDATA[  [firefox] › cart\cart-performance.spec.ts:328:9 › Cart - Performance & Load Testing › Network Performance › should handle offline/online transitions 

    Error: browserType.launch: Executable doesn't exist at C:\Users\JAGZA\AppData\Local\ms-playwright\firefox-1495\firefox\firefox.exe
    ╔═════════════════════════════════════════════════════════════════════════╗
    ║ Looks like Playwright Test or Playwright was just installed or updated. ║
    ║ Please run the following command to download new browsers:              ║
    ║                                                                         ║
    ║     npx playwright install                                              ║
    ║                                                                         ║
    ║ <3 Playwright Team                                                      ║
    ╚═════════════════════════════════════════════════════════════════════════╝
]]>
</failure>
</testcase>
<testcase name="Cart - Performance &amp; Load Testing › Resource Usage › should not leak memory on repeated operations" classname="cart\cart-performance.spec.ts" time="0.007">
<failure message="cart-performance.spec.ts:370:9 should not leak memory on repeated operations" type="FAILURE">
<![CDATA[  [firefox] › cart\cart-performance.spec.ts:370:9 › Cart - Performance & Load Testing › Resource Usage › should not leak memory on repeated operations 

    Error: browserType.launch: Executable doesn't exist at C:\Users\JAGZA\AppData\Local\ms-playwright\firefox-1495\firefox\firefox.exe
    ╔═════════════════════════════════════════════════════════════════════════╗
    ║ Looks like Playwright Test or Playwright was just installed or updated. ║
    ║ Please run the following command to download new browsers:              ║
    ║                                                                         ║
    ║     npx playwright install                                              ║
    ║                                                                         ║
    ║ <3 Playwright Team                                                      ║
    ╚═════════════════════════════════════════════════════════════════════════╝
]]>
</failure>
</testcase>
<testcase name="Cart - Performance &amp; Load Testing › Resource Usage › should handle large localStorage payloads" classname="cart\cart-performance.spec.ts" time="0.008">
<failure message="cart-performance.spec.ts:411:9 should handle large localStorage payloads" type="FAILURE">
<![CDATA[  [firefox] › cart\cart-performance.spec.ts:411:9 › Cart - Performance & Load Testing › Resource Usage › should handle large localStorage payloads 

    Error: browserType.launch: Executable doesn't exist at C:\Users\JAGZA\AppData\Local\ms-playwright\firefox-1495\firefox\firefox.exe
    ╔═════════════════════════════════════════════════════════════════════════╗
    ║ Looks like Playwright Test or Playwright was just installed or updated. ║
    ║ Please run the following command to download new browsers:              ║
    ║                                                                         ║
    ║     npx playwright install                                              ║
    ║                                                                         ║
    ║ <3 Playwright Team                                                      ║
    ╚═════════════════════════════════════════════════════════════════════════╝
]]>
</failure>
</testcase>
<testcase name="Cart - Performance &amp; Load Testing › Scalability Tests › should handle tenant-specific cart isolation at scale" classname="cart\cart-performance.spec.ts" time="0.007">
<failure message="cart-performance.spec.ts:464:9 should handle tenant-specific cart isolation at scale" type="FAILURE">
<![CDATA[  [firefox] › cart\cart-performance.spec.ts:464:9 › Cart - Performance & Load Testing › Scalability Tests › should handle tenant-specific cart isolation at scale 

    Error: browserType.launch: Executable doesn't exist at C:\Users\JAGZA\AppData\Local\ms-playwright\firefox-1495\firefox\firefox.exe
    ╔═════════════════════════════════════════════════════════════════════════╗
    ║ Looks like Playwright Test or Playwright was just installed or updated. ║
    ║ Please run the following command to download new browsers:              ║
    ║                                                                         ║
    ║     npx playwright install                                              ║
    ║                                                                         ║
    ║ <3 Playwright Team                                                      ║
    ╚═════════════════════════════════════════════════════════════════════════╝
]]>
</failure>
</testcase>
</testsuite>
<testsuite name="click-budget.spec.ts" timestamp="2025-10-29T19:08:05.826Z" hostname="firefox" tests="7" failures="7" skipped="0" time="0.051" errors="0">
<testcase name="Click Budget Tests › Purchase Flow - should complete in ≤3 clicks" classname="click-budget.spec.ts" time="0.007">
<failure message="click-budget.spec.ts:48:7 Purchase Flow - should complete in ≤3 clicks" type="FAILURE">
<![CDATA[  [firefox] › click-budget.spec.ts:48:7 › Click Budget Tests › Purchase Flow - should complete in ≤3 clicks 

    Error: browserType.launch: Executable doesn't exist at C:\Users\JAGZA\AppData\Local\ms-playwright\firefox-1495\firefox\firefox.exe
    ╔═════════════════════════════════════════════════════════════════════════╗
    ║ Looks like Playwright Test or Playwright was just installed or updated. ║
    ║ Please run the following command to download new browsers:              ║
    ║                                                                         ║
    ║     npx playwright install                                              ║
    ║                                                                         ║
    ║ <3 Playwright Team                                                      ║
    ╚═════════════════════════════════════════════════════════════════════════╝
]]>
</failure>
</testcase>
<testcase name="Click Budget Tests › Booking Flow - should complete in ≤2 clicks" classname="click-budget.spec.ts" time="0.009">
<failure message="click-budget.spec.ts:80:7 Booking Flow - should complete in ≤2 clicks" type="FAILURE">
<![CDATA[  [firefox] › click-budget.spec.ts:80:7 › Click Budget Tests › Booking Flow - should complete in ≤2 clicks 

    Error: browserType.launch: Executable doesn't exist at C:\Users\JAGZA\AppData\Local\ms-playwright\firefox-1495\firefox\firefox.exe
    ╔═════════════════════════════════════════════════════════════════════════╗
    ║ Looks like Playwright Test or Playwright was just installed or updated. ║
    ║ Please run the following command to download new browsers:              ║
    ║                                                                         ║
    ║     npx playwright install                                              ║
    ║                                                                         ║
    ║ <3 Playwright Team                                                      ║
    ╚═════════════════════════════════════════════════════════════════════════╝
]]>
</failure>
</testcase>
<testcase name="Click Budget Tests › Reorder Flow - should complete in ≤1 click" classname="click-budget.spec.ts" time="0.007">
<failure message="click-budget.spec.ts:110:7 Reorder Flow - should complete in ≤1 click" type="FAILURE">
<![CDATA[  [firefox] › click-budget.spec.ts:110:7 › Click Budget Tests › Reorder Flow - should complete in ≤1 click 

    Error: browserType.launch: Executable doesn't exist at C:\Users\JAGZA\AppData\Local\ms-playwright\firefox-1495\firefox\firefox.exe
    ╔═════════════════════════════════════════════════════════════════════════╗
    ║ Looks like Playwright Test or Playwright was just installed or updated. ║
    ║ Please run the following command to download new browsers:              ║
    ║                                                                         ║
    ║     npx playwright install                                              ║
    ║                                                                         ║
    ║ <3 Playwright Team                                                      ║
    ╚═════════════════════════════════════════════════════════════════════════╝
]]>
</failure>
</testcase>
<testcase name="Click Budget Tests › Mobile Touch Targets - should meet 44px minimum" classname="click-budget.spec.ts" time="0.007">
<failure message="click-budget.spec.ts:132:7 Mobile Touch Targets - should meet 44px minimum" type="FAILURE">
<![CDATA[  [firefox] › click-budget.spec.ts:132:7 › Click Budget Tests › Mobile Touch Targets - should meet 44px minimum 

    Error: browserType.launch: Executable doesn't exist at C:\Users\JAGZA\AppData\Local\ms-playwright\firefox-1495\firefox\firefox.exe
    ╔═════════════════════════════════════════════════════════════════════════╗
    ║ Looks like Playwright Test or Playwright was just installed or updated. ║
    ║ Please run the following command to download new browsers:              ║
    ║                                                                         ║
    ║     npx playwright install                                              ║
    ║                                                                         ║
    ║ <3 Playwright Team                                                      ║
    ╚═════════════════════════════════════════════════════════════════════════╝
]]>
</failure>
</testcase>
<testcase name="Click Budget Tests › Command Palette - should open with Cmd+K" classname="click-budget.spec.ts" time="0.006">
<failure message="click-budget.spec.ts:162:7 Command Palette - should open with Cmd+K" type="FAILURE">
<![CDATA[  [firefox] › click-budget.spec.ts:162:7 › Click Budget Tests › Command Palette - should open with Cmd+K 

    Error: browserType.launch: Executable doesn't exist at C:\Users\JAGZA\AppData\Local\ms-playwright\firefox-1495\firefox\firefox.exe
    ╔═════════════════════════════════════════════════════════════════════════╗
    ║ Looks like Playwright Test or Playwright was just installed or updated. ║
    ║ Please run the following command to download new browsers:              ║
    ║                                                                         ║
    ║     npx playwright install                                              ║
    ║                                                                         ║
    ║ <3 Playwright Team                                                      ║
    ╚═════════════════════════════════════════════════════════════════════════╝
]]>
</failure>
</testcase>
<testcase name="Click Budget Tests › Quick Actions Dock - should show role-appropriate actions" classname="click-budget.spec.ts" time="0.007">
<failure message="click-budget.spec.ts:188:7 Quick Actions Dock - should show role-appropriate actions" type="FAILURE">
<![CDATA[  [firefox] › click-budget.spec.ts:188:7 › Click Budget Tests › Quick Actions Dock - should show role-appropriate actions 

    Error: browserType.launch: Executable doesn't exist at C:\Users\JAGZA\AppData\Local\ms-playwright\firefox-1495\firefox\firefox.exe
    ╔═════════════════════════════════════════════════════════════════════════╗
    ║ Looks like Playwright Test or Playwright was just installed or updated. ║
    ║ Please run the following command to download new browsers:              ║
    ║                                                                         ║
    ║     npx playwright install                                              ║
    ║                                                                         ║
    ║ <3 Playwright Team                                                      ║
    ╚═════════════════════════════════════════════════════════════════════════╝
]]>
</failure>
</testcase>
<testcase name="Click Budget Tests › Keyboard Navigation - should support full keyboard accessibility" classname="click-budget.spec.ts" time="0.008">
<failure message="click-budget.spec.ts:211:7 Keyboard Navigation - should support full keyboard accessibility" type="FAILURE">
<![CDATA[  [firefox] › click-budget.spec.ts:211:7 › Click Budget Tests › Keyboard Navigation - should support full keyboard accessibility 

    Error: browserType.launch: Executable doesn't exist at C:\Users\JAGZA\AppData\Local\ms-playwright\firefox-1495\firefox\firefox.exe
    ╔═════════════════════════════════════════════════════════════════════════╗
    ║ Looks like Playwright Test or Playwright was just installed or updated. ║
    ║ Please run the following command to download new browsers:              ║
    ║                                                                         ║
    ║     npx playwright install                                              ║
    ║                                                                         ║
    ║ <3 Playwright Team                                                      ║
    ╚═════════════════════════════════════════════════════════════════════════╝
]]>
</failure>
</testcase>
</testsuite>
<testsuite name="error-handling\payment-timeout-recovery.spec.ts" timestamp="2025-10-29T19:08:05.826Z" hostname="firefox" tests="7" failures="7" skipped="0" time="0.049" errors="0">
<testcase name="Payment Gateway Timeout Recovery › should handle payment gateway timeout gracefully" classname="error-handling\payment-timeout-recovery.spec.ts" time="0.007">
<failure message="payment-timeout-recovery.spec.ts:9:7 should handle payment gateway timeout gracefully" type="FAILURE">
<![CDATA[  [firefox] › error-handling\payment-timeout-recovery.spec.ts:9:7 › Payment Gateway Timeout Recovery › should handle payment gateway timeout gracefully 

    Error: browserType.launch: Executable doesn't exist at C:\Users\JAGZA\AppData\Local\ms-playwright\firefox-1495\firefox\firefox.exe
    ╔═════════════════════════════════════════════════════════════════════════╗
    ║ Looks like Playwright Test or Playwright was just installed or updated. ║
    ║ Please run the following command to download new browsers:              ║
    ║                                                                         ║
    ║     npx playwright install                                              ║
    ║                                                                         ║
    ║ <3 Playwright Team                                                      ║
    ╚═════════════════════════════════════════════════════════════════════════╝
]]>
</failure>
</testcase>
<testcase name="Payment Gateway Timeout Recovery › should offer alternative payment methods on timeout" classname="error-handling\payment-timeout-recovery.spec.ts" time="0.009">
<failure message="payment-timeout-recovery.spec.ts:70:7 should offer alternative payment methods on timeout" type="FAILURE">
<![CDATA[  [firefox] › error-handling\payment-timeout-recovery.spec.ts:70:7 › Payment Gateway Timeout Recovery › should offer alternative payment methods on timeout 

    Error: browserType.launch: Executable doesn't exist at C:\Users\JAGZA\AppData\Local\ms-playwright\firefox-1495\firefox\firefox.exe
    ╔═════════════════════════════════════════════════════════════════════════╗
    ║ Looks like Playwright Test or Playwright was just installed or updated. ║
    ║ Please run the following command to download new browsers:              ║
    ║                                                                         ║
    ║     npx playwright install                                              ║
    ║                                                                         ║
    ║ <3 Playwright Team                                                      ║
    ╚═════════════════════════════════════════════════════════════════════════╝
]]>
</failure>
</testcase>
<testcase name="Payment Gateway Timeout Recovery › should preserve cart data during payment timeout" classname="error-handling\payment-timeout-recovery.spec.ts" time="0.007">
<failure message="payment-timeout-recovery.spec.ts:107:7 should preserve cart data during payment timeout" type="FAILURE">
<![CDATA[  [firefox] › error-handling\payment-timeout-recovery.spec.ts:107:7 › Payment Gateway Timeout Recovery › should preserve cart data during payment timeout 

    Error: browserType.launch: Executable doesn't exist at C:\Users\JAGZA\AppData\Local\ms-playwright\firefox-1495\firefox\firefox.exe
    ╔═════════════════════════════════════════════════════════════════════════╗
    ║ Looks like Playwright Test or Playwright was just installed or updated. ║
    ║ Please run the following command to download new browsers:              ║
    ║                                                                         ║
    ║     npx playwright install                                              ║
    ║                                                                         ║
    ║ <3 Playwright Team                                                      ║
    ╚═════════════════════════════════════════════════════════════════════════╝
]]>
</failure>
</testcase>
<testcase name="Payment Gateway Timeout Recovery › should provide helpful timeout error messages" classname="error-handling\payment-timeout-recovery.spec.ts" time="0.007">
<failure message="payment-timeout-recovery.spec.ts:139:7 should provide helpful timeout error messages" type="FAILURE">
<![CDATA[  [firefox] › error-handling\payment-timeout-recovery.spec.ts:139:7 › Payment Gateway Timeout Recovery › should provide helpful timeout error messages 

    Error: browserType.launch: Executable doesn't exist at C:\Users\JAGZA\AppData\Local\ms-playwright\firefox-1495\firefox\firefox.exe
    ╔═════════════════════════════════════════════════════════════════════════╗
    ║ Looks like Playwright Test or Playwright was just installed or updated. ║
    ║ Please run the following command to download new browsers:              ║
    ║                                                                         ║
    ║     npx playwright install                                              ║
    ║                                                                         ║
    ║ <3 Playwright Team                                                      ║
    ╚═════════════════════════════════════════════════════════════════════════╝
]]>
</failure>
</testcase>
<testcase name="Payment Gateway Timeout Recovery › should track timeout attempts and suggest support contact" classname="error-handling\payment-timeout-recovery.spec.ts" time="0.006">
<failure message="payment-timeout-recovery.spec.ts:171:7 should track timeout attempts and suggest support contact" type="FAILURE">
<![CDATA[  [firefox] › error-handling\payment-timeout-recovery.spec.ts:171:7 › Payment Gateway Timeout Recovery › should track timeout attempts and suggest support contact 

    Error: browserType.launch: Executable doesn't exist at C:\Users\JAGZA\AppData\Local\ms-playwright\firefox-1495\firefox\firefox.exe
    ╔═════════════════════════════════════════════════════════════════════════╗
    ║ Looks like Playwright Test or Playwright was just installed or updated. ║
    ║ Please run the following command to download new browsers:              ║
    ║                                                                         ║
    ║     npx playwright install                                              ║
    ║                                                                         ║
    ║ <3 Playwright Team                                                      ║
    ╚═════════════════════════════════════════════════════════════════════════╝
]]>
</failure>
</testcase>
<testcase name="Payment Gateway Timeout Recovery › should allow saving order for later completion on timeout" classname="error-handling\payment-timeout-recovery.spec.ts" time="0.006">
<failure message="payment-timeout-recovery.spec.ts:211:7 should allow saving order for later completion on timeout" type="FAILURE">
<![CDATA[  [firefox] › error-handling\payment-timeout-recovery.spec.ts:211:7 › Payment Gateway Timeout Recovery › should allow saving order for later completion on timeout 

    Error: browserType.launch: Executable doesn't exist at C:\Users\JAGZA\AppData\Local\ms-playwright\firefox-1495\firefox\firefox.exe
    ╔═════════════════════════════════════════════════════════════════════════╗
    ║ Looks like Playwright Test or Playwright was just installed or updated. ║
    ║ Please run the following command to download new browsers:              ║
    ║                                                                         ║
    ║     npx playwright install                                              ║
    ║                                                                         ║
    ║ <3 Playwright Team                                                      ║
    ╚═════════════════════════════════════════════════════════════════════════╝
]]>
</failure>
</testcase>
<testcase name="Payment Gateway Timeout Recovery › should not create duplicate orders on retry" classname="error-handling\payment-timeout-recovery.spec.ts" time="0.007">
<failure message="payment-timeout-recovery.spec.ts:246:7 should not create duplicate orders on retry" type="FAILURE">
<![CDATA[  [firefox] › error-handling\payment-timeout-recovery.spec.ts:246:7 › Payment Gateway Timeout Recovery › should not create duplicate orders on retry 

    Error: browserType.launch: Executable doesn't exist at C:\Users\JAGZA\AppData\Local\ms-playwright\firefox-1495\firefox\firefox.exe
    ╔═════════════════════════════════════════════════════════════════════════╗
    ║ Looks like Playwright Test or Playwright was just installed or updated. ║
    ║ Please run the following command to download new browsers:              ║
    ║                                                                         ║
    ║     npx playwright install                                              ║
    ║                                                                         ║
    ║ <3 Playwright Team                                                      ║
    ╚═════════════════════════════════════════════════════════════════════════╝
]]>
</failure>
</testcase>
</testsuite>
<testsuite name="fallback\fallback-comprehensive.spec.ts" timestamp="2025-10-29T19:08:05.826Z" hostname="firefox" tests="9" failures="9" skipped="0" time="0.058" errors="0">
<testcase name="Comprehensive Fallback Testing - Master Plan Implementation › Unknown subdomain fallback to zo-system" classname="fallback\fallback-comprehensive.spec.ts" time="0.008">
<failure message="fallback-comprehensive.spec.ts:4:7 Unknown subdomain fallback to zo-system" type="FAILURE">
<![CDATA[  [firefox] › fallback\fallback-comprehensive.spec.ts:4:7 › Comprehensive Fallback Testing - Master Plan Implementation › Unknown subdomain fallback to zo-system 

    Error: browserType.launch: Executable doesn't exist at C:\Users\JAGZA\AppData\Local\ms-playwright\firefox-1495\firefox\firefox.exe
    ╔═════════════════════════════════════════════════════════════════════════╗
    ║ Looks like Playwright Test or Playwright was just installed or updated. ║
    ║ Please run the following command to download new browsers:              ║
    ║                                                                         ║
    ║     npx playwright install                                              ║
    ║                                                                         ║
    ║ <3 Playwright Team                                                      ║
    ╚═════════════════════════════════════════════════════════════════════════╝
]]>
</failure>
</testcase>
<testcase name="Comprehensive Fallback Testing - Master Plan Implementation › Tenant path fallback handling" classname="fallback\fallback-comprehensive.spec.ts" time="0.006">
<failure message="fallback-comprehensive.spec.ts:62:7 Tenant path fallback handling" type="FAILURE">
<![CDATA[  [firefox] › fallback\fallback-comprehensive.spec.ts:62:7 › Comprehensive Fallback Testing - Master Plan Implementation › Tenant path fallback handling 

    Error: browserType.launch: Executable doesn't exist at C:\Users\JAGZA\AppData\Local\ms-playwright\firefox-1495\firefox\firefox.exe
    ╔═════════════════════════════════════════════════════════════════════════╗
    ║ Looks like Playwright Test or Playwright was just installed or updated. ║
    ║ Please run the following command to download new browsers:              ║
    ║                                                                         ║
    ║     npx playwright install                                              ║
    ║                                                                         ║
    ║ <3 Playwright Team                                                      ║
    ╚═════════════════════════════════════════════════════════════════════════╝
]]>
</failure>
</testcase>
<testcase name="Comprehensive Fallback Testing - Master Plan Implementation › SEO handling for fallback scenarios" classname="fallback\fallback-comprehensive.spec.ts" time="0.006">
<failure message="fallback-comprehensive.spec.ts:101:7 SEO handling for fallback scenarios" type="FAILURE">
<![CDATA[  [firefox] › fallback\fallback-comprehensive.spec.ts:101:7 › Comprehensive Fallback Testing - Master Plan Implementation › SEO handling for fallback scenarios 

    Error: browserType.launch: Executable doesn't exist at C:\Users\JAGZA\AppData\Local\ms-playwright\firefox-1495\firefox\firefox.exe
    ╔═════════════════════════════════════════════════════════════════════════╗
    ║ Looks like Playwright Test or Playwright was just installed or updated. ║
    ║ Please run the following command to download new browsers:              ║
    ║                                                                         ║
    ║     npx playwright install                                              ║
    ║                                                                         ║
    ║ <3 Playwright Team                                                      ║
    ╚═════════════════════════════════════════════════════════════════════════╝
]]>
</failure>
</testcase>
<testcase name="Comprehensive Fallback Testing - Master Plan Implementation › Suspended tenant handling" classname="fallback\fallback-comprehensive.spec.ts" time="0.006">
<failure message="fallback-comprehensive.spec.ts:131:7 Suspended tenant handling" type="FAILURE">
<![CDATA[  [firefox] › fallback\fallback-comprehensive.spec.ts:131:7 › Comprehensive Fallback Testing - Master Plan Implementation › Suspended tenant handling 

    Error: browserType.launch: Executable doesn't exist at C:\Users\JAGZA\AppData\Local\ms-playwright\firefox-1495\firefox\firefox.exe
    ╔═════════════════════════════════════════════════════════════════════════╗
    ║ Looks like Playwright Test or Playwright was just installed or updated. ║
    ║ Please run the following command to download new browsers:              ║
    ║                                                                         ║
    ║     npx playwright install                                              ║
    ║                                                                         ║
    ║ <3 Playwright Team                                                      ║
    ╚═════════════════════════════════════════════════════════════════════════╝
]]>
</failure>
</testcase>
<testcase name="Comprehensive Fallback Testing - Master Plan Implementation › Tenant migration and redirect handling" classname="fallback\fallback-comprehensive.spec.ts" time="0.007">
<failure message="fallback-comprehensive.spec.ts:164:7 Tenant migration and redirect handling" type="FAILURE">
<![CDATA[  [firefox] › fallback\fallback-comprehensive.spec.ts:164:7 › Comprehensive Fallback Testing - Master Plan Implementation › Tenant migration and redirect handling 

    Error: browserType.launch: Executable doesn't exist at C:\Users\JAGZA\AppData\Local\ms-playwright\firefox-1495\firefox\firefox.exe
    ╔═════════════════════════════════════════════════════════════════════════╗
    ║ Looks like Playwright Test or Playwright was just installed or updated. ║
    ║ Please run the following command to download new browsers:              ║
    ║                                                                         ║
    ║     npx playwright install                                              ║
    ║                                                                         ║
    ║ <3 Playwright Team                                                      ║
    ╚═════════════════════════════════════════════════════════════════════════╝
]]>
</failure>
</testcase>
<testcase name="Comprehensive Fallback Testing - Master Plan Implementation › Graceful degradation with limited functionality" classname="fallback\fallback-comprehensive.spec.ts" time="0.006">
<failure message="fallback-comprehensive.spec.ts:189:7 Graceful degradation with limited functionality" type="FAILURE">
<![CDATA[  [firefox] › fallback\fallback-comprehensive.spec.ts:189:7 › Comprehensive Fallback Testing - Master Plan Implementation › Graceful degradation with limited functionality 

    Error: browserType.launch: Executable doesn't exist at C:\Users\JAGZA\AppData\Local\ms-playwright\firefox-1495\firefox\firefox.exe
    ╔═════════════════════════════════════════════════════════════════════════╗
    ║ Looks like Playwright Test or Playwright was just installed or updated. ║
    ║ Please run the following command to download new browsers:              ║
    ║                                                                         ║
    ║     npx playwright install                                              ║
    ║                                                                         ║
    ║ <3 Playwright Team                                                      ║
    ╚═════════════════════════════════════════════════════════════════════════╝
]]>
</failure>
</testcase>
<testcase name="Comprehensive Fallback Testing - Master Plan Implementation › Database failover fallback" classname="fallback\fallback-comprehensive.spec.ts" time="0.006">
<failure message="fallback-comprehensive.spec.ts:233:7 Database failover fallback" type="FAILURE">
<![CDATA[  [firefox] › fallback\fallback-comprehensive.spec.ts:233:7 › Comprehensive Fallback Testing - Master Plan Implementation › Database failover fallback 

    Error: browserType.launch: Executable doesn't exist at C:\Users\JAGZA\AppData\Local\ms-playwright\firefox-1495\firefox\firefox.exe
    ╔═════════════════════════════════════════════════════════════════════════╗
    ║ Looks like Playwright Test or Playwright was just installed or updated. ║
    ║ Please run the following command to download new browsers:              ║
    ║                                                                         ║
    ║     npx playwright install                                              ║
    ║                                                                         ║
    ║ <3 Playwright Team                                                      ║
    ╚═════════════════════════════════════════════════════════════════════════╝
]]>
</failure>
</testcase>
<testcase name="Comprehensive Fallback Testing - Master Plan Implementation › CDN and asset fallback" classname="fallback\fallback-comprehensive.spec.ts" time="0.006">
<failure message="fallback-comprehensive.spec.ts:283:7 CDN and asset fallback" type="FAILURE">
<![CDATA[  [firefox] › fallback\fallback-comprehensive.spec.ts:283:7 › Comprehensive Fallback Testing - Master Plan Implementation › CDN and asset fallback 

    Error: browserType.launch: Executable doesn't exist at C:\Users\JAGZA\AppData\Local\ms-playwright\firefox-1495\firefox\firefox.exe
    ╔═════════════════════════════════════════════════════════════════════════╗
    ║ Looks like Playwright Test or Playwright was just installed or updated. ║
    ║ Please run the following command to download new browsers:              ║
    ║                                                                         ║
    ║     npx playwright install                                              ║
    ║                                                                         ║
    ║ <3 Playwright Team                                                      ║
    ╚═════════════════════════════════════════════════════════════════════════╝
]]>
</failure>
</testcase>
<testcase name="Comprehensive Fallback Testing - Master Plan Implementation › Fallback performance validation" classname="fallback\fallback-comprehensive.spec.ts" time="0.007">
<failure message="fallback-comprehensive.spec.ts:328:7 Fallback performance validation" type="FAILURE">
<![CDATA[  [firefox] › fallback\fallback-comprehensive.spec.ts:328:7 › Comprehensive Fallback Testing - Master Plan Implementation › Fallback performance validation 

    Error: browserType.launch: Executable doesn't exist at C:\Users\JAGZA\AppData\Local\ms-playwright\firefox-1495\firefox\firefox.exe
    ╔═════════════════════════════════════════════════════════════════════════╗
    ║ Looks like Playwright Test or Playwright was just installed or updated. ║
    ║ Please run the following command to download new browsers:              ║
    ║                                                                         ║
    ║     npx playwright install                                              ║
    ║                                                                         ║
    ║ <3 Playwright Team                                                      ║
    ╚═════════════════════════════════════════════════════════════════════════╝
]]>
</failure>
</testcase>
</testsuite>
<testsuite name="fix-forgot-password-500-error-by-adding-resettoken-and-resettokenexpiry-columns-to-users-table.-push-database-schema-changes.-run-forgot-password-tests-to-ensure-100%-coverage.-fix-any-failing-tests..spec.ts" timestamp="2025-10-29T19:08:05.826Z" hostname="firefox" tests="3" failures="3" skipped="0" time="0.02" errors="0">
<testcase name="Fix forgot-password 500 error by adding resetToken and resetTokenExpiry columns to users table. Push database schema changes. Run forgot-password tests to ensure 100% coverage. Fix any failing tests. › should load Fix forgot-password 500 error by adding resetToken and resetTokenExpiry columns to users table. Push database schema changes. Run forgot-password tests to ensure 100% coverage. Fix any failing tests. successfully" classname="fix-forgot-password-500-error-by-adding-resettoken-and-resettokenexpiry-columns-to-users-table.-push-database-schema-changes.-run-forgot-password-tests-to-ensure-100%-coverage.-fix-any-failing-tests..spec.ts" time="0.007">
<failure message="fix-forgot-password-500-error-by-adding-resettoken-and-resettokenexpiry-columns-to-users-table.-push-database-schema-changes.-run-forgot-password-tests-to-ensure-100%-coverage.-fix-any-failing-tests..spec.ts:13:7 should load Fix forgot-password 500 error by adding resetToken and resetTokenExpiry columns to users table. Push database schema changes. Run forgot-password tests to ensure 100% coverage. Fix any failing tests. successfully" type="FAILURE">
<![CDATA[  [firefox] › fix-forgot-password-500-error-by-adding-resettoken-and-resettokenexpiry-columns-to-users-table.-push-database-schema-changes.-run-forgot-password-tests-to-ensure-100%-coverage.-fix-any-failing-tests..spec.ts:13:7 › Fix forgot-password 500 error by adding resetToken and resetTokenExpiry columns to users table. Push database schema changes. Run forgot-password tests to ensure 100% coverage. Fix any failing tests. › should load Fix forgot-password 500 error by adding resetToken and resetTokenExpiry columns to users table. Push database schema changes. Run forgot-password tests to ensure 100% coverage. Fix any failing tests. successfully 

    Error: browserType.launch: Executable doesn't exist at C:\Users\JAGZA\AppData\Local\ms-playwright\firefox-1495\firefox\firefox.exe
    ╔═════════════════════════════════════════════════════════════════════════╗
    ║ Looks like Playwright Test or Playwright was just installed or updated. ║
    ║ Please run the following command to download new browsers:              ║
    ║                                                                         ║
    ║     npx playwright install                                              ║
    ║                                                                         ║
    ║ <3 Playwright Team                                                      ║
    ╚═════════════════════════════════════════════════════════════════════════╝
]]>
</failure>
</testcase>
<testcase name="Fix forgot-password 500 error by adding resetToken and resetTokenExpiry columns to users table. Push database schema changes. Run forgot-password tests to ensure 100% coverage. Fix any failing tests. › should interact with Fix forgot-password 500 error by adding resetToken and resetTokenExpiry columns to users table. Push database schema changes. Run forgot-password tests to ensure 100% coverage. Fix any failing tests." classname="fix-forgot-password-500-error-by-adding-resettoken-and-resettokenexpiry-columns-to-users-table.-push-database-schema-changes.-run-forgot-password-tests-to-ensure-100%-coverage.-fix-any-failing-tests..spec.ts" time="0.007">
<failure message="fix-forgot-password-500-error-by-adding-resettoken-and-resettokenexpiry-columns-to-users-table.-push-database-schema-changes.-run-forgot-password-tests-to-ensure-100%-coverage.-fix-any-failing-tests..spec.ts:18:7 should interact with Fix forgot-password 500 error by adding resetToken and resetTokenExpiry columns to users table. Push database schema changes. Run forgot-password tests to ensure 100% coverage. Fix any failing tests." type="FAILURE">
<![CDATA[  [firefox] › fix-forgot-password-500-error-by-adding-resettoken-and-resettokenexpiry-columns-to-users-table.-push-database-schema-changes.-run-forgot-password-tests-to-ensure-100%-coverage.-fix-any-failing-tests..spec.ts:18:7 › Fix forgot-password 500 error by adding resetToken and resetTokenExpiry columns to users table. Push database schema changes. Run forgot-password tests to ensure 100% coverage. Fix any failing tests. › should interact with Fix forgot-password 500 error by adding resetToken and resetTokenExpiry columns to users table. Push database schema changes. Run forgot-password tests to ensure 100% coverage. Fix any failing tests. 

    Error: browserType.launch: Executable doesn't exist at C:\Users\JAGZA\AppData\Local\ms-playwright\firefox-1495\firefox\firefox.exe
    ╔═════════════════════════════════════════════════════════════════════════╗
    ║ Looks like Playwright Test or Playwright was just installed or updated. ║
    ║ Please run the following command to download new browsers:              ║
    ║                                                                         ║
    ║     npx playwright install                                              ║
    ║                                                                         ║
    ║ <3 Playwright Team                                                      ║
    ╚═════════════════════════════════════════════════════════════════════════╝
]]>
</failure>
</testcase>
<testcase name="Fix forgot-password 500 error by adding resetToken and resetTokenExpiry columns to users table. Push database schema changes. Run forgot-password tests to ensure 100% coverage. Fix any failing tests. › should handle errors in Fix forgot-password 500 error by adding resetToken and resetTokenExpiry columns to users table. Push database schema changes. Run forgot-password tests to ensure 100% coverage. Fix any failing tests." classname="fix-forgot-password-500-error-by-adding-resettoken-and-resettokenexpiry-columns-to-users-table.-push-database-schema-changes.-run-forgot-password-tests-to-ensure-100%-coverage.-fix-any-failing-tests..spec.ts" time="0.006">
<failure message="fix-forgot-password-500-error-by-adding-resettoken-and-resettokenexpiry-columns-to-users-table.-push-database-schema-changes.-run-forgot-password-tests-to-ensure-100%-coverage.-fix-any-failing-tests..spec.ts:23:7 should handle errors in Fix forgot-password 500 error by adding resetToken and resetTokenExpiry columns to users table. Push database schema changes. Run forgot-password tests to ensure 100% coverage. Fix any failing tests." type="FAILURE">
<![CDATA[  [firefox] › fix-forgot-password-500-error-by-adding-resettoken-and-resettokenexpiry-columns-to-users-table.-push-database-schema-changes.-run-forgot-password-tests-to-ensure-100%-coverage.-fix-any-failing-tests..spec.ts:23:7 › Fix forgot-password 500 error by adding resetToken and resetTokenExpiry columns to users table. Push database schema changes. Run forgot-password tests to ensure 100% coverage. Fix any failing tests. › should handle errors in Fix forgot-password 500 error by adding resetToken and resetTokenExpiry columns to users table. Push database schema changes. Run forgot-password tests to ensure 100% coverage. Fix any failing tests. 

    Error: browserType.launch: Executable doesn't exist at C:\Users\JAGZA\AppData\Local\ms-playwright\firefox-1495\firefox\firefox.exe
    ╔═════════════════════════════════════════════════════════════════════════╗
    ║ Looks like Playwright Test or Playwright was just installed or updated. ║
    ║ Please run the following command to download new browsers:              ║
    ║                                                                         ║
    ║     npx playwright install                                              ║
    ║                                                                         ║
    ║ <3 Playwright Team                                                      ║
    ╚═════════════════════════════════════════════════════════════════════════╝
]]>
</failure>
</testcase>
</testsuite>
<testsuite name="interactions\mobile-desktop-interactions.spec.ts" timestamp="2025-10-29T19:08:05.826Z" hostname="firefox" tests="12" failures="12" skipped="0" time="0.097" errors="0">
<testcase name="Mobile Touch Interactions › should support pinch-to-zoom on product images" classname="interactions\mobile-desktop-interactions.spec.ts" time="0.007">
<failure message="mobile-desktop-interactions.spec.ts:14:7 should support pinch-to-zoom on product images" type="FAILURE">
<![CDATA[  [firefox] › interactions\mobile-desktop-interactions.spec.ts:14:7 › Mobile Touch Interactions › should support pinch-to-zoom on product images 

    Error: browserType.launch: Executable doesn't exist at C:\Users\JAGZA\AppData\Local\ms-playwright\firefox-1495\firefox\firefox.exe
    ╔═════════════════════════════════════════════════════════════════════════╗
    ║ Looks like Playwright Test or Playwright was just installed or updated. ║
    ║ Please run the following command to download new browsers:              ║
    ║                                                                         ║
    ║     npx playwright install                                              ║
    ║                                                                         ║
    ║ <3 Playwright Team                                                      ║
    ╚═════════════════════════════════════════════════════════════════════════╝
]]>
</failure>
</testcase>
<testcase name="Mobile Touch Interactions › should support swipe gestures for image gallery" classname="interactions\mobile-desktop-interactions.spec.ts" time="0.005">
<failure message="mobile-desktop-interactions.spec.ts:41:7 should support swipe gestures for image gallery" type="FAILURE">
<![CDATA[  [firefox] › interactions\mobile-desktop-interactions.spec.ts:41:7 › Mobile Touch Interactions › should support swipe gestures for image gallery 

    Error: browserType.launch: Executable doesn't exist at C:\Users\JAGZA\AppData\Local\ms-playwright\firefox-1495\firefox\firefox.exe
    ╔═════════════════════════════════════════════════════════════════════════╗
    ║ Looks like Playwright Test or Playwright was just installed or updated. ║
    ║ Please run the following command to download new browsers:              ║
    ║                                                                         ║
    ║     npx playwright install                                              ║
    ║                                                                         ║
    ║ <3 Playwright Team                                                      ║
    ╚═════════════════════════════════════════════════════════════════════════╝
]]>
</failure>
</testcase>
<testcase name="Mobile Touch Interactions › should support pull-to-refresh" classname="interactions\mobile-desktop-interactions.spec.ts" time="0.006">
<failure message="mobile-desktop-interactions.spec.ts:74:7 should support pull-to-refresh" type="FAILURE">
<![CDATA[  [firefox] › interactions\mobile-desktop-interactions.spec.ts:74:7 › Mobile Touch Interactions › should support pull-to-refresh 

    Error: browserType.launch: Executable doesn't exist at C:\Users\JAGZA\AppData\Local\ms-playwright\firefox-1495\firefox\firefox.exe
    ╔═════════════════════════════════════════════════════════════════════════╗
    ║ Looks like Playwright Test or Playwright was just installed or updated. ║
    ║ Please run the following command to download new browsers:              ║
    ║                                                                         ║
    ║     npx playwright install                                              ║
    ║                                                                         ║
    ║ <3 Playwright Team                                                      ║
    ╚═════════════════════════════════════════════════════════════════════════╝
]]>
</failure>
</testcase>
<testcase name="Mobile Touch Interactions › should have touch targets of at least 44px" classname="interactions\mobile-desktop-interactions.spec.ts" time="0.006">
<failure message="mobile-desktop-interactions.spec.ts:96:7 should have touch targets of at least 44px" type="FAILURE">
<![CDATA[  [firefox] › interactions\mobile-desktop-interactions.spec.ts:96:7 › Mobile Touch Interactions › should have touch targets of at least 44px 

    Error: browserType.launch: Executable doesn't exist at C:\Users\JAGZA\AppData\Local\ms-playwright\firefox-1495\firefox\firefox.exe
    ╔═════════════════════════════════════════════════════════════════════════╗
    ║ Looks like Playwright Test or Playwright was just installed or updated. ║
    ║ Please run the following command to download new browsers:              ║
    ║                                                                         ║
    ║     npx playwright install                                              ║
    ║                                                                         ║
    ║ <3 Playwright Team                                                      ║
    ╚═════════════════════════════════════════════════════════════════════════╝
]]>
</failure>
</testcase>
<testcase name="Mobile Touch Interactions › should support long-press for context menu" classname="interactions\mobile-desktop-interactions.spec.ts" time="0.024">
<failure message="mobile-desktop-interactions.spec.ts:116:7 should support long-press for context menu" type="FAILURE">
<![CDATA[  [firefox] › interactions\mobile-desktop-interactions.spec.ts:116:7 › Mobile Touch Interactions › should support long-press for context menu 

    Error: browserType.launch: Executable doesn't exist at C:\Users\JAGZA\AppData\Local\ms-playwright\firefox-1495\firefox\firefox.exe
    ╔═════════════════════════════════════════════════════════════════════════╗
    ║ Looks like Playwright Test or Playwright was just installed or updated. ║
    ║ Please run the following command to download new browsers:              ║
    ║                                                                         ║
    ║     npx playwright install                                              ║
    ║                                                                         ║
    ║ <3 Playwright Team                                                      ║
    ╚═════════════════════════════════════════════════════════════════════════╝
]]>
</failure>
</testcase>
<testcase name="Desktop Mouse Interactions › should show hover effects on product cards" classname="interactions\mobile-desktop-interactions.spec.ts" time="0.007">
<failure message="mobile-desktop-interactions.spec.ts:142:7 should show hover effects on product cards" type="FAILURE">
<![CDATA[  [firefox] › interactions\mobile-desktop-interactions.spec.ts:142:7 › Desktop Mouse Interactions › should show hover effects on product cards 

    Error: browserType.launch: Executable doesn't exist at C:\Users\JAGZA\AppData\Local\ms-playwright\firefox-1495\firefox\firefox.exe
    ╔═════════════════════════════════════════════════════════════════════════╗
    ║ Looks like Playwright Test or Playwright was just installed or updated. ║
    ║ Please run the following command to download new browsers:              ║
    ║                                                                         ║
    ║     npx playwright install                                              ║
    ║                                                                         ║
    ║ <3 Playwright Team                                                      ║
    ╚═════════════════════════════════════════════════════════════════════════╝
]]>
</failure>
</testcase>
<testcase name="Desktop Mouse Interactions › should support right-click context menu" classname="interactions\mobile-desktop-interactions.spec.ts" time="0.01">
<failure message="mobile-desktop-interactions.spec.ts:163:7 should support right-click context menu" type="FAILURE">
<![CDATA[  [firefox] › interactions\mobile-desktop-interactions.spec.ts:163:7 › Desktop Mouse Interactions › should support right-click context menu 

    Error: browserType.launch: Executable doesn't exist at C:\Users\JAGZA\AppData\Local\ms-playwright\firefox-1495\firefox\firefox.exe
    ╔═════════════════════════════════════════════════════════════════════════╗
    ║ Looks like Playwright Test or Playwright was just installed or updated. ║
    ║ Please run the following command to download new browsers:              ║
    ║                                                                         ║
    ║     npx playwright install                                              ║
    ║                                                                         ║
    ║ <3 Playwright Team                                                      ║
    ╚═════════════════════════════════════════════════════════════════════════╝
]]>
</failure>
</testcase>
<testcase name="Desktop Mouse Interactions › should support drag and drop to cart" classname="interactions\mobile-desktop-interactions.spec.ts" time="0.006">
<failure message="mobile-desktop-interactions.spec.ts:183:7 should support drag and drop to cart" type="FAILURE">
<![CDATA[  [firefox] › interactions\mobile-desktop-interactions.spec.ts:183:7 › Desktop Mouse Interactions › should support drag and drop to cart 

    Error: browserType.launch: Executable doesn't exist at C:\Users\JAGZA\AppData\Local\ms-playwright\firefox-1495\firefox\firefox.exe
    ╔═════════════════════════════════════════════════════════════════════════╗
    ║ Looks like Playwright Test or Playwright was just installed or updated. ║
    ║ Please run the following command to download new browsers:              ║
    ║                                                                         ║
    ║     npx playwright install                                              ║
    ║                                                                         ║
    ║ <3 Playwright Team                                                      ║
    ╚═════════════════════════════════════════════════════════════════════════╝
]]>
</failure>
</testcase>
<testcase name="Desktop Mouse Interactions › should support keyboard shortcuts" classname="interactions\mobile-desktop-interactions.spec.ts" time="0.006">
<failure message="mobile-desktop-interactions.spec.ts:205:7 should support keyboard shortcuts" type="FAILURE">
<![CDATA[  [firefox] › interactions\mobile-desktop-interactions.spec.ts:205:7 › Desktop Mouse Interactions › should support keyboard shortcuts 

    Error: browserType.launch: Executable doesn't exist at C:\Users\JAGZA\AppData\Local\ms-playwright\firefox-1495\firefox\firefox.exe
    ╔═════════════════════════════════════════════════════════════════════════╗
    ║ Looks like Playwright Test or Playwright was just installed or updated. ║
    ║ Please run the following command to download new browsers:              ║
    ║                                                                         ║
    ║     npx playwright install                                              ║
    ║                                                                         ║
    ║ <3 Playwright Team                                                      ║
    ╚═════════════════════════════════════════════════════════════════════════╝
]]>
</failure>
</testcase>
<testcase name="Desktop Mouse Interactions › should show tooltip on hover" classname="interactions\mobile-desktop-interactions.spec.ts" time="0.007">
<failure message="mobile-desktop-interactions.spec.ts:223:7 should show tooltip on hover" type="FAILURE">
<![CDATA[  [firefox] › interactions\mobile-desktop-interactions.spec.ts:223:7 › Desktop Mouse Interactions › should show tooltip on hover 

    Error: browserType.launch: Executable doesn't exist at C:\Users\JAGZA\AppData\Local\ms-playwright\firefox-1495\firefox\firefox.exe
    ╔═════════════════════════════════════════════════════════════════════════╗
    ║ Looks like Playwright Test or Playwright was just installed or updated. ║
    ║ Please run the following command to download new browsers:              ║
    ║                                                                         ║
    ║     npx playwright install                                              ║
    ║                                                                         ║
    ║ <3 Playwright Team                                                      ║
    ╚═════════════════════════════════════════════════════════════════════════╝
]]>
</failure>
</testcase>
<testcase name="Desktop Mouse Interactions › should support mouse wheel for image zoom" classname="interactions\mobile-desktop-interactions.spec.ts" time="0.007">
<failure message="mobile-desktop-interactions.spec.ts:248:7 should support mouse wheel for image zoom" type="FAILURE">
<![CDATA[  [firefox] › interactions\mobile-desktop-interactions.spec.ts:248:7 › Desktop Mouse Interactions › should support mouse wheel for image zoom 

    Error: browserType.launch: Executable doesn't exist at C:\Users\JAGZA\AppData\Local\ms-playwright\firefox-1495\firefox\firefox.exe
    ╔═════════════════════════════════════════════════════════════════════════╗
    ║ Looks like Playwright Test or Playwright was just installed or updated. ║
    ║ Please run the following command to download new browsers:              ║
    ║                                                                         ║
    ║     npx playwright install                                              ║
    ║                                                                         ║
    ║ <3 Playwright Team                                                      ║
    ╚═════════════════════════════════════════════════════════════════════════╝
]]>
</failure>
</testcase>
<testcase name="Desktop Mouse Interactions › should support double-click for quick actions" classname="interactions\mobile-desktop-interactions.spec.ts" time="0.006">
<failure message="mobile-desktop-interactions.spec.ts:279:7 should support double-click for quick actions" type="FAILURE">
<![CDATA[  [firefox] › interactions\mobile-desktop-interactions.spec.ts:279:7 › Desktop Mouse Interactions › should support double-click for quick actions 

    Error: browserType.launch: Executable doesn't exist at C:\Users\JAGZA\AppData\Local\ms-playwright\firefox-1495\firefox\firefox.exe
    ╔═════════════════════════════════════════════════════════════════════════╗
    ║ Looks like Playwright Test or Playwright was just installed or updated. ║
    ║ Please run the following command to download new browsers:              ║
    ║                                                                         ║
    ║     npx playwright install                                              ║
    ║                                                                         ║
    ║ <3 Playwright Team                                                      ║
    ╚═════════════════════════════════════════════════════════════════════════╝
]]>
</failure>
</testcase>
</testsuite>
<testsuite name="media-pipeline\media-optimization.spec.ts" timestamp="2025-10-29T19:08:05.826Z" hostname="firefox" tests="7" failures="6" skipped="0" time="0.12" errors="0">
<testcase name="Media Pipeline E2E Tests - Optimization &amp; AVIF/WebP › Media Upload - Optimization pipeline (AVIF/WebP, variantes, EXIF off)" classname="media-pipeline\media-optimization.spec.ts" time="0.006">
<failure message="media-optimization.spec.ts:6:7 Media Upload - Optimization pipeline (AVIF/WebP, variantes, EXIF off)" type="FAILURE">
<![CDATA[  [firefox] › media-pipeline\media-optimization.spec.ts:6:7 › Media Pipeline E2E Tests - Optimization & AVIF/WebP › Media Upload - Optimization pipeline (AVIF/WebP, variantes, EXIF off) 

    Error: browserType.launch: Executable doesn't exist at C:\Users\JAGZA\AppData\Local\ms-playwright\firefox-1495\firefox\firefox.exe
    ╔═════════════════════════════════════════════════════════════════════════╗
    ║ Looks like Playwright Test or Playwright was just installed or updated. ║
    ║ Please run the following command to download new browsers:              ║
    ║                                                                         ║
    ║     npx playwright install                                              ║
    ║                                                                         ║
    ║ <3 Playwright Team                                                      ║
    ╚═════════════════════════════════════════════════════════════════════════╝
]]>
</failure>
</testcase>
<testcase name="Media Pipeline E2E Tests - Optimization &amp; AVIF/WebP › Media Deduplication - Prevent duplicate uploads" classname="media-pipeline\media-optimization.spec.ts" time="0.006">
<failure message="media-optimization.spec.ts:101:7 Media Deduplication - Prevent duplicate uploads" type="FAILURE">
<![CDATA[  [firefox] › media-pipeline\media-optimization.spec.ts:101:7 › Media Pipeline E2E Tests - Optimization & AVIF/WebP › Media Deduplication - Prevent duplicate uploads 

    Error: browserType.launch: Executable doesn't exist at C:\Users\JAGZA\AppData\Local\ms-playwright\firefox-1495\firefox\firefox.exe
    ╔═════════════════════════════════════════════════════════════════════════╗
    ║ Looks like Playwright Test or Playwright was just installed or updated. ║
    ║ Please run the following command to download new browsers:              ║
    ║                                                                         ║
    ║     npx playwright install                                              ║
    ║                                                                         ║
    ║ <3 Playwright Team                                                      ║
    ╚═════════════════════════════════════════════════════════════════════════╝
]]>
</failure>
</testcase>
<testcase name="Media Pipeline E2E Tests - Optimization &amp; AVIF/WebP › Media Serving - AVIF/WebP delivery with fallbacks" classname="media-pipeline\media-optimization.spec.ts" time="0.005">
<failure message="media-optimization.spec.ts:154:7 Media Serving - AVIF/WebP delivery with fallbacks" type="FAILURE">
<![CDATA[  [firefox] › media-pipeline\media-optimization.spec.ts:154:7 › Media Pipeline E2E Tests - Optimization & AVIF/WebP › Media Serving - AVIF/WebP delivery with fallbacks 

    Error: browserType.launch: Executable doesn't exist at C:\Users\JAGZA\AppData\Local\ms-playwright\firefox-1495\firefox\firefox.exe
    ╔═════════════════════════════════════════════════════════════════════════╗
    ║ Looks like Playwright Test or Playwright was just installed or updated. ║
    ║ Please run the following command to download new browsers:              ║
    ║                                                                         ║
    ║     npx playwright install                                              ║
    ║                                                                         ║
    ║ <3 Playwright Team                                                      ║
    ╚═════════════════════════════════════════════════════════════════════════╝
]]>
</failure>
</testcase>
<testcase name="Media Pipeline E2E Tests - Optimization &amp; AVIF/WebP › Media Performance - Loading and rendering optimization" classname="media-pipeline\media-optimization.spec.ts" time="0.006">
<failure message="media-optimization.spec.ts:198:7 Media Performance - Loading and rendering optimization" type="FAILURE">
<![CDATA[  [firefox] › media-pipeline\media-optimization.spec.ts:198:7 › Media Pipeline E2E Tests - Optimization & AVIF/WebP › Media Performance - Loading and rendering optimization 

    Error: browserType.launch: Executable doesn't exist at C:\Users\JAGZA\AppData\Local\ms-playwright\firefox-1495\firefox\firefox.exe
    ╔═════════════════════════════════════════════════════════════════════════╗
    ║ Looks like Playwright Test or Playwright was just installed or updated. ║
    ║ Please run the following command to download new browsers:              ║
    ║                                                                         ║
    ║     npx playwright install                                              ║
    ║                                                                         ║
    ║ <3 Playwright Team                                                      ║
    ╚═════════════════════════════════════════════════════════════════════════╝
]]>
</failure>
</testcase>
<testcase name="Media Pipeline E2E Tests - Optimization &amp; AVIF/WebP › Media Storage - Tenant isolation and quotas" classname="media-pipeline\media-optimization.spec.ts" time="0.007">
<failure message="media-optimization.spec.ts:246:7 Media Storage - Tenant isolation and quotas" type="FAILURE">
<![CDATA[  [firefox] › media-pipeline\media-optimization.spec.ts:246:7 › Media Pipeline E2E Tests - Optimization & AVIF/WebP › Media Storage - Tenant isolation and quotas 

    Error: browserType.launch: Executable doesn't exist at C:\Users\JAGZA\AppData\Local\ms-playwright\firefox-1495\firefox\firefox.exe
    ╔═════════════════════════════════════════════════════════════════════════╗
    ║ Looks like Playwright Test or Playwright was just installed or updated. ║
    ║ Please run the following command to download new browsers:              ║
    ║                                                                         ║
    ║     npx playwright install                                              ║
    ║                                                                         ║
    ║ <3 Playwright Team                                                      ║
    ╚═════════════════════════════════════════════════════════════════════════╝
]]>
</failure>
</testcase>
<testcase name="Media Pipeline E2E Tests - Optimization &amp; AVIF/WebP › Media API - Cross-tenant access prevention" classname="media-pipeline\media-optimization.spec.ts" time="0.083">
</testcase>
<testcase name="Media Pipeline E2E Tests - Optimization &amp; AVIF/WebP › Media Variants - Responsive image generation" classname="media-pipeline\media-optimization.spec.ts" time="0.007">
<failure message="media-optimization.spec.ts:326:7 Media Variants - Responsive image generation" type="FAILURE">
<![CDATA[  [firefox] › media-pipeline\media-optimization.spec.ts:326:7 › Media Pipeline E2E Tests - Optimization & AVIF/WebP › Media Variants - Responsive image generation 

    Error: browserType.launch: Executable doesn't exist at C:\Users\JAGZA\AppData\Local\ms-playwright\firefox-1495\firefox\firefox.exe
    ╔═════════════════════════════════════════════════════════════════════════╗
    ║ Looks like Playwright Test or Playwright was just installed or updated. ║
    ║ Please run the following command to download new browsers:              ║
    ║                                                                         ║
    ║     npx playwright install                                              ║
    ║                                                                         ║
    ║ <3 Playwright Team                                                      ║
    ╚═════════════════════════════════════════════════════════════════════════╝
]]>
</failure>
</testcase>
</testsuite>
<testsuite name="multitenant\tenant-isolation.spec.ts" timestamp="2025-10-29T19:08:05.826Z" hostname="firefox" tests="5" failures="5" skipped="0" time="0.032" errors="0">
<testcase name="Multitenant Isolation Tests › Cart isolation between tenants" classname="multitenant\tenant-isolation.spec.ts" time="0.006">
<failure message="tenant-isolation.spec.ts:6:7 Cart isolation between tenants" type="FAILURE">
<![CDATA[  [firefox] › multitenant\tenant-isolation.spec.ts:6:7 › Multitenant Isolation Tests › Cart isolation between tenants 

    Error: browserType.launch: Executable doesn't exist at C:\Users\JAGZA\AppData\Local\ms-playwright\firefox-1495\firefox\firefox.exe
    ╔═════════════════════════════════════════════════════════════════════════╗
    ║ Looks like Playwright Test or Playwright was just installed or updated. ║
    ║ Please run the following command to download new browsers:              ║
    ║                                                                         ║
    ║     npx playwright install                                              ║
    ║                                                                         ║
    ║ <3 Playwright Team                                                      ║
    ╚═════════════════════════════════════════════════════════════════════════╝
]]>
</failure>
</testcase>
<testcase name="Multitenant Isolation Tests › Data isolation - no cross-tenant data leakage" classname="multitenant\tenant-isolation.spec.ts" time="0.006">
<failure message="tenant-isolation.spec.ts:38:7 Data isolation - no cross-tenant data leakage" type="FAILURE">
<![CDATA[  [firefox] › multitenant\tenant-isolation.spec.ts:38:7 › Multitenant Isolation Tests › Data isolation - no cross-tenant data leakage 

    Error: browserType.launch: Executable doesn't exist at C:\Users\JAGZA\AppData\Local\ms-playwright\firefox-1495\firefox\firefox.exe
    ╔═════════════════════════════════════════════════════════════════════════╗
    ║ Looks like Playwright Test or Playwright was just installed or updated. ║
    ║ Please run the following command to download new browsers:              ║
    ║                                                                         ║
    ║     npx playwright install                                              ║
    ║                                                                         ║
    ║ <3 Playwright Team                                                      ║
    ╚═════════════════════════════════════════════════════════════════════════╝
]]>
</failure>
</testcase>
<testcase name="Multitenant Isolation Tests › API endpoint isolation" classname="multitenant\tenant-isolation.spec.ts" time="0.007">
<failure message="tenant-isolation.spec.ts:59:7 API endpoint isolation" type="FAILURE">
<![CDATA[  [firefox] › multitenant\tenant-isolation.spec.ts:59:7 › Multitenant Isolation Tests › API endpoint isolation 

    Error: browserType.launch: Executable doesn't exist at C:\Users\JAGZA\AppData\Local\ms-playwright\firefox-1495\firefox\firefox.exe
    ╔═════════════════════════════════════════════════════════════════════════╗
    ║ Looks like Playwright Test or Playwright was just installed or updated. ║
    ║ Please run the following command to download new browsers:              ║
    ║                                                                         ║
    ║     npx playwright install                                              ║
    ║                                                                         ║
    ║ <3 Playwright Team                                                      ║
    ╚═════════════════════════════════════════════════════════════════════════╝
]]>
</failure>
</testcase>
<testcase name="Multitenant Isolation Tests › Fallback to zo-system for unknown tenants" classname="multitenant\tenant-isolation.spec.ts" time="0.007">
<failure message="tenant-isolation.spec.ts:90:7 Fallback to zo-system for unknown tenants" type="FAILURE">
<![CDATA[  [firefox] › multitenant\tenant-isolation.spec.ts:90:7 › Multitenant Isolation Tests › Fallback to zo-system for unknown tenants 

    Error: browserType.launch: Executable doesn't exist at C:\Users\JAGZA\AppData\Local\ms-playwright\firefox-1495\firefox\firefox.exe
    ╔═════════════════════════════════════════════════════════════════════════╗
    ║ Looks like Playwright Test or Playwright was just installed or updated. ║
    ║ Please run the following command to download new browsers:              ║
    ║                                                                         ║
    ║     npx playwright install                                              ║
    ║                                                                         ║
    ║ <3 Playwright Team                                                      ║
    ╚═════════════════════════════════════════════════════════════════════════╝
]]>
</failure>
</testcase>
<testcase name="Multitenant Isolation Tests › Session isolation between tenants" classname="multitenant\tenant-isolation.spec.ts" time="0.006">
<failure message="tenant-isolation.spec.ts:107:7 Session isolation between tenants" type="FAILURE">
<![CDATA[  [firefox] › multitenant\tenant-isolation.spec.ts:107:7 › Multitenant Isolation Tests › Session isolation between tenants 

    Error: browserType.launch: Executable doesn't exist at C:\Users\JAGZA\AppData\Local\ms-playwright\firefox-1495\firefox\firefox.exe
    ╔═════════════════════════════════════════════════════════════════════════╗
    ║ Looks like Playwright Test or Playwright was just installed or updated. ║
    ║ Please run the following command to download new browsers:              ║
    ║                                                                         ║
    ║     npx playwright install                                              ║
    ║                                                                         ║
    ║ <3 Playwright Team                                                      ║
    ╚═════════════════════════════════════════════════════════════════════════╝
]]>
</failure>
</testcase>
</testsuite>
<testsuite name="navigation\navigation-flows.spec.ts" timestamp="2025-10-29T19:08:05.826Z" hostname="firefox" tests="20" failures="20" skipped="0" time="0.125" errors="0">
<testcase name="Authentication &amp; Login › should login successfully with valid credentials" classname="navigation\navigation-flows.spec.ts" time="0.007">
<failure message="navigation-flows.spec.ts:9:7 should login successfully with valid credentials" type="FAILURE">
<![CDATA[  [firefox] › navigation\navigation-flows.spec.ts:9:7 › Authentication & Login › should login successfully with valid credentials 

    Error: browserType.launch: Executable doesn't exist at C:\Users\JAGZA\AppData\Local\ms-playwright\firefox-1495\firefox\firefox.exe
    ╔═════════════════════════════════════════════════════════════════════════╗
    ║ Looks like Playwright Test or Playwright was just installed or updated. ║
    ║ Please run the following command to download new browsers:              ║
    ║                                                                         ║
    ║     npx playwright install                                              ║
    ║                                                                         ║
    ║ <3 Playwright Team                                                      ║
    ╚═════════════════════════════════════════════════════════════════════════╝
]]>
</failure>
</testcase>
<testcase name="Authentication &amp; Login › should show error for invalid credentials" classname="navigation\navigation-flows.spec.ts" time="0.003">
<failure message="navigation-flows.spec.ts:21:7 should show error for invalid credentials" type="FAILURE">
<![CDATA[  [firefox] › navigation\navigation-flows.spec.ts:21:7 › Authentication & Login › should show error for invalid credentials 

    Error: browserType.launch: Executable doesn't exist at C:\Users\JAGZA\AppData\Local\ms-playwright\firefox-1495\firefox\firefox.exe
    ╔═════════════════════════════════════════════════════════════════════════╗
    ║ Looks like Playwright Test or Playwright was just installed or updated. ║
    ║ Please run the following command to download new browsers:              ║
    ║                                                                         ║
    ║     npx playwright install                                              ║
    ║                                                                         ║
    ║ <3 Playwright Team                                                      ║
    ╚═════════════════════════════════════════════════════════════════════════╝
]]>
</failure>
</testcase>
<testcase name="Authentication &amp; Login › should logout successfully" classname="navigation\navigation-flows.spec.ts" time="0.006">
<failure message="navigation-flows.spec.ts:33:7 should logout successfully" type="FAILURE">
<![CDATA[  [firefox] › navigation\navigation-flows.spec.ts:33:7 › Authentication & Login › should logout successfully 

    Error: browserType.launch: Executable doesn't exist at C:\Users\JAGZA\AppData\Local\ms-playwright\firefox-1495\firefox\firefox.exe
    ╔═════════════════════════════════════════════════════════════════════════╗
    ║ Looks like Playwright Test or Playwright was just installed or updated. ║
    ║ Please run the following command to download new browsers:              ║
    ║                                                                         ║
    ║     npx playwright install                                              ║
    ║                                                                         ║
    ║ <3 Playwright Team                                                      ║
    ╚═════════════════════════════════════════════════════════════════════════╝
]]>
</failure>
</testcase>
<testcase name="Authentication &amp; Login › should remember me functionality work" classname="navigation\navigation-flows.spec.ts" time="0.006">
<failure message="navigation-flows.spec.ts:45:7 should remember me functionality work" type="FAILURE">
<![CDATA[  [firefox] › navigation\navigation-flows.spec.ts:45:7 › Authentication & Login › should remember me functionality work 

    Error: browserType.launch: Executable doesn't exist at C:\Users\JAGZA\AppData\Local\ms-playwright\firefox-1495\firefox\firefox.exe
    ╔═════════════════════════════════════════════════════════════════════════╗
    ║ Looks like Playwright Test or Playwright was just installed or updated. ║
    ║ Please run the following command to download new browsers:              ║
    ║                                                                         ║
    ║     npx playwright install                                              ║
    ║                                                                         ║
    ║ <3 Playwright Team                                                      ║
    ╚═════════════════════════════════════════════════════════════════════════╝
]]>
</failure>
</testcase>
<testcase name="Navigation &amp; Menu › should navigate through main menu" classname="navigation\navigation-flows.spec.ts" time="0.006">
<failure message="navigation-flows.spec.ts:71:7 should navigate through main menu" type="FAILURE">
<![CDATA[  [firefox] › navigation\navigation-flows.spec.ts:71:7 › Navigation & Menu › should navigate through main menu 

    Error: browserType.launch: Executable doesn't exist at C:\Users\JAGZA\AppData\Local\ms-playwright\firefox-1495\firefox\firefox.exe
    ╔═════════════════════════════════════════════════════════════════════════╗
    ║ Looks like Playwright Test or Playwright was just installed or updated. ║
    ║ Please run the following command to download new browsers:              ║
    ║                                                                         ║
    ║     npx playwright install                                              ║
    ║                                                                         ║
    ║ <3 Playwright Team                                                      ║
    ╚═════════════════════════════════════════════════════════════════════════╝
]]>
</failure>
</testcase>
<testcase name="Navigation &amp; Menu › should show mobile menu on mobile devices" classname="navigation\navigation-flows.spec.ts" time="0.006">
<failure message="navigation-flows.spec.ts:98:7 should show mobile menu on mobile devices" type="FAILURE">
<![CDATA[  [firefox] › navigation\navigation-flows.spec.ts:98:7 › Navigation & Menu › should show mobile menu on mobile devices 

    Error: browserType.launch: Executable doesn't exist at C:\Users\JAGZA\AppData\Local\ms-playwright\firefox-1495\firefox\firefox.exe
    ╔═════════════════════════════════════════════════════════════════════════╗
    ║ Looks like Playwright Test or Playwright was just installed or updated. ║
    ║ Please run the following command to download new browsers:              ║
    ║                                                                         ║
    ║     npx playwright install                                              ║
    ║                                                                         ║
    ║ <3 Playwright Team                                                      ║
    ╚═════════════════════════════════════════════════════════════════════════╝
]]>
</failure>
</testcase>
<testcase name="Navigation &amp; Menu › should navigate with breadcrumbs" classname="navigation\navigation-flows.spec.ts" time="0.006">
<failure message="navigation-flows.spec.ts:110:7 should navigate with breadcrumbs" type="FAILURE">
<![CDATA[  [firefox] › navigation\navigation-flows.spec.ts:110:7 › Navigation & Menu › should navigate with breadcrumbs 

    Error: browserType.launch: Executable doesn't exist at C:\Users\JAGZA\AppData\Local\ms-playwright\firefox-1495\firefox\firefox.exe
    ╔═════════════════════════════════════════════════════════════════════════╗
    ║ Looks like Playwright Test or Playwright was just installed or updated. ║
    ║ Please run the following command to download new browsers:              ║
    ║                                                                         ║
    ║     npx playwright install                                              ║
    ║                                                                         ║
    ║ <3 Playwright Team                                                      ║
    ╚═════════════════════════════════════════════════════════════════════════╝
]]>
</failure>
</testcase>
<testcase name="Search Functionality › should search products successfully" classname="navigation\navigation-flows.spec.ts" time="0.006">
<failure message="navigation-flows.spec.ts:124:7 should search products successfully" type="FAILURE">
<![CDATA[  [firefox] › navigation\navigation-flows.spec.ts:124:7 › Search Functionality › should search products successfully 

    Error: browserType.launch: Executable doesn't exist at C:\Users\JAGZA\AppData\Local\ms-playwright\firefox-1495\firefox\firefox.exe
    ╔═════════════════════════════════════════════════════════════════════════╗
    ║ Looks like Playwright Test or Playwright was just installed or updated. ║
    ║ Please run the following command to download new browsers:              ║
    ║                                                                         ║
    ║     npx playwright install                                              ║
    ║                                                                         ║
    ║ <3 Playwright Team                                                      ║
    ╚═════════════════════════════════════════════════════════════════════════╝
]]>
</failure>
</testcase>
<testcase name="Search Functionality › should show no results message for invalid search" classname="navigation\navigation-flows.spec.ts" time="0.006">
<failure message="navigation-flows.spec.ts:141:7 should show no results message for invalid search" type="FAILURE">
<![CDATA[  [firefox] › navigation\navigation-flows.spec.ts:141:7 › Search Functionality › should show no results message for invalid search 

    Error: browserType.launch: Executable doesn't exist at C:\Users\JAGZA\AppData\Local\ms-playwright\firefox-1495\firefox\firefox.exe
    ╔═════════════════════════════════════════════════════════════════════════╗
    ║ Looks like Playwright Test or Playwright was just installed or updated. ║
    ║ Please run the following command to download new browsers:              ║
    ║                                                                         ║
    ║     npx playwright install                                              ║
    ║                                                                         ║
    ║ <3 Playwright Team                                                      ║
    ╚═════════════════════════════════════════════════════════════════════════╝
]]>
</failure>
</testcase>
<testcase name="Search Functionality › should filter search results" classname="navigation\navigation-flows.spec.ts" time="0.006">
<failure message="navigation-flows.spec.ts:154:7 should filter search results" type="FAILURE">
<![CDATA[  [firefox] › navigation\navigation-flows.spec.ts:154:7 › Search Functionality › should filter search results 

    Error: browserType.launch: Executable doesn't exist at C:\Users\JAGZA\AppData\Local\ms-playwright\firefox-1495\firefox\firefox.exe
    ╔═════════════════════════════════════════════════════════════════════════╗
    ║ Looks like Playwright Test or Playwright was just installed or updated. ║
    ║ Please run the following command to download new browsers:              ║
    ║                                                                         ║
    ║     npx playwright install                                              ║
    ║                                                                         ║
    ║ <3 Playwright Team                                                      ║
    ╚═════════════════════════════════════════════════════════════════════════╝
]]>
</failure>
</testcase>
<testcase name="Product Filtering &amp; Sorting › should filter products by category" classname="navigation\navigation-flows.spec.ts" time="0.006">
<failure message="navigation-flows.spec.ts:184:7 should filter products by category" type="FAILURE">
<![CDATA[  [firefox] › navigation\navigation-flows.spec.ts:184:7 › Product Filtering & Sorting › should filter products by category 

    Error: browserType.launch: Executable doesn't exist at C:\Users\JAGZA\AppData\Local\ms-playwright\firefox-1495\firefox\firefox.exe
    ╔═════════════════════════════════════════════════════════════════════════╗
    ║ Looks like Playwright Test or Playwright was just installed or updated. ║
    ║ Please run the following command to download new browsers:              ║
    ║                                                                         ║
    ║     npx playwright install                                              ║
    ║                                                                         ║
    ║ <3 Playwright Team                                                      ║
    ╚═════════════════════════════════════════════════════════════════════════╝
]]>
</failure>
</testcase>
<testcase name="Product Filtering &amp; Sorting › should sort products by price" classname="navigation\navigation-flows.spec.ts" time="0.007">
<failure message="navigation-flows.spec.ts:201:7 should sort products by price" type="FAILURE">
<![CDATA[  [firefox] › navigation\navigation-flows.spec.ts:201:7 › Product Filtering & Sorting › should sort products by price 

    Error: browserType.launch: Executable doesn't exist at C:\Users\JAGZA\AppData\Local\ms-playwright\firefox-1495\firefox\firefox.exe
    ╔═════════════════════════════════════════════════════════════════════════╗
    ║ Looks like Playwright Test or Playwright was just installed or updated. ║
    ║ Please run the following command to download new browsers:              ║
    ║                                                                         ║
    ║     npx playwright install                                              ║
    ║                                                                         ║
    ║ <3 Playwright Team                                                      ║
    ╚═════════════════════════════════════════════════════════════════════════╝
]]>
</failure>
</testcase>
<testcase name="Product Filtering &amp; Sorting › should filter products by price range" classname="navigation\navigation-flows.spec.ts" time="0.007">
<failure message="navigation-flows.spec.ts:222:7 should filter products by price range" type="FAILURE">
<![CDATA[  [firefox] › navigation\navigation-flows.spec.ts:222:7 › Product Filtering & Sorting › should filter products by price range 

    Error: browserType.launch: Executable doesn't exist at C:\Users\JAGZA\AppData\Local\ms-playwright\firefox-1495\firefox\firefox.exe
    ╔═════════════════════════════════════════════════════════════════════════╗
    ║ Looks like Playwright Test or Playwright was just installed or updated. ║
    ║ Please run the following command to download new browsers:              ║
    ║                                                                         ║
    ║     npx playwright install                                              ║
    ║                                                                         ║
    ║ <3 Playwright Team                                                      ║
    ╚═════════════════════════════════════════════════════════════════════════╝
]]>
</failure>
</testcase>
<testcase name="Shopping Cart Operations › should add product to cart" classname="navigation\navigation-flows.spec.ts" time="0.006">
<failure message="navigation-flows.spec.ts:254:7 should add product to cart" type="FAILURE">
<![CDATA[  [firefox] › navigation\navigation-flows.spec.ts:254:7 › Shopping Cart Operations › should add product to cart 

    Error: browserType.launch: Executable doesn't exist at C:\Users\JAGZA\AppData\Local\ms-playwright\firefox-1495\firefox\firefox.exe
    ╔═════════════════════════════════════════════════════════════════════════╗
    ║ Looks like Playwright Test or Playwright was just installed or updated. ║
    ║ Please run the following command to download new browsers:              ║
    ║                                                                         ║
    ║     npx playwright install                                              ║
    ║                                                                         ║
    ║ <3 Playwright Team                                                      ║
    ╚═════════════════════════════════════════════════════════════════════════╝
]]>
</failure>
</testcase>
<testcase name="Shopping Cart Operations › should update cart item quantity" classname="navigation\navigation-flows.spec.ts" time="0.007">
<failure message="navigation-flows.spec.ts:268:7 should update cart item quantity" type="FAILURE">
<![CDATA[  [firefox] › navigation\navigation-flows.spec.ts:268:7 › Shopping Cart Operations › should update cart item quantity 

    Error: browserType.launch: Executable doesn't exist at C:\Users\JAGZA\AppData\Local\ms-playwright\firefox-1495\firefox\firefox.exe
    ╔═════════════════════════════════════════════════════════════════════════╗
    ║ Looks like Playwright Test or Playwright was just installed or updated. ║
    ║ Please run the following command to download new browsers:              ║
    ║                                                                         ║
    ║     npx playwright install                                              ║
    ║                                                                         ║
    ║ <3 Playwright Team                                                      ║
    ╚═════════════════════════════════════════════════════════════════════════╝
]]>
</failure>
</testcase>
<testcase name="Shopping Cart Operations › should remove item from cart" classname="navigation\navigation-flows.spec.ts" time="0.007">
<failure message="navigation-flows.spec.ts:293:7 should remove item from cart" type="FAILURE">
<![CDATA[  [firefox] › navigation\navigation-flows.spec.ts:293:7 › Shopping Cart Operations › should remove item from cart 

    Error: browserType.launch: Executable doesn't exist at C:\Users\JAGZA\AppData\Local\ms-playwright\firefox-1495\firefox\firefox.exe
    ╔═════════════════════════════════════════════════════════════════════════╗
    ║ Looks like Playwright Test or Playwright was just installed or updated. ║
    ║ Please run the following command to download new browsers:              ║
    ║                                                                         ║
    ║     npx playwright install                                              ║
    ║                                                                         ║
    ║ <3 Playwright Team                                                      ║
    ╚═════════════════════════════════════════════════════════════════════════╝
]]>
</failure>
</testcase>
<testcase name="Shopping Cart Operations › should calculate cart total correctly" classname="navigation\navigation-flows.spec.ts" time="0.006">
<failure message="navigation-flows.spec.ts:317:7 should calculate cart total correctly" type="FAILURE">
<![CDATA[  [firefox] › navigation\navigation-flows.spec.ts:317:7 › Shopping Cart Operations › should calculate cart total correctly 

    Error: browserType.launch: Executable doesn't exist at C:\Users\JAGZA\AppData\Local\ms-playwright\firefox-1495\firefox\firefox.exe
    ╔═════════════════════════════════════════════════════════════════════════╗
    ║ Looks like Playwright Test or Playwright was just installed or updated. ║
    ║ Please run the following command to download new browsers:              ║
    ║                                                                         ║
    ║     npx playwright install                                              ║
    ║                                                                         ║
    ║ <3 Playwright Team                                                      ║
    ╚═════════════════════════════════════════════════════════════════════════╝
]]>
</failure>
</testcase>
<testcase name="Booking System › should book a service appointment" classname="navigation\navigation-flows.spec.ts" time="0.006">
<failure message="navigation-flows.spec.ts:343:7 should book a service appointment" type="FAILURE">
<![CDATA[  [firefox] › navigation\navigation-flows.spec.ts:343:7 › Booking System › should book a service appointment 

    Error: browserType.launch: Executable doesn't exist at C:\Users\JAGZA\AppData\Local\ms-playwright\firefox-1495\firefox\firefox.exe
    ╔═════════════════════════════════════════════════════════════════════════╗
    ║ Looks like Playwright Test or Playwright was just installed or updated. ║
    ║ Please run the following command to download new browsers:              ║
    ║                                                                         ║
    ║     npx playwright install                                              ║
    ║                                                                         ║
    ║ <3 Playwright Team                                                      ║
    ╚═════════════════════════════════════════════════════════════════════════╝
]]>
</failure>
</testcase>
<testcase name="Booking System › should select staff member for booking" classname="navigation\navigation-flows.spec.ts" time="0.007">
<failure message="navigation-flows.spec.ts:379:7 should select staff member for booking" type="FAILURE">
<![CDATA[  [firefox] › navigation\navigation-flows.spec.ts:379:7 › Booking System › should select staff member for booking 

    Error: browserType.launch: Executable doesn't exist at C:\Users\JAGZA\AppData\Local\ms-playwright\firefox-1495\firefox\firefox.exe
    ╔═════════════════════════════════════════════════════════════════════════╗
    ║ Looks like Playwright Test or Playwright was just installed or updated. ║
    ║ Please run the following command to download new browsers:              ║
    ║                                                                         ║
    ║     npx playwright install                                              ║
    ║                                                                         ║
    ║ <3 Playwright Team                                                      ║
    ╚═════════════════════════════════════════════════════════════════════════╝
]]>
</failure>
</testcase>
<testcase name="Checkout Process › should proceed through checkout flow" classname="navigation\navigation-flows.spec.ts" time="0.008">
<failure message="navigation-flows.spec.ts:401:7 should proceed through checkout flow" type="FAILURE">
<![CDATA[  [firefox] › navigation\navigation-flows.spec.ts:401:7 › Checkout Process › should proceed through checkout flow 

    Error: browserType.launch: Executable doesn't exist at C:\Users\JAGZA\AppData\Local\ms-playwright\firefox-1495\firefox\firefox.exe
    ╔═════════════════════════════════════════════════════════════════════════╗
    ║ Looks like Playwright Test or Playwright was just installed or updated. ║
    ║ Please run the following command to download new browsers:              ║
    ║                                                                         ║
    ║     npx playwright install                                              ║
    ║                                                                         ║
    ║ <3 Playwright Team                                                      ║
    ╚═════════════════════════════════════════════════════════════════════════╝
]]>
</failure>
</testcase>
</testsuite>
<testsuite name="navigation\system-navigation-corrected.spec.ts" timestamp="2025-10-29T19:08:05.826Z" hostname="firefox" tests="6" failures="6" skipped="0" time="0.042" errors="0">
<testcase name="System Navigation (CORRECTED) › should navigate between main sections without errors" classname="navigation\system-navigation-corrected.spec.ts" time="0.006">
<failure message="system-navigation-corrected.spec.ts:11:7 should navigate between main sections without errors" type="FAILURE">
<![CDATA[  [firefox] › navigation\system-navigation-corrected.spec.ts:11:7 › System Navigation (CORRECTED) › should navigate between main sections without errors 

    Error: browserType.launch: Executable doesn't exist at C:\Users\JAGZA\AppData\Local\ms-playwright\firefox-1495\firefox\firefox.exe
    ╔═════════════════════════════════════════════════════════════════════════╗
    ║ Looks like Playwright Test or Playwright was just installed or updated. ║
    ║ Please run the following command to download new browsers:              ║
    ║                                                                         ║
    ║     npx playwright install                                              ║
    ║                                                                         ║
    ║ <3 Playwright Team                                                      ║
    ╚═════════════════════════════════════════════════════════════════════════╝
]]>
</failure>
</testcase>
<testcase name="System Navigation (CORRECTED) › should maintain navigation context across page loads" classname="navigation\system-navigation-corrected.spec.ts" time="0.007">
<failure message="system-navigation-corrected.spec.ts:55:7 should maintain navigation context across page loads" type="FAILURE">
<![CDATA[  [firefox] › navigation\system-navigation-corrected.spec.ts:55:7 › System Navigation (CORRECTED) › should maintain navigation context across page loads 

    Error: browserType.launch: Executable doesn't exist at C:\Users\JAGZA\AppData\Local\ms-playwright\firefox-1495\firefox\firefox.exe
    ╔═════════════════════════════════════════════════════════════════════════╗
    ║ Looks like Playwright Test or Playwright was just installed or updated. ║
    ║ Please run the following command to download new browsers:              ║
    ║                                                                         ║
    ║     npx playwright install                                              ║
    ║                                                                         ║
    ║ <3 Playwright Team                                                      ║
    ╚═════════════════════════════════════════════════════════════════════════╝
]]>
</failure>
</testcase>
<testcase name="System Navigation (CORRECTED) › should handle breadcrumb navigation correctly" classname="navigation\system-navigation-corrected.spec.ts" time="0.008">
<failure message="system-navigation-corrected.spec.ts:91:7 should handle breadcrumb navigation correctly" type="FAILURE">
<![CDATA[  [firefox] › navigation\system-navigation-corrected.spec.ts:91:7 › System Navigation (CORRECTED) › should handle breadcrumb navigation correctly 

    Error: browserType.launch: Executable doesn't exist at C:\Users\JAGZA\AppData\Local\ms-playwright\firefox-1495\firefox\firefox.exe
    ╔═════════════════════════════════════════════════════════════════════════╗
    ║ Looks like Playwright Test or Playwright was just installed or updated. ║
    ║ Please run the following command to download new browsers:              ║
    ║                                                                         ║
    ║     npx playwright install                                              ║
    ║                                                                         ║
    ║ <3 Playwright Team                                                      ║
    ╚═════════════════════════════════════════════════════════════════════════╝
]]>
</failure>
</testcase>
<testcase name="System Navigation (CORRECTED) › should handle mobile navigation correctly" classname="navigation\system-navigation-corrected.spec.ts" time="0.007">
<failure message="system-navigation-corrected.spec.ts:133:7 should handle mobile navigation correctly" type="FAILURE">
<![CDATA[  [firefox] › navigation\system-navigation-corrected.spec.ts:133:7 › System Navigation (CORRECTED) › should handle mobile navigation correctly 

    Error: browserType.launch: Executable doesn't exist at C:\Users\JAGZA\AppData\Local\ms-playwright\firefox-1495\firefox\firefox.exe
    ╔═════════════════════════════════════════════════════════════════════════╗
    ║ Looks like Playwright Test or Playwright was just installed or updated. ║
    ║ Please run the following command to download new browsers:              ║
    ║                                                                         ║
    ║     npx playwright install                                              ║
    ║                                                                         ║
    ║ <3 Playwright Team                                                      ║
    ╚═════════════════════════════════════════════════════════════════════════╝
]]>
</failure>
</testcase>
<testcase name="System Navigation (CORRECTED) › should handle keyboard navigation correctly" classname="navigation\system-navigation-corrected.spec.ts" time="0.007">
<failure message="system-navigation-corrected.spec.ts:181:7 should handle keyboard navigation correctly" type="FAILURE">
<![CDATA[  [firefox] › navigation\system-navigation-corrected.spec.ts:181:7 › System Navigation (CORRECTED) › should handle keyboard navigation correctly 

    Error: browserType.launch: Executable doesn't exist at C:\Users\JAGZA\AppData\Local\ms-playwright\firefox-1495\firefox\firefox.exe
    ╔═════════════════════════════════════════════════════════════════════════╗
    ║ Looks like Playwright Test or Playwright was just installed or updated. ║
    ║ Please run the following command to download new browsers:              ║
    ║                                                                         ║
    ║     npx playwright install                                              ║
    ║                                                                         ║
    ║ <3 Playwright Team                                                      ║
    ╚═════════════════════════════════════════════════════════════════════════╝
]]>
</failure>
</testcase>
<testcase name="System Navigation (CORRECTED) › should handle navigation errors gracefully" classname="navigation\system-navigation-corrected.spec.ts" time="0.007">
<failure message="system-navigation-corrected.spec.ts:222:7 should handle navigation errors gracefully" type="FAILURE">
<![CDATA[  [firefox] › navigation\system-navigation-corrected.spec.ts:222:7 › System Navigation (CORRECTED) › should handle navigation errors gracefully 

    Error: browserType.launch: Executable doesn't exist at C:\Users\JAGZA\AppData\Local\ms-playwright\firefox-1495\firefox\firefox.exe
    ╔═════════════════════════════════════════════════════════════════════════╗
    ║ Looks like Playwright Test or Playwright was just installed or updated. ║
    ║ Please run the following command to download new browsers:              ║
    ║                                                                         ║
    ║     npx playwright install                                              ║
    ║                                                                         ║
    ║ <3 Playwright Team                                                      ║
    ╚═════════════════════════════════════════════════════════════════════════╝
]]>
</failure>
</testcase>
</testsuite>
<testsuite name="navigation\user-menu-corrected.spec.ts" timestamp="2025-10-29T19:08:05.826Z" hostname="firefox" tests="5" failures="5" skipped="0" time="0.032" errors="0">
<testcase name="User Menu Navigation (CORRECTED) › should display user menu with correct navigation options" classname="navigation\user-menu-corrected.spec.ts" time="0.007">
<failure message="user-menu-corrected.spec.ts:11:7 should display user menu with correct navigation options" type="FAILURE">
<![CDATA[  [firefox] › navigation\user-menu-corrected.spec.ts:11:7 › User Menu Navigation (CORRECTED) › should display user menu with correct navigation options 

    Error: browserType.launch: Executable doesn't exist at C:\Users\JAGZA\AppData\Local\ms-playwright\firefox-1495\firefox\firefox.exe
    ╔═════════════════════════════════════════════════════════════════════════╗
    ║ Looks like Playwright Test or Playwright was just installed or updated. ║
    ║ Please run the following command to download new browsers:              ║
    ║                                                                         ║
    ║     npx playwright install                                              ║
    ║                                                                         ║
    ║ <3 Playwright Team                                                      ║
    ╚═════════════════════════════════════════════════════════════════════════╝
]]>
</failure>
</testcase>
<testcase name="User Menu Navigation (CORRECTED) › should navigate to profile page correctly" classname="navigation\user-menu-corrected.spec.ts" time="0.007">
<failure message="user-menu-corrected.spec.ts:58:7 should navigate to profile page correctly" type="FAILURE">
<![CDATA[  [firefox] › navigation\user-menu-corrected.spec.ts:58:7 › User Menu Navigation (CORRECTED) › should navigate to profile page correctly 

    Error: browserType.launch: Executable doesn't exist at C:\Users\JAGZA\AppData\Local\ms-playwright\firefox-1495\firefox\firefox.exe
    ╔═════════════════════════════════════════════════════════════════════════╗
    ║ Looks like Playwright Test or Playwright was just installed or updated. ║
    ║ Please run the following command to download new browsers:              ║
    ║                                                                         ║
    ║     npx playwright install                                              ║
    ║                                                                         ║
    ║ <3 Playwright Team                                                      ║
    ╚═════════════════════════════════════════════════════════════════════════╝
]]>
</failure>
</testcase>
<testcase name="User Menu Navigation (CORRECTED) › should navigate to orders page correctly" classname="navigation\user-menu-corrected.spec.ts" time="0.007">
<failure message="user-menu-corrected.spec.ts:89:7 should navigate to orders page correctly" type="FAILURE">
<![CDATA[  [firefox] › navigation\user-menu-corrected.spec.ts:89:7 › User Menu Navigation (CORRECTED) › should navigate to orders page correctly 

    Error: browserType.launch: Executable doesn't exist at C:\Users\JAGZA\AppData\Local\ms-playwright\firefox-1495\firefox\firefox.exe
    ╔═════════════════════════════════════════════════════════════════════════╗
    ║ Looks like Playwright Test or Playwright was just installed or updated. ║
    ║ Please run the following command to download new browsers:              ║
    ║                                                                         ║
    ║     npx playwright install                                              ║
    ║                                                                         ║
    ║ <3 Playwright Team                                                      ║
    ╚═════════════════════════════════════════════════════════════════════════╝
]]>
</failure>
</testcase>
<testcase name="User Menu Navigation (CORRECTED) › should handle logout correctly" classname="navigation\user-menu-corrected.spec.ts" time="0.005">
<failure message="user-menu-corrected.spec.ts:120:7 should handle logout correctly" type="FAILURE">
<![CDATA[  [firefox] › navigation\user-menu-corrected.spec.ts:120:7 › User Menu Navigation (CORRECTED) › should handle logout correctly 

    Error: browserType.launch: Executable doesn't exist at C:\Users\JAGZA\AppData\Local\ms-playwright\firefox-1495\firefox\firefox.exe
    ╔═════════════════════════════════════════════════════════════════════════╗
    ║ Looks like Playwright Test or Playwright was just installed or updated. ║
    ║ Please run the following command to download new browsers:              ║
    ║                                                                         ║
    ║     npx playwright install                                              ║
    ║                                                                         ║
    ║ <3 Playwright Team                                                      ║
    ╚═════════════════════════════════════════════════════════════════════════╝
]]>
</failure>
</testcase>
<testcase name="User Menu Navigation (CORRECTED) › should show admin options for admin users" classname="navigation\user-menu-corrected.spec.ts" time="0.006">
<failure message="user-menu-corrected.spec.ts:150:7 should show admin options for admin users" type="FAILURE">
<![CDATA[  [firefox] › navigation\user-menu-corrected.spec.ts:150:7 › User Menu Navigation (CORRECTED) › should show admin options for admin users 

    Error: browserType.launch: Executable doesn't exist at C:\Users\JAGZA\AppData\Local\ms-playwright\firefox-1495\firefox\firefox.exe
    ╔═════════════════════════════════════════════════════════════════════════╗
    ║ Looks like Playwright Test or Playwright was just installed or updated. ║
    ║ Please run the following command to download new browsers:              ║
    ║                                                                         ║
    ║     npx playwright install                                              ║
    ║                                                                         ║
    ║ <3 Playwright Team                                                      ║
    ╚═════════════════════════════════════════════════════════════════════════╝
]]>
</failure>
</testcase>
</testsuite>
<testsuite name="performance\core-web-vitals.spec.ts" timestamp="2025-10-29T19:08:05.826Z" hostname="firefox" tests="9" failures="9" skipped="0" time="0.067" errors="0">
<testcase name="Performance Tests - Core Web Vitals › Page load times should meet targets" classname="performance\core-web-vitals.spec.ts" time="0.007">
<failure message="core-web-vitals.spec.ts:6:7 Page load times should meet targets" type="FAILURE">
<![CDATA[  [firefox] › performance\core-web-vitals.spec.ts:6:7 › Performance Tests - Core Web Vitals › Page load times should meet targets 

    Error: browserType.launch: Executable doesn't exist at C:\Users\JAGZA\AppData\Local\ms-playwright\firefox-1495\firefox\firefox.exe
    ╔═════════════════════════════════════════════════════════════════════════╗
    ║ Looks like Playwright Test or Playwright was just installed or updated. ║
    ║ Please run the following command to download new browsers:              ║
    ║                                                                         ║
    ║     npx playwright install                                              ║
    ║                                                                         ║
    ║ <3 Playwright Team                                                      ║
    ╚═════════════════════════════════════════════════════════════════════════╝
]]>
</failure>
</testcase>
<testcase name="Performance Tests - Core Web Vitals › Bundle size should be under 250KB" classname="performance\core-web-vitals.spec.ts" time="0.006">
<failure message="core-web-vitals.spec.ts:49:7 Bundle size should be under 250KB" type="FAILURE">
<![CDATA[  [firefox] › performance\core-web-vitals.spec.ts:49:7 › Performance Tests - Core Web Vitals › Bundle size should be under 250KB 

    Error: browserType.launch: Executable doesn't exist at C:\Users\JAGZA\AppData\Local\ms-playwright\firefox-1495\firefox\firefox.exe
    ╔═════════════════════════════════════════════════════════════════════════╗
    ║ Looks like Playwright Test or Playwright was just installed or updated. ║
    ║ Please run the following command to download new browsers:              ║
    ║                                                                         ║
    ║     npx playwright install                                              ║
    ║                                                                         ║
    ║ <3 Playwright Team                                                      ║
    ╚═════════════════════════════════════════════════════════════════════════╝
]]>
</failure>
</testcase>
<testcase name="Performance Tests - Core Web Vitals › Core Web Vitals should meet targets" classname="performance\core-web-vitals.spec.ts" time="0.008">
<failure message="core-web-vitals.spec.ts:99:7 Core Web Vitals should meet targets" type="FAILURE">
<![CDATA[  [firefox] › performance\core-web-vitals.spec.ts:99:7 › Performance Tests - Core Web Vitals › Core Web Vitals should meet targets 

    Error: browserType.launch: Executable doesn't exist at C:\Users\JAGZA\AppData\Local\ms-playwright\firefox-1495\firefox\firefox.exe
    ╔═════════════════════════════════════════════════════════════════════════╗
    ║ Looks like Playwright Test or Playwright was just installed or updated. ║
    ║ Please run the following command to download new browsers:              ║
    ║                                                                         ║
    ║     npx playwright install                                              ║
    ║                                                                         ║
    ║ <3 Playwright Team                                                      ║
    ╚═════════════════════════════════════════════════════════════════════════╝
]]>
</failure>
</testcase>
<testcase name="Performance Tests - Core Web Vitals › Image optimization should be working" classname="performance\core-web-vitals.spec.ts" time="0.012">
<failure message="core-web-vitals.spec.ts:170:7 Image optimization should be working" type="FAILURE">
<![CDATA[  [firefox] › performance\core-web-vitals.spec.ts:170:7 › Performance Tests - Core Web Vitals › Image optimization should be working 

    Error: browserType.launch: Executable doesn't exist at C:\Users\JAGZA\AppData\Local\ms-playwright\firefox-1495\firefox\firefox.exe
    ╔═════════════════════════════════════════════════════════════════════════╗
    ║ Looks like Playwright Test or Playwright was just installed or updated. ║
    ║ Please run the following command to download new browsers:              ║
    ║                                                                         ║
    ║     npx playwright install                                              ║
    ║                                                                         ║
    ║ <3 Playwright Team                                                      ║
    ╚═════════════════════════════════════════════════════════════════════════╝
]]>
</failure>
</testcase>
<testcase name="Performance Tests - Core Web Vitals › Caching headers should be set properly" classname="performance\core-web-vitals.spec.ts" time="0.007">
<failure message="core-web-vitals.spec.ts:228:7 Caching headers should be set properly" type="FAILURE">
<![CDATA[  [firefox] › performance\core-web-vitals.spec.ts:228:7 › Performance Tests - Core Web Vitals › Caching headers should be set properly 

    Error: browserType.launch: Executable doesn't exist at C:\Users\JAGZA\AppData\Local\ms-playwright\firefox-1495\firefox\firefox.exe
    ╔═════════════════════════════════════════════════════════════════════════╗
    ║ Looks like Playwright Test or Playwright was just installed or updated. ║
    ║ Please run the following command to download new browsers:              ║
    ║                                                                         ║
    ║     npx playwright install                                              ║
    ║                                                                         ║
    ║ <3 Playwright Team                                                      ║
    ╚═════════════════════════════════════════════════════════════════════════╝
]]>
</failure>
</testcase>
<testcase name="Performance Tests - Core Web Vitals › JavaScript execution should be efficient" classname="performance\core-web-vitals.spec.ts" time="0.006">
<failure message="core-web-vitals.spec.ts:272:7 JavaScript execution should be efficient" type="FAILURE">
<![CDATA[  [firefox] › performance\core-web-vitals.spec.ts:272:7 › Performance Tests - Core Web Vitals › JavaScript execution should be efficient 

    Error: browserType.launch: Executable doesn't exist at C:\Users\JAGZA\AppData\Local\ms-playwright\firefox-1495\firefox\firefox.exe
    ╔═════════════════════════════════════════════════════════════════════════╗
    ║ Looks like Playwright Test or Playwright was just installed or updated. ║
    ║ Please run the following command to download new browsers:              ║
    ║                                                                         ║
    ║     npx playwright install                                              ║
    ║                                                                         ║
    ║ <3 Playwright Team                                                      ║
    ╚═════════════════════════════════════════════════════════════════════════╝
]]>
</failure>
</testcase>
<testcase name="Performance Tests - Core Web Vitals › Memory usage should be reasonable" classname="performance\core-web-vitals.spec.ts" time="0.009">
<failure message="core-web-vitals.spec.ts:311:7 Memory usage should be reasonable" type="FAILURE">
<![CDATA[  [firefox] › performance\core-web-vitals.spec.ts:311:7 › Performance Tests - Core Web Vitals › Memory usage should be reasonable 

    Error: browserType.launch: Executable doesn't exist at C:\Users\JAGZA\AppData\Local\ms-playwright\firefox-1495\firefox\firefox.exe
    ╔═════════════════════════════════════════════════════════════════════════╗
    ║ Looks like Playwright Test or Playwright was just installed or updated. ║
    ║ Please run the following command to download new browsers:              ║
    ║                                                                         ║
    ║     npx playwright install                                              ║
    ║                                                                         ║
    ║ <3 Playwright Team                                                      ║
    ╚═════════════════════════════════════════════════════════════════════════╝
]]>
</failure>
</testcase>
<testcase name="Performance Tests - Core Web Vitals › Network requests should be optimized" classname="performance\core-web-vitals.spec.ts" time="0.006">
<failure message="core-web-vitals.spec.ts:349:7 Network requests should be optimized" type="FAILURE">
<![CDATA[  [firefox] › performance\core-web-vitals.spec.ts:349:7 › Performance Tests - Core Web Vitals › Network requests should be optimized 

    Error: browserType.launch: Executable doesn't exist at C:\Users\JAGZA\AppData\Local\ms-playwright\firefox-1495\firefox\firefox.exe
    ╔═════════════════════════════════════════════════════════════════════════╗
    ║ Looks like Playwright Test or Playwright was just installed or updated. ║
    ║ Please run the following command to download new browsers:              ║
    ║                                                                         ║
    ║     npx playwright install                                              ║
    ║                                                                         ║
    ║ <3 Playwright Team                                                      ║
    ╚═════════════════════════════════════════════════════════════════════════╝
]]>
</failure>
</testcase>
<testcase name="Performance Tests - Core Web Vitals › Progressive loading should work" classname="performance\core-web-vitals.spec.ts" time="0.006">
<failure message="core-web-vitals.spec.ts:388:7 Progressive loading should work" type="FAILURE">
<![CDATA[  [firefox] › performance\core-web-vitals.spec.ts:388:7 › Performance Tests - Core Web Vitals › Progressive loading should work 

    Error: browserType.launch: Executable doesn't exist at C:\Users\JAGZA\AppData\Local\ms-playwright\firefox-1495\firefox\firefox.exe
    ╔═════════════════════════════════════════════════════════════════════════╗
    ║ Looks like Playwright Test or Playwright was just installed or updated. ║
    ║ Please run the following command to download new browsers:              ║
    ║                                                                         ║
    ║     npx playwright install                                              ║
    ║                                                                         ║
    ║ <3 Playwright Team                                                      ║
    ╚═════════════════════════════════════════════════════════════════════════╝
]]>
</failure>
</testcase>
</testsuite>
<testsuite name="performance\mobile-performance-budget.spec.ts" timestamp="2025-10-29T19:08:05.826Z" hostname="firefox" tests="12" failures="12" skipped="0" time="0.086" errors="0">
<testcase name="Mobile Performance Budget › should meet mobile LCP budget of &lt;3s" classname="performance\mobile-performance-budget.spec.ts" time="0.007">
<failure message="mobile-performance-budget.spec.ts:10:7 should meet mobile LCP budget of &lt;3s" type="FAILURE">
<![CDATA[  [firefox] › performance\mobile-performance-budget.spec.ts:10:7 › Mobile Performance Budget › should meet mobile LCP budget of <3s 

    Error: browserType.launch: Executable doesn't exist at C:\Users\JAGZA\AppData\Local\ms-playwright\firefox-1495\firefox\firefox.exe
    ╔═════════════════════════════════════════════════════════════════════════╗
    ║ Looks like Playwright Test or Playwright was just installed or updated. ║
    ║ Please run the following command to download new browsers:              ║
    ║                                                                         ║
    ║     npx playwright install                                              ║
    ║                                                                         ║
    ║ <3 Playwright Team                                                      ║
    ╚═════════════════════════════════════════════════════════════════════════╝
]]>
</failure>
</testcase>
<testcase name="Mobile Performance Budget › should meet mobile FCP budget of &lt;2s" classname="performance\mobile-performance-budget.spec.ts" time="0.008">
<failure message="mobile-performance-budget.spec.ts:29:7 should meet mobile FCP budget of &lt;2s" type="FAILURE">
<![CDATA[  [firefox] › performance\mobile-performance-budget.spec.ts:29:7 › Mobile Performance Budget › should meet mobile FCP budget of <2s 

    Error: browserType.launch: Executable doesn't exist at C:\Users\JAGZA\AppData\Local\ms-playwright\firefox-1495\firefox\firefox.exe
    ╔═════════════════════════════════════════════════════════════════════════╗
    ║ Looks like Playwright Test or Playwright was just installed or updated. ║
    ║ Please run the following command to download new browsers:              ║
    ║                                                                         ║
    ║     npx playwright install                                              ║
    ║                                                                         ║
    ║ <3 Playwright Team                                                      ║
    ╚═════════════════════════════════════════════════════════════════════════╝
]]>
</failure>
</testcase>
<testcase name="Mobile Performance Budget › should meet mobile TTFB budget of &lt;1s" classname="performance\mobile-performance-budget.spec.ts" time="0.007">
<failure message="mobile-performance-budget.spec.ts:48:7 should meet mobile TTFB budget of &lt;1s" type="FAILURE">
<![CDATA[  [firefox] › performance\mobile-performance-budget.spec.ts:48:7 › Mobile Performance Budget › should meet mobile TTFB budget of <1s 

    Error: browserType.launch: Executable doesn't exist at C:\Users\JAGZA\AppData\Local\ms-playwright\firefox-1495\firefox\firefox.exe
    ╔═════════════════════════════════════════════════════════════════════════╗
    ║ Looks like Playwright Test or Playwright was just installed or updated. ║
    ║ Please run the following command to download new browsers:              ║
    ║                                                                         ║
    ║     npx playwright install                                              ║
    ║                                                                         ║
    ║ <3 Playwright Team                                                      ║
    ╚═════════════════════════════════════════════════════════════════════════╝
]]>
</failure>
</testcase>
<testcase name="Mobile Performance Budget › should load efficiently on 3G network" classname="performance\mobile-performance-budget.spec.ts" time="0.007">
<failure message="mobile-performance-budget.spec.ts:66:7 should load efficiently on 3G network" type="FAILURE">
<![CDATA[  [firefox] › performance\mobile-performance-budget.spec.ts:66:7 › Mobile Performance Budget › should load efficiently on 3G network 

    Error: browserType.launch: Executable doesn't exist at C:\Users\JAGZA\AppData\Local\ms-playwright\firefox-1495\firefox\firefox.exe
    ╔═════════════════════════════════════════════════════════════════════════╗
    ║ Looks like Playwright Test or Playwright was just installed or updated. ║
    ║ Please run the following command to download new browsers:              ║
    ║                                                                         ║
    ║     npx playwright install                                              ║
    ║                                                                         ║
    ║ <3 Playwright Team                                                      ║
    ╚═════════════════════════════════════════════════════════════════════════╝
]]>
</failure>
</testcase>
<testcase name="Mobile Performance Budget › should serve appropriately sized images for mobile" classname="performance\mobile-performance-budget.spec.ts" time="0.007">
<failure message="mobile-performance-budget.spec.ts:85:7 should serve appropriately sized images for mobile" type="FAILURE">
<![CDATA[  [firefox] › performance\mobile-performance-budget.spec.ts:85:7 › Mobile Performance Budget › should serve appropriately sized images for mobile 

    Error: browserType.launch: Executable doesn't exist at C:\Users\JAGZA\AppData\Local\ms-playwright\firefox-1495\firefox\firefox.exe
    ╔═════════════════════════════════════════════════════════════════════════╗
    ║ Looks like Playwright Test or Playwright was just installed or updated. ║
    ║ Please run the following command to download new browsers:              ║
    ║                                                                         ║
    ║     npx playwright install                                              ║
    ║                                                                         ║
    ║ <3 Playwright Team                                                      ║
    ╚═════════════════════════════════════════════════════════════════════════╝
]]>
</failure>
</testcase>
<testcase name="Mobile Performance Budget › should minimize JavaScript execution time" classname="performance\mobile-performance-budget.spec.ts" time="0.006">
<failure message="mobile-performance-budget.spec.ts:110:7 should minimize JavaScript execution time" type="FAILURE">
<![CDATA[  [firefox] › performance\mobile-performance-budget.spec.ts:110:7 › Mobile Performance Budget › should minimize JavaScript execution time 

    Error: browserType.launch: Executable doesn't exist at C:\Users\JAGZA\AppData\Local\ms-playwright\firefox-1495\firefox\firefox.exe
    ╔═════════════════════════════════════════════════════════════════════════╗
    ║ Looks like Playwright Test or Playwright was just installed or updated. ║
    ║ Please run the following command to download new browsers:              ║
    ║                                                                         ║
    ║     npx playwright install                                              ║
    ║                                                                         ║
    ║ <3 Playwright Team                                                      ║
    ╚═════════════════════════════════════════════════════════════════════════╝
]]>
</failure>
</testcase>
<testcase name="Mobile Performance Budget › should lazy load below-the-fold content" classname="performance\mobile-performance-budget.spec.ts" time="0.006">
<failure message="mobile-performance-budget.spec.ts:133:7 should lazy load below-the-fold content" type="FAILURE">
<![CDATA[  [firefox] › performance\mobile-performance-budget.spec.ts:133:7 › Mobile Performance Budget › should lazy load below-the-fold content 

    Error: browserType.launch: Executable doesn't exist at C:\Users\JAGZA\AppData\Local\ms-playwright\firefox-1495\firefox\firefox.exe
    ╔═════════════════════════════════════════════════════════════════════════╗
    ║ Looks like Playwright Test or Playwright was just installed or updated. ║
    ║ Please run the following command to download new browsers:              ║
    ║                                                                         ║
    ║     npx playwright install                                              ║
    ║                                                                         ║
    ║ <3 Playwright Team                                                      ║
    ╚═════════════════════════════════════════════════════════════════════════╝
]]>
</failure>
</testcase>
<testcase name="Mobile Performance Budget › should use efficient caching for mobile" classname="performance\mobile-performance-budget.spec.ts" time="0.008">
<failure message="mobile-performance-budget.spec.ts:156:7 should use efficient caching for mobile" type="FAILURE">
<![CDATA[  [firefox] › performance\mobile-performance-budget.spec.ts:156:7 › Mobile Performance Budget › should use efficient caching for mobile 

    Error: browserType.launch: Executable doesn't exist at C:\Users\JAGZA\AppData\Local\ms-playwright\firefox-1495\firefox\firefox.exe
    ╔═════════════════════════════════════════════════════════════════════════╗
    ║ Looks like Playwright Test or Playwright was just installed or updated. ║
    ║ Please run the following command to download new browsers:              ║
    ║                                                                         ║
    ║     npx playwright install                                              ║
    ║                                                                         ║
    ║ <3 Playwright Team                                                      ║
    ╚═════════════════════════════════════════════════════════════════════════╝
]]>
</failure>
</testcase>
<testcase name="Mobile Performance Budget › should minimize layout shifts on mobile" classname="performance\mobile-performance-budget.spec.ts" time="0.007">
<failure message="mobile-performance-budget.spec.ts:172:7 should minimize layout shifts on mobile" type="FAILURE">
<![CDATA[  [firefox] › performance\mobile-performance-budget.spec.ts:172:7 › Mobile Performance Budget › should minimize layout shifts on mobile 

    Error: browserType.launch: Executable doesn't exist at C:\Users\JAGZA\AppData\Local\ms-playwright\firefox-1495\firefox\firefox.exe
    ╔═════════════════════════════════════════════════════════════════════════╗
    ║ Looks like Playwright Test or Playwright was just installed or updated. ║
    ║ Please run the following command to download new browsers:              ║
    ║                                                                         ║
    ║     npx playwright install                                              ║
    ║                                                                         ║
    ║ <3 Playwright Team                                                      ║
    ╚═════════════════════════════════════════════════════════════════════════╝
]]>
</failure>
</testcase>
<testcase name="Mobile Performance Budget › should optimize font loading for mobile" classname="performance\mobile-performance-budget.spec.ts" time="0.008">
<failure message="mobile-performance-budget.spec.ts:201:7 should optimize font loading for mobile" type="FAILURE">
<![CDATA[  [firefox] › performance\mobile-performance-budget.spec.ts:201:7 › Mobile Performance Budget › should optimize font loading for mobile 

    Error: browserType.launch: Executable doesn't exist at C:\Users\JAGZA\AppData\Local\ms-playwright\firefox-1495\firefox\firefox.exe
    ╔═════════════════════════════════════════════════════════════════════════╗
    ║ Looks like Playwright Test or Playwright was just installed or updated. ║
    ║ Please run the following command to download new browsers:              ║
    ║                                                                         ║
    ║     npx playwright install                                              ║
    ║                                                                         ║
    ║ <3 Playwright Team                                                      ║
    ╚═════════════════════════════════════════════════════════════════════════╝
]]>
</failure>
</testcase>
<testcase name="Mobile Performance Budget › should meet mobile bundle size budget" classname="performance\mobile-performance-budget.spec.ts" time="0.007">
<failure message="mobile-performance-budget.spec.ts:222:7 should meet mobile bundle size budget" type="FAILURE">
<![CDATA[  [firefox] › performance\mobile-performance-budget.spec.ts:222:7 › Mobile Performance Budget › should meet mobile bundle size budget 

    Error: browserType.launch: Executable doesn't exist at C:\Users\JAGZA\AppData\Local\ms-playwright\firefox-1495\firefox\firefox.exe
    ╔═════════════════════════════════════════════════════════════════════════╗
    ║ Looks like Playwright Test or Playwright was just installed or updated. ║
    ║ Please run the following command to download new browsers:              ║
    ║                                                                         ║
    ║     npx playwright install                                              ║
    ║                                                                         ║
    ║ <3 Playwright Team                                                      ║
    ╚═════════════════════════════════════════════════════════════════════════╝
]]>
</failure>
</testcase>
<testcase name="Mobile Performance Budget › should prioritize critical rendering path on mobile" classname="performance\mobile-performance-budget.spec.ts" time="0.008">
<failure message="mobile-performance-budget.spec.ts:248:7 should prioritize critical rendering path on mobile" type="FAILURE">
<![CDATA[  [firefox] › performance\mobile-performance-budget.spec.ts:248:7 › Mobile Performance Budget › should prioritize critical rendering path on mobile 

    Error: browserType.launch: Executable doesn't exist at C:\Users\JAGZA\AppData\Local\ms-playwright\firefox-1495\firefox\firefox.exe
    ╔═════════════════════════════════════════════════════════════════════════╗
    ║ Looks like Playwright Test or Playwright was just installed or updated. ║
    ║ Please run the following command to download new browsers:              ║
    ║                                                                         ║
    ║     npx playwright install                                              ║
    ║                                                                         ║
    ║ <3 Playwright Team                                                      ║
    ╚═════════════════════════════════════════════════════════════════════════╝
]]>
</failure>
</testcase>
</testsuite>
<testsuite name="performance.spec.ts" timestamp="2025-10-29T19:08:05.826Z" hostname="firefox" tests="5" failures="5" skipped="0" time="0.034" errors="0">
<testcase name="Performance Tests › Page load times should meet targets" classname="performance.spec.ts" time="0.007">
<failure message="performance.spec.ts:4:7 Page load times should meet targets" type="FAILURE">
<![CDATA[  [firefox] › performance.spec.ts:4:7 › Performance Tests › Page load times should meet targets ────

    Error: browserType.launch: Executable doesn't exist at C:\Users\JAGZA\AppData\Local\ms-playwright\firefox-1495\firefox\firefox.exe
    ╔═════════════════════════════════════════════════════════════════════════╗
    ║ Looks like Playwright Test or Playwright was just installed or updated. ║
    ║ Please run the following command to download new browsers:              ║
    ║                                                                         ║
    ║     npx playwright install                                              ║
    ║                                                                         ║
    ║ <3 Playwright Team                                                      ║
    ╚═════════════════════════════════════════════════════════════════════════╝
]]>
</failure>
</testcase>
<testcase name="Performance Tests › Bundle size should be under 250KB" classname="performance.spec.ts" time="0.007">
<failure message="performance.spec.ts:30:7 Bundle size should be under 250KB" type="FAILURE">
<![CDATA[  [firefox] › performance.spec.ts:30:7 › Performance Tests › Bundle size should be under 250KB ─────

    Error: browserType.launch: Executable doesn't exist at C:\Users\JAGZA\AppData\Local\ms-playwright\firefox-1495\firefox\firefox.exe
    ╔═════════════════════════════════════════════════════════════════════════╗
    ║ Looks like Playwright Test or Playwright was just installed or updated. ║
    ║ Please run the following command to download new browsers:              ║
    ║                                                                         ║
    ║     npx playwright install                                              ║
    ║                                                                         ║
    ║ <3 Playwright Team                                                      ║
    ╚═════════════════════════════════════════════════════════════════════════╝
]]>
</failure>
</testcase>
<testcase name="Performance Tests › Core Web Vitals should meet targets" classname="performance.spec.ts" time="0.007">
<failure message="performance.spec.ts:75:7 Core Web Vitals should meet targets" type="FAILURE">
<![CDATA[  [firefox] › performance.spec.ts:75:7 › Performance Tests › Core Web Vitals should meet targets ───

    Error: browserType.launch: Executable doesn't exist at C:\Users\JAGZA\AppData\Local\ms-playwright\firefox-1495\firefox\firefox.exe
    ╔═════════════════════════════════════════════════════════════════════════╗
    ║ Looks like Playwright Test or Playwright was just installed or updated. ║
    ║ Please run the following command to download new browsers:              ║
    ║                                                                         ║
    ║     npx playwright install                                              ║
    ║                                                                         ║
    ║ <3 Playwright Team                                                      ║
    ╚═════════════════════════════════════════════════════════════════════════╝
]]>
</failure>
</testcase>
<testcase name="Performance Tests › Image optimization should be working" classname="performance.spec.ts" time="0.006">
<failure message="performance.spec.ts:131:7 Image optimization should be working" type="FAILURE">
<![CDATA[  [firefox] › performance.spec.ts:131:7 › Performance Tests › Image optimization should be working ─

    Error: browserType.launch: Executable doesn't exist at C:\Users\JAGZA\AppData\Local\ms-playwright\firefox-1495\firefox\firefox.exe
    ╔═════════════════════════════════════════════════════════════════════════╗
    ║ Looks like Playwright Test or Playwright was just installed or updated. ║
    ║ Please run the following command to download new browsers:              ║
    ║                                                                         ║
    ║     npx playwright install                                              ║
    ║                                                                         ║
    ║ <3 Playwright Team                                                      ║
    ╚═════════════════════════════════════════════════════════════════════════╝
]]>
</failure>
</testcase>
<testcase name="Performance Tests › Caching headers should be set properly" classname="performance.spec.ts" time="0.007">
<failure message="performance.spec.ts:151:7 Caching headers should be set properly" type="FAILURE">
<![CDATA[  [firefox] › performance.spec.ts:151:7 › Performance Tests › Caching headers should be set properly 

    Error: browserType.launch: Executable doesn't exist at C:\Users\JAGZA\AppData\Local\ms-playwright\firefox-1495\firefox\firefox.exe
    ╔═════════════════════════════════════════════════════════════════════════╗
    ║ Looks like Playwright Test or Playwright was just installed or updated. ║
    ║ Please run the following command to download new browsers:              ║
    ║                                                                         ║
    ║     npx playwright install                                              ║
    ║                                                                         ║
    ║ <3 Playwright Team                                                      ║
    ╚═════════════════════════════════════════════════════════════════════════╝
]]>
</failure>
</testcase>
</testsuite>
<testsuite name="purchase\bundle-and-gift-flows.spec.ts" timestamp="2025-10-29T19:08:05.826Z" hostname="firefox" tests="6" failures="6" skipped="0" time="0.044" errors="0">
<testcase name="Bundle Purchase with Cross-Sell - 3 Click Budget › should complete bundle purchase with cross-sell in 3 clicks" classname="purchase\bundle-and-gift-flows.spec.ts" time="0.008">
<failure message="bundle-and-gift-flows.spec.ts:10:7 should complete bundle purchase with cross-sell in 3 clicks" type="FAILURE">
<![CDATA[  [firefox] › purchase\bundle-and-gift-flows.spec.ts:10:7 › Bundle Purchase with Cross-Sell - 3 Click Budget › should complete bundle purchase with cross-sell in 3 clicks 

    Error: browserType.launch: Executable doesn't exist at C:\Users\JAGZA\AppData\Local\ms-playwright\firefox-1495\firefox\firefox.exe
    ╔═════════════════════════════════════════════════════════════════════════╗
    ║ Looks like Playwright Test or Playwright was just installed or updated. ║
    ║ Please run the following command to download new browsers:              ║
    ║                                                                         ║
    ║     npx playwright install                                              ║
    ║                                                                         ║
    ║ <3 Playwright Team                                                      ║
    ╚═════════════════════════════════════════════════════════════════════════╝
]]>
</failure>
</testcase>
<testcase name="Bundle Purchase with Cross-Sell - 3 Click Budget › should show bundle savings and item breakdown" classname="purchase\bundle-and-gift-flows.spec.ts" time="0.007">
<failure message="bundle-and-gift-flows.spec.ts:70:7 should show bundle savings and item breakdown" type="FAILURE">
<![CDATA[  [firefox] › purchase\bundle-and-gift-flows.spec.ts:70:7 › Bundle Purchase with Cross-Sell - 3 Click Budget › should show bundle savings and item breakdown 

    Error: browserType.launch: Executable doesn't exist at C:\Users\JAGZA\AppData\Local\ms-playwright\firefox-1495\firefox\firefox.exe
    ╔═════════════════════════════════════════════════════════════════════════╗
    ║ Looks like Playwright Test or Playwright was just installed or updated. ║
    ║ Please run the following command to download new browsers:              ║
    ║                                                                         ║
    ║     npx playwright install                                              ║
    ║                                                                         ║
    ║ <3 Playwright Team                                                      ║
    ╚═════════════════════════════════════════════════════════════════════════╝
]]>
</failure>
</testcase>
<testcase name="Gift Purchase Flow - 3 Click Budget › should complete gift purchase with gift options in 3 clicks" classname="purchase\bundle-and-gift-flows.spec.ts" time="0.008">
<failure message="bundle-and-gift-flows.spec.ts:105:7 should complete gift purchase with gift options in 3 clicks" type="FAILURE">
<![CDATA[  [firefox] › purchase\bundle-and-gift-flows.spec.ts:105:7 › Gift Purchase Flow - 3 Click Budget › should complete gift purchase with gift options in 3 clicks 

    Error: browserType.launch: Executable doesn't exist at C:\Users\JAGZA\AppData\Local\ms-playwright\firefox-1495\firefox\firefox.exe
    ╔═════════════════════════════════════════════════════════════════════════╗
    ║ Looks like Playwright Test or Playwright was just installed or updated. ║
    ║ Please run the following command to download new browsers:              ║
    ║                                                                         ║
    ║     npx playwright install                                              ║
    ║                                                                         ║
    ║ <3 Playwright Team                                                      ║
    ╚═════════════════════════════════════════════════════════════════════════╝
]]>
</failure>
</testcase>
<testcase name="Gift Purchase Flow - 3 Click Budget › should allow custom gift message" classname="purchase\bundle-and-gift-flows.spec.ts" time="0.007">
<failure message="bundle-and-gift-flows.spec.ts:175:7 should allow custom gift message" type="FAILURE">
<![CDATA[  [firefox] › purchase\bundle-and-gift-flows.spec.ts:175:7 › Gift Purchase Flow - 3 Click Budget › should allow custom gift message 

    Error: browserType.launch: Executable doesn't exist at C:\Users\JAGZA\AppData\Local\ms-playwright\firefox-1495\firefox\firefox.exe
    ╔═════════════════════════════════════════════════════════════════════════╗
    ║ Looks like Playwright Test or Playwright was just installed or updated. ║
    ║ Please run the following command to download new browsers:              ║
    ║                                                                         ║
    ║     npx playwright install                                              ║
    ║                                                                         ║
    ║ <3 Playwright Team                                                      ║
    ╚═════════════════════════════════════════════════════════════════════════╝
]]>
</failure>
</testcase>
<testcase name="Gift Purchase Flow - 3 Click Budget › should show gift pricing with wrap costs" classname="purchase\bundle-and-gift-flows.spec.ts" time="0.007">
<failure message="bundle-and-gift-flows.spec.ts:199:7 should show gift pricing with wrap costs" type="FAILURE">
<![CDATA[  [firefox] › purchase\bundle-and-gift-flows.spec.ts:199:7 › Gift Purchase Flow - 3 Click Budget › should show gift pricing with wrap costs 

    Error: browserType.launch: Executable doesn't exist at C:\Users\JAGZA\AppData\Local\ms-playwright\firefox-1495\firefox\firefox.exe
    ╔═════════════════════════════════════════════════════════════════════════╗
    ║ Looks like Playwright Test or Playwright was just installed or updated. ║
    ║ Please run the following command to download new browsers:              ║
    ║                                                                         ║
    ║     npx playwright install                                              ║
    ║                                                                         ║
    ║ <3 Playwright Team                                                      ║
    ╚═════════════════════════════════════════════════════════════════════════╝
]]>
</failure>
</testcase>
<testcase name="Gift Purchase Flow - 3 Click Budget › should support scheduling gift delivery" classname="purchase\bundle-and-gift-flows.spec.ts" time="0.007">
<failure message="bundle-and-gift-flows.spec.ts:229:7 should support scheduling gift delivery" type="FAILURE">
<![CDATA[  [firefox] › purchase\bundle-and-gift-flows.spec.ts:229:7 › Gift Purchase Flow - 3 Click Budget › should support scheduling gift delivery 

    Error: browserType.launch: Executable doesn't exist at C:\Users\JAGZA\AppData\Local\ms-playwright\firefox-1495\firefox\firefox.exe
    ╔═════════════════════════════════════════════════════════════════════════╗
    ║ Looks like Playwright Test or Playwright was just installed or updated. ║
    ║ Please run the following command to download new browsers:              ║
    ║                                                                         ║
    ║     npx playwright install                                              ║
    ║                                                                         ║
    ║ <3 Playwright Team                                                      ║
    ╚═════════════════════════════════════════════════════════════════════════╝
]]>
</failure>
</testcase>
</testsuite>
<testsuite name="quotas\cost-guards.spec.ts" timestamp="2025-10-29T19:08:05.826Z" hostname="firefox" tests="8" failures="8" skipped="0" time="0.062" errors="0">
<testcase name="Quotas and Cost Guards E2E Tests › Eco Mode (50% budget) - Reduced features and quality" classname="quotas\cost-guards.spec.ts" time="0.008">
<failure message="cost-guards.spec.ts:14:7 Eco Mode (50% budget) - Reduced features and quality" type="FAILURE">
<![CDATA[  [firefox] › quotas\cost-guards.spec.ts:14:7 › Quotas and Cost Guards E2E Tests › Eco Mode (50% budget) - Reduced features and quality 

    Error: browserType.launch: Executable doesn't exist at C:\Users\JAGZA\AppData\Local\ms-playwright\firefox-1495\firefox\firefox.exe
    ╔═════════════════════════════════════════════════════════════════════════╗
    ║ Looks like Playwright Test or Playwright was just installed or updated. ║
    ║ Please run the following command to download new browsers:              ║
    ║                                                                         ║
    ║     npx playwright install                                              ║
    ║                                                                         ║
    ║ <3 Playwright Team                                                      ║
    ╚═════════════════════════════════════════════════════════════════════════╝
]]>
</failure>
</testcase>
<testcase name="Quotas and Cost Guards E2E Tests › Warning Mode (80% budget) - Usage notifications" classname="quotas\cost-guards.spec.ts" time="0.007">
<failure message="cost-guards.spec.ts:79:7 Warning Mode (80% budget) - Usage notifications" type="FAILURE">
<![CDATA[  [firefox] › quotas\cost-guards.spec.ts:79:7 › Quotas and Cost Guards E2E Tests › Warning Mode (80% budget) - Usage notifications 

    Error: browserType.launch: Executable doesn't exist at C:\Users\JAGZA\AppData\Local\ms-playwright\firefox-1495\firefox\firefox.exe
    ╔═════════════════════════════════════════════════════════════════════════╗
    ║ Looks like Playwright Test or Playwright was just installed or updated. ║
    ║ Please run the following command to download new browsers:              ║
    ║                                                                         ║
    ║     npx playwright install                                              ║
    ║                                                                         ║
    ║ <3 Playwright Team                                                      ║
    ╚═════════════════════════════════════════════════════════════════════════╝
]]>
</failure>
</testcase>
<testcase name="Quotas and Cost Guards E2E Tests › Freeze Mode (90% budget) - Write operations disabled" classname="quotas\cost-guards.spec.ts" time="0.008">
<failure message="cost-guards.spec.ts:130:7 Freeze Mode (90% budget) - Write operations disabled" type="FAILURE">
<![CDATA[  [firefox] › quotas\cost-guards.spec.ts:130:7 › Quotas and Cost Guards E2E Tests › Freeze Mode (90% budget) - Write operations disabled 

    Error: browserType.launch: Executable doesn't exist at C:\Users\JAGZA\AppData\Local\ms-playwright\firefox-1495\firefox\firefox.exe
    ╔═════════════════════════════════════════════════════════════════════════╗
    ║ Looks like Playwright Test or Playwright was just installed or updated. ║
    ║ Please run the following command to download new browsers:              ║
    ║                                                                         ║
    ║     npx playwright install                                              ║
    ║                                                                         ║
    ║ <3 Playwright Team                                                      ║
    ╚═════════════════════════════════════════════════════════════════════════╝
]]>
</failure>
</testcase>
<testcase name="Quotas and Cost Guards E2E Tests › Kill Switch (100% budget) - Service unavailable" classname="quotas\cost-guards.spec.ts" time="0.007">
<failure message="cost-guards.spec.ts:196:7 Kill Switch (100% budget) - Service unavailable" type="FAILURE">
<![CDATA[  [firefox] › quotas\cost-guards.spec.ts:196:7 › Quotas and Cost Guards E2E Tests › Kill Switch (100% budget) - Service unavailable 

    Error: browserType.launch: Executable doesn't exist at C:\Users\JAGZA\AppData\Local\ms-playwright\firefox-1495\firefox\firefox.exe
    ╔═════════════════════════════════════════════════════════════════════════╗
    ║ Looks like Playwright Test or Playwright was just installed or updated. ║
    ║ Please run the following command to download new browsers:              ║
    ║                                                                         ║
    ║     npx playwright install                                              ║
    ║                                                                         ║
    ║ <3 Playwright Team                                                      ║
    ╚═════════════════════════════════════════════════════════════════════════╝
]]>
</failure>
</testcase>
<testcase name="Quotas and Cost Guards E2E Tests › Quota API - 429 responses with retry headers" classname="quotas\cost-guards.spec.ts" time="0.007">
<failure message="cost-guards.spec.ts:234:7 Quota API - 429 responses with retry headers" type="FAILURE">
<![CDATA[  [firefox] › quotas\cost-guards.spec.ts:234:7 › Quotas and Cost Guards E2E Tests › Quota API - 429 responses with retry headers 

    Error: browserType.launch: Executable doesn't exist at C:\Users\JAGZA\AppData\Local\ms-playwright\firefox-1495\firefox\firefox.exe
    ╔═════════════════════════════════════════════════════════════════════════╗
    ║ Looks like Playwright Test or Playwright was just installed or updated. ║
    ║ Please run the following command to download new browsers:              ║
    ║                                                                         ║
    ║     npx playwright install                                              ║
    ║                                                                         ║
    ║ <3 Playwright Team                                                      ║
    ╚═════════════════════════════════════════════════════════════════════════╝
]]>
</failure>
</testcase>
<testcase name="Quotas and Cost Guards E2E Tests › Resource Limits - Storage, API calls, connections" classname="quotas\cost-guards.spec.ts" time="0.008">
<failure message="cost-guards.spec.ts:274:7 Resource Limits - Storage, API calls, connections" type="FAILURE">
<![CDATA[  [firefox] › quotas\cost-guards.spec.ts:274:7 › Quotas and Cost Guards E2E Tests › Resource Limits - Storage, API calls, connections 

    Error: browserType.launch: Executable doesn't exist at C:\Users\JAGZA\AppData\Local\ms-playwright\firefox-1495\firefox\firefox.exe
    ╔═════════════════════════════════════════════════════════════════════════╗
    ║ Looks like Playwright Test or Playwright was just installed or updated. ║
    ║ Please run the following command to download new browsers:              ║
    ║                                                                         ║
    ║     npx playwright install                                              ║
    ║                                                                         ║
    ║ <3 Playwright Team                                                      ║
    ╚═════════════════════════════════════════════════════════════════════════╝
]]>
</failure>
</testcase>
<testcase name="Quotas and Cost Guards E2E Tests › Quota Recovery - Service restoration after limits reset" classname="quotas\cost-guards.spec.ts" time="0.008">
<failure message="cost-guards.spec.ts:321:7 Quota Recovery - Service restoration after limits reset" type="FAILURE">
<![CDATA[  [firefox] › quotas\cost-guards.spec.ts:321:7 › Quotas and Cost Guards E2E Tests › Quota Recovery - Service restoration after limits reset 

    Error: browserType.launch: Executable doesn't exist at C:\Users\JAGZA\AppData\Local\ms-playwright\firefox-1495\firefox\firefox.exe
    ╔═════════════════════════════════════════════════════════════════════════╗
    ║ Looks like Playwright Test or Playwright was just installed or updated. ║
    ║ Please run the following command to download new browsers:              ║
    ║                                                                         ║
    ║     npx playwright install                                              ║
    ║                                                                         ║
    ║ <3 Playwright Team                                                      ║
    ╚═════════════════════════════════════════════════════════════════════════╝
]]>
</failure>
</testcase>
<testcase name="Quotas and Cost Guards E2E Tests › Budget Notifications - Progressive alerts" classname="quotas\cost-guards.spec.ts" time="0.009">
<failure message="cost-guards.spec.ts:366:7 Budget Notifications - Progressive alerts" type="FAILURE">
<![CDATA[  [firefox] › quotas\cost-guards.spec.ts:366:7 › Quotas and Cost Guards E2E Tests › Budget Notifications - Progressive alerts 

    Error: browserType.launch: Executable doesn't exist at C:\Users\JAGZA\AppData\Local\ms-playwright\firefox-1495\firefox\firefox.exe
    ╔═════════════════════════════════════════════════════════════════════════╗
    ║ Looks like Playwright Test or Playwright was just installed or updated. ║
    ║ Please run the following command to download new browsers:              ║
    ║                                                                         ║
    ║     npx playwright install                                              ║
    ║                                                                         ║
    ║ <3 Playwright Team                                                      ║
    ╚═════════════════════════════════════════════════════════════════════════╝
]]>
</failure>
</testcase>
</testsuite>
<testsuite name="reorder\smart-reorder.spec.ts" timestamp="2025-10-29T19:08:05.826Z" hostname="firefox" tests="6" failures="6" skipped="0" time="0.074" errors="0">
<testcase name="Smart Reorder with Substitutions - 1 Click Budget › should complete smart reorder with substitutions in 1 click" classname="reorder\smart-reorder.spec.ts" time="0.008">
<failure message="smart-reorder.spec.ts:9:7 should complete smart reorder with substitutions in 1 click" type="FAILURE">
<![CDATA[  [firefox] › reorder\smart-reorder.spec.ts:9:7 › Smart Reorder with Substitutions - 1 Click Budget › should complete smart reorder with substitutions in 1 click 

    Error: browserType.launch: Executable doesn't exist at C:\Users\JAGZA\AppData\Local\ms-playwright\firefox-1495\firefox\firefox.exe
    ╔═════════════════════════════════════════════════════════════════════════╗
    ║ Looks like Playwright Test or Playwright was just installed or updated. ║
    ║ Please run the following command to download new browsers:              ║
    ║                                                                         ║
    ║     npx playwright install                                              ║
    ║                                                                         ║
    ║ <3 Playwright Team                                                      ║
    ╚═════════════════════════════════════════════════════════════════════════╝
]]>
</failure>
</testcase>
<testcase name="Smart Reorder with Substitutions - 1 Click Budget › should detect out-of-stock items and suggest alternatives" classname="reorder\smart-reorder.spec.ts" time="0.011">
<failure message="smart-reorder.spec.ts:51:7 should detect out-of-stock items and suggest alternatives" type="FAILURE">
<![CDATA[  [firefox] › reorder\smart-reorder.spec.ts:51:7 › Smart Reorder with Substitutions - 1 Click Budget › should detect out-of-stock items and suggest alternatives 

    Error: browserType.launch: Executable doesn't exist at C:\Users\JAGZA\AppData\Local\ms-playwright\firefox-1495\firefox\firefox.exe
    ╔═════════════════════════════════════════════════════════════════════════╗
    ║ Looks like Playwright Test or Playwright was just installed or updated. ║
    ║ Please run the following command to download new browsers:              ║
    ║                                                                         ║
    ║     npx playwright install                                              ║
    ║                                                                         ║
    ║ <3 Playwright Team                                                      ║
    ╚═════════════════════════════════════════════════════════════════════════╝
]]>
</failure>
</testcase>
<testcase name="Smart Reorder with Substitutions - 1 Click Budget › should apply smart substitution preferences" classname="reorder\smart-reorder.spec.ts" time="0.012">
<failure message="smart-reorder.spec.ts:85:7 should apply smart substitution preferences" type="FAILURE">
<![CDATA[  [firefox] › reorder\smart-reorder.spec.ts:85:7 › Smart Reorder with Substitutions - 1 Click Budget › should apply smart substitution preferences 

    Error: browserType.launch: Executable doesn't exist at C:\Users\JAGZA\AppData\Local\ms-playwright\firefox-1495\firefox\firefox.exe
    ╔═════════════════════════════════════════════════════════════════════════╗
    ║ Looks like Playwright Test or Playwright was just installed or updated. ║
    ║ Please run the following command to download new browsers:              ║
    ║                                                                         ║
    ║     npx playwright install                                              ║
    ║                                                                         ║
    ║ <3 Playwright Team                                                      ║
    ╚═════════════════════════════════════════════════════════════════════════╝
]]>
</failure>
</testcase>
<testcase name="Smart Reorder with Substitutions - 1 Click Budget › should show price comparison for substitutions" classname="reorder\smart-reorder.spec.ts" time="0.021">
<failure message="smart-reorder.spec.ts:117:7 should show price comparison for substitutions" type="FAILURE">
<![CDATA[  [firefox] › reorder\smart-reorder.spec.ts:117:7 › Smart Reorder with Substitutions - 1 Click Budget › should show price comparison for substitutions 

    Error: browserType.launch: Executable doesn't exist at C:\Users\JAGZA\AppData\Local\ms-playwright\firefox-1495\firefox\firefox.exe
    ╔═════════════════════════════════════════════════════════════════════════╗
    ║ Looks like Playwright Test or Playwright was just installed or updated. ║
    ║ Please run the following command to download new browsers:              ║
    ║                                                                         ║
    ║     npx playwright install                                              ║
    ║                                                                         ║
    ║ <3 Playwright Team                                                      ║
    ╚═════════════════════════════════════════════════════════════════════════╝
]]>
</failure>
</testcase>
<testcase name="Smart Reorder with Substitutions - 1 Click Budget › should handle complete inventory check before reorder" classname="reorder\smart-reorder.spec.ts" time="0.012">
<failure message="smart-reorder.spec.ts:153:7 should handle complete inventory check before reorder" type="FAILURE">
<![CDATA[  [firefox] › reorder\smart-reorder.spec.ts:153:7 › Smart Reorder with Substitutions - 1 Click Budget › should handle complete inventory check before reorder 

    Error: browserType.launch: Executable doesn't exist at C:\Users\JAGZA\AppData\Local\ms-playwright\firefox-1495\firefox\firefox.exe
    ╔═════════════════════════════════════════════════════════════════════════╗
    ║ Looks like Playwright Test or Playwright was just installed or updated. ║
    ║ Please run the following command to download new browsers:              ║
    ║                                                                         ║
    ║     npx playwright install                                              ║
    ║                                                                         ║
    ║ <3 Playwright Team                                                      ║
    ╚═════════════════════════════════════════════════════════════════════════╝
]]>
</failure>
</testcase>
<testcase name="Smart Reorder with Substitutions - 1 Click Budget › should maintain order history with substitution records" classname="reorder\smart-reorder.spec.ts" time="0.01">
<failure message="smart-reorder.spec.ts:185:7 should maintain order history with substitution records" type="FAILURE">
<![CDATA[  [firefox] › reorder\smart-reorder.spec.ts:185:7 › Smart Reorder with Substitutions - 1 Click Budget › should maintain order history with substitution records 

    Error: browserType.launch: Executable doesn't exist at C:\Users\JAGZA\AppData\Local\ms-playwright\firefox-1495\firefox\firefox.exe
    ╔═════════════════════════════════════════════════════════════════════════╗
    ║ Looks like Playwright Test or Playwright was just installed or updated. ║
    ║ Please run the following command to download new browsers:              ║
    ║                                                                         ║
    ║     npx playwright install                                              ║
    ║                                                                         ║
    ║ <3 Playwright Team                                                      ║
    ╚═════════════════════════════════════════════════════════════════════════╝
]]>
</failure>
</testcase>
</testsuite>
<testsuite name="reviews.spec.ts" timestamp="2025-10-29T19:08:05.826Z" hostname="firefox" tests="7" failures="7" skipped="0" time="0.057" errors="0">
<testcase name="Product Reviews E2E Flow › should display existing reviews" classname="reviews.spec.ts" time="0.007">
<failure message="reviews.spec.ts:9:7 should display existing reviews" type="FAILURE">
<![CDATA[  [firefox] › reviews.spec.ts:9:7 › Product Reviews E2E Flow › should display existing reviews ─────

    Error: browserType.launch: Executable doesn't exist at C:\Users\JAGZA\AppData\Local\ms-playwright\firefox-1495\firefox\firefox.exe
    ╔═════════════════════════════════════════════════════════════════════════╗
    ║ Looks like Playwright Test or Playwright was just installed or updated. ║
    ║ Please run the following command to download new browsers:              ║
    ║                                                                         ║
    ║     npx playwright install                                              ║
    ║                                                                         ║
    ║ <3 Playwright Team                                                      ║
    ╚═════════════════════════════════════════════════════════════════════════╝
]]>
</failure>
</testcase>
<testcase name="Product Reviews E2E Flow › should submit a new review successfully" classname="reviews.spec.ts" time="0.012">
<failure message="reviews.spec.ts:20:7 should submit a new review successfully" type="FAILURE">
<![CDATA[  [firefox] › reviews.spec.ts:20:7 › Product Reviews E2E Flow › should submit a new review successfully 

    Error: browserType.launch: Executable doesn't exist at C:\Users\JAGZA\AppData\Local\ms-playwright\firefox-1495\firefox\firefox.exe
    ╔═════════════════════════════════════════════════════════════════════════╗
    ║ Looks like Playwright Test or Playwright was just installed or updated. ║
    ║ Please run the following command to download new browsers:              ║
    ║                                                                         ║
    ║     npx playwright install                                              ║
    ║                                                                         ║
    ║ <3 Playwright Team                                                      ║
    ╚═════════════════════════════════════════════════════════════════════════╝
]]>
</failure>
</testcase>
<testcase name="Product Reviews E2E Flow › should validate required fields" classname="reviews.spec.ts" time="0.009">
<failure message="reviews.spec.ts:38:7 should validate required fields" type="FAILURE">
<![CDATA[  [firefox] › reviews.spec.ts:38:7 › Product Reviews E2E Flow › should validate required fields ────

    Error: browserType.launch: Executable doesn't exist at C:\Users\JAGZA\AppData\Local\ms-playwright\firefox-1495\firefox\firefox.exe
    ╔═════════════════════════════════════════════════════════════════════════╗
    ║ Looks like Playwright Test or Playwright was just installed or updated. ║
    ║ Please run the following command to download new browsers:              ║
    ║                                                                         ║
    ║     npx playwright install                                              ║
    ║                                                                         ║
    ║ <3 Playwright Team                                                      ║
    ╚═════════════════════════════════════════════════════════════════════════╝
]]>
</failure>
</testcase>
<testcase name="Product Reviews E2E Flow › should allow marking review as helpful" classname="reviews.spec.ts" time="0.007">
<failure message="reviews.spec.ts:47:7 should allow marking review as helpful" type="FAILURE">
<![CDATA[  [firefox] › reviews.spec.ts:47:7 › Product Reviews E2E Flow › should allow marking review as helpful 

    Error: browserType.launch: Executable doesn't exist at C:\Users\JAGZA\AppData\Local\ms-playwright\firefox-1495\firefox\firefox.exe
    ╔═════════════════════════════════════════════════════════════════════════╗
    ║ Looks like Playwright Test or Playwright was just installed or updated. ║
    ║ Please run the following command to download new browsers:              ║
    ║                                                                         ║
    ║     npx playwright install                                              ║
    ║                                                                         ║
    ║ <3 Playwright Team                                                      ║
    ╚═════════════════════════════════════════════════════════════════════════╝
]]>
</failure>
</testcase>
<testcase name="Product Reviews E2E Flow › should display average rating" classname="reviews.spec.ts" time="0.007">
<failure message="reviews.spec.ts:69:7 should display average rating" type="FAILURE">
<![CDATA[  [firefox] › reviews.spec.ts:69:7 › Product Reviews E2E Flow › should display average rating ──────

    Error: browserType.launch: Executable doesn't exist at C:\Users\JAGZA\AppData\Local\ms-playwright\firefox-1495\firefox\firefox.exe
    ╔═════════════════════════════════════════════════════════════════════════╗
    ║ Looks like Playwright Test or Playwright was just installed or updated. ║
    ║ Please run the following command to download new browsers:              ║
    ║                                                                         ║
    ║     npx playwright install                                              ║
    ║                                                                         ║
    ║ <3 Playwright Team                                                      ║
    ╚═════════════════════════════════════════════════════════════════════════╝
]]>
</failure>
</testcase>
<testcase name="Product Reviews E2E Flow › should filter reviews by rating" classname="reviews.spec.ts" time="0.008">
<failure message="reviews.spec.ts:82:7 should filter reviews by rating" type="FAILURE">
<![CDATA[  [firefox] › reviews.spec.ts:82:7 › Product Reviews E2E Flow › should filter reviews by rating ────

    Error: browserType.launch: Executable doesn't exist at C:\Users\JAGZA\AppData\Local\ms-playwright\firefox-1495\firefox\firefox.exe
    ╔═════════════════════════════════════════════════════════════════════════╗
    ║ Looks like Playwright Test or Playwright was just installed or updated. ║
    ║ Please run the following command to download new browsers:              ║
    ║                                                                         ║
    ║     npx playwright install                                              ║
    ║                                                                         ║
    ║ <3 Playwright Team                                                      ║
    ╚═════════════════════════════════════════════════════════════════════════╝
]]>
</failure>
</testcase>
<testcase name="Product Reviews E2E Flow › should load more reviews on scroll" classname="reviews.spec.ts" time="0.007">
<failure message="reviews.spec.ts:99:7 should load more reviews on scroll" type="FAILURE">
<![CDATA[  [firefox] › reviews.spec.ts:99:7 › Product Reviews E2E Flow › should load more reviews on scroll ─

    Error: browserType.launch: Executable doesn't exist at C:\Users\JAGZA\AppData\Local\ms-playwright\firefox-1495\firefox\firefox.exe
    ╔═════════════════════════════════════════════════════════════════════════╗
    ║ Looks like Playwright Test or Playwright was just installed or updated. ║
    ║ Please run the following command to download new browsers:              ║
    ║                                                                         ║
    ║     npx playwright install                                              ║
    ║                                                                         ║
    ║ <3 Playwright Team                                                      ║
    ╚═════════════════════════════════════════════════════════════════════════╝
]]>
</failure>
</testcase>
</testsuite>
<testsuite name="rls\booking-system-isolation.spec.ts" timestamp="2025-10-29T19:08:05.826Z" hostname="firefox" tests="7" failures="7" skipped="0" time="0.151" errors="0">
<testcase name="Booking System Tenant Isolation › should only show staff from current tenant" classname="rls\booking-system-isolation.spec.ts" time="0.009">
<failure message="booking-system-isolation.spec.ts:9:7 should only show staff from current tenant" type="FAILURE">
<![CDATA[  [firefox] › rls\booking-system-isolation.spec.ts:9:7 › Booking System Tenant Isolation › should only show staff from current tenant 

    Error: browserType.launch: Executable doesn't exist at C:\Users\JAGZA\AppData\Local\ms-playwright\firefox-1495\firefox\firefox.exe
    ╔═════════════════════════════════════════════════════════════════════════╗
    ║ Looks like Playwright Test or Playwright was just installed or updated. ║
    ║ Please run the following command to download new browsers:              ║
    ║                                                                         ║
    ║     npx playwright install                                              ║
    ║                                                                         ║
    ║ <3 Playwright Team                                                      ║
    ╚═════════════════════════════════════════════════════════════════════════╝
]]>
</failure>
</testcase>
<testcase name="Booking System Tenant Isolation › should not display other tenant bookings in calendar" classname="rls\booking-system-isolation.spec.ts" time="0.012">
<failure message="booking-system-isolation.spec.ts:35:7 should not display other tenant bookings in calendar" type="FAILURE">
<![CDATA[  [firefox] › rls\booking-system-isolation.spec.ts:35:7 › Booking System Tenant Isolation › should not display other tenant bookings in calendar 

    Error: browserType.launch: Executable doesn't exist at C:\Users\JAGZA\AppData\Local\ms-playwright\firefox-1495\firefox\firefox.exe
    ╔═════════════════════════════════════════════════════════════════════════╗
    ║ Looks like Playwright Test or Playwright was just installed or updated. ║
    ║ Please run the following command to download new browsers:              ║
    ║                                                                         ║
    ║     npx playwright install                                              ║
    ║                                                                         ║
    ║ <3 Playwright Team                                                      ║
    ╚═════════════════════════════════════════════════════════════════════════╝
]]>
</failure>
</testcase>
<testcase name="Booking System Tenant Isolation › should prevent access to other tenant booking via direct URL" classname="rls\booking-system-isolation.spec.ts" time="0.007">
<failure message="booking-system-isolation.spec.ts:57:7 should prevent access to other tenant booking via direct URL" type="FAILURE">
<![CDATA[  [firefox] › rls\booking-system-isolation.spec.ts:57:7 › Booking System Tenant Isolation › should prevent access to other tenant booking via direct URL 

    Error: browserType.launch: Executable doesn't exist at C:\Users\JAGZA\AppData\Local\ms-playwright\firefox-1495\firefox\firefox.exe
    ╔═════════════════════════════════════════════════════════════════════════╗
    ║ Looks like Playwright Test or Playwright was just installed or updated. ║
    ║ Please run the following command to download new browsers:              ║
    ║                                                                         ║
    ║     npx playwright install                                              ║
    ║                                                                         ║
    ║ <3 Playwright Team                                                      ║
    ╚═════════════════════════════════════════════════════════════════════════╝
]]>
</failure>
</testcase>
<testcase name="Booking System Tenant Isolation › should isolate staff API endpoints by tenant" classname="rls\booking-system-isolation.spec.ts" time="0.087">
<failure message="booking-system-isolation.spec.ts:106:7 should isolate staff API endpoints by tenant" type="FAILURE">
<![CDATA[  [firefox] › rls\booking-system-isolation.spec.ts:106:7 › Booking System Tenant Isolation › should isolate staff API endpoints by tenant 

    Error: expect(received).toBeTruthy()

    Received: false

      107 |     // Get wondernails staff
      108 |     const wondernailsStaff = await request.get('/api/staff?tenant=wondernails');
    > 109 |     expect(wondernailsStaff.ok()).toBeTruthy();
          |                                   ^
      110 |
      111 |     const wondernailsData = await wondernailsStaff.json();
      112 |     const wondernailsStaffList = wondernailsData.staff || wondernailsData;
        at C:\Dev\Zo\sass-store\tests\e2e\rls\booking-system-isolation.spec.ts:109:35
]]>
</failure>
</testcase>
<testcase name="Booking System Tenant Isolation › should enforce tenant boundary in booking creation" classname="rls\booking-system-isolation.spec.ts" time="0.021">
<failure message="booking-system-isolation.spec.ts:129:7 should enforce tenant boundary in booking creation" type="FAILURE">
<![CDATA[  [firefox] › rls\booking-system-isolation.spec.ts:129:7 › Booking System Tenant Isolation › should enforce tenant boundary in booking creation 

    Error: browserType.launch: Executable doesn't exist at C:\Users\JAGZA\AppData\Local\ms-playwright\firefox-1495\firefox\firefox.exe
    ╔═════════════════════════════════════════════════════════════════════════╗
    ║ Looks like Playwright Test or Playwright was just installed or updated. ║
    ║ Please run the following command to download new browsers:              ║
    ║                                                                         ║
    ║     npx playwright install                                              ║
    ║                                                                         ║
    ║ <3 Playwright Team                                                      ║
    ╚═════════════════════════════════════════════════════════════════════════╝
]]>
</failure>
</testcase>
<testcase name="Booking System Tenant Isolation › should prevent booking modifications across tenants" classname="rls\booking-system-isolation.spec.ts" time="0.007">
<failure message="booking-system-isolation.spec.ts:152:7 should prevent booking modifications across tenants" type="FAILURE">
<![CDATA[  [firefox] › rls\booking-system-isolation.spec.ts:152:7 › Booking System Tenant Isolation › should prevent booking modifications across tenants 

    Error: browserType.launch: Executable doesn't exist at C:\Users\JAGZA\AppData\Local\ms-playwright\firefox-1495\firefox\firefox.exe
    ╔═════════════════════════════════════════════════════════════════════════╗
    ║ Looks like Playwright Test or Playwright was just installed or updated. ║
    ║ Please run the following command to download new browsers:              ║
    ║                                                                         ║
    ║     npx playwright install                                              ║
    ║                                                                         ║
    ║ <3 Playwright Team                                                      ║
    ╚═════════════════════════════════════════════════════════════════════════╝
]]>
</failure>
</testcase>
<testcase name="Booking System Tenant Isolation › should maintain booking isolation in shared time slots" classname="rls\booking-system-isolation.spec.ts" time="0.008">
<failure message="booking-system-isolation.spec.ts:175:7 should maintain booking isolation in shared time slots" type="FAILURE">
<![CDATA[  [firefox] › rls\booking-system-isolation.spec.ts:175:7 › Booking System Tenant Isolation › should maintain booking isolation in shared time slots 

    Error: browserType.launch: Executable doesn't exist at C:\Users\JAGZA\AppData\Local\ms-playwright\firefox-1495\firefox\firefox.exe
    ╔═════════════════════════════════════════════════════════════════════════╗
    ║ Looks like Playwright Test or Playwright was just installed or updated. ║
    ║ Please run the following command to download new browsers:              ║
    ║                                                                         ║
    ║     npx playwright install                                              ║
    ║                                                                         ║
    ║ <3 Playwright Team                                                      ║
    ╚═════════════════════════════════════════════════════════════════════════╝
]]>
</failure>
</testcase>
</testsuite>
<testsuite name="rls\product-catalog-isolation.spec.ts" timestamp="2025-10-29T19:08:05.826Z" hostname="firefox" tests="6" failures="6" skipped="0" time="0.042" errors="0">
<testcase name="Product Catalog Tenant Isolation › should only show products from current tenant" classname="rls\product-catalog-isolation.spec.ts" time="0.007">
<failure message="product-catalog-isolation.spec.ts:9:7 should only show products from current tenant" type="FAILURE">
<![CDATA[  [firefox] › rls\product-catalog-isolation.spec.ts:9:7 › Product Catalog Tenant Isolation › should only show products from current tenant 

    Error: browserType.launch: Executable doesn't exist at C:\Users\JAGZA\AppData\Local\ms-playwright\firefox-1495\firefox\firefox.exe
    ╔═════════════════════════════════════════════════════════════════════════╗
    ║ Looks like Playwright Test or Playwright was just installed or updated. ║
    ║ Please run the following command to download new browsers:              ║
    ║                                                                         ║
    ║     npx playwright install                                              ║
    ║                                                                         ║
    ║ <3 Playwright Team                                                      ║
    ╚═════════════════════════════════════════════════════════════════════════╝
]]>
</failure>
</testcase>
<testcase name="Product Catalog Tenant Isolation › should not display other tenant products in search results" classname="rls\product-catalog-isolation.spec.ts" time="0.008">
<failure message="product-catalog-isolation.spec.ts:32:7 should not display other tenant products in search results" type="FAILURE">
<![CDATA[  [firefox] › rls\product-catalog-isolation.spec.ts:32:7 › Product Catalog Tenant Isolation › should not display other tenant products in search results 

    Error: browserType.launch: Executable doesn't exist at C:\Users\JAGZA\AppData\Local\ms-playwright\firefox-1495\firefox\firefox.exe
    ╔═════════════════════════════════════════════════════════════════════════╗
    ║ Looks like Playwright Test or Playwright was just installed or updated. ║
    ║ Please run the following command to download new browsers:              ║
    ║                                                                         ║
    ║     npx playwright install                                              ║
    ║                                                                         ║
    ║ <3 Playwright Team                                                      ║
    ╚═════════════════════════════════════════════════════════════════════════╝
]]>
</failure>
</testcase>
<testcase name="Product Catalog Tenant Isolation › should return 404 for cross-tenant product access via URL" classname="rls\product-catalog-isolation.spec.ts" time="0.007">
<failure message="product-catalog-isolation.spec.ts:60:7 should return 404 for cross-tenant product access via URL" type="FAILURE">
<![CDATA[  [firefox] › rls\product-catalog-isolation.spec.ts:60:7 › Product Catalog Tenant Isolation › should return 404 for cross-tenant product access via URL 

    Error: browserType.launch: Executable doesn't exist at C:\Users\JAGZA\AppData\Local\ms-playwright\firefox-1495\firefox\firefox.exe
    ╔═════════════════════════════════════════════════════════════════════════╗
    ║ Looks like Playwright Test or Playwright was just installed or updated. ║
    ║ Please run the following command to download new browsers:              ║
    ║                                                                         ║
    ║     npx playwright install                                              ║
    ║                                                                         ║
    ║ <3 Playwright Team                                                      ║
    ╚═════════════════════════════════════════════════════════════════════════╝
]]>
</failure>
</testcase>
<testcase name="Product Catalog Tenant Isolation › should isolate product API responses by tenant" classname="rls\product-catalog-isolation.spec.ts" time="0.006">
<failure message="product-catalog-isolation.spec.ts:84:7 should isolate product API responses by tenant" type="FAILURE">
<![CDATA[  [firefox] › rls\product-catalog-isolation.spec.ts:84:7 › Product Catalog Tenant Isolation › should isolate product API responses by tenant 

    Error: browserType.launch: Executable doesn't exist at C:\Users\JAGZA\AppData\Local\ms-playwright\firefox-1495\firefox\firefox.exe
    ╔═════════════════════════════════════════════════════════════════════════╗
    ║ Looks like Playwright Test or Playwright was just installed or updated. ║
    ║ Please run the following command to download new browsers:              ║
    ║                                                                         ║
    ║     npx playwright install                                              ║
    ║                                                                         ║
    ║ <3 Playwright Team                                                      ║
    ╚═════════════════════════════════════════════════════════════════════════╝
]]>
</failure>
</testcase>
<testcase name="Product Catalog Tenant Isolation › should prevent cross-tenant cart contamination" classname="rls\product-catalog-isolation.spec.ts" time="0.007">
<failure message="product-catalog-isolation.spec.ts:107:7 should prevent cross-tenant cart contamination" type="FAILURE">
<![CDATA[  [firefox] › rls\product-catalog-isolation.spec.ts:107:7 › Product Catalog Tenant Isolation › should prevent cross-tenant cart contamination 

    Error: browserType.launch: Executable doesn't exist at C:\Users\JAGZA\AppData\Local\ms-playwright\firefox-1495\firefox\firefox.exe
    ╔═════════════════════════════════════════════════════════════════════════╗
    ║ Looks like Playwright Test or Playwright was just installed or updated. ║
    ║ Please run the following command to download new browsers:              ║
    ║                                                                         ║
    ║     npx playwright install                                              ║
    ║                                                                         ║
    ║ <3 Playwright Team                                                      ║
    ╚═════════════════════════════════════════════════════════════════════════╝
]]>
</failure>
</testcase>
<testcase name="Product Catalog Tenant Isolation › should enforce tenant boundary in product mutations" classname="rls\product-catalog-isolation.spec.ts" time="0.007">
<failure message="product-catalog-isolation.spec.ts:130:7 should enforce tenant boundary in product mutations" type="FAILURE">
<![CDATA[  [firefox] › rls\product-catalog-isolation.spec.ts:130:7 › Product Catalog Tenant Isolation › should enforce tenant boundary in product mutations 

    Error: browserType.launch: Executable doesn't exist at C:\Users\JAGZA\AppData\Local\ms-playwright\firefox-1495\firefox\firefox.exe
    ╔═════════════════════════════════════════════════════════════════════════╗
    ║ Looks like Playwright Test or Playwright was just installed or updated. ║
    ║ Please run the following command to download new browsers:              ║
    ║                                                                         ║
    ║     npx playwright install                                              ║
    ║                                                                         ║
    ║ <3 Playwright Team                                                      ║
    ╚═════════════════════════════════════════════════════════════════════════╝
]]>
</failure>
</testcase>
</testsuite>
<testsuite name="self-healing\self-healing-validation.spec.ts" timestamp="2025-10-29T19:08:05.826Z" hostname="firefox" tests="8" failures="8" skipped="0" time="0.066" errors="0">
<testcase name="Self-Healing Test Validation - Master Plan Implementation › Self-healing selector fallback - data-testid priority" classname="self-healing\self-healing-validation.spec.ts" time="0.007">
<failure message="self-healing-validation.spec.ts:7:7 Self-healing selector fallback - data-testid priority" type="FAILURE">
<![CDATA[  [firefox] › self-healing\self-healing-validation.spec.ts:7:7 › Self-Healing Test Validation - Master Plan Implementation › Self-healing selector fallback - data-testid priority 

    Error: browserType.launch: Executable doesn't exist at C:\Users\JAGZA\AppData\Local\ms-playwright\firefox-1495\firefox\firefox.exe
    ╔═════════════════════════════════════════════════════════════════════════╗
    ║ Looks like Playwright Test or Playwright was just installed or updated. ║
    ║ Please run the following command to download new browsers:              ║
    ║                                                                         ║
    ║     npx playwright install                                              ║
    ║                                                                         ║
    ║ <3 Playwright Team                                                      ║
    ╚═════════════════════════════════════════════════════════════════════════╝
]]>
</failure>
</testcase>
<testcase name="Self-Healing Test Validation - Master Plan Implementation › State-based waits vs sleep - network idle and element states" classname="self-healing\self-healing-validation.spec.ts" time="0.01">
<failure message="self-healing-validation.spec.ts:46:7 State-based waits vs sleep - network idle and element states" type="FAILURE">
<![CDATA[  [firefox] › self-healing\self-healing-validation.spec.ts:46:7 › Self-Healing Test Validation - Master Plan Implementation › State-based waits vs sleep - network idle and element states 

    Error: browserType.launch: Executable doesn't exist at C:\Users\JAGZA\AppData\Local\ms-playwright\firefox-1495\firefox\firefox.exe
    ╔═════════════════════════════════════════════════════════════════════════╗
    ║ Looks like Playwright Test or Playwright was just installed or updated. ║
    ║ Please run the following command to download new browsers:              ║
    ║                                                                         ║
    ║     npx playwright install                                              ║
    ║                                                                         ║
    ║ <3 Playwright Team                                                      ║
    ╚═════════════════════════════════════════════════════════════════════════╝
]]>
</failure>
</testcase>
<testcase name="Self-Healing Test Validation - Master Plan Implementation › Controlled retry logic - 1-2 retries maximum" classname="self-healing\self-healing-validation.spec.ts" time="0.01">
<failure message="self-healing-validation.spec.ts:82:7 Controlled retry logic - 1-2 retries maximum" type="FAILURE">
<![CDATA[  [firefox] › self-healing\self-healing-validation.spec.ts:82:7 › Self-Healing Test Validation - Master Plan Implementation › Controlled retry logic - 1-2 retries maximum 

    Error: browserType.launch: Executable doesn't exist at C:\Users\JAGZA\AppData\Local\ms-playwright\firefox-1495\firefox\firefox.exe
    ╔═════════════════════════════════════════════════════════════════════════╗
    ║ Looks like Playwright Test or Playwright was just installed or updated. ║
    ║ Please run the following command to download new browsers:              ║
    ║                                                                         ║
    ║     npx playwright install                                              ║
    ║                                                                         ║
    ║ <3 Playwright Team                                                      ║
    ╚═════════════════════════════════════════════════════════════════════════╝
]]>
</failure>
</testcase>
<testcase name="Self-Healing Test Validation - Master Plan Implementation › Click budget validation with real user flows" classname="self-healing\self-healing-validation.spec.ts" time="0.009">
<failure message="self-healing-validation.spec.ts:141:7 Click budget validation with real user flows" type="FAILURE">
<![CDATA[  [firefox] › self-healing\self-healing-validation.spec.ts:141:7 › Self-Healing Test Validation - Master Plan Implementation › Click budget validation with real user flows 

    Error: browserType.launch: Executable doesn't exist at C:\Users\JAGZA\AppData\Local\ms-playwright\firefox-1495\firefox\firefox.exe
    ╔═════════════════════════════════════════════════════════════════════════╗
    ║ Looks like Playwright Test or Playwright was just installed or updated. ║
    ║ Please run the following command to download new browsers:              ║
    ║                                                                         ║
    ║     npx playwright install                                              ║
    ║                                                                         ║
    ║ <3 Playwright Team                                                      ║
    ╚═════════════════════════════════════════════════════════════════════════╝
]]>
</failure>
</testcase>
<testcase name="Self-Healing Test Validation - Master Plan Implementation › Booking flow with 2-click budget validation" classname="self-healing\self-healing-validation.spec.ts" time="0.007">
<failure message="self-healing-validation.spec.ts:205:7 Booking flow with 2-click budget validation" type="FAILURE">
<![CDATA[  [firefox] › self-healing\self-healing-validation.spec.ts:205:7 › Self-Healing Test Validation - Master Plan Implementation › Booking flow with 2-click budget validation 

    Error: browserType.launch: Executable doesn't exist at C:\Users\JAGZA\AppData\Local\ms-playwright\firefox-1495\firefox\firefox.exe
    ╔═════════════════════════════════════════════════════════════════════════╗
    ║ Looks like Playwright Test or Playwright was just installed or updated. ║
    ║ Please run the following command to download new browsers:              ║
    ║                                                                         ║
    ║     npx playwright install                                              ║
    ║                                                                         ║
    ║ <3 Playwright Team                                                      ║
    ╚═════════════════════════════════════════════════════════════════════════╝
]]>
</failure>
</testcase>
<testcase name="Self-Healing Test Validation - Master Plan Implementation › Selector stability validation - no brittle selectors" classname="self-healing\self-healing-validation.spec.ts" time="0.007">
<failure message="self-healing-validation.spec.ts:253:7 Selector stability validation - no brittle selectors" type="FAILURE">
<![CDATA[  [firefox] › self-healing\self-healing-validation.spec.ts:253:7 › Self-Healing Test Validation - Master Plan Implementation › Selector stability validation - no brittle selectors 

    Error: browserType.launch: Executable doesn't exist at C:\Users\JAGZA\AppData\Local\ms-playwright\firefox-1495\firefox\firefox.exe
    ╔═════════════════════════════════════════════════════════════════════════╗
    ║ Looks like Playwright Test or Playwright was just installed or updated. ║
    ║ Please run the following command to download new browsers:              ║
    ║                                                                         ║
    ║     npx playwright install                                              ║
    ║                                                                         ║
    ║ <3 Playwright Team                                                      ║
    ╚═════════════════════════════════════════════════════════════════════════╝
]]>
</failure>
</testcase>
<testcase name="Self-Healing Test Validation - Master Plan Implementation › Error recovery and graceful degradation" classname="self-healing\self-healing-validation.spec.ts" time="0.008">
<failure message="self-healing-validation.spec.ts:304:7 Error recovery and graceful degradation" type="FAILURE">
<![CDATA[  [firefox] › self-healing\self-healing-validation.spec.ts:304:7 › Self-Healing Test Validation - Master Plan Implementation › Error recovery and graceful degradation 

    Error: browserType.launch: Executable doesn't exist at C:\Users\JAGZA\AppData\Local\ms-playwright\firefox-1495\firefox\firefox.exe
    ╔═════════════════════════════════════════════════════════════════════════╗
    ║ Looks like Playwright Test or Playwright was just installed or updated. ║
    ║ Please run the following command to download new browsers:              ║
    ║                                                                         ║
    ║     npx playwright install                                              ║
    ║                                                                         ║
    ║ <3 Playwright Team                                                      ║
    ╚═════════════════════════════════════════════════════════════════════════╝
]]>
</failure>
</testcase>
<testcase name="Self-Healing Test Validation - Master Plan Implementation › Performance-aware self-healing - timeout management" classname="self-healing\self-healing-validation.spec.ts" time="0.008">
<failure message="self-healing-validation.spec.ts:350:7 Performance-aware self-healing - timeout management" type="FAILURE">
<![CDATA[  [firefox] › self-healing\self-healing-validation.spec.ts:350:7 › Self-Healing Test Validation - Master Plan Implementation › Performance-aware self-healing - timeout management 

    Error: browserType.launch: Executable doesn't exist at C:\Users\JAGZA\AppData\Local\ms-playwright\firefox-1495\firefox\firefox.exe
    ╔═════════════════════════════════════════════════════════════════════════╗
    ║ Looks like Playwright Test or Playwright was just installed or updated. ║
    ║ Please run the following command to download new browsers:              ║
    ║                                                                         ║
    ║     npx playwright install                                              ║
    ║                                                                         ║
    ║ <3 Playwright Team                                                      ║
    ╚═════════════════════════════════════════════════════════════════════════╝
]]>
</failure>
</testcase>
</testsuite>
<testsuite name="seo\seo-optimization.spec.ts" timestamp="2025-10-29T19:08:05.826Z" hostname="firefox" tests="8" failures="8" skipped="0" time="0.059" errors="0">
<testcase name="SEO Optimization Tests › Meta tags should be tenant-specific" classname="seo\seo-optimization.spec.ts" time="0.008">
<failure message="seo-optimization.spec.ts:6:7 Meta tags should be tenant-specific" type="FAILURE">
<![CDATA[  [firefox] › seo\seo-optimization.spec.ts:6:7 › SEO Optimization Tests › Meta tags should be tenant-specific 

    Error: browserType.launch: Executable doesn't exist at C:\Users\JAGZA\AppData\Local\ms-playwright\firefox-1495\firefox\firefox.exe
    ╔═════════════════════════════════════════════════════════════════════════╗
    ║ Looks like Playwright Test or Playwright was just installed or updated. ║
    ║ Please run the following command to download new browsers:              ║
    ║                                                                         ║
    ║     npx playwright install                                              ║
    ║                                                                         ║
    ║ <3 Playwright Team                                                      ║
    ╚═════════════════════════════════════════════════════════════════════════╝
]]>
</failure>
</testcase>
<testcase name="SEO Optimization Tests › Canonical URLs should be correct" classname="seo\seo-optimization.spec.ts" time="0.007">
<failure message="seo-optimization.spec.ts:45:7 Canonical URLs should be correct" type="FAILURE">
<![CDATA[  [firefox] › seo\seo-optimization.spec.ts:45:7 › SEO Optimization Tests › Canonical URLs should be correct 

    Error: browserType.launch: Executable doesn't exist at C:\Users\JAGZA\AppData\Local\ms-playwright\firefox-1495\firefox\firefox.exe
    ╔═════════════════════════════════════════════════════════════════════════╗
    ║ Looks like Playwright Test or Playwright was just installed or updated. ║
    ║ Please run the following command to download new browsers:              ║
    ║                                                                         ║
    ║     npx playwright install                                              ║
    ║                                                                         ║
    ║ <3 Playwright Team                                                      ║
    ╚═════════════════════════════════════════════════════════════════════════╝
]]>
</failure>
</testcase>
<testcase name="SEO Optimization Tests › Structured data (JSON-LD) should be present" classname="seo\seo-optimization.spec.ts" time="0.007">
<failure message="seo-optimization.spec.ts:75:7 Structured data (JSON-LD) should be present" type="FAILURE">
<![CDATA[  [firefox] › seo\seo-optimization.spec.ts:75:7 › SEO Optimization Tests › Structured data (JSON-LD) should be present 

    Error: browserType.launch: Executable doesn't exist at C:\Users\JAGZA\AppData\Local\ms-playwright\firefox-1495\firefox\firefox.exe
    ╔═════════════════════════════════════════════════════════════════════════╗
    ║ Looks like Playwright Test or Playwright was just installed or updated. ║
    ║ Please run the following command to download new browsers:              ║
    ║                                                                         ║
    ║     npx playwright install                                              ║
    ║                                                                         ║
    ║ <3 Playwright Team                                                      ║
    ╚═════════════════════════════════════════════════════════════════════════╝
]]>
</failure>
</testcase>
<testcase name="SEO Optimization Tests › Images should have proper optimization" classname="seo\seo-optimization.spec.ts" time="0.007">
<failure message="seo-optimization.spec.ts:126:7 Images should have proper optimization" type="FAILURE">
<![CDATA[  [firefox] › seo\seo-optimization.spec.ts:126:7 › SEO Optimization Tests › Images should have proper optimization 

    Error: browserType.launch: Executable doesn't exist at C:\Users\JAGZA\AppData\Local\ms-playwright\firefox-1495\firefox\firefox.exe
    ╔═════════════════════════════════════════════════════════════════════════╗
    ║ Looks like Playwright Test or Playwright was just installed or updated. ║
    ║ Please run the following command to download new browsers:              ║
    ║                                                                         ║
    ║     npx playwright install                                              ║
    ║                                                                         ║
    ║ <3 Playwright Team                                                      ║
    ╚═════════════════════════════════════════════════════════════════════════╝
]]>
</failure>
</testcase>
<testcase name="SEO Optimization Tests › Fallback tenant should have correct SEO handling" classname="seo\seo-optimization.spec.ts" time="0.006">
<failure message="seo-optimization.spec.ts:171:7 Fallback tenant should have correct SEO handling" type="FAILURE">
<![CDATA[  [firefox] › seo\seo-optimization.spec.ts:171:7 › SEO Optimization Tests › Fallback tenant should have correct SEO handling 

    Error: browserType.launch: Executable doesn't exist at C:\Users\JAGZA\AppData\Local\ms-playwright\firefox-1495\firefox\firefox.exe
    ╔═════════════════════════════════════════════════════════════════════════╗
    ║ Looks like Playwright Test or Playwright was just installed or updated. ║
    ║ Please run the following command to download new browsers:              ║
    ║                                                                         ║
    ║     npx playwright install                                              ║
    ║                                                                         ║
    ║ <3 Playwright Team                                                      ║
    ╚═════════════════════════════════════════════════════════════════════════╝
]]>
</failure>
</testcase>
<testcase name="SEO Optimization Tests › Sitemap and robots.txt should be accessible" classname="seo\seo-optimization.spec.ts" time="0.009">
<failure message="seo-optimization.spec.ts:195:7 Sitemap and robots.txt should be accessible" type="FAILURE">
<![CDATA[  [firefox] › seo\seo-optimization.spec.ts:195:7 › SEO Optimization Tests › Sitemap and robots.txt should be accessible 

    Error: browserType.launch: Executable doesn't exist at C:\Users\JAGZA\AppData\Local\ms-playwright\firefox-1495\firefox\firefox.exe
    ╔═════════════════════════════════════════════════════════════════════════╗
    ║ Looks like Playwright Test or Playwright was just installed or updated. ║
    ║ Please run the following command to download new browsers:              ║
    ║                                                                         ║
    ║     npx playwright install                                              ║
    ║                                                                         ║
    ║ <3 Playwright Team                                                      ║
    ╚═════════════════════════════════════════════════════════════════════════╝
]]>
</failure>
</testcase>
<testcase name="SEO Optimization Tests › Page load performance should meet targets" classname="seo\seo-optimization.spec.ts" time="0.008">
<failure message="seo-optimization.spec.ts:215:7 Page load performance should meet targets" type="FAILURE">
<![CDATA[  [firefox] › seo\seo-optimization.spec.ts:215:7 › SEO Optimization Tests › Page load performance should meet targets 

    Error: browserType.launch: Executable doesn't exist at C:\Users\JAGZA\AppData\Local\ms-playwright\firefox-1495\firefox\firefox.exe
    ╔═════════════════════════════════════════════════════════════════════════╗
    ║ Looks like Playwright Test or Playwright was just installed or updated. ║
    ║ Please run the following command to download new browsers:              ║
    ║                                                                         ║
    ║     npx playwright install                                              ║
    ║                                                                         ║
    ║ <3 Playwright Team                                                      ║
    ╚═════════════════════════════════════════════════════════════════════════╝
]]>
</failure>
</testcase>
<testcase name="SEO Optimization Tests › Breadcrumbs should be implemented correctly" classname="seo\seo-optimization.spec.ts" time="0.007">
<failure message="seo-optimization.spec.ts:262:7 Breadcrumbs should be implemented correctly" type="FAILURE">
<![CDATA[  [firefox] › seo\seo-optimization.spec.ts:262:7 › SEO Optimization Tests › Breadcrumbs should be implemented correctly 

    Error: browserType.launch: Executable doesn't exist at C:\Users\JAGZA\AppData\Local\ms-playwright\firefox-1495\firefox\firefox.exe
    ╔═════════════════════════════════════════════════════════════════════════╗
    ║ Looks like Playwright Test or Playwright was just installed or updated. ║
    ║ Please run the following command to download new browsers:              ║
    ║                                                                         ║
    ║     npx playwright install                                              ║
    ║                                                                         ║
    ║ <3 Playwright Team                                                      ║
    ╚═════════════════════════════════════════════════════════════════════════╝
]]>
</failure>
</testcase>
</testsuite>
<testsuite name="social-planner\social-planner-flow.spec.ts" timestamp="2025-10-29T19:08:05.826Z" hostname="firefox" tests="6" failures="6" skipped="0" time="0.049" errors="0">
<testcase name="Social Planner E2E Tests - Phase 1 Coverage › Social Planner - Create and schedule post (planificación sin publicar)" classname="social-planner\social-planner-flow.spec.ts" time="0.007">
<failure message="social-planner-flow.spec.ts:14:7 Social Planner - Create and schedule post (planificación sin publicar)" type="FAILURE">
<![CDATA[  [firefox] › social-planner\social-planner-flow.spec.ts:14:7 › Social Planner E2E Tests - Phase 1 Coverage › Social Planner - Create and schedule post (planificación sin publicar) 

    Error: browserType.launch: Executable doesn't exist at C:\Users\JAGZA\AppData\Local\ms-playwright\firefox-1495\firefox\firefox.exe
    ╔═════════════════════════════════════════════════════════════════════════╗
    ║ Looks like Playwright Test or Playwright was just installed or updated. ║
    ║ Please run the following command to download new browsers:              ║
    ║                                                                         ║
    ║     npx playwright install                                              ║
    ║                                                                         ║
    ║ <3 Playwright Team                                                      ║
    ╚═════════════════════════════════════════════════════════════════════════╝
]]>
</failure>
</testcase>
<testcase name="Social Planner E2E Tests - Phase 1 Coverage › Social Planner - Duplicate and move post via drag&amp;drop" classname="social-planner\social-planner-flow.spec.ts" time="0.008">
<failure message="social-planner-flow.spec.ts:83:7 Social Planner - Duplicate and move post via drag&amp;drop" type="FAILURE">
<![CDATA[  [firefox] › social-planner\social-planner-flow.spec.ts:83:7 › Social Planner E2E Tests - Phase 1 Coverage › Social Planner - Duplicate and move post via drag&drop 

    Error: browserType.launch: Executable doesn't exist at C:\Users\JAGZA\AppData\Local\ms-playwright\firefox-1495\firefox\firefox.exe
    ╔═════════════════════════════════════════════════════════════════════════╗
    ║ Looks like Playwright Test or Playwright was just installed or updated. ║
    ║ Please run the following command to download new browsers:              ║
    ║                                                                         ║
    ║     npx playwright install                                              ║
    ║                                                                         ║
    ║ <3 Playwright Team                                                      ║
    ╚═════════════════════════════════════════════════════════════════════════╝
]]>
</failure>
</testcase>
<testcase name="Social Planner E2E Tests - Phase 1 Coverage › Social Planner - Edit override for specific network" classname="social-planner\social-planner-flow.spec.ts" time="0.01">
<failure message="social-planner-flow.spec.ts:120:7 Social Planner - Edit override for specific network" type="FAILURE">
<![CDATA[  [firefox] › social-planner\social-planner-flow.spec.ts:120:7 › Social Planner E2E Tests - Phase 1 Coverage › Social Planner - Edit override for specific network 

    Error: browserType.launch: Executable doesn't exist at C:\Users\JAGZA\AppData\Local\ms-playwright\firefox-1495\firefox\firefox.exe
    ╔═════════════════════════════════════════════════════════════════════════╗
    ║ Looks like Playwright Test or Playwright was just installed or updated. ║
    ║ Please run the following command to download new browsers:              ║
    ║                                                                         ║
    ║     npx playwright install                                              ║
    ║                                                                         ║
    ║ <3 Playwright Team                                                      ║
    ╚═════════════════════════════════════════════════════════════════════════╝
]]>
</failure>
</testcase>
<testcase name="Social Planner E2E Tests - Phase 1 Coverage › Social Planner - View modes (Mes, Semana, Día, Año)" classname="social-planner\social-planner-flow.spec.ts" time="0.008">
<failure message="social-planner-flow.spec.ts:150:7 Social Planner - View modes (Mes, Semana, Día, Año)" type="FAILURE">
<![CDATA[  [firefox] › social-planner\social-planner-flow.spec.ts:150:7 › Social Planner E2E Tests - Phase 1 Coverage › Social Planner - View modes (Mes, Semana, Día, Año) 

    Error: browserType.launch: Executable doesn't exist at C:\Users\JAGZA\AppData\Local\ms-playwright\firefox-1495\firefox\firefox.exe
    ╔═════════════════════════════════════════════════════════════════════════╗
    ║ Looks like Playwright Test or Playwright was just installed or updated. ║
    ║ Please run the following command to download new browsers:              ║
    ║                                                                         ║
    ║     npx playwright install                                              ║
    ║                                                                         ║
    ║ <3 Playwright Team                                                      ║
    ╚═════════════════════════════════════════════════════════════════════════╝
]]>
</failure>
</testcase>
<testcase name="Social Planner E2E Tests - Phase 1 Coverage › Social Planner - Timezone handling (America/Mexico_City)" classname="social-planner\social-planner-flow.spec.ts" time="0.007">
<failure message="social-planner-flow.spec.ts:184:7 Social Planner - Timezone handling (America/Mexico_City)" type="FAILURE">
<![CDATA[  [firefox] › social-planner\social-planner-flow.spec.ts:184:7 › Social Planner E2E Tests - Phase 1 Coverage › Social Planner - Timezone handling (America/Mexico_City) 

    Error: browserType.launch: Executable doesn't exist at C:\Users\JAGZA\AppData\Local\ms-playwright\firefox-1495\firefox\firefox.exe
    ╔═════════════════════════════════════════════════════════════════════════╗
    ║ Looks like Playwright Test or Playwright was just installed or updated. ║
    ║ Please run the following command to download new browsers:              ║
    ║                                                                         ║
    ║     npx playwright install                                              ║
    ║                                                                         ║
    ║ <3 Playwright Team                                                      ║
    ╚═════════════════════════════════════════════════════════════════════════╝
]]>
</failure>
</testcase>
<testcase name="Social Planner E2E Tests - Phase 1 Coverage › Social Planner - Self-healing selector validation" classname="social-planner\social-planner-flow.spec.ts" time="0.009">
<failure message="social-planner-flow.spec.ts:214:7 Social Planner - Self-healing selector validation" type="FAILURE">
<![CDATA[  [firefox] › social-planner\social-planner-flow.spec.ts:214:7 › Social Planner E2E Tests - Phase 1 Coverage › Social Planner - Self-healing selector validation 

    Error: browserType.launch: Executable doesn't exist at C:\Users\JAGZA\AppData\Local\ms-playwright\firefox-1495\firefox\firefox.exe
    ╔═════════════════════════════════════════════════════════════════════════╗
    ║ Looks like Playwright Test or Playwright was just installed or updated. ║
    ║ Please run the following command to download new browsers:              ║
    ║                                                                         ║
    ║     npx playwright install                                              ║
    ║                                                                         ║
    ║ <3 Playwright Team                                                      ║
    ╚═════════════════════════════════════════════════════════════════════════╝
]]>
</failure>
</testcase>
</testsuite>
<testsuite name="subset\corrected-tests-extended.spec.ts" timestamp="2025-10-29T19:08:05.826Z" hostname="firefox" tests="19" failures="19" skipped="0" time="0.142" errors="0">
<testcase name="Corrected Cart - Multiple Items with Better Error Handling › should handle multiple items with correct price calculations" classname="subset\corrected-tests-extended.spec.ts" time="0.008">
<failure message="corrected-tests-extended.spec.ts:11:7 should handle multiple items with correct price calculations" type="FAILURE">
<![CDATA[  [firefox] › subset\corrected-tests-extended.spec.ts:11:7 › Corrected Cart - Multiple Items with Better Error Handling › should handle multiple items with correct price calculations 

    Error: browserType.launch: Executable doesn't exist at C:\Users\JAGZA\AppData\Local\ms-playwright\firefox-1495\firefox\firefox.exe
    ╔═════════════════════════════════════════════════════════════════════════╗
    ║ Looks like Playwright Test or Playwright was just installed or updated. ║
    ║ Please run the following command to download new browsers:              ║
    ║                                                                         ║
    ║     npx playwright install                                              ║
    ║                                                                         ║
    ║ <3 Playwright Team                                                      ║
    ╚═════════════════════════════════════════════════════════════════════════╝
]]>
</failure>
</testcase>
<testcase name="Corrected Cart - Multiple Items with Better Error Handling › should display correct unit prices for items with quantity &gt; 1" classname="subset\corrected-tests-extended.spec.ts" time="0.007">
<failure message="corrected-tests-extended.spec.ts:152:7 should display correct unit prices for items with quantity &gt; 1" type="FAILURE">
<![CDATA[  [firefox] › subset\corrected-tests-extended.spec.ts:152:7 › Corrected Cart - Multiple Items with Better Error Handling › should display correct unit prices for items with quantity > 1 

    Error: browserType.launch: Executable doesn't exist at C:\Users\JAGZA\AppData\Local\ms-playwright\firefox-1495\firefox\firefox.exe
    ╔═════════════════════════════════════════════════════════════════════════╗
    ║ Looks like Playwright Test or Playwright was just installed or updated. ║
    ║ Please run the following command to download new browsers:              ║
    ║                                                                         ║
    ║     npx playwright install                                              ║
    ║                                                                         ║
    ║ <3 Playwright Team                                                      ║
    ╚═════════════════════════════════════════════════════════════════════════╝
]]>
</failure>
</testcase>
<testcase name="Corrected Mobile Performance with Better Resource Handling › should meet mobile LCP budget of &lt;3s with timeout handling" classname="subset\corrected-tests-extended.spec.ts" time="0.007">
<failure message="corrected-tests-extended.spec.ts:215:7 should meet mobile LCP budget of &lt;3s with timeout handling" type="FAILURE">
<![CDATA[  [firefox] › subset\corrected-tests-extended.spec.ts:215:7 › Corrected Mobile Performance with Better Resource Handling › should meet mobile LCP budget of <3s with timeout handling 

    Error: browserType.launch: Executable doesn't exist at C:\Users\JAGZA\AppData\Local\ms-playwright\firefox-1495\firefox\firefox.exe
    ╔═════════════════════════════════════════════════════════════════════════╗
    ║ Looks like Playwright Test or Playwright was just installed or updated. ║
    ║ Please run the following command to download new browsers:              ║
    ║                                                                         ║
    ║     npx playwright install                                              ║
    ║                                                                         ║
    ║ <3 Playwright Team                                                      ║
    ╚═════════════════════════════════════════════════════════════════════════╝
]]>
</failure>
</testcase>
<testcase name="Corrected Mobile Performance with Better Resource Handling › should meet mobile FCP budget of &lt;2s" classname="subset\corrected-tests-extended.spec.ts" time="0.008">
<failure message="corrected-tests-extended.spec.ts:236:7 should meet mobile FCP budget of &lt;2s" type="FAILURE">
<![CDATA[  [firefox] › subset\corrected-tests-extended.spec.ts:236:7 › Corrected Mobile Performance with Better Resource Handling › should meet mobile FCP budget of <2s 

    Error: browserType.launch: Executable doesn't exist at C:\Users\JAGZA\AppData\Local\ms-playwright\firefox-1495\firefox\firefox.exe
    ╔═════════════════════════════════════════════════════════════════════════╗
    ║ Looks like Playwright Test or Playwright was just installed or updated. ║
    ║ Please run the following command to download new browsers:              ║
    ║                                                                         ║
    ║     npx playwright install                                              ║
    ║                                                                         ║
    ║ <3 Playwright Team                                                      ║
    ╚═════════════════════════════════════════════════════════════════════════╝
]]>
</failure>
</testcase>
<testcase name="Corrected Mobile Performance with Better Resource Handling › should meet mobile TTFB budget of &lt;1s" classname="subset\corrected-tests-extended.spec.ts" time="0.007">
<failure message="corrected-tests-extended.spec.ts:257:7 should meet mobile TTFB budget of &lt;1s" type="FAILURE">
<![CDATA[  [firefox] › subset\corrected-tests-extended.spec.ts:257:7 › Corrected Mobile Performance with Better Resource Handling › should meet mobile TTFB budget of <1s 

    Error: browserType.launch: Executable doesn't exist at C:\Users\JAGZA\AppData\Local\ms-playwright\firefox-1495\firefox\firefox.exe
    ╔═════════════════════════════════════════════════════════════════════════╗
    ║ Looks like Playwright Test or Playwright was just installed or updated. ║
    ║ Please run the following command to download new browsers:              ║
    ║                                                                         ║
    ║     npx playwright install                                              ║
    ║                                                                         ║
    ║ <3 Playwright Team                                                      ║
    ╚═════════════════════════════════════════════════════════════════════════╝
]]>
</failure>
</testcase>
<testcase name="Corrected Mobile Performance with Better Resource Handling › should load efficiently with proper error handling" classname="subset\corrected-tests-extended.spec.ts" time="0.008">
<failure message="corrected-tests-extended.spec.ts:275:7 should load efficiently with proper error handling" type="FAILURE">
<![CDATA[  [firefox] › subset\corrected-tests-extended.spec.ts:275:7 › Corrected Mobile Performance with Better Resource Handling › should load efficiently with proper error handling 

    Error: browserType.launch: Executable doesn't exist at C:\Users\JAGZA\AppData\Local\ms-playwright\firefox-1495\firefox\firefox.exe
    ╔═════════════════════════════════════════════════════════════════════════╗
    ║ Looks like Playwright Test or Playwright was just installed or updated. ║
    ║ Please run the following command to download new browsers:              ║
    ║                                                                         ║
    ║     npx playwright install                                              ║
    ║                                                                         ║
    ║ <3 Playwright Team                                                      ║
    ╚═════════════════════════════════════════════════════════════════════════╝
]]>
</failure>
</testcase>
<testcase name="Corrected Mobile Performance with Better Resource Handling › should serve appropriately sized images for mobile with fallbacks" classname="subset\corrected-tests-extended.spec.ts" time="0.007">
<failure message="corrected-tests-extended.spec.ts:289:7 should serve appropriately sized images for mobile with fallbacks" type="FAILURE">
<![CDATA[  [firefox] › subset\corrected-tests-extended.spec.ts:289:7 › Corrected Mobile Performance with Better Resource Handling › should serve appropriately sized images for mobile with fallbacks 

    Error: browserType.launch: Executable doesn't exist at C:\Users\JAGZA\AppData\Local\ms-playwright\firefox-1495\firefox\firefox.exe
    ╔═════════════════════════════════════════════════════════════════════════╗
    ║ Looks like Playwright Test or Playwright was just installed or updated. ║
    ║ Please run the following command to download new browsers:              ║
    ║                                                                         ║
    ║     npx playwright install                                              ║
    ║                                                                         ║
    ║ <3 Playwright Team                                                      ║
    ╚═════════════════════════════════════════════════════════════════════════╝
]]>
</failure>
</testcase>
<testcase name="Corrected Mobile Performance with Better Resource Handling › should minimize JavaScript execution time" classname="subset\corrected-tests-extended.spec.ts" time="0.006">
<failure message="corrected-tests-extended.spec.ts:322:7 should minimize JavaScript execution time" type="FAILURE">
<![CDATA[  [firefox] › subset\corrected-tests-extended.spec.ts:322:7 › Corrected Mobile Performance with Better Resource Handling › should minimize JavaScript execution time 

    Error: browserType.launch: Executable doesn't exist at C:\Users\JAGZA\AppData\Local\ms-playwright\firefox-1495\firefox\firefox.exe
    ╔═════════════════════════════════════════════════════════════════════════╗
    ║ Looks like Playwright Test or Playwright was just installed or updated. ║
    ║ Please run the following command to download new browsers:              ║
    ║                                                                         ║
    ║     npx playwright install                                              ║
    ║                                                                         ║
    ║ <3 Playwright Team                                                      ║
    ╚═════════════════════════════════════════════════════════════════════════╝
]]>
</failure>
</testcase>
<testcase name="Corrected Mobile Performance with Better Resource Handling › should lazy load below-the-fold content with proper checks" classname="subset\corrected-tests-extended.spec.ts" time="0.007">
<failure message="corrected-tests-extended.spec.ts:345:7 should lazy load below-the-fold content with proper checks" type="FAILURE">
<![CDATA[  [firefox] › subset\corrected-tests-extended.spec.ts:345:7 › Corrected Mobile Performance with Better Resource Handling › should lazy load below-the-fold content with proper checks 

    Error: browserType.launch: Executable doesn't exist at C:\Users\JAGZA\AppData\Local\ms-playwright\firefox-1495\firefox\firefox.exe
    ╔═════════════════════════════════════════════════════════════════════════╗
    ║ Looks like Playwright Test or Playwright was just installed or updated. ║
    ║ Please run the following command to download new browsers:              ║
    ║                                                                         ║
    ║     npx playwright install                                              ║
    ║                                                                         ║
    ║ <3 Playwright Team                                                      ║
    ╚═════════════════════════════════════════════════════════════════════════╝
]]>
</failure>
</testcase>
<testcase name="Corrected Mobile Performance with Better Resource Handling › should minimize layout shifts on mobile" classname="subset\corrected-tests-extended.spec.ts" time="0.006">
<failure message="corrected-tests-extended.spec.ts:368:7 should minimize layout shifts on mobile" type="FAILURE">
<![CDATA[  [firefox] › subset\corrected-tests-extended.spec.ts:368:7 › Corrected Mobile Performance with Better Resource Handling › should minimize layout shifts on mobile 

    Error: browserType.launch: Executable doesn't exist at C:\Users\JAGZA\AppData\Local\ms-playwright\firefox-1495\firefox\firefox.exe
    ╔═════════════════════════════════════════════════════════════════════════╗
    ║ Looks like Playwright Test or Playwright was just installed or updated. ║
    ║ Please run the following command to download new browsers:              ║
    ║                                                                         ║
    ║     npx playwright install                                              ║
    ║                                                                         ║
    ║ <3 Playwright Team                                                      ║
    ╚═════════════════════════════════════════════════════════════════════════╝
]]>
</failure>
</testcase>
<testcase name="Corrected Authentication Tests › should handle login with error validation" classname="subset\corrected-tests-extended.spec.ts" time="0.007">
<failure message="corrected-tests-extended.spec.ts:398:7 should handle login with error validation" type="FAILURE">
<![CDATA[  [firefox] › subset\corrected-tests-extended.spec.ts:398:7 › Corrected Authentication Tests › should handle login with error validation 

    Error: browserType.launch: Executable doesn't exist at C:\Users\JAGZA\AppData\Local\ms-playwright\firefox-1495\firefox\firefox.exe
    ╔═════════════════════════════════════════════════════════════════════════╗
    ║ Looks like Playwright Test or Playwright was just installed or updated. ║
    ║ Please run the following command to download new browsers:              ║
    ║                                                                         ║
    ║     npx playwright install                                              ║
    ║                                                                         ║
    ║ <3 Playwright Team                                                      ║
    ╚═════════════════════════════════════════════════════════════════════════╝
]]>
</failure>
</testcase>
<testcase name="Corrected Authentication Tests › should handle registration with form validation" classname="subset\corrected-tests-extended.spec.ts" time="0.008">
<failure message="corrected-tests-extended.spec.ts:433:7 should handle registration with form validation" type="FAILURE">
<![CDATA[  [firefox] › subset\corrected-tests-extended.spec.ts:433:7 › Corrected Authentication Tests › should handle registration with form validation 

    Error: browserType.launch: Executable doesn't exist at C:\Users\JAGZA\AppData\Local\ms-playwright\firefox-1495\firefox\firefox.exe
    ╔═════════════════════════════════════════════════════════════════════════╗
    ║ Looks like Playwright Test or Playwright was just installed or updated. ║
    ║ Please run the following command to download new browsers:              ║
    ║                                                                         ║
    ║     npx playwright install                                              ║
    ║                                                                         ║
    ║ <3 Playwright Team                                                      ║
    ╚═════════════════════════════════════════════════════════════════════════╝
]]>
</failure>
</testcase>
<testcase name="Corrected Navigation Tests › should navigate between pages without errors" classname="subset\corrected-tests-extended.spec.ts" time="0.007">
<failure message="corrected-tests-extended.spec.ts:480:7 should navigate between pages without errors" type="FAILURE">
<![CDATA[  [firefox] › subset\corrected-tests-extended.spec.ts:480:7 › Corrected Navigation Tests › should navigate between pages without errors 

    Error: browserType.launch: Executable doesn't exist at C:\Users\JAGZA\AppData\Local\ms-playwright\firefox-1495\firefox\firefox.exe
    ╔═════════════════════════════════════════════════════════════════════════╗
    ║ Looks like Playwright Test or Playwright was just installed or updated. ║
    ║ Please run the following command to download new browsers:              ║
    ║                                                                         ║
    ║     npx playwright install                                              ║
    ║                                                                         ║
    ║ <3 Playwright Team                                                      ║
    ╚═════════════════════════════════════════════════════════════════════════╝
]]>
</failure>
</testcase>
<testcase name="Corrected Navigation Tests › should handle navigation with dynamic routes" classname="subset\corrected-tests-extended.spec.ts" time="0.007">
<failure message="corrected-tests-extended.spec.ts:505:7 should handle navigation with dynamic routes" type="FAILURE">
<![CDATA[  [firefox] › subset\corrected-tests-extended.spec.ts:505:7 › Corrected Navigation Tests › should handle navigation with dynamic routes 

    Error: browserType.launch: Executable doesn't exist at C:\Users\JAGZA\AppData\Local\ms-playwright\firefox-1495\firefox\firefox.exe
    ╔═════════════════════════════════════════════════════════════════════════╗
    ║ Looks like Playwright Test or Playwright was just installed or updated. ║
    ║ Please run the following command to download new browsers:              ║
    ║                                                                         ║
    ║     npx playwright install                                              ║
    ║                                                                         ║
    ║ <3 Playwright Team                                                      ║
    ╚═════════════════════════════════════════════════════════════════════════╝
]]>
</failure>
</testcase>
<testcase name="Corrected API Integration Tests › should handle API calls correctly" classname="subset\corrected-tests-extended.spec.ts" time="0.007">
<failure message="corrected-tests-extended.spec.ts:532:7 should handle API calls correctly" type="FAILURE">
<![CDATA[  [firefox] › subset\corrected-tests-extended.spec.ts:532:7 › Corrected API Integration Tests › should handle API calls correctly 

    Error: browserType.launch: Executable doesn't exist at C:\Users\JAGZA\AppData\Local\ms-playwright\firefox-1495\firefox\firefox.exe
    ╔═════════════════════════════════════════════════════════════════════════╗
    ║ Looks like Playwright Test or Playwright was just installed or updated. ║
    ║ Please run the following command to download new browsers:              ║
    ║                                                                         ║
    ║     npx playwright install                                              ║
    ║                                                                         ║
    ║ <3 Playwright Team                                                      ║
    ╚═════════════════════════════════════════════════════════════════════════╝
]]>
</failure>
</testcase>
<testcase name="Corrected API Integration Tests › should handle API errors gracefully" classname="subset\corrected-tests-extended.spec.ts" time="0.007">
<failure message="corrected-tests-extended.spec.ts:543:7 should handle API errors gracefully" type="FAILURE">
<![CDATA[  [firefox] › subset\corrected-tests-extended.spec.ts:543:7 › Corrected API Integration Tests › should handle API errors gracefully 

    Error: browserType.launch: Executable doesn't exist at C:\Users\JAGZA\AppData\Local\ms-playwright\firefox-1495\firefox\firefox.exe
    ╔═════════════════════════════════════════════════════════════════════════╗
    ║ Looks like Playwright Test or Playwright was just installed or updated. ║
    ║ Please run the following command to download new browsers:              ║
    ║                                                                         ║
    ║     npx playwright install                                              ║
    ║                                                                         ║
    ║ <3 Playwright Team                                                      ║
    ╚═════════════════════════════════════════════════════════════════════════╝
]]>
</failure>
</testcase>
<testcase name="Corrected Tenant Isolation Tests › should isolate data between tenants" classname="subset\corrected-tests-extended.spec.ts" time="0.013">
<failure message="corrected-tests-extended.spec.ts:554:7 should isolate data between tenants" type="FAILURE">
<![CDATA[  [firefox] › subset\corrected-tests-extended.spec.ts:554:7 › Corrected Tenant Isolation Tests › should isolate data between tenants 

    Error: browserType.launch: Executable doesn't exist at C:\Users\JAGZA\AppData\Local\ms-playwright\firefox-1495\firefox\firefox.exe
    ╔═════════════════════════════════════════════════════════════════════════╗
    ║ Looks like Playwright Test or Playwright was just installed or updated. ║
    ║ Please run the following command to download new browsers:              ║
    ║                                                                         ║
    ║     npx playwright install                                              ║
    ║                                                                         ║
    ║ <3 Playwright Team                                                      ║
    ╚═════════════════════════════════════════════════════════════════════════╝
]]>
</failure>
</testcase>
<testcase name="Corrected Cart Operations › should handle cart additions properly" classname="subset\corrected-tests-extended.spec.ts" time="0.007">
<failure message="corrected-tests-extended.spec.ts:572:7 should handle cart additions properly" type="FAILURE">
<![CDATA[  [firefox] › subset\corrected-tests-extended.spec.ts:572:7 › Corrected Cart Operations › should handle cart additions properly 

    Error: browserType.launch: Executable doesn't exist at C:\Users\JAGZA\AppData\Local\ms-playwright\firefox-1495\firefox\firefox.exe
    ╔═════════════════════════════════════════════════════════════════════════╗
    ║ Looks like Playwright Test or Playwright was just installed or updated. ║
    ║ Please run the following command to download new browsers:              ║
    ║                                                                         ║
    ║     npx playwright install                                              ║
    ║                                                                         ║
    ║ <3 Playwright Team                                                      ║
    ╚═════════════════════════════════════════════════════════════════════════╝
]]>
</failure>
</testcase>
<testcase name="Corrected Form Submission › should handle form submission with validation" classname="subset\corrected-tests-extended.spec.ts" time="0.008">
<failure message="corrected-tests-extended.spec.ts:601:7 should handle form submission with validation" type="FAILURE">
<![CDATA[  [firefox] › subset\corrected-tests-extended.spec.ts:601:7 › Corrected Form Submission › should handle form submission with validation 

    Error: browserType.launch: Executable doesn't exist at C:\Users\JAGZA\AppData\Local\ms-playwright\firefox-1495\firefox\firefox.exe
    ╔═════════════════════════════════════════════════════════════════════════╗
    ║ Looks like Playwright Test or Playwright was just installed or updated. ║
    ║ Please run the following command to download new browsers:              ║
    ║                                                                         ║
    ║     npx playwright install                                              ║
    ║                                                                         ║
    ║ <3 Playwright Team                                                      ║
    ╚═════════════════════════════════════════════════════════════════════════╝
]]>
</failure>
</testcase>
</testsuite>
<testsuite name="subset\corrected-tests-final.spec.ts" timestamp="2025-10-29T19:08:05.826Z" hostname="firefox" tests="27" failures="27" skipped="0" time="0.218" errors="0">
<testcase name="Corrected Authentication Tests › should handle forgot password flow with proper validation" classname="subset\corrected-tests-final.spec.ts" time="0.009">
<failure message="corrected-tests-final.spec.ts:9:7 should handle forgot password flow with proper validation" type="FAILURE">
<![CDATA[  [firefox] › subset\corrected-tests-final.spec.ts:9:7 › Corrected Authentication Tests › should handle forgot password flow with proper validation 

    Error: browserType.launch: Executable doesn't exist at C:\Users\JAGZA\AppData\Local\ms-playwright\firefox-1495\firefox\firefox.exe
    ╔═════════════════════════════════════════════════════════════════════════╗
    ║ Looks like Playwright Test or Playwright was just installed or updated. ║
    ║ Please run the following command to download new browsers:              ║
    ║                                                                         ║
    ║     npx playwright install                                              ║
    ║                                                                         ║
    ║ <3 Playwright Team                                                      ║
    ╚═════════════════════════════════════════════════════════════════════════╝
]]>
</failure>
</testcase>
<testcase name="Corrected Authentication Tests › should handle registration with password validation" classname="subset\corrected-tests-final.spec.ts" time="0.008">
<failure message="corrected-tests-final.spec.ts:37:7 should handle registration with password validation" type="FAILURE">
<![CDATA[  [firefox] › subset\corrected-tests-final.spec.ts:37:7 › Corrected Authentication Tests › should handle registration with password validation 

    Error: browserType.launch: Executable doesn't exist at C:\Users\JAGZA\AppData\Local\ms-playwright\firefox-1495\firefox\firefox.exe
    ╔═════════════════════════════════════════════════════════════════════════╗
    ║ Looks like Playwright Test or Playwright was just installed or updated. ║
    ║ Please run the following command to download new browsers:              ║
    ║                                                                         ║
    ║     npx playwright install                                              ║
    ║                                                                         ║
    ║ <3 Playwright Team                                                      ║
    ╚═════════════════════════════════════════════════════════════════════════╝
]]>
</failure>
</testcase>
<testcase name="Corrected SEO Tests › should have proper meta tags for SEO" classname="subset\corrected-tests-final.spec.ts" time="0.007">
<failure message="corrected-tests-final.spec.ts:75:7 should have proper meta tags for SEO" type="FAILURE">
<![CDATA[  [firefox] › subset\corrected-tests-final.spec.ts:75:7 › Corrected SEO Tests › should have proper meta tags for SEO 

    Error: browserType.launch: Executable doesn't exist at C:\Users\JAGZA\AppData\Local\ms-playwright\firefox-1495\firefox\firefox.exe
    ╔═════════════════════════════════════════════════════════════════════════╗
    ║ Looks like Playwright Test or Playwright was just installed or updated. ║
    ║ Please run the following command to download new browsers:              ║
    ║                                                                         ║
    ║     npx playwright install                                              ║
    ║                                                                         ║
    ║ <3 Playwright Team                                                      ║
    ╚═════════════════════════════════════════════════════════════════════════╝
]]>
</failure>
</testcase>
<testcase name="Corrected SEO Tests › should have proper heading hierarchy" classname="subset\corrected-tests-final.spec.ts" time="0.007">
<failure message="corrected-tests-final.spec.ts:98:7 should have proper heading hierarchy" type="FAILURE">
<![CDATA[  [firefox] › subset\corrected-tests-final.spec.ts:98:7 › Corrected SEO Tests › should have proper heading hierarchy 

    Error: browserType.launch: Executable doesn't exist at C:\Users\JAGZA\AppData\Local\ms-playwright\firefox-1495\firefox\firefox.exe
    ╔═════════════════════════════════════════════════════════════════════════╗
    ║ Looks like Playwright Test or Playwright was just installed or updated. ║
    ║ Please run the following command to download new browsers:              ║
    ║                                                                         ║
    ║     npx playwright install                                              ║
    ║                                                                         ║
    ║ <3 Playwright Team                                                      ║
    ╚═════════════════════════════════════════════════════════════════════════╝
]]>
</failure>
</testcase>
<testcase name="Corrected Cost Guard Tests › should handle eco mode when approaching cost limits" classname="subset\corrected-tests-final.spec.ts" time="0.007">
<failure message="corrected-tests-final.spec.ts:133:7 should handle eco mode when approaching cost limits" type="FAILURE">
<![CDATA[  [firefox] › subset\corrected-tests-final.spec.ts:133:7 › Corrected Cost Guard Tests › should handle eco mode when approaching cost limits 

    Error: browserType.launch: Executable doesn't exist at C:\Users\JAGZA\AppData\Local\ms-playwright\firefox-1495\firefox\firefox.exe
    ╔═════════════════════════════════════════════════════════════════════════╗
    ║ Looks like Playwright Test or Playwright was just installed or updated. ║
    ║ Please run the following command to download new browsers:              ║
    ║                                                                         ║
    ║     npx playwright install                                              ║
    ║                                                                         ║
    ║ <3 Playwright Team                                                      ║
    ╚═════════════════════════════════════════════════════════════════════════╝
]]>
</failure>
</testcase>
<testcase name="Corrected Cost Guard Tests › should manage resource quotas properly" classname="subset\corrected-tests-final.spec.ts" time="0.009">
<failure message="corrected-tests-final.spec.ts:149:7 should manage resource quotas properly" type="FAILURE">
<![CDATA[  [firefox] › subset\corrected-tests-final.spec.ts:149:7 › Corrected Cost Guard Tests › should manage resource quotas properly 

    Error: browserType.launch: Executable doesn't exist at C:\Users\JAGZA\AppData\Local\ms-playwright\firefox-1495\firefox\firefox.exe
    ╔═════════════════════════════════════════════════════════════════════════╗
    ║ Looks like Playwright Test or Playwright was just installed or updated. ║
    ║ Please run the following command to download new browsers:              ║
    ║                                                                         ║
    ║     npx playwright install                                              ║
    ║                                                                         ║
    ║ <3 Playwright Team                                                      ║
    ╚═════════════════════════════════════════════════════════════════════════╝
]]>
</failure>
</testcase>
<testcase name="Corrected Booking Tests › should handle booking cancellation" classname="subset\corrected-tests-final.spec.ts" time="0.006">
<failure message="corrected-tests-final.spec.ts:162:7 should handle booking cancellation" type="FAILURE">
<![CDATA[  [firefox] › subset\corrected-tests-final.spec.ts:162:7 › Corrected Booking Tests › should handle booking cancellation 

    Error: browserType.launch: Executable doesn't exist at C:\Users\JAGZA\AppData\Local\ms-playwright\firefox-1495\firefox\firefox.exe
    ╔═════════════════════════════════════════════════════════════════════════╗
    ║ Looks like Playwright Test or Playwright was just installed or updated. ║
    ║ Please run the following command to download new browsers:              ║
    ║                                                                         ║
    ║     npx playwright install                                              ║
    ║                                                                         ║
    ║ <3 Playwright Team                                                      ║
    ╚═════════════════════════════════════════════════════════════════════════╝
]]>
</failure>
</testcase>
<testcase name="Corrected Booking Tests › should show available time slots" classname="subset\corrected-tests-final.spec.ts" time="0.01">
<failure message="corrected-tests-final.spec.ts:192:7 should show available time slots" type="FAILURE">
<![CDATA[  [firefox] › subset\corrected-tests-final.spec.ts:192:7 › Corrected Booking Tests › should show available time slots 

    Error: browserType.launch: Executable doesn't exist at C:\Users\JAGZA\AppData\Local\ms-playwright\firefox-1495\firefox\firefox.exe
    ╔═════════════════════════════════════════════════════════════════════════╗
    ║ Looks like Playwright Test or Playwright was just installed or updated. ║
    ║ Please run the following command to download new browsers:              ║
    ║                                                                         ║
    ║     npx playwright install                                              ║
    ║                                                                         ║
    ║ <3 Playwright Team                                                      ║
    ╚═════════════════════════════════════════════════════════════════════════╝
]]>
</failure>
</testcase>
<testcase name="Corrected Carousel Tests › should navigate carousel items properly" classname="subset\corrected-tests-final.spec.ts" time="0.008">
<failure message="corrected-tests-final.spec.ts:211:7 should navigate carousel items properly" type="FAILURE">
<![CDATA[  [firefox] › subset\corrected-tests-final.spec.ts:211:7 › Corrected Carousel Tests › should navigate carousel items properly 

    Error: browserType.launch: Executable doesn't exist at C:\Users\JAGZA\AppData\Local\ms-playwright\firefox-1495\firefox\firefox.exe
    ╔═════════════════════════════════════════════════════════════════════════╗
    ║ Looks like Playwright Test or Playwright was just installed or updated. ║
    ║ Please run the following command to download new browsers:              ║
    ║                                                                         ║
    ║     npx playwright install                                              ║
    ║                                                                         ║
    ║ <3 Playwright Team                                                      ║
    ╚═════════════════════════════════════════════════════════════════════════╝
]]>
</failure>
</testcase>
<testcase name="Corrected Media Pipeline Tests › should handle media uploads with progress tracking" classname="subset\corrected-tests-final.spec.ts" time="0.009">
<failure message="corrected-tests-final.spec.ts:239:7 should handle media uploads with progress tracking" type="FAILURE">
<![CDATA[  [firefox] › subset\corrected-tests-final.spec.ts:239:7 › Corrected Media Pipeline Tests › should handle media uploads with progress tracking 

    Error: browserType.launch: Executable doesn't exist at C:\Users\JAGZA\AppData\Local\ms-playwright\firefox-1495\firefox\firefox.exe
    ╔═════════════════════════════════════════════════════════════════════════╗
    ║ Looks like Playwright Test or Playwright was just installed or updated. ║
    ║ Please run the following command to download new browsers:              ║
    ║                                                                         ║
    ║     npx playwright install                                              ║
    ║                                                                         ║
    ║ <3 Playwright Team                                                      ║
    ╚═════════════════════════════════════════════════════════════════════════╝
]]>
</failure>
</testcase>
<testcase name="Corrected Reorder Tests › should handle reorder with minimal clicks" classname="subset\corrected-tests-final.spec.ts" time="0.008">
<failure message="corrected-tests-final.spec.ts:258:7 should handle reorder with minimal clicks" type="FAILURE">
<![CDATA[  [firefox] › subset\corrected-tests-final.spec.ts:258:7 › Corrected Reorder Tests › should handle reorder with minimal clicks 

    Error: browserType.launch: Executable doesn't exist at C:\Users\JAGZA\AppData\Local\ms-playwright\firefox-1495\firefox\firefox.exe
    ╔═════════════════════════════════════════════════════════════════════════╗
    ║ Looks like Playwright Test or Playwright was just installed or updated. ║
    ║ Please run the following command to download new browsers:              ║
    ║                                                                         ║
    ║     npx playwright install                                              ║
    ║                                                                         ║
    ║ <3 Playwright Team                                                      ║
    ╚═════════════════════════════════════════════════════════════════════════╝
]]>
</failure>
</testcase>
<testcase name="Corrected Fallback Tests › should show fallback content when primary content fails" classname="subset\corrected-tests-final.spec.ts" time="0.009">
<failure message="corrected-tests-final.spec.ts:277:7 should show fallback content when primary content fails" type="FAILURE">
<![CDATA[  [firefox] › subset\corrected-tests-final.spec.ts:277:7 › Corrected Fallback Tests › should show fallback content when primary content fails 

    Error: browserType.launch: Executable doesn't exist at C:\Users\JAGZA\AppData\Local\ms-playwright\firefox-1495\firefox\firefox.exe
    ╔═════════════════════════════════════════════════════════════════════════╗
    ║ Looks like Playwright Test or Playwright was just installed or updated. ║
    ║ Please run the following command to download new browsers:              ║
    ║                                                                         ║
    ║     npx playwright install                                              ║
    ║                                                                         ║
    ║ <3 Playwright Team                                                      ║
    ╚═════════════════════════════════════════════════════════════════════════╝
]]>
</failure>
</testcase>
<testcase name="Corrected Interaction Tests › should handle hover states properly" classname="subset\corrected-tests-final.spec.ts" time="0.007">
<failure message="corrected-tests-final.spec.ts:291:7 should handle hover states properly" type="FAILURE">
<![CDATA[  [firefox] › subset\corrected-tests-final.spec.ts:291:7 › Corrected Interaction Tests › should handle hover states properly 

    Error: browserType.launch: Executable doesn't exist at C:\Users\JAGZA\AppData\Local\ms-playwright\firefox-1495\firefox\firefox.exe
    ╔═════════════════════════════════════════════════════════════════════════╗
    ║ Looks like Playwright Test or Playwright was just installed or updated. ║
    ║ Please run the following command to download new browsers:              ║
    ║                                                                         ║
    ║     npx playwright install                                              ║
    ║                                                                         ║
    ║ <3 Playwright Team                                                      ║
    ╚═════════════════════════════════════════════════════════════════════════╝
]]>
</failure>
</testcase>
<testcase name="Corrected Interaction Tests › should handle touch events on mobile" classname="subset\corrected-tests-final.spec.ts" time="0.008">
<failure message="corrected-tests-final.spec.ts:308:7 should handle touch events on mobile" type="FAILURE">
<![CDATA[  [firefox] › subset\corrected-tests-final.spec.ts:308:7 › Corrected Interaction Tests › should handle touch events on mobile 

    Error: browserType.launch: Executable doesn't exist at C:\Users\JAGZA\AppData\Local\ms-playwright\firefox-1495\firefox\firefox.exe
    ╔═════════════════════════════════════════════════════════════════════════╗
    ║ Looks like Playwright Test or Playwright was just installed or updated. ║
    ║ Please run the following command to download new browsers:              ║
    ║                                                                         ║
    ║     npx playwright install                                              ║
    ║                                                                         ║
    ║ <3 Playwright Team                                                      ║
    ╚═════════════════════════════════════════════════════════════════════════╝
]]>
</failure>
</testcase>
<testcase name="Corrected Multitenant Tests › should load tenant-specific branding" classname="subset\corrected-tests-final.spec.ts" time="0.008">
<failure message="corrected-tests-final.spec.ts:331:7 should load tenant-specific branding" type="FAILURE">
<![CDATA[  [firefox] › subset\corrected-tests-final.spec.ts:331:7 › Corrected Multitenant Tests › should load tenant-specific branding 

    Error: browserType.launch: Executable doesn't exist at C:\Users\JAGZA\AppData\Local\ms-playwright\firefox-1495\firefox\firefox.exe
    ╔═════════════════════════════════════════════════════════════════════════╗
    ║ Looks like Playwright Test or Playwright was just installed or updated. ║
    ║ Please run the following command to download new browsers:              ║
    ║                                                                         ║
    ║     npx playwright install                                              ║
    ║                                                                         ║
    ║ <3 Playwright Team                                                      ║
    ╚═════════════════════════════════════════════════════════════════════════╝
]]>
</failure>
</testcase>
<testcase name="Corrected Self-Healing Tests › should recover from API service interruption" classname="subset\corrected-tests-final.spec.ts" time="0.01">
<failure message="corrected-tests-final.spec.ts:351:7 should recover from API service interruption" type="FAILURE">
<![CDATA[  [firefox] › subset\corrected-tests-final.spec.ts:351:7 › Corrected Self-Healing Tests › should recover from API service interruption 

    Error: browserType.launch: Executable doesn't exist at C:\Users\JAGZA\AppData\Local\ms-playwright\firefox-1495\firefox\firefox.exe
    ╔═════════════════════════════════════════════════════════════════════════╗
    ║ Looks like Playwright Test or Playwright was just installed or updated. ║
    ║ Please run the following command to download new browsers:              ║
    ║                                                                         ║
    ║     npx playwright install                                              ║
    ║                                                                         ║
    ║ <3 Playwright Team                                                      ║
    ╚═════════════════════════════════════════════════════════════════════════╝
]]>
</failure>
</testcase>
<testcase name="Corrected Social Planner Tests › should handle social media post scheduling" classname="subset\corrected-tests-final.spec.ts" time="0.008">
<failure message="corrected-tests-final.spec.ts:379:7 should handle social media post scheduling" type="FAILURE">
<![CDATA[  [firefox] › subset\corrected-tests-final.spec.ts:379:7 › Corrected Social Planner Tests › should handle social media post scheduling 

    Error: browserType.launch: Executable doesn't exist at C:\Users\JAGZA\AppData\Local\ms-playwright\firefox-1495\firefox\firefox.exe
    ╔═════════════════════════════════════════════════════════════════════════╗
    ║ Looks like Playwright Test or Playwright was just installed or updated. ║
    ║ Please run the following command to download new browsers:              ║
    ║                                                                         ║
    ║     npx playwright install                                              ║
    ║                                                                         ║
    ║ <3 Playwright Team                                                      ║
    ╚═════════════════════════════════════════════════════════════════════════╝
]]>
</failure>
</testcase>
<testcase name="Corrected UX Tests › should maintain consistent UX patterns" classname="subset\corrected-tests-final.spec.ts" time="0.009">
<failure message="corrected-tests-final.spec.ts:402:7 should maintain consistent UX patterns" type="FAILURE">
<![CDATA[  [firefox] › subset\corrected-tests-final.spec.ts:402:7 › Corrected UX Tests › should maintain consistent UX patterns 

    Error: browserType.launch: Executable doesn't exist at C:\Users\JAGZA\AppData\Local\ms-playwright\firefox-1495\firefox\firefox.exe
    ╔═════════════════════════════════════════════════════════════════════════╗
    ║ Looks like Playwright Test or Playwright was just installed or updated. ║
    ║ Please run the following command to download new browsers:              ║
    ║                                                                         ║
    ║     npx playwright install                                              ║
    ║                                                                         ║
    ║ <3 Playwright Team                                                      ║
    ╚═════════════════════════════════════════════════════════════════════════╝
]]>
</failure>
</testcase>
<testcase name="Corrected Click Budget Tests › should complete purchase in 3 clicks" classname="subset\corrected-tests-final.spec.ts" time="0.008">
<failure message="corrected-tests-final.spec.ts:426:7 should complete purchase in 3 clicks" type="FAILURE">
<![CDATA[  [firefox] › subset\corrected-tests-final.spec.ts:426:7 › Corrected Click Budget Tests › should complete purchase in 3 clicks 

    Error: browserType.launch: Executable doesn't exist at C:\Users\JAGZA\AppData\Local\ms-playwright\firefox-1495\firefox\firefox.exe
    ╔═════════════════════════════════════════════════════════════════════════╗
    ║ Looks like Playwright Test or Playwright was just installed or updated. ║
    ║ Please run the following command to download new browsers:              ║
    ║                                                                         ║
    ║     npx playwright install                                              ║
    ║                                                                         ║
    ║ <3 Playwright Team                                                      ║
    ╚═════════════════════════════════════════════════════════════════════════╝
]]>
</failure>
</testcase>
<testcase name="Corrected Reviews Tests › should display and submit reviews properly" classname="subset\corrected-tests-final.spec.ts" time="0.007">
<failure message="corrected-tests-final.spec.ts:469:7 should display and submit reviews properly" type="FAILURE">
<![CDATA[  [firefox] › subset\corrected-tests-final.spec.ts:469:7 › Corrected Reviews Tests › should display and submit reviews properly 

    Error: browserType.launch: Executable doesn't exist at C:\Users\JAGZA\AppData\Local\ms-playwright\firefox-1495\firefox\firefox.exe
    ╔═════════════════════════════════════════════════════════════════════════╗
    ║ Looks like Playwright Test or Playwright was just installed or updated. ║
    ║ Please run the following command to download new browsers:              ║
    ║                                                                         ║
    ║     npx playwright install                                              ║
    ║                                                                         ║
    ║ <3 Playwright Team                                                      ║
    ╚═════════════════════════════════════════════════════════════════════════╝
]]>
</failure>
</testcase>
<testcase name="Corrected Performance Tests › should measure core web vitals correctly" classname="subset\corrected-tests-final.spec.ts" time="0.007">
<failure message="corrected-tests-final.spec.ts:511:7 should measure core web vitals correctly" type="FAILURE">
<![CDATA[  [firefox] › subset\corrected-tests-final.spec.ts:511:7 › Corrected Performance Tests › should measure core web vitals correctly 

    Error: browserType.launch: Executable doesn't exist at C:\Users\JAGZA\AppData\Local\ms-playwright\firefox-1495\firefox\firefox.exe
    ╔═════════════════════════════════════════════════════════════════════════╗
    ║ Looks like Playwright Test or Playwright was just installed or updated. ║
    ║ Please run the following command to download new browsers:              ║
    ║                                                                         ║
    ║     npx playwright install                                              ║
    ║                                                                         ║
    ║ <3 Playwright Team                                                      ║
    ╚═════════════════════════════════════════════════════════════════════════╝
]]>
</failure>
</testcase>
<testcase name="Corrected Tenant Security Tests › should enforce tenant access controls" classname="subset\corrected-tests-final.spec.ts" time="0.007">
<failure message="corrected-tests-final.spec.ts:563:7 should enforce tenant access controls" type="FAILURE">
<![CDATA[  [firefox] › subset\corrected-tests-final.spec.ts:563:7 › Corrected Tenant Security Tests › should enforce tenant access controls 

    Error: browserType.launch: Executable doesn't exist at C:\Users\JAGZA\AppData\Local\ms-playwright\firefox-1495\firefox\firefox.exe
    ╔═════════════════════════════════════════════════════════════════════════╗
    ║ Looks like Playwright Test or Playwright was just installed or updated. ║
    ║ Please run the following command to download new browsers:              ║
    ║                                                                         ║
    ║     npx playwright install                                              ║
    ║                                                                         ║
    ║ <3 Playwright Team                                                      ║
    ╚═════════════════════════════════════════════════════════════════════════╝
]]>
</failure>
</testcase>
<testcase name="Corrected Quotas Tests › should respect API rate limits" classname="subset\corrected-tests-final.spec.ts" time="0.007">
<failure message="corrected-tests-final.spec.ts:576:7 should respect API rate limits" type="FAILURE">
<![CDATA[  [firefox] › subset\corrected-tests-final.spec.ts:576:7 › Corrected Quotas Tests › should respect API rate limits 

    Error: browserType.launch: Executable doesn't exist at C:\Users\JAGZA\AppData\Local\ms-playwright\firefox-1495\firefox\firefox.exe
    ╔═════════════════════════════════════════════════════════════════════════╗
    ║ Looks like Playwright Test or Playwright was just installed or updated. ║
    ║ Please run the following command to download new browsers:              ║
    ║                                                                         ║
    ║     npx playwright install                                              ║
    ║                                                                         ║
    ║ <3 Playwright Team                                                      ║
    ╚═════════════════════════════════════════════════════════════════════════╝
]]>
</failure>
</testcase>
<testcase name="Corrected Fallback Tests › should provide fallback for missing images" classname="subset\corrected-tests-final.spec.ts" time="0.008">
<failure message="corrected-tests-final.spec.ts:593:7 should provide fallback for missing images" type="FAILURE">
<![CDATA[  [firefox] › subset\corrected-tests-final.spec.ts:593:7 › Corrected Fallback Tests › should provide fallback for missing images 

    Error: browserType.launch: Executable doesn't exist at C:\Users\JAGZA\AppData\Local\ms-playwright\firefox-1495\firefox\firefox.exe
    ╔═════════════════════════════════════════════════════════════════════════╗
    ║ Looks like Playwright Test or Playwright was just installed or updated. ║
    ║ Please run the following command to download new browsers:              ║
    ║                                                                         ║
    ║     npx playwright install                                              ║
    ║                                                                         ║
    ║ <3 Playwright Team                                                      ║
    ╚═════════════════════════════════════════════════════════════════════════╝
]]>
</failure>
</testcase>
<testcase name="Corrected Navigation Tests › should maintain navigation state across page loads" classname="subset\corrected-tests-final.spec.ts" time="0.008">
<failure message="corrected-tests-final.spec.ts:614:7 should maintain navigation state across page loads" type="FAILURE">
<![CDATA[  [firefox] › subset\corrected-tests-final.spec.ts:614:7 › Corrected Navigation Tests › should maintain navigation state across page loads 

    Error: browserType.launch: Executable doesn't exist at C:\Users\JAGZA\AppData\Local\ms-playwright\firefox-1495\firefox\firefox.exe
    ╔═════════════════════════════════════════════════════════════════════════╗
    ║ Looks like Playwright Test or Playwright was just installed or updated. ║
    ║ Please run the following command to download new browsers:              ║
    ║                                                                         ║
    ║     npx playwright install                                              ║
    ║                                                                         ║
    ║ <3 Playwright Team                                                      ║
    ╚═════════════════════════════════════════════════════════════════════════╝
]]>
</failure>
</testcase>
<testcase name="Corrected Utils Tests › should format currency correctly across locales" classname="subset\corrected-tests-final.spec.ts" time="0.009">
<failure message="corrected-tests-final.spec.ts:638:7 should format currency correctly across locales" type="FAILURE">
<![CDATA[  [firefox] › subset\corrected-tests-final.spec.ts:638:7 › Corrected Utils Tests › should format currency correctly across locales 

    Error: browserType.launch: Executable doesn't exist at C:\Users\JAGZA\AppData\Local\ms-playwright\firefox-1495\firefox\firefox.exe
    ╔═════════════════════════════════════════════════════════════════════════╗
    ║ Looks like Playwright Test or Playwright was just installed or updated. ║
    ║ Please run the following command to download new browsers:              ║
    ║                                                                         ║
    ║     npx playwright install                                              ║
    ║                                                                         ║
    ║ <3 Playwright Team                                                      ║
    ╚═════════════════════════════════════════════════════════════════════════╝
]]>
</failure>
</testcase>
<testcase name="Corrected Global Setup Tests › should initialize with correct configuration" classname="subset\corrected-tests-final.spec.ts" time="0.01">
<failure message="corrected-tests-final.spec.ts:659:7 should initialize with correct configuration" type="FAILURE">
<![CDATA[  [firefox] › subset\corrected-tests-final.spec.ts:659:7 › Corrected Global Setup Tests › should initialize with correct configuration 

    Error: browserType.launch: Executable doesn't exist at C:\Users\JAGZA\AppData\Local\ms-playwright\firefox-1495\firefox\firefox.exe
    ╔═════════════════════════════════════════════════════════════════════════╗
    ║ Looks like Playwright Test or Playwright was just installed or updated. ║
    ║ Please run the following command to download new browsers:              ║
    ║                                                                         ║
    ║     npx playwright install                                              ║
    ║                                                                         ║
    ║ <3 Playwright Team                                                      ║
    ╚═════════════════════════════════════════════════════════════════════════╝
]]>
</failure>
</testcase>
</testsuite>
<testsuite name="subset\corrected-tests-remaining.spec.ts" timestamp="2025-10-29T19:08:05.826Z" hostname="firefox" tests="32" failures="32" skipped="0" time="0.227" errors="0">
<testcase name="Corrected Accessibility Main Tests › should have proper semantic HTML structure" classname="subset\corrected-tests-remaining.spec.ts" time="0.007">
<failure message="corrected-tests-remaining.spec.ts:9:7 should have proper semantic HTML structure" type="FAILURE">
<![CDATA[  [firefox] › subset\corrected-tests-remaining.spec.ts:9:7 › Corrected Accessibility Main Tests › should have proper semantic HTML structure 

    Error: browserType.launch: Executable doesn't exist at C:\Users\JAGZA\AppData\Local\ms-playwright\firefox-1495\firefox\firefox.exe
    ╔═════════════════════════════════════════════════════════════════════════╗
    ║ Looks like Playwright Test or Playwright was just installed or updated. ║
    ║ Please run the following command to download new browsers:              ║
    ║                                                                         ║
    ║     npx playwright install                                              ║
    ║                                                                         ║
    ║ <3 Playwright Team                                                      ║
    ╚═════════════════════════════════════════════════════════════════════════╝
]]>
</failure>
</testcase>
<testcase name="Corrected Click Budget Tests › should complete service booking in 2 clicks" classname="subset\corrected-tests-remaining.spec.ts" time="0.008">
<failure message="corrected-tests-remaining.spec.ts:26:7 should complete service booking in 2 clicks" type="FAILURE">
<![CDATA[  [firefox] › subset\corrected-tests-remaining.spec.ts:26:7 › Corrected Click Budget Tests › should complete service booking in 2 clicks 

    Error: browserType.launch: Executable doesn't exist at C:\Users\JAGZA\AppData\Local\ms-playwright\firefox-1495\firefox\firefox.exe
    ╔═════════════════════════════════════════════════════════════════════════╗
    ║ Looks like Playwright Test or Playwright was just installed or updated. ║
    ║ Please run the following command to download new browsers:              ║
    ║                                                                         ║
    ║     npx playwright install                                              ║
    ║                                                                         ║
    ║ <3 Playwright Team                                                      ║
    ╚═════════════════════════════════════════════════════════════════════════╝
]]>
</failure>
</testcase>
<testcase name="Corrected Continuation Tests › should handle session continuation properly" classname="subset\corrected-tests-remaining.spec.ts" time="0.007">
<failure message="corrected-tests-remaining.spec.ts:64:7 should handle session continuation properly" type="FAILURE">
<![CDATA[  [firefox] › subset\corrected-tests-remaining.spec.ts:64:7 › Corrected Continuation Tests › should handle session continuation properly 

    Error: browserType.launch: Executable doesn't exist at C:\Users\JAGZA\AppData\Local\ms-playwright\firefox-1495\firefox\firefox.exe
    ╔═════════════════════════════════════════════════════════════════════════╗
    ║ Looks like Playwright Test or Playwright was just installed or updated. ║
    ║ Please run the following command to download new browsers:              ║
    ║                                                                         ║
    ║     npx playwright install                                              ║
    ║                                                                         ║
    ║ <3 Playwright Team                                                      ║
    ╚═════════════════════════════════════════════════════════════════════════╝
]]>
</failure>
</testcase>
<testcase name="Corrected Forgot Password Tests › should handle password reset flow" classname="subset\corrected-tests-remaining.spec.ts" time="0.008">
<failure message="corrected-tests-remaining.spec.ts:85:7 should handle password reset flow" type="FAILURE">
<![CDATA[  [firefox] › subset\corrected-tests-remaining.spec.ts:85:7 › Corrected Forgot Password Tests › should handle password reset flow 

    Error: browserType.launch: Executable doesn't exist at C:\Users\JAGZA\AppData\Local\ms-playwright\firefox-1495\firefox\firefox.exe
    ╔═════════════════════════════════════════════════════════════════════════╗
    ║ Looks like Playwright Test or Playwright was just installed or updated. ║
    ║ Please run the following command to download new browsers:              ║
    ║                                                                         ║
    ║     npx playwright install                                              ║
    ║                                                                         ║
    ║ <3 Playwright Team                                                      ║
    ╚═════════════════════════════════════════════════════════════════════════╝
]]>
</failure>
</testcase>
<testcase name="Corrected Performance Main Tests › should meet performance budgets" classname="subset\corrected-tests-remaining.spec.ts" time="0.01">
<failure message="corrected-tests-remaining.spec.ts:109:7 should meet performance budgets" type="FAILURE">
<![CDATA[  [firefox] › subset\corrected-tests-remaining.spec.ts:109:7 › Corrected Performance Main Tests › should meet performance budgets 

    Error: browserType.launch: Executable doesn't exist at C:\Users\JAGZA\AppData\Local\ms-playwright\firefox-1495\firefox\firefox.exe
    ╔═════════════════════════════════════════════════════════════════════════╗
    ║ Looks like Playwright Test or Playwright was just installed or updated. ║
    ║ Please run the following command to download new browsers:              ║
    ║                                                                         ║
    ║     npx playwright install                                              ║
    ║                                                                         ║
    ║ <3 Playwright Team                                                      ║
    ╚═════════════════════════════════════════════════════════════════════════╝
]]>
</failure>
</testcase>
<testcase name="Corrected Reviews Tests › should display reviews correctly" classname="subset\corrected-tests-remaining.spec.ts" time="0.009">
<failure message="corrected-tests-remaining.spec.ts:121:7 should display reviews correctly" type="FAILURE">
<![CDATA[  [firefox] › subset\corrected-tests-remaining.spec.ts:121:7 › Corrected Reviews Tests › should display reviews correctly 

    Error: browserType.launch: Executable doesn't exist at C:\Users\JAGZA\AppData\Local\ms-playwright\firefox-1495\firefox\firefox.exe
    ╔═════════════════════════════════════════════════════════════════════════╗
    ║ Looks like Playwright Test or Playwright was just installed or updated. ║
    ║ Please run the following command to download new browsers:              ║
    ║                                                                         ║
    ║     npx playwright install                                              ║
    ║                                                                         ║
    ║ <3 Playwright Team                                                      ║
    ╚═════════════════════════════════════════════════════════════════════════╝
]]>
</failure>
</testcase>
<testcase name="Corrected Tenant Security Tests › should enforce proper tenant boundaries" classname="subset\corrected-tests-remaining.spec.ts" time="0.011">
<failure message="corrected-tests-remaining.spec.ts:145:7 should enforce proper tenant boundaries" type="FAILURE">
<![CDATA[  [firefox] › subset\corrected-tests-remaining.spec.ts:145:7 › Corrected Tenant Security Tests › should enforce proper tenant boundaries 

    Error: browserType.launch: Executable doesn't exist at C:\Users\JAGZA\AppData\Local\ms-playwright\firefox-1495\firefox\firefox.exe
    ╔═════════════════════════════════════════════════════════════════════════╗
    ║ Looks like Playwright Test or Playwright was just installed or updated. ║
    ║ Please run the following command to download new browsers:              ║
    ║                                                                         ║
    ║     npx playwright install                                              ║
    ║                                                                         ║
    ║ <3 Playwright Team                                                      ║
    ╚═════════════════════════════════════════════════════════════════════════╝
]]>
</failure>
</testcase>
<testcase name="Corrected A11y Compliance Tests › should meet accessibility compliance standards" classname="subset\corrected-tests-remaining.spec.ts" time="0.01">
<failure message="corrected-tests-remaining.spec.ts:157:7 should meet accessibility compliance standards" type="FAILURE">
<![CDATA[  [firefox] › subset\corrected-tests-remaining.spec.ts:157:7 › Corrected A11y Compliance Tests › should meet accessibility compliance standards 

    Error: browserType.launch: Executable doesn't exist at C:\Users\JAGZA\AppData\Local\ms-playwright\firefox-1495\firefox\firefox.exe
    ╔═════════════════════════════════════════════════════════════════════════╗
    ║ Looks like Playwright Test or Playwright was just installed or updated. ║
    ║ Please run the following command to download new browsers:              ║
    ║                                                                         ║
    ║     npx playwright install                                              ║
    ║                                                                         ║
    ║ <3 Playwright Team                                                      ║
    ╚═════════════════════════════════════════════════════════════════════════╝
]]>
</failure>
</testcase>
<testcase name="Corrected Keyboard Navigation Tests › should support full keyboard navigation" classname="subset\corrected-tests-remaining.spec.ts" time="0.008">
<failure message="corrected-tests-remaining.spec.ts:178:7 should support full keyboard navigation" type="FAILURE">
<![CDATA[  [firefox] › subset\corrected-tests-remaining.spec.ts:178:7 › Corrected Keyboard Navigation Tests › should support full keyboard navigation 

    Error: browserType.launch: Executable doesn't exist at C:\Users\JAGZA\AppData\Local\ms-playwright\firefox-1495\firefox\firefox.exe
    ╔═════════════════════════════════════════════════════════════════════════╗
    ║ Looks like Playwright Test or Playwright was just installed or updated. ║
    ║ Please run the following command to download new browsers:              ║
    ║                                                                         ║
    ║     npx playwright install                                              ║
    ║                                                                         ║
    ║ <3 Playwright Team                                                      ║
    ╚═════════════════════════════════════════════════════════════════════════╝
]]>
</failure>
</testcase>
<testcase name="Corrected Carousel Tests › should handle carousel navigation" classname="subset\corrected-tests-remaining.spec.ts" time="0.006">
<failure message="corrected-tests-remaining.spec.ts:202:7 should handle carousel navigation" type="FAILURE">
<![CDATA[  [firefox] › subset\corrected-tests-remaining.spec.ts:202:7 › Corrected Carousel Tests › should handle carousel navigation 

    Error: browserType.launch: Executable doesn't exist at C:\Users\JAGZA\AppData\Local\ms-playwright\firefox-1495\firefox\firefox.exe
    ╔═════════════════════════════════════════════════════════════════════════╗
    ║ Looks like Playwright Test or Playwright was just installed or updated. ║
    ║ Please run the following command to download new browsers:              ║
    ║                                                                         ║
    ║     npx playwright install                                              ║
    ║                                                                         ║
    ║ <3 Playwright Team                                                      ║
    ╚═════════════════════════════════════════════════════════════════════════╝
]]>
</failure>
</testcase>
<testcase name="Corrected Fallback Comprehensive Tests › should handle API fallbacks gracefully" classname="subset\corrected-tests-remaining.spec.ts" time="0.008">
<failure message="corrected-tests-remaining.spec.ts:222:7 should handle API fallbacks gracefully" type="FAILURE">
<![CDATA[  [firefox] › subset\corrected-tests-remaining.spec.ts:222:7 › Corrected Fallback Comprehensive Tests › should handle API fallbacks gracefully 

    Error: browserType.launch: Executable doesn't exist at C:\Users\JAGZA\AppData\Local\ms-playwright\firefox-1495\firefox\firefox.exe
    ╔═════════════════════════════════════════════════════════════════════════╗
    ║ Looks like Playwright Test or Playwright was just installed or updated. ║
    ║ Please run the following command to download new browsers:              ║
    ║                                                                         ║
    ║     npx playwright install                                              ║
    ║                                                                         ║
    ║ <3 Playwright Team                                                      ║
    ╚═════════════════════════════════════════════════════════════════════════╝
]]>
</failure>
</testcase>
<testcase name="Corrected Media Optimization Tests › should load optimized media" classname="subset\corrected-tests-remaining.spec.ts" time="0.006">
<failure message="corrected-tests-remaining.spec.ts:243:7 should load optimized media" type="FAILURE">
<![CDATA[  [firefox] › subset\corrected-tests-remaining.spec.ts:243:7 › Corrected Media Optimization Tests › should load optimized media 

    Error: browserType.launch: Executable doesn't exist at C:\Users\JAGZA\AppData\Local\ms-playwright\firefox-1495\firefox\firefox.exe
    ╔═════════════════════════════════════════════════════════════════════════╗
    ║ Looks like Playwright Test or Playwright was just installed or updated. ║
    ║ Please run the following command to download new browsers:              ║
    ║                                                                         ║
    ║     npx playwright install                                              ║
    ║                                                                         ║
    ║ <3 Playwright Team                                                      ║
    ╚═════════════════════════════════════════════════════════════════════════╝
]]>
</failure>
</testcase>
<testcase name="Corrected Tenant Isolation Tests › should maintain proper tenant isolation" classname="subset\corrected-tests-remaining.spec.ts" time="0.007">
<failure message="corrected-tests-remaining.spec.ts:264:7 should maintain proper tenant isolation" type="FAILURE">
<![CDATA[  [firefox] › subset\corrected-tests-remaining.spec.ts:264:7 › Corrected Tenant Isolation Tests › should maintain proper tenant isolation 

    Error: browserType.launch: Executable doesn't exist at C:\Users\JAGZA\AppData\Local\ms-playwright\firefox-1495\firefox\firefox.exe
    ╔═════════════════════════════════════════════════════════════════════════╗
    ║ Looks like Playwright Test or Playwright was just installed or updated. ║
    ║ Please run the following command to download new browsers:              ║
    ║                                                                         ║
    ║     npx playwright install                                              ║
    ║                                                                         ║
    ║ <3 Playwright Team                                                      ║
    ╚═════════════════════════════════════════════════════════════════════════╝
]]>
</failure>
</testcase>
<testcase name="Corrected Navigation Flows Tests › should maintain navigation context" classname="subset\corrected-tests-remaining.spec.ts" time="0.008">
<failure message="corrected-tests-remaining.spec.ts:280:7 should maintain navigation context" type="FAILURE">
<![CDATA[  [firefox] › subset\corrected-tests-remaining.spec.ts:280:7 › Corrected Navigation Flows Tests › should maintain navigation context 

    Error: browserType.launch: Executable doesn't exist at C:\Users\JAGZA\AppData\Local\ms-playwright\firefox-1495\firefox\firefox.exe
    ╔═════════════════════════════════════════════════════════════════════════╗
    ║ Looks like Playwright Test or Playwright was just installed or updated. ║
    ║ Please run the following command to download new browsers:              ║
    ║                                                                         ║
    ║     npx playwright install                                              ║
    ║                                                                         ║
    ║ <3 Playwright Team                                                      ║
    ╚═════════════════════════════════════════════════════════════════════════╝
]]>
</failure>
</testcase>
<testcase name="Corrected Core Web Vitals Tests › should measure core web vitals" classname="subset\corrected-tests-remaining.spec.ts" time="0.007">
<failure message="corrected-tests-remaining.spec.ts:305:7 should measure core web vitals" type="FAILURE">
<![CDATA[  [firefox] › subset\corrected-tests-remaining.spec.ts:305:7 › Corrected Core Web Vitals Tests › should measure core web vitals 

    Error: browserType.launch: Executable doesn't exist at C:\Users\JAGZA\AppData\Local\ms-playwright\firefox-1495\firefox\firefox.exe
    ╔═════════════════════════════════════════════════════════════════════════╗
    ║ Looks like Playwright Test or Playwright was just installed or updated. ║
    ║ Please run the following command to download new browsers:              ║
    ║                                                                         ║
    ║     npx playwright install                                              ║
    ║                                                                         ║
    ║ <3 Playwright Team                                                      ║
    ╚═════════════════════════════════════════════════════════════════════════╝
]]>
</failure>
</testcase>
<testcase name="Corrected Self-Healing Validation Tests › should recover from temporary failures" classname="subset\corrected-tests-remaining.spec.ts" time="0.006">
<failure message="corrected-tests-remaining.spec.ts:327:7 should recover from temporary failures" type="FAILURE">
<![CDATA[  [firefox] › subset\corrected-tests-remaining.spec.ts:327:7 › Corrected Self-Healing Validation Tests › should recover from temporary failures 

    Error: browserType.launch: Executable doesn't exist at C:\Users\JAGZA\AppData\Local\ms-playwright\firefox-1495\firefox\firefox.exe
    ╔═════════════════════════════════════════════════════════════════════════╗
    ║ Looks like Playwright Test or Playwright was just installed or updated. ║
    ║ Please run the following command to download new browsers:              ║
    ║                                                                         ║
    ║     npx playwright install                                              ║
    ║                                                                         ║
    ║ <3 Playwright Team                                                      ║
    ╚═════════════════════════════════════════════════════════════════════════╝
]]>
</failure>
</testcase>
<testcase name="Corrected Social Planner Flow Tests › should handle social media scheduling" classname="subset\corrected-tests-remaining.spec.ts" time="0.007">
<failure message="corrected-tests-remaining.spec.ts:351:7 should handle social media scheduling" type="FAILURE">
<![CDATA[  [firefox] › subset\corrected-tests-remaining.spec.ts:351:7 › Corrected Social Planner Flow Tests › should handle social media scheduling 

    Error: browserType.launch: Executable doesn't exist at C:\Users\JAGZA\AppData\Local\ms-playwright\firefox-1495\firefox\firefox.exe
    ╔═════════════════════════════════════════════════════════════════════════╗
    ║ Looks like Playwright Test or Playwright was just installed or updated. ║
    ║ Please run the following command to download new browsers:              ║
    ║                                                                         ║
    ║     npx playwright install                                              ║
    ║                                                                         ║
    ║ <3 Playwright Team                                                      ║
    ╚═════════════════════════════════════════════════════════════════════════╝
]]>
</failure>
</testcase>
<testcase name="Corrected UX Click Budget Tests › should maintain UX click budget" classname="subset\corrected-tests-remaining.spec.ts" time="0.006">
<failure message="corrected-tests-remaining.spec.ts:374:7 should maintain UX click budget" type="FAILURE">
<![CDATA[  [firefox] › subset\corrected-tests-remaining.spec.ts:374:7 › Corrected UX Click Budget Tests › should maintain UX click budget 

    Error: browserType.launch: Executable doesn't exist at C:\Users\JAGZA\AppData\Local\ms-playwright\firefox-1495\firefox\firefox.exe
    ╔═════════════════════════════════════════════════════════════════════════╗
    ║ Looks like Playwright Test or Playwright was just installed or updated. ║
    ║ Please run the following command to download new browsers:              ║
    ║                                                                         ║
    ║     npx playwright install                                              ║
    ║                                                                         ║
    ║ <3 Playwright Team                                                      ║
    ╚═════════════════════════════════════════════════════════════════════════╝
]]>
</failure>
</testcase>
<testcase name="Corrected Product Catalog Isolation Tests › should prevent cross-tenant product access" classname="subset\corrected-tests-remaining.spec.ts" time="0.006">
<failure message="corrected-tests-remaining.spec.ts:402:7 should prevent cross-tenant product access" type="FAILURE">
<![CDATA[  [firefox] › subset\corrected-tests-remaining.spec.ts:402:7 › Corrected Product Catalog Isolation Tests › should prevent cross-tenant product access 

    Error: browserType.launch: Executable doesn't exist at C:\Users\JAGZA\AppData\Local\ms-playwright\firefox-1495\firefox\firefox.exe
    ╔═════════════════════════════════════════════════════════════════════════╗
    ║ Looks like Playwright Test or Playwright was just installed or updated. ║
    ║ Please run the following command to download new browsers:              ║
    ║                                                                         ║
    ║     npx playwright install                                              ║
    ║                                                                         ║
    ║ <3 Playwright Team                                                      ║
    ╚═════════════════════════════════════════════════════════════════════════╝
]]>
</failure>
</testcase>
<testcase name="Corrected Booking System Isolation Tests › should maintain booking isolation between tenants" classname="subset\corrected-tests-remaining.spec.ts" time="0.007">
<failure message="corrected-tests-remaining.spec.ts:420:7 should maintain booking isolation between tenants" type="FAILURE">
<![CDATA[  [firefox] › subset\corrected-tests-remaining.spec.ts:420:7 › Corrected Booking System Isolation Tests › should maintain booking isolation between tenants 

    Error: browserType.launch: Executable doesn't exist at C:\Users\JAGZA\AppData\Local\ms-playwright\firefox-1495\firefox\firefox.exe
    ╔═════════════════════════════════════════════════════════════════════════╗
    ║ Looks like Playwright Test or Playwright was just installed or updated. ║
    ║ Please run the following command to download new browsers:              ║
    ║                                                                         ║
    ║     npx playwright install                                              ║
    ║                                                                         ║
    ║ <3 Playwright Team                                                      ║
    ╚═════════════════════════════════════════════════════════════════════════╝
]]>
</failure>
</testcase>
<testcase name="Corrected Cart Multiple Items Tests › should handle cart operations correctly" classname="subset\corrected-tests-remaining.spec.ts" time="0.009">
<failure message="corrected-tests-remaining.spec.ts:430:7 should handle cart operations correctly" type="FAILURE">
<![CDATA[  [firefox] › subset\corrected-tests-remaining.spec.ts:430:7 › Corrected Cart Multiple Items Tests › should handle cart operations correctly 

    Error: browserType.launch: Executable doesn't exist at C:\Users\JAGZA\AppData\Local\ms-playwright\firefox-1495\firefox\firefox.exe
    ╔═════════════════════════════════════════════════════════════════════════╗
    ║ Looks like Playwright Test or Playwright was just installed or updated. ║
    ║ Please run the following command to download new browsers:              ║
    ║                                                                         ║
    ║     npx playwright install                                              ║
    ║                                                                         ║
    ║ <3 Playwright Team                                                      ║
    ╚═════════════════════════════════════════════════════════════════════════╝
]]>
</failure>
</testcase>
<testcase name="Corrected Payment Timeout Recovery Tests › should handle payment timeouts gracefully" classname="subset\corrected-tests-remaining.spec.ts" time="0.006">
<failure message="corrected-tests-remaining.spec.ts:457:7 should handle payment timeouts gracefully" type="FAILURE">
<![CDATA[  [firefox] › subset\corrected-tests-remaining.spec.ts:457:7 › Corrected Payment Timeout Recovery Tests › should handle payment timeouts gracefully 

    Error: browserType.launch: Executable doesn't exist at C:\Users\JAGZA\AppData\Local\ms-playwright\firefox-1495\firefox\firefox.exe
    ╔═════════════════════════════════════════════════════════════════════════╗
    ║ Looks like Playwright Test or Playwright was just installed or updated. ║
    ║ Please run the following command to download new browsers:              ║
    ║                                                                         ║
    ║     npx playwright install                                              ║
    ║                                                                         ║
    ║ <3 Playwright Team                                                      ║
    ╚═════════════════════════════════════════════════════════════════════════╝
]]>
</failure>
</testcase>
<testcase name="Corrected Mobile Desktop Interactions Tests › should handle responsive interactions" classname="subset\corrected-tests-remaining.spec.ts" time="0.007">
<failure message="corrected-tests-remaining.spec.ts:486:7 should handle responsive interactions" type="FAILURE">
<![CDATA[  [firefox] › subset\corrected-tests-remaining.spec.ts:486:7 › Corrected Mobile Desktop Interactions Tests › should handle responsive interactions 

    Error: browserType.launch: Executable doesn't exist at C:\Users\JAGZA\AppData\Local\ms-playwright\firefox-1495\firefox\firefox.exe
    ╔═════════════════════════════════════════════════════════════════════════╗
    ║ Looks like Playwright Test or Playwright was just installed or updated. ║
    ║ Please run the following command to download new browsers:              ║
    ║                                                                         ║
    ║     npx playwright install                                              ║
    ║                                                                         ║
    ║ <3 Playwright Team                                                      ║
    ╚═════════════════════════════════════════════════════════════════════════╝
]]>
</failure>
</testcase>
<testcase name="Corrected Bundle and Gift Flows Tests › should handle bundle purchase flow" classname="subset\corrected-tests-remaining.spec.ts" time="0.007">
<failure message="corrected-tests-remaining.spec.ts:508:7 should handle bundle purchase flow" type="FAILURE">
<![CDATA[  [firefox] › subset\corrected-tests-remaining.spec.ts:508:7 › Corrected Bundle and Gift Flows Tests › should handle bundle purchase flow 

    Error: browserType.launch: Executable doesn't exist at C:\Users\JAGZA\AppData\Local\ms-playwright\firefox-1495\firefox\firefox.exe
    ╔═════════════════════════════════════════════════════════════════════════╗
    ║ Looks like Playwright Test or Playwright was just installed or updated. ║
    ║ Please run the following command to download new browsers:              ║
    ║                                                                         ║
    ║     npx playwright install                                              ║
    ║                                                                         ║
    ║ <3 Playwright Team                                                      ║
    ╚═════════════════════════════════════════════════════════════════════════╝
]]>
</failure>
</testcase>
<testcase name="Corrected Cost Guards Tests › should enforce cost limit protections" classname="subset\corrected-tests-remaining.spec.ts" time="0.005">
<failure message="corrected-tests-remaining.spec.ts:531:7 should enforce cost limit protections" type="FAILURE">
<![CDATA[  [firefox] › subset\corrected-tests-remaining.spec.ts:531:7 › Corrected Cost Guards Tests › should enforce cost limit protections 

    Error: browserType.launch: Executable doesn't exist at C:\Users\JAGZA\AppData\Local\ms-playwright\firefox-1495\firefox\firefox.exe
    ╔═════════════════════════════════════════════════════════════════════════╗
    ║ Looks like Playwright Test or Playwright was just installed or updated. ║
    ║ Please run the following command to download new browsers:              ║
    ║                                                                         ║
    ║     npx playwright install                                              ║
    ║                                                                         ║
    ║ <3 Playwright Team                                                      ║
    ╚═════════════════════════════════════════════════════════════════════════╝
]]>
</failure>
</testcase>
<testcase name="Corrected Smart Reorder Tests › should handle reorder functionality" classname="subset\corrected-tests-remaining.spec.ts" time="0.005">
<failure message="corrected-tests-remaining.spec.ts:547:7 should handle reorder functionality" type="FAILURE">
<![CDATA[  [firefox] › subset\corrected-tests-remaining.spec.ts:547:7 › Corrected Smart Reorder Tests › should handle reorder functionality 

    Error: browserType.launch: Executable doesn't exist at C:\Users\JAGZA\AppData\Local\ms-playwright\firefox-1495\firefox\firefox.exe
    ╔═════════════════════════════════════════════════════════════════════════╗
    ║ Looks like Playwright Test or Playwright was just installed or updated. ║
    ║ Please run the following command to download new browsers:              ║
    ║                                                                         ║
    ║     npx playwright install                                              ║
    ║                                                                         ║
    ║ <3 Playwright Team                                                      ║
    ╚═════════════════════════════════════════════════════════════════════════╝
]]>
</failure>
</testcase>
<testcase name="Corrected SEO Optimization Tests › should have proper SEO elements" classname="subset\corrected-tests-remaining.spec.ts" time="0.006">
<failure message="corrected-tests-remaining.spec.ts:566:7 should have proper SEO elements" type="FAILURE">
<![CDATA[  [firefox] › subset\corrected-tests-remaining.spec.ts:566:7 › Corrected SEO Optimization Tests › should have proper SEO elements 

    Error: browserType.launch: Executable doesn't exist at C:\Users\JAGZA\AppData\Local\ms-playwright\firefox-1495\firefox\firefox.exe
    ╔═════════════════════════════════════════════════════════════════════════╗
    ║ Looks like Playwright Test or Playwright was just installed or updated. ║
    ║ Please run the following command to download new browsers:              ║
    ║                                                                         ║
    ║     npx playwright install                                              ║
    ║                                                                         ║
    ║ <3 Playwright Team                                                      ║
    ╚═════════════════════════════════════════════════════════════════════════╝
]]>
</failure>
</testcase>
<testcase name="Corrected Additional Navigation Tests › should maintain navigation state" classname="subset\corrected-tests-remaining.spec.ts" time="0.006">
<failure message="corrected-tests-remaining.spec.ts:588:7 should maintain navigation state" type="FAILURE">
<![CDATA[  [firefox] › subset\corrected-tests-remaining.spec.ts:588:7 › Corrected Additional Navigation Tests › should maintain navigation state 

    Error: browserType.launch: Executable doesn't exist at C:\Users\JAGZA\AppData\Local\ms-playwright\firefox-1495\firefox\firefox.exe
    ╔═════════════════════════════════════════════════════════════════════════╗
    ║ Looks like Playwright Test or Playwright was just installed or updated. ║
    ║ Please run the following command to download new browsers:              ║
    ║                                                                         ║
    ║     npx playwright install                                              ║
    ║                                                                         ║
    ║ <3 Playwright Team                                                      ║
    ╚═════════════════════════════════════════════════════════════════════════╝
]]>
</failure>
</testcase>
<testcase name="Corrected Mobile Performance Budget Tests › should meet mobile performance budgets" classname="subset\corrected-tests-remaining.spec.ts" time="0.006">
<failure message="corrected-tests-remaining.spec.ts:610:7 should meet mobile performance budgets" type="FAILURE">
<![CDATA[  [firefox] › subset\corrected-tests-remaining.spec.ts:610:7 › Corrected Mobile Performance Budget Tests › should meet mobile performance budgets 

    Error: browserType.launch: Executable doesn't exist at C:\Users\JAGZA\AppData\Local\ms-playwright\firefox-1495\firefox\firefox.exe
    ╔═════════════════════════════════════════════════════════════════════════╗
    ║ Looks like Playwright Test or Playwright was just installed or updated. ║
    ║ Please run the following command to download new browsers:              ║
    ║                                                                         ║
    ║     npx playwright install                                              ║
    ║                                                                         ║
    ║ <3 Playwright Team                                                      ║
    ╚═════════════════════════════════════════════════════════════════════════╝
]]>
</failure>
</testcase>
<testcase name="Corrected Register Flow Tests › should handle user registration" classname="subset\corrected-tests-remaining.spec.ts" time="0.007">
<failure message="corrected-tests-remaining.spec.ts:626:7 should handle user registration" type="FAILURE">
<![CDATA[  [firefox] › subset\corrected-tests-remaining.spec.ts:626:7 › Corrected Register Flow Tests › should handle user registration 

    Error: browserType.launch: Executable doesn't exist at C:\Users\JAGZA\AppData\Local\ms-playwright\firefox-1495\firefox\firefox.exe
    ╔═════════════════════════════════════════════════════════════════════════╗
    ║ Looks like Playwright Test or Playwright was just installed or updated. ║
    ║ Please run the following command to download new browsers:              ║
    ║                                                                         ║
    ║     npx playwright install                                              ║
    ║                                                                         ║
    ║ <3 Playwright Team                                                      ║
    ╚═════════════════════════════════════════════════════════════════════════╝
]]>
</failure>
</testcase>
<testcase name="Corrected Quick and Recurring Booking Tests › should handle recurring booking setup" classname="subset\corrected-tests-remaining.spec.ts" time="0.006">
<failure message="corrected-tests-remaining.spec.ts:666:7 should handle recurring booking setup" type="FAILURE">
<![CDATA[  [firefox] › subset\corrected-tests-remaining.spec.ts:666:7 › Corrected Quick and Recurring Booking Tests › should handle recurring booking setup 

    Error: browserType.launch: Executable doesn't exist at C:\Users\JAGZA\AppData\Local\ms-playwright\firefox-1495\firefox\firefox.exe
    ╔═════════════════════════════════════════════════════════════════════════╗
    ║ Looks like Playwright Test or Playwright was just installed or updated. ║
    ║ Please run the following command to download new browsers:              ║
    ║                                                                         ║
    ║     npx playwright install                                              ║
    ║                                                                         ║
    ║ <3 Playwright Team                                                      ║
    ╚═════════════════════════════════════════════════════════════════════════╝
]]>
</failure>
</testcase>
<testcase name="Corrected Tenant Isolation Extended Tests › should isolate tenant data correctly" classname="subset\corrected-tests-remaining.spec.ts" time="0.005">
<failure message="corrected-tests-remaining.spec.ts:687:7 should isolate tenant data correctly" type="FAILURE">
<![CDATA[  [firefox] › subset\corrected-tests-remaining.spec.ts:687:7 › Corrected Tenant Isolation Extended Tests › should isolate tenant data correctly 

    Error: browserType.launch: Executable doesn't exist at C:\Users\JAGZA\AppData\Local\ms-playwright\firefox-1495\firefox\firefox.exe
    ╔═════════════════════════════════════════════════════════════════════════╗
    ║ Looks like Playwright Test or Playwright was just installed or updated. ║
    ║ Please run the following command to download new browsers:              ║
    ║                                                                         ║
    ║     npx playwright install                                              ║
    ║                                                                         ║
    ║ <3 Playwright Team                                                      ║
    ╚═════════════════════════════════════════════════════════════════════════╝
]]>
</failure>
</testcase>
</testsuite>
<testsuite name="subset\corrected-tests.spec.ts" timestamp="2025-10-29T19:08:05.826Z" hostname="firefox" tests="6" failures="6" skipped="0" time="0.04" errors="0">
<testcase name="Corrected Accessibility Tests › Screen reader support should be comprehensive with proper error handling" classname="subset\corrected-tests.spec.ts" time="0.006">
<failure message="corrected-tests.spec.ts:9:7 Screen reader support should be comprehensive with proper error handling" type="FAILURE">
<![CDATA[  [firefox] › subset\corrected-tests.spec.ts:9:7 › Corrected Accessibility Tests › Screen reader support should be comprehensive with proper error handling 

    Error: browserType.launch: Executable doesn't exist at C:\Users\JAGZA\AppData\Local\ms-playwright\firefox-1495\firefox\firefox.exe
    ╔═════════════════════════════════════════════════════════════════════════╗
    ║ Looks like Playwright Test or Playwright was just installed or updated. ║
    ║ Please run the following command to download new browsers:              ║
    ║                                                                         ║
    ║     npx playwright install                                              ║
    ║                                                                         ║
    ║ <3 Playwright Team                                                      ║
    ╚═════════════════════════════════════════════════════════════════════════╝
]]>
</failure>
</testcase>
<testcase name="Corrected Accessibility Tests › Color contrast should meet WCAG requirements with better error handling" classname="subset\corrected-tests.spec.ts" time="0.007">
<failure message="corrected-tests.spec.ts:62:7 Color contrast should meet WCAG requirements with better error handling" type="FAILURE">
<![CDATA[  [firefox] › subset\corrected-tests.spec.ts:62:7 › Corrected Accessibility Tests › Color contrast should meet WCAG requirements with better error handling 

    Error: browserType.launch: Executable doesn't exist at C:\Users\JAGZA\AppData\Local\ms-playwright\firefox-1495\firefox\firefox.exe
    ╔═════════════════════════════════════════════════════════════════════════╗
    ║ Looks like Playwright Test or Playwright was just installed or updated. ║
    ║ Please run the following command to download new browsers:              ║
    ║                                                                         ║
    ║     npx playwright install                                              ║
    ║                                                                         ║
    ║ <3 Playwright Team                                                      ║
    ╚═════════════════════════════════════════════════════════════════════════╝
]]>
</failure>
</testcase>
<testcase name="Corrected Quick Service Booking - 2 Click Budget › should handle missing elements gracefully in booking flow" classname="subset\corrected-tests.spec.ts" time="0.007">
<failure message="corrected-tests.spec.ts:132:7 should handle missing elements gracefully in booking flow" type="FAILURE">
<![CDATA[  [firefox] › subset\corrected-tests.spec.ts:132:7 › Corrected Quick Service Booking - 2 Click Budget › should handle missing elements gracefully in booking flow 

    Error: browserType.launch: Executable doesn't exist at C:\Users\JAGZA\AppData\Local\ms-playwright\firefox-1495\firefox\firefox.exe
    ╔═════════════════════════════════════════════════════════════════════════╗
    ║ Looks like Playwright Test or Playwright was just installed or updated. ║
    ║ Please run the following command to download new browsers:              ║
    ║                                                                         ║
    ║     npx playwright install                                              ║
    ║                                                                         ║
    ║ <3 Playwright Team                                                      ║
    ╚═════════════════════════════════════════════════════════════════════════╝
]]>
</failure>
</testcase>
<testcase name="Corrected Bundle Purchase with Cross-Sell - 3 Click Budget › should handle missing bundle elements gracefully" classname="subset\corrected-tests.spec.ts" time="0.006">
<failure message="corrected-tests.spec.ts:207:7 should handle missing bundle elements gracefully" type="FAILURE">
<![CDATA[  [firefox] › subset\corrected-tests.spec.ts:207:7 › Corrected Bundle Purchase with Cross-Sell - 3 Click Budget › should handle missing bundle elements gracefully 

    Error: browserType.launch: Executable doesn't exist at C:\Users\JAGZA\AppData\Local\ms-playwright\firefox-1495\firefox\firefox.exe
    ╔═════════════════════════════════════════════════════════════════════════╗
    ║ Looks like Playwright Test or Playwright was just installed or updated. ║
    ║ Please run the following command to download new browsers:              ║
    ║                                                                         ║
    ║     npx playwright install                                              ║
    ║                                                                         ║
    ║ <3 Playwright Team                                                      ║
    ╚═════════════════════════════════════════════════════════════════════════╝
]]>
</failure>
</testcase>
<testcase name="Corrected Product Catalog Tenant Isolation › should handle missing search elements gracefully" classname="subset\corrected-tests.spec.ts" time="0.007">
<failure message="corrected-tests.spec.ts:278:7 should handle missing search elements gracefully" type="FAILURE">
<![CDATA[  [firefox] › subset\corrected-tests.spec.ts:278:7 › Corrected Product Catalog Tenant Isolation › should handle missing search elements gracefully 

    Error: browserType.launch: Executable doesn't exist at C:\Users\JAGZA\AppData\Local\ms-playwright\firefox-1495\firefox\firefox.exe
    ╔═════════════════════════════════════════════════════════════════════════╗
    ║ Looks like Playwright Test or Playwright was just installed or updated. ║
    ║ Please run the following command to download new browsers:              ║
    ║                                                                         ║
    ║     npx playwright install                                              ║
    ║                                                                         ║
    ║ <3 Playwright Team                                                      ║
    ╚═════════════════════════════════════════════════════════════════════════╝
]]>
</failure>
</testcase>
<testcase name="Corrected Payment Gateway Timeout Recovery › should handle payment timeout with proper error checking" classname="subset\corrected-tests.spec.ts" time="0.007">
<failure message="corrected-tests.spec.ts:313:7 should handle payment timeout with proper error checking" type="FAILURE">
<![CDATA[  [firefox] › subset\corrected-tests.spec.ts:313:7 › Corrected Payment Gateway Timeout Recovery › should handle payment timeout with proper error checking 

    Error: browserType.launch: Executable doesn't exist at C:\Users\JAGZA\AppData\Local\ms-playwright\firefox-1495\firefox\firefox.exe
    ╔═════════════════════════════════════════════════════════════════════════╗
    ║ Looks like Playwright Test or Playwright was just installed or updated. ║
    ║ Please run the following command to download new browsers:              ║
    ║                                                                         ║
    ║     npx playwright install                                              ║
    ║                                                                         ║
    ║ <3 Playwright Team                                                      ║
    ╚═════════════════════════════════════════════════════════════════════════╝
]]>
</failure>
</testcase>
</testsuite>
<testsuite name="subset\need-human.e2e.ts" timestamp="2025-10-29T19:08:05.826Z" hostname="firefox" tests="5" failures="5" skipped="0" time="0.031" errors="0">
<testcase name="NEED=HUMAN E2E Validation › should trigger NEED=HUMAN when data-testid is missing" classname="subset\need-human.e2e.ts" time="0.007">
<failure message="need-human.e2e.ts:10:7 should trigger NEED=HUMAN when data-testid is missing" type="FAILURE">
<![CDATA[  [firefox] › subset\need-human.e2e.ts:10:7 › NEED=HUMAN E2E Validation › should trigger NEED=HUMAN when data-testid is missing 

    Error: browserType.launch: Executable doesn't exist at C:\Users\JAGZA\AppData\Local\ms-playwright\firefox-1495\firefox\firefox.exe
    ╔═════════════════════════════════════════════════════════════════════════╗
    ║ Looks like Playwright Test or Playwright was just installed or updated. ║
    ║ Please run the following command to download new browsers:              ║
    ║                                                                         ║
    ║     npx playwright install                                              ║
    ║                                                                         ║
    ║ <3 Playwright Team                                                      ║
    ╚═════════════════════════════════════════════════════════════════════════╝
]]>
</failure>
</testcase>
<testcase name="NEED=HUMAN E2E Validation › should validate color log output in console" classname="subset\need-human.e2e.ts" time="0.006">
<failure message="need-human.e2e.ts:100:7 should validate color log output in console" type="FAILURE">
<![CDATA[  [firefox] › subset\need-human.e2e.ts:100:7 › NEED=HUMAN E2E Validation › should validate color log output in console 

    Error: browserType.launch: Executable doesn't exist at C:\Users\JAGZA\AppData\Local\ms-playwright\firefox-1495\firefox\firefox.exe
    ╔═════════════════════════════════════════════════════════════════════════╗
    ║ Looks like Playwright Test or Playwright was just installed or updated. ║
    ║ Please run the following command to download new browsers:              ║
    ║                                                                         ║
    ║     npx playwright install                                              ║
    ║                                                                         ║
    ║ <3 Playwright Team                                                      ║
    ╚═════════════════════════════════════════════════════════════════════════╝
]]>
</failure>
</testcase>
<testcase name="NEED=HUMAN E2E Validation › should handle missing configuration gracefully" classname="subset\need-human.e2e.ts" time="0.006">
<failure message="need-human.e2e.ts:147:7 should handle missing configuration gracefully" type="FAILURE">
<![CDATA[  [firefox] › subset\need-human.e2e.ts:147:7 › NEED=HUMAN E2E Validation › should handle missing configuration gracefully 

    Error: browserType.launch: Executable doesn't exist at C:\Users\JAGZA\AppData\Local\ms-playwright\firefox-1495\firefox\firefox.exe
    ╔═════════════════════════════════════════════════════════════════════════╗
    ║ Looks like Playwright Test or Playwright was just installed or updated. ║
    ║ Please run the following command to download new browsers:              ║
    ║                                                                         ║
    ║     npx playwright install                                              ║
    ║                                                                         ║
    ║ <3 Playwright Team                                                      ║
    ╚═════════════════════════════════════════════════════════════════════════╝
]]>
</failure>
</testcase>
<testcase name="NEED=HUMAN E2E Validation › should validate API error handling" classname="subset\need-human.e2e.ts" time="0.006">
<failure message="need-human.e2e.ts:179:7 should validate API error handling" type="FAILURE">
<![CDATA[  [firefox] › subset\need-human.e2e.ts:179:7 › NEED=HUMAN E2E Validation › should validate API error handling 

    Error: browserType.launch: Executable doesn't exist at C:\Users\JAGZA\AppData\Local\ms-playwright\firefox-1495\firefox\firefox.exe
    ╔═════════════════════════════════════════════════════════════════════════╗
    ║ Looks like Playwright Test or Playwright was just installed or updated. ║
    ║ Please run the following command to download new browsers:              ║
    ║                                                                         ║
    ║     npx playwright install                                              ║
    ║                                                                         ║
    ║ <3 Playwright Team                                                      ║
    ╚═════════════════════════════════════════════════════════════════════════╝
]]>
</failure>
</testcase>
<testcase name="NEED=HUMAN Resolution Simulation › should pass after data-testid is added" classname="subset\need-human.e2e.ts" time="0.006">
<failure message="need-human.e2e.ts:218:7 should pass after data-testid is added" type="FAILURE">
<![CDATA[  [firefox] › subset\need-human.e2e.ts:218:7 › NEED=HUMAN Resolution Simulation › should pass after data-testid is added 

    Error: browserType.launch: Executable doesn't exist at C:\Users\JAGZA\AppData\Local\ms-playwright\firefox-1495\firefox\firefox.exe
    ╔═════════════════════════════════════════════════════════════════════════╗
    ║ Looks like Playwright Test or Playwright was just installed or updated. ║
    ║ Please run the following command to download new browsers:              ║
    ║                                                                         ║
    ║     npx playwright install                                              ║
    ║                                                                         ║
    ║ <3 Playwright Team                                                      ║
    ╚═════════════════════════════════════════════════════════════════════════╝
]]>
</failure>
</testcase>
</testsuite>
<testsuite name="subset\wondernails-isolation.e2e.ts" timestamp="2025-10-29T19:08:05.826Z" hostname="firefox" tests="5" failures="5" skipped="0" time="0.032" errors="0">
<testcase name="Wondernails - Aislamiento de Widgets › debe mostrar HeroWondernails con aislamiento completo en /t/wondernails" classname="subset\wondernails-isolation.e2e.ts" time="0.006">
<failure message="wondernails-isolation.e2e.ts:4:7 debe mostrar HeroWondernails con aislamiento completo en /t/wondernails" type="FAILURE">
<![CDATA[  [firefox] › subset\wondernails-isolation.e2e.ts:4:7 › Wondernails - Aislamiento de Widgets › debe mostrar HeroWondernails con aislamiento completo en /t/wondernails 

    Error: browserType.launch: Executable doesn't exist at C:\Users\JAGZA\AppData\Local\ms-playwright\firefox-1495\firefox\firefox.exe
    ╔═════════════════════════════════════════════════════════════════════════╗
    ║ Looks like Playwright Test or Playwright was just installed or updated. ║
    ║ Please run the following command to download new browsers:              ║
    ║                                                                         ║
    ║     npx playwright install                                              ║
    ║                                                                         ║
    ║ <3 Playwright Team                                                      ║
    ╚═════════════════════════════════════════════════════════════════════════╝
]]>
</failure>
</testcase>
<testcase name="Wondernails - Aislamiento de Widgets › NO debe mostrar estilos de Wondernails en /t/nom-nom" classname="subset\wondernails-isolation.e2e.ts" time="0.006">
<failure message="wondernails-isolation.e2e.ts:30:7 NO debe mostrar estilos de Wondernails en /t/nom-nom" type="FAILURE">
<![CDATA[  [firefox] › subset\wondernails-isolation.e2e.ts:30:7 › Wondernails - Aislamiento de Widgets › NO debe mostrar estilos de Wondernails en /t/nom-nom 

    Error: browserType.launch: Executable doesn't exist at C:\Users\JAGZA\AppData\Local\ms-playwright\firefox-1495\firefox\firefox.exe
    ╔═════════════════════════════════════════════════════════════════════════╗
    ║ Looks like Playwright Test or Playwright was just installed or updated. ║
    ║ Please run the following command to download new browsers:              ║
    ║                                                                         ║
    ║     npx playwright install                                              ║
    ║                                                                         ║
    ║ <3 Playwright Team                                                      ║
    ╚═════════════════════════════════════════════════════════════════════════╝
]]>
</failure>
</testcase>
<testcase name="Wondernails - Aislamiento de Widgets › debe verificar variables CSS locales en Wondernails" classname="subset\wondernails-isolation.e2e.ts" time="0.007">
<failure message="wondernails-isolation.e2e.ts:89:7 debe verificar variables CSS locales en Wondernails" type="FAILURE">
<![CDATA[  [firefox] › subset\wondernails-isolation.e2e.ts:89:7 › Wondernails - Aislamiento de Widgets › debe verificar variables CSS locales en Wondernails 

    Error: browserType.launch: Executable doesn't exist at C:\Users\JAGZA\AppData\Local\ms-playwright\firefox-1495\firefox\firefox.exe
    ╔═════════════════════════════════════════════════════════════════════════╗
    ║ Looks like Playwright Test or Playwright was just installed or updated. ║
    ║ Please run the following command to download new browsers:              ║
    ║                                                                         ║
    ║     npx playwright install                                              ║
    ║                                                                         ║
    ║ <3 Playwright Team                                                      ║
    ╚═════════════════════════════════════════════════════════════════════════╝
]]>
</failure>
</testcase>
<testcase name="Wondernails - Aislamiento de Widgets › debe verificar que las variables NO afectan el :root global" classname="subset\wondernails-isolation.e2e.ts" time="0.007">
<failure message="wondernails-isolation.e2e.ts:116:7 debe verificar que las variables NO afectan el :root global" type="FAILURE">
<![CDATA[  [firefox] › subset\wondernails-isolation.e2e.ts:116:7 › Wondernails - Aislamiento de Widgets › debe verificar que las variables NO afectan el :root global 

    Error: browserType.launch: Executable doesn't exist at C:\Users\JAGZA\AppData\Local\ms-playwright\firefox-1495\firefox\firefox.exe
    ╔═════════════════════════════════════════════════════════════════════════╗
    ║ Looks like Playwright Test or Playwright was just installed or updated. ║
    ║ Please run the following command to download new browsers:              ║
    ║                                                                         ║
    ║     npx playwright install                                              ║
    ║                                                                         ║
    ║ <3 Playwright Team                                                      ║
    ╚═════════════════════════════════════════════════════════════════════════╝
]]>
</failure>
</testcase>
<testcase name="Wondernails - Aislamiento de Widgets › debe verificar compatibilidad con prefers-reduced-motion" classname="subset\wondernails-isolation.e2e.ts" time="0.006">
<failure message="wondernails-isolation.e2e.ts:137:7 debe verificar compatibilidad con prefers-reduced-motion" type="FAILURE">
<![CDATA[  [firefox] › subset\wondernails-isolation.e2e.ts:137:7 › Wondernails - Aislamiento de Widgets › debe verificar compatibilidad con prefers-reduced-motion 

    Error: browserType.launch: Executable doesn't exist at C:\Users\JAGZA\AppData\Local\ms-playwright\firefox-1495\firefox\firefox.exe
    ╔═════════════════════════════════════════════════════════════════════════╗
    ║ Looks like Playwright Test or Playwright was just installed or updated. ║
    ║ Please run the following command to download new browsers:              ║
    ║                                                                         ║
    ║     npx playwright install                                              ║
    ║                                                                         ║
    ║ <3 Playwright Team                                                      ║
    ╚═════════════════════════════════════════════════════════════════════════╝
]]>
</failure>
</testcase>
</testsuite>
<testsuite name="subset\wondernails-reduced-motion.e2e.ts" timestamp="2025-10-29T19:08:05.826Z" hostname="firefox" tests="8" failures="8" skipped="0" time="0.056" errors="0">
<testcase name="Wondernails - Reduced Motion Compliance › debe desactivar auto-rotación con prefers-reduced-motion" classname="subset\wondernails-reduced-motion.e2e.ts" time="0.006">
<failure message="wondernails-reduced-motion.e2e.ts:4:7 debe desactivar auto-rotación con prefers-reduced-motion" type="FAILURE">
<![CDATA[  [firefox] › subset\wondernails-reduced-motion.e2e.ts:4:7 › Wondernails - Reduced Motion Compliance › debe desactivar auto-rotación con prefers-reduced-motion 

    Error: browserType.launch: Executable doesn't exist at C:\Users\JAGZA\AppData\Local\ms-playwright\firefox-1495\firefox\firefox.exe
    ╔═════════════════════════════════════════════════════════════════════════╗
    ║ Looks like Playwright Test or Playwright was just installed or updated. ║
    ║ Please run the following command to download new browsers:              ║
    ║                                                                         ║
    ║     npx playwright install                                              ║
    ║                                                                         ║
    ║ <3 Playwright Team                                                      ║
    ╚═════════════════════════════════════════════════════════════════════════╝
]]>
</failure>
</testcase>
<testcase name="Wondernails - Reduced Motion Compliance › debe usar transiciones fade cortas en lugar de animaciones complejas" classname="subset\wondernails-reduced-motion.e2e.ts" time="0.007">
<failure message="wondernails-reduced-motion.e2e.ts:25:7 debe usar transiciones fade cortas en lugar de animaciones complejas" type="FAILURE">
<![CDATA[  [firefox] › subset\wondernails-reduced-motion.e2e.ts:25:7 › Wondernails - Reduced Motion Compliance › debe usar transiciones fade cortas en lugar de animaciones complejas 

    Error: browserType.launch: Executable doesn't exist at C:\Users\JAGZA\AppData\Local\ms-playwright\firefox-1495\firefox\firefox.exe
    ╔═════════════════════════════════════════════════════════════════════════╗
    ║ Looks like Playwright Test or Playwright was just installed or updated. ║
    ║ Please run the following command to download new browsers:              ║
    ║                                                                         ║
    ║     npx playwright install                                              ║
    ║                                                                         ║
    ║ <3 Playwright Team                                                      ║
    ╚═════════════════════════════════════════════════════════════════════════╝
]]>
</failure>
</testcase>
<testcase name="Wondernails - Reduced Motion Compliance › navegación manual debe usar fade corto (120-160ms)" classname="subset\wondernails-reduced-motion.e2e.ts" time="0.006">
<failure message="wondernails-reduced-motion.e2e.ts:56:7 navegación manual debe usar fade corto (120-160ms)" type="FAILURE">
<![CDATA[  [firefox] › subset\wondernails-reduced-motion.e2e.ts:56:7 › Wondernails - Reduced Motion Compliance › navegación manual debe usar fade corto (120-160ms) 

    Error: browserType.launch: Executable doesn't exist at C:\Users\JAGZA\AppData\Local\ms-playwright\firefox-1495\firefox\firefox.exe
    ╔═════════════════════════════════════════════════════════════════════════╗
    ║ Looks like Playwright Test or Playwright was just installed or updated. ║
    ║ Please run the following command to download new browsers:              ║
    ║                                                                         ║
    ║     npx playwright install                                              ║
    ║                                                                         ║
    ║ <3 Playwright Team                                                      ║
    ╚═════════════════════════════════════════════════════════════════════════╝
]]>
</failure>
</testcase>
<testcase name="Wondernails - Reduced Motion Compliance › debe eliminar efectos de parallax con reduced motion" classname="subset\wondernails-reduced-motion.e2e.ts" time="0.005">
<failure message="wondernails-reduced-motion.e2e.ts:84:7 debe eliminar efectos de parallax con reduced motion" type="FAILURE">
<![CDATA[  [firefox] › subset\wondernails-reduced-motion.e2e.ts:84:7 › Wondernails - Reduced Motion Compliance › debe eliminar efectos de parallax con reduced motion 

    Error: browserType.launch: Executable doesn't exist at C:\Users\JAGZA\AppData\Local\ms-playwright\firefox-1495\firefox\firefox.exe
    ╔═════════════════════════════════════════════════════════════════════════╗
    ║ Looks like Playwright Test or Playwright was just installed or updated. ║
    ║ Please run the following command to download new browsers:              ║
    ║                                                                         ║
    ║     npx playwright install                                              ║
    ║                                                                         ║
    ║ <3 Playwright Team                                                      ║
    ╚═════════════════════════════════════════════════════════════════════════╝
]]>
</failure>
</testcase>
<testcase name="Wondernails - Reduced Motion Compliance › debe eliminar efectos de blur y overshoot" classname="subset\wondernails-reduced-motion.e2e.ts" time="0.008">
<failure message="wondernails-reduced-motion.e2e.ts:111:7 debe eliminar efectos de blur y overshoot" type="FAILURE">
<![CDATA[  [firefox] › subset\wondernails-reduced-motion.e2e.ts:111:7 › Wondernails - Reduced Motion Compliance › debe eliminar efectos de blur y overshoot 

    Error: browserType.launch: Executable doesn't exist at C:\Users\JAGZA\AppData\Local\ms-playwright\firefox-1495\firefox\firefox.exe
    ╔═════════════════════════════════════════════════════════════════════════╗
    ║ Looks like Playwright Test or Playwright was just installed or updated. ║
    ║ Please run the following command to download new browsers:              ║
    ║                                                                         ║
    ║     npx playwright install                                              ║
    ║                                                                         ║
    ║ <3 Playwright Team                                                      ║
    ╚═════════════════════════════════════════════════════════════════════════╝
]]>
</failure>
</testcase>
<testcase name="Wondernails - Reduced Motion Compliance › debe mantener funcionalidad básica con reduced motion" classname="subset\wondernails-reduced-motion.e2e.ts" time="0.01">
<failure message="wondernails-reduced-motion.e2e.ts:153:7 debe mantener funcionalidad básica con reduced motion" type="FAILURE">
<![CDATA[  [firefox] › subset\wondernails-reduced-motion.e2e.ts:153:7 › Wondernails - Reduced Motion Compliance › debe mantener funcionalidad básica con reduced motion 

    Error: browserType.launch: Executable doesn't exist at C:\Users\JAGZA\AppData\Local\ms-playwright\firefox-1495\firefox\firefox.exe
    ╔═════════════════════════════════════════════════════════════════════════╗
    ║ Looks like Playwright Test or Playwright was just installed or updated. ║
    ║ Please run the following command to download new browsers:              ║
    ║                                                                         ║
    ║     npx playwright install                                              ║
    ║                                                                         ║
    ║ <3 Playwright Team                                                      ║
    ╚═════════════════════════════════════════════════════════════════════════╝
]]>
</failure>
</testcase>
<testcase name="Wondernails - Reduced Motion Compliance › debe respetar configuración del sistema operativo" classname="subset\wondernails-reduced-motion.e2e.ts" time="0.008">
<failure message="wondernails-reduced-motion.e2e.ts:200:7 debe respetar configuración del sistema operativo" type="FAILURE">
<![CDATA[  [firefox] › subset\wondernails-reduced-motion.e2e.ts:200:7 › Wondernails - Reduced Motion Compliance › debe respetar configuración del sistema operativo 

    Error: browserType.launch: Executable doesn't exist at C:\Users\JAGZA\AppData\Local\ms-playwright\firefox-1495\firefox\firefox.exe
    ╔═════════════════════════════════════════════════════════════════════════╗
    ║ Looks like Playwright Test or Playwright was just installed or updated. ║
    ║ Please run the following command to download new browsers:              ║
    ║                                                                         ║
    ║     npx playwright install                                              ║
    ║                                                                         ║
    ║ <3 Playwright Team                                                      ║
    ╚═════════════════════════════════════════════════════════════════════════╝
]]>
</failure>
</testcase>
<testcase name="Wondernails - Reduced Motion Compliance › debe mostrar notificación visual para usuarios con reduced motion habilitado" classname="subset\wondernails-reduced-motion.e2e.ts" time="0.006">
<failure message="wondernails-reduced-motion.e2e.ts:237:7 debe mostrar notificación visual para usuarios con reduced motion habilitado" type="FAILURE">
<![CDATA[  [firefox] › subset\wondernails-reduced-motion.e2e.ts:237:7 › Wondernails - Reduced Motion Compliance › debe mostrar notificación visual para usuarios con reduced motion habilitado 

    Error: browserType.launch: Executable doesn't exist at C:\Users\JAGZA\AppData\Local\ms-playwright\firefox-1495\firefox\firefox.exe
    ╔═════════════════════════════════════════════════════════════════════════╗
    ║ Looks like Playwright Test or Playwright was just installed or updated. ║
    ║ Please run the following command to download new browsers:              ║
    ║                                                                         ║
    ║     npx playwright install                                              ║
    ║                                                                         ║
    ║ <3 Playwright Team                                                      ║
    ╚═════════════════════════════════════════════════════════════════════════╝
]]>
</failure>
</testcase>
</testsuite>
<testsuite name="subset\wondernails-ux-budget.e2e.ts" timestamp="2025-10-29T19:08:05.826Z" hostname="firefox" tests="7" failures="7" skipped="0" time="0.05" errors="0">
<testcase name="Wondernails - UX Budget (Presupuesto de Clics) › CTA primario debe ser visible sin hover (0 clics)" classname="subset\wondernails-ux-budget.e2e.ts" time="0.006">
<failure message="wondernails-ux-budget.e2e.ts:9:7 CTA primario debe ser visible sin hover (0 clics)" type="FAILURE">
<![CDATA[  [firefox] › subset\wondernails-ux-budget.e2e.ts:9:7 › Wondernails - UX Budget (Presupuesto de Clics) › CTA primario debe ser visible sin hover (0 clics) 

    Error: browserType.launch: Executable doesn't exist at C:\Users\JAGZA\AppData\Local\ms-playwright\firefox-1495\firefox\firefox.exe
    ╔═════════════════════════════════════════════════════════════════════════╗
    ║ Looks like Playwright Test or Playwright was just installed or updated. ║
    ║ Please run the following command to download new browsers:              ║
    ║                                                                         ║
    ║     npx playwright install                                              ║
    ║                                                                         ║
    ║ <3 Playwright Team                                                      ║
    ╚═════════════════════════════════════════════════════════════════════════╝
]]>
</failure>
</testcase>
<testcase name="Wondernails - UX Budget (Presupuesto de Clics) › flujo de reserva debe completarse en máximo 3 clics" classname="subset\wondernails-ux-budget.e2e.ts" time="0.006">
<failure message="wondernails-ux-budget.e2e.ts:37:7 flujo de reserva debe completarse en máximo 3 clics" type="FAILURE">
<![CDATA[  [firefox] › subset\wondernails-ux-budget.e2e.ts:37:7 › Wondernails - UX Budget (Presupuesto de Clics) › flujo de reserva debe completarse en máximo 3 clics 

    Error: browserType.launch: Executable doesn't exist at C:\Users\JAGZA\AppData\Local\ms-playwright\firefox-1495\firefox\firefox.exe
    ╔═════════════════════════════════════════════════════════════════════════╗
    ║ Looks like Playwright Test or Playwright was just installed or updated. ║
    ║ Please run the following command to download new browsers:              ║
    ║                                                                         ║
    ║     npx playwright install                                              ║
    ║                                                                         ║
    ║ <3 Playwright Team                                                      ║
    ╚═════════════════════════════════════════════════════════════════════════╝
]]>
</failure>
</testcase>
<testcase name="Wondernails - UX Budget (Presupuesto de Clics) › flujo de compra debe completarse en máximo 2 clics" classname="subset\wondernails-ux-budget.e2e.ts" time="0.007">
<failure message="wondernails-ux-budget.e2e.ts:75:7 flujo de compra debe completarse en máximo 2 clics" type="FAILURE">
<![CDATA[  [firefox] › subset\wondernails-ux-budget.e2e.ts:75:7 › Wondernails - UX Budget (Presupuesto de Clics) › flujo de compra debe completarse en máximo 2 clics 

    Error: browserType.launch: Executable doesn't exist at C:\Users\JAGZA\AppData\Local\ms-playwright\firefox-1495\firefox\firefox.exe
    ╔═════════════════════════════════════════════════════════════════════════╗
    ║ Looks like Playwright Test or Playwright was just installed or updated. ║
    ║ Please run the following command to download new browsers:              ║
    ║                                                                         ║
    ║     npx playwright install                                              ║
    ║                                                                         ║
    ║ <3 Playwright Team                                                      ║
    ╚═════════════════════════════════════════════════════════════════════════╝
]]>
</failure>
</testcase>
<testcase name="Wondernails - UX Budget (Presupuesto de Clics) › flujo de &quot;ver detalles&quot; debe completarse en máximo 1 clic" classname="subset\wondernails-ux-budget.e2e.ts" time="0.009">
<failure message="wondernails-ux-budget.e2e.ts:113:7 flujo de &quot;ver detalles&quot; debe completarse en máximo 1 clic" type="FAILURE">
<![CDATA[  [firefox] › subset\wondernails-ux-budget.e2e.ts:113:7 › Wondernails - UX Budget (Presupuesto de Clics) › flujo de "ver detalles" debe completarse en máximo 1 clic 

    Error: browserType.launch: Executable doesn't exist at C:\Users\JAGZA\AppData\Local\ms-playwright\firefox-1495\firefox\firefox.exe
    ╔═════════════════════════════════════════════════════════════════════════╗
    ║ Looks like Playwright Test or Playwright was just installed or updated. ║
    ║ Please run the following command to download new browsers:              ║
    ║                                                                         ║
    ║     npx playwright install                                              ║
    ║                                                                         ║
    ║ <3 Playwright Team                                                      ║
    ╚═════════════════════════════════════════════════════════════════════════╝
]]>
</failure>
</testcase>
<testcase name="Wondernails - UX Budget (Presupuesto de Clics) › controles de navegación deben ser accesibles con mínima interacción" classname="subset\wondernails-ux-budget.e2e.ts" time="0.008">
<failure message="wondernails-ux-budget.e2e.ts:139:7 controles de navegación deben ser accesibles con mínima interacción" type="FAILURE">
<![CDATA[  [firefox] › subset\wondernails-ux-budget.e2e.ts:139:7 › Wondernails - UX Budget (Presupuesto de Clics) › controles de navegación deben ser accesibles con mínima interacción 

    Error: browserType.launch: Executable doesn't exist at C:\Users\JAGZA\AppData\Local\ms-playwright\firefox-1495\firefox\firefox.exe
    ╔═════════════════════════════════════════════════════════════════════════╗
    ║ Looks like Playwright Test or Playwright was just installed or updated. ║
    ║ Please run the following command to download new browsers:              ║
    ║                                                                         ║
    ║     npx playwright install                                              ║
    ║                                                                         ║
    ║ <3 Playwright Team                                                      ║
    ╚═════════════════════════════════════════════════════════════════════════╝
]]>
</failure>
</testcase>
<testcase name="Wondernails - UX Budget (Presupuesto de Clics) › debe medir tiempo de respuesta de interacciones críticas" classname="subset\wondernails-ux-budget.e2e.ts" time="0.007">
<failure message="wondernails-ux-budget.e2e.ts:168:7 debe medir tiempo de respuesta de interacciones críticas" type="FAILURE">
<![CDATA[  [firefox] › subset\wondernails-ux-budget.e2e.ts:168:7 › Wondernails - UX Budget (Presupuesto de Clics) › debe medir tiempo de respuesta de interacciones críticas 

    Error: browserType.launch: Executable doesn't exist at C:\Users\JAGZA\AppData\Local\ms-playwright\firefox-1495\firefox\firefox.exe
    ╔═════════════════════════════════════════════════════════════════════════╗
    ║ Looks like Playwright Test or Playwright was just installed or updated. ║
    ║ Please run the following command to download new browsers:              ║
    ║                                                                         ║
    ║     npx playwright install                                              ║
    ║                                                                         ║
    ║ <3 Playwright Team                                                      ║
    ╚═════════════════════════════════════════════════════════════════════════╝
]]>
</failure>
</testcase>
<testcase name="Wondernails - UX Budget (Presupuesto de Clics) › debe verificar accesibilidad de CTAs para usuarios con limitaciones motoras" classname="subset\wondernails-ux-budget.e2e.ts" time="0.007">
<failure message="wondernails-ux-budget.e2e.ts:202:7 debe verificar accesibilidad de CTAs para usuarios con limitaciones motoras" type="FAILURE">
<![CDATA[  [firefox] › subset\wondernails-ux-budget.e2e.ts:202:7 › Wondernails - UX Budget (Presupuesto de Clics) › debe verificar accesibilidad de CTAs para usuarios con limitaciones motoras 

    Error: browserType.launch: Executable doesn't exist at C:\Users\JAGZA\AppData\Local\ms-playwright\firefox-1495\firefox\firefox.exe
    ╔═════════════════════════════════════════════════════════════════════════╗
    ║ Looks like Playwright Test or Playwright was just installed or updated. ║
    ║ Please run the following command to download new browsers:              ║
    ║                                                                         ║
    ║     npx playwright install                                              ║
    ║                                                                         ║
    ║ <3 Playwright Team                                                      ║
    ╚═════════════════════════════════════════════════════════════════════════╝
]]>
</failure>
</testcase>
</testsuite>
<testsuite name="tenant-security.spec.ts" timestamp="2025-10-29T19:08:05.826Z" hostname="firefox" tests="10" failures="9" skipped="0" time="0.465" errors="0">
<testcase name="Tenant Security &amp; Isolation › Tenant fallback - unknown subdomain should redirect to zo-system" classname="tenant-security.spec.ts" time="0.007">
<failure message="tenant-security.spec.ts:5:7 Tenant fallback - unknown subdomain should redirect to zo-system" type="FAILURE">
<![CDATA[  [firefox] › tenant-security.spec.ts:5:7 › Tenant Security & Isolation › Tenant fallback - unknown subdomain should redirect to zo-system 

    Error: browserType.launch: Executable doesn't exist at C:\Users\JAGZA\AppData\Local\ms-playwright\firefox-1495\firefox\firefox.exe
    ╔═════════════════════════════════════════════════════════════════════════╗
    ║ Looks like Playwright Test or Playwright was just installed or updated. ║
    ║ Please run the following command to download new browsers:              ║
    ║                                                                         ║
    ║     npx playwright install                                              ║
    ║                                                                         ║
    ║ <3 Playwright Team                                                      ║
    ╚═════════════════════════════════════════════════════════════════════════╝
]]>
</failure>
</testcase>
<testcase name="Tenant Security &amp; Isolation › Tenant path resolution - /t/{tenant} should work" classname="tenant-security.spec.ts" time="0.007">
<failure message="tenant-security.spec.ts:26:7 Tenant path resolution - /t/{tenant} should work" type="FAILURE">
<![CDATA[  [firefox] › tenant-security.spec.ts:26:7 › Tenant Security & Isolation › Tenant path resolution - /t/{tenant} should work 

    Error: browserType.launch: Executable doesn't exist at C:\Users\JAGZA\AppData\Local\ms-playwright\firefox-1495\firefox\firefox.exe
    ╔═════════════════════════════════════════════════════════════════════════╗
    ║ Looks like Playwright Test or Playwright was just installed or updated. ║
    ║ Please run the following command to download new browsers:              ║
    ║                                                                         ║
    ║     npx playwright install                                              ║
    ║                                                                         ║
    ║ <3 Playwright Team                                                      ║
    ╚═════════════════════════════════════════════════════════════════════════╝
]]>
</failure>
</testcase>
<testcase name="Tenant Security &amp; Isolation › Cross-tenant data isolation - API level" classname="tenant-security.spec.ts" time="0.086">
<failure message="tenant-security.spec.ts:37:7 Cross-tenant data isolation - API level" type="FAILURE">
<![CDATA[  [firefox] › tenant-security.spec.ts:37:7 › Tenant Security & Isolation › Cross-tenant data isolation - API level 

    Error: expect(received).toBeTruthy()

    Received: false

      40 |       headers: { 'X-Tenant': 'wondernails' }
      41 |     });
    > 42 |     expect(response1.ok()).toBeTruthy();
         |                            ^
      43 |     const wondernailsProducts = await response1.json();
      44 |
      45 |     const response2 = await request.get('/api/v1/products', {
        at C:\Dev\Zo\sass-store\tests\e2e\tenant-security.spec.ts:42:28
]]>
</failure>
</testcase>
<testcase name="Tenant Security &amp; Isolation › RLS enforcement - database level" classname="tenant-security.spec.ts" time="0.071">
</testcase>
<testcase name="Tenant Security &amp; Isolation › Rate limiting - per tenant enforcement" classname="tenant-security.spec.ts" time="0.259">
<failure message="tenant-security.spec.ts:105:7 Rate limiting - per tenant enforcement" type="FAILURE">
<![CDATA[  [firefox] › tenant-security.spec.ts:105:7 › Tenant Security & Isolation › Rate limiting - per tenant enforcement 

    Error: expect(received).toBeTruthy()

    Received: false

      122 |     // At minimum, all requests should return valid HTTP status codes
      123 |     responses.forEach(response => {
    > 124 |       expect([200, 429, 404].includes(response.status())).toBeTruthy();
          |                                                           ^
      125 |     });
      126 |   });
      127 |
        at forEach (C:\Dev\Zo\sass-store\tests\e2e\tenant-security.spec.ts:124:59)
        at C:\Dev\Zo\sass-store\tests\e2e\tenant-security.spec.ts:123:15
]]>
</failure>
</testcase>
<testcase name="Tenant Security &amp; Isolation › Tenant branding - should apply correct theme" classname="tenant-security.spec.ts" time="0.007">
<failure message="tenant-security.spec.ts:128:7 Tenant branding - should apply correct theme" type="FAILURE">
<![CDATA[  [firefox] › tenant-security.spec.ts:128:7 › Tenant Security & Isolation › Tenant branding - should apply correct theme 

    Error: browserType.launch: Executable doesn't exist at C:\Users\JAGZA\AppData\Local\ms-playwright\firefox-1495\firefox\firefox.exe
    ╔═════════════════════════════════════════════════════════════════════════╗
    ║ Looks like Playwright Test or Playwright was just installed or updated. ║
    ║ Please run the following command to download new browsers:              ║
    ║                                                                         ║
    ║     npx playwright install                                              ║
    ║                                                                         ║
    ║ <3 Playwright Team                                                      ║
    ╚═════════════════════════════════════════════════════════════════════════╝
]]>
</failure>
</testcase>
<testcase name="Tenant Security &amp; Isolation › Tenant-specific content - services vs products" classname="tenant-security.spec.ts" time="0.007">
<failure message="tenant-security.spec.ts:154:7 Tenant-specific content - services vs products" type="FAILURE">
<![CDATA[  [firefox] › tenant-security.spec.ts:154:7 › Tenant Security & Isolation › Tenant-specific content - services vs products 

    Error: browserType.launch: Executable doesn't exist at C:\Users\JAGZA\AppData\Local\ms-playwright\firefox-1495\firefox\firefox.exe
    ╔═════════════════════════════════════════════════════════════════════════╗
    ║ Looks like Playwright Test or Playwright was just installed or updated. ║
    ║ Please run the following command to download new browsers:              ║
    ║                                                                         ║
    ║     npx playwright install                                              ║
    ║                                                                         ║
    ║ <3 Playwright Team                                                      ║
    ╚═════════════════════════════════════════════════════════════════════════╝
]]>
</failure>
</testcase>
<testcase name="Tenant Security &amp; Isolation › Contact information - per tenant" classname="tenant-security.spec.ts" time="0.007">
<failure message="tenant-security.spec.ts:172:7 Contact information - per tenant" type="FAILURE">
<![CDATA[  [firefox] › tenant-security.spec.ts:172:7 › Tenant Security & Isolation › Contact information - per tenant 

    Error: browserType.launch: Executable doesn't exist at C:\Users\JAGZA\AppData\Local\ms-playwright\firefox-1495\firefox\firefox.exe
    ╔═════════════════════════════════════════════════════════════════════════╗
    ║ Looks like Playwright Test or Playwright was just installed or updated. ║
    ║ Please run the following command to download new browsers:              ║
    ║                                                                         ║
    ║     npx playwright install                                              ║
    ║                                                                         ║
    ║ <3 Playwright Team                                                      ║
    ╚═════════════════════════════════════════════════════════════════════════╝
]]>
</failure>
</testcase>
<testcase name="Tenant Security &amp; Isolation › URL security - no tenant leakage in URLs" classname="tenant-security.spec.ts" time="0.008">
<failure message="tenant-security.spec.ts:186:7 URL security - no tenant leakage in URLs" type="FAILURE">
<![CDATA[  [firefox] › tenant-security.spec.ts:186:7 › Tenant Security & Isolation › URL security - no tenant leakage in URLs 

    Error: browserType.launch: Executable doesn't exist at C:\Users\JAGZA\AppData\Local\ms-playwright\firefox-1495\firefox\firefox.exe
    ╔═════════════════════════════════════════════════════════════════════════╗
    ║ Looks like Playwright Test or Playwright was just installed or updated. ║
    ║ Please run the following command to download new browsers:              ║
    ║                                                                         ║
    ║     npx playwright install                                              ║
    ║                                                                         ║
    ║ <3 Playwright Team                                                      ║
    ╚═════════════════════════════════════════════════════════════════════════╝
]]>
</failure>
</testcase>
<testcase name="Tenant Security &amp; Isolation › Session isolation - tenant switching" classname="tenant-security.spec.ts" time="0.006">
<failure message="tenant-security.spec.ts:201:7 Session isolation - tenant switching" type="FAILURE">
<![CDATA[  [firefox] › tenant-security.spec.ts:201:7 › Tenant Security & Isolation › Session isolation - tenant switching 

    Error: browserType.launch: Executable doesn't exist at C:\Users\JAGZA\AppData\Local\ms-playwright\firefox-1495\firefox\firefox.exe
    ╔═════════════════════════════════════════════════════════════════════════╗
    ║ Looks like Playwright Test or Playwright was just installed or updated. ║
    ║ Please run the following command to download new browsers:              ║
    ║                                                                         ║
    ║     npx playwright install                                              ║
    ║                                                                         ║
    ║ <3 Playwright Team                                                      ║
    ╚═════════════════════════════════════════════════════════════════════════╝
]]>
</failure>
</testcase>
</testsuite>
<testsuite name="usability\system-usability-corrected.spec.ts" timestamp="2025-10-29T19:08:05.826Z" hostname="firefox" tests="6" failures="6" skipped="0" time="0.043" errors="0">
<testcase name="System Usability (CORRECTED) › should provide clear user feedback and instructions" classname="usability\system-usability-corrected.spec.ts" time="0.008">
<failure message="system-usability-corrected.spec.ts:11:7 should provide clear user feedback and instructions" type="FAILURE">
<![CDATA[  [firefox] › usability\system-usability-corrected.spec.ts:11:7 › System Usability (CORRECTED) › should provide clear user feedback and instructions 

    Error: browserType.launch: Executable doesn't exist at C:\Users\JAGZA\AppData\Local\ms-playwright\firefox-1495\firefox\firefox.exe
    ╔═════════════════════════════════════════════════════════════════════════╗
    ║ Looks like Playwright Test or Playwright was just installed or updated. ║
    ║ Please run the following command to download new browsers:              ║
    ║                                                                         ║
    ║     npx playwright install                                              ║
    ║                                                                         ║
    ║ <3 Playwright Team                                                      ║
    ╚═════════════════════════════════════════════════════════════════════════╝
]]>
</failure>
</testcase>
<testcase name="System Usability (CORRECTED) › should be accessible with keyboard navigation" classname="usability\system-usability-corrected.spec.ts" time="0.004">
<failure message="system-usability-corrected.spec.ts:68:7 should be accessible with keyboard navigation" type="FAILURE">
<![CDATA[  [firefox] › usability\system-usability-corrected.spec.ts:68:7 › System Usability (CORRECTED) › should be accessible with keyboard navigation 

    Error: browserType.launch: Executable doesn't exist at C:\Users\JAGZA\AppData\Local\ms-playwright\firefox-1495\firefox\firefox.exe
    ╔═════════════════════════════════════════════════════════════════════════╗
    ║ Looks like Playwright Test or Playwright was just installed or updated. ║
    ║ Please run the following command to download new browsers:              ║
    ║                                                                         ║
    ║     npx playwright install                                              ║
    ║                                                                         ║
    ║ <3 Playwright Team                                                      ║
    ╚═════════════════════════════════════════════════════════════════════════╝
]]>
</failure>
</testcase>
<testcase name="System Usability (CORRECTED) › should provide helpful error messages" classname="usability\system-usability-corrected.spec.ts" time="0.009">
<failure message="system-usability-corrected.spec.ts:116:7 should provide helpful error messages" type="FAILURE">
<![CDATA[  [firefox] › usability\system-usability-corrected.spec.ts:116:7 › System Usability (CORRECTED) › should provide helpful error messages 

    Error: browserType.launch: Executable doesn't exist at C:\Users\JAGZA\AppData\Local\ms-playwright\firefox-1495\firefox\firefox.exe
    ╔═════════════════════════════════════════════════════════════════════════╗
    ║ Looks like Playwright Test or Playwright was just installed or updated. ║
    ║ Please run the following command to download new browsers:              ║
    ║                                                                         ║
    ║     npx playwright install                                              ║
    ║                                                                         ║
    ║ <3 Playwright Team                                                      ║
    ╚═════════════════════════════════════════════════════════════════════════╝
]]>
</failure>
</testcase>
<testcase name="System Usability (CORRECTED) › should maintain consistent UI patterns" classname="usability\system-usability-corrected.spec.ts" time="0.007">
<failure message="system-usability-corrected.spec.ts:159:7 should maintain consistent UI patterns" type="FAILURE">
<![CDATA[  [firefox] › usability\system-usability-corrected.spec.ts:159:7 › System Usability (CORRECTED) › should maintain consistent UI patterns 

    Error: browserType.launch: Executable doesn't exist at C:\Users\JAGZA\AppData\Local\ms-playwright\firefox-1495\firefox\firefox.exe
    ╔═════════════════════════════════════════════════════════════════════════╗
    ║ Looks like Playwright Test or Playwright was just installed or updated. ║
    ║ Please run the following command to download new browsers:              ║
    ║                                                                         ║
    ║     npx playwright install                                              ║
    ║                                                                         ║
    ║ <3 Playwright Team                                                      ║
    ╚═════════════════════════════════════════════════════════════════════════╝
]]>
</failure>
</testcase>
<testcase name="System Usability (CORRECTED) › should provide clear navigation paths" classname="usability\system-usability-corrected.spec.ts" time="0.007">
<failure message="system-usability-corrected.spec.ts:210:7 should provide clear navigation paths" type="FAILURE">
<![CDATA[  [firefox] › usability\system-usability-corrected.spec.ts:210:7 › System Usability (CORRECTED) › should provide clear navigation paths 

    Error: browserType.launch: Executable doesn't exist at C:\Users\JAGZA\AppData\Local\ms-playwright\firefox-1495\firefox\firefox.exe
    ╔═════════════════════════════════════════════════════════════════════════╗
    ║ Looks like Playwright Test or Playwright was just installed or updated. ║
    ║ Please run the following command to download new browsers:              ║
    ║                                                                         ║
    ║     npx playwright install                                              ║
    ║                                                                         ║
    ║ <3 Playwright Team                                                      ║
    ╚═════════════════════════════════════════════════════════════════════════╝
]]>
</failure>
</testcase>
<testcase name="System Usability (CORRECTED) › should be usable on different screen sizes" classname="usability\system-usability-corrected.spec.ts" time="0.008">
<failure message="system-usability-corrected.spec.ts:251:7 should be usable on different screen sizes" type="FAILURE">
<![CDATA[  [firefox] › usability\system-usability-corrected.spec.ts:251:7 › System Usability (CORRECTED) › should be usable on different screen sizes 

    Error: browserType.launch: Executable doesn't exist at C:\Users\JAGZA\AppData\Local\ms-playwright\firefox-1495\firefox\firefox.exe
    ╔═════════════════════════════════════════════════════════════════════════╗
    ║ Looks like Playwright Test or Playwright was just installed or updated. ║
    ║ Please run the following command to download new browsers:              ║
    ║                                                                         ║
    ║     npx playwright install                                              ║
    ║                                                                         ║
    ║ <3 Playwright Team                                                      ║
    ╚═════════════════════════════════════════════════════════════════════════╝
]]>
</failure>
</testcase>
</testsuite>
<testsuite name="ux\click-budget.spec.ts" timestamp="2025-10-29T19:08:05.826Z" hostname="firefox" tests="8" failures="8" skipped="0" time="0.056" errors="0">
<testcase name="Click Budget Tests - UX Optimization › Purchase Flow - should complete in ≤3 clicks" classname="ux\click-budget.spec.ts" time="0.007">
<failure message="click-budget.spec.ts:4:7 Purchase Flow - should complete in ≤3 clicks" type="FAILURE">
<![CDATA[  [firefox] › ux\click-budget.spec.ts:4:7 › Click Budget Tests - UX Optimization › Purchase Flow - should complete in ≤3 clicks 

    Error: browserType.launch: Executable doesn't exist at C:\Users\JAGZA\AppData\Local\ms-playwright\firefox-1495\firefox\firefox.exe
    ╔═════════════════════════════════════════════════════════════════════════╗
    ║ Looks like Playwright Test or Playwright was just installed or updated. ║
    ║ Please run the following command to download new browsers:              ║
    ║                                                                         ║
    ║     npx playwright install                                              ║
    ║                                                                         ║
    ║ <3 Playwright Team                                                      ║
    ╚═════════════════════════════════════════════════════════════════════════╝
]]>
</failure>
</testcase>
<testcase name="Click Budget Tests - UX Optimization › Booking Flow - should complete in ≤2 clicks" classname="ux\click-budget.spec.ts" time="0.007">
<failure message="click-budget.spec.ts:47:7 Booking Flow - should complete in ≤2 clicks" type="FAILURE">
<![CDATA[  [firefox] › ux\click-budget.spec.ts:47:7 › Click Budget Tests - UX Optimization › Booking Flow - should complete in ≤2 clicks 

    Error: browserType.launch: Executable doesn't exist at C:\Users\JAGZA\AppData\Local\ms-playwright\firefox-1495\firefox\firefox.exe
    ╔═════════════════════════════════════════════════════════════════════════╗
    ║ Looks like Playwright Test or Playwright was just installed or updated. ║
    ║ Please run the following command to download new browsers:              ║
    ║                                                                         ║
    ║     npx playwright install                                              ║
    ║                                                                         ║
    ║ <3 Playwright Team                                                      ║
    ╚═════════════════════════════════════════════════════════════════════════╝
]]>
</failure>
</testcase>
<testcase name="Click Budget Tests - UX Optimization › Reorder Flow - should complete in ≤1 click" classname="ux\click-budget.spec.ts" time="0.008">
<failure message="click-budget.spec.ts:83:7 Reorder Flow - should complete in ≤1 click" type="FAILURE">
<![CDATA[  [firefox] › ux\click-budget.spec.ts:83:7 › Click Budget Tests - UX Optimization › Reorder Flow - should complete in ≤1 click 

    Error: browserType.launch: Executable doesn't exist at C:\Users\JAGZA\AppData\Local\ms-playwright\firefox-1495\firefox\firefox.exe
    ╔═════════════════════════════════════════════════════════════════════════╗
    ║ Looks like Playwright Test or Playwright was just installed or updated. ║
    ║ Please run the following command to download new browsers:              ║
    ║                                                                         ║
    ║     npx playwright install                                              ║
    ║                                                                         ║
    ║ <3 Playwright Team                                                      ║
    ╚═════════════════════════════════════════════════════════════════════════╝
]]>
</failure>
</testcase>
<testcase name="Click Budget Tests - UX Optimization › Mobile Touch Targets - should meet 44px minimum" classname="ux\click-budget.spec.ts" time="0.008">
<failure message="click-budget.spec.ts:112:7 Mobile Touch Targets - should meet 44px minimum" type="FAILURE">
<![CDATA[  [firefox] › ux\click-budget.spec.ts:112:7 › Click Budget Tests - UX Optimization › Mobile Touch Targets - should meet 44px minimum 

    Error: browserType.launch: Executable doesn't exist at C:\Users\JAGZA\AppData\Local\ms-playwright\firefox-1495\firefox\firefox.exe
    ╔═════════════════════════════════════════════════════════════════════════╗
    ║ Looks like Playwright Test or Playwright was just installed or updated. ║
    ║ Please run the following command to download new browsers:              ║
    ║                                                                         ║
    ║     npx playwright install                                              ║
    ║                                                                         ║
    ║ <3 Playwright Team                                                      ║
    ╚═════════════════════════════════════════════════════════════════════════╝
]]>
</failure>
</testcase>
<testcase name="Click Budget Tests - UX Optimization › Command Palette - should open with Cmd+K" classname="ux\click-budget.spec.ts" time="0.006">
<failure message="click-budget.spec.ts:139:7 Command Palette - should open with Cmd+K" type="FAILURE">
<![CDATA[  [firefox] › ux\click-budget.spec.ts:139:7 › Click Budget Tests - UX Optimization › Command Palette - should open with Cmd+K 

    Error: browserType.launch: Executable doesn't exist at C:\Users\JAGZA\AppData\Local\ms-playwright\firefox-1495\firefox\firefox.exe
    ╔═════════════════════════════════════════════════════════════════════════╗
    ║ Looks like Playwright Test or Playwright was just installed or updated. ║
    ║ Please run the following command to download new browsers:              ║
    ║                                                                         ║
    ║     npx playwright install                                              ║
    ║                                                                         ║
    ║ <3 Playwright Team                                                      ║
    ╚═════════════════════════════════════════════════════════════════════════╝
]]>
</failure>
</testcase>
<testcase name="Click Budget Tests - UX Optimization › Quick Actions Dock - should show role-appropriate actions" classname="ux\click-budget.spec.ts" time="0.006">
<failure message="click-budget.spec.ts:155:7 Quick Actions Dock - should show role-appropriate actions" type="FAILURE">
<![CDATA[  [firefox] › ux\click-budget.spec.ts:155:7 › Click Budget Tests - UX Optimization › Quick Actions Dock - should show role-appropriate actions 

    Error: browserType.launch: Executable doesn't exist at C:\Users\JAGZA\AppData\Local\ms-playwright\firefox-1495\firefox\firefox.exe
    ╔═════════════════════════════════════════════════════════════════════════╗
    ║ Looks like Playwright Test or Playwright was just installed or updated. ║
    ║ Please run the following command to download new browsers:              ║
    ║                                                                         ║
    ║     npx playwright install                                              ║
    ║                                                                         ║
    ║ <3 Playwright Team                                                      ║
    ╚═════════════════════════════════════════════════════════════════════════╝
]]>
</failure>
</testcase>
<testcase name="Click Budget Tests - UX Optimization › Keyboard Navigation - should support full keyboard accessibility" classname="ux\click-budget.spec.ts" time="0.007">
<failure message="click-budget.spec.ts:179:7 Keyboard Navigation - should support full keyboard accessibility" type="FAILURE">
<![CDATA[  [firefox] › ux\click-budget.spec.ts:179:7 › Click Budget Tests - UX Optimization › Keyboard Navigation - should support full keyboard accessibility 

    Error: browserType.launch: Executable doesn't exist at C:\Users\JAGZA\AppData\Local\ms-playwright\firefox-1495\firefox\firefox.exe
    ╔═════════════════════════════════════════════════════════════════════════╗
    ║ Looks like Playwright Test or Playwright was just installed or updated. ║
    ║ Please run the following command to download new browsers:              ║
    ║                                                                         ║
    ║     npx playwright install                                              ║
    ║                                                                         ║
    ║ <3 Playwright Team                                                      ║
    ╚═════════════════════════════════════════════════════════════════════════╝
]]>
</failure>
</testcase>
<testcase name="Click Budget Tests - UX Optimization › Admin Actions - should complete in ≤2 clicks" classname="ux\click-budget.spec.ts" time="0.007">
<failure message="click-budget.spec.ts:217:7 Admin Actions - should complete in ≤2 clicks" type="FAILURE">
<![CDATA[  [firefox] › ux\click-budget.spec.ts:217:7 › Click Budget Tests - UX Optimization › Admin Actions - should complete in ≤2 clicks 

    Error: browserType.launch: Executable doesn't exist at C:\Users\JAGZA\AppData\Local\ms-playwright\firefox-1495\firefox\firefox.exe
    ╔═════════════════════════════════════════════════════════════════════════╗
    ║ Looks like Playwright Test or Playwright was just installed or updated. ║
    ║ Please run the following command to download new browsers:              ║
    ║                                                                         ║
    ║     npx playwright install                                              ║
    ║                                                                         ║
    ║ <3 Playwright Team                                                      ║
    ╚═════════════════════════════════════════════════════════════════════════╝
]]>
</failure>
</testcase>
</testsuite>
<testsuite name="accessibility\a11y-compliance.spec.ts" timestamp="2025-10-29T19:08:05.826Z" hostname="webkit" tests="8" failures="2" skipped="0" time="51.484" errors="0">
<testcase name="Accessibility (A11y) Compliance Tests › Color contrast should meet WCAG AA requirements" classname="accessibility\a11y-compliance.spec.ts" time="10.494">
<system-out>
<![CDATA[✓ wondernails: Color contrast validated
✓ nom-nom: Color contrast validated
✓ delirios: Color contrast validated
]]>
</system-out>
</testcase>
<testcase name="Accessibility (A11y) Compliance Tests › Keyboard navigation should work throughout the app" classname="accessibility\a11y-compliance.spec.ts" time="4.643">
<failure message="a11y-compliance.spec.ts:67:7 Keyboard navigation should work throughout the app" type="FAILURE">
<![CDATA[  [webkit] › accessibility\a11y-compliance.spec.ts:67:7 › Accessibility (A11y) Compliance Tests › Keyboard navigation should work throughout the app 

    Error: expect(received).toBeTruthy()

    Received: false

      85 |
      86 |         const isVisible = await focusedElement.isVisible();
    > 87 |         expect(isVisible).toBeTruthy();
         |                           ^
      88 |
      89 |         // Check focus indicator
      90 |         const focusStyles = await focusedElement.evaluate(el => {
        at C:\Dev\Zo\sass-store\tests\e2e\accessibility\a11y-compliance.spec.ts:87:27

    attachment #1: screenshot (image/png) ──────────────────────────────────────────────────────────
    ..\..\test-results\accessibility-a11y-complia-01ae0-uld-work-throughout-the-app-webkit\test-failed-1.png
    ────────────────────────────────────────────────────────────────────────────────────────────────

    attachment #2: video (video/webm) ──────────────────────────────────────────────────────────────
    ..\..\test-results\accessibility-a11y-complia-01ae0-uld-work-throughout-the-app-webkit\video.webm
    ────────────────────────────────────────────────────────────────────────────────────────────────

    Error Context: ..\..\test-results\accessibility-a11y-complia-01ae0-uld-work-throughout-the-app-webkit\error-context.md
]]>
</failure>
<system-out>
<![CDATA[
[[ATTACHMENT|accessibility-a11y-complia-01ae0-uld-work-throughout-the-app-webkit\test-failed-1.png]]

[[ATTACHMENT|accessibility-a11y-complia-01ae0-uld-work-throughout-the-app-webkit\video.webm]]

[[ATTACHMENT|accessibility-a11y-complia-01ae0-uld-work-throughout-the-app-webkit\error-context.md]]
]]>
</system-out>
</testcase>
<testcase name="Accessibility (A11y) Compliance Tests › ARIA attributes should be properly implemented" classname="accessibility\a11y-compliance.spec.ts" time="4.789">
<failure message="a11y-compliance.spec.ts:117:7 ARIA attributes should be properly implemented" type="FAILURE">
<![CDATA[  [webkit] › accessibility\a11y-compliance.spec.ts:117:7 › Accessibility (A11y) Compliance Tests › ARIA attributes should be properly implemented 

    Error: expect(received).toBeTruthy()

    Received: false

      165 |       }
      166 |
    > 167 |       expect(hasH1).toBeTruthy(); // Page should have an h1
          |                     ^
      168 |
      169 |       // Check for form labels
      170 |       const inputs = page.locator('input, textarea, select');
        at C:\Dev\Zo\sass-store\tests\e2e\accessibility\a11y-compliance.spec.ts:167:21

    attachment #1: screenshot (image/png) ──────────────────────────────────────────────────────────
    ..\..\test-results\accessibility-a11y-complia-66c35-uld-be-properly-implemented-webkit\test-failed-1.png
    ────────────────────────────────────────────────────────────────────────────────────────────────

    attachment #2: video (video/webm) ──────────────────────────────────────────────────────────────
    ..\..\test-results\accessibility-a11y-complia-66c35-uld-be-properly-implemented-webkit\video.webm
    ────────────────────────────────────────────────────────────────────────────────────────────────

    Error Context: ..\..\test-results\accessibility-a11y-complia-66c35-uld-be-properly-implemented-webkit\error-context.md
]]>
</failure>
<system-out>
<![CDATA[
[[ATTACHMENT|accessibility-a11y-complia-66c35-uld-be-properly-implemented-webkit\test-failed-1.png]]

[[ATTACHMENT|accessibility-a11y-complia-66c35-uld-be-properly-implemented-webkit\video.webm]]

[[ATTACHMENT|accessibility-a11y-complia-66c35-uld-be-properly-implemented-webkit\error-context.md]]
]]>
</system-out>
</testcase>
<testcase name="Accessibility (A11y) Compliance Tests › Images should have appropriate alt text" classname="accessibility\a11y-compliance.spec.ts" time="6.279">
<system-out>
<![CDATA[✓ wondernails: Image alt text validated
✓ nom-nom: Image alt text validated
]]>
</system-out>
</testcase>
<testcase name="Accessibility (A11y) Compliance Tests › Focus management should work correctly" classname="accessibility\a11y-compliance.spec.ts" time="6.393">
<system-out>
<![CDATA[✓ wondernails: Focus management validated
✓ nom-nom: Focus management validated
]]>
</system-out>
</testcase>
<testcase name="Accessibility (A11y) Compliance Tests › Screen reader announcements should be present" classname="accessibility\a11y-compliance.spec.ts" time="6.555">
<system-out>
<![CDATA[✓ wondernails: Screen reader announcements validated
✓ nom-nom: Screen reader announcements validated
]]>
</system-out>
</testcase>
<testcase name="Accessibility (A11y) Compliance Tests › Skip links should be present" classname="accessibility\a11y-compliance.spec.ts" time="6.092">
<system-out>
<![CDATA[✓ wondernails: Skip links validated
✓ nom-nom: Skip links validated
]]>
</system-out>
</testcase>
<testcase name="Accessibility (A11y) Compliance Tests › Error messages should be accessible" classname="accessibility\a11y-compliance.spec.ts" time="6.239">
<system-out>
<![CDATA[✓ wondernails: Error message accessibility validated
✓ nom-nom: Error message accessibility validated
]]>
</system-out>
</testcase>
</testsuite>
<testsuite name="accessibility\keyboard-only-flows.spec.ts" timestamp="2025-10-29T19:08:05.826Z" hostname="webkit" tests="9" failures="7" skipped="0" time="116.687" errors="0">
<testcase name="Keyboard-Only Purchase Flow › should complete entire purchase using only keyboard navigation" classname="accessibility\keyboard-only-flows.spec.ts" time="8.306">
<failure message="keyboard-only-flows.spec.ts:10:7 should complete entire purchase using only keyboard navigation" type="FAILURE">
<![CDATA[  [webkit] › accessibility\keyboard-only-flows.spec.ts:10:7 › Keyboard-Only Purchase Flow › should complete entire purchase using only keyboard navigation 

    Error: expect(page).toHaveURL(expected) failed

    Expected pattern: /\/products\/.+/
    Received string:  "http://localhost:3001/t/wondernails/products"
    Timeout: 5000ms

    Call log:
      - Expect "toHaveURL" with timeout 5000ms
        9 × unexpected value "http://localhost:3001/t/wondernails/products"


      19 |     // Select product via keyboard
      20 |     await page.keyboard.press('Enter');
    > 21 |     await expect(page).toHaveURL(/\/products\/.+/);
         |                        ^
      22 |
      23 |     await page.waitForTimeout(500);
      24 |
        at C:\Dev\Zo\sass-store\tests\e2e\accessibility\keyboard-only-flows.spec.ts:21:24

    attachment #1: screenshot (image/png) ──────────────────────────────────────────────────────────
    ..\..\test-results\accessibility-keyboard-onl-b38b3-ng-only-keyboard-navigation-webkit\test-failed-1.png
    ────────────────────────────────────────────────────────────────────────────────────────────────

    attachment #2: video (video/webm) ──────────────────────────────────────────────────────────────
    ..\..\test-results\accessibility-keyboard-onl-b38b3-ng-only-keyboard-navigation-webkit\video.webm
    ────────────────────────────────────────────────────────────────────────────────────────────────

    Error Context: ..\..\test-results\accessibility-keyboard-onl-b38b3-ng-only-keyboard-navigation-webkit\error-context.md
]]>
</failure>
<system-out>
<![CDATA[
[[ATTACHMENT|accessibility-keyboard-onl-b38b3-ng-only-keyboard-navigation-webkit\test-failed-1.png]]

[[ATTACHMENT|accessibility-keyboard-onl-b38b3-ng-only-keyboard-navigation-webkit\video.webm]]

[[ATTACHMENT|accessibility-keyboard-onl-b38b3-ng-only-keyboard-navigation-webkit\error-context.md]]
]]>
</system-out>
</testcase>
<testcase name="Keyboard-Only Purchase Flow › should support keyboard navigation in product filters" classname="accessibility\keyboard-only-flows.spec.ts" time="2.237">
</testcase>
<testcase name="Keyboard-Only Purchase Flow › should navigate product carousel with keyboard" classname="accessibility\keyboard-only-flows.spec.ts" time="17.518">
<failure message="keyboard-only-flows.spec.ts:105:7 should navigate product carousel with keyboard" type="FAILURE">
<![CDATA[  [webkit] › accessibility\keyboard-only-flows.spec.ts:105:7 › Keyboard-Only Purchase Flow › should navigate product carousel with keyboard 

    TimeoutError: locator.click: Timeout 15000ms exceeded.
    Call log:
      - waiting for locator('[data-testid="product-card"]').first()


      107 |
      108 |     const productCard = page.locator('[data-testid="product-card"]').first();
    > 109 |     await productCard.click();
          |                       ^
      110 |
      111 |     const imageCarousel = page.locator('[data-testid="product-carousel"], [data-testid="image-gallery"]');
      112 |     if (await imageCarousel.isVisible()) {
        at C:\Dev\Zo\sass-store\tests\e2e\accessibility\keyboard-only-flows.spec.ts:109:23

    attachment #1: screenshot (image/png) ──────────────────────────────────────────────────────────
    ..\..\test-results\accessibility-keyboard-onl-097f9-duct-carousel-with-keyboard-webkit\test-failed-1.png
    ────────────────────────────────────────────────────────────────────────────────────────────────

    attachment #2: video (video/webm) ──────────────────────────────────────────────────────────────
    ..\..\test-results\accessibility-keyboard-onl-097f9-duct-carousel-with-keyboard-webkit\video.webm
    ────────────────────────────────────────────────────────────────────────────────────────────────

    Error Context: ..\..\test-results\accessibility-keyboard-onl-097f9-duct-carousel-with-keyboard-webkit\error-context.md
]]>
</failure>
<system-out>
<![CDATA[
[[ATTACHMENT|accessibility-keyboard-onl-097f9-duct-carousel-with-keyboard-webkit\test-failed-1.png]]

[[ATTACHMENT|accessibility-keyboard-onl-097f9-duct-carousel-with-keyboard-webkit\video.webm]]

[[ATTACHMENT|accessibility-keyboard-onl-097f9-duct-carousel-with-keyboard-webkit\error-context.md]]
]]>
</system-out>
</testcase>
<testcase name="Keyboard-Only Purchase Flow › should allow keyboard input in search" classname="accessibility\keyboard-only-flows.spec.ts" time="2.175">
</testcase>
<testcase name="Screen Reader Booking Flow › should announce booking form properly for screen readers" classname="accessibility\keyboard-only-flows.spec.ts" time="17.472">
<failure message="keyboard-only-flows.spec.ts:155:7 should announce booking form properly for screen readers" type="FAILURE">
<![CDATA[  [webkit] › accessibility\keyboard-only-flows.spec.ts:155:7 › Screen Reader Booking Flow › should announce booking form properly for screen readers 

    TimeoutError: locator.textContent: Timeout 15000ms exceeded.
    Call log:
      - waiting for locator('h1')


      172 |
      173 |     // Verify service page heading is announced
    > 174 |     const serviceHeading = await page.locator('h1').textContent();
          |                                                     ^
      175 |     expect(serviceHeading).toContain('Services');
      176 |
      177 |     // Select service via screen reader
        at C:\Dev\Zo\sass-store\tests\e2e\accessibility\keyboard-only-flows.spec.ts:174:53

    attachment #1: screenshot (image/png) ──────────────────────────────────────────────────────────
    ..\..\test-results\accessibility-keyboard-onl-73acb-properly-for-screen-readers-webkit\test-failed-1.png
    ────────────────────────────────────────────────────────────────────────────────────────────────

    attachment #2: video (video/webm) ──────────────────────────────────────────────────────────────
    ..\..\test-results\accessibility-keyboard-onl-73acb-properly-for-screen-readers-webkit\video.webm
    ────────────────────────────────────────────────────────────────────────────────────────────────

    Error Context: ..\..\test-results\accessibility-keyboard-onl-73acb-properly-for-screen-readers-webkit\error-context.md
]]>
</failure>
<system-out>
<![CDATA[
[[ATTACHMENT|accessibility-keyboard-onl-73acb-properly-for-screen-readers-webkit\test-failed-1.png]]

[[ATTACHMENT|accessibility-keyboard-onl-73acb-properly-for-screen-readers-webkit\video.webm]]

[[ATTACHMENT|accessibility-keyboard-onl-73acb-properly-for-screen-readers-webkit\error-context.md]]
]]>
</system-out>
</testcase>
<testcase name="Screen Reader Booking Flow › should have descriptive labels for all form inputs" classname="accessibility\keyboard-only-flows.spec.ts" time="17.49">
<failure message="keyboard-only-flows.spec.ts:214:7 should have descriptive labels for all form inputs" type="FAILURE">
<![CDATA[  [webkit] › accessibility\keyboard-only-flows.spec.ts:214:7 › Screen Reader Booking Flow › should have descriptive labels for all form inputs 

    TimeoutError: locator.click: Timeout 15000ms exceeded.
    Call log:
      - waiting for locator('[data-testid="service-card"]').first()


      216 |
      217 |     const serviceCard = page.locator('[data-testid="service-card"]').first();
    > 218 |     await serviceCard.click();
          |                       ^
      219 |
      220 |     const bookButton = page.locator('[data-testid="book-service-btn"], button:has-text("Book")');
      221 |     if (await bookButton.isVisible()) {
        at C:\Dev\Zo\sass-store\tests\e2e\accessibility\keyboard-only-flows.spec.ts:218:23

    attachment #1: screenshot (image/png) ──────────────────────────────────────────────────────────
    ..\..\test-results\accessibility-keyboard-onl-b44d9--labels-for-all-form-inputs-webkit\test-failed-1.png
    ────────────────────────────────────────────────────────────────────────────────────────────────

    attachment #2: video (video/webm) ──────────────────────────────────────────────────────────────
    ..\..\test-results\accessibility-keyboard-onl-b44d9--labels-for-all-form-inputs-webkit\video.webm
    ────────────────────────────────────────────────────────────────────────────────────────────────

    Error Context: ..\..\test-results\accessibility-keyboard-onl-b44d9--labels-for-all-form-inputs-webkit\error-context.md
]]>
</failure>
<system-out>
<![CDATA[
[[ATTACHMENT|accessibility-keyboard-onl-b44d9--labels-for-all-form-inputs-webkit\test-failed-1.png]]

[[ATTACHMENT|accessibility-keyboard-onl-b44d9--labels-for-all-form-inputs-webkit\video.webm]]

[[ATTACHMENT|accessibility-keyboard-onl-b44d9--labels-for-all-form-inputs-webkit\error-context.md]]
]]>
</system-out>
</testcase>
<testcase name="Screen Reader Booking Flow › should announce time slot availability" classname="accessibility\keyboard-only-flows.spec.ts" time="17.381">
<failure message="keyboard-only-flows.spec.ts:250:7 should announce time slot availability" type="FAILURE">
<![CDATA[  [webkit] › accessibility\keyboard-only-flows.spec.ts:250:7 › Screen Reader Booking Flow › should announce time slot availability 

    TimeoutError: locator.click: Timeout 15000ms exceeded.
    Call log:
      - waiting for locator('[data-testid="service-card"]').first()


      252 |
      253 |     const serviceCard = page.locator('[data-testid="service-card"]').first();
    > 254 |     await serviceCard.click();
          |                       ^
      255 |
      256 |     // Time slots should have aria-labels describing availability
      257 |     const timeSlots = page.locator('[data-testid="time-slot"]');
        at C:\Dev\Zo\sass-store\tests\e2e\accessibility\keyboard-only-flows.spec.ts:254:23

    attachment #1: screenshot (image/png) ──────────────────────────────────────────────────────────
    ..\..\test-results\accessibility-keyboard-onl-516ff-unce-time-slot-availability-webkit\test-failed-1.png
    ────────────────────────────────────────────────────────────────────────────────────────────────

    attachment #2: video (video/webm) ──────────────────────────────────────────────────────────────
    ..\..\test-results\accessibility-keyboard-onl-516ff-unce-time-slot-availability-webkit\video.webm
    ────────────────────────────────────────────────────────────────────────────────────────────────

    Error Context: ..\..\test-results\accessibility-keyboard-onl-516ff-unce-time-slot-availability-webkit\error-context.md
]]>
</failure>
<system-out>
<![CDATA[
[[ATTACHMENT|accessibility-keyboard-onl-516ff-unce-time-slot-availability-webkit\test-failed-1.png]]

[[ATTACHMENT|accessibility-keyboard-onl-516ff-unce-time-slot-availability-webkit\video.webm]]

[[ATTACHMENT|accessibility-keyboard-onl-516ff-unce-time-slot-availability-webkit\error-context.md]]
]]>
</system-out>
</testcase>
<testcase name="Screen Reader Booking Flow › should have proper focus indicators" classname="accessibility\keyboard-only-flows.spec.ts" time="16.871">
<failure message="keyboard-only-flows.spec.ts:274:7 should have proper focus indicators" type="FAILURE">
<![CDATA[  [webkit] › accessibility\keyboard-only-flows.spec.ts:274:7 › Screen Reader Booking Flow › should have proper focus indicators 

    TimeoutError: locator.focus: Timeout 15000ms exceeded.
    Call log:
      - waiting for locator('[data-testid="service-card"]').first()


      278 |
      279 |     // Focus element
    > 280 |     await serviceCard.focus();
          |                       ^
      281 |
      282 |     // Check for visible focus indicator
      283 |     const focusedElement = await page.evaluate(() => {
        at C:\Dev\Zo\sass-store\tests\e2e\accessibility\keyboard-only-flows.spec.ts:280:23

    attachment #1: screenshot (image/png) ──────────────────────────────────────────────────────────
    ..\..\test-results\accessibility-keyboard-onl-b2084-ave-proper-focus-indicators-webkit\test-failed-1.png
    ────────────────────────────────────────────────────────────────────────────────────────────────

    attachment #2: video (video/webm) ──────────────────────────────────────────────────────────────
    ..\..\test-results\accessibility-keyboard-onl-b2084-ave-proper-focus-indicators-webkit\video.webm
    ────────────────────────────────────────────────────────────────────────────────────────────────

    Error Context: ..\..\test-results\accessibility-keyboard-onl-b2084-ave-proper-focus-indicators-webkit\error-context.md
]]>
</failure>
<system-out>
<![CDATA[
[[ATTACHMENT|accessibility-keyboard-onl-b2084-ave-proper-focus-indicators-webkit\test-failed-1.png]]

[[ATTACHMENT|accessibility-keyboard-onl-b2084-ave-proper-focus-indicators-webkit\video.webm]]

[[ATTACHMENT|accessibility-keyboard-onl-b2084-ave-proper-focus-indicators-webkit\error-context.md]]
]]>
</system-out>
</testcase>
<testcase name="Screen Reader Booking Flow › should support ARIA live regions for dynamic content" classname="accessibility\keyboard-only-flows.spec.ts" time="17.237">
<failure message="keyboard-only-flows.spec.ts:304:7 should support ARIA live regions for dynamic content" type="FAILURE">
<![CDATA[  [webkit] › accessibility\keyboard-only-flows.spec.ts:304:7 › Screen Reader Booking Flow › should support ARIA live regions for dynamic content 

    TimeoutError: locator.click: Timeout 15000ms exceeded.
    Call log:
      - waiting for locator('[data-testid="service-card"]').first()


      306 |
      307 |     const serviceCard = page.locator('[data-testid="service-card"]').first();
    > 308 |     await serviceCard.click();
          |                       ^
      309 |
      310 |     const timeSlotPicker = page.locator('[data-testid="time-slot-picker"]');
      311 |     if (await timeSlotPicker.isVisible()) {
        at C:\Dev\Zo\sass-store\tests\e2e\accessibility\keyboard-only-flows.spec.ts:308:23

    attachment #1: screenshot (image/png) ──────────────────────────────────────────────────────────
    ..\..\test-results\accessibility-keyboard-onl-ab35a-regions-for-dynamic-content-webkit\test-failed-1.png
    ────────────────────────────────────────────────────────────────────────────────────────────────

    attachment #2: video (video/webm) ──────────────────────────────────────────────────────────────
    ..\..\test-results\accessibility-keyboard-onl-ab35a-regions-for-dynamic-content-webkit\video.webm
    ────────────────────────────────────────────────────────────────────────────────────────────────

    Error Context: ..\..\test-results\accessibility-keyboard-onl-ab35a-regions-for-dynamic-content-webkit\error-context.md
]]>
</failure>
<system-out>
<![CDATA[
[[ATTACHMENT|accessibility-keyboard-onl-ab35a-regions-for-dynamic-content-webkit\test-failed-1.png]]

[[ATTACHMENT|accessibility-keyboard-onl-ab35a-regions-for-dynamic-content-webkit\video.webm]]

[[ATTACHMENT|accessibility-keyboard-onl-ab35a-regions-for-dynamic-content-webkit\error-context.md]]
]]>
</system-out>
</testcase>
</testsuite>
<testsuite name="accessibility.spec.ts" timestamp="2025-10-29T19:08:05.826Z" hostname="webkit" tests="6" failures="5" skipped="0" time="22.063" errors="0">
<testcase name="Accessibility Tests › Screen reader support should be comprehensive" classname="accessibility.spec.ts" time="1.308">
<failure message="accessibility.spec.ts:4:7 Screen reader support should be comprehensive" type="FAILURE">
<![CDATA[  [webkit] › accessibility.spec.ts:4:7 › Accessibility Tests › Screen reader support should be comprehensive 

    Error: expect(received).toBeGreaterThan(expected)

    Expected: > 0
    Received:   0

      16 |     const srOnlyElements = page.locator('.sr-only, .screen-reader-text, .visually-hidden');
      17 |     const srCount = await srOnlyElements.count();
    > 18 |     expect(srCount).toBeGreaterThan(0); // Should have screen reader elements
         |                     ^
      19 |
      20 |     // Validate that screen reader elements are properly hidden
      21 |     for (let i = 0; i < Math.min(5, srCount); i++) {
        at C:\Dev\Zo\sass-store\tests\e2e\accessibility.spec.ts:18:21

    attachment #1: screenshot (image/png) ──────────────────────────────────────────────────────────
    ..\..\test-results\accessibility-Accessibilit-e27a0-ort-should-be-comprehensive-webkit\test-failed-1.png
    ────────────────────────────────────────────────────────────────────────────────────────────────

    attachment #2: video (video/webm) ──────────────────────────────────────────────────────────────
    ..\..\test-results\accessibility-Accessibilit-e27a0-ort-should-be-comprehensive-webkit\video.webm
    ────────────────────────────────────────────────────────────────────────────────────────────────

    Error Context: ..\..\test-results\accessibility-Accessibilit-e27a0-ort-should-be-comprehensive-webkit\error-context.md
]]>
</failure>
<system-out>
<![CDATA[
[[ATTACHMENT|accessibility-Accessibilit-e27a0-ort-should-be-comprehensive-webkit\test-failed-1.png]]

[[ATTACHMENT|accessibility-Accessibilit-e27a0-ort-should-be-comprehensive-webkit\video.webm]]

[[ATTACHMENT|accessibility-Accessibilit-e27a0-ort-should-be-comprehensive-webkit\error-context.md]]
]]>
</system-out>
</testcase>
<testcase name="Accessibility Tests › ARIA attributes should be properly implemented" classname="accessibility.spec.ts" time="1.151">
<failure message="accessibility.spec.ts:75:7 ARIA attributes should be properly implemented" type="FAILURE">
<![CDATA[  [webkit] › accessibility.spec.ts:75:7 › Accessibility Tests › ARIA attributes should be properly implemented 

    Error: expect(received).toBeGreaterThan(expected)

    Expected: > 0
    Received:   0

      78 |     // Check for proper ARIA landmarks
      79 |     const landmarks = page.locator('[role="main"], [role="navigation"], [role="banner"], [role="contentinfo"], main, nav, header, footer');
    > 80 |     expect(await landmarks.count()).toBeGreaterThan(0);
         |                                     ^
      81 |
      82 |     // Check interactive elements have proper ARIA attributes
      83 |     const buttons = page.locator('button');
        at C:\Dev\Zo\sass-store\tests\e2e\accessibility.spec.ts:80:37

    attachment #1: screenshot (image/png) ──────────────────────────────────────────────────────────
    ..\..\test-results\accessibility-Accessibilit-99716-uld-be-properly-implemented-webkit\test-failed-1.png
    ────────────────────────────────────────────────────────────────────────────────────────────────

    attachment #2: video (video/webm) ──────────────────────────────────────────────────────────────
    ..\..\test-results\accessibility-Accessibilit-99716-uld-be-properly-implemented-webkit\video.webm
    ────────────────────────────────────────────────────────────────────────────────────────────────

    Error Context: ..\..\test-results\accessibility-Accessibilit-99716-uld-be-properly-implemented-webkit\error-context.md
]]>
</failure>
<system-out>
<![CDATA[
[[ATTACHMENT|accessibility-Accessibilit-99716-uld-be-properly-implemented-webkit\test-failed-1.png]]

[[ATTACHMENT|accessibility-Accessibilit-99716-uld-be-properly-implemented-webkit\video.webm]]

[[ATTACHMENT|accessibility-Accessibilit-99716-uld-be-properly-implemented-webkit\error-context.md]]
]]>
</system-out>
</testcase>
<testcase name="Accessibility Tests › Color contrast should meet WCAG requirements" classname="accessibility.spec.ts" time="1.109">
</testcase>
<testcase name="Accessibility Tests › Keyboard navigation should work throughout the app" classname="accessibility.spec.ts" time="1.086">
<failure message="accessibility.spec.ts:191:7 Keyboard navigation should work throughout the app" type="FAILURE">
<![CDATA[  [webkit] › accessibility.spec.ts:191:7 › Accessibility Tests › Keyboard navigation should work throughout the app 

    Error: expect(received).toBeGreaterThan(expected)

    Expected: > 0
    Received:   0

      195 |     let focusableElements = await page.locator('a, button, input, textarea, select, [tabindex]:not([tabindex="-1"])').all();
      196 |
    > 197 |     expect(focusableElements.length).toBeGreaterThan(0);
          |                                      ^
      198 |
      199 |     // Test Tab navigation
      200 |     await page.keyboard.press('Tab');
        at C:\Dev\Zo\sass-store\tests\e2e\accessibility.spec.ts:197:38

    attachment #1: screenshot (image/png) ──────────────────────────────────────────────────────────
    ..\..\test-results\accessibility-Accessibilit-c4f34-uld-work-throughout-the-app-webkit\test-failed-1.png
    ────────────────────────────────────────────────────────────────────────────────────────────────

    attachment #2: video (video/webm) ──────────────────────────────────────────────────────────────
    ..\..\test-results\accessibility-Accessibilit-c4f34-uld-work-throughout-the-app-webkit\video.webm
    ────────────────────────────────────────────────────────────────────────────────────────────────

    Error Context: ..\..\test-results\accessibility-Accessibilit-c4f34-uld-work-throughout-the-app-webkit\error-context.md
]]>
</failure>
<system-out>
<![CDATA[
[[ATTACHMENT|accessibility-Accessibilit-c4f34-uld-work-throughout-the-app-webkit\test-failed-1.png]]

[[ATTACHMENT|accessibility-Accessibilit-c4f34-uld-work-throughout-the-app-webkit\video.webm]]

[[ATTACHMENT|accessibility-Accessibilit-c4f34-uld-work-throughout-the-app-webkit\error-context.md]]
]]>
</system-out>
</testcase>
<testcase name="Accessibility Tests › Focus management should work correctly" classname="accessibility.spec.ts" time="16.362">
<failure message="accessibility.spec.ts:233:7 Focus management should work correctly" type="FAILURE">
<![CDATA[  [webkit] › accessibility.spec.ts:233:7 › Accessibility Tests › Focus management should work correctly 

    TimeoutError: page.click: Timeout 15000ms exceeded.
    Call log:
      - waiting for locator('body')
        - locator resolved to <body>…</body>
      - attempting click action
        2 × waiting for element to be visible, enabled and stable
          - element is not visible
        - retrying click action
        - waiting 20ms
        2 × waiting for element to be visible, enabled and stable
          - element is not visible
        - retrying click action
          - waiting 100ms
        20 × waiting for element to be visible, enabled and stable
           - element is not visible
         - retrying click action
           - waiting 500ms
        - waiting for element to be visible, enabled and stable


      261 |
      262 |     // Test that clicking outside elements doesn't break focus
    > 263 |     await page.click('body');
          |                ^
      264 |     await page.keyboard.press('Tab');
      265 |
      266 |     const newFocused = page.locator(':focus');
        at C:\Dev\Zo\sass-store\tests\e2e\accessibility.spec.ts:263:16

    attachment #1: screenshot (image/png) ──────────────────────────────────────────────────────────
    ..\..\test-results\accessibility-Accessibilit-ebd5e-ement-should-work-correctly-webkit\test-failed-1.png
    ────────────────────────────────────────────────────────────────────────────────────────────────

    attachment #2: video (video/webm) ──────────────────────────────────────────────────────────────
    ..\..\test-results\accessibility-Accessibilit-ebd5e-ement-should-work-correctly-webkit\video.webm
    ────────────────────────────────────────────────────────────────────────────────────────────────

    Error Context: ..\..\test-results\accessibility-Accessibilit-ebd5e-ement-should-work-correctly-webkit\error-context.md
]]>
</failure>
<system-out>
<![CDATA[
[[ATTACHMENT|accessibility-Accessibilit-ebd5e-ement-should-work-correctly-webkit\test-failed-1.png]]

[[ATTACHMENT|accessibility-Accessibilit-ebd5e-ement-should-work-correctly-webkit\video.webm]]

[[ATTACHMENT|accessibility-Accessibilit-ebd5e-ement-should-work-correctly-webkit\error-context.md]]
]]>
</system-out>
</testcase>
<testcase name="Accessibility Tests › Screen reader announcements should be present" classname="accessibility.spec.ts" time="1.047">
<failure message="accessibility.spec.ts:270:7 Screen reader announcements should be present" type="FAILURE">
<![CDATA[  [webkit] › accessibility.spec.ts:270:7 › Accessibility Tests › Screen reader announcements should be present 

    Error: expect(received).toBeGreaterThan(expected)

    Expected: > 0
    Received:   0

      273 |     // Check for live regions
      274 |     const liveRegions = page.locator('[aria-live], [role="status"], [role="alert"]');
    > 275 |     expect(await liveRegions.count()).toBeGreaterThan(0);
          |                                       ^
      276 |
      277 |     // Check for proper page title
      278 |     const title = await page.title();
        at C:\Dev\Zo\sass-store\tests\e2e\accessibility.spec.ts:275:39

    attachment #1: screenshot (image/png) ──────────────────────────────────────────────────────────
    ..\..\test-results\accessibility-Accessibilit-e9f41-uncements-should-be-present-webkit\test-failed-1.png
    ────────────────────────────────────────────────────────────────────────────────────────────────

    attachment #2: video (video/webm) ──────────────────────────────────────────────────────────────
    ..\..\test-results\accessibility-Accessibilit-e9f41-uncements-should-be-present-webkit\video.webm
    ────────────────────────────────────────────────────────────────────────────────────────────────

    Error Context: ..\..\test-results\accessibility-Accessibilit-e9f41-uncements-should-be-present-webkit\error-context.md
]]>
</failure>
<system-out>
<![CDATA[
[[ATTACHMENT|accessibility-Accessibilit-e9f41-uncements-should-be-present-webkit\test-failed-1.png]]

[[ATTACHMENT|accessibility-Accessibilit-e9f41-uncements-should-be-present-webkit\video.webm]]

[[ATTACHMENT|accessibility-Accessibilit-e9f41-uncements-should-be-present-webkit\error-context.md]]
]]>
</system-out>
</testcase>
</testsuite>
<testsuite name="auth\forgot-password.spec.ts" timestamp="2025-10-29T19:08:05.826Z" hostname="webkit" tests="20" failures="20" skipped="0" time="248.452" errors="0">
<testcase name="Forgot Password Flow › should display forgot password page correctly" classname="auth\forgot-password.spec.ts" time="8.129">
<failure message="forgot-password.spec.ts:7:7 should display forgot password page correctly" type="FAILURE">
<![CDATA[  [webkit] › auth\forgot-password.spec.ts:7:7 › Forgot Password Flow › should display forgot password page correctly 

    Error: expect(locator).toContainText(expected) failed

    Locator: locator('h2')
    Expected substring: "Recuperar Contraseña"
    Timeout: 5000ms
    Error: element(s) not found

    Call log:
      - Expect "toContainText" with timeout 5000ms
      - waiting for locator('h2')


       9 |
      10 |     // Check page elements
    > 11 |     await expect(page.locator("h2")).toContainText("Recuperar Contraseña");
         |                                      ^
      12 |     await expect(page.locator('input[type="email"]')).toBeVisible();
      13 |     await expect(page.locator('button[type="submit"]')).toBeVisible();
      14 |     await expect(page.locator('a[href*="login"]')).toBeVisible();
        at C:\Dev\Zo\sass-store\tests\e2e\auth\forgot-password.spec.ts:11:38

    attachment #1: screenshot (image/png) ──────────────────────────────────────────────────────────
    ..\..\test-results\auth-forgot-password-Forgo-b8109-got-password-page-correctly-webkit\test-failed-1.png
    ────────────────────────────────────────────────────────────────────────────────────────────────

    attachment #2: video (video/webm) ──────────────────────────────────────────────────────────────
    ..\..\test-results\auth-forgot-password-Forgo-b8109-got-password-page-correctly-webkit\video.webm
    ────────────────────────────────────────────────────────────────────────────────────────────────

    Error Context: ..\..\test-results\auth-forgot-password-Forgo-b8109-got-password-page-correctly-webkit\error-context.md
]]>
</failure>
<system-out>
<![CDATA[
[[ATTACHMENT|auth-forgot-password-Forgo-b8109-got-password-page-correctly-webkit\test-failed-1.png]]

[[ATTACHMENT|auth-forgot-password-Forgo-b8109-got-password-page-correctly-webkit\video.webm]]

[[ATTACHMENT|auth-forgot-password-Forgo-b8109-got-password-page-correctly-webkit\error-context.md]]
]]>
</system-out>
</testcase>
<testcase name="Forgot Password Flow › should show validation error for empty email" classname="auth\forgot-password.spec.ts" time="16.905">
<failure message="forgot-password.spec.ts:17:7 should show validation error for empty email" type="FAILURE">
<![CDATA[  [webkit] › auth\forgot-password.spec.ts:17:7 › Forgot Password Flow › should show validation error for empty email 

    TimeoutError: locator.click: Timeout 15000ms exceeded.
    Call log:
      - waiting for locator('button[type="submit"]')


      19 |
      20 |     // Try to submit without email
    > 21 |     await page.locator('button[type="submit"]').click();
         |                                                 ^
      22 |
      23 |     // HTML5 validation should prevent submission
      24 |     const emailInput = page.locator('input[type="email"]');
        at C:\Dev\Zo\sass-store\tests\e2e\auth\forgot-password.spec.ts:21:49

    attachment #1: screenshot (image/png) ──────────────────────────────────────────────────────────
    ..\..\test-results\auth-forgot-password-Forgo-92db9-ation-error-for-empty-email-webkit\test-failed-1.png
    ────────────────────────────────────────────────────────────────────────────────────────────────

    attachment #2: video (video/webm) ──────────────────────────────────────────────────────────────
    ..\..\test-results\auth-forgot-password-Forgo-92db9-ation-error-for-empty-email-webkit\video.webm
    ────────────────────────────────────────────────────────────────────────────────────────────────

    Error Context: ..\..\test-results\auth-forgot-password-Forgo-92db9-ation-error-for-empty-email-webkit\error-context.md
]]>
</failure>
<system-out>
<![CDATA[
[[ATTACHMENT|auth-forgot-password-Forgo-92db9-ation-error-for-empty-email-webkit\test-failed-1.png]]

[[ATTACHMENT|auth-forgot-password-Forgo-92db9-ation-error-for-empty-email-webkit\video.webm]]

[[ATTACHMENT|auth-forgot-password-Forgo-92db9-ation-error-for-empty-email-webkit\error-context.md]]
]]>
</system-out>
</testcase>
<testcase name="Forgot Password Flow › should show validation error for invalid email format" classname="auth\forgot-password.spec.ts" time="17.056">
<failure message="forgot-password.spec.ts:31:7 should show validation error for invalid email format" type="FAILURE">
<![CDATA[  [webkit] › auth\forgot-password.spec.ts:31:7 › Forgot Password Flow › should show validation error for invalid email format 

    TimeoutError: locator.fill: Timeout 15000ms exceeded.
    Call log:
      - waiting for locator('input[type="email"]')


      34 |     await page.goto("/t/wondernails/forgot-password");
      35 |
    > 36 |     await page.locator('input[type="email"]').fill("invalid-email");
         |                                               ^
      37 |     await page.locator('button[type="submit"]').click();
      38 |
      39 |     // HTML5 validation should prevent submission
        at C:\Dev\Zo\sass-store\tests\e2e\auth\forgot-password.spec.ts:36:47

    attachment #1: screenshot (image/png) ──────────────────────────────────────────────────────────
    ..\..\test-results\auth-forgot-password-Forgo-4688c-or-for-invalid-email-format-webkit\test-failed-1.png
    ────────────────────────────────────────────────────────────────────────────────────────────────

    attachment #2: video (video/webm) ──────────────────────────────────────────────────────────────
    ..\..\test-results\auth-forgot-password-Forgo-4688c-or-for-invalid-email-format-webkit\video.webm
    ────────────────────────────────────────────────────────────────────────────────────────────────

    Error Context: ..\..\test-results\auth-forgot-password-Forgo-4688c-or-for-invalid-email-format-webkit\error-context.md
]]>
</failure>
<system-out>
<![CDATA[
[[ATTACHMENT|auth-forgot-password-Forgo-4688c-or-for-invalid-email-format-webkit\test-failed-1.png]]

[[ATTACHMENT|auth-forgot-password-Forgo-4688c-or-for-invalid-email-format-webkit\video.webm]]

[[ATTACHMENT|auth-forgot-password-Forgo-4688c-or-for-invalid-email-format-webkit\error-context.md]]
]]>
</system-out>
</testcase>
<testcase name="Forgot Password Flow › should successfully submit forgot password request" classname="auth\forgot-password.spec.ts" time="17.007">
<failure message="forgot-password.spec.ts:47:7 should successfully submit forgot password request" type="FAILURE">
<![CDATA[  [webkit] › auth\forgot-password.spec.ts:47:7 › Forgot Password Flow › should successfully submit forgot password request 

    TimeoutError: locator.fill: Timeout 15000ms exceeded.
    Call log:
      - waiting for locator('input[type="email"]')


      50 |     await page.goto("/t/wondernails/forgot-password");
      51 |
    > 52 |     await page.locator('input[type="email"]').fill(testEmail);
         |                                               ^
      53 |     await page.locator('button[type="submit"]').click();
      54 |
      55 |     // Should show success message
        at C:\Dev\Zo\sass-store\tests\e2e\auth\forgot-password.spec.ts:52:47

    attachment #1: screenshot (image/png) ──────────────────────────────────────────────────────────
    ..\..\test-results\auth-forgot-password-Forgo-f80cd-mit-forgot-password-request-webkit\test-failed-1.png
    ────────────────────────────────────────────────────────────────────────────────────────────────

    attachment #2: video (video/webm) ──────────────────────────────────────────────────────────────
    ..\..\test-results\auth-forgot-password-Forgo-f80cd-mit-forgot-password-request-webkit\video.webm
    ────────────────────────────────────────────────────────────────────────────────────────────────

    Error Context: ..\..\test-results\auth-forgot-password-Forgo-f80cd-mit-forgot-password-request-webkit\error-context.md
]]>
</failure>
<system-out>
<![CDATA[
[[ATTACHMENT|auth-forgot-password-Forgo-f80cd-mit-forgot-password-request-webkit\test-failed-1.png]]

[[ATTACHMENT|auth-forgot-password-Forgo-f80cd-mit-forgot-password-request-webkit\video.webm]]

[[ATTACHMENT|auth-forgot-password-Forgo-f80cd-mit-forgot-password-request-webkit\error-context.md]]
]]>
</system-out>
</testcase>
<testcase name="Forgot Password Flow › should navigate back to login from forgot password" classname="auth\forgot-password.spec.ts" time="17.006">
<failure message="forgot-password.spec.ts:67:7 should navigate back to login from forgot password" type="FAILURE">
<![CDATA[  [webkit] › auth\forgot-password.spec.ts:67:7 › Forgot Password Flow › should navigate back to login from forgot password 

    TimeoutError: locator.click: Timeout 15000ms exceeded.
    Call log:
      - waiting for locator('a[href*="login"]').first()


      70 |     await page.goto("/t/wondernails/forgot-password");
      71 |
    > 72 |     await page.locator('a[href*="login"]').first().click();
         |                                                    ^
      73 |     await page.waitForURL("**/login");
      74 |
      75 |     expect(page.url()).toContain("/login");
        at C:\Dev\Zo\sass-store\tests\e2e\auth\forgot-password.spec.ts:72:52

    attachment #1: screenshot (image/png) ──────────────────────────────────────────────────────────
    ..\..\test-results\auth-forgot-password-Forgo-b9124--login-from-forgot-password-webkit\test-failed-1.png
    ────────────────────────────────────────────────────────────────────────────────────────────────

    attachment #2: video (video/webm) ──────────────────────────────────────────────────────────────
    ..\..\test-results\auth-forgot-password-Forgo-b9124--login-from-forgot-password-webkit\video.webm
    ────────────────────────────────────────────────────────────────────────────────────────────────

    Error Context: ..\..\test-results\auth-forgot-password-Forgo-b9124--login-from-forgot-password-webkit\error-context.md
]]>
</failure>
<system-out>
<![CDATA[
[[ATTACHMENT|auth-forgot-password-Forgo-b9124--login-from-forgot-password-webkit\test-failed-1.png]]

[[ATTACHMENT|auth-forgot-password-Forgo-b9124--login-from-forgot-password-webkit\video.webm]]

[[ATTACHMENT|auth-forgot-password-Forgo-b9124--login-from-forgot-password-webkit\error-context.md]]
]]>
</system-out>
</testcase>
<testcase name="Forgot Password Flow › should display forgot password link on login page" classname="auth\forgot-password.spec.ts" time="7.379">
<failure message="forgot-password.spec.ts:78:7 should display forgot password link on login page" type="FAILURE">
<![CDATA[  [webkit] › auth\forgot-password.spec.ts:78:7 › Forgot Password Flow › should display forgot password link on login page 

    Error: expect(locator).toBeVisible() failed

    Locator: locator('a[href*="forgot-password"]').first()
    Expected: visible
    Timeout: 5000ms
    Error: element(s) not found

    Call log:
      - Expect "toBeVisible" with timeout 5000ms
      - waiting for locator('a[href*="forgot-password"]').first()


      84 |       .locator('a[href*="forgot-password"]')
      85 |       .first();
    > 86 |     await expect(forgotPasswordLink).toBeVisible();
         |                                      ^
      87 |     await expect(forgotPasswordLink).toContainText("Olvidaste");
      88 |   });
      89 |
        at C:\Dev\Zo\sass-store\tests\e2e\auth\forgot-password.spec.ts:86:38

    attachment #1: screenshot (image/png) ──────────────────────────────────────────────────────────
    ..\..\test-results\auth-forgot-password-Forgo-1e77d-password-link-on-login-page-webkit\test-failed-1.png
    ────────────────────────────────────────────────────────────────────────────────────────────────

    attachment #2: video (video/webm) ──────────────────────────────────────────────────────────────
    ..\..\test-results\auth-forgot-password-Forgo-1e77d-password-link-on-login-page-webkit\video.webm
    ────────────────────────────────────────────────────────────────────────────────────────────────

    Error Context: ..\..\test-results\auth-forgot-password-Forgo-1e77d-password-link-on-login-page-webkit\error-context.md
]]>
</failure>
<system-out>
<![CDATA[
[[ATTACHMENT|auth-forgot-password-Forgo-1e77d-password-link-on-login-page-webkit\test-failed-1.png]]

[[ATTACHMENT|auth-forgot-password-Forgo-1e77d-password-link-on-login-page-webkit\video.webm]]

[[ATTACHMENT|auth-forgot-password-Forgo-1e77d-password-link-on-login-page-webkit\error-context.md]]
]]>
</system-out>
</testcase>
<testcase name="Forgot Password Flow › should navigate from login to forgot password" classname="auth\forgot-password.spec.ts" time="16.41">
<failure message="forgot-password.spec.ts:90:7 should navigate from login to forgot password" type="FAILURE">
<![CDATA[  [webkit] › auth\forgot-password.spec.ts:90:7 › Forgot Password Flow › should navigate from login to forgot password 

    TimeoutError: locator.click: Timeout 15000ms exceeded.
    Call log:
      - waiting for locator('a[href*="forgot-password"]').first()


      91 |     await page.goto("/t/wondernails/login");
      92 |
    > 93 |     await page.locator('a[href*="forgot-password"]').first().click();
         |                                                              ^
      94 |     await page.waitForURL("**/forgot-password");
      95 |
      96 |     expect(page.url()).toContain("/forgot-password");
        at C:\Dev\Zo\sass-store\tests\e2e\auth\forgot-password.spec.ts:93:62

    attachment #1: screenshot (image/png) ──────────────────────────────────────────────────────────
    ..\..\test-results\auth-forgot-password-Forgo-a79f0-om-login-to-forgot-password-webkit\test-failed-1.png
    ────────────────────────────────────────────────────────────────────────────────────────────────

    attachment #2: video (video/webm) ──────────────────────────────────────────────────────────────
    ..\..\test-results\auth-forgot-password-Forgo-a79f0-om-login-to-forgot-password-webkit\video.webm
    ────────────────────────────────────────────────────────────────────────────────────────────────

    Error Context: ..\..\test-results\auth-forgot-password-Forgo-a79f0-om-login-to-forgot-password-webkit\error-context.md
]]>
</failure>
<system-out>
<![CDATA[
[[ATTACHMENT|auth-forgot-password-Forgo-a79f0-om-login-to-forgot-password-webkit\test-failed-1.png]]

[[ATTACHMENT|auth-forgot-password-Forgo-a79f0-om-login-to-forgot-password-webkit\video.webm]]

[[ATTACHMENT|auth-forgot-password-Forgo-a79f0-om-login-to-forgot-password-webkit\error-context.md]]
]]>
</system-out>
</testcase>
<testcase name="Reset Password Flow › should display error for missing token" classname="auth\forgot-password.spec.ts" time="6.982">
<failure message="forgot-password.spec.ts:105:7 should display error for missing token" type="FAILURE">
<![CDATA[  [webkit] › auth\forgot-password.spec.ts:105:7 › Reset Password Flow › should display error for missing token 

    Error: expect(locator).toBeVisible() failed

    Locator: locator('text=Token de recuperación no válido')
    Expected: visible
    Timeout: 5000ms
    Error: element(s) not found

    Call log:
      - Expect "toBeVisible" with timeout 5000ms
      - waiting for locator('text=Token de recuperación no válido')


      108 |     await expect(
      109 |       page.locator("text=Token de recuperación no válido")
    > 110 |     ).toBeVisible();
          |       ^
      111 |     await expect(page.locator('a[href*="forgot-password"]')).toBeVisible();
      112 |   });
      113 |
        at C:\Dev\Zo\sass-store\tests\e2e\auth\forgot-password.spec.ts:110:7

    attachment #1: screenshot (image/png) ──────────────────────────────────────────────────────────
    ..\..\test-results\auth-forgot-password-Reset-35322-lay-error-for-missing-token-webkit\test-failed-1.png
    ────────────────────────────────────────────────────────────────────────────────────────────────

    attachment #2: video (video/webm) ──────────────────────────────────────────────────────────────
    ..\..\test-results\auth-forgot-password-Reset-35322-lay-error-for-missing-token-webkit\video.webm
    ────────────────────────────────────────────────────────────────────────────────────────────────

    Error Context: ..\..\test-results\auth-forgot-password-Reset-35322-lay-error-for-missing-token-webkit\error-context.md
]]>
</failure>
<system-out>
<![CDATA[
[[ATTACHMENT|auth-forgot-password-Reset-35322-lay-error-for-missing-token-webkit\test-failed-1.png]]

[[ATTACHMENT|auth-forgot-password-Reset-35322-lay-error-for-missing-token-webkit\video.webm]]

[[ATTACHMENT|auth-forgot-password-Reset-35322-lay-error-for-missing-token-webkit\error-context.md]]
]]>
</system-out>
</testcase>
<testcase name="Reset Password Flow › should display error for invalid token" classname="auth\forgot-password.spec.ts" time="6.351">
<failure message="forgot-password.spec.ts:114:7 should display error for invalid token" type="FAILURE">
<![CDATA[  [webkit] › auth\forgot-password.spec.ts:114:7 › Reset Password Flow › should display error for invalid token 

    Error: expect(locator).toContainText(expected) failed

    Locator: locator('h2')
    Expected substring: "Restablecer Contraseña"
    Timeout: 5000ms
    Error: element(s) not found

    Call log:
      - Expect "toContainText" with timeout 5000ms
      - waiting for locator('h2')


      116 |
      117 |     // Page should load
    > 118 |     await expect(page.locator("h2")).toContainText("Restablecer Contraseña");
          |                                      ^
      119 |   });
      120 |
      121 |   test("should display reset password form with valid token", async ({
        at C:\Dev\Zo\sass-store\tests\e2e\auth\forgot-password.spec.ts:118:38

    attachment #1: screenshot (image/png) ──────────────────────────────────────────────────────────
    ..\..\test-results\auth-forgot-password-Reset-215d8-lay-error-for-invalid-token-webkit\test-failed-1.png
    ────────────────────────────────────────────────────────────────────────────────────────────────

    attachment #2: video (video/webm) ──────────────────────────────────────────────────────────────
    ..\..\test-results\auth-forgot-password-Reset-215d8-lay-error-for-invalid-token-webkit\video.webm
    ────────────────────────────────────────────────────────────────────────────────────────────────

    Error Context: ..\..\test-results\auth-forgot-password-Reset-215d8-lay-error-for-invalid-token-webkit\error-context.md
]]>
</failure>
<system-out>
<![CDATA[
[[ATTACHMENT|auth-forgot-password-Reset-215d8-lay-error-for-invalid-token-webkit\test-failed-1.png]]

[[ATTACHMENT|auth-forgot-password-Reset-215d8-lay-error-for-invalid-token-webkit\video.webm]]

[[ATTACHMENT|auth-forgot-password-Reset-215d8-lay-error-for-invalid-token-webkit\error-context.md]]
]]>
</system-out>
</testcase>
<testcase name="Reset Password Flow › should display reset password form with valid token" classname="auth\forgot-password.spec.ts" time="6.424">
<failure message="forgot-password.spec.ts:121:7 should display reset password form with valid token" type="FAILURE">
<![CDATA[  [webkit] › auth\forgot-password.spec.ts:121:7 › Reset Password Flow › should display reset password form with valid token 

    Error: expect(locator).toContainText(expected) failed

    Locator: locator('h2')
    Expected substring: "Restablecer Contraseña"
    Timeout: 5000ms
    Error: element(s) not found

    Call log:
      - Expect "toContainText" with timeout 5000ms
      - waiting for locator('h2')


      125 |
      126 |     // Check form elements
    > 127 |     await expect(page.locator("h2")).toContainText("Restablecer Contraseña");
          |                                      ^
      128 |     await expect(page.locator('input[name="password"]')).toBeVisible();
      129 |     await expect(page.locator('input[name="confirmPassword"]')).toBeVisible();
      130 |     await expect(page.locator('button[type="submit"]')).toBeVisible();
        at C:\Dev\Zo\sass-store\tests\e2e\auth\forgot-password.spec.ts:127:38

    attachment #1: screenshot (image/png) ──────────────────────────────────────────────────────────
    ..\..\test-results\auth-forgot-password-Reset-c9a62-sword-form-with-valid-token-webkit\test-failed-1.png
    ────────────────────────────────────────────────────────────────────────────────────────────────

    attachment #2: video (video/webm) ──────────────────────────────────────────────────────────────
    ..\..\test-results\auth-forgot-password-Reset-c9a62-sword-form-with-valid-token-webkit\video.webm
    ────────────────────────────────────────────────────────────────────────────────────────────────

    Error Context: ..\..\test-results\auth-forgot-password-Reset-c9a62-sword-form-with-valid-token-webkit\error-context.md
]]>
</failure>
<system-out>
<![CDATA[
[[ATTACHMENT|auth-forgot-password-Reset-c9a62-sword-form-with-valid-token-webkit\test-failed-1.png]]

[[ATTACHMENT|auth-forgot-password-Reset-c9a62-sword-form-with-valid-token-webkit\video.webm]]

[[ATTACHMENT|auth-forgot-password-Reset-c9a62-sword-form-with-valid-token-webkit\error-context.md]]
]]>
</system-out>
</testcase>
<testcase name="Reset Password Flow › should toggle password visibility" classname="auth\forgot-password.spec.ts" time="6.511">
<failure message="forgot-password.spec.ts:133:7 should toggle password visibility" type="FAILURE">
<![CDATA[  [webkit] › auth\forgot-password.spec.ts:133:7 › Reset Password Flow › should toggle password visibility 

    Error: expect(locator).toHaveAttribute(expected) failed

    Locator: locator('input[name="password"]')
    Expected: "password"
    Timeout: 5000ms
    Error: element(s) not found

    Call log:
      - Expect "toHaveAttribute" with timeout 5000ms
      - waiting for locator('input[name="password"]')


      140 |
      141 |     // Initially should be password type
    > 142 |     await expect(passwordInput).toHaveAttribute("type", "password");
          |                                 ^
      143 |
      144 |     // Click toggle
      145 |     await toggleButton.click();
        at C:\Dev\Zo\sass-store\tests\e2e\auth\forgot-password.spec.ts:142:33

    attachment #1: screenshot (image/png) ──────────────────────────────────────────────────────────
    ..\..\test-results\auth-forgot-password-Reset-cd96a--toggle-password-visibility-webkit\test-failed-1.png
    ────────────────────────────────────────────────────────────────────────────────────────────────

    attachment #2: video (video/webm) ──────────────────────────────────────────────────────────────
    ..\..\test-results\auth-forgot-password-Reset-cd96a--toggle-password-visibility-webkit\video.webm
    ────────────────────────────────────────────────────────────────────────────────────────────────

    Error Context: ..\..\test-results\auth-forgot-password-Reset-cd96a--toggle-password-visibility-webkit\error-context.md
]]>
</failure>
<system-out>
<![CDATA[
[[ATTACHMENT|auth-forgot-password-Reset-cd96a--toggle-password-visibility-webkit\test-failed-1.png]]

[[ATTACHMENT|auth-forgot-password-Reset-cd96a--toggle-password-visibility-webkit\video.webm]]

[[ATTACHMENT|auth-forgot-password-Reset-cd96a--toggle-password-visibility-webkit\error-context.md]]
]]>
</system-out>
</testcase>
<testcase name="Reset Password Flow › should show error when passwords do not match" classname="auth\forgot-password.spec.ts" time="16.53">
<failure message="forgot-password.spec.ts:155:7 should show error when passwords do not match" type="FAILURE">
<![CDATA[  [webkit] › auth\forgot-password.spec.ts:155:7 › Reset Password Flow › should show error when passwords do not match 

    TimeoutError: locator.fill: Timeout 15000ms exceeded.
    Call log:
      - waiting for locator('input[name="password"]')


      156 |     await page.goto(`/t/wondernails/reset-password?token=${validToken}`);
      157 |
    > 158 |     await page.locator('input[name="password"]').fill("Password123!");
          |                                                  ^
      159 |     await page
      160 |       .locator('input[name="confirmPassword"]')
      161 |       .fill("DifferentPassword123!");
        at C:\Dev\Zo\sass-store\tests\e2e\auth\forgot-password.spec.ts:158:50

    attachment #1: screenshot (image/png) ──────────────────────────────────────────────────────────
    ..\..\test-results\auth-forgot-password-Reset-b63d7-when-passwords-do-not-match-webkit\test-failed-1.png
    ────────────────────────────────────────────────────────────────────────────────────────────────

    attachment #2: video (video/webm) ──────────────────────────────────────────────────────────────
    ..\..\test-results\auth-forgot-password-Reset-b63d7-when-passwords-do-not-match-webkit\video.webm
    ────────────────────────────────────────────────────────────────────────────────────────────────

    Error Context: ..\..\test-results\auth-forgot-password-Reset-b63d7-when-passwords-do-not-match-webkit\error-context.md
]]>
</failure>
<system-out>
<![CDATA[
[[ATTACHMENT|auth-forgot-password-Reset-b63d7-when-passwords-do-not-match-webkit\test-failed-1.png]]

[[ATTACHMENT|auth-forgot-password-Reset-b63d7-when-passwords-do-not-match-webkit\video.webm]]

[[ATTACHMENT|auth-forgot-password-Reset-b63d7-when-passwords-do-not-match-webkit\error-context.md]]
]]>
</system-out>
</testcase>
<testcase name="Reset Password Flow › should show error for password less than 8 characters" classname="auth\forgot-password.spec.ts" time="17.035">
<failure message="forgot-password.spec.ts:168:7 should show error for password less than 8 characters" type="FAILURE">
<![CDATA[  [webkit] › auth\forgot-password.spec.ts:168:7 › Reset Password Flow › should show error for password less than 8 characters 

    TimeoutError: locator.fill: Timeout 15000ms exceeded.
    Call log:
      - waiting for locator('input[name="password"]')


      172 |
      173 |     const shortPassword = "Pass1!";
    > 174 |     await page.locator('input[name="password"]').fill(shortPassword);
          |                                                  ^
      175 |     await page.locator('input[name="confirmPassword"]').fill(shortPassword);
      176 |     await page.locator('button[type="submit"]').click();
      177 |
        at C:\Dev\Zo\sass-store\tests\e2e\auth\forgot-password.spec.ts:174:50

    attachment #1: screenshot (image/png) ──────────────────────────────────────────────────────────
    ..\..\test-results\auth-forgot-password-Reset-0f315-word-less-than-8-characters-webkit\test-failed-1.png
    ────────────────────────────────────────────────────────────────────────────────────────────────

    attachment #2: video (video/webm) ──────────────────────────────────────────────────────────────
    ..\..\test-results\auth-forgot-password-Reset-0f315-word-less-than-8-characters-webkit\video.webm
    ────────────────────────────────────────────────────────────────────────────────────────────────

    Error Context: ..\..\test-results\auth-forgot-password-Reset-0f315-word-less-than-8-characters-webkit\error-context.md
]]>
</failure>
<system-out>
<![CDATA[
[[ATTACHMENT|auth-forgot-password-Reset-0f315-word-less-than-8-characters-webkit\test-failed-1.png]]

[[ATTACHMENT|auth-forgot-password-Reset-0f315-word-less-than-8-characters-webkit\video.webm]]

[[ATTACHMENT|auth-forgot-password-Reset-0f315-word-less-than-8-characters-webkit\error-context.md]]
]]>
</system-out>
</testcase>
<testcase name="Reset Password Flow › should show loading state when submitting" classname="auth\forgot-password.spec.ts" time="17.152">
<failure message="forgot-password.spec.ts:182:7 should show loading state when submitting" type="FAILURE">
<![CDATA[  [webkit] › auth\forgot-password.spec.ts:182:7 › Reset Password Flow › should show loading state when submitting 

    TimeoutError: locator.fill: Timeout 15000ms exceeded.
    Call log:
      - waiting for locator('input[name="password"]')


      183 |     await page.goto(`/t/wondernails/reset-password?token=${validToken}`);
      184 |
    > 185 |     await page.locator('input[name="password"]').fill(newPassword);
          |                                                  ^
      186 |     await page.locator('input[name="confirmPassword"]').fill(newPassword);
      187 |
      188 |     const submitButton = page.locator('button[type="submit"]');
        at C:\Dev\Zo\sass-store\tests\e2e\auth\forgot-password.spec.ts:185:50

    attachment #1: screenshot (image/png) ──────────────────────────────────────────────────────────
    ..\..\test-results\auth-forgot-password-Reset-6acec-ading-state-when-submitting-webkit\test-failed-1.png
    ────────────────────────────────────────────────────────────────────────────────────────────────

    attachment #2: video (video/webm) ──────────────────────────────────────────────────────────────
    ..\..\test-results\auth-forgot-password-Reset-6acec-ading-state-when-submitting-webkit\video.webm
    ────────────────────────────────────────────────────────────────────────────────────────────────

    Error Context: ..\..\test-results\auth-forgot-password-Reset-6acec-ading-state-when-submitting-webkit\error-context.md
]]>
</failure>
<system-out>
<![CDATA[
[[ATTACHMENT|auth-forgot-password-Reset-6acec-ading-state-when-submitting-webkit\test-failed-1.png]]

[[ATTACHMENT|auth-forgot-password-Reset-6acec-ading-state-when-submitting-webkit\video.webm]]

[[ATTACHMENT|auth-forgot-password-Reset-6acec-ading-state-when-submitting-webkit\error-context.md]]
]]>
</system-out>
</testcase>
<testcase name="Reset Password Flow › should navigate back to login from reset password" classname="auth\forgot-password.spec.ts" time="17.178">
<failure message="forgot-password.spec.ts:197:7 should navigate back to login from reset password" type="FAILURE">
<![CDATA[  [webkit] › auth\forgot-password.spec.ts:197:7 › Reset Password Flow › should navigate back to login from reset password 

    TimeoutError: locator.click: Timeout 15000ms exceeded.
    Call log:
      - waiting for locator('a[href*="login"]').first()


      200 |     await page.goto(`/t/wondernails/reset-password?token=${validToken}`);
      201 |
    > 202 |     await page.locator('a[href*="login"]').first().click();
          |                                                    ^
      203 |     await page.waitForURL("**/login");
      204 |
      205 |     expect(page.url()).toContain("/login");
        at C:\Dev\Zo\sass-store\tests\e2e\auth\forgot-password.spec.ts:202:52

    attachment #1: screenshot (image/png) ──────────────────────────────────────────────────────────
    ..\..\test-results\auth-forgot-password-Reset-39fa9-o-login-from-reset-password-webkit\test-failed-1.png
    ────────────────────────────────────────────────────────────────────────────────────────────────

    attachment #2: video (video/webm) ──────────────────────────────────────────────────────────────
    ..\..\test-results\auth-forgot-password-Reset-39fa9-o-login-from-reset-password-webkit\video.webm
    ────────────────────────────────────────────────────────────────────────────────────────────────

    Error Context: ..\..\test-results\auth-forgot-password-Reset-39fa9-o-login-from-reset-password-webkit\error-context.md
]]>
</failure>
<system-out>
<![CDATA[
[[ATTACHMENT|auth-forgot-password-Reset-39fa9-o-login-from-reset-password-webkit\test-failed-1.png]]

[[ATTACHMENT|auth-forgot-password-Reset-39fa9-o-login-from-reset-password-webkit\video.webm]]

[[ATTACHMENT|auth-forgot-password-Reset-39fa9-o-login-from-reset-password-webkit\error-context.md]]
]]>
</system-out>
</testcase>
<testcase name="Reset Password Flow › should have proper form accessibility" classname="auth\forgot-password.spec.ts" time="7.158">
<failure message="forgot-password.spec.ts:208:7 should have proper form accessibility" type="FAILURE">
<![CDATA[  [webkit] › auth\forgot-password.spec.ts:208:7 › Reset Password Flow › should have proper form accessibility 

    Error: expect(locator).toBeVisible() failed

    Locator: locator('label[for="password"]')
    Expected: visible
    Timeout: 5000ms
    Error: element(s) not found

    Call log:
      - Expect "toBeVisible" with timeout 5000ms
      - waiting for locator('label[for="password"]')


      213 |     const confirmLabel = page.locator('label[for="confirmPassword"]');
      214 |
    > 215 |     await expect(passwordLabel).toBeVisible();
          |                                 ^
      216 |     await expect(confirmLabel).toBeVisible();
      217 |
      218 |     // Check required attributes
        at C:\Dev\Zo\sass-store\tests\e2e\auth\forgot-password.spec.ts:215:33

    attachment #1: screenshot (image/png) ──────────────────────────────────────────────────────────
    ..\..\test-results\auth-forgot-password-Reset-23b15-e-proper-form-accessibility-webkit\test-failed-1.png
    ────────────────────────────────────────────────────────────────────────────────────────────────

    attachment #2: video (video/webm) ──────────────────────────────────────────────────────────────
    ..\..\test-results\auth-forgot-password-Reset-23b15-e-proper-form-accessibility-webkit\video.webm
    ────────────────────────────────────────────────────────────────────────────────────────────────

    Error Context: ..\..\test-results\auth-forgot-password-Reset-23b15-e-proper-form-accessibility-webkit\error-context.md
]]>
</failure>
<system-out>
<![CDATA[
[[ATTACHMENT|auth-forgot-password-Reset-23b15-e-proper-form-accessibility-webkit\test-failed-1.png]]

[[ATTACHMENT|auth-forgot-password-Reset-23b15-e-proper-form-accessibility-webkit\video.webm]]

[[ATTACHMENT|auth-forgot-password-Reset-23b15-e-proper-form-accessibility-webkit\error-context.md]]
]]>
</system-out>
</testcase>
<testcase name="Reset Password Flow › should handle keyboard navigation" classname="auth\forgot-password.spec.ts" time="7.154">
<failure message="forgot-password.spec.ts:229:7 should handle keyboard navigation" type="FAILURE">
<![CDATA[  [webkit] › auth\forgot-password.spec.ts:229:7 › Reset Password Flow › should handle keyboard navigation 

    Error: expect(locator).toBeFocused() failed

    Locator: locator('input[name="password"]')
    Expected: focused
    Timeout: 5000ms
    Error: element(s) not found

    Call log:
      - Expect "toBeFocused" with timeout 5000ms
      - waiting for locator('input[name="password"]')


      233 |     await page.keyboard.press("Tab");
      234 |     const firstInput = page.locator('input[name="password"]');
    > 235 |     await expect(firstInput).toBeFocused();
          |                              ^
      236 |
      237 |     await page.keyboard.press("Tab");
      238 |     // Should skip the toggle button or move to next input
        at C:\Dev\Zo\sass-store\tests\e2e\auth\forgot-password.spec.ts:235:30

    attachment #1: screenshot (image/png) ──────────────────────────────────────────────────────────
    ..\..\test-results\auth-forgot-password-Reset-08ef7--handle-keyboard-navigation-webkit\test-failed-1.png
    ────────────────────────────────────────────────────────────────────────────────────────────────

    attachment #2: video (video/webm) ──────────────────────────────────────────────────────────────
    ..\..\test-results\auth-forgot-password-Reset-08ef7--handle-keyboard-navigation-webkit\video.webm
    ────────────────────────────────────────────────────────────────────────────────────────────────

    Error Context: ..\..\test-results\auth-forgot-password-Reset-08ef7--handle-keyboard-navigation-webkit\error-context.md
]]>
</failure>
<system-out>
<![CDATA[
[[ATTACHMENT|auth-forgot-password-Reset-08ef7--handle-keyboard-navigation-webkit\test-failed-1.png]]

[[ATTACHMENT|auth-forgot-password-Reset-08ef7--handle-keyboard-navigation-webkit\video.webm]]

[[ATTACHMENT|auth-forgot-password-Reset-08ef7--handle-keyboard-navigation-webkit\error-context.md]]
]]>
</system-out>
</testcase>
<testcase name="Forgot Password - Multiple Tenants › should work correctly for all tenants" classname="auth\forgot-password.spec.ts" time="6.402">
<failure message="forgot-password.spec.ts:249:7 should work correctly for all tenants" type="FAILURE">
<![CDATA[  [webkit] › auth\forgot-password.spec.ts:249:7 › Forgot Password - Multiple Tenants › should work correctly for all tenants 

    Error: expect(locator).toContainText(expected) failed

    Locator: locator('h2')
    Expected substring: "Recuperar"
    Timeout: 5000ms
    Error: element(s) not found

    Call log:
      - Expect "toContainText" with timeout 5000ms
      - waiting for locator('h2')


      252 |
      253 |       // Page should load
    > 254 |       await expect(page.locator("h2")).toContainText("Recuperar");
          |                                        ^
      255 |       await expect(page.locator('input[type="email"]')).toBeVisible();
      256 |
      257 |       // Check back link is tenant-specific
        at C:\Dev\Zo\sass-store\tests\e2e\auth\forgot-password.spec.ts:254:40

    attachment #1: screenshot (image/png) ──────────────────────────────────────────────────────────
    ..\..\test-results\auth-forgot-password-Forgo-d2517-k-correctly-for-all-tenants-webkit\test-failed-1.png
    ────────────────────────────────────────────────────────────────────────────────────────────────

    attachment #2: video (video/webm) ──────────────────────────────────────────────────────────────
    ..\..\test-results\auth-forgot-password-Forgo-d2517-k-correctly-for-all-tenants-webkit\video.webm
    ────────────────────────────────────────────────────────────────────────────────────────────────

    Error Context: ..\..\test-results\auth-forgot-password-Forgo-d2517-k-correctly-for-all-tenants-webkit\error-context.md
]]>
</failure>
<system-out>
<![CDATA[
[[ATTACHMENT|auth-forgot-password-Forgo-d2517-k-correctly-for-all-tenants-webkit\test-failed-1.png]]

[[ATTACHMENT|auth-forgot-password-Forgo-d2517-k-correctly-for-all-tenants-webkit\video.webm]]

[[ATTACHMENT|auth-forgot-password-Forgo-d2517-k-correctly-for-all-tenants-webkit\error-context.md]]
]]>
</system-out>
</testcase>
<testcase name="Forgot Password - Error Handling › should handle network errors gracefully" classname="auth\forgot-password.spec.ts" time="16.506">
<failure message="forgot-password.spec.ts:265:7 should handle network errors gracefully" type="FAILURE">
<![CDATA[  [webkit] › auth\forgot-password.spec.ts:265:7 › Forgot Password - Error Handling › should handle network errors gracefully 

    TimeoutError: locator.fill: Timeout 15000ms exceeded.
    Call log:
      - waiting for locator('input[type="email"]')


      271 |     });
      272 |
    > 273 |     await page.locator('input[type="email"]').fill("test@example.com");
          |                                               ^
      274 |     await page.locator('button[type="submit"]').click();
      275 |
      276 |     // Should show error message
        at C:\Dev\Zo\sass-store\tests\e2e\auth\forgot-password.spec.ts:273:47

    attachment #1: screenshot (image/png) ──────────────────────────────────────────────────────────
    ..\..\test-results\auth-forgot-password-Forgo-07702-e-network-errors-gracefully-webkit\test-failed-1.png
    ────────────────────────────────────────────────────────────────────────────────────────────────

    attachment #2: video (video/webm) ──────────────────────────────────────────────────────────────
    ..\..\test-results\auth-forgot-password-Forgo-07702-e-network-errors-gracefully-webkit\video.webm
    ────────────────────────────────────────────────────────────────────────────────────────────────

    Error Context: ..\..\test-results\auth-forgot-password-Forgo-07702-e-network-errors-gracefully-webkit\error-context.md
]]>
</failure>
<system-out>
<![CDATA[
[[ATTACHMENT|auth-forgot-password-Forgo-07702-e-network-errors-gracefully-webkit\test-failed-1.png]]

[[ATTACHMENT|auth-forgot-password-Forgo-07702-e-network-errors-gracefully-webkit\video.webm]]

[[ATTACHMENT|auth-forgot-password-Forgo-07702-e-network-errors-gracefully-webkit\error-context.md]]
]]>
</system-out>
</testcase>
<testcase name="Forgot Password - Error Handling › should handle API error responses" classname="auth\forgot-password.spec.ts" time="17.177">
<failure message="forgot-password.spec.ts:280:7 should handle API error responses" type="FAILURE">
<![CDATA[  [webkit] › auth\forgot-password.spec.ts:280:7 › Forgot Password - Error Handling › should handle API error responses 

    TimeoutError: locator.fill: Timeout 15000ms exceeded.
    Call log:
      - waiting for locator('input[type="email"]')


      290 |     });
      291 |
    > 292 |     await page.locator('input[type="email"]').fill("test@example.com");
          |                                               ^
      293 |     await page.locator('button[type="submit"]').click();
      294 |
      295 |     // Should show error message
        at C:\Dev\Zo\sass-store\tests\e2e\auth\forgot-password.spec.ts:292:47

    attachment #1: screenshot (image/png) ──────────────────────────────────────────────────────────
    ..\..\test-results\auth-forgot-password-Forgo-a55b7--handle-API-error-responses-webkit\test-failed-1.png
    ────────────────────────────────────────────────────────────────────────────────────────────────

    attachment #2: video (video/webm) ──────────────────────────────────────────────────────────────
    ..\..\test-results\auth-forgot-password-Forgo-a55b7--handle-API-error-responses-webkit\video.webm
    ────────────────────────────────────────────────────────────────────────────────────────────────

    Error Context: ..\..\test-results\auth-forgot-password-Forgo-a55b7--handle-API-error-responses-webkit\error-context.md
]]>
</failure>
<system-out>
<![CDATA[
[[ATTACHMENT|auth-forgot-password-Forgo-a55b7--handle-API-error-responses-webkit\test-failed-1.png]]

[[ATTACHMENT|auth-forgot-password-Forgo-a55b7--handle-API-error-responses-webkit\video.webm]]

[[ATTACHMENT|auth-forgot-password-Forgo-a55b7--handle-API-error-responses-webkit\error-context.md]]
]]>
</system-out>
</testcase>
</testsuite>
<testsuite name="auth\register.spec.ts" timestamp="2025-10-29T19:08:05.826Z" hostname="webkit" tests="14" failures="14" skipped="0" time="91.376" errors="0">
<testcase name="User Registration Flow › should successfully register a new user" classname="auth\register.spec.ts" time="7.52">
<failure message="register.spec.ts:19:7 should successfully register a new user" type="FAILURE">
<![CDATA[  [webkit] › auth\register.spec.ts:19:7 › User Registration Flow › should successfully register a new user 

    Error: expect(locator).toContainText(expected) failed

    Locator: locator('h2')
    Expected substring: "Wonder Nails Studio"
    Timeout: 5000ms
    Error: element(s) not found

    Call log:
      - Expect "toContainText" with timeout 5000ms
      - waiting for locator('h2')


      13 |     // Navigate to Wonder Nails registration page
      14 |     await page.goto("/t/wondernails/register");
    > 15 |     await expect(page.locator("h2")).toContainText("Wonder Nails Studio");
         |                                      ^
      16 |     await expect(page.locator("text=Crea tu cuenta")).toBeVisible();
      17 |   });
      18 |
        at C:\Dev\Zo\sass-store\tests\e2e\auth\register.spec.ts:15:38

    attachment #1: screenshot (image/png) ──────────────────────────────────────────────────────────
    ..\..\test-results\auth-register-User-Registr-fd562-ssfully-register-a-new-user-webkit\test-failed-1.png
    ────────────────────────────────────────────────────────────────────────────────────────────────

    attachment #2: video (video/webm) ──────────────────────────────────────────────────────────────
    ..\..\test-results\auth-register-User-Registr-fd562-ssfully-register-a-new-user-webkit\video.webm
    ────────────────────────────────────────────────────────────────────────────────────────────────

    Error Context: ..\..\test-results\auth-register-User-Registr-fd562-ssfully-register-a-new-user-webkit\error-context.md
]]>
</failure>
<system-out>
<![CDATA[
[[ATTACHMENT|auth-register-User-Registr-fd562-ssfully-register-a-new-user-webkit\test-failed-1.png]]

[[ATTACHMENT|auth-register-User-Registr-fd562-ssfully-register-a-new-user-webkit\video.webm]]

[[ATTACHMENT|auth-register-User-Registr-fd562-ssfully-register-a-new-user-webkit\error-context.md]]
]]>
</system-out>
</testcase>
<testcase name="User Registration Flow › should show password visibility toggle" classname="auth\register.spec.ts" time="6.384">
<failure message="register.spec.ts:43:7 should show password visibility toggle" type="FAILURE">
<![CDATA[  [webkit] › auth\register.spec.ts:43:7 › User Registration Flow › should show password visibility toggle 

    Error: expect(locator).toContainText(expected) failed

    Locator: locator('h2')
    Expected substring: "Wonder Nails Studio"
    Timeout: 5000ms
    Error: element(s) not found

    Call log:
      - Expect "toContainText" with timeout 5000ms
      - waiting for locator('h2')


      13 |     // Navigate to Wonder Nails registration page
      14 |     await page.goto("/t/wondernails/register");
    > 15 |     await expect(page.locator("h2")).toContainText("Wonder Nails Studio");
         |                                      ^
      16 |     await expect(page.locator("text=Crea tu cuenta")).toBeVisible();
      17 |   });
      18 |
        at C:\Dev\Zo\sass-store\tests\e2e\auth\register.spec.ts:15:38

    attachment #1: screenshot (image/png) ──────────────────────────────────────────────────────────
    ..\..\test-results\auth-register-User-Registr-7d97b--password-visibility-toggle-webkit\test-failed-1.png
    ────────────────────────────────────────────────────────────────────────────────────────────────

    attachment #2: video (video/webm) ──────────────────────────────────────────────────────────────
    ..\..\test-results\auth-register-User-Registr-7d97b--password-visibility-toggle-webkit\video.webm
    ────────────────────────────────────────────────────────────────────────────────────────────────

    Error Context: ..\..\test-results\auth-register-User-Registr-7d97b--password-visibility-toggle-webkit\error-context.md
]]>
</failure>
<system-out>
<![CDATA[
[[ATTACHMENT|auth-register-User-Registr-7d97b--password-visibility-toggle-webkit\test-failed-1.png]]

[[ATTACHMENT|auth-register-User-Registr-7d97b--password-visibility-toggle-webkit\video.webm]]

[[ATTACHMENT|auth-register-User-Registr-7d97b--password-visibility-toggle-webkit\error-context.md]]
]]>
</system-out>
</testcase>
<testcase name="User Registration Flow › should validate required fields" classname="auth\register.spec.ts" time="6.338">
<failure message="register.spec.ts:62:7 should validate required fields" type="FAILURE">
<![CDATA[  [webkit] › auth\register.spec.ts:62:7 › User Registration Flow › should validate required fields ─

    Error: expect(locator).toContainText(expected) failed

    Locator: locator('h2')
    Expected substring: "Wonder Nails Studio"
    Timeout: 5000ms
    Error: element(s) not found

    Call log:
      - Expect "toContainText" with timeout 5000ms
      - waiting for locator('h2')


      13 |     // Navigate to Wonder Nails registration page
      14 |     await page.goto("/t/wondernails/register");
    > 15 |     await expect(page.locator("h2")).toContainText("Wonder Nails Studio");
         |                                      ^
      16 |     await expect(page.locator("text=Crea tu cuenta")).toBeVisible();
      17 |   });
      18 |
        at C:\Dev\Zo\sass-store\tests\e2e\auth\register.spec.ts:15:38

    attachment #1: screenshot (image/png) ──────────────────────────────────────────────────────────
    ..\..\test-results\auth-register-User-Registr-f9338-ld-validate-required-fields-webkit\test-failed-1.png
    ────────────────────────────────────────────────────────────────────────────────────────────────

    attachment #2: video (video/webm) ──────────────────────────────────────────────────────────────
    ..\..\test-results\auth-register-User-Registr-f9338-ld-validate-required-fields-webkit\video.webm
    ────────────────────────────────────────────────────────────────────────────────────────────────

    Error Context: ..\..\test-results\auth-register-User-Registr-f9338-ld-validate-required-fields-webkit\error-context.md
]]>
</failure>
<system-out>
<![CDATA[
[[ATTACHMENT|auth-register-User-Registr-f9338-ld-validate-required-fields-webkit\test-failed-1.png]]

[[ATTACHMENT|auth-register-User-Registr-f9338-ld-validate-required-fields-webkit\video.webm]]

[[ATTACHMENT|auth-register-User-Registr-f9338-ld-validate-required-fields-webkit\error-context.md]]
]]>
</system-out>
</testcase>
<testcase name="User Registration Flow › should validate email format" classname="auth\register.spec.ts" time="6.295">
<failure message="register.spec.ts:77:7 should validate email format" type="FAILURE">
<![CDATA[  [webkit] › auth\register.spec.ts:77:7 › User Registration Flow › should validate email format ────

    Error: expect(locator).toContainText(expected) failed

    Locator: locator('h2')
    Expected substring: "Wonder Nails Studio"
    Timeout: 5000ms
    Error: element(s) not found

    Call log:
      - Expect "toContainText" with timeout 5000ms
      - waiting for locator('h2')


      13 |     // Navigate to Wonder Nails registration page
      14 |     await page.goto("/t/wondernails/register");
    > 15 |     await expect(page.locator("h2")).toContainText("Wonder Nails Studio");
         |                                      ^
      16 |     await expect(page.locator("text=Crea tu cuenta")).toBeVisible();
      17 |   });
      18 |
        at C:\Dev\Zo\sass-store\tests\e2e\auth\register.spec.ts:15:38

    attachment #1: screenshot (image/png) ──────────────────────────────────────────────────────────
    ..\..\test-results\auth-register-User-Registr-9a869-hould-validate-email-format-webkit\test-failed-1.png
    ────────────────────────────────────────────────────────────────────────────────────────────────

    attachment #2: video (video/webm) ──────────────────────────────────────────────────────────────
    ..\..\test-results\auth-register-User-Registr-9a869-hould-validate-email-format-webkit\video.webm
    ────────────────────────────────────────────────────────────────────────────────────────────────

    Error Context: ..\..\test-results\auth-register-User-Registr-9a869-hould-validate-email-format-webkit\error-context.md
]]>
</failure>
<system-out>
<![CDATA[
[[ATTACHMENT|auth-register-User-Registr-9a869-hould-validate-email-format-webkit\test-failed-1.png]]

[[ATTACHMENT|auth-register-User-Registr-9a869-hould-validate-email-format-webkit\video.webm]]

[[ATTACHMENT|auth-register-User-Registr-9a869-hould-validate-email-format-webkit\error-context.md]]
]]>
</system-out>
</testcase>
<testcase name="User Registration Flow › should validate password length" classname="auth\register.spec.ts" time="6.502">
<failure message="register.spec.ts:94:7 should validate password length" type="FAILURE">
<![CDATA[  [webkit] › auth\register.spec.ts:94:7 › User Registration Flow › should validate password length ─

    Error: expect(locator).toContainText(expected) failed

    Locator: locator('h2')
    Expected substring: "Wonder Nails Studio"
    Timeout: 5000ms
    Error: element(s) not found

    Call log:
      - Expect "toContainText" with timeout 5000ms
      - waiting for locator('h2')


      13 |     // Navigate to Wonder Nails registration page
      14 |     await page.goto("/t/wondernails/register");
    > 15 |     await expect(page.locator("h2")).toContainText("Wonder Nails Studio");
         |                                      ^
      16 |     await expect(page.locator("text=Crea tu cuenta")).toBeVisible();
      17 |   });
      18 |
        at C:\Dev\Zo\sass-store\tests\e2e\auth\register.spec.ts:15:38

    attachment #1: screenshot (image/png) ──────────────────────────────────────────────────────────
    ..\..\test-results\auth-register-User-Registr-51594-ld-validate-password-length-webkit\test-failed-1.png
    ────────────────────────────────────────────────────────────────────────────────────────────────

    attachment #2: video (video/webm) ──────────────────────────────────────────────────────────────
    ..\..\test-results\auth-register-User-Registr-51594-ld-validate-password-length-webkit\video.webm
    ────────────────────────────────────────────────────────────────────────────────────────────────

    Error Context: ..\..\test-results\auth-register-User-Registr-51594-ld-validate-password-length-webkit\error-context.md
]]>
</failure>
<system-out>
<![CDATA[
[[ATTACHMENT|auth-register-User-Registr-51594-ld-validate-password-length-webkit\test-failed-1.png]]

[[ATTACHMENT|auth-register-User-Registr-51594-ld-validate-password-length-webkit\video.webm]]

[[ATTACHMENT|auth-register-User-Registr-51594-ld-validate-password-length-webkit\error-context.md]]
]]>
</system-out>
</testcase>
<testcase name="User Registration Flow › should validate password confirmation match" classname="auth\register.spec.ts" time="6.534">
<failure message="register.spec.ts:111:7 should validate password confirmation match" type="FAILURE">
<![CDATA[  [webkit] › auth\register.spec.ts:111:7 › User Registration Flow › should validate password confirmation match 

    Error: expect(locator).toContainText(expected) failed

    Locator: locator('h2')
    Expected substring: "Wonder Nails Studio"
    Timeout: 5000ms
    Error: element(s) not found

    Call log:
      - Expect "toContainText" with timeout 5000ms
      - waiting for locator('h2')


      13 |     // Navigate to Wonder Nails registration page
      14 |     await page.goto("/t/wondernails/register");
    > 15 |     await expect(page.locator("h2")).toContainText("Wonder Nails Studio");
         |                                      ^
      16 |     await expect(page.locator("text=Crea tu cuenta")).toBeVisible();
      17 |   });
      18 |
        at C:\Dev\Zo\sass-store\tests\e2e\auth\register.spec.ts:15:38

    attachment #1: screenshot (image/png) ──────────────────────────────────────────────────────────
    ..\..\test-results\auth-register-User-Registr-62790-password-confirmation-match-webkit\test-failed-1.png
    ────────────────────────────────────────────────────────────────────────────────────────────────

    attachment #2: video (video/webm) ──────────────────────────────────────────────────────────────
    ..\..\test-results\auth-register-User-Registr-62790-password-confirmation-match-webkit\video.webm
    ────────────────────────────────────────────────────────────────────────────────────────────────

    Error Context: ..\..\test-results\auth-register-User-Registr-62790-password-confirmation-match-webkit\error-context.md
]]>
</failure>
<system-out>
<![CDATA[
[[ATTACHMENT|auth-register-User-Registr-62790-password-confirmation-match-webkit\test-failed-1.png]]

[[ATTACHMENT|auth-register-User-Registr-62790-password-confirmation-match-webkit\video.webm]]

[[ATTACHMENT|auth-register-User-Registr-62790-password-confirmation-match-webkit\error-context.md]]
]]>
</system-out>
</testcase>
<testcase name="User Registration Flow › should require terms and conditions acceptance" classname="auth\register.spec.ts" time="6.558">
<failure message="register.spec.ts:128:7 should require terms and conditions acceptance" type="FAILURE">
<![CDATA[  [webkit] › auth\register.spec.ts:128:7 › User Registration Flow › should require terms and conditions acceptance 

    Error: expect(locator).toContainText(expected) failed

    Locator: locator('h2')
    Expected substring: "Wonder Nails Studio"
    Timeout: 5000ms
    Error: element(s) not found

    Call log:
      - Expect "toContainText" with timeout 5000ms
      - waiting for locator('h2')


      13 |     // Navigate to Wonder Nails registration page
      14 |     await page.goto("/t/wondernails/register");
    > 15 |     await expect(page.locator("h2")).toContainText("Wonder Nails Studio");
         |                                      ^
      16 |     await expect(page.locator("text=Crea tu cuenta")).toBeVisible();
      17 |   });
      18 |
        at C:\Dev\Zo\sass-store\tests\e2e\auth\register.spec.ts:15:38

    attachment #1: screenshot (image/png) ──────────────────────────────────────────────────────────
    ..\..\test-results\auth-register-User-Registr-bf019-s-and-conditions-acceptance-webkit\test-failed-1.png
    ────────────────────────────────────────────────────────────────────────────────────────────────

    attachment #2: video (video/webm) ──────────────────────────────────────────────────────────────
    ..\..\test-results\auth-register-User-Registr-bf019-s-and-conditions-acceptance-webkit\video.webm
    ────────────────────────────────────────────────────────────────────────────────────────────────

    Error Context: ..\..\test-results\auth-register-User-Registr-bf019-s-and-conditions-acceptance-webkit\error-context.md
]]>
</failure>
<system-out>
<![CDATA[
[[ATTACHMENT|auth-register-User-Registr-bf019-s-and-conditions-acceptance-webkit\test-failed-1.png]]

[[ATTACHMENT|auth-register-User-Registr-bf019-s-and-conditions-acceptance-webkit\video.webm]]

[[ATTACHMENT|auth-register-User-Registr-bf019-s-and-conditions-acceptance-webkit\error-context.md]]
]]>
</system-out>
</testcase>
<testcase name="User Registration Flow › should prevent duplicate email registration" classname="auth\register.spec.ts" time="6.567">
<failure message="register.spec.ts:143:7 should prevent duplicate email registration" type="FAILURE">
<![CDATA[  [webkit] › auth\register.spec.ts:143:7 › User Registration Flow › should prevent duplicate email registration 

    Error: expect(locator).toContainText(expected) failed

    Locator: locator('h2')
    Expected substring: "Wonder Nails Studio"
    Timeout: 5000ms
    Error: element(s) not found

    Call log:
      - Expect "toContainText" with timeout 5000ms
      - waiting for locator('h2')


      13 |     // Navigate to Wonder Nails registration page
      14 |     await page.goto("/t/wondernails/register");
    > 15 |     await expect(page.locator("h2")).toContainText("Wonder Nails Studio");
         |                                      ^
      16 |     await expect(page.locator("text=Crea tu cuenta")).toBeVisible();
      17 |   });
      18 |
        at C:\Dev\Zo\sass-store\tests\e2e\auth\register.spec.ts:15:38

    attachment #1: screenshot (image/png) ──────────────────────────────────────────────────────────
    ..\..\test-results\auth-register-User-Registr-16d7f-uplicate-email-registration-webkit\test-failed-1.png
    ────────────────────────────────────────────────────────────────────────────────────────────────

    attachment #2: video (video/webm) ──────────────────────────────────────────────────────────────
    ..\..\test-results\auth-register-User-Registr-16d7f-uplicate-email-registration-webkit\video.webm
    ────────────────────────────────────────────────────────────────────────────────────────────────

    Error Context: ..\..\test-results\auth-register-User-Registr-16d7f-uplicate-email-registration-webkit\error-context.md
]]>
</failure>
<system-out>
<![CDATA[
[[ATTACHMENT|auth-register-User-Registr-16d7f-uplicate-email-registration-webkit\test-failed-1.png]]

[[ATTACHMENT|auth-register-User-Registr-16d7f-uplicate-email-registration-webkit\video.webm]]

[[ATTACHMENT|auth-register-User-Registr-16d7f-uplicate-email-registration-webkit\error-context.md]]
]]>
</system-out>
</testcase>
<testcase name="User Registration Flow › should disable form during submission" classname="auth\register.spec.ts" time="6.521">
<failure message="register.spec.ts:174:7 should disable form during submission" type="FAILURE">
<![CDATA[  [webkit] › auth\register.spec.ts:174:7 › User Registration Flow › should disable form during submission 

    Error: expect(locator).toContainText(expected) failed

    Locator: locator('h2')
    Expected substring: "Wonder Nails Studio"
    Timeout: 5000ms
    Error: element(s) not found

    Call log:
      - Expect "toContainText" with timeout 5000ms
      - waiting for locator('h2')


      13 |     // Navigate to Wonder Nails registration page
      14 |     await page.goto("/t/wondernails/register");
    > 15 |     await expect(page.locator("h2")).toContainText("Wonder Nails Studio");
         |                                      ^
      16 |     await expect(page.locator("text=Crea tu cuenta")).toBeVisible();
      17 |   });
      18 |
        at C:\Dev\Zo\sass-store\tests\e2e\auth\register.spec.ts:15:38

    attachment #1: screenshot (image/png) ──────────────────────────────────────────────────────────
    ..\..\test-results\auth-register-User-Registr-4e973-able-form-during-submission-webkit\test-failed-1.png
    ────────────────────────────────────────────────────────────────────────────────────────────────

    attachment #2: video (video/webm) ──────────────────────────────────────────────────────────────
    ..\..\test-results\auth-register-User-Registr-4e973-able-form-during-submission-webkit\video.webm
    ────────────────────────────────────────────────────────────────────────────────────────────────

    Error Context: ..\..\test-results\auth-register-User-Registr-4e973-able-form-during-submission-webkit\error-context.md
]]>
</failure>
<system-out>
<![CDATA[
[[ATTACHMENT|auth-register-User-Registr-4e973-able-form-during-submission-webkit\test-failed-1.png]]

[[ATTACHMENT|auth-register-User-Registr-4e973-able-form-during-submission-webkit\video.webm]]

[[ATTACHMENT|auth-register-User-Registr-4e973-able-form-during-submission-webkit\error-context.md]]
]]>
</system-out>
</testcase>
<testcase name="User Registration Flow › should maintain tenant context across registration" classname="auth\register.spec.ts" time="6.3">
<failure message="register.spec.ts:197:7 should maintain tenant context across registration" type="FAILURE">
<![CDATA[  [webkit] › auth\register.spec.ts:197:7 › User Registration Flow › should maintain tenant context across registration 

    Error: expect(locator).toContainText(expected) failed

    Locator: locator('h2')
    Expected substring: "Wonder Nails Studio"
    Timeout: 5000ms
    Error: element(s) not found

    Call log:
      - Expect "toContainText" with timeout 5000ms
      - waiting for locator('h2')


      13 |     // Navigate to Wonder Nails registration page
      14 |     await page.goto("/t/wondernails/register");
    > 15 |     await expect(page.locator("h2")).toContainText("Wonder Nails Studio");
         |                                      ^
      16 |     await expect(page.locator("text=Crea tu cuenta")).toBeVisible();
      17 |   });
      18 |
        at C:\Dev\Zo\sass-store\tests\e2e\auth\register.spec.ts:15:38

    attachment #1: screenshot (image/png) ──────────────────────────────────────────────────────────
    ..\..\test-results\auth-register-User-Registr-8bb1f-context-across-registration-webkit\test-failed-1.png
    ────────────────────────────────────────────────────────────────────────────────────────────────

    attachment #2: video (video/webm) ──────────────────────────────────────────────────────────────
    ..\..\test-results\auth-register-User-Registr-8bb1f-context-across-registration-webkit\video.webm
    ────────────────────────────────────────────────────────────────────────────────────────────────

    Error Context: ..\..\test-results\auth-register-User-Registr-8bb1f-context-across-registration-webkit\error-context.md
]]>
</failure>
<system-out>
<![CDATA[
[[ATTACHMENT|auth-register-User-Registr-8bb1f-context-across-registration-webkit\test-failed-1.png]]

[[ATTACHMENT|auth-register-User-Registr-8bb1f-context-across-registration-webkit\video.webm]]

[[ATTACHMENT|auth-register-User-Registr-8bb1f-context-across-registration-webkit\error-context.md]]
]]>
</system-out>
</testcase>
<testcase name="User Registration Flow › should work across different tenants" classname="auth\register.spec.ts" time="6.255">
<failure message="register.spec.ts:218:7 should work across different tenants" type="FAILURE">
<![CDATA[  [webkit] › auth\register.spec.ts:218:7 › User Registration Flow › should work across different tenants 

    Error: expect(locator).toContainText(expected) failed

    Locator: locator('h2')
    Expected substring: "Wonder Nails Studio"
    Timeout: 5000ms
    Error: element(s) not found

    Call log:
      - Expect "toContainText" with timeout 5000ms
      - waiting for locator('h2')


      13 |     // Navigate to Wonder Nails registration page
      14 |     await page.goto("/t/wondernails/register");
    > 15 |     await expect(page.locator("h2")).toContainText("Wonder Nails Studio");
         |                                      ^
      16 |     await expect(page.locator("text=Crea tu cuenta")).toBeVisible();
      17 |   });
      18 |
        at C:\Dev\Zo\sass-store\tests\e2e\auth\register.spec.ts:15:38

    attachment #1: screenshot (image/png) ──────────────────────────────────────────────────────────
    ..\..\test-results\auth-register-User-Registr-198c7-rk-across-different-tenants-webkit\test-failed-1.png
    ────────────────────────────────────────────────────────────────────────────────────────────────

    attachment #2: video (video/webm) ──────────────────────────────────────────────────────────────
    ..\..\test-results\auth-register-User-Registr-198c7-rk-across-different-tenants-webkit\video.webm
    ────────────────────────────────────────────────────────────────────────────────────────────────

    Error Context: ..\..\test-results\auth-register-User-Registr-198c7-rk-across-different-tenants-webkit\error-context.md
]]>
</failure>
<system-out>
<![CDATA[
[[ATTACHMENT|auth-register-User-Registr-198c7-rk-across-different-tenants-webkit\test-failed-1.png]]

[[ATTACHMENT|auth-register-User-Registr-198c7-rk-across-different-tenants-webkit\video.webm]]

[[ATTACHMENT|auth-register-User-Registr-198c7-rk-across-different-tenants-webkit\error-context.md]]
]]>
</system-out>
</testcase>
<testcase name="User Registration Flow › should be accessible via keyboard navigation" classname="auth\register.spec.ts" time="6.445">
<failure message="register.spec.ts:233:7 should be accessible via keyboard navigation" type="FAILURE">
<![CDATA[  [webkit] › auth\register.spec.ts:233:7 › User Registration Flow › should be accessible via keyboard navigation 

    Error: expect(locator).toContainText(expected) failed

    Locator: locator('h2')
    Expected substring: "Wonder Nails Studio"
    Timeout: 5000ms
    Error: element(s) not found

    Call log:
      - Expect "toContainText" with timeout 5000ms
      - waiting for locator('h2')


      13 |     // Navigate to Wonder Nails registration page
      14 |     await page.goto("/t/wondernails/register");
    > 15 |     await expect(page.locator("h2")).toContainText("Wonder Nails Studio");
         |                                      ^
      16 |     await expect(page.locator("text=Crea tu cuenta")).toBeVisible();
      17 |   });
      18 |
        at C:\Dev\Zo\sass-store\tests\e2e\auth\register.spec.ts:15:38

    attachment #1: screenshot (image/png) ──────────────────────────────────────────────────────────
    ..\..\test-results\auth-register-User-Registr-5f7f0-ble-via-keyboard-navigation-webkit\test-failed-1.png
    ────────────────────────────────────────────────────────────────────────────────────────────────

    attachment #2: video (video/webm) ──────────────────────────────────────────────────────────────
    ..\..\test-results\auth-register-User-Registr-5f7f0-ble-via-keyboard-navigation-webkit\video.webm
    ────────────────────────────────────────────────────────────────────────────────────────────────

    Error Context: ..\..\test-results\auth-register-User-Registr-5f7f0-ble-via-keyboard-navigation-webkit\error-context.md
]]>
</failure>
<system-out>
<![CDATA[
[[ATTACHMENT|auth-register-User-Registr-5f7f0-ble-via-keyboard-navigation-webkit\test-failed-1.png]]

[[ATTACHMENT|auth-register-User-Registr-5f7f0-ble-via-keyboard-navigation-webkit\video.webm]]

[[ATTACHMENT|auth-register-User-Registr-5f7f0-ble-via-keyboard-navigation-webkit\error-context.md]]
]]>
</system-out>
</testcase>
<testcase name="Registration Form Accessibility › should have proper ARIA labels" classname="auth\register.spec.ts" time="6.558">
<failure message="register.spec.ts:267:7 should have proper ARIA labels" type="FAILURE">
<![CDATA[  [webkit] › auth\register.spec.ts:267:7 › Registration Form Accessibility › should have proper ARIA labels 

    Error: expect(locator).toBeVisible() failed

    Locator: locator('form').first()
    Expected: visible
    Timeout: 5000ms
    Error: element(s) not found

    Call log:
      - Expect "toBeVisible" with timeout 5000ms
      - waiting for locator('form').first()


      270 |     // Check form has proper role and labels
      271 |     const form = page.locator("form").first();
    > 272 |     await expect(form).toBeVisible();
          |                        ^
      273 |
      274 |     // All inputs should have labels
      275 |     const inputs = page.locator(
        at C:\Dev\Zo\sass-store\tests\e2e\auth\register.spec.ts:272:24

    attachment #1: screenshot (image/png) ──────────────────────────────────────────────────────────
    ..\..\test-results\auth-register-Registration-385da-uld-have-proper-ARIA-labels-webkit\test-failed-1.png
    ────────────────────────────────────────────────────────────────────────────────────────────────

    attachment #2: video (video/webm) ──────────────────────────────────────────────────────────────
    ..\..\test-results\auth-register-Registration-385da-uld-have-proper-ARIA-labels-webkit\video.webm
    ────────────────────────────────────────────────────────────────────────────────────────────────

    Error Context: ..\..\test-results\auth-register-Registration-385da-uld-have-proper-ARIA-labels-webkit\error-context.md
]]>
</failure>
<system-out>
<![CDATA[
[[ATTACHMENT|auth-register-Registration-385da-uld-have-proper-ARIA-labels-webkit\test-failed-1.png]]

[[ATTACHMENT|auth-register-Registration-385da-uld-have-proper-ARIA-labels-webkit\video.webm]]

[[ATTACHMENT|auth-register-Registration-385da-uld-have-proper-ARIA-labels-webkit\error-context.md]]
]]>
</system-out>
</testcase>
<testcase name="Registration Form Accessibility › should meet WCAG contrast requirements" classname="auth\register.spec.ts" time="6.599">
<failure message="register.spec.ts:291:7 should meet WCAG contrast requirements" type="FAILURE">
<![CDATA[  [webkit] › auth\register.spec.ts:291:7 › Registration Form Accessibility › should meet WCAG contrast requirements 

    Error: expect(locator).toBeVisible() failed

    Locator: locator('form').first()
    Expected: visible
    Timeout: 5000ms
    Error: element(s) not found

    Call log:
      - Expect "toBeVisible" with timeout 5000ms
      - waiting for locator('form').first()


      294 |     // This would typically use axe-core or similar
      295 |     // For now, we just verify the page loads
    > 296 |     await expect(page.locator("form").first()).toBeVisible();
          |                                                ^
      297 |   });
      298 | });
      299 |
        at C:\Dev\Zo\sass-store\tests\e2e\auth\register.spec.ts:296:48

    attachment #1: screenshot (image/png) ──────────────────────────────────────────────────────────
    ..\..\test-results\auth-register-Registration-ec70f--WCAG-contrast-requirements-webkit\test-failed-1.png
    ────────────────────────────────────────────────────────────────────────────────────────────────

    attachment #2: video (video/webm) ──────────────────────────────────────────────────────────────
    ..\..\test-results\auth-register-Registration-ec70f--WCAG-contrast-requirements-webkit\video.webm
    ────────────────────────────────────────────────────────────────────────────────────────────────

    Error Context: ..\..\test-results\auth-register-Registration-ec70f--WCAG-contrast-requirements-webkit\error-context.md
]]>
</failure>
<system-out>
<![CDATA[
[[ATTACHMENT|auth-register-Registration-ec70f--WCAG-contrast-requirements-webkit\test-failed-1.png]]

[[ATTACHMENT|auth-register-Registration-ec70f--WCAG-contrast-requirements-webkit\video.webm]]

[[ATTACHMENT|auth-register-Registration-ec70f--WCAG-contrast-requirements-webkit\error-context.md]]
]]>
</system-out>
</testcase>
</testsuite>
<testsuite name="booking\quick-and-recurring-booking.spec.ts" timestamp="2025-10-29T19:08:05.826Z" hostname="webkit" tests="8" failures="6" skipped="0" time="93.707" errors="0">
<testcase name="Quick Service Booking - 2 Click Budget › should book next available appointment in 2 clicks" classname="booking\quick-and-recurring-booking.spec.ts" time="7.736">
<failure message="quick-and-recurring-booking.spec.ts:10:7 should book next available appointment in 2 clicks" type="FAILURE">
<![CDATA[  [webkit] › booking\quick-and-recurring-booking.spec.ts:10:7 › Quick Service Booking - 2 Click Budget › should book next available appointment in 2 clicks 

    Error: expect(locator).toBeVisible() failed

    Locator: locator('[data-testid="service-card"]').first()
    Expected: visible
    Timeout: 5000ms
    Error: element(s) not found

    Call log:
      - Expect "toBeVisible" with timeout 5000ms
      - waiting for locator('[data-testid="service-card"]').first()


      22 |     // Verify service details loaded
      23 |     const serviceCard = page.locator('[data-testid="service-card"]').first();
    > 24 |     await expect(serviceCard).toBeVisible();
         |                               ^
      25 |
      26 |     const nextAvailableSlot = page.locator('[data-testid="next-available-slot"], button:has-text("Next Available")');
      27 |
        at C:\Dev\Zo\sass-store\tests\e2e\booking\quick-and-recurring-booking.spec.ts:24:31

    attachment #1: screenshot (image/png) ──────────────────────────────────────────────────────────
    ..\..\test-results\booking-quick-and-recurrin-e1f4a-ble-appointment-in-2-clicks-webkit\test-failed-1.png
    ────────────────────────────────────────────────────────────────────────────────────────────────

    attachment #2: video (video/webm) ──────────────────────────────────────────────────────────────
    ..\..\test-results\booking-quick-and-recurrin-e1f4a-ble-appointment-in-2-clicks-webkit\video.webm
    ────────────────────────────────────────────────────────────────────────────────────────────────

    Error Context: ..\..\test-results\booking-quick-and-recurrin-e1f4a-ble-appointment-in-2-clicks-webkit\error-context.md
]]>
</failure>
<system-out>
<![CDATA[
[[ATTACHMENT|booking-quick-and-recurrin-e1f4a-ble-appointment-in-2-clicks-webkit\test-failed-1.png]]

[[ATTACHMENT|booking-quick-and-recurrin-e1f4a-ble-appointment-in-2-clicks-webkit\video.webm]]

[[ATTACHMENT|booking-quick-and-recurrin-e1f4a-ble-appointment-in-2-clicks-webkit\error-context.md]]
]]>
</system-out>
</testcase>
<testcase name="Quick Service Booking - 2 Click Budget › should show next available time across all staff" classname="booking\quick-and-recurring-booking.spec.ts" time="16.729">
<failure message="quick-and-recurring-booking.spec.ts:78:7 should show next available time across all staff" type="FAILURE">
<![CDATA[  [webkit] › booking\quick-and-recurring-booking.spec.ts:78:7 › Quick Service Booking - 2 Click Budget › should show next available time across all staff 

    TimeoutError: locator.click: Timeout 15000ms exceeded.
    Call log:
      - waiting for locator('[data-testid="service-card"]').first()


      80 |
      81 |     const serviceCard = page.locator('[data-testid="service-card"]').first();
    > 82 |     await serviceCard.click();
         |                       ^
      83 |
      84 |     const nextAvailableBtn = page.locator('[data-testid="book-next-available"], [data-testid="next-available-slot"]');
      85 |
        at C:\Dev\Zo\sass-store\tests\e2e\booking\quick-and-recurring-booking.spec.ts:82:23

    attachment #1: screenshot (image/png) ──────────────────────────────────────────────────────────
    ..\..\test-results\booking-quick-and-recurrin-a096e-lable-time-across-all-staff-webkit\test-failed-1.png
    ────────────────────────────────────────────────────────────────────────────────────────────────

    attachment #2: video (video/webm) ──────────────────────────────────────────────────────────────
    ..\..\test-results\booking-quick-and-recurrin-a096e-lable-time-across-all-staff-webkit\video.webm
    ────────────────────────────────────────────────────────────────────────────────────────────────

    Error Context: ..\..\test-results\booking-quick-and-recurrin-a096e-lable-time-across-all-staff-webkit\error-context.md
]]>
</failure>
<system-out>
<![CDATA[
[[ATTACHMENT|booking-quick-and-recurrin-a096e-lable-time-across-all-staff-webkit\test-failed-1.png]]

[[ATTACHMENT|booking-quick-and-recurrin-a096e-lable-time-across-all-staff-webkit\video.webm]]

[[ATTACHMENT|booking-quick-and-recurrin-a096e-lable-time-across-all-staff-webkit\error-context.md]]
]]>
</system-out>
</testcase>
<testcase name="Quick Service Booking - 2 Click Budget › should pre-fill customer data for logged-in users" classname="booking\quick-and-recurring-booking.spec.ts" time="16.26">
<failure message="quick-and-recurring-booking.spec.ts:104:7 should pre-fill customer data for logged-in users" type="FAILURE">
<![CDATA[  [webkit] › booking\quick-and-recurring-booking.spec.ts:104:7 › Quick Service Booking - 2 Click Budget › should pre-fill customer data for logged-in users 

    TimeoutError: locator.click: Timeout 15000ms exceeded.
    Call log:
      - waiting for locator('[data-testid="service-card"]').first()


      107 |
      108 |     const serviceCard = page.locator('[data-testid="service-card"]').first();
    > 109 |     await serviceCard.click();
          |                       ^
      110 |
      111 |     const bookButton = page.locator('[data-testid="book-service-btn"], button:has-text("Book")');
      112 |     if (await bookButton.isVisible()) {
        at C:\Dev\Zo\sass-store\tests\e2e\booking\quick-and-recurring-booking.spec.ts:109:23

    attachment #1: screenshot (image/png) ──────────────────────────────────────────────────────────
    ..\..\test-results\booking-quick-and-recurrin-02919-er-data-for-logged-in-users-webkit\test-failed-1.png
    ────────────────────────────────────────────────────────────────────────────────────────────────

    attachment #2: video (video/webm) ──────────────────────────────────────────────────────────────
    ..\..\test-results\booking-quick-and-recurrin-02919-er-data-for-logged-in-users-webkit\video.webm
    ────────────────────────────────────────────────────────────────────────────────────────────────

    Error Context: ..\..\test-results\booking-quick-and-recurrin-02919-er-data-for-logged-in-users-webkit\error-context.md
]]>
</failure>
<system-out>
<![CDATA[
[[ATTACHMENT|booking-quick-and-recurrin-02919-er-data-for-logged-in-users-webkit\test-failed-1.png]]

[[ATTACHMENT|booking-quick-and-recurrin-02919-er-data-for-logged-in-users-webkit\video.webm]]

[[ATTACHMENT|booking-quick-and-recurrin-02919-er-data-for-logged-in-users-webkit\error-context.md]]
]]>
</system-out>
</testcase>
<testcase name="Recurring Service Booking - 2 Click Budget › should set up recurring appointment in 2 clicks" classname="booking\quick-and-recurring-booking.spec.ts" time="2.222">
</testcase>
<testcase name="Recurring Service Booking - 2 Click Budget › should allow selecting recurring frequency" classname="booking\quick-and-recurring-booking.spec.ts" time="16.416">
<failure message="quick-and-recurring-booking.spec.ts:197:7 should allow selecting recurring frequency" type="FAILURE">
<![CDATA[  [webkit] › booking\quick-and-recurring-booking.spec.ts:197:7 › Recurring Service Booking - 2 Click Budget › should allow selecting recurring frequency 

    TimeoutError: locator.click: Timeout 15000ms exceeded.
    Call log:
      - waiting for locator('[data-testid="service-card"]').first()


      199 |
      200 |     const serviceCard = page.locator('[data-testid="service-card"]').first();
    > 201 |     await serviceCard.click();
          |                       ^
      202 |
      203 |     const recurringCheckbox = page.locator('[data-testid="recurring-booking"], input[name="recurring"]');
      204 |     if (await recurringCheckbox.isVisible()) {
        at C:\Dev\Zo\sass-store\tests\e2e\booking\quick-and-recurring-booking.spec.ts:201:23

    attachment #1: screenshot (image/png) ──────────────────────────────────────────────────────────
    ..\..\test-results\booking-quick-and-recurrin-4e72c-lecting-recurring-frequency-webkit\test-failed-1.png
    ────────────────────────────────────────────────────────────────────────────────────────────────

    attachment #2: video (video/webm) ──────────────────────────────────────────────────────────────
    ..\..\test-results\booking-quick-and-recurrin-4e72c-lecting-recurring-frequency-webkit\video.webm
    ────────────────────────────────────────────────────────────────────────────────────────────────

    Error Context: ..\..\test-results\booking-quick-and-recurrin-4e72c-lecting-recurring-frequency-webkit\error-context.md
]]>
</failure>
<system-out>
<![CDATA[
[[ATTACHMENT|booking-quick-and-recurrin-4e72c-lecting-recurring-frequency-webkit\test-failed-1.png]]

[[ATTACHMENT|booking-quick-and-recurrin-4e72c-lecting-recurring-frequency-webkit\video.webm]]

[[ATTACHMENT|booking-quick-and-recurrin-4e72c-lecting-recurring-frequency-webkit\error-context.md]]
]]>
</system-out>
</testcase>
<testcase name="Recurring Service Booking - 2 Click Budget › should display recurring booking cost summary" classname="booking\quick-and-recurring-booking.spec.ts" time="16.42">
<failure message="quick-and-recurring-booking.spec.ts:219:7 should display recurring booking cost summary" type="FAILURE">
<![CDATA[  [webkit] › booking\quick-and-recurring-booking.spec.ts:219:7 › Recurring Service Booking - 2 Click Budget › should display recurring booking cost summary 

    TimeoutError: locator.click: Timeout 15000ms exceeded.
    Call log:
      - waiting for locator('[data-testid="service-card"]').first()


      221 |
      222 |     const serviceCard = page.locator('[data-testid="service-card"]').first();
    > 223 |     await serviceCard.click();
          |                       ^
      224 |
      225 |     const basePrice = page.locator('[data-testid="service-price"]');
      226 |     const basePriceText = await basePrice.textContent();
        at C:\Dev\Zo\sass-store\tests\e2e\booking\quick-and-recurring-booking.spec.ts:223:23

    attachment #1: screenshot (image/png) ──────────────────────────────────────────────────────────
    ..\..\test-results\booking-quick-and-recurrin-7cc52-urring-booking-cost-summary-webkit\test-failed-1.png
    ────────────────────────────────────────────────────────────────────────────────────────────────

    attachment #2: video (video/webm) ──────────────────────────────────────────────────────────────
    ..\..\test-results\booking-quick-and-recurrin-7cc52-urring-booking-cost-summary-webkit\video.webm
    ────────────────────────────────────────────────────────────────────────────────────────────────

    Error Context: ..\..\test-results\booking-quick-and-recurrin-7cc52-urring-booking-cost-summary-webkit\error-context.md
]]>
</failure>
<system-out>
<![CDATA[
[[ATTACHMENT|booking-quick-and-recurrin-7cc52-urring-booking-cost-summary-webkit\test-failed-1.png]]

[[ATTACHMENT|booking-quick-and-recurrin-7cc52-urring-booking-cost-summary-webkit\video.webm]]

[[ATTACHMENT|booking-quick-and-recurrin-7cc52-urring-booking-cost-summary-webkit\error-context.md]]
]]>
</system-out>
</testcase>
<testcase name="Recurring Service Booking - 2 Click Budget › should allow pausing or canceling recurring bookings" classname="booking\quick-and-recurring-booking.spec.ts" time="1.301">
</testcase>
<testcase name="Recurring Service Booking - 2 Click Budget › should remember customer preferred time and staff" classname="booking\quick-and-recurring-booking.spec.ts" time="16.623">
<failure message="quick-and-recurring-booking.spec.ts:269:7 should remember customer preferred time and staff" type="FAILURE">
<![CDATA[  [webkit] › booking\quick-and-recurring-booking.spec.ts:269:7 › Recurring Service Booking - 2 Click Budget › should remember customer preferred time and staff 

    TimeoutError: locator.click: Timeout 15000ms exceeded.
    Call log:
      - waiting for locator('[data-testid="service-card"]').first()


      271 |
      272 |     const serviceCard = page.locator('[data-testid="service-card"]').first();
    > 273 |     await serviceCard.click();
          |                       ^
      274 |
      275 |     const recurringOption = page.locator('[data-testid="setup-recurring-booking"]');
      276 |     if (await recurringOption.isVisible()) {
        at C:\Dev\Zo\sass-store\tests\e2e\booking\quick-and-recurring-booking.spec.ts:273:23

    attachment #1: screenshot (image/png) ──────────────────────────────────────────────────────────
    ..\..\test-results\booking-quick-and-recurrin-42126-er-preferred-time-and-staff-webkit\test-failed-1.png
    ────────────────────────────────────────────────────────────────────────────────────────────────

    attachment #2: video (video/webm) ──────────────────────────────────────────────────────────────
    ..\..\test-results\booking-quick-and-recurrin-42126-er-preferred-time-and-staff-webkit\video.webm
    ────────────────────────────────────────────────────────────────────────────────────────────────

    Error Context: ..\..\test-results\booking-quick-and-recurrin-42126-er-preferred-time-and-staff-webkit\error-context.md
]]>
</failure>
<system-out>
<![CDATA[
[[ATTACHMENT|booking-quick-and-recurrin-42126-er-preferred-time-and-staff-webkit\test-failed-1.png]]

[[ATTACHMENT|booking-quick-and-recurrin-42126-er-preferred-time-and-staff-webkit\video.webm]]

[[ATTACHMENT|booking-quick-and-recurrin-42126-er-preferred-time-and-staff-webkit\error-context.md]]
]]>
</system-out>
</testcase>
</testsuite>
<testsuite name="carousel\wondernails-carousel.spec.ts" timestamp="2025-10-29T19:08:05.826Z" hostname="webkit" tests="13" failures="13" skipped="0" time="212.995" errors="0">
<testcase name="Wondernails Carousel Hero Section › should display the carousel container with correct structure" classname="carousel\wondernails-carousel.spec.ts" time="16.31">
<failure message="wondernails-carousel.spec.ts:12:7 should display the carousel container with correct structure" type="FAILURE">
<![CDATA[  [webkit] › carousel\wondernails-carousel.spec.ts:12:7 › Wondernails Carousel Hero Section › should display the carousel container with correct structure 

    TimeoutError: page.waitForSelector: Timeout 15000ms exceeded.
    Call log:
      - waiting for locator('[data-testid="carousel-container"]') to be visible


       7 |     await page.goto(WONDERNAILS_URL);
       8 |     // Wait for the carousel to be fully loaded
    >  9 |     await page.waitForSelector('[data-testid="carousel-container"]');
         |                ^
      10 |   });
      11 |
      12 |   test("should display the carousel container with correct structure", async ({
        at C:\Dev\Zo\sass-store\tests\e2e\carousel\wondernails-carousel.spec.ts:9:16

    attachment #1: screenshot (image/png) ──────────────────────────────────────────────────────────
    ..\..\test-results\carousel-wondernails-carou-1b413-iner-with-correct-structure-webkit\test-failed-1.png
    ────────────────────────────────────────────────────────────────────────────────────────────────

    attachment #2: video (video/webm) ──────────────────────────────────────────────────────────────
    ..\..\test-results\carousel-wondernails-carou-1b413-iner-with-correct-structure-webkit\video.webm
    ────────────────────────────────────────────────────────────────────────────────────────────────

    Error Context: ..\..\test-results\carousel-wondernails-carou-1b413-iner-with-correct-structure-webkit\error-context.md
]]>
</failure>
<system-out>
<![CDATA[
[[ATTACHMENT|carousel-wondernails-carou-1b413-iner-with-correct-structure-webkit\test-failed-1.png]]

[[ATTACHMENT|carousel-wondernails-carou-1b413-iner-with-correct-structure-webkit\video.webm]]

[[ATTACHMENT|carousel-wondernails-carou-1b413-iner-with-correct-structure-webkit\error-context.md]]
]]>
</system-out>
</testcase>
<testcase name="Wondernails Carousel Hero Section › should display the active slide correctly by default" classname="carousel\wondernails-carousel.spec.ts" time="16.442">
<failure message="wondernails-carousel.spec.ts:28:7 should display the active slide correctly by default" type="FAILURE">
<![CDATA[  [webkit] › carousel\wondernails-carousel.spec.ts:28:7 › Wondernails Carousel Hero Section › should display the active slide correctly by default 

    TimeoutError: page.waitForSelector: Timeout 15000ms exceeded.
    Call log:
      - waiting for locator('[data-testid="carousel-container"]') to be visible


       7 |     await page.goto(WONDERNAILS_URL);
       8 |     // Wait for the carousel to be fully loaded
    >  9 |     await page.waitForSelector('[data-testid="carousel-container"]');
         |                ^
      10 |   });
      11 |
      12 |   test("should display the carousel container with correct structure", async ({
        at C:\Dev\Zo\sass-store\tests\e2e\carousel\wondernails-carousel.spec.ts:9:16

    attachment #1: screenshot (image/png) ──────────────────────────────────────────────────────────
    ..\..\test-results\carousel-wondernails-carou-5de36--slide-correctly-by-default-webkit\test-failed-1.png
    ────────────────────────────────────────────────────────────────────────────────────────────────

    attachment #2: video (video/webm) ──────────────────────────────────────────────────────────────
    ..\..\test-results\carousel-wondernails-carou-5de36--slide-correctly-by-default-webkit\video.webm
    ────────────────────────────────────────────────────────────────────────────────────────────────

    Error Context: ..\..\test-results\carousel-wondernails-carou-5de36--slide-correctly-by-default-webkit\error-context.md
]]>
</failure>
<system-out>
<![CDATA[
[[ATTACHMENT|carousel-wondernails-carou-5de36--slide-correctly-by-default-webkit\test-failed-1.png]]

[[ATTACHMENT|carousel-wondernails-carou-5de36--slide-correctly-by-default-webkit\video.webm]]

[[ATTACHMENT|carousel-wondernails-carou-5de36--slide-correctly-by-default-webkit\error-context.md]]
]]>
</system-out>
</testcase>
<testcase name="Wondernails Carousel Hero Section › should navigate to next slide when next button is clicked" classname="carousel\wondernails-carousel.spec.ts" time="16.405">
<failure message="wondernails-carousel.spec.ts:44:7 should navigate to next slide when next button is clicked" type="FAILURE">
<![CDATA[  [webkit] › carousel\wondernails-carousel.spec.ts:44:7 › Wondernails Carousel Hero Section › should navigate to next slide when next button is clicked 

    TimeoutError: page.waitForSelector: Timeout 15000ms exceeded.
    Call log:
      - waiting for locator('[data-testid="carousel-container"]') to be visible


       7 |     await page.goto(WONDERNAILS_URL);
       8 |     // Wait for the carousel to be fully loaded
    >  9 |     await page.waitForSelector('[data-testid="carousel-container"]');
         |                ^
      10 |   });
      11 |
      12 |   test("should display the carousel container with correct structure", async ({
        at C:\Dev\Zo\sass-store\tests\e2e\carousel\wondernails-carousel.spec.ts:9:16

    attachment #1: screenshot (image/png) ──────────────────────────────────────────────────────────
    ..\..\test-results\carousel-wondernails-carou-e47ba-when-next-button-is-clicked-webkit\test-failed-1.png
    ────────────────────────────────────────────────────────────────────────────────────────────────

    attachment #2: video (video/webm) ──────────────────────────────────────────────────────────────
    ..\..\test-results\carousel-wondernails-carou-e47ba-when-next-button-is-clicked-webkit\video.webm
    ────────────────────────────────────────────────────────────────────────────────────────────────

    Error Context: ..\..\test-results\carousel-wondernails-carou-e47ba-when-next-button-is-clicked-webkit\error-context.md
]]>
</failure>
<system-out>
<![CDATA[
[[ATTACHMENT|carousel-wondernails-carou-e47ba-when-next-button-is-clicked-webkit\test-failed-1.png]]

[[ATTACHMENT|carousel-wondernails-carou-e47ba-when-next-button-is-clicked-webkit\video.webm]]

[[ATTACHMENT|carousel-wondernails-carou-e47ba-when-next-button-is-clicked-webkit\error-context.md]]
]]>
</system-out>
</testcase>
<testcase name="Wondernails Carousel Hero Section › should navigate to previous slide when prev button is clicked" classname="carousel\wondernails-carousel.spec.ts" time="16.206">
<failure message="wondernails-carousel.spec.ts:73:7 should navigate to previous slide when prev button is clicked" type="FAILURE">
<![CDATA[  [webkit] › carousel\wondernails-carousel.spec.ts:73:7 › Wondernails Carousel Hero Section › should navigate to previous slide when prev button is clicked 

    TimeoutError: page.waitForSelector: Timeout 15000ms exceeded.
    Call log:
      - waiting for locator('[data-testid="carousel-container"]') to be visible


       7 |     await page.goto(WONDERNAILS_URL);
       8 |     // Wait for the carousel to be fully loaded
    >  9 |     await page.waitForSelector('[data-testid="carousel-container"]');
         |                ^
      10 |   });
      11 |
      12 |   test("should display the carousel container with correct structure", async ({
        at C:\Dev\Zo\sass-store\tests\e2e\carousel\wondernails-carousel.spec.ts:9:16

    attachment #1: screenshot (image/png) ──────────────────────────────────────────────────────────
    ..\..\test-results\carousel-wondernails-carou-ec2c6-when-prev-button-is-clicked-webkit\test-failed-1.png
    ────────────────────────────────────────────────────────────────────────────────────────────────

    attachment #2: video (video/webm) ──────────────────────────────────────────────────────────────
    ..\..\test-results\carousel-wondernails-carou-ec2c6-when-prev-button-is-clicked-webkit\video.webm
    ────────────────────────────────────────────────────────────────────────────────────────────────

    Error Context: ..\..\test-results\carousel-wondernails-carou-ec2c6-when-prev-button-is-clicked-webkit\error-context.md
]]>
</failure>
<system-out>
<![CDATA[
[[ATTACHMENT|carousel-wondernails-carou-ec2c6-when-prev-button-is-clicked-webkit\test-failed-1.png]]

[[ATTACHMENT|carousel-wondernails-carou-ec2c6-when-prev-button-is-clicked-webkit\video.webm]]

[[ATTACHMENT|carousel-wondernails-carou-ec2c6-when-prev-button-is-clicked-webkit\error-context.md]]
]]>
</system-out>
</testcase>
<testcase name="Wondernails Carousel Hero Section › should show detail view when see more button is clicked" classname="carousel\wondernails-carousel.spec.ts" time="16.044">
<failure message="wondernails-carousel.spec.ts:102:7 should show detail view when see more button is clicked" type="FAILURE">
<![CDATA[  [webkit] › carousel\wondernails-carousel.spec.ts:102:7 › Wondernails Carousel Hero Section › should show detail view when see more button is clicked 

    TimeoutError: page.waitForSelector: Timeout 15000ms exceeded.
    Call log:
      - waiting for locator('[data-testid="carousel-container"]') to be visible


       7 |     await page.goto(WONDERNAILS_URL);
       8 |     // Wait for the carousel to be fully loaded
    >  9 |     await page.waitForSelector('[data-testid="carousel-container"]');
         |                ^
      10 |   });
      11 |
      12 |   test("should display the carousel container with correct structure", async ({
        at C:\Dev\Zo\sass-store\tests\e2e\carousel\wondernails-carousel.spec.ts:9:16

    attachment #1: screenshot (image/png) ──────────────────────────────────────────────────────────
    ..\..\test-results\carousel-wondernails-carou-57677--see-more-button-is-clicked-webkit\test-failed-1.png
    ────────────────────────────────────────────────────────────────────────────────────────────────

    attachment #2: video (video/webm) ──────────────────────────────────────────────────────────────
    ..\..\test-results\carousel-wondernails-carou-57677--see-more-button-is-clicked-webkit\video.webm
    ────────────────────────────────────────────────────────────────────────────────────────────────

    Error Context: ..\..\test-results\carousel-wondernails-carou-57677--see-more-button-is-clicked-webkit\error-context.md
]]>
</failure>
<system-out>
<![CDATA[
[[ATTACHMENT|carousel-wondernails-carou-57677--see-more-button-is-clicked-webkit\test-failed-1.png]]

[[ATTACHMENT|carousel-wondernails-carou-57677--see-more-button-is-clicked-webkit\video.webm]]

[[ATTACHMENT|carousel-wondernails-carou-57677--see-more-button-is-clicked-webkit\error-context.md]]
]]>
</system-out>
</testcase>
<testcase name="Wondernails Carousel Hero Section › should return to carousel view when back button is clicked" classname="carousel\wondernails-carousel.spec.ts" time="16.353">
<failure message="wondernails-carousel.spec.ts:135:7 should return to carousel view when back button is clicked" type="FAILURE">
<![CDATA[  [webkit] › carousel\wondernails-carousel.spec.ts:135:7 › Wondernails Carousel Hero Section › should return to carousel view when back button is clicked 

    TimeoutError: page.waitForSelector: Timeout 15000ms exceeded.
    Call log:
      - waiting for locator('[data-testid="carousel-container"]') to be visible


       7 |     await page.goto(WONDERNAILS_URL);
       8 |     // Wait for the carousel to be fully loaded
    >  9 |     await page.waitForSelector('[data-testid="carousel-container"]');
         |                ^
      10 |   });
      11 |
      12 |   test("should display the carousel container with correct structure", async ({
        at C:\Dev\Zo\sass-store\tests\e2e\carousel\wondernails-carousel.spec.ts:9:16

    attachment #1: screenshot (image/png) ──────────────────────────────────────────────────────────
    ..\..\test-results\carousel-wondernails-carou-c9679-when-back-button-is-clicked-webkit\test-failed-1.png
    ────────────────────────────────────────────────────────────────────────────────────────────────

    attachment #2: video (video/webm) ──────────────────────────────────────────────────────────────
    ..\..\test-results\carousel-wondernails-carou-c9679-when-back-button-is-clicked-webkit\video.webm
    ────────────────────────────────────────────────────────────────────────────────────────────────

    Error Context: ..\..\test-results\carousel-wondernails-carou-c9679-when-back-button-is-clicked-webkit\error-context.md
]]>
</failure>
<system-out>
<![CDATA[
[[ATTACHMENT|carousel-wondernails-carou-c9679-when-back-button-is-clicked-webkit\test-failed-1.png]]

[[ATTACHMENT|carousel-wondernails-carou-c9679-when-back-button-is-clicked-webkit\video.webm]]

[[ATTACHMENT|carousel-wondernails-carou-c9679-when-back-button-is-clicked-webkit\error-context.md]]
]]>
</system-out>
</testcase>
<testcase name="Wondernails Carousel Hero Section › should display slide content correctly" classname="carousel\wondernails-carousel.spec.ts" time="16.416">
<failure message="wondernails-carousel.spec.ts:166:7 should display slide content correctly" type="FAILURE">
<![CDATA[  [webkit] › carousel\wondernails-carousel.spec.ts:166:7 › Wondernails Carousel Hero Section › should display slide content correctly 

    TimeoutError: page.waitForSelector: Timeout 15000ms exceeded.
    Call log:
      - waiting for locator('[data-testid="carousel-container"]') to be visible


       7 |     await page.goto(WONDERNAILS_URL);
       8 |     // Wait for the carousel to be fully loaded
    >  9 |     await page.waitForSelector('[data-testid="carousel-container"]');
         |                ^
      10 |   });
      11 |
      12 |   test("should display the carousel container with correct structure", async ({
        at C:\Dev\Zo\sass-store\tests\e2e\carousel\wondernails-carousel.spec.ts:9:16

    attachment #1: screenshot (image/png) ──────────────────────────────────────────────────────────
    ..\..\test-results\carousel-wondernails-carou-5a659-lay-slide-content-correctly-webkit\test-failed-1.png
    ────────────────────────────────────────────────────────────────────────────────────────────────

    attachment #2: video (video/webm) ──────────────────────────────────────────────────────────────
    ..\..\test-results\carousel-wondernails-carou-5a659-lay-slide-content-correctly-webkit\video.webm
    ────────────────────────────────────────────────────────────────────────────────────────────────

    Error Context: ..\..\test-results\carousel-wondernails-carou-5a659-lay-slide-content-correctly-webkit\error-context.md
]]>
</failure>
<system-out>
<![CDATA[
[[ATTACHMENT|carousel-wondernails-carou-5a659-lay-slide-content-correctly-webkit\test-failed-1.png]]

[[ATTACHMENT|carousel-wondernails-carou-5a659-lay-slide-content-correctly-webkit\video.webm]]

[[ATTACHMENT|carousel-wondernails-carou-5a659-lay-slide-content-correctly-webkit\error-context.md]]
]]>
</system-out>
</testcase>
<testcase name="Wondernails Carousel Hero Section › should have proper keyboard navigation support" classname="carousel\wondernails-carousel.spec.ts" time="16.372">
<failure message="wondernails-carousel.spec.ts:194:7 should have proper keyboard navigation support" type="FAILURE">
<![CDATA[  [webkit] › carousel\wondernails-carousel.spec.ts:194:7 › Wondernails Carousel Hero Section › should have proper keyboard navigation support 

    TimeoutError: page.waitForSelector: Timeout 15000ms exceeded.
    Call log:
      - waiting for locator('[data-testid="carousel-container"]') to be visible


       7 |     await page.goto(WONDERNAILS_URL);
       8 |     // Wait for the carousel to be fully loaded
    >  9 |     await page.waitForSelector('[data-testid="carousel-container"]');
         |                ^
      10 |   });
      11 |
      12 |   test("should display the carousel container with correct structure", async ({
        at C:\Dev\Zo\sass-store\tests\e2e\carousel\wondernails-carousel.spec.ts:9:16

    attachment #1: screenshot (image/png) ──────────────────────────────────────────────────────────
    ..\..\test-results\carousel-wondernails-carou-c616d-keyboard-navigation-support-webkit\test-failed-1.png
    ────────────────────────────────────────────────────────────────────────────────────────────────

    attachment #2: video (video/webm) ──────────────────────────────────────────────────────────────
    ..\..\test-results\carousel-wondernails-carou-c616d-keyboard-navigation-support-webkit\video.webm
    ────────────────────────────────────────────────────────────────────────────────────────────────

    Error Context: ..\..\test-results\carousel-wondernails-carou-c616d-keyboard-navigation-support-webkit\error-context.md
]]>
</failure>
<system-out>
<![CDATA[
[[ATTACHMENT|carousel-wondernails-carou-c616d-keyboard-navigation-support-webkit\test-failed-1.png]]

[[ATTACHMENT|carousel-wondernails-carou-c616d-keyboard-navigation-support-webkit\video.webm]]

[[ATTACHMENT|carousel-wondernails-carou-c616d-keyboard-navigation-support-webkit\error-context.md]]
]]>
</system-out>
</testcase>
<testcase name="Wondernails Carousel Hero Section › should have proper ARIA attributes for accessibility" classname="carousel\wondernails-carousel.spec.ts" time="16.44">
<failure message="wondernails-carousel.spec.ts:227:7 should have proper ARIA attributes for accessibility" type="FAILURE">
<![CDATA[  [webkit] › carousel\wondernails-carousel.spec.ts:227:7 › Wondernails Carousel Hero Section › should have proper ARIA attributes for accessibility 

    TimeoutError: page.waitForSelector: Timeout 15000ms exceeded.
    Call log:
      - waiting for locator('[data-testid="carousel-container"]') to be visible


       7 |     await page.goto(WONDERNAILS_URL);
       8 |     // Wait for the carousel to be fully loaded
    >  9 |     await page.waitForSelector('[data-testid="carousel-container"]');
         |                ^
      10 |   });
      11 |
      12 |   test("should display the carousel container with correct structure", async ({
        at C:\Dev\Zo\sass-store\tests\e2e\carousel\wondernails-carousel.spec.ts:9:16

    attachment #1: screenshot (image/png) ──────────────────────────────────────────────────────────
    ..\..\test-results\carousel-wondernails-carou-7387e-ttributes-for-accessibility-webkit\test-failed-1.png
    ────────────────────────────────────────────────────────────────────────────────────────────────

    attachment #2: video (video/webm) ──────────────────────────────────────────────────────────────
    ..\..\test-results\carousel-wondernails-carou-7387e-ttributes-for-accessibility-webkit\video.webm
    ────────────────────────────────────────────────────────────────────────────────────────────────

    Error Context: ..\..\test-results\carousel-wondernails-carou-7387e-ttributes-for-accessibility-webkit\error-context.md
]]>
</failure>
<system-out>
<![CDATA[
[[ATTACHMENT|carousel-wondernails-carou-7387e-ttributes-for-accessibility-webkit\test-failed-1.png]]

[[ATTACHMENT|carousel-wondernails-carou-7387e-ttributes-for-accessibility-webkit\video.webm]]

[[ATTACHMENT|carousel-wondernails-carou-7387e-ttributes-for-accessibility-webkit\error-context.md]]
]]>
</system-out>
</testcase>
<testcase name="Wondernails Carousel Hero Section › should be responsive on mobile devices" classname="carousel\wondernails-carousel.spec.ts" time="16.428">
<failure message="wondernails-carousel.spec.ts:252:7 should be responsive on mobile devices" type="FAILURE">
<![CDATA[  [webkit] › carousel\wondernails-carousel.spec.ts:252:7 › Wondernails Carousel Hero Section › should be responsive on mobile devices 

    TimeoutError: page.waitForSelector: Timeout 15000ms exceeded.
    Call log:
      - waiting for locator('[data-testid="carousel-container"]') to be visible


       7 |     await page.goto(WONDERNAILS_URL);
       8 |     // Wait for the carousel to be fully loaded
    >  9 |     await page.waitForSelector('[data-testid="carousel-container"]');
         |                ^
      10 |   });
      11 |
      12 |   test("should display the carousel container with correct structure", async ({
        at C:\Dev\Zo\sass-store\tests\e2e\carousel\wondernails-carousel.spec.ts:9:16

    attachment #1: screenshot (image/png) ──────────────────────────────────────────────────────────
    ..\..\test-results\carousel-wondernails-carou-5fb2d-esponsive-on-mobile-devices-webkit\test-failed-1.png
    ────────────────────────────────────────────────────────────────────────────────────────────────

    attachment #2: video (video/webm) ──────────────────────────────────────────────────────────────
    ..\..\test-results\carousel-wondernails-carou-5fb2d-esponsive-on-mobile-devices-webkit\video.webm
    ────────────────────────────────────────────────────────────────────────────────────────────────

    Error Context: ..\..\test-results\carousel-wondernails-carou-5fb2d-esponsive-on-mobile-devices-webkit\error-context.md
]]>
</failure>
<system-out>
<![CDATA[
[[ATTACHMENT|carousel-wondernails-carou-5fb2d-esponsive-on-mobile-devices-webkit\test-failed-1.png]]

[[ATTACHMENT|carousel-wondernails-carou-5fb2d-esponsive-on-mobile-devices-webkit\video.webm]]

[[ATTACHMENT|carousel-wondernails-carou-5fb2d-esponsive-on-mobile-devices-webkit\error-context.md]]
]]>
</system-out>
</testcase>
<testcase name="Wondernails Carousel Hero Section › should have isolated styles that do not affect other page elements" classname="carousel\wondernails-carousel.spec.ts" time="16.529">
<failure message="wondernails-carousel.spec.ts:279:7 should have isolated styles that do not affect other page elements" type="FAILURE">
<![CDATA[  [webkit] › carousel\wondernails-carousel.spec.ts:279:7 › Wondernails Carousel Hero Section › should have isolated styles that do not affect other page elements 

    TimeoutError: page.waitForSelector: Timeout 15000ms exceeded.
    Call log:
      - waiting for locator('[data-testid="carousel-container"]') to be visible


       7 |     await page.goto(WONDERNAILS_URL);
       8 |     // Wait for the carousel to be fully loaded
    >  9 |     await page.waitForSelector('[data-testid="carousel-container"]');
         |                ^
      10 |   });
      11 |
      12 |   test("should display the carousel container with correct structure", async ({
        at C:\Dev\Zo\sass-store\tests\e2e\carousel\wondernails-carousel.spec.ts:9:16

    attachment #1: screenshot (image/png) ──────────────────────────────────────────────────────────
    ..\..\test-results\carousel-wondernails-carou-feb19--affect-other-page-elements-webkit\test-failed-1.png
    ────────────────────────────────────────────────────────────────────────────────────────────────

    attachment #2: video (video/webm) ──────────────────────────────────────────────────────────────
    ..\..\test-results\carousel-wondernails-carou-feb19--affect-other-page-elements-webkit\video.webm
    ────────────────────────────────────────────────────────────────────────────────────────────────

    Error Context: ..\..\test-results\carousel-wondernails-carou-feb19--affect-other-page-elements-webkit\error-context.md
]]>
</failure>
<system-out>
<![CDATA[
[[ATTACHMENT|carousel-wondernails-carou-feb19--affect-other-page-elements-webkit\test-failed-1.png]]

[[ATTACHMENT|carousel-wondernails-carou-feb19--affect-other-page-elements-webkit\video.webm]]

[[ATTACHMENT|carousel-wondernails-carou-feb19--affect-other-page-elements-webkit\error-context.md]]
]]>
</system-out>
</testcase>
<testcase name="Wondernails Carousel Hero Section › should handle rapid clicking without breaking" classname="carousel\wondernails-carousel.spec.ts" time="16.484">
<failure message="wondernails-carousel.spec.ts:298:7 should handle rapid clicking without breaking" type="FAILURE">
<![CDATA[  [webkit] › carousel\wondernails-carousel.spec.ts:298:7 › Wondernails Carousel Hero Section › should handle rapid clicking without breaking 

    TimeoutError: page.waitForSelector: Timeout 15000ms exceeded.
    Call log:
      - waiting for locator('[data-testid="carousel-container"]') to be visible


       7 |     await page.goto(WONDERNAILS_URL);
       8 |     // Wait for the carousel to be fully loaded
    >  9 |     await page.waitForSelector('[data-testid="carousel-container"]');
         |                ^
      10 |   });
      11 |
      12 |   test("should display the carousel container with correct structure", async ({
        at C:\Dev\Zo\sass-store\tests\e2e\carousel\wondernails-carousel.spec.ts:9:16

    attachment #1: screenshot (image/png) ──────────────────────────────────────────────────────────
    ..\..\test-results\carousel-wondernails-carou-d88ff-d-clicking-without-breaking-webkit\test-failed-1.png
    ────────────────────────────────────────────────────────────────────────────────────────────────

    attachment #2: video (video/webm) ──────────────────────────────────────────────────────────────
    ..\..\test-results\carousel-wondernails-carou-d88ff-d-clicking-without-breaking-webkit\video.webm
    ────────────────────────────────────────────────────────────────────────────────────────────────

    Error Context: ..\..\test-results\carousel-wondernails-carou-d88ff-d-clicking-without-breaking-webkit\error-context.md
]]>
</failure>
<system-out>
<![CDATA[
[[ATTACHMENT|carousel-wondernails-carou-d88ff-d-clicking-without-breaking-webkit\test-failed-1.png]]

[[ATTACHMENT|carousel-wondernails-carou-d88ff-d-clicking-without-breaking-webkit\video.webm]]

[[ATTACHMENT|carousel-wondernails-carou-d88ff-d-clicking-without-breaking-webkit\error-context.md]]
]]>
</system-out>
</testcase>
<testcase name="Wondernails Carousel Hero Section › should maintain performance with smooth animations" classname="carousel\wondernails-carousel.spec.ts" time="16.566">
<failure message="wondernails-carousel.spec.ts:317:7 should maintain performance with smooth animations" type="FAILURE">
<![CDATA[  [webkit] › carousel\wondernails-carousel.spec.ts:317:7 › Wondernails Carousel Hero Section › should maintain performance with smooth animations 

    TimeoutError: page.waitForSelector: Timeout 15000ms exceeded.
    Call log:
      - waiting for locator('[data-testid="carousel-container"]') to be visible


       7 |     await page.goto(WONDERNAILS_URL);
       8 |     // Wait for the carousel to be fully loaded
    >  9 |     await page.waitForSelector('[data-testid="carousel-container"]');
         |                ^
      10 |   });
      11 |
      12 |   test("should display the carousel container with correct structure", async ({
        at C:\Dev\Zo\sass-store\tests\e2e\carousel\wondernails-carousel.spec.ts:9:16

    attachment #1: screenshot (image/png) ──────────────────────────────────────────────────────────
    ..\..\test-results\carousel-wondernails-carou-d7c65-ance-with-smooth-animations-webkit\test-failed-1.png
    ────────────────────────────────────────────────────────────────────────────────────────────────

    attachment #2: video (video/webm) ──────────────────────────────────────────────────────────────
    ..\..\test-results\carousel-wondernails-carou-d7c65-ance-with-smooth-animations-webkit\video.webm
    ────────────────────────────────────────────────────────────────────────────────────────────────

    Error Context: ..\..\test-results\carousel-wondernails-carou-d7c65-ance-with-smooth-animations-webkit\error-context.md
]]>
</failure>
<system-out>
<![CDATA[
[[ATTACHMENT|carousel-wondernails-carou-d7c65-ance-with-smooth-animations-webkit\test-failed-1.png]]

[[ATTACHMENT|carousel-wondernails-carou-d7c65-ance-with-smooth-animations-webkit\video.webm]]

[[ATTACHMENT|carousel-wondernails-carou-d7c65-ance-with-smooth-animations-webkit\error-context.md]]
]]>
</system-out>
</testcase>
</testsuite>
<testsuite name="cart\cart-comprehensive.spec.ts" timestamp="2025-10-29T19:08:05.826Z" hostname="webkit" tests="17" failures="1" skipped="0" time="81.862" errors="0">
<testcase name="Cart - Comprehensive E2E Tests › Basic Cart Operations › should add single item to cart" classname="cart\cart-comprehensive.spec.ts" time="6.797">
</testcase>
<testcase name="Cart - Comprehensive E2E Tests › Basic Cart Operations › should add multiple different items to cart" classname="cart\cart-comprehensive.spec.ts" time="7.775">
</testcase>
<testcase name="Cart - Comprehensive E2E Tests › Basic Cart Operations › should handle quantity increment/decrement" classname="cart\cart-comprehensive.spec.ts" time="8.234">
</testcase>
<testcase name="Cart - Comprehensive E2E Tests › Cart Persistence &amp; State Management › should persist cart across page reloads" classname="cart\cart-comprehensive.spec.ts" time="2.853">
</testcase>
<testcase name="Cart - Comprehensive E2E Tests › Cart Persistence &amp; State Management › should persist cart across navigation" classname="cart\cart-comprehensive.spec.ts" time="3.158">
</testcase>
<testcase name="Cart - Comprehensive E2E Tests › Cart Persistence &amp; State Management › should isolate cart data between tenants" classname="cart\cart-comprehensive.spec.ts" time="3.35">
</testcase>
<testcase name="Cart - Comprehensive E2E Tests › Cart Calculations &amp; Pricing › should calculate correct totals with multiple items" classname="cart\cart-comprehensive.spec.ts" time="2.756">
</testcase>
<testcase name="Cart - Comprehensive E2E Tests › Cart Calculations &amp; Pricing › should handle free shipping threshold" classname="cart\cart-comprehensive.spec.ts" time="3.521">
</testcase>
<testcase name="Cart - Comprehensive E2E Tests › Error Handling &amp; Edge Cases › should handle empty cart gracefully" classname="cart\cart-comprehensive.spec.ts" time="8.686">
<failure message="cart-comprehensive.spec.ts:333:9 should handle empty cart gracefully" type="FAILURE">
<![CDATA[  [webkit] › cart\cart-comprehensive.spec.ts:333:9 › Cart - Comprehensive E2E Tests › Error Handling & Edge Cases › should handle empty cart gracefully 

    Error: expect(received).toBeGreaterThan(expected)

    Expected: > 0
    Received:   0

      345 |       const continueShopping = page.locator('text=/continuar comprando|keep shopping/');
      346 |
    > 347 |       expect(await emptyMessage.count() + await continueShopping.count()).toBeGreaterThan(0);
          |                                                                           ^
      348 |
      349 |       console.log(`✅ ${tenant}: Empty cart handled gracefully`);
      350 |     });
        at C:\Dev\Zo\sass-store\tests\e2e\cart\cart-comprehensive.spec.ts:347:75

    attachment #1: screenshot (image/png) ──────────────────────────────────────────────────────────
    ..\..\test-results\cart-cart-comprehensive-Ca-b8fbf-andle-empty-cart-gracefully-webkit\test-failed-1.png
    ────────────────────────────────────────────────────────────────────────────────────────────────

    attachment #2: video (video/webm) ──────────────────────────────────────────────────────────────
    ..\..\test-results\cart-cart-comprehensive-Ca-b8fbf-andle-empty-cart-gracefully-webkit\video.webm
    ────────────────────────────────────────────────────────────────────────────────────────────────

    Error Context: ..\..\test-results\cart-cart-comprehensive-Ca-b8fbf-andle-empty-cart-gracefully-webkit\error-context.md
]]>
</failure>
<system-out>
<![CDATA[
[[ATTACHMENT|cart-cart-comprehensive-Ca-b8fbf-andle-empty-cart-gracefully-webkit\test-failed-1.png]]

[[ATTACHMENT|cart-cart-comprehensive-Ca-b8fbf-andle-empty-cart-gracefully-webkit\video.webm]]

[[ATTACHMENT|cart-cart-comprehensive-Ca-b8fbf-andle-empty-cart-gracefully-webkit\error-context.md]]
]]>
</system-out>
</testcase>
<testcase name="Cart - Comprehensive E2E Tests › Error Handling &amp; Edge Cases › should handle network errors during add to cart" classname="cart\cart-comprehensive.spec.ts" time="0.767">
<system-out>
<![CDATA[⏭️ Network error test requires mocking - skipping for now
]]>
</system-out>
</testcase>
<testcase name="Cart - Comprehensive E2E Tests › Error Handling &amp; Edge Cases › should handle invalid product data" classname="cart\cart-comprehensive.spec.ts" time="8.968">
<system-out>
<![CDATA[✅ wondernails: Invalid data handled gracefully
]]>
</system-out>
</testcase>
<testcase name="Cart - Comprehensive E2E Tests › Cart UI/UX › should show loading states appropriately" classname="cart\cart-comprehensive.spec.ts" time="5.176">
</testcase>
<testcase name="Cart - Comprehensive E2E Tests › Cart UI/UX › should be keyboard accessible" classname="cart\cart-comprehensive.spec.ts" time="5.125">
<system-out>
<![CDATA[✅ wondernails: Cart is keyboard accessible
]]>
</system-out>
</testcase>
<testcase name="Cart - Comprehensive E2E Tests › Cart UI/UX › should work on mobile viewport" classname="cart\cart-comprehensive.spec.ts" time="3.6">
</testcase>
<testcase name="Cart - Comprehensive E2E Tests › Performance &amp; Load Testing › should handle large cart efficiently" classname="cart\cart-comprehensive.spec.ts" time="3.597">
<system-out>
<![CDATA[✅ wondernails: Large cart handled efficiently (0ms for 0 items)
]]>
</system-out>
</testcase>
<testcase name="Cart - Comprehensive E2E Tests › Performance &amp; Load Testing › should handle rapid add/remove operations" classname="cart\cart-comprehensive.spec.ts" time="3.903">
</testcase>
<testcase name="Cart - Comprehensive E2E Tests › Cross-browser Compatibility › should work with different browsers" classname="cart\cart-comprehensive.spec.ts" time="3.596">
</testcase>
</testsuite>
<testsuite name="cart\cart-coupon-tests.spec.ts" timestamp="2025-10-29T19:08:05.826Z" hostname="webkit" tests="12" failures="1" skipped="0" time="61.82" errors="0">
<testcase name="Cart - Coupon System › Coupon Application › should apply valid percentage coupon" classname="cart\cart-coupon-tests.spec.ts" time="3.438">
</testcase>
<testcase name="Cart - Coupon System › Coupon Application › should apply valid flat discount coupon" classname="cart\cart-coupon-tests.spec.ts" time="3.56">
</testcase>
<testcase name="Cart - Coupon System › Coupon Application › should reject invalid coupon" classname="cart\cart-coupon-tests.spec.ts" time="3.492">
</testcase>
<testcase name="Cart - Coupon System › Coupon Edge Cases › should handle coupon case insensitivity" classname="cart\cart-coupon-tests.spec.ts" time="3.672">
</testcase>
<testcase name="Cart - Coupon System › Coupon Edge Cases › should allow coupon removal" classname="cart\cart-coupon-tests.spec.ts" time="3.6">
</testcase>
<testcase name="Cart - Coupon System › Coupon Edge Cases › should handle multiple coupon applications" classname="cart\cart-coupon-tests.spec.ts" time="3.033">
</testcase>
<testcase name="Cart - Coupon System › Coupon Validation › should validate minimum purchase requirements" classname="cart\cart-coupon-tests.spec.ts" time="4.436">
</testcase>
<testcase name="Cart - Coupon System › Coupon Validation › should handle expired coupons" classname="cart\cart-coupon-tests.spec.ts" time="2.977">
</testcase>
<testcase name="Cart - Coupon System › Coupon Validation › should prevent coupon abuse" classname="cart\cart-coupon-tests.spec.ts" time="3.254">
</testcase>
<testcase name="Cart - Coupon System › Discount Calculations › should calculate percentage discounts correctly" classname="cart\cart-coupon-tests.spec.ts" time="20.05">
<failure message="cart-coupon-tests.spec.ts:337:9 should calculate percentage discounts correctly" type="FAILURE">
<![CDATA[  [webkit] › cart\cart-coupon-tests.spec.ts:337:9 › Cart - Coupon System › Discount Calculations › should calculate percentage discounts correctly 

    TimeoutError: locator.textContent: Timeout 15000ms exceeded.
    Call log:
      - waiting for locator('text=/Subtotal|Subtotal:/').first()


      353 |
      354 |       // Subtotal should be 100 + (50*2) = 200
    > 355 |       const subtotalText = await page.locator('text=/Subtotal|Subtotal:/').first().textContent();
          |                                                                                    ^
      356 |       const subtotal = parseFloat(subtotalText?.replace(/[^\d.]/g, '') || '0');
      357 |       expect(subtotal).toBeCloseTo(200, 2);
      358 |
        at C:\Dev\Zo\sass-store\tests\e2e\cart\cart-coupon-tests.spec.ts:355:84

    attachment #1: screenshot (image/png) ──────────────────────────────────────────────────────────
    ..\..\test-results\cart-cart-coupon-tests-Car-61725-centage-discounts-correctly-webkit\test-failed-1.png
    ────────────────────────────────────────────────────────────────────────────────────────────────

    attachment #2: video (video/webm) ──────────────────────────────────────────────────────────────
    ..\..\test-results\cart-cart-coupon-tests-Car-61725-centage-discounts-correctly-webkit\video.webm
    ────────────────────────────────────────────────────────────────────────────────────────────────

    Error Context: ..\..\test-results\cart-cart-coupon-tests-Car-61725-centage-discounts-correctly-webkit\error-context.md
]]>
</failure>
<system-out>
<![CDATA[
[[ATTACHMENT|cart-cart-coupon-tests-Car-61725-centage-discounts-correctly-webkit\test-failed-1.png]]

[[ATTACHMENT|cart-cart-coupon-tests-Car-61725-centage-discounts-correctly-webkit\video.webm]]

[[ATTACHMENT|cart-cart-coupon-tests-Car-61725-centage-discounts-correctly-webkit\error-context.md]]
]]>
</system-out>
</testcase>
<testcase name="Cart - Coupon System › Discount Calculations › should calculate flat discounts correctly" classname="cart\cart-coupon-tests.spec.ts" time="5.072">
</testcase>
<testcase name="Cart - Coupon System › Discount Calculations › should not allow negative totals" classname="cart\cart-coupon-tests.spec.ts" time="5.236">
</testcase>
</testsuite>
<testsuite name="cart\cart-edge-cases.spec.ts" timestamp="2025-10-29T19:08:05.826Z" hostname="webkit" tests="14" failures="5" skipped="0" time="76.349" errors="0">
<testcase name="Cart - Edge Cases &amp; Error Handling › Boundary Conditions › should handle maximum quantity limits" classname="cart\cart-edge-cases.spec.ts" time="3.578">
</testcase>
<testcase name="Cart - Edge Cases &amp; Error Handling › Boundary Conditions › should handle zero quantity gracefully" classname="cart\cart-edge-cases.spec.ts" time="3.676">
</testcase>
<testcase name="Cart - Edge Cases &amp; Error Handling › Boundary Conditions › should handle negative quantities in localStorage" classname="cart\cart-edge-cases.spec.ts" time="4.984">
<system-out>
<![CDATA[✅ wondernails: Negative quantities sanitized correctly
]]>
</system-out>
</testcase>
<testcase name="Cart - Edge Cases &amp; Error Handling › Error Recovery › should recover from corrupted localStorage" classname="cart\cart-edge-cases.spec.ts" time="5.038">
</testcase>
<testcase name="Cart - Edge Cases &amp; Error Handling › Error Recovery › should handle network failures during cart operations" classname="cart\cart-edge-cases.spec.ts" time="3.068">
</testcase>
<testcase name="Cart - Edge Cases &amp; Error Handling › Error Recovery › should handle concurrent cart modifications" classname="cart\cart-edge-cases.spec.ts" time="3.152">
</testcase>
<testcase name="Cart - Edge Cases &amp; Error Handling › Data Integrity › should deduplicate identical items" classname="cart\cart-edge-cases.spec.ts" time="3.12">
</testcase>
<testcase name="Cart - Edge Cases &amp; Error Handling › Data Integrity › should handle items with missing required fields" classname="cart\cart-edge-cases.spec.ts" time="4.863">
<failure message="cart-edge-cases.spec.ts:298:9 should handle items with missing required fields" type="FAILURE">
<![CDATA[  [webkit] › cart\cart-edge-cases.spec.ts:298:9 › Cart - Edge Cases & Error Handling › Data Integrity › should handle items with missing required fields 

    Error: expect(received).toBeGreaterThanOrEqual(expected)

    Expected: >= 1
    Received:    0

      320 |
      321 |       // Should have at least the valid item
    > 322 |       expect(itemCount).toBeGreaterThanOrEqual(1);
          |                         ^
      323 |
      324 |       // Valid item should be present
      325 |       const validItem = cartItems.filter({ hasText: 'Valid Item' });
        at C:\Dev\Zo\sass-store\tests\e2e\cart\cart-edge-cases.spec.ts:322:25

    attachment #1: screenshot (image/png) ──────────────────────────────────────────────────────────
    ..\..\test-results\cart-cart-edge-cases-Cart--cc018-ith-missing-required-fields-webkit\test-failed-1.png
    ────────────────────────────────────────────────────────────────────────────────────────────────

    attachment #2: video (video/webm) ──────────────────────────────────────────────────────────────
    ..\..\test-results\cart-cart-edge-cases-Cart--cc018-ith-missing-required-fields-webkit\video.webm
    ────────────────────────────────────────────────────────────────────────────────────────────────

    Error Context: ..\..\test-results\cart-cart-edge-cases-Cart--cc018-ith-missing-required-fields-webkit\error-context.md
]]>
</failure>
<system-out>
<![CDATA[
[[ATTACHMENT|cart-cart-edge-cases-Cart--cc018-ith-missing-required-fields-webkit\test-failed-1.png]]

[[ATTACHMENT|cart-cart-edge-cases-Cart--cc018-ith-missing-required-fields-webkit\video.webm]]

[[ATTACHMENT|cart-cart-edge-cases-Cart--cc018-ith-missing-required-fields-webkit\error-context.md]]
]]>
</system-out>
</testcase>
<testcase name="Cart - Edge Cases &amp; Error Handling › Data Integrity › should validate price data types" classname="cart\cart-edge-cases.spec.ts" time="4.848">
<failure message="cart-edge-cases.spec.ts:331:9 should validate price data types" type="FAILURE">
<![CDATA[  [webkit] › cart\cart-edge-cases.spec.ts:331:9 › Cart - Edge Cases & Error Handling › Data Integrity › should validate price data types 

    Error: expect(received).toBeGreaterThanOrEqual(expected)

    Expected: >= 1
    Received:    0

      353 |       const itemCount = await cartItems.count();
      354 |
    > 355 |       expect(itemCount).toBeGreaterThanOrEqual(1);
          |                         ^
      356 |
      357 |       // Check for toFixed errors (common with invalid prices)
      358 |       const errors: string[] = [];
        at C:\Dev\Zo\sass-store\tests\e2e\cart\cart-edge-cases.spec.ts:355:25

    attachment #1: screenshot (image/png) ──────────────────────────────────────────────────────────
    ..\..\test-results\cart-cart-edge-cases-Cart--84fa8-d-validate-price-data-types-webkit\test-failed-1.png
    ────────────────────────────────────────────────────────────────────────────────────────────────

    attachment #2: video (video/webm) ──────────────────────────────────────────────────────────────
    ..\..\test-results\cart-cart-edge-cases-Cart--84fa8-d-validate-price-data-types-webkit\video.webm
    ────────────────────────────────────────────────────────────────────────────────────────────────

    Error Context: ..\..\test-results\cart-cart-edge-cases-Cart--84fa8-d-validate-price-data-types-webkit\error-context.md
]]>
</failure>
<system-out>
<![CDATA[
[[ATTACHMENT|cart-cart-edge-cases-Cart--84fa8-d-validate-price-data-types-webkit\test-failed-1.png]]

[[ATTACHMENT|cart-cart-edge-cases-Cart--84fa8-d-validate-price-data-types-webkit\video.webm]]

[[ATTACHMENT|cart-cart-edge-cases-Cart--84fa8-d-validate-price-data-types-webkit\error-context.md]]
]]>
</system-out>
</testcase>
<testcase name="Cart - Edge Cases &amp; Error Handling › Performance Edge Cases › should handle very large cart data" classname="cart\cart-edge-cases.spec.ts" time="4.746">
<failure message="cart-edge-cases.spec.ts:373:9 should handle very large cart data" type="FAILURE">
<![CDATA[  [webkit] › cart\cart-edge-cases.spec.ts:373:9 › Cart - Edge Cases & Error Handling › Performance Edge Cases › should handle very large cart data 

    Error: expect(received).toBeGreaterThan(expected)

    Expected: > 0
    Received:   0

      406 |       const displayedCount = await cartItems.count();
      407 |
    > 408 |       expect(displayedCount).toBeGreaterThan(0);
          |                              ^
      409 |
      410 |       // Should calculate totals
      411 |       const totalElement = page.locator('text=/Total|Total:/');
        at C:\Dev\Zo\sass-store\tests\e2e\cart\cart-edge-cases.spec.ts:408:30

    attachment #1: screenshot (image/png) ──────────────────────────────────────────────────────────
    ..\..\test-results\cart-cart-edge-cases-Cart--b21b9-handle-very-large-cart-data-webkit\test-failed-1.png
    ────────────────────────────────────────────────────────────────────────────────────────────────

    attachment #2: video (video/webm) ──────────────────────────────────────────────────────────────
    ..\..\test-results\cart-cart-edge-cases-Cart--b21b9-handle-very-large-cart-data-webkit\video.webm
    ────────────────────────────────────────────────────────────────────────────────────────────────

    Error Context: ..\..\test-results\cart-cart-edge-cases-Cart--b21b9-handle-very-large-cart-data-webkit\error-context.md
]]>
</failure>
<system-out>
<![CDATA[
[[ATTACHMENT|cart-cart-edge-cases-Cart--b21b9-handle-very-large-cart-data-webkit\test-failed-1.png]]

[[ATTACHMENT|cart-cart-edge-cases-Cart--b21b9-handle-very-large-cart-data-webkit\video.webm]]

[[ATTACHMENT|cart-cart-edge-cases-Cart--b21b9-handle-very-large-cart-data-webkit\error-context.md]]
]]>
</system-out>
</testcase>
<testcase name="Cart - Edge Cases &amp; Error Handling › Performance Edge Cases › should handle rapid state changes" classname="cart\cart-edge-cases.spec.ts" time="19.849">
<failure message="cart-edge-cases.spec.ts:417:9 should handle rapid state changes" type="FAILURE">
<![CDATA[  [webkit] › cart\cart-edge-cases.spec.ts:417:9 › Cart - Edge Cases & Error Handling › Performance Edge Cases › should handle rapid state changes 

    TimeoutError: locator.click: Timeout 15000ms exceeded.
    Call log:
      - waiting for locator('[data-testid="cart-item"]').first().locator('button:has-text("+")')


      445 |       const operations = [];
      446 |       for (let i = 0; i < 20; i++) {
    > 447 |         operations.push(plusButton.click());
          |                                    ^
      448 |         operations.push(page.waitForTimeout(10));
      449 |         if (i % 3 === 0) {
      450 |           operations.push(minusButton.click());
        at C:\Dev\Zo\sass-store\tests\e2e\cart\cart-edge-cases.spec.ts:447:36

    attachment #1: screenshot (image/png) ──────────────────────────────────────────────────────────
    ..\..\test-results\cart-cart-edge-cases-Cart--91114--handle-rapid-state-changes-webkit\test-failed-1.png
    ────────────────────────────────────────────────────────────────────────────────────────────────

    attachment #2: video (video/webm) ──────────────────────────────────────────────────────────────
    ..\..\test-results\cart-cart-edge-cases-Cart--91114--handle-rapid-state-changes-webkit\video.webm
    ────────────────────────────────────────────────────────────────────────────────────────────────

    Error Context: ..\..\test-results\cart-cart-edge-cases-Cart--91114--handle-rapid-state-changes-webkit\error-context.md
]]>
</failure>
<system-out>
<![CDATA[
[[ATTACHMENT|cart-cart-edge-cases-Cart--91114--handle-rapid-state-changes-webkit\test-failed-1.png]]

[[ATTACHMENT|cart-cart-edge-cases-Cart--91114--handle-rapid-state-changes-webkit\video.webm]]

[[ATTACHMENT|cart-cart-edge-cases-Cart--91114--handle-rapid-state-changes-webkit\error-context.md]]
]]>
</system-out>
</testcase>
<testcase name="Cart - Edge Cases &amp; Error Handling › Accessibility &amp; Usability › should maintain focus during cart operations" classname="cart\cart-edge-cases.spec.ts" time="2.855">
</testcase>
<testcase name="Cart - Edge Cases &amp; Error Handling › Accessibility &amp; Usability › should provide clear error messages" classname="cart\cart-edge-cases.spec.ts" time="2.864">
</testcase>
<testcase name="Cart - Edge Cases &amp; Error Handling › Accessibility &amp; Usability › should handle very long item names" classname="cart\cart-edge-cases.spec.ts" time="9.708">
<failure message="cart-edge-cases.spec.ts:527:9 should handle very long item names" type="FAILURE">
<![CDATA[  [webkit] › cart\cart-edge-cases.spec.ts:527:9 › Cart - Edge Cases & Error Handling › Accessibility & Usability › should handle very long item names 

    Error: expect(locator).toBeVisible() failed

    Locator: locator('[data-testid="cart-item"]').first()
    Expected: visible
    Timeout: 5000ms
    Error: element(s) not found

    Call log:
      - Expect "toBeVisible" with timeout 5000ms
      - waiting for locator('[data-testid="cart-item"]').first()


      547 |       // Should handle long names without breaking layout
      548 |       const cartItem = page.locator('[data-testid="cart-item"]').first();
    > 549 |       await expect(cartItem).toBeVisible();
          |                              ^
      550 |
      551 |       // Should not have horizontal scroll issues
      552 |       const scrollWidth = await page.evaluate(() => document.body.scrollWidth);
        at C:\Dev\Zo\sass-store\tests\e2e\cart\cart-edge-cases.spec.ts:549:30

    attachment #1: screenshot (image/png) ──────────────────────────────────────────────────────────
    ..\..\test-results\cart-cart-edge-cases-Cart--4841f-handle-very-long-item-names-webkit\test-failed-1.png
    ────────────────────────────────────────────────────────────────────────────────────────────────

    attachment #2: video (video/webm) ──────────────────────────────────────────────────────────────
    ..\..\test-results\cart-cart-edge-cases-Cart--4841f-handle-very-long-item-names-webkit\video.webm
    ────────────────────────────────────────────────────────────────────────────────────────────────

    Error Context: ..\..\test-results\cart-cart-edge-cases-Cart--4841f-handle-very-long-item-names-webkit\error-context.md
]]>
</failure>
<system-out>
<![CDATA[
[[ATTACHMENT|cart-cart-edge-cases-Cart--4841f-handle-very-long-item-names-webkit\test-failed-1.png]]

[[ATTACHMENT|cart-cart-edge-cases-Cart--4841f-handle-very-long-item-names-webkit\video.webm]]

[[ATTACHMENT|cart-cart-edge-cases-Cart--4841f-handle-very-long-item-names-webkit\error-context.md]]
]]>
</system-out>
</testcase>
</testsuite>
<testsuite name="cart\cart-mobile-responsive.spec.ts" timestamp="2025-10-29T19:08:05.826Z" hostname="webkit" tests="12" failures="6" skipped="0" time="57.207" errors="0">
<testcase name="Cart - Mobile &amp; Responsive › Mobile Viewport Tests › should work on iPhone SE" classname="cart\cart-mobile-responsive.spec.ts" time="2.747">
</testcase>
<testcase name="Cart - Mobile &amp; Responsive › Mobile Viewport Tests › should work on iPhone 12 Pro Max" classname="cart\cart-mobile-responsive.spec.ts" time="2.501">
</testcase>
<testcase name="Cart - Mobile &amp; Responsive › Mobile Viewport Tests › should work on Galaxy S21" classname="cart\cart-mobile-responsive.spec.ts" time="2.709">
</testcase>
<testcase name="Cart - Mobile &amp; Responsive › Tablet Viewport Tests › should work on iPad" classname="cart\cart-mobile-responsive.spec.ts" time="3.289">
<failure message="cart-mobile-responsive.spec.ts:124:9 should work on iPad" type="FAILURE">
<![CDATA[  [webkit] › cart\cart-mobile-responsive.spec.ts:124:9 › Cart - Mobile & Responsive › Tablet Viewport Tests › should work on iPad 

    Error: expect(received).toContain(expected) // indexOf

    Expected substring: "/cart"
    Received string:    "http://localhost:3001/t/wondernails/products"

      149 |       }
      150 |
    > 151 |       expect(page.url()).toContain('/cart');
          |                          ^
      152 |
      153 |       // Verify multiple items display well on tablet
      154 |       const cartItems = page.locator('[data-testid="cart-item"]');
        at C:\Dev\Zo\sass-store\tests\e2e\cart\cart-mobile-responsive.spec.ts:151:26

    attachment #1: screenshot (image/png) ──────────────────────────────────────────────────────────
    ..\..\test-results\cart-cart-mobile-responsiv-5f089-t-Tests-should-work-on-iPad-webkit\test-failed-1.png
    ────────────────────────────────────────────────────────────────────────────────────────────────

    attachment #2: video (video/webm) ──────────────────────────────────────────────────────────────
    ..\..\test-results\cart-cart-mobile-responsiv-5f089-t-Tests-should-work-on-iPad-webkit\video.webm
    ────────────────────────────────────────────────────────────────────────────────────────────────

    Error Context: ..\..\test-results\cart-cart-mobile-responsiv-5f089-t-Tests-should-work-on-iPad-webkit\error-context.md
]]>
</failure>
<system-out>
<![CDATA[
[[ATTACHMENT|cart-cart-mobile-responsiv-5f089-t-Tests-should-work-on-iPad-webkit\test-failed-1.png]]

[[ATTACHMENT|cart-cart-mobile-responsiv-5f089-t-Tests-should-work-on-iPad-webkit\video.webm]]

[[ATTACHMENT|cart-cart-mobile-responsiv-5f089-t-Tests-should-work-on-iPad-webkit\error-context.md]]
]]>
</system-out>
</testcase>
<testcase name="Cart - Mobile &amp; Responsive › Tablet Viewport Tests › should work on iPad Pro" classname="cart\cart-mobile-responsive.spec.ts" time="4.915">
<failure message="cart-mobile-responsive.spec.ts:167:9 should work on iPad Pro" type="FAILURE">
<![CDATA[  [webkit] › cart\cart-mobile-responsive.spec.ts:167:9 › Cart - Mobile & Responsive › Tablet Viewport Tests › should work on iPad Pro 

    Error: expect(received).toBe(expected) // Object.is equality

    Expected: 3
    Received: 0

      189 |       const cartItems = page.locator('[data-testid="cart-item"]');
      190 |       const itemCount = await cartItems.count();
    > 191 |       expect(itemCount).toBe(3);
          |                         ^
      192 |
      193 |       // Check that long item names don't break layout
      194 |       for (let i = 0; i < itemCount; i++) {
        at C:\Dev\Zo\sass-store\tests\e2e\cart\cart-mobile-responsive.spec.ts:191:25

    attachment #1: screenshot (image/png) ──────────────────────────────────────────────────────────
    ..\..\test-results\cart-cart-mobile-responsiv-05bb0-sts-should-work-on-iPad-Pro-webkit\test-failed-1.png
    ────────────────────────────────────────────────────────────────────────────────────────────────

    attachment #2: video (video/webm) ──────────────────────────────────────────────────────────────
    ..\..\test-results\cart-cart-mobile-responsiv-05bb0-sts-should-work-on-iPad-Pro-webkit\video.webm
    ────────────────────────────────────────────────────────────────────────────────────────────────

    Error Context: ..\..\test-results\cart-cart-mobile-responsiv-05bb0-sts-should-work-on-iPad-Pro-webkit\error-context.md
]]>
</failure>
<system-out>
<![CDATA[
[[ATTACHMENT|cart-cart-mobile-responsiv-05bb0-sts-should-work-on-iPad-Pro-webkit\test-failed-1.png]]

[[ATTACHMENT|cart-cart-mobile-responsiv-05bb0-sts-should-work-on-iPad-Pro-webkit\video.webm]]

[[ATTACHMENT|cart-cart-mobile-responsiv-05bb0-sts-should-work-on-iPad-Pro-webkit\error-context.md]]
]]>
</system-out>
</testcase>
<testcase name="Cart - Mobile &amp; Responsive › Desktop Responsive Tests › should adapt to different desktop screen sizes" classname="cart\cart-mobile-responsive.spec.ts" time="4.2">
<failure message="cart-mobile-responsive.spec.ts:212:9 should adapt to different desktop screen sizes" type="FAILURE">
<![CDATA[  [webkit] › cart\cart-mobile-responsive.spec.ts:212:9 › Cart - Mobile & Responsive › Desktop Responsive Tests › should adapt to different desktop screen sizes 

    Error: expect(received).toBe(expected) // Object.is equality

    Expected: 2
    Received: 0

      240 |         const cartItems = page.locator('[data-testid="cart-item"]');
      241 |         const itemCount = await cartItems.count();
    > 242 |         expect(itemCount).toBe(2);
          |                           ^
      243 |
      244 |         // Check layout utilizes screen space effectively
      245 |         const cartContainer = page.locator('[data-testid="cart-container"], .cart-container, main').first();
        at C:\Dev\Zo\sass-store\tests\e2e\cart\cart-mobile-responsive.spec.ts:242:27

    attachment #1: screenshot (image/png) ──────────────────────────────────────────────────────────
    ..\..\test-results\cart-cart-mobile-responsiv-0669e-ferent-desktop-screen-sizes-webkit\test-failed-1.png
    ────────────────────────────────────────────────────────────────────────────────────────────────

    attachment #2: video (video/webm) ──────────────────────────────────────────────────────────────
    ..\..\test-results\cart-cart-mobile-responsiv-0669e-ferent-desktop-screen-sizes-webkit\video.webm
    ────────────────────────────────────────────────────────────────────────────────────────────────

    Error Context: ..\..\test-results\cart-cart-mobile-responsiv-0669e-ferent-desktop-screen-sizes-webkit\error-context.md
]]>
</failure>
<system-out>
<![CDATA[
[[ATTACHMENT|cart-cart-mobile-responsiv-0669e-ferent-desktop-screen-sizes-webkit\test-failed-1.png]]

[[ATTACHMENT|cart-cart-mobile-responsiv-0669e-ferent-desktop-screen-sizes-webkit\video.webm]]

[[ATTACHMENT|cart-cart-mobile-responsiv-0669e-ferent-desktop-screen-sizes-webkit\error-context.md]]
]]>
</system-out>
</testcase>
<testcase name="Cart - Mobile &amp; Responsive › Touch &amp; Gesture Tests › should handle touch gestures on mobile" classname="cart\cart-mobile-responsive.spec.ts" time="2.699">
</testcase>
<testcase name="Cart - Mobile &amp; Responsive › Touch &amp; Gesture Tests › should handle swipe gestures for cart navigation" classname="cart\cart-mobile-responsive.spec.ts" time="3.517">
<failure message="cart-mobile-responsive.spec.ts:300:9 should handle swipe gestures for cart navigation" type="FAILURE">
<![CDATA[  [webkit] › cart\cart-mobile-responsive.spec.ts:300:9 › Cart - Mobile & Responsive › Touch & Gesture Tests › should handle swipe gestures for cart navigation 

    Error: expect(received).toBe(expected) // Object.is equality

    Expected: 5
    Received: 0

      326 |       const cartItems = page.locator('[data-testid="cart-item"]');
      327 |       const itemCount = await cartItems.count();
    > 328 |       expect(itemCount).toBe(5);
          |                         ^
      329 |
      330 |       // Test scrolling on mobile
      331 |       const lastItem = cartItems.last();
        at C:\Dev\Zo\sass-store\tests\e2e\cart\cart-mobile-responsive.spec.ts:328:25

    attachment #1: screenshot (image/png) ──────────────────────────────────────────────────────────
    ..\..\test-results\cart-cart-mobile-responsiv-525f5-estures-for-cart-navigation-webkit\test-failed-1.png
    ────────────────────────────────────────────────────────────────────────────────────────────────

    attachment #2: video (video/webm) ──────────────────────────────────────────────────────────────
    ..\..\test-results\cart-cart-mobile-responsiv-525f5-estures-for-cart-navigation-webkit\video.webm
    ────────────────────────────────────────────────────────────────────────────────────────────────

    Error Context: ..\..\test-results\cart-cart-mobile-responsiv-525f5-estures-for-cart-navigation-webkit\error-context.md
]]>
</failure>
<system-out>
<![CDATA[
[[ATTACHMENT|cart-cart-mobile-responsiv-525f5-estures-for-cart-navigation-webkit\test-failed-1.png]]

[[ATTACHMENT|cart-cart-mobile-responsiv-525f5-estures-for-cart-navigation-webkit\video.webm]]

[[ATTACHMENT|cart-cart-mobile-responsiv-525f5-estures-for-cart-navigation-webkit\error-context.md]]
]]>
</system-out>
</testcase>
<testcase name="Cart - Mobile &amp; Responsive › Orientation Tests › should handle orientation changes" classname="cart\cart-mobile-responsive.spec.ts" time="3.398">
<failure message="cart-mobile-responsive.spec.ts:342:9 should handle orientation changes" type="FAILURE">
<![CDATA[  [webkit] › cart\cart-mobile-responsive.spec.ts:342:9 › Cart - Mobile & Responsive › Orientation Tests › should handle orientation changes 

    Error: expect(received).toBe(expected) // Object.is equality

    Expected: 2
    Received: 0

      362 |       // Verify portrait layout
      363 |       const portraitItems = page.locator('[data-testid="cart-item"]');
    > 364 |       expect(await portraitItems.count()).toBe(2);
          |                                           ^
      365 |
      366 |       // Switch to landscape
      367 |       await page.setViewportSize({ width: 667, height: 375 });
        at C:\Dev\Zo\sass-store\tests\e2e\cart\cart-mobile-responsive.spec.ts:364:43

    attachment #1: screenshot (image/png) ──────────────────────────────────────────────────────────
    ..\..\test-results\cart-cart-mobile-responsiv-fcb4c--handle-orientation-changes-webkit\test-failed-1.png
    ────────────────────────────────────────────────────────────────────────────────────────────────

    attachment #2: video (video/webm) ──────────────────────────────────────────────────────────────
    ..\..\test-results\cart-cart-mobile-responsiv-fcb4c--handle-orientation-changes-webkit\video.webm
    ────────────────────────────────────────────────────────────────────────────────────────────────

    Error Context: ..\..\test-results\cart-cart-mobile-responsiv-fcb4c--handle-orientation-changes-webkit\error-context.md
]]>
</failure>
<system-out>
<![CDATA[
[[ATTACHMENT|cart-cart-mobile-responsiv-fcb4c--handle-orientation-changes-webkit\test-failed-1.png]]

[[ATTACHMENT|cart-cart-mobile-responsiv-fcb4c--handle-orientation-changes-webkit\video.webm]]

[[ATTACHMENT|cart-cart-mobile-responsiv-fcb4c--handle-orientation-changes-webkit\error-context.md]]
]]>
</system-out>
</testcase>
<testcase name="Cart - Mobile &amp; Responsive › Accessibility on Mobile › should maintain accessibility on small screens" classname="cart\cart-mobile-responsive.spec.ts" time="2.147">
</testcase>
<testcase name="Cart - Mobile &amp; Responsive › Accessibility on Mobile › should support keyboard navigation on tablets" classname="cart\cart-mobile-responsive.spec.ts" time="19.52">
<failure message="cart-mobile-responsive.spec.ts:433:9 should support keyboard navigation on tablets" type="FAILURE">
<![CDATA[  [webkit] › cart\cart-mobile-responsive.spec.ts:433:9 › Cart - Mobile & Responsive › Accessibility on Mobile › should support keyboard navigation on tablets 

    TimeoutError: locator.focus: Timeout 15000ms exceeded.
    Call log:
      - waiting for locator('[data-testid="cart-item"]').first().locator('button:has-text("+")')


      466 |       // Test Enter key on buttons
      467 |       const plusButton = page.locator('[data-testid="cart-item"]').first().locator('button:has-text("+")');
    > 468 |       await plusButton.focus();
          |                        ^
      469 |       await page.keyboard.press('Enter');
      470 |       await page.waitForTimeout(200);
      471 |
        at C:\Dev\Zo\sass-store\tests\e2e\cart\cart-mobile-responsive.spec.ts:468:24

    attachment #1: screenshot (image/png) ──────────────────────────────────────────────────────────
    ..\..\test-results\cart-cart-mobile-responsiv-9443f-board-navigation-on-tablets-webkit\test-failed-1.png
    ────────────────────────────────────────────────────────────────────────────────────────────────

    attachment #2: video (video/webm) ──────────────────────────────────────────────────────────────
    ..\..\test-results\cart-cart-mobile-responsiv-9443f-board-navigation-on-tablets-webkit\video.webm
    ────────────────────────────────────────────────────────────────────────────────────────────────

    Error Context: ..\..\test-results\cart-cart-mobile-responsiv-9443f-board-navigation-on-tablets-webkit\error-context.md
]]>
</failure>
<system-out>
<![CDATA[
[[ATTACHMENT|cart-cart-mobile-responsiv-9443f-board-navigation-on-tablets-webkit\test-failed-1.png]]

[[ATTACHMENT|cart-cart-mobile-responsiv-9443f-board-navigation-on-tablets-webkit\video.webm]]

[[ATTACHMENT|cart-cart-mobile-responsiv-9443f-board-navigation-on-tablets-webkit\error-context.md]]
]]>
</system-out>
</testcase>
<testcase name="Cart - Mobile &amp; Responsive › Performance on Mobile › should load quickly on slow mobile connections" classname="cart\cart-mobile-responsive.spec.ts" time="5.565">
<system-out>
<![CDATA[✅ wondernails: Performs well on slow mobile connections (3391ms load, 4998ms reload)
]]>
</system-out>
</testcase>
</testsuite>
<testsuite name="cart\cart-multiple-items-corrected.spec.ts" timestamp="2025-10-29T19:08:05.826Z" hostname="webkit" tests="3" failures="0" skipped="0" time="18.301" errors="0">
<testcase name="Cart - Multiple Items (CORRECTED) › should handle multiple items with correct price calculations" classname="cart\cart-multiple-items-corrected.spec.ts" time="8.376">
</testcase>
<testcase name="Cart - Multiple Items (CORRECTED) › should display correct unit prices for items with quantity &gt; 1" classname="cart\cart-multiple-items-corrected.spec.ts" time="5.004">
</testcase>
<testcase name="Cart - Multiple Items (CORRECTED) › should not crash when adding multiple items of same product" classname="cart\cart-multiple-items-corrected.spec.ts" time="4.921">
</testcase>
</testsuite>
<testsuite name="cart\cart-multiple-items.spec.ts" timestamp="2025-10-29T19:08:05.826Z" hostname="webkit" tests="3" failures="0" skipped="0" time="17.258" errors="0">
<testcase name="Cart - Multiple Items › should handle multiple items with correct price calculations" classname="cart\cart-multiple-items.spec.ts" time="7.833">
</testcase>
<testcase name="Cart - Multiple Items › should display correct unit prices for items with quantity &gt; 1" classname="cart\cart-multiple-items.spec.ts" time="4.819">
</testcase>
<testcase name="Cart - Multiple Items › should not crash when adding multiple items of same product" classname="cart\cart-multiple-items.spec.ts" time="4.606">
</testcase>
</testsuite>
<testsuite name="cart\cart-performance.spec.ts" timestamp="2025-10-29T19:08:05.826Z" hostname="webkit" tests="10" failures="4" skipped="0" time="55.843" errors="0">
<testcase name="Cart - Performance &amp; Load Testing › Load Performance › should handle 100+ cart items efficiently" classname="cart\cart-performance.spec.ts" time="4.355">
<failure message="cart-performance.spec.ts:12:9 should handle 100+ cart items efficiently" type="FAILURE">
<![CDATA[  [webkit] › cart\cart-performance.spec.ts:12:9 › Cart - Performance & Load Testing › Load Performance › should handle 100+ cart items efficiently 

    Error: expect(received).toBeGreaterThan(expected)

    Expected: > 50
    Received:   0

      45 |       const cartItems = page.locator('[data-testid="cart-item"]');
      46 |       const itemCount = await cartItems.count();
    > 47 |       expect(itemCount).toBeGreaterThan(50); // At least half should render
         |                         ^
      48 |
      49 |       // Should calculate totals
      50 |       const totalElement = page.locator('text=/Total|Total:/');
        at C:\Dev\Zo\sass-store\tests\e2e\cart\cart-performance.spec.ts:47:25

    attachment #1: screenshot (image/png) ──────────────────────────────────────────────────────────
    ..\..\test-results\cart-cart-performance-Cart-ebe4a--100-cart-items-efficiently-webkit\test-failed-1.png
    ────────────────────────────────────────────────────────────────────────────────────────────────

    attachment #2: video (video/webm) ──────────────────────────────────────────────────────────────
    ..\..\test-results\cart-cart-performance-Cart-ebe4a--100-cart-items-efficiently-webkit\video.webm
    ────────────────────────────────────────────────────────────────────────────────────────────────

    Error Context: ..\..\test-results\cart-cart-performance-Cart-ebe4a--100-cart-items-efficiently-webkit\error-context.md
]]>
</failure>
<system-out>
<![CDATA[
[[ATTACHMENT|cart-cart-performance-Cart-ebe4a--100-cart-items-efficiently-webkit\test-failed-1.png]]

[[ATTACHMENT|cart-cart-performance-Cart-ebe4a--100-cart-items-efficiently-webkit\video.webm]]

[[ATTACHMENT|cart-cart-performance-Cart-ebe4a--100-cart-items-efficiently-webkit\error-context.md]]
]]>
</system-out>
</testcase>
<testcase name="Cart - Performance &amp; Load Testing › Load Performance › should maintain performance with rapid operations" classname="cart\cart-performance.spec.ts" time="3.842">
</testcase>
<testcase name="Cart - Performance &amp; Load Testing › Load Performance › should handle memory efficiently with large carts" classname="cart\cart-performance.spec.ts" time="5.046">
<system-out>
<![CDATA[✅ wondernails: Memory monitoring not available, but cart loaded successfully
]]>
</system-out>
</testcase>
<testcase name="Cart - Performance &amp; Load Testing › Concurrent Operations › should handle simultaneous add/remove operations" classname="cart\cart-performance.spec.ts" time="9.89">
<failure message="cart-performance.spec.ts:167:9 should handle simultaneous add/remove operations" type="FAILURE">
<![CDATA[  [webkit] › cart\cart-performance.spec.ts:167:9 › Cart - Performance & Load Testing › Concurrent Operations › should handle simultaneous add/remove operations 

    Error: expect(received).toBe(expected) // Object.is equality

    Expected: true
    Received: false

      225 |
      226 |       // At least one page should have items
    > 227 |       expect(itemCounts.some(count => count > 0)).toBe(true);
          |                                                   ^
      228 |
      229 |       await page2.close();
      230 |       await page3.close();
        at C:\Dev\Zo\sass-store\tests\e2e\cart\cart-performance.spec.ts:227:51

    attachment #1: screenshot (image/png) ──────────────────────────────────────────────────────────
    ..\..\test-results\cart-cart-performance-Cart-c54fa-neous-add-remove-operations-webkit\test-failed-2.png
    ────────────────────────────────────────────────────────────────────────────────────────────────

    attachment #2: screenshot (image/png) ──────────────────────────────────────────────────────────
    ..\..\test-results\cart-cart-performance-Cart-c54fa-neous-add-remove-operations-webkit\test-failed-3.png
    ────────────────────────────────────────────────────────────────────────────────────────────────

    attachment #3: screenshot (image/png) ──────────────────────────────────────────────────────────
    ..\..\test-results\cart-cart-performance-Cart-c54fa-neous-add-remove-operations-webkit\test-failed-1.png
    ────────────────────────────────────────────────────────────────────────────────────────────────

    attachment #4: video (video/webm) ──────────────────────────────────────────────────────────────
    ..\..\test-results\cart-cart-performance-Cart-c54fa-neous-add-remove-operations-webkit\video.webm
    ────────────────────────────────────────────────────────────────────────────────────────────────

    attachment #5: video (video/webm) ──────────────────────────────────────────────────────────────
    ..\..\test-results\cart-cart-performance-Cart-c54fa-neous-add-remove-operations-webkit\video-1.webm
    ────────────────────────────────────────────────────────────────────────────────────────────────

    attachment #6: video (video/webm) ──────────────────────────────────────────────────────────────
    ..\..\test-results\cart-cart-performance-Cart-c54fa-neous-add-remove-operations-webkit\video-2.webm
    ────────────────────────────────────────────────────────────────────────────────────────────────

    Error Context: ..\..\test-results\cart-cart-performance-Cart-c54fa-neous-add-remove-operations-webkit\error-context.md
]]>
</failure>
<system-out>
<![CDATA[
[[ATTACHMENT|cart-cart-performance-Cart-c54fa-neous-add-remove-operations-webkit\test-failed-2.png]]

[[ATTACHMENT|cart-cart-performance-Cart-c54fa-neous-add-remove-operations-webkit\test-failed-3.png]]

[[ATTACHMENT|cart-cart-performance-Cart-c54fa-neous-add-remove-operations-webkit\test-failed-1.png]]

[[ATTACHMENT|cart-cart-performance-Cart-c54fa-neous-add-remove-operations-webkit\video.webm]]

[[ATTACHMENT|cart-cart-performance-Cart-c54fa-neous-add-remove-operations-webkit\video-1.webm]]

[[ATTACHMENT|cart-cart-performance-Cart-c54fa-neous-add-remove-operations-webkit\video-2.webm]]

[[ATTACHMENT|cart-cart-performance-Cart-c54fa-neous-add-remove-operations-webkit\error-context.md]]
]]>
</system-out>
</testcase>
<testcase name="Cart - Performance &amp; Load Testing › Concurrent Operations › should handle rapid cart state changes" classname="cart\cart-performance.spec.ts" time="5.531">
<system-out>
<![CDATA[✅ wondernails: Rapid state changes handled without errors
]]>
</system-out>
</testcase>
<testcase name="Cart - Performance &amp; Load Testing › Network Performance › should handle slow networks gracefully" classname="cart\cart-performance.spec.ts" time="3.905">
</testcase>
<testcase name="Cart - Performance &amp; Load Testing › Network Performance › should handle offline/online transitions" classname="cart\cart-performance.spec.ts" time="2.942">
</testcase>
<testcase name="Cart - Performance &amp; Load Testing › Resource Usage › should not leak memory on repeated operations" classname="cart\cart-performance.spec.ts" time="2.922">
</testcase>
<testcase name="Cart - Performance &amp; Load Testing › Resource Usage › should handle large localStorage payloads" classname="cart\cart-performance.spec.ts" time="8.327">
<failure message="cart-performance.spec.ts:411:9 should handle large localStorage payloads" type="FAILURE">
<![CDATA[  [webkit] › cart\cart-performance.spec.ts:411:9 › Cart - Performance & Load Testing › Resource Usage › should handle large localStorage payloads 

    Error: expect(received).toBeGreaterThan(expected)

    Expected: > 0
    Received:   0

      455 |       const itemCount = await cartItems.count();
      456 |
    > 457 |       expect(itemCount).toBeGreaterThan(0);
          |                         ^
      458 |
      459 |       console.log(`✅ ${tenant}: Large localStorage payload handled (${itemCount} items)`);
      460 |     });
        at C:\Dev\Zo\sass-store\tests\e2e\cart\cart-performance.spec.ts:457:25

    attachment #1: screenshot (image/png) ──────────────────────────────────────────────────────────
    ..\..\test-results\cart-cart-performance-Cart-ae26d-large-localStorage-payloads-webkit\test-failed-1.png
    ────────────────────────────────────────────────────────────────────────────────────────────────

    attachment #2: video (video/webm) ──────────────────────────────────────────────────────────────
    ..\..\test-results\cart-cart-performance-Cart-ae26d-large-localStorage-payloads-webkit\video.webm
    ────────────────────────────────────────────────────────────────────────────────────────────────

    Error Context: ..\..\test-results\cart-cart-performance-Cart-ae26d-large-localStorage-payloads-webkit\error-context.md
]]>
</failure>
<system-out>
<![CDATA[Test data size: 111.14KB

[[ATTACHMENT|cart-cart-performance-Cart-ae26d-large-localStorage-payloads-webkit\test-failed-1.png]]

[[ATTACHMENT|cart-cart-performance-Cart-ae26d-large-localStorage-payloads-webkit\video.webm]]

[[ATTACHMENT|cart-cart-performance-Cart-ae26d-large-localStorage-payloads-webkit\error-context.md]]
]]>
</system-out>
</testcase>
<testcase name="Cart - Performance &amp; Load Testing › Scalability Tests › should handle tenant-specific cart isolation at scale" classname="cart\cart-performance.spec.ts" time="9.083">
<failure message="cart-performance.spec.ts:464:9 should handle tenant-specific cart isolation at scale" type="FAILURE">
<![CDATA[  [webkit] › cart\cart-performance.spec.ts:464:9 › Cart - Performance & Load Testing › Scalability Tests › should handle tenant-specific cart isolation at scale 

    Error: expect(received).toBeGreaterThanOrEqual(expected)

    Expected: >= 1
    Received:    0

      515 |       // Each cart should have at least 1 item
      516 |       cartCounts.forEach((count, index) => {
    > 517 |         expect(count).toBeGreaterThanOrEqual(1);
          |                       ^
      518 |         console.log(`✅ ${tenantsToTest[index]}: ${count} items in cart`);
      519 |       });
      520 |
        at forEach (C:\Dev\Zo\sass-store\tests\e2e\cart\cart-performance.spec.ts:517:23)
        at C:\Dev\Zo\sass-store\tests\e2e\cart\cart-performance.spec.ts:516:18

    attachment #1: screenshot (image/png) ──────────────────────────────────────────────────────────
    ..\..\test-results\cart-cart-performance-Cart-74dca-fic-cart-isolation-at-scale-webkit\test-failed-1.png
    ────────────────────────────────────────────────────────────────────────────────────────────────

    attachment #2: screenshot (image/png) ──────────────────────────────────────────────────────────
    ..\..\test-results\cart-cart-performance-Cart-74dca-fic-cart-isolation-at-scale-webkit\test-failed-4.png
    ────────────────────────────────────────────────────────────────────────────────────────────────

    attachment #3: screenshot (image/png) ──────────────────────────────────────────────────────────
    ..\..\test-results\cart-cart-performance-Cart-74dca-fic-cart-isolation-at-scale-webkit\test-failed-3.png
    ────────────────────────────────────────────────────────────────────────────────────────────────

    attachment #4: screenshot (image/png) ──────────────────────────────────────────────────────────
    ..\..\test-results\cart-cart-performance-Cart-74dca-fic-cart-isolation-at-scale-webkit\test-failed-2.png
    ────────────────────────────────────────────────────────────────────────────────────────────────

    attachment #5: video (video/webm) ──────────────────────────────────────────────────────────────
    ..\..\test-results\cart-cart-performance-Cart-74dca-fic-cart-isolation-at-scale-webkit\video.webm
    ────────────────────────────────────────────────────────────────────────────────────────────────

    attachment #6: video (video/webm) ──────────────────────────────────────────────────────────────
    ..\..\test-results\cart-cart-performance-Cart-74dca-fic-cart-isolation-at-scale-webkit\video-1.webm
    ────────────────────────────────────────────────────────────────────────────────────────────────

    attachment #7: video (video/webm) ──────────────────────────────────────────────────────────────
    ..\..\test-results\cart-cart-performance-Cart-74dca-fic-cart-isolation-at-scale-webkit\video-2.webm
    ────────────────────────────────────────────────────────────────────────────────────────────────

    attachment #8: video (video/webm) ──────────────────────────────────────────────────────────────
    ..\..\test-results\cart-cart-performance-Cart-74dca-fic-cart-isolation-at-scale-webkit\video-3.webm
    ────────────────────────────────────────────────────────────────────────────────────────────────
]]>
</failure>
<system-out>
<![CDATA[
[[ATTACHMENT|cart-cart-performance-Cart-74dca-fic-cart-isolation-at-scale-webkit\test-failed-1.png]]

[[ATTACHMENT|cart-cart-performance-Cart-74dca-fic-cart-isolation-at-scale-webkit\test-failed-4.png]]

[[ATTACHMENT|cart-cart-performance-Cart-74dca-fic-cart-isolation-at-scale-webkit\test-failed-3.png]]

[[ATTACHMENT|cart-cart-performance-Cart-74dca-fic-cart-isolation-at-scale-webkit\test-failed-2.png]]

[[ATTACHMENT|cart-cart-performance-Cart-74dca-fic-cart-isolation-at-scale-webkit\video.webm]]

[[ATTACHMENT|cart-cart-performance-Cart-74dca-fic-cart-isolation-at-scale-webkit\video-1.webm]]

[[ATTACHMENT|cart-cart-performance-Cart-74dca-fic-cart-isolation-at-scale-webkit\video-2.webm]]

[[ATTACHMENT|cart-cart-performance-Cart-74dca-fic-cart-isolation-at-scale-webkit\video-3.webm]]
]]>
</system-out>
</testcase>
</testsuite>
<testsuite name="click-budget.spec.ts" timestamp="2025-10-29T19:08:05.826Z" hostname="webkit" tests="7" failures="4" skipped="2" time="59.544" errors="0">
<testcase name="Click Budget Tests › Purchase Flow - should complete in ≤3 clicks" classname="click-budget.spec.ts" time="13.186">
<failure message="click-budget.spec.ts:48:7 Purchase Flow - should complete in ≤3 clicks" type="FAILURE">
<![CDATA[  [webkit] › click-budget.spec.ts:48:7 › Click Budget Tests › Purchase Flow - should complete in ≤3 clicks 

    Error: expect(locator).toBeVisible() failed

    Locator: locator('[data-testid="product-grid"]')
    Expected: visible
    Timeout: 5000ms
    Error: element(s) not found

    Call log:
      - Expect "toBeVisible" with timeout 5000ms
      - waiting for locator('[data-testid="product-grid"]')


      51 |     // Start from Product List Page
      52 |     await page.goto('/products');
    > 53 |     await expect(page.locator('[data-testid="product-grid"]')).toBeVisible();
         |                                                                ^
      54 |
      55 |     // Click 1: Add to cart from PLP
      56 |     await page.locator('[data-testid="product-add-btn"]').first().click();
        at C:\Dev\Zo\sass-store\tests\e2e\click-budget.spec.ts:53:64

    attachment #1: screenshot (image/png) ──────────────────────────────────────────────────────────
    ..\..\test-results\click-budget-Click-Budget--94cfb-hould-complete-in-≤3-clicks-webkit\test-failed-1.png
    ────────────────────────────────────────────────────────────────────────────────────────────────

    attachment #2: video (video/webm) ──────────────────────────────────────────────────────────────
    ..\..\test-results\click-budget-Click-Budget--94cfb-hould-complete-in-≤3-clicks-webkit\video.webm
    ────────────────────────────────────────────────────────────────────────────────────────────────

    Error Context: ..\..\test-results\click-budget-Click-Budget--94cfb-hould-complete-in-≤3-clicks-webkit\error-context.md
]]>
</failure>
<system-out>
<![CDATA[
[[ATTACHMENT|click-budget-Click-Budget--94cfb-hould-complete-in-≤3-clicks-webkit\test-failed-1.png]]

[[ATTACHMENT|click-budget-Click-Budget--94cfb-hould-complete-in-≤3-clicks-webkit\video.webm]]

[[ATTACHMENT|click-budget-Click-Budget--94cfb-hould-complete-in-≤3-clicks-webkit\error-context.md]]
]]>
</system-out>
</testcase>
<testcase name="Click Budget Tests › Booking Flow - should complete in ≤2 clicks" classname="click-budget.spec.ts" time="7.845">
<properties>
<property name="skip" value="Tenant does not support booking">
</property>
</properties>
<skipped>
</skipped>
</testcase>
<testcase name="Click Budget Tests › Reorder Flow - should complete in ≤1 click" classname="click-budget.spec.ts" time="7.329">
<properties>
<property name="skip" value="No order history available for reorder test">
</property>
</properties>
<skipped>
</skipped>
</testcase>
<testcase name="Click Budget Tests › Mobile Touch Targets - should meet 44px minimum" classname="click-budget.spec.ts" time="5.58">
</testcase>
<testcase name="Click Budget Tests › Command Palette - should open with Cmd+K" classname="click-budget.spec.ts" time="10.547">
<failure message="click-budget.spec.ts:162:7 Command Palette - should open with Cmd+K" type="FAILURE">
<![CDATA[  [webkit] › click-budget.spec.ts:162:7 › Click Budget Tests › Command Palette - should open with Cmd+K 

    Error: expect(locator).toBeVisible() failed

    Locator: locator('[data-testid="command-palette"]')
    Expected: visible
    Timeout: 5000ms
    Error: element(s) not found

    Call log:
      - Expect "toBeVisible" with timeout 5000ms
      - waiting for locator('[data-testid="command-palette"]')


      170 |
      171 |     // Command palette should be visible
    > 172 |     await expect(page.locator('[data-testid="command-palette"]')).toBeVisible();
          |                                                                   ^
      173 |
      174 |     // Should have search input focused
      175 |     await expect(page.locator('[data-testid="command-search"]')).toBeFocused();
        at C:\Dev\Zo\sass-store\tests\e2e\click-budget.spec.ts:172:67

    attachment #1: screenshot (image/png) ──────────────────────────────────────────────────────────
    ..\..\test-results\click-budget-Click-Budget--e3b38-te---should-open-with-Cmd-K-webkit\test-failed-1.png
    ────────────────────────────────────────────────────────────────────────────────────────────────

    attachment #2: video (video/webm) ──────────────────────────────────────────────────────────────
    ..\..\test-results\click-budget-Click-Budget--e3b38-te---should-open-with-Cmd-K-webkit\video.webm
    ────────────────────────────────────────────────────────────────────────────────────────────────

    Error Context: ..\..\test-results\click-budget-Click-Budget--e3b38-te---should-open-with-Cmd-K-webkit\error-context.md
]]>
</failure>
<system-out>
<![CDATA[
[[ATTACHMENT|click-budget-Click-Budget--e3b38-te---should-open-with-Cmd-K-webkit\test-failed-1.png]]

[[ATTACHMENT|click-budget-Click-Budget--e3b38-te---should-open-with-Cmd-K-webkit\video.webm]]

[[ATTACHMENT|click-budget-Click-Budget--e3b38-te---should-open-with-Cmd-K-webkit\error-context.md]]
]]>
</system-out>
</testcase>
<testcase name="Click Budget Tests › Quick Actions Dock - should show role-appropriate actions" classname="click-budget.spec.ts" time="10.011">
<failure message="click-budget.spec.ts:188:7 Quick Actions Dock - should show role-appropriate actions" type="FAILURE">
<![CDATA[  [webkit] › click-budget.spec.ts:188:7 › Click Budget Tests › Quick Actions Dock - should show role-appropriate actions 

    Error: expect(locator).toBeVisible() failed

    Locator: locator('[data-testid="quick-actions-dock"]')
    Expected: visible
    Timeout: 5000ms
    Error: element(s) not found

    Call log:
      - Expect "toBeVisible" with timeout 5000ms
      - waiting for locator('[data-testid="quick-actions-dock"]')


      190 |
      191 |     // Quick Actions Dock should be visible
    > 192 |     await expect(page.locator('[data-testid="quick-actions-dock"]')).toBeVisible();
          |                                                                      ^
      193 |
      194 |     // Should have customer actions by default (Book Now, Reorder, Favorites, Help)
      195 |     const actions = page.locator('[data-testid="quick-actions-dock"] button');
        at C:\Dev\Zo\sass-store\tests\e2e\click-budget.spec.ts:192:70

    attachment #1: screenshot (image/png) ──────────────────────────────────────────────────────────
    ..\..\test-results\click-budget-Click-Budget--fc498-ow-role-appropriate-actions-webkit\test-failed-1.png
    ────────────────────────────────────────────────────────────────────────────────────────────────

    attachment #2: video (video/webm) ──────────────────────────────────────────────────────────────
    ..\..\test-results\click-budget-Click-Budget--fc498-ow-role-appropriate-actions-webkit\video.webm
    ────────────────────────────────────────────────────────────────────────────────────────────────

    Error Context: ..\..\test-results\click-budget-Click-Budget--fc498-ow-role-appropriate-actions-webkit\error-context.md
]]>
</failure>
<system-out>
<![CDATA[
[[ATTACHMENT|click-budget-Click-Budget--fc498-ow-role-appropriate-actions-webkit\test-failed-1.png]]

[[ATTACHMENT|click-budget-Click-Budget--fc498-ow-role-appropriate-actions-webkit\video.webm]]

[[ATTACHMENT|click-budget-Click-Budget--fc498-ow-role-appropriate-actions-webkit\error-context.md]]
]]>
</system-out>
</testcase>
<testcase name="Click Budget Tests › Keyboard Navigation - should support full keyboard accessibility" classname="click-budget.spec.ts" time="5.046">
<failure message="click-budget.spec.ts:211:7 Keyboard Navigation - should support full keyboard accessibility" type="FAILURE">
<![CDATA[  [webkit] › click-budget.spec.ts:211:7 › Click Budget Tests › Keyboard Navigation - should support full keyboard accessibility 

    Error: expect(received).toBe(expected) // Object.is equality

    Expected: true
    Received: false

      217 |     // First focusable element should be focused
      218 |     const focusedElement = await page.locator(':focus').first();
    > 219 |     expect(await focusedElement.isVisible()).toBe(true);
          |                                              ^
      220 |
      221 |     // Test that all interactive elements are reachable via Tab
      222 |     const interactiveSelectors = [
        at C:\Dev\Zo\sass-store\tests\e2e\click-budget.spec.ts:219:46

    attachment #1: screenshot (image/png) ──────────────────────────────────────────────────────────
    ..\..\test-results\click-budget-Click-Budget--49c37-full-keyboard-accessibility-webkit\test-failed-1.png
    ────────────────────────────────────────────────────────────────────────────────────────────────

    attachment #2: video (video/webm) ──────────────────────────────────────────────────────────────
    ..\..\test-results\click-budget-Click-Budget--49c37-full-keyboard-accessibility-webkit\video.webm
    ────────────────────────────────────────────────────────────────────────────────────────────────

    Error Context: ..\..\test-results\click-budget-Click-Budget--49c37-full-keyboard-accessibility-webkit\error-context.md
]]>
</failure>
<system-out>
<![CDATA[
[[ATTACHMENT|click-budget-Click-Budget--49c37-full-keyboard-accessibility-webkit\test-failed-1.png]]

[[ATTACHMENT|click-budget-Click-Budget--49c37-full-keyboard-accessibility-webkit\video.webm]]

[[ATTACHMENT|click-budget-Click-Budget--49c37-full-keyboard-accessibility-webkit\error-context.md]]
]]>
</system-out>
</testcase>
</testsuite>
<testsuite name="error-handling\payment-timeout-recovery.spec.ts" timestamp="2025-10-29T19:08:05.826Z" hostname="webkit" tests="7" failures="1" skipped="0" time="40.886" errors="0">
<testcase name="Payment Gateway Timeout Recovery › should handle payment gateway timeout gracefully" classname="error-handling\payment-timeout-recovery.spec.ts" time="21.02">
<failure message="payment-timeout-recovery.spec.ts:9:7 should handle payment gateway timeout gracefully" type="FAILURE">
<![CDATA[  [webkit] › error-handling\payment-timeout-recovery.spec.ts:9:7 › Payment Gateway Timeout Recovery › should handle payment gateway timeout gracefully 

    TimeoutError: locator.click: Timeout 15000ms exceeded.
    Call log:
      - waiting for locator('[data-testid="complete-order-btn"], button:has-text("Complete Order")')


      38 |
      39 |     const completeOrderBtn = page.locator('[data-testid="complete-order-btn"], button:has-text("Complete Order")');
    > 40 |     await completeOrderBtn.click();
         |                            ^
      41 |
      42 |     // Verify loading state
      43 |     const paymentProcessing = page.locator('[data-testid="payment-processing"], .loading');
        at C:\Dev\Zo\sass-store\tests\e2e\error-handling\payment-timeout-recovery.spec.ts:40:28

    attachment #1: screenshot (image/png) ──────────────────────────────────────────────────────────
    ..\..\test-results\error-handling-payment-tim-de3ff--gateway-timeout-gracefully-webkit\test-failed-1.png
    ────────────────────────────────────────────────────────────────────────────────────────────────

    attachment #2: video (video/webm) ──────────────────────────────────────────────────────────────
    ..\..\test-results\error-handling-payment-tim-de3ff--gateway-timeout-gracefully-webkit\video.webm
    ────────────────────────────────────────────────────────────────────────────────────────────────

    Error Context: ..\..\test-results\error-handling-payment-tim-de3ff--gateway-timeout-gracefully-webkit\error-context.md
]]>
</failure>
<system-out>
<![CDATA[
[[ATTACHMENT|error-handling-payment-tim-de3ff--gateway-timeout-gracefully-webkit\test-failed-1.png]]

[[ATTACHMENT|error-handling-payment-tim-de3ff--gateway-timeout-gracefully-webkit\video.webm]]

[[ATTACHMENT|error-handling-payment-tim-de3ff--gateway-timeout-gracefully-webkit\error-context.md]]
]]>
</system-out>
</testcase>
<testcase name="Payment Gateway Timeout Recovery › should offer alternative payment methods on timeout" classname="error-handling\payment-timeout-recovery.spec.ts" time="5.512">
</testcase>
<testcase name="Payment Gateway Timeout Recovery › should preserve cart data during payment timeout" classname="error-handling\payment-timeout-recovery.spec.ts" time="6.59">
</testcase>
<testcase name="Payment Gateway Timeout Recovery › should provide helpful timeout error messages" classname="error-handling\payment-timeout-recovery.spec.ts" time="2.79">
</testcase>
<testcase name="Payment Gateway Timeout Recovery › should track timeout attempts and suggest support contact" classname="error-handling\payment-timeout-recovery.spec.ts" time="1.346">
</testcase>
<testcase name="Payment Gateway Timeout Recovery › should allow saving order for later completion on timeout" classname="error-handling\payment-timeout-recovery.spec.ts" time="1.784">
</testcase>
<testcase name="Payment Gateway Timeout Recovery › should not create duplicate orders on retry" classname="error-handling\payment-timeout-recovery.spec.ts" time="1.844">
</testcase>
</testsuite>
<testsuite name="fallback\fallback-comprehensive.spec.ts" timestamp="2025-10-29T19:08:05.826Z" hostname="webkit" tests="9" failures="3" skipped="0" time="31.16" errors="0">
<testcase name="Comprehensive Fallback Testing - Master Plan Implementation › Unknown subdomain fallback to zo-system" classname="fallback\fallback-comprehensive.spec.ts" time="1.259">
<failure message="fallback-comprehensive.spec.ts:4:7 Unknown subdomain fallback to zo-system" type="FAILURE">
<![CDATA[  [webkit] › fallback\fallback-comprehensive.spec.ts:4:7 › Comprehensive Fallback Testing - Master Plan Implementation › Unknown subdomain fallback to zo-system 

    Error: expect(received).toBeTruthy()

    Received: false

      35 |
      36 |       const hasFallback = fallbackIndicators.some(indicator => indicator);
    > 37 |       expect(hasFallback).toBeTruthy();
         |                           ^
      38 |
      39 |       // Verify fallback notice is shown (requirement from master plan)
      40 |       const fallbackNotice = page.locator('[data-testid="tenant-fallback-notice"], .fallback-notice');
        at C:\Dev\Zo\sass-store\tests\e2e\fallback\fallback-comprehensive.spec.ts:37:27

    attachment #1: screenshot (image/png) ──────────────────────────────────────────────────────────
    ..\..\test-results\fallback-fallback-comprehe-45388-omain-fallback-to-zo-system-webkit\test-failed-1.png
    ────────────────────────────────────────────────────────────────────────────────────────────────

    attachment #2: video (video/webm) ──────────────────────────────────────────────────────────────
    ..\..\test-results\fallback-fallback-comprehe-45388-omain-fallback-to-zo-system-webkit\video.webm
    ────────────────────────────────────────────────────────────────────────────────────────────────

    Error Context: ..\..\test-results\fallback-fallback-comprehe-45388-omain-fallback-to-zo-system-webkit\error-context.md
]]>
</failure>
<system-out>
<![CDATA[Testing fallback for: nonexistent-tenant

[[ATTACHMENT|fallback-fallback-comprehe-45388-omain-fallback-to-zo-system-webkit\test-failed-1.png]]

[[ATTACHMENT|fallback-fallback-comprehe-45388-omain-fallback-to-zo-system-webkit\video.webm]]

[[ATTACHMENT|fallback-fallback-comprehe-45388-omain-fallback-to-zo-system-webkit\error-context.md]]
]]>
</system-out>
</testcase>
<testcase name="Comprehensive Fallback Testing - Master Plan Implementation › Tenant path fallback handling" classname="fallback\fallback-comprehensive.spec.ts" time="3.604">
<system-out>
<![CDATA[Testing path fallback for: /t/invalid-tenant-slug/products
✅ Path fallback working for: /t/invalid-tenant-slug/products
Testing path fallback for: /t/suspended-business/services
✅ Path fallback working for: /t/suspended-business/services
Testing path fallback for: /t/non-existent/contact
✅ Path fallback working for: /t/non-existent/contact
Testing path fallback for: /t/deleted-tenant/admin
✅ Path fallback working for: /t/deleted-tenant/admin
Testing path fallback for: /t/malformed-slug-123!/booking
✅ Path fallback working for: /t/malformed-slug-123!/booking
]]>
</system-out>
</testcase>
<testcase name="Comprehensive Fallback Testing - Master Plan Implementation › SEO handling for fallback scenarios" classname="fallback\fallback-comprehensive.spec.ts" time="16.176">
<failure message="fallback-comprehensive.spec.ts:101:7 SEO handling for fallback scenarios" type="FAILURE">
<![CDATA[  [webkit] › fallback\fallback-comprehensive.spec.ts:101:7 › Comprehensive Fallback Testing - Master Plan Implementation › SEO handling for fallback scenarios 

    TimeoutError: locator.getAttribute: Timeout 15000ms exceeded.
    Call log:
      - waiting for locator('link[rel="canonical"]')


      105 |
      106 |     // Check canonical URL handling
    > 107 |     const canonical = await page.locator('link[rel="canonical"]').getAttribute('href');
          |                                                                   ^
      108 |     if (canonical) {
      109 |       // Should either canonical to zo-system or set noindex
      110 |       const isZoSystemCanonical = canonical.includes('zo-system');
        at C:\Dev\Zo\sass-store\tests\e2e\fallback\fallback-comprehensive.spec.ts:107:67

    attachment #1: screenshot (image/png) ──────────────────────────────────────────────────────────
    ..\..\test-results\fallback-fallback-comprehe-b6e71-ling-for-fallback-scenarios-webkit\test-failed-1.png
    ────────────────────────────────────────────────────────────────────────────────────────────────

    attachment #2: video (video/webm) ──────────────────────────────────────────────────────────────
    ..\..\test-results\fallback-fallback-comprehe-b6e71-ling-for-fallback-scenarios-webkit\video.webm
    ────────────────────────────────────────────────────────────────────────────────────────────────

    Error Context: ..\..\test-results\fallback-fallback-comprehe-b6e71-ling-for-fallback-scenarios-webkit\error-context.md
]]>
</failure>
<system-out>
<![CDATA[
[[ATTACHMENT|fallback-fallback-comprehe-b6e71-ling-for-fallback-scenarios-webkit\test-failed-1.png]]

[[ATTACHMENT|fallback-fallback-comprehe-b6e71-ling-for-fallback-scenarios-webkit\video.webm]]

[[ATTACHMENT|fallback-fallback-comprehe-b6e71-ling-for-fallback-scenarios-webkit\error-context.md]]
]]>
</system-out>
</testcase>
<testcase name="Comprehensive Fallback Testing - Master Plan Implementation › Suspended tenant handling" classname="fallback\fallback-comprehensive.spec.ts" time="0.634">
<system-out>
<![CDATA[✅ Suspended tenant handling validated
]]>
</system-out>
</testcase>
<testcase name="Comprehensive Fallback Testing - Master Plan Implementation › Tenant migration and redirect handling" classname="fallback\fallback-comprehensive.spec.ts" time="0.687">
<failure message="fallback-comprehensive.spec.ts:164:7 Tenant migration and redirect handling" type="FAILURE">
<![CDATA[  [webkit] › fallback\fallback-comprehensive.spec.ts:164:7 › Comprehensive Fallback Testing - Master Plan Implementation › Tenant migration and redirect handling 

    Error: expect(received).toContain(expected) // indexOf

    Expected substring: "new-tenant-slug"
    Received string:    "http://localhost:3001/t/old-tenant-slug"

      179 |     // Should handle redirect gracefully
      180 |     const finalUrl = page.url();
    > 181 |     expect(finalUrl).toContain('new-tenant-slug');
          |                      ^
      182 |
      183 |     // Should preserve SEO value with proper redirect
      184 |     expect(response?.status()).toBe(301);
        at C:\Dev\Zo\sass-store\tests\e2e\fallback\fallback-comprehensive.spec.ts:181:22

    attachment #1: screenshot (image/png) ──────────────────────────────────────────────────────────
    ..\..\test-results\fallback-fallback-comprehe-19cd3-ation-and-redirect-handling-webkit\test-failed-1.png
    ────────────────────────────────────────────────────────────────────────────────────────────────

    attachment #2: video (video/webm) ──────────────────────────────────────────────────────────────
    ..\..\test-results\fallback-fallback-comprehe-19cd3-ation-and-redirect-handling-webkit\video.webm
    ────────────────────────────────────────────────────────────────────────────────────────────────

    Error Context: ..\..\test-results\fallback-fallback-comprehe-19cd3-ation-and-redirect-handling-webkit\error-context.md
]]>
</failure>
<system-out>
<![CDATA[
[[ATTACHMENT|fallback-fallback-comprehe-19cd3-ation-and-redirect-handling-webkit\test-failed-1.png]]

[[ATTACHMENT|fallback-fallback-comprehe-19cd3-ation-and-redirect-handling-webkit\video.webm]]

[[ATTACHMENT|fallback-fallback-comprehe-19cd3-ation-and-redirect-handling-webkit\error-context.md]]
]]>
</system-out>
</testcase>
<testcase name="Comprehensive Fallback Testing - Master Plan Implementation › Graceful degradation with limited functionality" classname="fallback\fallback-comprehensive.spec.ts" time="2.266">
<system-out>
<![CDATA[✅ Graceful degradation validated
]]>
</system-out>
</testcase>
<testcase name="Comprehensive Fallback Testing - Master Plan Implementation › Database failover fallback" classname="fallback\fallback-comprehensive.spec.ts" time="1.151">
<system-out>
<![CDATA[✅ Database failover fallback validated
]]>
</system-out>
</testcase>
<testcase name="Comprehensive Fallback Testing - Master Plan Implementation › CDN and asset fallback" classname="fallback\fallback-comprehensive.spec.ts" time="1.202">
<system-out>
<![CDATA[✅ CDN and asset fallback validated
]]>
</system-out>
</testcase>
<testcase name="Comprehensive Fallback Testing - Master Plan Implementation › Fallback performance validation" classname="fallback\fallback-comprehensive.spec.ts" time="4.181">
<system-out>
<![CDATA[✅ Fallback performance validated: 560ms load time
]]>
</system-out>
</testcase>
</testsuite>
<testsuite name="fix-forgot-password-500-error-by-adding-resettoken-and-resettokenexpiry-columns-to-users-table.-push-database-schema-changes.-run-forgot-password-tests-to-ensure-100%-coverage.-fix-any-failing-tests..spec.ts" timestamp="2025-10-29T19:08:05.826Z" hostname="webkit" tests="3" failures="0" skipped="0" time="4.075" errors="0">
<testcase name="Fix forgot-password 500 error by adding resetToken and resetTokenExpiry columns to users table. Push database schema changes. Run forgot-password tests to ensure 100% coverage. Fix any failing tests. › should load Fix forgot-password 500 error by adding resetToken and resetTokenExpiry columns to users table. Push database schema changes. Run forgot-password tests to ensure 100% coverage. Fix any failing tests. successfully" classname="fix-forgot-password-500-error-by-adding-resettoken-and-resettokenexpiry-columns-to-users-table.-push-database-schema-changes.-run-forgot-password-tests-to-ensure-100%-coverage.-fix-any-failing-tests..spec.ts" time="1.257">
</testcase>
<testcase name="Fix forgot-password 500 error by adding resetToken and resetTokenExpiry columns to users table. Push database schema changes. Run forgot-password tests to ensure 100% coverage. Fix any failing tests. › should interact with Fix forgot-password 500 error by adding resetToken and resetTokenExpiry columns to users table. Push database schema changes. Run forgot-password tests to ensure 100% coverage. Fix any failing tests." classname="fix-forgot-password-500-error-by-adding-resettoken-and-resettokenexpiry-columns-to-users-table.-push-database-schema-changes.-run-forgot-password-tests-to-ensure-100%-coverage.-fix-any-failing-tests..spec.ts" time="1.08">
</testcase>
<testcase name="Fix forgot-password 500 error by adding resetToken and resetTokenExpiry columns to users table. Push database schema changes. Run forgot-password tests to ensure 100% coverage. Fix any failing tests. › should handle errors in Fix forgot-password 500 error by adding resetToken and resetTokenExpiry columns to users table. Push database schema changes. Run forgot-password tests to ensure 100% coverage. Fix any failing tests." classname="fix-forgot-password-500-error-by-adding-resettoken-and-resettokenexpiry-columns-to-users-table.-push-database-schema-changes.-run-forgot-password-tests-to-ensure-100%-coverage.-fix-any-failing-tests..spec.ts" time="1.738">
</testcase>
</testsuite>
<testsuite name="interactions\mobile-desktop-interactions.spec.ts" timestamp="2025-10-29T19:08:05.826Z" hostname="webkit" tests="12" failures="4" skipped="5" time="75.661" errors="0">
<testcase name="Mobile Touch Interactions › should support pinch-to-zoom on product images" classname="interactions\mobile-desktop-interactions.spec.ts" time="0.742">
<properties>
<property name="skip" value="Mobile-specific test">
</property>
</properties>
<skipped>
</skipped>
</testcase>
<testcase name="Mobile Touch Interactions › should support swipe gestures for image gallery" classname="interactions\mobile-desktop-interactions.spec.ts" time="0.505">
<properties>
<property name="skip" value="Mobile-specific test">
</property>
</properties>
<skipped>
</skipped>
</testcase>
<testcase name="Mobile Touch Interactions › should support pull-to-refresh" classname="interactions\mobile-desktop-interactions.spec.ts" time="0.518">
<properties>
<property name="skip" value="Mobile-specific test">
</property>
</properties>
<skipped>
</skipped>
</testcase>
<testcase name="Mobile Touch Interactions › should have touch targets of at least 44px" classname="interactions\mobile-desktop-interactions.spec.ts" time="0.542">
<properties>
<property name="skip" value="Mobile-specific test">
</property>
</properties>
<skipped>
</skipped>
</testcase>
<testcase name="Mobile Touch Interactions › should support long-press for context menu" classname="interactions\mobile-desktop-interactions.spec.ts" time="0.624">
<properties>
<property name="skip" value="Mobile-specific test">
</property>
</properties>
<skipped>
</skipped>
</testcase>
<testcase name="Desktop Mouse Interactions › should show hover effects on product cards" classname="interactions\mobile-desktop-interactions.spec.ts" time="17.137">
<failure message="mobile-desktop-interactions.spec.ts:142:7 should show hover effects on product cards" type="FAILURE">
<![CDATA[  [webkit] › interactions\mobile-desktop-interactions.spec.ts:142:7 › Desktop Mouse Interactions › should show hover effects on product cards 

    TimeoutError: locator.hover: Timeout 15000ms exceeded.
    Call log:
      - waiting for locator('[data-testid="product-card"]').first()


      146 |
      147 |     const productCard = page.locator('[data-testid="product-card"]').first();
    > 148 |     await productCard.hover();
          |                       ^
      149 |
      150 |     // Verify hover overlay appears
      151 |     const hoverOverlay = page.locator('[data-testid="product-hover-overlay"], .product-overlay');
        at C:\Dev\Zo\sass-store\tests\e2e\interactions\mobile-desktop-interactions.spec.ts:148:23

    attachment #1: screenshot (image/png) ──────────────────────────────────────────────────────────
    ..\..\test-results\interactions-mobile-deskto-f3d6a-er-effects-on-product-cards-webkit\test-failed-1.png
    ────────────────────────────────────────────────────────────────────────────────────────────────

    attachment #2: video (video/webm) ──────────────────────────────────────────────────────────────
    ..\..\test-results\interactions-mobile-deskto-f3d6a-er-effects-on-product-cards-webkit\video.webm
    ────────────────────────────────────────────────────────────────────────────────────────────────

    Error Context: ..\..\test-results\interactions-mobile-deskto-f3d6a-er-effects-on-product-cards-webkit\error-context.md
]]>
</failure>
<system-out>
<![CDATA[
[[ATTACHMENT|interactions-mobile-deskto-f3d6a-er-effects-on-product-cards-webkit\test-failed-1.png]]

[[ATTACHMENT|interactions-mobile-deskto-f3d6a-er-effects-on-product-cards-webkit\video.webm]]

[[ATTACHMENT|interactions-mobile-deskto-f3d6a-er-effects-on-product-cards-webkit\error-context.md]]
]]>
</system-out>
</testcase>
<testcase name="Desktop Mouse Interactions › should support right-click context menu" classname="interactions\mobile-desktop-interactions.spec.ts" time="17.141">
<failure message="mobile-desktop-interactions.spec.ts:163:7 should support right-click context menu" type="FAILURE">
<![CDATA[  [webkit] › interactions\mobile-desktop-interactions.spec.ts:163:7 › Desktop Mouse Interactions › should support right-click context menu 

    TimeoutError: locator.click: Timeout 15000ms exceeded.
    Call log:
      - waiting for locator('[data-testid="product-card"]').first()


      167 |
      168 |     const productCard = page.locator('[data-testid="product-card"]').first();
    > 169 |     await productCard.click({ button: 'right' });
          |                       ^
      170 |
      171 |     const contextMenu = page.locator('[data-testid="context-menu"]');
      172 |     if (await contextMenu.isVisible()) {
        at C:\Dev\Zo\sass-store\tests\e2e\interactions\mobile-desktop-interactions.spec.ts:169:23

    attachment #1: screenshot (image/png) ──────────────────────────────────────────────────────────
    ..\..\test-results\interactions-mobile-deskto-9818a-rt-right-click-context-menu-webkit\test-failed-1.png
    ────────────────────────────────────────────────────────────────────────────────────────────────

    attachment #2: video (video/webm) ──────────────────────────────────────────────────────────────
    ..\..\test-results\interactions-mobile-deskto-9818a-rt-right-click-context-menu-webkit\video.webm
    ────────────────────────────────────────────────────────────────────────────────────────────────

    Error Context: ..\..\test-results\interactions-mobile-deskto-9818a-rt-right-click-context-menu-webkit\error-context.md
]]>
</failure>
<system-out>
<![CDATA[
[[ATTACHMENT|interactions-mobile-deskto-9818a-rt-right-click-context-menu-webkit\test-failed-1.png]]

[[ATTACHMENT|interactions-mobile-deskto-9818a-rt-right-click-context-menu-webkit\video.webm]]

[[ATTACHMENT|interactions-mobile-deskto-9818a-rt-right-click-context-menu-webkit\error-context.md]]
]]>
</system-out>
</testcase>
<testcase name="Desktop Mouse Interactions › should support drag and drop to cart" classname="interactions\mobile-desktop-interactions.spec.ts" time="1.646">
</testcase>
<testcase name="Desktop Mouse Interactions › should support keyboard shortcuts" classname="interactions\mobile-desktop-interactions.spec.ts" time="1.709">
</testcase>
<testcase name="Desktop Mouse Interactions › should show tooltip on hover" classname="interactions\mobile-desktop-interactions.spec.ts" time="1.543">
</testcase>
<testcase name="Desktop Mouse Interactions › should support mouse wheel for image zoom" classname="interactions\mobile-desktop-interactions.spec.ts" time="16.82">
<failure message="mobile-desktop-interactions.spec.ts:248:7 should support mouse wheel for image zoom" type="FAILURE">
<![CDATA[  [webkit] › interactions\mobile-desktop-interactions.spec.ts:248:7 › Desktop Mouse Interactions › should support mouse wheel for image zoom 

    TimeoutError: locator.click: Timeout 15000ms exceeded.
    Call log:
      - waiting for locator('[data-testid="product-card"]').first()


      252 |
      253 |     const productCard = page.locator('[data-testid="product-card"]').first();
    > 254 |     await productCard.click();
          |                       ^
      255 |
      256 |     const productImage = page.locator('[data-testid="product-image-main"]');
      257 |     if (await productImage.isVisible()) {
        at C:\Dev\Zo\sass-store\tests\e2e\interactions\mobile-desktop-interactions.spec.ts:254:23

    attachment #1: screenshot (image/png) ──────────────────────────────────────────────────────────
    ..\..\test-results\interactions-mobile-deskto-67c41--mouse-wheel-for-image-zoom-webkit\test-failed-1.png
    ────────────────────────────────────────────────────────────────────────────────────────────────

    attachment #2: video (video/webm) ──────────────────────────────────────────────────────────────
    ..\..\test-results\interactions-mobile-deskto-67c41--mouse-wheel-for-image-zoom-webkit\video.webm
    ────────────────────────────────────────────────────────────────────────────────────────────────

    Error Context: ..\..\test-results\interactions-mobile-deskto-67c41--mouse-wheel-for-image-zoom-webkit\error-context.md
]]>
</failure>
<system-out>
<![CDATA[
[[ATTACHMENT|interactions-mobile-deskto-67c41--mouse-wheel-for-image-zoom-webkit\test-failed-1.png]]

[[ATTACHMENT|interactions-mobile-deskto-67c41--mouse-wheel-for-image-zoom-webkit\video.webm]]

[[ATTACHMENT|interactions-mobile-deskto-67c41--mouse-wheel-for-image-zoom-webkit\error-context.md]]
]]>
</system-out>
</testcase>
<testcase name="Desktop Mouse Interactions › should support double-click for quick actions" classname="interactions\mobile-desktop-interactions.spec.ts" time="16.734">
<failure message="mobile-desktop-interactions.spec.ts:279:7 should support double-click for quick actions" type="FAILURE">
<![CDATA[  [webkit] › interactions\mobile-desktop-interactions.spec.ts:279:7 › Desktop Mouse Interactions › should support double-click for quick actions 

    TimeoutError: locator.dblclick: Timeout 15000ms exceeded.
    Call log:
      - waiting for locator('[data-testid="product-card"]').first()


      285 |
      286 |     // Double-click to add to cart or open quick view
    > 287 |     await productCard.dblclick();
          |                       ^
      288 |
      289 |     await page.waitForTimeout(500);
      290 |
        at C:\Dev\Zo\sass-store\tests\e2e\interactions\mobile-desktop-interactions.spec.ts:287:23

    attachment #1: screenshot (image/png) ──────────────────────────────────────────────────────────
    ..\..\test-results\interactions-mobile-deskto-7b17f-ble-click-for-quick-actions-webkit\test-failed-1.png
    ────────────────────────────────────────────────────────────────────────────────────────────────

    attachment #2: video (video/webm) ──────────────────────────────────────────────────────────────
    ..\..\test-results\interactions-mobile-deskto-7b17f-ble-click-for-quick-actions-webkit\video.webm
    ────────────────────────────────────────────────────────────────────────────────────────────────

    Error Context: ..\..\test-results\interactions-mobile-deskto-7b17f-ble-click-for-quick-actions-webkit\error-context.md
]]>
</failure>
<system-out>
<![CDATA[
[[ATTACHMENT|interactions-mobile-deskto-7b17f-ble-click-for-quick-actions-webkit\test-failed-1.png]]

[[ATTACHMENT|interactions-mobile-deskto-7b17f-ble-click-for-quick-actions-webkit\video.webm]]

[[ATTACHMENT|interactions-mobile-deskto-7b17f-ble-click-for-quick-actions-webkit\error-context.md]]
]]>
</system-out>
</testcase>
</testsuite>
<testsuite name="media-pipeline\media-optimization.spec.ts" timestamp="2025-10-29T19:08:05.826Z" hostname="webkit" tests="7" failures="0" skipped="0" time="20.484" errors="0">
<testcase name="Media Pipeline E2E Tests - Optimization &amp; AVIF/WebP › Media Upload - Optimization pipeline (AVIF/WebP, variantes, EXIF off)" classname="media-pipeline\media-optimization.spec.ts" time="5.699">
<system-out>
<![CDATA[⚪ wondernails: Media upload not available
⚪ nom-nom: Media upload not available
⚪ delirios: Media upload not available
⚪ zo-system: Media upload not available
]]>
</system-out>
</testcase>
<testcase name="Media Pipeline E2E Tests - Optimization &amp; AVIF/WebP › Media Deduplication - Prevent duplicate uploads" classname="media-pipeline\media-optimization.spec.ts" time="3.5">
</testcase>
<testcase name="Media Pipeline E2E Tests - Optimization &amp; AVIF/WebP › Media Serving - AVIF/WebP delivery with fallbacks" classname="media-pipeline\media-optimization.spec.ts" time="3.216">
</testcase>
<testcase name="Media Pipeline E2E Tests - Optimization &amp; AVIF/WebP › Media Performance - Loading and rendering optimization" classname="media-pipeline\media-optimization.spec.ts" time="3.915">
<system-out>
<![CDATA[✅ wondernails: Image loading performance validated
✅ nom-nom: Image loading performance validated
]]>
</system-out>
</testcase>
<testcase name="Media Pipeline E2E Tests - Optimization &amp; AVIF/WebP › Media Storage - Tenant isolation and quotas" classname="media-pipeline\media-optimization.spec.ts" time="0.541">
</testcase>
<testcase name="Media Pipeline E2E Tests - Optimization &amp; AVIF/WebP › Media API - Cross-tenant access prevention" classname="media-pipeline\media-optimization.spec.ts" time="0.033">
</testcase>
<testcase name="Media Pipeline E2E Tests - Optimization &amp; AVIF/WebP › Media Variants - Responsive image generation" classname="media-pipeline\media-optimization.spec.ts" time="3.58">
</testcase>
</testsuite>
<testsuite name="multitenant\tenant-isolation.spec.ts" timestamp="2025-10-29T19:08:05.826Z" hostname="webkit" tests="5" failures="3" skipped="0" time="28.007" errors="0">
<testcase name="Multitenant Isolation Tests › Cart isolation between tenants" classname="multitenant\tenant-isolation.spec.ts" time="3.717">
</testcase>
<testcase name="Multitenant Isolation Tests › Data isolation - no cross-tenant data leakage" classname="multitenant\tenant-isolation.spec.ts" time="17.409">
<failure message="tenant-isolation.spec.ts:38:7 Data isolation - no cross-tenant data leakage" type="FAILURE">
<![CDATA[  [webkit] › multitenant\tenant-isolation.spec.ts:38:7 › Multitenant Isolation Tests › Data isolation - no cross-tenant data leakage 

    TimeoutError: locator.textContent: Timeout 15000ms exceeded.
    Call log:
      - waiting for locator('h1, h2, .tenant-name, [data-testid="tenant-name"]').first()


      43 |       // Check that tenant-specific branding is applied
      44 |       const tenantHeaders = page.locator('h1, h2, .tenant-name, [data-testid="tenant-name"]');
    > 45 |       const headerText = await tenantHeaders.first().textContent();
         |                                                      ^
      46 |
      47 |       // Ensure we don't see other tenant names in the content
      48 |       const otherTenants = tenants.filter(t => t !== tenant);
        at C:\Dev\Zo\sass-store\tests\e2e\multitenant\tenant-isolation.spec.ts:45:54

    attachment #1: screenshot (image/png) ──────────────────────────────────────────────────────────
    ..\..\test-results\multitenant-tenant-isolati-61c72-o-cross-tenant-data-leakage-webkit\test-failed-1.png
    ────────────────────────────────────────────────────────────────────────────────────────────────

    attachment #2: video (video/webm) ──────────────────────────────────────────────────────────────
    ..\..\test-results\multitenant-tenant-isolati-61c72-o-cross-tenant-data-leakage-webkit\video.webm
    ────────────────────────────────────────────────────────────────────────────────────────────────

    Error Context: ..\..\test-results\multitenant-tenant-isolati-61c72-o-cross-tenant-data-leakage-webkit\error-context.md
]]>
</failure>
<system-out>
<![CDATA[
[[ATTACHMENT|multitenant-tenant-isolati-61c72-o-cross-tenant-data-leakage-webkit\test-failed-1.png]]

[[ATTACHMENT|multitenant-tenant-isolati-61c72-o-cross-tenant-data-leakage-webkit\video.webm]]

[[ATTACHMENT|multitenant-tenant-isolati-61c72-o-cross-tenant-data-leakage-webkit\error-context.md]]
]]>
</system-out>
</testcase>
<testcase name="Multitenant Isolation Tests › API endpoint isolation" classname="multitenant\tenant-isolation.spec.ts" time="2.239">
</testcase>
<testcase name="Multitenant Isolation Tests › Fallback to zo-system for unknown tenants" classname="multitenant\tenant-isolation.spec.ts" time="1.262">
<failure message="tenant-isolation.spec.ts:90:7 Fallback to zo-system for unknown tenants" type="FAILURE">
<![CDATA[  [webkit] › multitenant\tenant-isolation.spec.ts:90:7 › Multitenant Isolation Tests › Fallback to zo-system for unknown tenants 

    Error: expect(received).toBeTruthy()

    Received: false

      102 |                                await page.locator('[data-tenant="zo-system"]').isVisible();
      103 |
    > 104 |     expect(isZoSystemFallback).toBeTruthy();
          |                                ^
      105 |   });
      106 |
      107 |   test('Session isolation between tenants', async ({ context }) => {
        at C:\Dev\Zo\sass-store\tests\e2e\multitenant\tenant-isolation.spec.ts:104:32

    attachment #1: screenshot (image/png) ──────────────────────────────────────────────────────────
    ..\..\test-results\multitenant-tenant-isolati-161b8--system-for-unknown-tenants-webkit\test-failed-1.png
    ────────────────────────────────────────────────────────────────────────────────────────────────

    attachment #2: video (video/webm) ──────────────────────────────────────────────────────────────
    ..\..\test-results\multitenant-tenant-isolati-161b8--system-for-unknown-tenants-webkit\video.webm
    ────────────────────────────────────────────────────────────────────────────────────────────────

    Error Context: ..\..\test-results\multitenant-tenant-isolati-161b8--system-for-unknown-tenants-webkit\error-context.md
]]>
</failure>
<system-out>
<![CDATA[
[[ATTACHMENT|multitenant-tenant-isolati-161b8--system-for-unknown-tenants-webkit\test-failed-1.png]]

[[ATTACHMENT|multitenant-tenant-isolati-161b8--system-for-unknown-tenants-webkit\video.webm]]

[[ATTACHMENT|multitenant-tenant-isolati-161b8--system-for-unknown-tenants-webkit\error-context.md]]
]]>
</system-out>
</testcase>
<testcase name="Multitenant Isolation Tests › Session isolation between tenants" classname="multitenant\tenant-isolation.spec.ts" time="3.38">
<failure message="tenant-isolation.spec.ts:107:7 Session isolation between tenants" type="FAILURE">
<![CDATA[  [webkit] › multitenant\tenant-isolation.spec.ts:107:7 › Multitenant Isolation Tests › Session isolation between tenants 

    Error: expect(received).toContain(expected) // indexOf

    Expected substring: "wondernails"
    Received string:    "{\"props\":{\"pageprops\":{\"statuscode\":500,\"hostname\":\"localhost\"}},\"page\":\"/_error\",\"query\":{},\"buildid\":\"development\",\"isfallback\":false,\"err\":{\"name\":\"error\",\"source\":\"server\",\"message\":\"an error occurred in `next/font`.\\n\\nerror: cannot find module 'object-hash'\\nrequire stack:\\n- c:\\\\dev\\\\zo\\\\sass-store\\\\apps\\\\web\\\\node_modules\\\\tailwindcss\\\\lib\\\\util\\\\hashconfig.js\\n- c:\\\\dev\\\\zo\\\\sass-store\\\\apps\\\\web\\\\node_modules\\\\tailwindcss\\\\lib\\\\lib\\\\setuptrackingcontext.js\\n- c:\\\\dev\\\\zo\\\\sass-store\\\\apps\\\\web\\\\node_modules\\\\tailwindcss\\\\lib\\\\plugin.js\\n- c:\\\\dev\\\\zo\\\\sass-store\\\\apps\\\\web\\\\node_modules\\\\tailwindcss\\\\lib\\\\index.js\\n- c:\\\\dev\\\\zo\\\\sass-store\\\\apps\\\\web\\\\node_modules\\\\next\\\\dist\\\\build\\\\webpack\\\\config\\\\blocks\\\\css\\\\plugins.js\\n- c:\\\\dev\\\\zo\\\\sass-store\\\\apps\\\\web\\\\node_modules\\\\next\\\\dist\\\\build\\\\webpack\\\\config\\\\blocks\\\\css\\\\index.js\\n- c:\\\\dev\\\\zo\\\\sass-store\\\\apps\\\\web\\\\node_modules\\\\next\\\\dist\\\\build\\\\webpack\\\\config\\\\index.js\\n- c:\\\\dev\\\\zo\\\\sass-store\\\\apps\\\\web\\\\node_modules\\\\next\\\\dist\\\\build\\\\webpack-config.js\\n- c:\\\\dev\\\\zo\\\\sass-store\\\\apps\\\\web\\\\node_modules\\\\next\\\\dist\\\\server\\\\dev\\\\hot-reloader-webpack.js\\n- c:\\\\dev\\\\zo\\\\sass-store\\\\apps\\\\web\\\\node_modules\\\\next\\\\dist\\\\server\\\\lib\\\\router-utils\\\\setup-dev-bundler.js\\n- c:\\\\dev\\\\zo\\\\sass-store\\\\apps\\\\web\\\\node_modules\\\\next\\\\dist\\\\server\\\\lib\\\\router-server.js\\n- c:\\\\dev\\\\zo\\\\sass-store\\\\apps\\\\web\\\\node_modules\\\\next\\\\dist\\\\server\\\\lib\\\\start-server.js\\n    at function.\\u003canonymous\\u003e (node:internal/modules/cjs/loader:1401:15)\\n    at c:\\\\dev\\\\zo\\\\sass-store\\\\apps\\\\web\\\\node_modules\\\\next\\\\dist\\\\server\\\\require-hook.js:57:36\\n    at defaultresolveimpl (node:internal/modules/cjs/loader:1057:19)\\n    at resolveforcjswithhooks (node:internal/modules/cjs/loader:1062:22)\\n    at function._load (node:internal/modules/cjs/loader:1211:37)\\n    at tracingchannel.tracesync (node:diagnostics_channel:322:14)\\n    at wrapmoduleload (node:internal/modules/cjs/loader:235:24)\\n    at module.\\u003canonymous\\u003e (node:internal/modules/cjs/loader:1487:12)\\n    at mod.require (c:\\\\dev\\\\zo\\\\sass-store\\\\apps\\\\web\\\\node_modules\\\\next\\\\dist\\\\server\\\\require-hook.js:68:28)\\n    at require (node:internal/modules/helpers:135:16)\\n    at object.\\u003canonymous\\u003e (c:\\\\dev\\\\zo\\\\sass-store\\\\apps\\\\web\\\\node_modules\\\\tailwindcss\\\\lib\\\\util\\\\hashconfig.js:11:60)\\n    at module._compile (node:internal/modules/cjs/loader:1730:14)\\n    at object..js (node:internal/modules/cjs/loader:1895:10)\\n    at module.load (node:internal/modules/cjs/loader:1465:32)\\n    at function._load (node:internal/modules/cjs/loader:1282:12)\\n    at tracingchannel.tracesync (node:diagnostics_channel:322:14)\\n    at wrapmoduleload (node:internal/modules/cjs/loader:235:24)\\n    at module.\\u003canonymous\\u003e (node:internal/modules/cjs/loader:1487:12)\\n    at mod.require (c:\\\\dev\\\\zo\\\\sass-store\\\\apps\\\\web\\\\node_modules\\\\next\\\\dist\\\\server\\\\require-hook.js:68:28)\\n    at require (node:internal/modules/helpers:135:16)\\n    at object.\\u003canonymous\\u003e (c:\\\\dev\\\\zo\\\\sass-store\\\\apps\\\\web\\\\node_modules\\\\tailwindcss\\\\lib\\\\lib\\\\setuptrackingcontext.js:18:60)\\n    at module._compile (node:internal/modules/cjs/loader:1730:14)\\n    at object..js (node:internal/modules/cjs/loader:1895:10)\\n    at module.load (node:internal/modules/cjs/loader:1465:32)\\n    at function._load (node:internal/modules/cjs/loader:1282:12)\\n    at tracingchannel.tracesync (node:diagnostics_channel:322:14)\\n    at wrapmoduleload (node:internal/modules/cjs/loader:235:24)\\n    at module.\\u003canonymous\\u003e (node:internal/modules/cjs/loader:1487:12)\\n    at mod.require (c:\\\\dev\\\\zo\\\\sass-store\\\\apps\\\\web\\\\node_modules\\\\next\\\\dist\\\\server\\\\require-hook.js:68:28)\\n    at require (node:internal/modules/helpers:135:16)\\n    at object.\\u003canonymous\\u003e (c:\\\\dev\\\\zo\\\\sass-store\\\\apps\\\\web\\\\node_modules\\\\tailwindcss\\\\lib\\\\plugin.js:5:70)\\n    at module._compile (node:internal/modules/cjs/loader:1730:14)\\n    at object..js (node:internal/modules/cjs/loader:1895:10)\\n    at module.load (node:internal/modules/cjs/loader:1465:32)\\n    at function._load (node:internal/modules/cjs/loader:1282:12)\\n    at tracingchannel.tracesync (node:diagnostics_channel:322:14)\\n    at wrapmoduleload (node:internal/modules/cjs/loader:235:24)\\n    at module.\\u003canonymous\\u003e (node:internal/modules/cjs/loader:1487:12)\\n    at mod.require (c:\\\\dev\\\\zo\\\\sass-store\\\\apps\\\\web\\\\node_modules\\\\next\\\\dist\\\\server\\\\require-hook.js:68:28)\\n    at require (node:internal/modules/helpers:135:16)\\n    at object.\\u003canonymous\\u003e (c:\\\\dev\\\\zo\\\\sass-store\\\\apps\\\\web\\\\node_modules\\\\tailwindcss\\\\lib\\\\index.js:2:18)\\n    at module._compile (node:internal/modules/cjs/loader:1730:14)\\n    at object..js (node:internal/modules/cjs/loader:1895:10)\\n    at module.load (node:internal/modules/cjs/loader:1465:32)\\n    at function._load (node:internal/modules/cjs/loader:1282:12)\\n    at tracingchannel.tracesync (node:diagnostics_channel:322:14)\\n    at wrapmoduleload (node:internal/modules/cjs/loader:235:24)\\n    at module.\\u003canonymous\\u003e (node:internal/modules/cjs/loader:1487:12)\\n    at mod.require (c:\\\\dev\\\\zo\\\\sass-store\\\\apps\\\\web\\\\node_modules\\\\next\\\\dist\\\\server\\\\require-hook.js:68:28)\\n    at require (node:internal/modules/helpers:135:16)\",\"stack\":\"error: an error occurred in `next/font`.\\n\\nerror: cannot find module 'object-hash'\\nrequire stack:\\n- c:\\\\dev\\\\zo\\\\sass-store\\\\apps\\\\web\\\\node_modules\\\\tailwindcss\\\\lib\\\\util\\\\hashconfig.js\\n- c:\\\\dev\\\\zo\\\\sass-store\\\\apps\\\\web\\\\node_modules\\\\tailwindcss\\\\lib\\\\lib\\\\setuptrackingcontext.js\\n- c:\\\\dev\\\\zo\\\\sass-store\\\\apps\\\\web\\\\node_modules\\\\tailwindcss\\\\lib\\\\plugin.js\\n- c:\\\\dev\\\\zo\\\\sass-store\\\\apps\\\\web\\\\node_modules\\\\tailwindcss\\\\lib\\\\index.js\\n- c:\\\\dev\\\\zo\\\\sass-store\\\\apps\\\\web\\\\node_modules\\\\next\\\\dist\\\\build\\\\webpack\\\\config\\\\blocks\\\\css\\\\plugins.js\\n- c:\\\\dev\\\\zo\\\\sass-store\\\\apps\\\\web\\\\node_modules\\\\next\\\\dist\\\\build\\\\webpack\\\\config\\\\blocks\\\\css\\\\index.js\\n- c:\\\\dev\\\\zo\\\\sass-store\\\\apps\\\\web\\\\node_modules\\\\next\\\\dist\\\\build\\\\webpack\\\\config\\\\index.js\\n- c:\\\\dev\\\\zo\\\\sass-store\\\\apps\\\\web\\\\node_modules\\\\next\\\\dist\\\\build\\\\webpack-config.js\\n- c:\\\\dev\\\\zo\\\\sass-store\\\\apps\\\\web\\\\node_modules\\\\next\\\\dist\\\\server\\\\dev\\\\hot-reloader-webpack.js\\n- c:\\\\dev\\\\zo\\\\sass-store\\\\apps\\\\web\\\\node_modules\\\\next\\\\dist\\\\server\\\\lib\\\\router-utils\\\\setup-dev-bundler.js\\n- c:\\\\dev\\\\zo\\\\sass-store\\\\apps\\\\web\\\\node_modules\\\\next\\\\dist\\\\server\\\\lib\\\\router-server.js\\n- c:\\\\dev\\\\zo\\\\sass-store\\\\apps\\\\web\\\\node_modules\\\\next\\\\dist\\\\server\\\\lib\\\\start-server.js\\n    at function.\\u003canonymous\\u003e (node:internal/modules/cjs/loader:1401:15)\\n    at c:\\\\dev\\\\zo\\\\sass-store\\\\apps\\\\web\\\\node_modules\\\\next\\\\dist\\\\server\\\\require-hook.js:57:36\\n    at defaultresolveimpl (node:internal/modules/cjs/loader:1057:19)\\n    at resolveforcjswithhooks (node:internal/modules/cjs/loader:1062:22)\\n    at function._load (node:internal/modules/cjs/loader:1211:37)\\n    at tracingchannel.tracesync (node:diagnostics_channel:322:14)\\n    at wrapmoduleload (node:internal/modules/cjs/loader:235:24)\\n    at module.\\u003canonymous\\u003e (node:internal/modules/cjs/loader:1487:12)\\n    at mod.require (c:\\\\dev\\\\zo\\\\sass-store\\\\apps\\\\web\\\\node_modules\\\\next\\\\dist\\\\server\\\\require-hook.js:68:28)\\n    at require (node:internal/modules/helpers:135:16)\\n    at object.\\u003canonymous\\u003e (c:\\\\dev\\\\zo\\\\sass-store\\\\apps\\\\web\\\\node_modules\\\\tailwindcss\\\\lib\\\\util\\\\hashconfig.js:11:60)\\n    at module._compile (node:internal/modules/cjs/loader:1730:14)\\n    at object..js (node:internal/modules/cjs/loader:1895:10)\\n    at module.load (node:internal/modules/cjs/loader:1465:32)\\n    at function._load (node:internal/modules/cjs/loader:1282:12)\\n    at tracingchannel.tracesync (node:diagnostics_channel:322:14)\\n    at wrapmoduleload (node:internal/modules/cjs/loader:235:24)\\n    at module.\\u003canonymous\\u003e (node:internal/modules/cjs/loader:1487:12)\\n    at mod.require (c:\\\\dev\\\\zo\\\\sass-store\\\\apps\\\\web\\\\node_modules\\\\next\\\\dist\\\\server\\\\require-hook.js:68:28)\\n    at require (node:internal/modules/helpers:135:16)\\n    at object.\\u003canonymous\\u003e (c:\\\\dev\\\\zo\\\\sass-store\\\\apps\\\\web\\\\node_modules\\\\tailwindcss\\\\lib\\\\lib\\\\setuptrackingcontext.js:18:60)\\n    at module._compile (node:internal/modules/cjs/loader:1730:14)\\n    at object..js (node:internal/modules/cjs/loader:1895:10)\\n    at module.load (node:internal/modules/cjs/loader:1465:32)\\n    at function._load (node:internal/modules/cjs/loader:1282:12)\\n    at tracingchannel.tracesync (node:diagnostics_channel:322:14)\\n    at wrapmoduleload (node:internal/modules/cjs/loader:235:24)\\n    at module.\\u003canonymous\\u003e (node:internal/modules/cjs/loader:1487:12)\\n    at mod.require (c:\\\\dev\\\\zo\\\\sass-store\\\\apps\\\\web\\\\node_modules\\\\next\\\\dist\\\\server\\\\require-hook.js:68:28)\\n    at require (node:internal/modules/helpers:135:16)\\n    at object.\\u003canonymous\\u003e (c:\\\\dev\\\\zo\\\\sass-store\\\\apps\\\\web\\\\node_modules\\\\tailwindcss\\\\lib\\\\plugin.js:5:70)\\n    at module._compile (node:internal/modules/cjs/loader:1730:14)\\n    at object..js (node:internal/modules/cjs/loader:1895:10)\\n    at module.load (node:internal/modules/cjs/loader:1465:32)\\n    at function._load (node:internal/modules/cjs/loader:1282:12)\\n    at tracingchannel.tracesync (node:diagnostics_channel:322:14)\\n    at wrapmoduleload (node:internal/modules/cjs/loader:235:24)\\n    at module.\\u003canonymous\\u003e (node:internal/modules/cjs/loader:1487:12)\\n    at mod.require (c:\\\\dev\\\\zo\\\\sass-store\\\\apps\\\\web\\\\node_modules\\\\next\\\\dist\\\\server\\\\require-hook.js:68:28)\\n    at require (node:internal/modules/helpers:135:16)\\n    at object.\\u003canonymous\\u003e (c:\\\\dev\\\\zo\\\\sass-store\\\\apps\\\\web\\\\node_modules\\\\tailwindcss\\\\lib\\\\index.js:2:18)\\n    at module._compile (node:internal/modules/cjs/loader:1730:14)\\n    at object..js (node:internal/modules/cjs/loader:1895:10)\\n    at module.load (node:internal/modules/cjs/loader:1465:32)\\n    at function._load (node:internal/modules/cjs/loader:1282:12)\\n    at tracingchannel.tracesync (node:diagnostics_channel:322:14)\\n    at wrapmoduleload (node:internal/modules/cjs/loader:235:24)\\n    at module.\\u003canonymous\\u003e (node:internal/modules/cjs/loader:1487:12)\\n    at mod.require (c:\\\\dev\\\\zo\\\\sass-store\\\\apps\\\\web\\\\node_modules\\\\next\\\\dist\\\\server\\\\require-hook.js:68:28)\\n    at require (node:internal/modules/helpers:135:16)\\n    at getnextfonterror (c:\\\\dev\\\\zo\\\\sass-store\\\\apps\\\\web\\\\node_modules\\\\next\\\\dist\\\\build\\\\webpack\\\\plugins\\\\wellknown-errors-plugin\\\\parsenextfonterror.js:26:20)\\n    at getmodulebuilderror (c:\\\\dev\\\\zo\\\\sass-store\\\\apps\\\\web\\\\node_modules\\\\next\\\\dist\\\\build\\\\webpack\\\\plugins\\\\wellknown-errors-plugin\\\\webpackmoduleerror.js:123:63)\\n    at process.processticksandrejections (node:internal/process/task_queues:105:5)\\n    at async c:\\\\dev\\\\zo\\\\sass-store\\\\apps\\\\web\\\\node_modules\\\\next\\\\dist\\\\build\\\\webpack\\\\plugins\\\\wellknown-errors-plugin\\\\index.js:29:49\\n    at async promise.all (index 0)\\n    at async c:\\\\dev\\\\zo\\\\sass-store\\\\apps\\\\web\\\\node_modules\\\\next\\\\dist\\\\build\\\\webpack\\\\plugins\\\\wellknown-errors-plugin\\\\index.js:27:21\"},\"gip\":true,\"scriptloader\":[]}"

      122 |
      123 |     // Each page should contain its tenant-specific content
    > 124 |     expect(page1Content?.toLowerCase()).toContain('wondernails');
          |                                         ^
      125 |     expect(page2Content?.toLowerCase()).toContain('nom-nom');
      126 |
      127 |     // And should not contain the other tenant's content
        at C:\Dev\Zo\sass-store\tests\e2e\multitenant\tenant-isolation.spec.ts:124:41

    attachment #1: screenshot (image/png) ──────────────────────────────────────────────────────────
    ..\..\test-results\multitenant-tenant-isolati-8aaa1-n-isolation-between-tenants-webkit\test-failed-1.png
    ────────────────────────────────────────────────────────────────────────────────────────────────

    attachment #2: screenshot (image/png) ──────────────────────────────────────────────────────────
    ..\..\test-results\multitenant-tenant-isolati-8aaa1-n-isolation-between-tenants-webkit\test-failed-2.png
    ────────────────────────────────────────────────────────────────────────────────────────────────

    attachment #3: video (video/webm) ──────────────────────────────────────────────────────────────
    ..\..\test-results\multitenant-tenant-isolati-8aaa1-n-isolation-between-tenants-webkit\video.webm
    ────────────────────────────────────────────────────────────────────────────────────────────────

    attachment #4: video (video/webm) ──────────────────────────────────────────────────────────────
    ..\..\test-results\multitenant-tenant-isolati-8aaa1-n-isolation-between-tenants-webkit\video-1.webm
    ────────────────────────────────────────────────────────────────────────────────────────────────

    Error Context: ..\..\test-results\multitenant-tenant-isolati-8aaa1-n-isolation-between-tenants-webkit\error-context.md
]]>
</failure>
<system-out>
<![CDATA[
[[ATTACHMENT|multitenant-tenant-isolati-8aaa1-n-isolation-between-tenants-webkit\test-failed-1.png]]

[[ATTACHMENT|multitenant-tenant-isolati-8aaa1-n-isolation-between-tenants-webkit\test-failed-2.png]]

[[ATTACHMENT|multitenant-tenant-isolati-8aaa1-n-isolation-between-tenants-webkit\video.webm]]

[[ATTACHMENT|multitenant-tenant-isolati-8aaa1-n-isolation-between-tenants-webkit\video-1.webm]]

[[ATTACHMENT|multitenant-tenant-isolati-8aaa1-n-isolation-between-tenants-webkit\error-context.md]]
]]>
</system-out>
</testcase>
</testsuite>
<testsuite name="navigation\navigation-flows.spec.ts" timestamp="2025-10-29T19:08:05.826Z" hostname="webkit" tests="20" failures="12" skipped="1" time="214.302" errors="0">
<testcase name="Authentication &amp; Login › should login successfully with valid credentials" classname="navigation\navigation-flows.spec.ts" time="17.192">
<failure message="navigation-flows.spec.ts:9:7 should login successfully with valid credentials" type="FAILURE">
<![CDATA[  [webkit] › navigation\navigation-flows.spec.ts:9:7 › Authentication & Login › should login successfully with valid credentials 

    TimeoutError: page.fill: Timeout 15000ms exceeded.
    Call log:
      - waiting for locator('[data-testid="email-input"], input[name="email"]')


      10 |     await page.goto('/t/wondernails/login');
      11 |
    > 12 |     await page.fill('[data-testid="email-input"], input[name="email"]', 'test@wondernails.com');
         |                ^
      13 |     await page.fill('[data-testid="password-input"], input[name="password"]', 'password123');
      14 |
      15 |     await page.click('[data-testid="login-btn"], button[type="submit"]');
        at C:\Dev\Zo\sass-store\tests\e2e\navigation\navigation-flows.spec.ts:12:16

    attachment #1: screenshot (image/png) ──────────────────────────────────────────────────────────
    ..\..\test-results\navigation-navigation-flow-df79c-ully-with-valid-credentials-webkit\test-failed-1.png
    ────────────────────────────────────────────────────────────────────────────────────────────────

    attachment #2: video (video/webm) ──────────────────────────────────────────────────────────────
    ..\..\test-results\navigation-navigation-flow-df79c-ully-with-valid-credentials-webkit\video.webm
    ────────────────────────────────────────────────────────────────────────────────────────────────

    Error Context: ..\..\test-results\navigation-navigation-flow-df79c-ully-with-valid-credentials-webkit\error-context.md
]]>
</failure>
<system-out>
<![CDATA[
[[ATTACHMENT|navigation-navigation-flow-df79c-ully-with-valid-credentials-webkit\test-failed-1.png]]

[[ATTACHMENT|navigation-navigation-flow-df79c-ully-with-valid-credentials-webkit\video.webm]]

[[ATTACHMENT|navigation-navigation-flow-df79c-ully-with-valid-credentials-webkit\error-context.md]]
]]>
</system-out>
</testcase>
<testcase name="Authentication &amp; Login › should show error for invalid credentials" classname="navigation\navigation-flows.spec.ts" time="18.68">
<failure message="navigation-flows.spec.ts:21:7 should show error for invalid credentials" type="FAILURE">
<![CDATA[  [webkit] › navigation\navigation-flows.spec.ts:21:7 › Authentication & Login › should show error for invalid credentials 

    TimeoutError: page.fill: Timeout 15000ms exceeded.
    Call log:
      - waiting for locator('input[name="email"]')


      22 |     await page.goto('/t/wondernails/login');
      23 |
    > 24 |     await page.fill('input[name="email"]', 'invalid@example.com');
         |                ^
      25 |     await page.fill('input[name="password"]', 'wrongpassword');
      26 |
      27 |     await page.click('button[type="submit"]');
        at C:\Dev\Zo\sass-store\tests\e2e\navigation\navigation-flows.spec.ts:24:16

    attachment #1: screenshot (image/png) ──────────────────────────────────────────────────────────
    ..\..\test-results\navigation-navigation-flow-22e8b-ror-for-invalid-credentials-webkit\test-failed-1.png
    ────────────────────────────────────────────────────────────────────────────────────────────────

    attachment #2: video (video/webm) ──────────────────────────────────────────────────────────────
    ..\..\test-results\navigation-navigation-flow-22e8b-ror-for-invalid-credentials-webkit\video.webm
    ────────────────────────────────────────────────────────────────────────────────────────────────

    Error Context: ..\..\test-results\navigation-navigation-flow-22e8b-ror-for-invalid-credentials-webkit\error-context.md
]]>
</failure>
<system-out>
<![CDATA[
[[ATTACHMENT|navigation-navigation-flow-22e8b-ror-for-invalid-credentials-webkit\test-failed-1.png]]

[[ATTACHMENT|navigation-navigation-flow-22e8b-ror-for-invalid-credentials-webkit\video.webm]]

[[ATTACHMENT|navigation-navigation-flow-22e8b-ror-for-invalid-credentials-webkit\error-context.md]]
]]>
</system-out>
</testcase>
<testcase name="Authentication &amp; Login › should logout successfully" classname="navigation\navigation-flows.spec.ts" time="1.309">
</testcase>
<testcase name="Authentication &amp; Login › should remember me functionality work" classname="navigation\navigation-flows.spec.ts" time="16.748">
<failure message="navigation-flows.spec.ts:45:7 should remember me functionality work" type="FAILURE">
<![CDATA[  [webkit] › navigation\navigation-flows.spec.ts:45:7 › Authentication & Login › should remember me functionality work 

    TimeoutError: page.fill: Timeout 15000ms exceeded.
    Call log:
      - waiting for locator('input[name="email"]')


      46 |     await page.goto('/t/wondernails/login');
      47 |
    > 48 |     await page.fill('input[name="email"]', 'test@wondernails.com');
         |                ^
      49 |     await page.fill('input[name="password"]', 'password123');
      50 |
      51 |     const rememberMe = page.locator('input[name="rememberMe"], input[type="checkbox"]');
        at C:\Dev\Zo\sass-store\tests\e2e\navigation\navigation-flows.spec.ts:48:16

    attachment #1: screenshot (image/png) ──────────────────────────────────────────────────────────
    ..\..\test-results\navigation-navigation-flow-14eaa-ember-me-functionality-work-webkit\test-failed-1.png
    ────────────────────────────────────────────────────────────────────────────────────────────────

    attachment #2: video (video/webm) ──────────────────────────────────────────────────────────────
    ..\..\test-results\navigation-navigation-flow-14eaa-ember-me-functionality-work-webkit\video.webm
    ────────────────────────────────────────────────────────────────────────────────────────────────

    Error Context: ..\..\test-results\navigation-navigation-flow-14eaa-ember-me-functionality-work-webkit\error-context.md
]]>
</failure>
<system-out>
<![CDATA[
[[ATTACHMENT|navigation-navigation-flow-14eaa-ember-me-functionality-work-webkit\test-failed-1.png]]

[[ATTACHMENT|navigation-navigation-flow-14eaa-ember-me-functionality-work-webkit\video.webm]]

[[ATTACHMENT|navigation-navigation-flow-14eaa-ember-me-functionality-work-webkit\error-context.md]]
]]>
</system-out>
</testcase>
<testcase name="Navigation &amp; Menu › should navigate through main menu" classname="navigation\navigation-flows.spec.ts" time="1.511">
</testcase>
<testcase name="Navigation &amp; Menu › should show mobile menu on mobile devices" classname="navigation\navigation-flows.spec.ts" time="0.718">
<properties>
<property name="skip" value="Mobile-specific test">
</property>
</properties>
<skipped>
</skipped>
</testcase>
<testcase name="Navigation &amp; Menu › should navigate with breadcrumbs" classname="navigation\navigation-flows.spec.ts" time="1.361">
</testcase>
<testcase name="Search Functionality › should search products successfully" classname="navigation\navigation-flows.spec.ts" time="16.537">
<failure message="navigation-flows.spec.ts:124:7 should search products successfully" type="FAILURE">
<![CDATA[  [webkit] › navigation\navigation-flows.spec.ts:124:7 › Search Functionality › should search products successfully 

    TimeoutError: locator.fill: Timeout 15000ms exceeded.
    Call log:
      - waiting for locator('[data-testid="search-input"], input[type="search"]')


      126 |
      127 |     const searchInput = page.locator('[data-testid="search-input"], input[type="search"]');
    > 128 |     await searchInput.fill('nail polish');
          |                       ^
      129 |     await page.keyboard.press('Enter');
      130 |
      131 |     await page.waitForTimeout(500);
        at C:\Dev\Zo\sass-store\tests\e2e\navigation\navigation-flows.spec.ts:128:23

    attachment #1: screenshot (image/png) ──────────────────────────────────────────────────────────
    ..\..\test-results\navigation-navigation-flow-200ae-earch-products-successfully-webkit\test-failed-1.png
    ────────────────────────────────────────────────────────────────────────────────────────────────

    attachment #2: video (video/webm) ──────────────────────────────────────────────────────────────
    ..\..\test-results\navigation-navigation-flow-200ae-earch-products-successfully-webkit\video.webm
    ────────────────────────────────────────────────────────────────────────────────────────────────

    Error Context: ..\..\test-results\navigation-navigation-flow-200ae-earch-products-successfully-webkit\error-context.md
]]>
</failure>
<system-out>
<![CDATA[
[[ATTACHMENT|navigation-navigation-flow-200ae-earch-products-successfully-webkit\test-failed-1.png]]

[[ATTACHMENT|navigation-navigation-flow-200ae-earch-products-successfully-webkit\video.webm]]

[[ATTACHMENT|navigation-navigation-flow-200ae-earch-products-successfully-webkit\error-context.md]]
]]>
</system-out>
</testcase>
<testcase name="Search Functionality › should show no results message for invalid search" classname="navigation\navigation-flows.spec.ts" time="16.49">
<failure message="navigation-flows.spec.ts:141:7 should show no results message for invalid search" type="FAILURE">
<![CDATA[  [webkit] › navigation\navigation-flows.spec.ts:141:7 › Search Functionality › should show no results message for invalid search 

    TimeoutError: locator.fill: Timeout 15000ms exceeded.
    Call log:
      - waiting for locator('[data-testid="search-input"], input[type="search"]')


      143 |
      144 |     const searchInput = page.locator('[data-testid="search-input"], input[type="search"]');
    > 145 |     await searchInput.fill('xyzabc123nonexistent');
          |                       ^
      146 |     await page.keyboard.press('Enter');
      147 |
      148 |     await page.waitForTimeout(500);
        at C:\Dev\Zo\sass-store\tests\e2e\navigation\navigation-flows.spec.ts:145:23

    attachment #1: screenshot (image/png) ──────────────────────────────────────────────────────────
    ..\..\test-results\navigation-navigation-flow-e5e6c--message-for-invalid-search-webkit\test-failed-1.png
    ────────────────────────────────────────────────────────────────────────────────────────────────

    attachment #2: video (video/webm) ──────────────────────────────────────────────────────────────
    ..\..\test-results\navigation-navigation-flow-e5e6c--message-for-invalid-search-webkit\video.webm
    ────────────────────────────────────────────────────────────────────────────────────────────────

    Error Context: ..\..\test-results\navigation-navigation-flow-e5e6c--message-for-invalid-search-webkit\error-context.md
]]>
</failure>
<system-out>
<![CDATA[
[[ATTACHMENT|navigation-navigation-flow-e5e6c--message-for-invalid-search-webkit\test-failed-1.png]]

[[ATTACHMENT|navigation-navigation-flow-e5e6c--message-for-invalid-search-webkit\video.webm]]

[[ATTACHMENT|navigation-navigation-flow-e5e6c--message-for-invalid-search-webkit\error-context.md]]
]]>
</system-out>
</testcase>
<testcase name="Search Functionality › should filter search results" classname="navigation\navigation-flows.spec.ts" time="1.105">
</testcase>
<testcase name="Product Filtering &amp; Sorting › should filter products by category" classname="navigation\navigation-flows.spec.ts" time="1.004">
</testcase>
<testcase name="Product Filtering &amp; Sorting › should sort products by price" classname="navigation\navigation-flows.spec.ts" time="1.269">
</testcase>
<testcase name="Product Filtering &amp; Sorting › should filter products by price range" classname="navigation\navigation-flows.spec.ts" time="1.038">
</testcase>
<testcase name="Shopping Cart Operations › should add product to cart" classname="navigation\navigation-flows.spec.ts" time="16.318">
<failure message="navigation-flows.spec.ts:254:7 should add product to cart" type="FAILURE">
<![CDATA[  [webkit] › navigation\navigation-flows.spec.ts:254:7 › Shopping Cart Operations › should add product to cart 

    TimeoutError: locator.click: Timeout 15000ms exceeded.
    Call log:
      - waiting for locator('[data-testid="add-to-cart-btn"]').first()


      256 |
      257 |     const addToCartBtn = page.locator('[data-testid="add-to-cart-btn"]').first();
    > 258 |     await addToCartBtn.click();
          |                        ^
      259 |
      260 |     await page.waitForTimeout(500);
      261 |
        at C:\Dev\Zo\sass-store\tests\e2e\navigation\navigation-flows.spec.ts:258:24

    attachment #1: screenshot (image/png) ──────────────────────────────────────────────────────────
    ..\..\test-results\navigation-navigation-flow-cf546--should-add-product-to-cart-webkit\test-failed-1.png
    ────────────────────────────────────────────────────────────────────────────────────────────────

    attachment #2: video (video/webm) ──────────────────────────────────────────────────────────────
    ..\..\test-results\navigation-navigation-flow-cf546--should-add-product-to-cart-webkit\video.webm
    ────────────────────────────────────────────────────────────────────────────────────────────────

    Error Context: ..\..\test-results\navigation-navigation-flow-cf546--should-add-product-to-cart-webkit\error-context.md
]]>
</failure>
<system-out>
<![CDATA[
[[ATTACHMENT|navigation-navigation-flow-cf546--should-add-product-to-cart-webkit\test-failed-1.png]]

[[ATTACHMENT|navigation-navigation-flow-cf546--should-add-product-to-cart-webkit\video.webm]]

[[ATTACHMENT|navigation-navigation-flow-cf546--should-add-product-to-cart-webkit\error-context.md]]
]]>
</system-out>
</testcase>
<testcase name="Shopping Cart Operations › should update cart item quantity" classname="navigation\navigation-flows.spec.ts" time="16.257">
<failure message="navigation-flows.spec.ts:268:7 should update cart item quantity" type="FAILURE">
<![CDATA[  [webkit] › navigation\navigation-flows.spec.ts:268:7 › Shopping Cart Operations › should update cart item quantity 

    TimeoutError: locator.click: Timeout 15000ms exceeded.
    Call log:
      - waiting for locator('[data-testid="add-to-cart-btn"]').first()


      271 |     // Add item to cart
      272 |     const addToCartBtn = page.locator('[data-testid="add-to-cart-btn"]').first();
    > 273 |     await addToCartBtn.click();
          |                        ^
      274 |     await page.waitForTimeout(500);
      275 |
      276 |     // Go to cart
        at C:\Dev\Zo\sass-store\tests\e2e\navigation\navigation-flows.spec.ts:273:24

    attachment #1: screenshot (image/png) ──────────────────────────────────────────────────────────
    ..\..\test-results\navigation-navigation-flow-298ef-d-update-cart-item-quantity-webkit\test-failed-1.png
    ────────────────────────────────────────────────────────────────────────────────────────────────

    attachment #2: video (video/webm) ──────────────────────────────────────────────────────────────
    ..\..\test-results\navigation-navigation-flow-298ef-d-update-cart-item-quantity-webkit\video.webm
    ────────────────────────────────────────────────────────────────────────────────────────────────

    Error Context: ..\..\test-results\navigation-navigation-flow-298ef-d-update-cart-item-quantity-webkit\error-context.md
]]>
</failure>
<system-out>
<![CDATA[
[[ATTACHMENT|navigation-navigation-flow-298ef-d-update-cart-item-quantity-webkit\test-failed-1.png]]

[[ATTACHMENT|navigation-navigation-flow-298ef-d-update-cart-item-quantity-webkit\video.webm]]

[[ATTACHMENT|navigation-navigation-flow-298ef-d-update-cart-item-quantity-webkit\error-context.md]]
]]>
</system-out>
</testcase>
<testcase name="Shopping Cart Operations › should remove item from cart" classname="navigation\navigation-flows.spec.ts" time="16.305">
<failure message="navigation-flows.spec.ts:293:7 should remove item from cart" type="FAILURE">
<![CDATA[  [webkit] › navigation\navigation-flows.spec.ts:293:7 › Shopping Cart Operations › should remove item from cart 

    TimeoutError: locator.click: Timeout 15000ms exceeded.
    Call log:
      - waiting for locator('[data-testid="add-to-cart-btn"]').first()


      296 |     // Add item to cart
      297 |     const addToCartBtn = page.locator('[data-testid="add-to-cart-btn"]').first();
    > 298 |     await addToCartBtn.click();
          |                        ^
      299 |     await page.waitForTimeout(500);
      300 |
      301 |     // Go to cart
        at C:\Dev\Zo\sass-store\tests\e2e\navigation\navigation-flows.spec.ts:298:24

    attachment #1: screenshot (image/png) ──────────────────────────────────────────────────────────
    ..\..\test-results\navigation-navigation-flow-e99c1-hould-remove-item-from-cart-webkit\test-failed-1.png
    ────────────────────────────────────────────────────────────────────────────────────────────────

    attachment #2: video (video/webm) ──────────────────────────────────────────────────────────────
    ..\..\test-results\navigation-navigation-flow-e99c1-hould-remove-item-from-cart-webkit\video.webm
    ────────────────────────────────────────────────────────────────────────────────────────────────

    Error Context: ..\..\test-results\navigation-navigation-flow-e99c1-hould-remove-item-from-cart-webkit\error-context.md
]]>
</failure>
<system-out>
<![CDATA[
[[ATTACHMENT|navigation-navigation-flow-e99c1-hould-remove-item-from-cart-webkit\test-failed-1.png]]

[[ATTACHMENT|navigation-navigation-flow-e99c1-hould-remove-item-from-cart-webkit\video.webm]]

[[ATTACHMENT|navigation-navigation-flow-e99c1-hould-remove-item-from-cart-webkit\error-context.md]]
]]>
</system-out>
</testcase>
<testcase name="Shopping Cart Operations › should calculate cart total correctly" classname="navigation\navigation-flows.spec.ts" time="18.684">
<failure message="navigation-flows.spec.ts:317:7 should calculate cart total correctly" type="FAILURE">
<![CDATA[  [webkit] › navigation\navigation-flows.spec.ts:317:7 › Shopping Cart Operations › should calculate cart total correctly 

    TimeoutError: locator.textContent: Timeout 15000ms exceeded.
    Call log:
      - waiting for locator('[data-testid="product-card"]').first().locator('[data-testid="product-price"]')


      320 |     // Add item to cart
      321 |     const firstProduct = page.locator('[data-testid="product-card"]').first();
    > 322 |     const firstPrice = await firstProduct.locator('[data-testid="product-price"]').textContent();
          |                                                                                    ^
      323 |     const priceValue = parseFloat(firstPrice?.replace(/[^0-9.]/g, '') || '0');
      324 |
      325 |     const addToCartBtn = firstProduct.locator('[data-testid="add-to-cart-btn"]');
        at C:\Dev\Zo\sass-store\tests\e2e\navigation\navigation-flows.spec.ts:322:84

    attachment #1: screenshot (image/png) ──────────────────────────────────────────────────────────
    ..\..\test-results\navigation-navigation-flow-3eda3-culate-cart-total-correctly-webkit\test-failed-1.png
    ────────────────────────────────────────────────────────────────────────────────────────────────

    attachment #2: video (video/webm) ──────────────────────────────────────────────────────────────
    ..\..\test-results\navigation-navigation-flow-3eda3-culate-cart-total-correctly-webkit\video.webm
    ────────────────────────────────────────────────────────────────────────────────────────────────

    Error Context: ..\..\test-results\navigation-navigation-flow-3eda3-culate-cart-total-correctly-webkit\error-context.md
]]>
</failure>
<system-out>
<![CDATA[
[[ATTACHMENT|navigation-navigation-flow-3eda3-culate-cart-total-correctly-webkit\test-failed-1.png]]

[[ATTACHMENT|navigation-navigation-flow-3eda3-culate-cart-total-correctly-webkit\video.webm]]

[[ATTACHMENT|navigation-navigation-flow-3eda3-culate-cart-total-correctly-webkit\error-context.md]]
]]>
</system-out>
</testcase>
<testcase name="Booking System › should book a service appointment" classname="navigation\navigation-flows.spec.ts" time="18.62">
<failure message="navigation-flows.spec.ts:343:7 should book a service appointment" type="FAILURE">
<![CDATA[  [webkit] › navigation\navigation-flows.spec.ts:343:7 › Booking System › should book a service appointment 

    TimeoutError: locator.click: Timeout 15000ms exceeded.
    Call log:
      - waiting for locator('[data-testid="service-card"]').first()


      345 |
      346 |     const serviceCard = page.locator('[data-testid="service-card"]').first();
    > 347 |     await serviceCard.click();
          |                       ^
      348 |
      349 |     const bookBtn = page.locator('[data-testid="book-service-btn"], button:has-text("Book")');
      350 |     if (await bookBtn.isVisible()) {
        at C:\Dev\Zo\sass-store\tests\e2e\navigation\navigation-flows.spec.ts:347:23

    attachment #1: screenshot (image/png) ──────────────────────────────────────────────────────────
    ..\..\test-results\navigation-navigation-flow-1c725--book-a-service-appointment-webkit\test-failed-1.png
    ────────────────────────────────────────────────────────────────────────────────────────────────

    attachment #2: video (video/webm) ──────────────────────────────────────────────────────────────
    ..\..\test-results\navigation-navigation-flow-1c725--book-a-service-appointment-webkit\video.webm
    ────────────────────────────────────────────────────────────────────────────────────────────────

    Error Context: ..\..\test-results\navigation-navigation-flow-1c725--book-a-service-appointment-webkit\error-context.md
]]>
</failure>
<system-out>
<![CDATA[
[[ATTACHMENT|navigation-navigation-flow-1c725--book-a-service-appointment-webkit\test-failed-1.png]]

[[ATTACHMENT|navigation-navigation-flow-1c725--book-a-service-appointment-webkit\video.webm]]

[[ATTACHMENT|navigation-navigation-flow-1c725--book-a-service-appointment-webkit\error-context.md]]
]]>
</system-out>
</testcase>
<testcase name="Booking System › should select staff member for booking" classname="navigation\navigation-flows.spec.ts" time="16.666">
<failure message="navigation-flows.spec.ts:379:7 should select staff member for booking" type="FAILURE">
<![CDATA[  [webkit] › navigation\navigation-flows.spec.ts:379:7 › Booking System › should select staff member for booking 

    TimeoutError: locator.click: Timeout 15000ms exceeded.
    Call log:
      - waiting for locator('[data-testid="service-card"]').first()


      381 |
      382 |     const serviceCard = page.locator('[data-testid="service-card"]').first();
    > 383 |     await serviceCard.click();
          |                       ^
      384 |
      385 |     const staffSelector = page.locator('[data-testid="staff-selector"], select[name="staff"]');
      386 |     if (await staffSelector.isVisible()) {
        at C:\Dev\Zo\sass-store\tests\e2e\navigation\navigation-flows.spec.ts:383:23

    attachment #1: screenshot (image/png) ──────────────────────────────────────────────────────────
    ..\..\test-results\navigation-navigation-flow-9b84d-ct-staff-member-for-booking-webkit\test-failed-1.png
    ────────────────────────────────────────────────────────────────────────────────────────────────

    attachment #2: video (video/webm) ──────────────────────────────────────────────────────────────
    ..\..\test-results\navigation-navigation-flow-9b84d-ct-staff-member-for-booking-webkit\video.webm
    ────────────────────────────────────────────────────────────────────────────────────────────────

    Error Context: ..\..\test-results\navigation-navigation-flow-9b84d-ct-staff-member-for-booking-webkit\error-context.md
]]>
</failure>
<system-out>
<![CDATA[
[[ATTACHMENT|navigation-navigation-flow-9b84d-ct-staff-member-for-booking-webkit\test-failed-1.png]]

[[ATTACHMENT|navigation-navigation-flow-9b84d-ct-staff-member-for-booking-webkit\video.webm]]

[[ATTACHMENT|navigation-navigation-flow-9b84d-ct-staff-member-for-booking-webkit\error-context.md]]
]]>
</system-out>
</testcase>
<testcase name="Checkout Process › should proceed through checkout flow" classname="navigation\navigation-flows.spec.ts" time="16.49">
<failure message="navigation-flows.spec.ts:401:7 should proceed through checkout flow" type="FAILURE">
<![CDATA[  [webkit] › navigation\navigation-flows.spec.ts:401:7 › Checkout Process › should proceed through checkout flow 

    TimeoutError: locator.click: Timeout 15000ms exceeded.
    Call log:
      - waiting for locator('[data-testid="add-to-cart-btn"]').first()


      404 |     // Add product to cart
      405 |     const addToCartBtn = page.locator('[data-testid="add-to-cart-btn"]').first();
    > 406 |     await addToCartBtn.click();
          |                        ^
      407 |     await page.waitForTimeout(500);
      408 |
      409 |     // Go to checkout
        at C:\Dev\Zo\sass-store\tests\e2e\navigation\navigation-flows.spec.ts:406:24

    attachment #1: screenshot (image/png) ──────────────────────────────────────────────────────────
    ..\..\test-results\navigation-navigation-flow-c5006-oceed-through-checkout-flow-webkit\test-failed-1.png
    ────────────────────────────────────────────────────────────────────────────────────────────────

    attachment #2: video (video/webm) ──────────────────────────────────────────────────────────────
    ..\..\test-results\navigation-navigation-flow-c5006-oceed-through-checkout-flow-webkit\video.webm
    ────────────────────────────────────────────────────────────────────────────────────────────────

    Error Context: ..\..\test-results\navigation-navigation-flow-c5006-oceed-through-checkout-flow-webkit\error-context.md
]]>
</failure>
<system-out>
<![CDATA[
[[ATTACHMENT|navigation-navigation-flow-c5006-oceed-through-checkout-flow-webkit\test-failed-1.png]]

[[ATTACHMENT|navigation-navigation-flow-c5006-oceed-through-checkout-flow-webkit\video.webm]]

[[ATTACHMENT|navigation-navigation-flow-c5006-oceed-through-checkout-flow-webkit\error-context.md]]
]]>
</system-out>
</testcase>
</testsuite>
<testsuite name="navigation\system-navigation-corrected.spec.ts" timestamp="2025-10-29T19:08:05.826Z" hostname="webkit" tests="6" failures="0" skipped="0" time="24.437" errors="0">
<testcase name="System Navigation (CORRECTED) › should navigate between main sections without errors" classname="navigation\system-navigation-corrected.spec.ts" time="3.161">
<system-out>
<![CDATA[✅ wondernails: Main navigation validated successfully
✅ nom-nom: Main navigation validated successfully
]]>
</system-out>
</testcase>
<testcase name="System Navigation (CORRECTED) › should maintain navigation context across page loads" classname="navigation\system-navigation-corrected.spec.ts" time="3.303">
</testcase>
<testcase name="System Navigation (CORRECTED) › should handle breadcrumb navigation correctly" classname="navigation\system-navigation-corrected.spec.ts" time="3.259">
</testcase>
<testcase name="System Navigation (CORRECTED) › should handle mobile navigation correctly" classname="navigation\system-navigation-corrected.spec.ts" time="3.227">
</testcase>
<testcase name="System Navigation (CORRECTED) › should handle keyboard navigation correctly" classname="navigation\system-navigation-corrected.spec.ts" time="4.687">
<system-out>
<![CDATA[✅ wondernails: Keyboard navigation works correctly
✅ nom-nom: Keyboard navigation works correctly
]]>
</system-out>
</testcase>
<testcase name="System Navigation (CORRECTED) › should handle navigation errors gracefully" classname="navigation\system-navigation-corrected.spec.ts" time="6.8">
<system-out>
<![CDATA[✅ wondernails: Navigation errors handled gracefully
✅ nom-nom: Navigation errors handled gracefully
]]>
</system-out>
</testcase>
</testsuite>
<testsuite name="navigation\user-menu-corrected.spec.ts" timestamp="2025-10-29T19:08:05.826Z" hostname="webkit" tests="5" failures="0" skipped="0" time="21.112" errors="0">
<testcase name="User Menu Navigation (CORRECTED) › should display user menu with correct navigation options" classname="navigation\user-menu-corrected.spec.ts" time="4.201">
</testcase>
<testcase name="User Menu Navigation (CORRECTED) › should navigate to profile page correctly" classname="navigation\user-menu-corrected.spec.ts" time="4.967">
</testcase>
<testcase name="User Menu Navigation (CORRECTED) › should navigate to orders page correctly" classname="navigation\user-menu-corrected.spec.ts" time="4.243">
</testcase>
<testcase name="User Menu Navigation (CORRECTED) › should handle logout correctly" classname="navigation\user-menu-corrected.spec.ts" time="4.095">
</testcase>
<testcase name="User Menu Navigation (CORRECTED) › should show admin options for admin users" classname="navigation\user-menu-corrected.spec.ts" time="3.606">
</testcase>
</testsuite>
<testsuite name="performance\core-web-vitals.spec.ts" timestamp="2025-10-29T19:08:05.826Z" hostname="webkit" tests="9" failures="3" skipped="0" time="49.557" errors="0">
<testcase name="Performance Tests - Core Web Vitals › Page load times should meet targets" classname="performance\core-web-vitals.spec.ts" time="15.518">
<system-out>
<![CDATA[✓ wondernails: Load time 1644ms, FCP nullms
✓ nom-nom: Load time 1630ms, FCP nullms
✓ delirios: Load time 1408ms, FCP nullms
✓ zo-system: Load time 1577ms, FCP nullms
]]>
</system-out>
</testcase>
<testcase name="Performance Tests - Core Web Vitals › Bundle size should be under 250KB" classname="performance\core-web-vitals.spec.ts" time="2.895">
<failure message="core-web-vitals.spec.ts:49:7 Bundle size should be under 250KB" type="FAILURE">
<![CDATA[  [webkit] › performance\core-web-vitals.spec.ts:49:7 › Performance Tests - Core Web Vitals › Bundle size should be under 250KB 

    Error: expect(received).toBeLessThan(expected)

    Expected: < 250000
    Received:   1700181

      91 |
      92 |       // Should be under 250KB (250,000 bytes)
    > 93 |       expect(totalBundleSize).toBeLessThan(250000);
         |                               ^
      94 |
      95 |       console.log(`✓ ${tenant}: Bundle size ${Math.round(totalBundleSize / 1024)}KB (JS: ${Math.round(totalJSSize / 1024)}KB, CSS: ${Math.round(totalCSSSize / 1024)}KB)`);
      96 |     }
        at C:\Dev\Zo\sass-store\tests\e2e\performance\core-web-vitals.spec.ts:93:31

    attachment #1: screenshot (image/png) ──────────────────────────────────────────────────────────
    ..\..\test-results\performance-core-web-vital-a0c8c--size-should-be-under-250KB-webkit\test-failed-1.png
    ────────────────────────────────────────────────────────────────────────────────────────────────

    attachment #2: video (video/webm) ──────────────────────────────────────────────────────────────
    ..\..\test-results\performance-core-web-vital-a0c8c--size-should-be-under-250KB-webkit\video.webm
    ────────────────────────────────────────────────────────────────────────────────────────────────

    Error Context: ..\..\test-results\performance-core-web-vital-a0c8c--size-should-be-under-250KB-webkit\error-context.md
]]>
</failure>
<system-out>
<![CDATA[
[[ATTACHMENT|performance-core-web-vital-a0c8c--size-should-be-under-250KB-webkit\test-failed-1.png]]

[[ATTACHMENT|performance-core-web-vital-a0c8c--size-should-be-under-250KB-webkit\video.webm]]

[[ATTACHMENT|performance-core-web-vital-a0c8c--size-should-be-under-250KB-webkit\error-context.md]]
]]>
</system-out>
</testcase>
<testcase name="Performance Tests - Core Web Vitals › Core Web Vitals should meet targets" classname="performance\core-web-vitals.spec.ts" time="10.18">
<system-out>
<![CDATA[✓ wondernails: LCP undefinedms, FID N/Ams, CLS N/A
✓ nom-nom: LCP undefinedms, FID N/Ams, CLS N/A
]]>
</system-out>
</testcase>
<testcase name="Performance Tests - Core Web Vitals › Image optimization should be working" classname="performance\core-web-vitals.spec.ts" time="4.105">
<system-out>
<![CDATA[✓ wondernails: 0/0 images optimized (NaN%)
✓ nom-nom: 0/0 images optimized (NaN%)
]]>
</system-out>
</testcase>
<testcase name="Performance Tests - Core Web Vitals › Caching headers should be set properly" classname="performance\core-web-vitals.spec.ts" time="2.834">
<failure message="core-web-vitals.spec.ts:228:7 Caching headers should be set properly" type="FAILURE">
<![CDATA[  [webkit] › performance\core-web-vitals.spec.ts:228:7 › Performance Tests - Core Web Vitals › Caching headers should be set properly 

    Error: expect(received).toMatch(expected)

    Expected pattern: /max-age=\d+/
    Received string:  "no-store, must-revalidate"

      256 |       // Static assets should have long cache times
      257 |       if (resource.url.includes('/_next/static/')) {
    > 258 |         expect(cacheControl).toMatch(/max-age=\d+/);
          |                              ^
      259 |         const maxAge = parseInt(cacheControl.match(/max-age=(\d+)/)?.[1] || '0');
      260 |         expect(maxAge).toBeGreaterThan(86400); // At least 1 day
      261 |       }
        at C:\Dev\Zo\sass-store\tests\e2e\performance\core-web-vitals.spec.ts:258:30

    attachment #1: screenshot (image/png) ──────────────────────────────────────────────────────────
    ..\..\test-results\performance-core-web-vital-0f8c4-ders-should-be-set-properly-webkit\test-failed-1.png
    ────────────────────────────────────────────────────────────────────────────────────────────────

    attachment #2: video (video/webm) ──────────────────────────────────────────────────────────────
    ..\..\test-results\performance-core-web-vital-0f8c4-ders-should-be-set-properly-webkit\video.webm
    ────────────────────────────────────────────────────────────────────────────────────────────────

    Error Context: ..\..\test-results\performance-core-web-vital-0f8c4-ders-should-be-set-properly-webkit\error-context.md
]]>
</failure>
<system-out>
<![CDATA[
[[ATTACHMENT|performance-core-web-vital-0f8c4-ders-should-be-set-properly-webkit\test-failed-1.png]]

[[ATTACHMENT|performance-core-web-vital-0f8c4-ders-should-be-set-properly-webkit\video.webm]]

[[ATTACHMENT|performance-core-web-vital-0f8c4-ders-should-be-set-properly-webkit\error-context.md]]
]]>
</system-out>
</testcase>
<testcase name="Performance Tests - Core Web Vitals › JavaScript execution should be efficient" classname="performance\core-web-vitals.spec.ts" time="2.424">
<system-out>
<![CDATA[✓ wondernails: JS execution 3.00ms, 0 long tasks
✓ nom-nom: JS execution 0.00ms, 0 long tasks
]]>
</system-out>
</testcase>
<testcase name="Performance Tests - Core Web Vitals › Memory usage should be reasonable" classname="performance\core-web-vitals.spec.ts" time="5.714">
</testcase>
<testcase name="Performance Tests - Core Web Vitals › Network requests should be optimized" classname="performance\core-web-vitals.spec.ts" time="2.647">
<system-out>
<![CDATA[✓ Network: 9 requests, 0 slow, 0 large files
]]>
</system-out>
</testcase>
<testcase name="Performance Tests - Core Web Vitals › Progressive loading should work" classname="performance\core-web-vitals.spec.ts" time="3.24">
<failure message="core-web-vitals.spec.ts:388:7 Progressive loading should work" type="FAILURE">
<![CDATA[  [webkit] › performance\core-web-vitals.spec.ts:388:7 › Performance Tests - Core Web Vitals › Progressive loading should work 

    Error: expect(locator).toBeVisible() failed

    Locator: locator('h1, .hero, .main-content').first()
    Expected: visible
    Timeout: 1000ms
    Error: element(s) not found

    Call log:
      - Expect "toBeVisible" with timeout 1000ms
      - waiting for locator('h1, .hero, .main-content').first()


      391 |     // Check if critical content loads first
      392 |     const criticalContent = page.locator('h1, .hero, .main-content').first();
    > 393 |     await expect(criticalContent).toBeVisible({ timeout: 1000 });
          |                                   ^
      394 |
      395 |     // Secondary content can load later
      396 |     const secondaryContent = page.locator('.secondary, .footer, .sidebar');
        at C:\Dev\Zo\sass-store\tests\e2e\performance\core-web-vitals.spec.ts:393:35

    attachment #1: screenshot (image/png) ──────────────────────────────────────────────────────────
    ..\..\test-results\performance-core-web-vital-ba6c3-ressive-loading-should-work-webkit\test-failed-1.png
    ────────────────────────────────────────────────────────────────────────────────────────────────

    attachment #2: video (video/webm) ──────────────────────────────────────────────────────────────
    ..\..\test-results\performance-core-web-vital-ba6c3-ressive-loading-should-work-webkit\video.webm
    ────────────────────────────────────────────────────────────────────────────────────────────────

    Error Context: ..\..\test-results\performance-core-web-vital-ba6c3-ressive-loading-should-work-webkit\error-context.md
]]>
</failure>
<system-out>
<![CDATA[
[[ATTACHMENT|performance-core-web-vital-ba6c3-ressive-loading-should-work-webkit\test-failed-1.png]]

[[ATTACHMENT|performance-core-web-vital-ba6c3-ressive-loading-should-work-webkit\video.webm]]

[[ATTACHMENT|performance-core-web-vital-ba6c3-ressive-loading-should-work-webkit\error-context.md]]
]]>
</system-out>
</testcase>
</testsuite>
<testsuite name="performance\mobile-performance-budget.spec.ts" timestamp="2025-10-29T19:08:05.826Z" hostname="webkit" tests="12" failures="3" skipped="0" time="86.887" errors="0">
<testcase name="Mobile Performance Budget › should meet mobile LCP budget of &lt;3s" classname="performance\mobile-performance-budget.spec.ts" time="60.639">
<failure message="mobile-performance-budget.spec.ts:10:7 should meet mobile LCP budget of &lt;3s" type="FAILURE">
<![CDATA[  [webkit] › performance\mobile-performance-budget.spec.ts:10:7 › Mobile Performance Budget › should meet mobile LCP budget of <3s 

    Test timeout of 60000ms exceeded.

    Error: page.evaluate: Test timeout of 60000ms exceeded.

      12 |
      13 |     // Measure Largest Contentful Paint
    > 14 |     const lcpValue = await page.evaluate(() => {
         |                                 ^
      15 |       return new Promise<number>((resolve) => {
      16 |         new PerformanceObserver((list) => {
      17 |           const entries = list.getEntries();
        at C:\Dev\Zo\sass-store\tests\e2e\performance\mobile-performance-budget.spec.ts:14:33

    attachment #1: screenshot (image/png) ──────────────────────────────────────────────────────────
    ..\..\test-results\performance-mobile-perform-7f5b7-eet-mobile-LCP-budget-of-3s-webkit\test-failed-1.png
    ────────────────────────────────────────────────────────────────────────────────────────────────

    attachment #2: video (video/webm) ──────────────────────────────────────────────────────────────
    ..\..\test-results\performance-mobile-perform-7f5b7-eet-mobile-LCP-budget-of-3s-webkit\video.webm
    ────────────────────────────────────────────────────────────────────────────────────────────────

    Error Context: ..\..\test-results\performance-mobile-perform-7f5b7-eet-mobile-LCP-budget-of-3s-webkit\error-context.md
]]>
</failure>
<system-out>
<![CDATA[
[[ATTACHMENT|performance-mobile-perform-7f5b7-eet-mobile-LCP-budget-of-3s-webkit\test-failed-1.png]]

[[ATTACHMENT|performance-mobile-perform-7f5b7-eet-mobile-LCP-budget-of-3s-webkit\video.webm]]

[[ATTACHMENT|performance-mobile-perform-7f5b7-eet-mobile-LCP-budget-of-3s-webkit\error-context.md]]
]]>
</system-out>
</testcase>
<testcase name="Mobile Performance Budget › should meet mobile FCP budget of &lt;2s" classname="performance\mobile-performance-budget.spec.ts" time="2.226">
<system-out>
<![CDATA[Mobile FCP: 1073ms
]]>
</system-out>
</testcase>
<testcase name="Mobile Performance Budget › should meet mobile TTFB budget of &lt;1s" classname="performance\mobile-performance-budget.spec.ts" time="1.568">
<system-out>
<![CDATA[Mobile TTFB: 48ms
]]>
</system-out>
</testcase>
<testcase name="Mobile Performance Budget › should load efficiently on 3G network" classname="performance\mobile-performance-budget.spec.ts" time="2.705">
<system-out>
<![CDATA[3G Load Time: 1931ms
]]>
</system-out>
</testcase>
<testcase name="Mobile Performance Budget › should serve appropriately sized images for mobile" classname="performance\mobile-performance-budget.spec.ts" time="1.478">
</testcase>
<testcase name="Mobile Performance Budget › should minimize JavaScript execution time" classname="performance\mobile-performance-budget.spec.ts" time="1.435">
<system-out>
<![CDATA[Total JS Execution Time: 0ms
]]>
</system-out>
</testcase>
<testcase name="Mobile Performance Budget › should lazy load below-the-fold content" classname="performance\mobile-performance-budget.spec.ts" time="1.65">
<failure message="mobile-performance-budget.spec.ts:133:7 should lazy load below-the-fold content" type="FAILURE">
<![CDATA[  [webkit] › performance\mobile-performance-budget.spec.ts:133:7 › Mobile Performance Budget › should lazy load below-the-fold content 

    Error: expect(received).toBeGreaterThan(expected)

    Expected: > 0
    Received:   0

      150 |
      151 |     // At least some images should be lazy loaded
    > 152 |     expect(lazyLoadedCount).toBeGreaterThan(0);
          |                             ^
      153 |     console.log(`Lazy loaded images: ${lazyLoadedCount}/${imageCount}`);
      154 |   });
      155 |
        at C:\Dev\Zo\sass-store\tests\e2e\performance\mobile-performance-budget.spec.ts:152:29

    attachment #1: screenshot (image/png) ──────────────────────────────────────────────────────────
    ..\..\test-results\performance-mobile-perform-18942-load-below-the-fold-content-webkit\test-failed-1.png
    ────────────────────────────────────────────────────────────────────────────────────────────────

    attachment #2: video (video/webm) ──────────────────────────────────────────────────────────────
    ..\..\test-results\performance-mobile-perform-18942-load-below-the-fold-content-webkit\video.webm
    ────────────────────────────────────────────────────────────────────────────────────────────────

    Error Context: ..\..\test-results\performance-mobile-perform-18942-load-below-the-fold-content-webkit\error-context.md
]]>
</failure>
<system-out>
<![CDATA[
[[ATTACHMENT|performance-mobile-perform-18942-load-below-the-fold-content-webkit\test-failed-1.png]]

[[ATTACHMENT|performance-mobile-perform-18942-load-below-the-fold-content-webkit\video.webm]]

[[ATTACHMENT|performance-mobile-perform-18942-load-below-the-fold-content-webkit\error-context.md]]
]]>
</system-out>
</testcase>
<testcase name="Mobile Performance Budget › should use efficient caching for mobile" classname="performance\mobile-performance-budget.spec.ts" time="3.953">
<failure message="mobile-performance-budget.spec.ts:156:7 should use efficient caching for mobile" type="FAILURE">
<![CDATA[  [webkit] › performance\mobile-performance-budget.spec.ts:156:7 › Mobile Performance Budget › should use efficient caching for mobile 

    Error: expect(received).toBeLessThan(expected)

    Expected: < 1000
    Received:   1543

      166 |
      167 |     // Second load should be significantly faster (cached)
    > 168 |     expect(secondLoadTime).toBeLessThan(1000);
          |                            ^
      169 |     console.log(`Cached Load Time: ${secondLoadTime}ms`);
      170 |   });
      171 |
        at C:\Dev\Zo\sass-store\tests\e2e\performance\mobile-performance-budget.spec.ts:168:28

    attachment #1: screenshot (image/png) ──────────────────────────────────────────────────────────
    ..\..\test-results\performance-mobile-perform-70dc8-fficient-caching-for-mobile-webkit\test-failed-1.png
    ────────────────────────────────────────────────────────────────────────────────────────────────

    attachment #2: video (video/webm) ──────────────────────────────────────────────────────────────
    ..\..\test-results\performance-mobile-perform-70dc8-fficient-caching-for-mobile-webkit\video.webm
    ────────────────────────────────────────────────────────────────────────────────────────────────

    Error Context: ..\..\test-results\performance-mobile-perform-70dc8-fficient-caching-for-mobile-webkit\error-context.md
]]>
</failure>
<system-out>
<![CDATA[
[[ATTACHMENT|performance-mobile-perform-70dc8-fficient-caching-for-mobile-webkit\test-failed-1.png]]

[[ATTACHMENT|performance-mobile-perform-70dc8-fficient-caching-for-mobile-webkit\video.webm]]

[[ATTACHMENT|performance-mobile-perform-70dc8-fficient-caching-for-mobile-webkit\error-context.md]]
]]>
</system-out>
</testcase>
<testcase name="Mobile Performance Budget › should minimize layout shifts on mobile" classname="performance\mobile-performance-budget.spec.ts" time="5.036">
<system-out>
<![CDATA[Mobile CLS: 0
]]>
</system-out>
</testcase>
<testcase name="Mobile Performance Budget › should optimize font loading for mobile" classname="performance\mobile-performance-budget.spec.ts" time="1.672">
<system-out>
<![CDATA[Fonts loaded: 0/0
]]>
</system-out>
</testcase>
<testcase name="Mobile Performance Budget › should meet mobile bundle size budget" classname="performance\mobile-performance-budget.spec.ts" time="2.721">
<system-out>
<![CDATA[Mobile Bundle Size - JS: 0.00KB, CSS: 0.00KB, Total: 0.00KB
]]>
</system-out>
</testcase>
<testcase name="Mobile Performance Budget › should prioritize critical rendering path on mobile" classname="performance\mobile-performance-budget.spec.ts" time="1.804">
<system-out>
<![CDATA[Has deferred stylesheets: false
]]>
</system-out>
</testcase>
</testsuite>
<testsuite name="performance.spec.ts" timestamp="2025-10-29T19:08:05.826Z" hostname="webkit" tests="5" failures="2" skipped="0" time="15.282" errors="0">
<testcase name="Performance Tests › Page load times should meet targets" classname="performance.spec.ts" time="5.293">
</testcase>
<testcase name="Performance Tests › Bundle size should be under 250KB" classname="performance.spec.ts" time="1.617">
<failure message="performance.spec.ts:30:7 Bundle size should be under 250KB" type="FAILURE">
<![CDATA[  [webkit] › performance.spec.ts:30:7 › Performance Tests › Bundle size should be under 250KB ──────

    Error: expect(received).toBeLessThan(expected)

    Expected: < 256000
    Received:   1700181

      62 |
      63 |     // Bundle size should be under 250KB (256000 bytes)
    > 64 |     expect(metrics.totalSize).toBeLessThan(256000);
         |                               ^
      65 |
      66 |     // JavaScript bundle should be reasonable
      67 |     expect(metrics.jsSize).toBeLessThan(200000); // 200KB max for JS
        at C:\Dev\Zo\sass-store\tests\e2e\performance.spec.ts:64:31

    attachment #1: screenshot (image/png) ──────────────────────────────────────────────────────────
    ..\..\test-results\performance-Performance-Te-ca441--size-should-be-under-250KB-webkit\test-failed-1.png
    ────────────────────────────────────────────────────────────────────────────────────────────────

    attachment #2: video (video/webm) ──────────────────────────────────────────────────────────────
    ..\..\test-results\performance-Performance-Te-ca441--size-should-be-under-250KB-webkit\video.webm
    ────────────────────────────────────────────────────────────────────────────────────────────────

    Error Context: ..\..\test-results\performance-Performance-Te-ca441--size-should-be-under-250KB-webkit\error-context.md
]]>
</failure>
<system-out>
<![CDATA[
[[ATTACHMENT|performance-Performance-Te-ca441--size-should-be-under-250KB-webkit\test-failed-1.png]]

[[ATTACHMENT|performance-Performance-Te-ca441--size-should-be-under-250KB-webkit\video.webm]]

[[ATTACHMENT|performance-Performance-Te-ca441--size-should-be-under-250KB-webkit\error-context.md]]
]]>
</system-out>
</testcase>
<testcase name="Performance Tests › Core Web Vitals should meet targets" classname="performance.spec.ts" time="4.674">
<system-out>
<![CDATA[Core Web Vitals: { lcp: [33m0[39m, fcp: [33m1109[39m, cls: [33m0[39m }
]]>
</system-out>
</testcase>
<testcase name="Performance Tests › Image optimization should be working" classname="performance.spec.ts" time="1.536">
</testcase>
<testcase name="Performance Tests › Caching headers should be set properly" classname="performance.spec.ts" time="2.162">
<failure message="performance.spec.ts:151:7 Caching headers should be set properly" type="FAILURE">
<![CDATA[  [webkit] › performance.spec.ts:151:7 › Performance Tests › Caching headers should be set properly 

    Error: expect(received).toContain(expected) // indexOf

    Matcher error: received value must not be null nor undefined

    Received has value: undefined

      171 |         const staticCacheControl = resp.headers()['cache-control'];
      172 |         // Static assets should have long cache times
    > 173 |         expect(staticCacheControl).toContain('max-age');
          |                                    ^
      174 |       }
      175 |     }
      176 |   });
        at C:\Dev\Zo\sass-store\tests\e2e\performance.spec.ts:173:36

    attachment #1: screenshot (image/png) ──────────────────────────────────────────────────────────
    ..\..\test-results\performance-Performance-Te-779ef-ders-should-be-set-properly-webkit\test-failed-1.png
    ────────────────────────────────────────────────────────────────────────────────────────────────

    attachment #2: video (video/webm) ──────────────────────────────────────────────────────────────
    ..\..\test-results\performance-Performance-Te-779ef-ders-should-be-set-properly-webkit\video.webm
    ────────────────────────────────────────────────────────────────────────────────────────────────

    Error Context: ..\..\test-results\performance-Performance-Te-779ef-ders-should-be-set-properly-webkit\error-context.md
]]>
</failure>
<system-out>
<![CDATA[
[[ATTACHMENT|performance-Performance-Te-779ef-ders-should-be-set-properly-webkit\test-failed-1.png]]

[[ATTACHMENT|performance-Performance-Te-779ef-ders-should-be-set-properly-webkit\video.webm]]

[[ATTACHMENT|performance-Performance-Te-779ef-ders-should-be-set-properly-webkit\error-context.md]]
]]>
</system-out>
</testcase>
</testsuite>
<testsuite name="purchase\bundle-and-gift-flows.spec.ts" timestamp="2025-10-29T19:08:05.826Z" hostname="webkit" tests="6" failures="1" skipped="0" time="33.512" errors="0">
<testcase name="Bundle Purchase with Cross-Sell - 3 Click Budget › should complete bundle purchase with cross-sell in 3 clicks" classname="purchase\bundle-and-gift-flows.spec.ts" time="2.516">
</testcase>
<testcase name="Bundle Purchase with Cross-Sell - 3 Click Budget › should show bundle savings and item breakdown" classname="purchase\bundle-and-gift-flows.spec.ts" time="5.622">
</testcase>
<testcase name="Gift Purchase Flow - 3 Click Budget › should complete gift purchase with gift options in 3 clicks" classname="purchase\bundle-and-gift-flows.spec.ts" time="2.796">
</testcase>
<testcase name="Gift Purchase Flow - 3 Click Budget › should allow custom gift message" classname="purchase\bundle-and-gift-flows.spec.ts" time="19.364">
<failure message="bundle-and-gift-flows.spec.ts:175:7 should allow custom gift message" type="FAILURE">
<![CDATA[  [webkit] › purchase\bundle-and-gift-flows.spec.ts:175:7 › Gift Purchase Flow - 3 Click Budget › should allow custom gift message 

    TimeoutError: locator.click: Timeout 15000ms exceeded.
    Call log:
      - waiting for locator('[data-testid="product-card"]').first()


      178 |     // Find a product and add as gift
      179 |     const firstProduct = page.locator('[data-testid="product-card"]').first();
    > 180 |     await firstProduct.click();
          |                        ^
      181 |
      182 |     const giftOption = page.locator('[data-testid="gift-option"], input[type="checkbox"][name*="gift"]');
      183 |     if (await giftOption.isVisible()) {
        at C:\Dev\Zo\sass-store\tests\e2e\purchase\bundle-and-gift-flows.spec.ts:180:24

    attachment #1: screenshot (image/png) ──────────────────────────────────────────────────────────
    ..\..\test-results\purchase-bundle-and-gift-f-8d635-d-allow-custom-gift-message-webkit\test-failed-1.png
    ────────────────────────────────────────────────────────────────────────────────────────────────

    attachment #2: video (video/webm) ──────────────────────────────────────────────────────────────
    ..\..\test-results\purchase-bundle-and-gift-f-8d635-d-allow-custom-gift-message-webkit\video.webm
    ────────────────────────────────────────────────────────────────────────────────────────────────

    Error Context: ..\..\test-results\purchase-bundle-and-gift-f-8d635-d-allow-custom-gift-message-webkit\error-context.md
]]>
</failure>
<system-out>
<![CDATA[
[[ATTACHMENT|purchase-bundle-and-gift-f-8d635-d-allow-custom-gift-message-webkit\test-failed-1.png]]

[[ATTACHMENT|purchase-bundle-and-gift-f-8d635-d-allow-custom-gift-message-webkit\video.webm]]

[[ATTACHMENT|purchase-bundle-and-gift-f-8d635-d-allow-custom-gift-message-webkit\error-context.md]]
]]>
</system-out>
</testcase>
<testcase name="Gift Purchase Flow - 3 Click Budget › should show gift pricing with wrap costs" classname="purchase\bundle-and-gift-flows.spec.ts" time="1.628">
</testcase>
<testcase name="Gift Purchase Flow - 3 Click Budget › should support scheduling gift delivery" classname="purchase\bundle-and-gift-flows.spec.ts" time="1.586">
</testcase>
</testsuite>
<testsuite name="quotas\cost-guards.spec.ts" timestamp="2025-10-29T19:08:05.826Z" hostname="webkit" tests="8" failures="7" skipped="0" time="64.794" errors="0">
<testcase name="Quotas and Cost Guards E2E Tests › Eco Mode (50% budget) - Reduced features and quality" classname="quotas\cost-guards.spec.ts" time="7.939">
<failure message="cost-guards.spec.ts:14:7 Eco Mode (50% budget) - Reduced features and quality" type="FAILURE">
<![CDATA[  [webkit] › quotas\cost-guards.spec.ts:14:7 › Quotas and Cost Guards E2E Tests › Eco Mode (50% budget) - Reduced features and quality 

    Error: expect(locator).toBeVisible() failed

    Locator: locator('[data-testid="eco-mode-banner"]')
    Expected: visible
    Timeout: 5000ms
    Error: element(s) not found

    Call log:
      - Expect "toBeVisible" with timeout 5000ms
      - waiting for locator('[data-testid="eco-mode-banner"]')


      38 |
      39 |       // Verify eco mode banner is displayed
    > 40 |       await expect(page.locator('[data-testid="eco-mode-banner"]')).toBeVisible();
         |                                                                     ^
      41 |       await expect(page.locator('[data-testid="eco-mode-banner"]')).toContainText('Eco Mode');
      42 |
      43 |       // Verify reduced image quality (requirement: 1 imagen en eco)
        at C:\Dev\Zo\sass-store\tests\e2e\quotas\cost-guards.spec.ts:40:69

    attachment #1: screenshot (image/png) ──────────────────────────────────────────────────────────
    ..\..\test-results\quotas-cost-guards-Quotas--0b9f0-educed-features-and-quality-webkit\test-failed-1.png
    ────────────────────────────────────────────────────────────────────────────────────────────────

    attachment #2: video (video/webm) ──────────────────────────────────────────────────────────────
    ..\..\test-results\quotas-cost-guards-Quotas--0b9f0-educed-features-and-quality-webkit\video.webm
    ────────────────────────────────────────────────────────────────────────────────────────────────

    Error Context: ..\..\test-results\quotas-cost-guards-Quotas--0b9f0-educed-features-and-quality-webkit\error-context.md
]]>
</failure>
<system-out>
<![CDATA[
[[ATTACHMENT|quotas-cost-guards-Quotas--0b9f0-educed-features-and-quality-webkit\test-failed-1.png]]

[[ATTACHMENT|quotas-cost-guards-Quotas--0b9f0-educed-features-and-quality-webkit\video.webm]]

[[ATTACHMENT|quotas-cost-guards-Quotas--0b9f0-educed-features-and-quality-webkit\error-context.md]]
]]>
</system-out>
</testcase>
<testcase name="Quotas and Cost Guards E2E Tests › Warning Mode (80% budget) - Usage notifications" classname="quotas\cost-guards.spec.ts" time="12.595">
<failure message="cost-guards.spec.ts:79:7 Warning Mode (80% budget) - Usage notifications" type="FAILURE">
<![CDATA[  [webkit] › quotas\cost-guards.spec.ts:79:7 › Quotas and Cost Guards E2E Tests › Warning Mode (80% budget) - Usage notifications 

    Error: expect(locator).toBeVisible() failed

    Locator: locator('[data-testid="warning-banner"]')
    Expected: visible
    Timeout: 5000ms
    Error: element(s) not found

    Call log:
      - Expect "toBeVisible" with timeout 5000ms
      - waiting for locator('[data-testid="warning-banner"]')


      103 |
      104 |       // Verify warning banner is displayed
    > 105 |       await expect(page.locator('[data-testid="warning-banner"]')).toBeVisible();
          |                                                                    ^
      106 |       await expect(page.locator('[data-testid="warning-banner"]')).toContainText('80%');
      107 |
      108 |       // Verify usage notifications
        at C:\Dev\Zo\sass-store\tests\e2e\quotas\cost-guards.spec.ts:105:68

    attachment #1: screenshot (image/png) ──────────────────────────────────────────────────────────
    ..\..\test-results\quotas-cost-guards-Quotas--a7f43-udget---Usage-notifications-webkit\test-failed-1.png
    ────────────────────────────────────────────────────────────────────────────────────────────────

    attachment #2: video (video/webm) ──────────────────────────────────────────────────────────────
    ..\..\test-results\quotas-cost-guards-Quotas--a7f43-udget---Usage-notifications-webkit\video.webm
    ────────────────────────────────────────────────────────────────────────────────────────────────

    Error Context: ..\..\test-results\quotas-cost-guards-Quotas--a7f43-udget---Usage-notifications-webkit\error-context.md
]]>
</failure>
<system-out>
<![CDATA[
[[ATTACHMENT|quotas-cost-guards-Quotas--a7f43-udget---Usage-notifications-webkit\test-failed-1.png]]

[[ATTACHMENT|quotas-cost-guards-Quotas--a7f43-udget---Usage-notifications-webkit\video.webm]]

[[ATTACHMENT|quotas-cost-guards-Quotas--a7f43-udget---Usage-notifications-webkit\error-context.md]]
]]>
</system-out>
</testcase>
<testcase name="Quotas and Cost Guards E2E Tests › Freeze Mode (90% budget) - Write operations disabled" classname="quotas\cost-guards.spec.ts" time="11.843">
<failure message="cost-guards.spec.ts:130:7 Freeze Mode (90% budget) - Write operations disabled" type="FAILURE">
<![CDATA[  [webkit] › quotas\cost-guards.spec.ts:130:7 › Quotas and Cost Guards E2E Tests › Freeze Mode (90% budget) - Write operations disabled 

    Error: expect(locator).toBeVisible() failed

    Locator: locator('[data-testid="freeze-banner"]')
    Expected: visible
    Timeout: 5000ms
    Error: element(s) not found

    Call log:
      - Expect "toBeVisible" with timeout 5000ms
      - waiting for locator('[data-testid="freeze-banner"]')


      154 |
      155 |       // Verify freeze mode banner
    > 156 |       await expect(page.locator('[data-testid="freeze-banner"]')).toBeVisible();
          |                                                                   ^
      157 |       await expect(page.locator('[data-testid="freeze-banner"]')).toContainText('read-only');
      158 |
      159 |       // Verify write operations are disabled
        at C:\Dev\Zo\sass-store\tests\e2e\quotas\cost-guards.spec.ts:156:67

    attachment #1: screenshot (image/png) ──────────────────────────────────────────────────────────
    ..\..\test-results\quotas-cost-guards-Quotas--b802f---Write-operations-disabled-webkit\test-failed-1.png
    ────────────────────────────────────────────────────────────────────────────────────────────────

    attachment #2: video (video/webm) ──────────────────────────────────────────────────────────────
    ..\..\test-results\quotas-cost-guards-Quotas--b802f---Write-operations-disabled-webkit\video.webm
    ────────────────────────────────────────────────────────────────────────────────────────────────

    Error Context: ..\..\test-results\quotas-cost-guards-Quotas--b802f---Write-operations-disabled-webkit\error-context.md
]]>
</failure>
<system-out>
<![CDATA[
[[ATTACHMENT|quotas-cost-guards-Quotas--b802f---Write-operations-disabled-webkit\test-failed-1.png]]

[[ATTACHMENT|quotas-cost-guards-Quotas--b802f---Write-operations-disabled-webkit\video.webm]]

[[ATTACHMENT|quotas-cost-guards-Quotas--b802f---Write-operations-disabled-webkit\error-context.md]]
]]>
</system-out>
</testcase>
<testcase name="Quotas and Cost Guards E2E Tests › Kill Switch (100% budget) - Service unavailable" classname="quotas\cost-guards.spec.ts" time="9.983">
<failure message="cost-guards.spec.ts:196:7 Kill Switch (100% budget) - Service unavailable" type="FAILURE">
<![CDATA[  [webkit] › quotas\cost-guards.spec.ts:196:7 › Quotas and Cost Guards E2E Tests › Kill Switch (100% budget) - Service unavailable 

    Error: expect(locator).toBeVisible() failed

    Locator: locator('[data-testid="maintenance-mode"]')
    Expected: visible
    Timeout: 5000ms
    Error: element(s) not found

    Call log:
      - Expect "toBeVisible" with timeout 5000ms
      - waiting for locator('[data-testid="maintenance-mode"]')


      212 |
      213 |       // Verify maintenance mode is displayed
    > 214 |       await expect(page.locator('[data-testid="maintenance-mode"]')).toBeVisible();
          |                                                                      ^
      215 |       await expect(page.locator('[data-testid="maintenance-message"]')).toContainText('temporarily unavailable');
      216 |
      217 |       // Verify normal content is not accessible
        at C:\Dev\Zo\sass-store\tests\e2e\quotas\cost-guards.spec.ts:214:70

    attachment #1: screenshot (image/png) ──────────────────────────────────────────────────────────
    ..\..\test-results\quotas-cost-guards-Quotas--a40ea-udget---Service-unavailable-webkit\test-failed-1.png
    ────────────────────────────────────────────────────────────────────────────────────────────────

    attachment #2: video (video/webm) ──────────────────────────────────────────────────────────────
    ..\..\test-results\quotas-cost-guards-Quotas--a40ea-udget---Service-unavailable-webkit\video.webm
    ────────────────────────────────────────────────────────────────────────────────────────────────

    Error Context: ..\..\test-results\quotas-cost-guards-Quotas--a40ea-udget---Service-unavailable-webkit\error-context.md
]]>
</failure>
<system-out>
<![CDATA[
[[ATTACHMENT|quotas-cost-guards-Quotas--a40ea-udget---Service-unavailable-webkit\test-failed-1.png]]

[[ATTACHMENT|quotas-cost-guards-Quotas--a40ea-udget---Service-unavailable-webkit\video.webm]]

[[ATTACHMENT|quotas-cost-guards-Quotas--a40ea-udget---Service-unavailable-webkit\error-context.md]]
]]>
</system-out>
</testcase>
<testcase name="Quotas and Cost Guards E2E Tests › Quota API - 429 responses with retry headers" classname="quotas\cost-guards.spec.ts" time="3.807">
<system-out>
<![CDATA[✅ API rate limiting with proper 429 responses
]]>
</system-out>
</testcase>
<testcase name="Quotas and Cost Guards E2E Tests › Resource Limits - Storage, API calls, connections" classname="quotas\cost-guards.spec.ts" time="3.184">
<failure message="cost-guards.spec.ts:274:7 Resource Limits - Storage, API calls, connections" type="FAILURE">
<![CDATA[  [webkit] › quotas\cost-guards.spec.ts:274:7 › Quotas and Cost Guards E2E Tests › Resource Limits - Storage, API calls, connections 

    Error: expect(received).toBeGreaterThan(expected)

    Expected: > 0
    Received:   0

      314 |
      315 |     // Should have some rate limiting at high request volumes
    > 316 |     expect(rateLimited.length).toBeGreaterThan(0);
          |                                ^
      317 |
      318 |     console.log(`✅ Resource limits properly enforced`);
      319 |   });
        at C:\Dev\Zo\sass-store\tests\e2e\quotas\cost-guards.spec.ts:316:32

    attachment #1: screenshot (image/png) ──────────────────────────────────────────────────────────
    ..\..\test-results\quotas-cost-guards-Quotas--833cb-orage-API-calls-connections-webkit\test-failed-1.png
    ────────────────────────────────────────────────────────────────────────────────────────────────

    attachment #2: video (video/webm) ──────────────────────────────────────────────────────────────
    ..\..\test-results\quotas-cost-guards-Quotas--833cb-orage-API-calls-connections-webkit\video.webm
    ────────────────────────────────────────────────────────────────────────────────────────────────
]]>
</failure>
<system-out>
<![CDATA[
[[ATTACHMENT|quotas-cost-guards-Quotas--833cb-orage-API-calls-connections-webkit\test-failed-1.png]]

[[ATTACHMENT|quotas-cost-guards-Quotas--833cb-orage-API-calls-connections-webkit\video.webm]]
]]>
</system-out>
</testcase>
<testcase name="Quotas and Cost Guards E2E Tests › Quota Recovery - Service restoration after limits reset" classname="quotas\cost-guards.spec.ts" time="8.046">
<failure message="cost-guards.spec.ts:321:7 Quota Recovery - Service restoration after limits reset" type="FAILURE">
<![CDATA[  [webkit] › quotas\cost-guards.spec.ts:321:7 › Quotas and Cost Guards E2E Tests › Quota Recovery - Service restoration after limits reset 

    Error: expect(locator).toBeVisible() failed

    Locator: locator('[data-testid="maintenance-mode"]')
    Expected: visible
    Timeout: 5000ms
    Error: element(s) not found

    Call log:
      - Expect "toBeVisible" with timeout 5000ms
      - waiting for locator('[data-testid="maintenance-mode"]')


      336 |
      337 |       await page.goto(`/t/${tenant}`);
    > 338 |       await expect(page.locator('[data-testid="maintenance-mode"]')).toBeVisible();
          |                                                                      ^
      339 |
      340 |       // Simulate quota reset (new billing cycle)
      341 |       await page.route('/api/v1/quota/status', route => {
        at C:\Dev\Zo\sass-store\tests\e2e\quotas\cost-guards.spec.ts:338:70

    attachment #1: screenshot (image/png) ──────────────────────────────────────────────────────────
    ..\..\test-results\quotas-cost-guards-Quotas--44100-toration-after-limits-reset-webkit\test-failed-1.png
    ────────────────────────────────────────────────────────────────────────────────────────────────

    attachment #2: video (video/webm) ──────────────────────────────────────────────────────────────
    ..\..\test-results\quotas-cost-guards-Quotas--44100-toration-after-limits-reset-webkit\video.webm
    ────────────────────────────────────────────────────────────────────────────────────────────────

    Error Context: ..\..\test-results\quotas-cost-guards-Quotas--44100-toration-after-limits-reset-webkit\error-context.md
]]>
</failure>
<system-out>
<![CDATA[
[[ATTACHMENT|quotas-cost-guards-Quotas--44100-toration-after-limits-reset-webkit\test-failed-1.png]]

[[ATTACHMENT|quotas-cost-guards-Quotas--44100-toration-after-limits-reset-webkit\video.webm]]

[[ATTACHMENT|quotas-cost-guards-Quotas--44100-toration-after-limits-reset-webkit\error-context.md]]
]]>
</system-out>
</testcase>
<testcase name="Quotas and Cost Guards E2E Tests › Budget Notifications - Progressive alerts" classname="quotas\cost-guards.spec.ts" time="7.397">
<failure message="cost-guards.spec.ts:366:7 Budget Notifications - Progressive alerts" type="FAILURE">
<![CDATA[  [webkit] › quotas\cost-guards.spec.ts:366:7 › Quotas and Cost Guards E2E Tests › Budget Notifications - Progressive alerts 

    Error: expect(locator).toBeVisible() failed

    Locator: locator('[data-testid="eco-mode-banner"]')
    Expected: visible
    Timeout: 5000ms
    Error: element(s) not found

    Call log:
      - Expect "toBeVisible" with timeout 5000ms
      - waiting for locator('[data-testid="eco-mode-banner"]')


      389 |
      390 |       // Verify appropriate banner is shown
    > 391 |       await expect(page.locator(`[data-testid="${level.banner}"]`)).toBeVisible();
          |                                                                     ^
      392 |
      393 |       console.log(`✅ Budget notification at ${level.usage}% working`);
      394 |     }
        at C:\Dev\Zo\sass-store\tests\e2e\quotas\cost-guards.spec.ts:391:69

    attachment #1: screenshot (image/png) ──────────────────────────────────────────────────────────
    ..\..\test-results\quotas-cost-guards-Quotas--adb94-ations---Progressive-alerts-webkit\test-failed-1.png
    ────────────────────────────────────────────────────────────────────────────────────────────────

    attachment #2: video (video/webm) ──────────────────────────────────────────────────────────────
    ..\..\test-results\quotas-cost-guards-Quotas--adb94-ations---Progressive-alerts-webkit\video.webm
    ────────────────────────────────────────────────────────────────────────────────────────────────

    Error Context: ..\..\test-results\quotas-cost-guards-Quotas--adb94-ations---Progressive-alerts-webkit\error-context.md
]]>
</failure>
<system-out>
<![CDATA[
[[ATTACHMENT|quotas-cost-guards-Quotas--adb94-ations---Progressive-alerts-webkit\test-failed-1.png]]

[[ATTACHMENT|quotas-cost-guards-Quotas--adb94-ations---Progressive-alerts-webkit\video.webm]]

[[ATTACHMENT|quotas-cost-guards-Quotas--adb94-ations---Progressive-alerts-webkit\error-context.md]]
]]>
</system-out>
</testcase>
</testsuite>
<testsuite name="reorder\smart-reorder.spec.ts" timestamp="2025-10-29T19:08:05.826Z" hostname="webkit" tests="6" failures="1" skipped="0" time="9.19" errors="0">
<testcase name="Smart Reorder with Substitutions - 1 Click Budget › should complete smart reorder with substitutions in 1 click" classname="reorder\smart-reorder.spec.ts" time="2.138">
<failure message="smart-reorder.spec.ts:9:7 should complete smart reorder with substitutions in 1 click" type="FAILURE">
<![CDATA[  [webkit] › reorder\smart-reorder.spec.ts:9:7 › Smart Reorder with Substitutions - 1 Click Budget › should complete smart reorder with substitutions in 1 click 

    Error: expect(received).toBe(expected) // Object.is equality

    Expected: 1
    Received: 0

      46 |     // Verify click budget met (exactly 1 click)
      47 |     const finalClickCount = await page.evaluate(() => (window as any).clickCount || 0);
    > 48 |     expect(finalClickCount).toBe(1);
         |                             ^
      49 |   });
      50 |
      51 |   test('should detect out-of-stock items and suggest alternatives', async ({ page }) => {
        at C:\Dev\Zo\sass-store\tests\e2e\reorder\smart-reorder.spec.ts:48:29

    attachment #1: screenshot (image/png) ──────────────────────────────────────────────────────────
    ..\..\test-results\reorder-smart-reorder-Smar-4cf96-th-substitutions-in-1-click-webkit\test-failed-1.png
    ────────────────────────────────────────────────────────────────────────────────────────────────

    attachment #2: video (video/webm) ──────────────────────────────────────────────────────────────
    ..\..\test-results\reorder-smart-reorder-Smar-4cf96-th-substitutions-in-1-click-webkit\video.webm
    ────────────────────────────────────────────────────────────────────────────────────────────────

    Error Context: ..\..\test-results\reorder-smart-reorder-Smar-4cf96-th-substitutions-in-1-click-webkit\error-context.md
]]>
</failure>
<system-out>
<![CDATA[
[[ATTACHMENT|reorder-smart-reorder-Smar-4cf96-th-substitutions-in-1-click-webkit\test-failed-1.png]]

[[ATTACHMENT|reorder-smart-reorder-Smar-4cf96-th-substitutions-in-1-click-webkit\video.webm]]

[[ATTACHMENT|reorder-smart-reorder-Smar-4cf96-th-substitutions-in-1-click-webkit\error-context.md]]
]]>
</system-out>
</testcase>
<testcase name="Smart Reorder with Substitutions - 1 Click Budget › should detect out-of-stock items and suggest alternatives" classname="reorder\smart-reorder.spec.ts" time="1.321">
</testcase>
<testcase name="Smart Reorder with Substitutions - 1 Click Budget › should apply smart substitution preferences" classname="reorder\smart-reorder.spec.ts" time="1.335">
</testcase>
<testcase name="Smart Reorder with Substitutions - 1 Click Budget › should show price comparison for substitutions" classname="reorder\smart-reorder.spec.ts" time="1.564">
</testcase>
<testcase name="Smart Reorder with Substitutions - 1 Click Budget › should handle complete inventory check before reorder" classname="reorder\smart-reorder.spec.ts" time="1.519">
</testcase>
<testcase name="Smart Reorder with Substitutions - 1 Click Budget › should maintain order history with substitution records" classname="reorder\smart-reorder.spec.ts" time="1.313">
</testcase>
</testsuite>
<testsuite name="reviews.spec.ts" timestamp="2025-10-29T19:08:05.826Z" hostname="webkit" tests="7" failures="6" skipped="0" time="92.404" errors="0">
<testcase name="Product Reviews E2E Flow › should display existing reviews" classname="reviews.spec.ts" time="16.809">
<failure message="reviews.spec.ts:9:7 should display existing reviews" type="FAILURE">
<![CDATA[  [webkit] › reviews.spec.ts:9:7 › Product Reviews E2E Flow › should display existing reviews ──────

    TimeoutError: page.waitForSelector: Timeout 15000ms exceeded.
    Call log:
      - waiting for locator('[data-testid="review-list"]') to be visible


       9 |   test('should display existing reviews', async ({ page }) => {
      10 |     // Wait for reviews section to load
    > 11 |     await page.waitForSelector('[data-testid="review-list"]');
         |                ^
      12 |
      13 |     // Check if reviews are visible
      14 |     const reviews = page.locator('[data-testid="product-review"]');
        at C:\Dev\Zo\sass-store\tests\e2e\reviews.spec.ts:11:16

    attachment #1: screenshot (image/png) ──────────────────────────────────────────────────────────
    ..\..\test-results\reviews-Product-Reviews-E2-37263-ld-display-existing-reviews-webkit\test-failed-1.png
    ────────────────────────────────────────────────────────────────────────────────────────────────

    attachment #2: video (video/webm) ──────────────────────────────────────────────────────────────
    ..\..\test-results\reviews-Product-Reviews-E2-37263-ld-display-existing-reviews-webkit\video.webm
    ────────────────────────────────────────────────────────────────────────────────────────────────

    Error Context: ..\..\test-results\reviews-Product-Reviews-E2-37263-ld-display-existing-reviews-webkit\error-context.md
]]>
</failure>
<system-out>
<![CDATA[
[[ATTACHMENT|reviews-Product-Reviews-E2-37263-ld-display-existing-reviews-webkit\test-failed-1.png]]

[[ATTACHMENT|reviews-Product-Reviews-E2-37263-ld-display-existing-reviews-webkit\video.webm]]

[[ATTACHMENT|reviews-Product-Reviews-E2-37263-ld-display-existing-reviews-webkit\error-context.md]]
]]>
</system-out>
</testcase>
<testcase name="Product Reviews E2E Flow › should submit a new review successfully" classname="reviews.spec.ts" time="16.63">
<failure message="reviews.spec.ts:20:7 should submit a new review successfully" type="FAILURE">
<![CDATA[  [webkit] › reviews.spec.ts:20:7 › Product Reviews E2E Flow › should submit a new review successfully 

    TimeoutError: locator.scrollIntoViewIfNeeded: Timeout 15000ms exceeded.
    Call log:
      - waiting for locator('[data-testid="review-form"]')


      20 |   test('should submit a new review successfully', async ({ page }) => {
      21 |     // Scroll to review form
    > 22 |     await page.locator('[data-testid="review-form"]').scrollIntoViewIfNeeded();
         |                                                       ^
      23 |
      24 |     // Fill in the review form
      25 |     await page.click('[data-testid="star-rating-5"]');
        at C:\Dev\Zo\sass-store\tests\e2e\reviews.spec.ts:22:55

    attachment #1: screenshot (image/png) ──────────────────────────────────────────────────────────
    ..\..\test-results\reviews-Product-Reviews-E2-ef76a-t-a-new-review-successfully-webkit\test-failed-1.png
    ────────────────────────────────────────────────────────────────────────────────────────────────

    attachment #2: video (video/webm) ──────────────────────────────────────────────────────────────
    ..\..\test-results\reviews-Product-Reviews-E2-ef76a-t-a-new-review-successfully-webkit\video.webm
    ────────────────────────────────────────────────────────────────────────────────────────────────

    Error Context: ..\..\test-results\reviews-Product-Reviews-E2-ef76a-t-a-new-review-successfully-webkit\error-context.md
]]>
</failure>
<system-out>
<![CDATA[
[[ATTACHMENT|reviews-Product-Reviews-E2-ef76a-t-a-new-review-successfully-webkit\test-failed-1.png]]

[[ATTACHMENT|reviews-Product-Reviews-E2-ef76a-t-a-new-review-successfully-webkit\video.webm]]

[[ATTACHMENT|reviews-Product-Reviews-E2-ef76a-t-a-new-review-successfully-webkit\error-context.md]]
]]>
</system-out>
</testcase>
<testcase name="Product Reviews E2E Flow › should validate required fields" classname="reviews.spec.ts" time="16.631">
<failure message="reviews.spec.ts:38:7 should validate required fields" type="FAILURE">
<![CDATA[  [webkit] › reviews.spec.ts:38:7 › Product Reviews E2E Flow › should validate required fields ─────

    TimeoutError: locator.scrollIntoViewIfNeeded: Timeout 15000ms exceeded.
    Call log:
      - waiting for locator('[data-testid="review-form"]')


      38 |   test('should validate required fields', async ({ page }) => {
      39 |     // Try to submit without filling required fields
    > 40 |     await page.locator('[data-testid="review-form"]').scrollIntoViewIfNeeded();
         |                                                       ^
      41 |     await page.click('[data-testid="submit-review"]');
      42 |
      43 |     // Should show validation error
        at C:\Dev\Zo\sass-store\tests\e2e\reviews.spec.ts:40:55

    attachment #1: screenshot (image/png) ──────────────────────────────────────────────────────────
    ..\..\test-results\reviews-Product-Reviews-E2-b977f-ld-validate-required-fields-webkit\test-failed-1.png
    ────────────────────────────────────────────────────────────────────────────────────────────────

    attachment #2: video (video/webm) ──────────────────────────────────────────────────────────────
    ..\..\test-results\reviews-Product-Reviews-E2-b977f-ld-validate-required-fields-webkit\video.webm
    ────────────────────────────────────────────────────────────────────────────────────────────────

    Error Context: ..\..\test-results\reviews-Product-Reviews-E2-b977f-ld-validate-required-fields-webkit\error-context.md
]]>
</failure>
<system-out>
<![CDATA[
[[ATTACHMENT|reviews-Product-Reviews-E2-b977f-ld-validate-required-fields-webkit\test-failed-1.png]]

[[ATTACHMENT|reviews-Product-Reviews-E2-b977f-ld-validate-required-fields-webkit\video.webm]]

[[ATTACHMENT|reviews-Product-Reviews-E2-b977f-ld-validate-required-fields-webkit\error-context.md]]
]]>
</system-out>
</testcase>
<testcase name="Product Reviews E2E Flow › should allow marking review as helpful" classname="reviews.spec.ts" time="16.86">
<failure message="reviews.spec.ts:47:7 should allow marking review as helpful" type="FAILURE">
<![CDATA[  [webkit] › reviews.spec.ts:47:7 › Product Reviews E2E Flow › should allow marking review as helpful 

    TimeoutError: page.waitForSelector: Timeout 15000ms exceeded.
    Call log:
      - waiting for locator('[data-testid="product-review"]') to be visible


      47 |   test('should allow marking review as helpful', async ({ page }) => {
      48 |     // Wait for reviews to load
    > 49 |     await page.waitForSelector('[data-testid="product-review"]');
         |                ^
      50 |
      51 |     // Get initial helpful count
      52 |     const helpfulButton = page.locator('[data-testid="helpful-button"]').first();
        at C:\Dev\Zo\sass-store\tests\e2e\reviews.spec.ts:49:16

    attachment #1: screenshot (image/png) ──────────────────────────────────────────────────────────
    ..\..\test-results\reviews-Product-Reviews-E2-752c4-w-marking-review-as-helpful-webkit\test-failed-1.png
    ────────────────────────────────────────────────────────────────────────────────────────────────

    attachment #2: video (video/webm) ──────────────────────────────────────────────────────────────
    ..\..\test-results\reviews-Product-Reviews-E2-752c4-w-marking-review-as-helpful-webkit\video.webm
    ────────────────────────────────────────────────────────────────────────────────────────────────

    Error Context: ..\..\test-results\reviews-Product-Reviews-E2-752c4-w-marking-review-as-helpful-webkit\error-context.md
]]>
</failure>
<system-out>
<![CDATA[
[[ATTACHMENT|reviews-Product-Reviews-E2-752c4-w-marking-review-as-helpful-webkit\test-failed-1.png]]

[[ATTACHMENT|reviews-Product-Reviews-E2-752c4-w-marking-review-as-helpful-webkit\video.webm]]

[[ATTACHMENT|reviews-Product-Reviews-E2-752c4-w-marking-review-as-helpful-webkit\error-context.md]]
]]>
</system-out>
</testcase>
<testcase name="Product Reviews E2E Flow › should display average rating" classname="reviews.spec.ts" time="6.83">
<failure message="reviews.spec.ts:69:7 should display average rating" type="FAILURE">
<![CDATA[  [webkit] › reviews.spec.ts:69:7 › Product Reviews E2E Flow › should display average rating ───────

    Error: expect(locator).toBeVisible() failed

    Locator: locator('[data-testid="average-rating"]')
    Expected: visible
    Timeout: 5000ms
    Error: element(s) not found

    Call log:
      - Expect "toBeVisible" with timeout 5000ms
      - waiting for locator('[data-testid="average-rating"]')


      70 |     // Check for average rating display
      71 |     const avgRating = page.locator('[data-testid="average-rating"]');
    > 72 |     await expect(avgRating).toBeVisible();
         |                             ^
      73 |
      74 |     // Verify it's a valid rating (1-5)
      75 |     const ratingText = await avgRating.textContent();
        at C:\Dev\Zo\sass-store\tests\e2e\reviews.spec.ts:72:29

    attachment #1: screenshot (image/png) ──────────────────────────────────────────────────────────
    ..\..\test-results\reviews-Product-Reviews-E2-6bb08-ould-display-average-rating-webkit\test-failed-1.png
    ────────────────────────────────────────────────────────────────────────────────────────────────

    attachment #2: video (video/webm) ──────────────────────────────────────────────────────────────
    ..\..\test-results\reviews-Product-Reviews-E2-6bb08-ould-display-average-rating-webkit\video.webm
    ────────────────────────────────────────────────────────────────────────────────────────────────

    Error Context: ..\..\test-results\reviews-Product-Reviews-E2-6bb08-ould-display-average-rating-webkit\error-context.md
]]>
</failure>
<system-out>
<![CDATA[
[[ATTACHMENT|reviews-Product-Reviews-E2-6bb08-ould-display-average-rating-webkit\test-failed-1.png]]

[[ATTACHMENT|reviews-Product-Reviews-E2-6bb08-ould-display-average-rating-webkit\video.webm]]

[[ATTACHMENT|reviews-Product-Reviews-E2-6bb08-ould-display-average-rating-webkit\error-context.md]]
]]>
</system-out>
</testcase>
<testcase name="Product Reviews E2E Flow › should filter reviews by rating" classname="reviews.spec.ts" time="16.333">
<failure message="reviews.spec.ts:82:7 should filter reviews by rating" type="FAILURE">
<![CDATA[  [webkit] › reviews.spec.ts:82:7 › Product Reviews E2E Flow › should filter reviews by rating ─────

    TimeoutError: page.click: Timeout 15000ms exceeded.
    Call log:
      - waiting for locator('[data-testid="filter-5-stars"]')


      82 |   test('should filter reviews by rating', async ({ page }) => {
      83 |     // Click on 5-star filter
    > 84 |     await page.click('[data-testid="filter-5-stars"]');
         |                ^
      85 |
      86 |     // Wait for filtered results
      87 |     await page.waitForTimeout(500);
        at C:\Dev\Zo\sass-store\tests\e2e\reviews.spec.ts:84:16

    attachment #1: screenshot (image/png) ──────────────────────────────────────────────────────────
    ..\..\test-results\reviews-Product-Reviews-E2-df91c-ld-filter-reviews-by-rating-webkit\test-failed-1.png
    ────────────────────────────────────────────────────────────────────────────────────────────────

    attachment #2: video (video/webm) ──────────────────────────────────────────────────────────────
    ..\..\test-results\reviews-Product-Reviews-E2-df91c-ld-filter-reviews-by-rating-webkit\video.webm
    ────────────────────────────────────────────────────────────────────────────────────────────────

    Error Context: ..\..\test-results\reviews-Product-Reviews-E2-df91c-ld-filter-reviews-by-rating-webkit\error-context.md
]]>
</failure>
<system-out>
<![CDATA[
[[ATTACHMENT|reviews-Product-Reviews-E2-df91c-ld-filter-reviews-by-rating-webkit\test-failed-1.png]]

[[ATTACHMENT|reviews-Product-Reviews-E2-df91c-ld-filter-reviews-by-rating-webkit\video.webm]]

[[ATTACHMENT|reviews-Product-Reviews-E2-df91c-ld-filter-reviews-by-rating-webkit\error-context.md]]
]]>
</system-out>
</testcase>
<testcase name="Product Reviews E2E Flow › should load more reviews on scroll" classname="reviews.spec.ts" time="2.311">
</testcase>
</testsuite>
<testsuite name="rls\booking-system-isolation.spec.ts" timestamp="2025-10-29T19:08:05.826Z" hostname="webkit" tests="7" failures="2" skipped="0" time="10.544" errors="0">
<testcase name="Booking System Tenant Isolation › should only show staff from current tenant" classname="rls\booking-system-isolation.spec.ts" time="2.155">
</testcase>
<testcase name="Booking System Tenant Isolation › should not display other tenant bookings in calendar" classname="rls\booking-system-isolation.spec.ts" time="1.143">
</testcase>
<testcase name="Booking System Tenant Isolation › should prevent access to other tenant booking via direct URL" classname="rls\booking-system-isolation.spec.ts" time="1.941">
</testcase>
<testcase name="Booking System Tenant Isolation › should isolate staff API endpoints by tenant" classname="rls\booking-system-isolation.spec.ts" time="0.065">
<failure message="booking-system-isolation.spec.ts:106:7 should isolate staff API endpoints by tenant" type="FAILURE">
<![CDATA[  [webkit] › rls\booking-system-isolation.spec.ts:106:7 › Booking System Tenant Isolation › should isolate staff API endpoints by tenant 

    Error: expect(received).toBeTruthy()

    Received: false

      107 |     // Get wondernails staff
      108 |     const wondernailsStaff = await request.get('/api/staff?tenant=wondernails');
    > 109 |     expect(wondernailsStaff.ok()).toBeTruthy();
          |                                   ^
      110 |
      111 |     const wondernailsData = await wondernailsStaff.json();
      112 |     const wondernailsStaffList = wondernailsData.staff || wondernailsData;
        at C:\Dev\Zo\sass-store\tests\e2e\rls\booking-system-isolation.spec.ts:109:35
]]>
</failure>
</testcase>
<testcase name="Booking System Tenant Isolation › should enforce tenant boundary in booking creation" classname="rls\booking-system-isolation.spec.ts" time="1.075">
</testcase>
<testcase name="Booking System Tenant Isolation › should prevent booking modifications across tenants" classname="rls\booking-system-isolation.spec.ts" time="1.139">
<failure message="booking-system-isolation.spec.ts:152:7 should prevent booking modifications across tenants" type="FAILURE">
<![CDATA[  [webkit] › rls\booking-system-isolation.spec.ts:152:7 › Booking System Tenant Isolation › should prevent booking modifications across tenants 

    Error: expect(received).toBe(expected) // Object.is equality

    Expected: 404
    Received: 500

      170 |
      171 |     // Should return 404 (booking not found in wondernails context)
    > 172 |     expect(updateResponse.status()).toBe(404);
          |                                     ^
      173 |   });
      174 |
      175 |   test('should maintain booking isolation in shared time slots', async ({ page }) => {
        at C:\Dev\Zo\sass-store\tests\e2e\rls\booking-system-isolation.spec.ts:172:37

    attachment #1: screenshot (image/png) ──────────────────────────────────────────────────────────
    ..\..\test-results\rls-booking-system-isolati-cfe0d-odifications-across-tenants-webkit\test-failed-1.png
    ────────────────────────────────────────────────────────────────────────────────────────────────

    attachment #2: video (video/webm) ──────────────────────────────────────────────────────────────
    ..\..\test-results\rls-booking-system-isolati-cfe0d-odifications-across-tenants-webkit\video.webm
    ────────────────────────────────────────────────────────────────────────────────────────────────

    Error Context: ..\..\test-results\rls-booking-system-isolati-cfe0d-odifications-across-tenants-webkit\error-context.md
]]>
</failure>
<system-out>
<![CDATA[
[[ATTACHMENT|rls-booking-system-isolati-cfe0d-odifications-across-tenants-webkit\test-failed-1.png]]

[[ATTACHMENT|rls-booking-system-isolati-cfe0d-odifications-across-tenants-webkit\video.webm]]

[[ATTACHMENT|rls-booking-system-isolati-cfe0d-odifications-across-tenants-webkit\error-context.md]]
]]>
</system-out>
</testcase>
<testcase name="Booking System Tenant Isolation › should maintain booking isolation in shared time slots" classname="rls\booking-system-isolation.spec.ts" time="3.026">
</testcase>
</testsuite>
<testsuite name="rls\product-catalog-isolation.spec.ts" timestamp="2025-10-29T19:08:05.826Z" hostname="webkit" tests="6" failures="4" skipped="0" time="45.78" errors="0">
<testcase name="Product Catalog Tenant Isolation › should only show products from current tenant" classname="rls\product-catalog-isolation.spec.ts" time="7.022">
<failure message="product-catalog-isolation.spec.ts:9:7 should only show products from current tenant" type="FAILURE">
<![CDATA[  [webkit] › rls\product-catalog-isolation.spec.ts:9:7 › Product Catalog Tenant Isolation › should only show products from current tenant 

    Error: expect(locator).toBeVisible() failed

    Locator: locator('[data-testid="products-grid"]')
    Expected: visible
    Timeout: 5000ms
    Error: element(s) not found

    Call log:
      - Expect "toBeVisible" with timeout 5000ms
      - waiting for locator('[data-testid="products-grid"]')


      13 |
      14 |     // Verify wondernails products are visible
    > 15 |     await expect(page.locator('[data-testid="products-grid"]')).toBeVisible();
         |                                                                 ^
      16 |
      17 |     const productCards = page.locator('[data-testid="product-card"]');
      18 |     const productCount = await productCards.count();
        at C:\Dev\Zo\sass-store\tests\e2e\rls\product-catalog-isolation.spec.ts:15:65

    attachment #1: screenshot (image/png) ──────────────────────────────────────────────────────────
    ..\..\test-results\rls-product-catalog-isolat-5ec83-roducts-from-current-tenant-webkit\test-failed-1.png
    ────────────────────────────────────────────────────────────────────────────────────────────────

    attachment #2: video (video/webm) ──────────────────────────────────────────────────────────────
    ..\..\test-results\rls-product-catalog-isolat-5ec83-roducts-from-current-tenant-webkit\video.webm
    ────────────────────────────────────────────────────────────────────────────────────────────────

    Error Context: ..\..\test-results\rls-product-catalog-isolat-5ec83-roducts-from-current-tenant-webkit\error-context.md
]]>
</failure>
<system-out>
<![CDATA[
[[ATTACHMENT|rls-product-catalog-isolat-5ec83-roducts-from-current-tenant-webkit\test-failed-1.png]]

[[ATTACHMENT|rls-product-catalog-isolat-5ec83-roducts-from-current-tenant-webkit\video.webm]]

[[ATTACHMENT|rls-product-catalog-isolat-5ec83-roducts-from-current-tenant-webkit\error-context.md]]
]]>
</system-out>
</testcase>
<testcase name="Product Catalog Tenant Isolation › should not display other tenant products in search results" classname="rls\product-catalog-isolation.spec.ts" time="4.644">
</testcase>
<testcase name="Product Catalog Tenant Isolation › should return 404 for cross-tenant product access via URL" classname="rls\product-catalog-isolation.spec.ts" time="20.631">
<failure message="product-catalog-isolation.spec.ts:60:7 should return 404 for cross-tenant product access via URL" type="FAILURE">
<![CDATA[  [webkit] › rls\product-catalog-isolation.spec.ts:60:7 › Product Catalog Tenant Isolation › should return 404 for cross-tenant product access via URL 

    TimeoutError: locator.getAttribute: Timeout 15000ms exceeded.
    Call log:
      - waiting for locator('[data-testid="product-card"]').first().locator('a').first()


      64 |
      65 |     const firstProduct = page.locator('[data-testid="product-card"]').first();
    > 66 |     const productLink = await firstProduct.locator('a').first().getAttribute('href');
         |                                                                 ^
      67 |
      68 |     if (productLink) {
      69 |       // Extract product ID from URL
        at C:\Dev\Zo\sass-store\tests\e2e\rls\product-catalog-isolation.spec.ts:66:65

    attachment #1: screenshot (image/png) ──────────────────────────────────────────────────────────
    ..\..\test-results\rls-product-catalog-isolat-c9d11-nant-product-access-via-URL-webkit\test-failed-1.png
    ────────────────────────────────────────────────────────────────────────────────────────────────

    attachment #2: video (video/webm) ──────────────────────────────────────────────────────────────
    ..\..\test-results\rls-product-catalog-isolat-c9d11-nant-product-access-via-URL-webkit\video.webm
    ────────────────────────────────────────────────────────────────────────────────────────────────

    Error Context: ..\..\test-results\rls-product-catalog-isolat-c9d11-nant-product-access-via-URL-webkit\error-context.md
]]>
</failure>
<system-out>
<![CDATA[
[[ATTACHMENT|rls-product-catalog-isolat-c9d11-nant-product-access-via-URL-webkit\test-failed-1.png]]

[[ATTACHMENT|rls-product-catalog-isolat-c9d11-nant-product-access-via-URL-webkit\video.webm]]

[[ATTACHMENT|rls-product-catalog-isolat-c9d11-nant-product-access-via-URL-webkit\error-context.md]]
]]>
</system-out>
</testcase>
<testcase name="Product Catalog Tenant Isolation › should isolate product API responses by tenant" classname="rls\product-catalog-isolation.spec.ts" time="2.68">
<failure message="product-catalog-isolation.spec.ts:84:7 should isolate product API responses by tenant" type="FAILURE">
<![CDATA[  [webkit] › rls\product-catalog-isolation.spec.ts:84:7 › Product Catalog Tenant Isolation › should isolate product API responses by tenant 

    Error: expect(received).toBeTruthy()

    Received: false

      85 |     // Get wondernails products via API
      86 |     const wondernailsResponse = await request.get('/api/products?tenant=wondernails');
    > 87 |     expect(wondernailsResponse.ok()).toBeTruthy();
         |                                      ^
      88 |
      89 |     const wondernailsData = await wondernailsResponse.json();
      90 |     const wondernailsProducts = wondernailsData.products || wondernailsData;
        at C:\Dev\Zo\sass-store\tests\e2e\rls\product-catalog-isolation.spec.ts:87:38

    attachment #1: screenshot (image/png) ──────────────────────────────────────────────────────────
    ..\..\test-results\rls-product-catalog-isolat-ec24a-uct-API-responses-by-tenant-webkit\test-failed-1.png
    ────────────────────────────────────────────────────────────────────────────────────────────────

    attachment #2: video (video/webm) ──────────────────────────────────────────────────────────────
    ..\..\test-results\rls-product-catalog-isolat-ec24a-uct-API-responses-by-tenant-webkit\video.webm
    ────────────────────────────────────────────────────────────────────────────────────────────────
]]>
</failure>
<system-out>
<![CDATA[
[[ATTACHMENT|rls-product-catalog-isolat-ec24a-uct-API-responses-by-tenant-webkit\test-failed-1.png]]

[[ATTACHMENT|rls-product-catalog-isolat-ec24a-uct-API-responses-by-tenant-webkit\video.webm]]
]]>
</system-out>
</testcase>
<testcase name="Product Catalog Tenant Isolation › should prevent cross-tenant cart contamination" classname="rls\product-catalog-isolation.spec.ts" time="5.882">
</testcase>
<testcase name="Product Catalog Tenant Isolation › should enforce tenant boundary in product mutations" classname="rls\product-catalog-isolation.spec.ts" time="4.921">
<failure message="product-catalog-isolation.spec.ts:130:7 should enforce tenant boundary in product mutations" type="FAILURE">
<![CDATA[  [webkit] › rls\product-catalog-isolation.spec.ts:130:7 › Product Catalog Tenant Isolation › should enforce tenant boundary in product mutations 

    Error: expect(received).toBeLessThan(expected)

    Expected: < 500
    Received:   500

      154 |     // Should be rejected (403 Forbidden or 400 Bad Request)
      155 |     expect(createResponse.status()).toBeGreaterThanOrEqual(400);
    > 156 |     expect(createResponse.status()).toBeLessThan(500);
          |                                     ^
      157 |   });
      158 | });
      159 |
        at C:\Dev\Zo\sass-store\tests\e2e\rls\product-catalog-isolation.spec.ts:156:37

    attachment #1: screenshot (image/png) ──────────────────────────────────────────────────────────
    ..\..\test-results\rls-product-catalog-isolat-4dbb3-undary-in-product-mutations-webkit\test-failed-1.png
    ────────────────────────────────────────────────────────────────────────────────────────────────

    attachment #2: video (video/webm) ──────────────────────────────────────────────────────────────
    ..\..\test-results\rls-product-catalog-isolat-4dbb3-undary-in-product-mutations-webkit\video.webm
    ────────────────────────────────────────────────────────────────────────────────────────────────

    Error Context: ..\..\test-results\rls-product-catalog-isolat-4dbb3-undary-in-product-mutations-webkit\error-context.md
]]>
</failure>
<system-out>
<![CDATA[
[[ATTACHMENT|rls-product-catalog-isolat-4dbb3-undary-in-product-mutations-webkit\test-failed-1.png]]

[[ATTACHMENT|rls-product-catalog-isolat-4dbb3-undary-in-product-mutations-webkit\video.webm]]

[[ATTACHMENT|rls-product-catalog-isolat-4dbb3-undary-in-product-mutations-webkit\error-context.md]]
]]>
</system-out>
</testcase>
</testsuite>
<testsuite name="self-healing\self-healing-validation.spec.ts" timestamp="2025-10-29T19:08:05.826Z" hostname="webkit" tests="8" failures="2" skipped="0" time="45.107" errors="0">
<testcase name="Self-Healing Test Validation - Master Plan Implementation › Self-healing selector fallback - data-testid priority" classname="self-healing\self-healing-validation.spec.ts" time="5.247">
<system-out>
<![CDATA[[BUDGET] No clickable element found for: Add to cart button
⚠️ wondernails: No add-to-cart button found with any selector
[BUDGET] No clickable element found for: Add to cart button
⚠️ nom-nom: No add-to-cart button found with any selector
[BUDGET] No clickable element found for: Add to cart button
⚠️ delirios: No add-to-cart button found with any selector
]]>
</system-out>
</testcase>
<testcase name="Self-Healing Test Validation - Master Plan Implementation › State-based waits vs sleep - network idle and element states" classname="self-healing\self-healing-validation.spec.ts" time="4.053">
<system-out>
<![CDATA[[BUDGET] Network idle achieved
✅ wondernails: State-based waits working properly
[BUDGET] Network idle achieved
✅ nom-nom: State-based waits working properly
]]>
</system-out>
</testcase>
<testcase name="Self-Healing Test Validation - Master Plan Implementation › Controlled retry logic - 1-2 retries maximum" classname="self-healing\self-healing-validation.spec.ts" time="4.631">
<system-out>
<![CDATA[[SELF-HEALING] Booking attempt 1/2
Booking attempt failed: Error: Booking button not found
[SELF-HEALING] Retrying in 1 second...
[SELF-HEALING] Booking attempt 2/2
Booking attempt failed: Error: Booking button not found
⚠️ wondernails: Booking failed after 2 attempts - needs human attention
[SELF-HEALING] Booking attempt 1/2
Booking attempt failed: Error: Booking button not found
[SELF-HEALING] Retrying in 1 second...
[SELF-HEALING] Booking attempt 2/2
Booking attempt failed: Error: Booking button not found
⚠️ nom-nom: Booking failed after 2 attempts - needs human attention
]]>
</system-out>
</testcase>
<testcase name="Self-Healing Test Validation - Master Plan Implementation › Click budget validation with real user flows" classname="self-healing\self-healing-validation.spec.ts" time="1.716">
<failure message="self-healing-validation.spec.ts:141:7 Click budget validation with real user flows" type="FAILURE">
<![CDATA[  [webkit] › self-healing\self-healing-validation.spec.ts:141:7 › Self-Healing Test Validation - Master Plan Implementation › Click budget validation with real user flows 

    Error: expect(received).toBeTruthy()

    Received: false

      198 |     // Verify the flow met click budget requirements
      199 |     expect(flowResult.budgetMet).toBeTruthy();
    > 200 |     expect(flowResult.success).toBeTruthy();
          |                                ^
      201 |
      202 |     console.log(`✅ ${tenant}: Purchase flow click budget validation passed`);
      203 |   });
        at C:\Dev\Zo\sass-store\tests\e2e\self-healing\self-healing-validation.spec.ts:200:32

    attachment #1: screenshot (image/png) ──────────────────────────────────────────────────────────
    ..\..\test-results\self-healing-self-healing--75520-dation-with-real-user-flows-webkit\test-failed-1.png
    ────────────────────────────────────────────────────────────────────────────────────────────────

    attachment #2: video (video/webm) ──────────────────────────────────────────────────────────────
    ..\..\test-results\self-healing-self-healing--75520-dation-with-real-user-flows-webkit\video.webm
    ────────────────────────────────────────────────────────────────────────────────────────────────

    Error Context: ..\..\test-results\self-healing-self-healing--75520-dation-with-real-user-flows-webkit\error-context.md
]]>
</failure>
<system-out>
<![CDATA[[BUDGET] Step failed: Navigate to product details - Error: No products available for purchase flow test
[BUDGET] ✅ Step within budget: Navigate to product details (0/1 clicks)
[BUDGET] ✅ Step within budget: Add product to cart (0/1 clicks)
[BUDGET] ✅ Step within budget: View cart (0/1 clicks)
[BUDGET] ✅ Step within budget: Proceed to checkout (would complete purchase) (0/1 clicks)
=== Flow Validation Report ===
Flow Type: purchase
Total Steps: 4
Total Clicks: 0/4
All Steps Successful: NO
Budget Met: YES

Step Breakdown:
1. Navigate to product details: 0/1 clicks ❌
2. Add product to cart: 0/1 clicks ✅
3. View cart: 0/1 clicks ✅
4. Proceed to checkout (would complete purchase): 0/1 clicks ✅

Detailed Interactions:
==============================

[[ATTACHMENT|self-healing-self-healing--75520-dation-with-real-user-flows-webkit\test-failed-1.png]]

[[ATTACHMENT|self-healing-self-healing--75520-dation-with-real-user-flows-webkit\video.webm]]

[[ATTACHMENT|self-healing-self-healing--75520-dation-with-real-user-flows-webkit\error-context.md]]
]]>
</system-out>
</testcase>
<testcase name="Self-Healing Test Validation - Master Plan Implementation › Booking flow with 2-click budget validation" classname="self-healing\self-healing-validation.spec.ts" time="1.718">
<system-out>
<![CDATA[[BUDGET] ✅ Step within budget: Select service or quick booking (0/1 clicks)
[BUDGET] ✅ Step within budget: Confirm booking (0/1 clicks)
=== Flow Validation Report ===
Flow Type: booking
Total Steps: 2
Total Clicks: 0/2
All Steps Successful: YES
Budget Met: YES

Step Breakdown:
1. Select service or quick booking: 0/1 clicks ✅
2. Confirm booking: 0/1 clicks ✅

Detailed Interactions:
==============================
✅ wondernails: Booking flow click budget validation passed
]]>
</system-out>
</testcase>
<testcase name="Self-Healing Test Validation - Master Plan Implementation › Selector stability validation - no brittle selectors" classname="self-healing\self-healing-validation.spec.ts" time="2.993">
<failure message="self-healing-validation.spec.ts:253:7 Selector stability validation - no brittle selectors" type="FAILURE">
<![CDATA[  [webkit] › self-healing\self-healing-validation.spec.ts:253:7 › Self-Healing Test Validation - Master Plan Implementation › Selector stability validation - no brittle selectors 

    Error: locator.count: SyntaxError: 'button:contains("Buy")' is not a valid selector.

      287 |       for (const brittleSelector of brittleSelectors) {
      288 |         const elements = page.locator(brittleSelector);
    > 289 |         const count = await elements.count();
          |                                      ^
      290 |
      291 |         if (count > 0) {
      292 |           console.warn(`⚠️ ${tenant}: Found potentially brittle selector: ${brittleSelector}`);
        at C:\Dev\Zo\sass-store\tests\e2e\self-healing\self-healing-validation.spec.ts:289:38

    attachment #1: screenshot (image/png) ──────────────────────────────────────────────────────────
    ..\..\test-results\self-healing-self-healing--a2c79-tion---no-brittle-selectors-webkit\test-failed-1.png
    ────────────────────────────────────────────────────────────────────────────────────────────────

    attachment #2: video (video/webm) ──────────────────────────────────────────────────────────────
    ..\..\test-results\self-healing-self-healing--a2c79-tion---no-brittle-selectors-webkit\video.webm
    ────────────────────────────────────────────────────────────────────────────────────────────────

    Error Context: ..\..\test-results\self-healing-self-healing--a2c79-tion---no-brittle-selectors-webkit\error-context.md
]]>
</failure>
<system-out>
<![CDATA[
[[ATTACHMENT|self-healing-self-healing--a2c79-tion---no-brittle-selectors-webkit\test-failed-1.png]]

[[ATTACHMENT|self-healing-self-healing--a2c79-tion---no-brittle-selectors-webkit\video.webm]]

[[ATTACHMENT|self-healing-self-healing--a2c79-tion---no-brittle-selectors-webkit\error-context.md]]
]]>
</system-out>
<system-err>
<![CDATA[⚠️ wondernails: Found potentially brittle selector: div > div > button
]]>
</system-err>
</testcase>
<testcase name="Self-Healing Test Validation - Master Plan Implementation › Error recovery and graceful degradation" classname="self-healing\self-healing-validation.spec.ts" time="4.284">
<system-out>
<![CDATA[[BUDGET] Network idle achieved
[BUDGET] Network idle achieved
]]>
</system-out>
</testcase>
<testcase name="Self-Healing Test Validation - Master Plan Implementation › Performance-aware self-healing - timeout management" classname="self-healing\self-healing-validation.spec.ts" time="20.465">
<system-out>
<![CDATA[⏱️ wondernails: Element not found within 1000ms, trying longer timeout...
⏱️ wondernails: Element not found within 3000ms, trying longer timeout...
⏱️ wondernails: Element not found within 5000ms, trying longer timeout...
⚠️ wondernails: Element not found after maximum timeout - may need manual intervention
⏱️ nom-nom: Element not found within 1000ms, trying longer timeout...
⏱️ nom-nom: Element not found within 3000ms, trying longer timeout...
⏱️ nom-nom: Element not found within 5000ms, trying longer timeout...
⚠️ nom-nom: Element not found after maximum timeout - may need manual intervention
]]>
</system-out>
</testcase>
</testsuite>
<testsuite name="seo\seo-optimization.spec.ts" timestamp="2025-10-29T19:08:05.826Z" hostname="webkit" tests="8" failures="4" skipped="0" time="45.421" errors="0">
<testcase name="SEO Optimization Tests › Meta tags should be tenant-specific" classname="seo\seo-optimization.spec.ts" time="2.748">
<failure message="seo-optimization.spec.ts:6:7 Meta tags should be tenant-specific" type="FAILURE">
<![CDATA[  [webkit] › seo\seo-optimization.spec.ts:6:7 › SEO Optimization Tests › Meta tags should be tenant-specific 

    Error: expect(received).toBeTruthy()

    Received: ""

      11 |       // Check title tag
      12 |       const title = await page.title();
    > 13 |       expect(title).toBeTruthy();
         |                     ^
      14 |       expect(title.length).toBeGreaterThan(10);
      15 |       expect(title.length).toBeLessThan(60); // SEO best practice
      16 |
        at C:\Dev\Zo\sass-store\tests\e2e\seo\seo-optimization.spec.ts:13:21

    attachment #1: screenshot (image/png) ──────────────────────────────────────────────────────────
    ..\..\test-results\seo-seo-optimization-SEO-O-f2421-s-should-be-tenant-specific-webkit\test-failed-1.png
    ────────────────────────────────────────────────────────────────────────────────────────────────

    attachment #2: video (video/webm) ──────────────────────────────────────────────────────────────
    ..\..\test-results\seo-seo-optimization-SEO-O-f2421-s-should-be-tenant-specific-webkit\video.webm
    ────────────────────────────────────────────────────────────────────────────────────────────────

    Error Context: ..\..\test-results\seo-seo-optimization-SEO-O-f2421-s-should-be-tenant-specific-webkit\error-context.md
]]>
</failure>
<system-out>
<![CDATA[
[[ATTACHMENT|seo-seo-optimization-SEO-O-f2421-s-should-be-tenant-specific-webkit\test-failed-1.png]]

[[ATTACHMENT|seo-seo-optimization-SEO-O-f2421-s-should-be-tenant-specific-webkit\video.webm]]

[[ATTACHMENT|seo-seo-optimization-SEO-O-f2421-s-should-be-tenant-specific-webkit\error-context.md]]
]]>
</system-out>
</testcase>
<testcase name="SEO Optimization Tests › Canonical URLs should be correct" classname="seo\seo-optimization.spec.ts" time="17.499">
<failure message="seo-optimization.spec.ts:45:7 Canonical URLs should be correct" type="FAILURE">
<![CDATA[  [webkit] › seo\seo-optimization.spec.ts:45:7 › SEO Optimization Tests › Canonical URLs should be correct 

    TimeoutError: locator.getAttribute: Timeout 15000ms exceeded.
    Call log:
      - waiting for locator('link[rel="canonical"]')


      48 |       await page.waitForLoadState('networkidle');
      49 |
    > 50 |       const canonical = await page.locator('link[rel="canonical"]').getAttribute('href');
         |                                                                     ^
      51 |       if (canonical) {
      52 |         expect(canonical).toContain(tenant);
      53 |         expect(canonical).toMatch(/^https?:\/\//);
        at C:\Dev\Zo\sass-store\tests\e2e\seo\seo-optimization.spec.ts:50:69

    attachment #1: screenshot (image/png) ──────────────────────────────────────────────────────────
    ..\..\test-results\seo-seo-optimization-SEO-O-d4715-ical-URLs-should-be-correct-webkit\test-failed-1.png
    ────────────────────────────────────────────────────────────────────────────────────────────────

    attachment #2: video (video/webm) ──────────────────────────────────────────────────────────────
    ..\..\test-results\seo-seo-optimization-SEO-O-d4715-ical-URLs-should-be-correct-webkit\video.webm
    ────────────────────────────────────────────────────────────────────────────────────────────────

    Error Context: ..\..\test-results\seo-seo-optimization-SEO-O-d4715-ical-URLs-should-be-correct-webkit\error-context.md
]]>
</failure>
<system-out>
<![CDATA[
[[ATTACHMENT|seo-seo-optimization-SEO-O-d4715-ical-URLs-should-be-correct-webkit\test-failed-1.png]]

[[ATTACHMENT|seo-seo-optimization-SEO-O-d4715-ical-URLs-should-be-correct-webkit\video.webm]]

[[ATTACHMENT|seo-seo-optimization-SEO-O-d4715-ical-URLs-should-be-correct-webkit\error-context.md]]
]]>
</system-out>
</testcase>
<testcase name="SEO Optimization Tests › Structured data (JSON-LD) should be present" classname="seo\seo-optimization.spec.ts" time="5.599">
<system-out>
<![CDATA[✓ wondernails: Structured data validated
✓ nom-nom: Structured data validated
✓ delirios: Structured data validated
✓ zo-system: Structured data validated
]]>
</system-out>
</testcase>
<testcase name="SEO Optimization Tests › Images should have proper optimization" classname="seo\seo-optimization.spec.ts" time="3.496">
<system-out>
<![CDATA[✓ wondernails: Image optimization validated
✓ nom-nom: Image optimization validated
]]>
</system-out>
</testcase>
<testcase name="SEO Optimization Tests › Fallback tenant should have correct SEO handling" classname="seo\seo-optimization.spec.ts" time="1.358">
<failure message="seo-optimization.spec.ts:171:7 Fallback tenant should have correct SEO handling" type="FAILURE">
<![CDATA[  [webkit] › seo\seo-optimization.spec.ts:171:7 › SEO Optimization Tests › Fallback tenant should have correct SEO handling 

    Error: expect(received).toBeTruthy()

    Received: false

      182 |                               title.toLowerCase().includes('sass store');
      183 |
    > 184 |     expect(isFallbackHandled).toBeTruthy();
          |                               ^
      185 |
      186 |     // Check if noindex is set for unknown tenants
      187 |     const robotsMeta = await page.locator('meta[name="robots"]').getAttribute('content');
        at C:\Dev\Zo\sass-store\tests\e2e\seo\seo-optimization.spec.ts:184:31

    attachment #1: screenshot (image/png) ──────────────────────────────────────────────────────────
    ..\..\test-results\seo-seo-optimization-SEO-O-ddfea-d-have-correct-SEO-handling-webkit\test-failed-1.png
    ────────────────────────────────────────────────────────────────────────────────────────────────

    attachment #2: video (video/webm) ──────────────────────────────────────────────────────────────
    ..\..\test-results\seo-seo-optimization-SEO-O-ddfea-d-have-correct-SEO-handling-webkit\video.webm
    ────────────────────────────────────────────────────────────────────────────────────────────────

    Error Context: ..\..\test-results\seo-seo-optimization-SEO-O-ddfea-d-have-correct-SEO-handling-webkit\error-context.md
]]>
</failure>
<system-out>
<![CDATA[
[[ATTACHMENT|seo-seo-optimization-SEO-O-ddfea-d-have-correct-SEO-handling-webkit\test-failed-1.png]]

[[ATTACHMENT|seo-seo-optimization-SEO-O-ddfea-d-have-correct-SEO-handling-webkit\video.webm]]

[[ATTACHMENT|seo-seo-optimization-SEO-O-ddfea-d-have-correct-SEO-handling-webkit\error-context.md]]
]]>
</system-out>
</testcase>
<testcase name="SEO Optimization Tests › Sitemap and robots.txt should be accessible" classname="seo\seo-optimization.spec.ts" time="1.496">
<failure message="seo-optimization.spec.ts:195:7 Sitemap and robots.txt should be accessible" type="FAILURE">
<![CDATA[  [webkit] › seo\seo-optimization.spec.ts:195:7 › SEO Optimization Tests › Sitemap and robots.txt should be accessible 

    Error: expect(received).toBe(expected) // Object.is equality

    Expected: 200
    Received: 500

      196 |     // Check robots.txt
      197 |     const robotsResponse = await page.goto('/robots.txt');
    > 198 |     expect(robotsResponse?.status()).toBe(200);
          |                                      ^
      199 |
      200 |     const robotsContent = await page.textContent('body');
      201 |     expect(robotsContent).toContain('User-agent');
        at C:\Dev\Zo\sass-store\tests\e2e\seo\seo-optimization.spec.ts:198:38

    attachment #1: screenshot (image/png) ──────────────────────────────────────────────────────────
    ..\..\test-results\seo-seo-optimization-SEO-O-c5e17-ts-txt-should-be-accessible-webkit\test-failed-1.png
    ────────────────────────────────────────────────────────────────────────────────────────────────

    attachment #2: video (video/webm) ──────────────────────────────────────────────────────────────
    ..\..\test-results\seo-seo-optimization-SEO-O-c5e17-ts-txt-should-be-accessible-webkit\video.webm
    ────────────────────────────────────────────────────────────────────────────────────────────────

    Error Context: ..\..\test-results\seo-seo-optimization-SEO-O-c5e17-ts-txt-should-be-accessible-webkit\error-context.md
]]>
</failure>
<system-out>
<![CDATA[
[[ATTACHMENT|seo-seo-optimization-SEO-O-c5e17-ts-txt-should-be-accessible-webkit\test-failed-1.png]]

[[ATTACHMENT|seo-seo-optimization-SEO-O-c5e17-ts-txt-should-be-accessible-webkit\video.webm]]

[[ATTACHMENT|seo-seo-optimization-SEO-O-c5e17-ts-txt-should-be-accessible-webkit\error-context.md]]
]]>
</system-out>
</testcase>
<testcase name="SEO Optimization Tests › Page load performance should meet targets" classname="seo\seo-optimization.spec.ts" time="9.496">
<system-out>
<![CDATA[✓ wondernails: Performance metrics validated
✓ nom-nom: Performance metrics validated
]]>
</system-out>
</testcase>
<testcase name="SEO Optimization Tests › Breadcrumbs should be implemented correctly" classname="seo\seo-optimization.spec.ts" time="3.729">
<system-out>
<![CDATA[✓ wondernails: Breadcrumbs validated
✓ nom-nom: Breadcrumbs validated
]]>
</system-out>
</testcase>
</testsuite>
<testsuite name="social-planner\social-planner-flow.spec.ts" timestamp="2025-10-29T19:08:05.826Z" hostname="webkit" tests="6" failures="2" skipped="0" time="39.965" errors="0">
<testcase name="Social Planner E2E Tests - Phase 1 Coverage › Social Planner - Create and schedule post (planificación sin publicar)" classname="social-planner\social-planner-flow.spec.ts" time="6.146">
<system-out>
<![CDATA[⚪ wondernails: Social planner not available
⚪ nom-nom: Social planner not available
⚪ delirios: Social planner not available
⚪ zo-system: Social planner not available
]]>
</system-out>
</testcase>
<testcase name="Social Planner E2E Tests - Phase 1 Coverage › Social Planner - Duplicate and move post via drag&amp;drop" classname="social-planner\social-planner-flow.spec.ts" time="3.304">
<system-out>
<![CDATA[⚪ wondernails: No posts to duplicate
⚪ nom-nom: No posts to duplicate
]]>
</system-out>
</testcase>
<testcase name="Social Planner E2E Tests - Phase 1 Coverage › Social Planner - Edit override for specific network" classname="social-planner\social-planner-flow.spec.ts" time="3.796">
<system-out>
<![CDATA[⚪ wondernails: No posts available for override testing
⚪ nom-nom: No posts available for override testing
]]>
</system-out>
</testcase>
<testcase name="Social Planner E2E Tests - Phase 1 Coverage › Social Planner - View modes (Mes, Semana, Día, Año)" classname="social-planner\social-planner-flow.spec.ts" time="7.392">
<failure message="social-planner-flow.spec.ts:150:7 Social Planner - View modes (Mes, Semana, Día, Año)" type="FAILURE">
<![CDATA[  [webkit] › social-planner\social-planner-flow.spec.ts:150:7 › Social Planner E2E Tests - Phase 1 Coverage › Social Planner - View modes (Mes, Semana, Día, Año) 

    Error: expect(locator).toBeVisible() failed

    Locator: locator('[data-testid="month-view"]')
    Expected: visible
    Timeout: 5000ms
    Error: element(s) not found

    Call log:
      - Expect "toBeVisible" with timeout 5000ms
      - waiting for locator('[data-testid="month-view"]')


      154 |
      155 |       // Test Month view (Mes) - default view requirement
    > 156 |       await expect(page.locator('[data-testid="month-view"]')).toBeVisible();
          |                                                                ^
      157 |
      158 |       // Test Week view (Semana) - requirement: Semana muestran detalles
      159 |       await page.click('[data-testid="week-view-button"]');
        at C:\Dev\Zo\sass-store\tests\e2e\social-planner\social-planner-flow.spec.ts:156:64

    attachment #1: screenshot (image/png) ──────────────────────────────────────────────────────────
    ..\..\test-results\social-planner-social-plan-d8330-w-modes-Mes-Semana-Día-Año--webkit\test-failed-1.png
    ────────────────────────────────────────────────────────────────────────────────────────────────

    attachment #2: video (video/webm) ──────────────────────────────────────────────────────────────
    ..\..\test-results\social-planner-social-plan-d8330-w-modes-Mes-Semana-Día-Año--webkit\video.webm
    ────────────────────────────────────────────────────────────────────────────────────────────────

    Error Context: ..\..\test-results\social-planner-social-plan-d8330-w-modes-Mes-Semana-Día-Año--webkit\error-context.md
]]>
</failure>
<system-out>
<![CDATA[
[[ATTACHMENT|social-planner-social-plan-d8330-w-modes-Mes-Semana-Día-Año--webkit\test-failed-1.png]]

[[ATTACHMENT|social-planner-social-plan-d8330-w-modes-Mes-Semana-Día-Año--webkit\video.webm]]

[[ATTACHMENT|social-planner-social-plan-d8330-w-modes-Mes-Semana-Día-Año--webkit\error-context.md]]
]]>
</system-out>
</testcase>
<testcase name="Social Planner E2E Tests - Phase 1 Coverage › Social Planner - Timezone handling (America/Mexico_City)" classname="social-planner\social-planner-flow.spec.ts" time="17.481">
<failure message="social-planner-flow.spec.ts:184:7 Social Planner - Timezone handling (America/Mexico_City)" type="FAILURE">
<![CDATA[  [webkit] › social-planner\social-planner-flow.spec.ts:184:7 › Social Planner E2E Tests - Phase 1 Coverage › Social Planner - Timezone handling (America/Mexico_City) 

    TimeoutError: page.click: Timeout 15000ms exceeded.
    Call log:
      - waiting for locator('[data-testid="compose-post"]')


      194 |
      195 |       // Create post with specific time
    > 196 |       await page.click('[data-testid="compose-post"]');
          |                  ^
      197 |
      198 |       const scheduleInput = page.locator('[data-testid="schedule-time"]');
      199 |       if (await scheduleInput.isVisible()) {
        at C:\Dev\Zo\sass-store\tests\e2e\social-planner\social-planner-flow.spec.ts:196:18

    attachment #1: screenshot (image/png) ──────────────────────────────────────────────────────────
    ..\..\test-results\social-planner-social-plan-b5a62-ndling-America-Mexico-City--webkit\test-failed-1.png
    ────────────────────────────────────────────────────────────────────────────────────────────────

    attachment #2: video (video/webm) ──────────────────────────────────────────────────────────────
    ..\..\test-results\social-planner-social-plan-b5a62-ndling-America-Mexico-City--webkit\video.webm
    ────────────────────────────────────────────────────────────────────────────────────────────────

    Error Context: ..\..\test-results\social-planner-social-plan-b5a62-ndling-America-Mexico-City--webkit\error-context.md
]]>
</failure>
<system-out>
<![CDATA[
[[ATTACHMENT|social-planner-social-plan-b5a62-ndling-America-Mexico-City--webkit\test-failed-1.png]]

[[ATTACHMENT|social-planner-social-plan-b5a62-ndling-America-Mexico-City--webkit\video.webm]]

[[ATTACHMENT|social-planner-social-plan-b5a62-ndling-America-Mexico-City--webkit\error-context.md]]
]]>
</system-out>
</testcase>
<testcase name="Social Planner E2E Tests - Phase 1 Coverage › Social Planner - Self-healing selector validation" classname="social-planner\social-planner-flow.spec.ts" time="1.846">
<system-out>
<![CDATA[⚠️ wondernails: Missing data-testid selectors: [data-testid="compose-post"], [data-testid="schedule-post"], [data-testid="duplicate-post"], [data-testid="post-composer"]
✅ wondernails: Selector validation completed
⚠️ nom-nom: Missing data-testid selectors: [data-testid="compose-post"], [data-testid="schedule-post"], [data-testid="duplicate-post"], [data-testid="post-composer"]
✅ nom-nom: Selector validation completed
]]>
</system-out>
</testcase>
</testsuite>
<testsuite name="subset\corrected-tests-extended.spec.ts" timestamp="2025-10-29T19:08:05.826Z" hostname="webkit" tests="19" failures="2" skipped="0" time="107.364" errors="0">
<testcase name="Corrected Cart - Multiple Items with Better Error Handling › should handle multiple items with correct price calculations" classname="subset\corrected-tests-extended.spec.ts" time="6.134">
</testcase>
<testcase name="Corrected Cart - Multiple Items with Better Error Handling › should display correct unit prices for items with quantity &gt; 1" classname="subset\corrected-tests-extended.spec.ts" time="3.325">
</testcase>
<testcase name="Corrected Mobile Performance with Better Resource Handling › should meet mobile LCP budget of &lt;3s with timeout handling" classname="subset\corrected-tests-extended.spec.ts" time="60.595">
<failure message="corrected-tests-extended.spec.ts:215:7 should meet mobile LCP budget of &lt;3s with timeout handling" type="FAILURE">
<![CDATA[  [webkit] › subset\corrected-tests-extended.spec.ts:215:7 › Corrected Mobile Performance with Better Resource Handling › should meet mobile LCP budget of <3s with timeout handling 

    Test timeout of 60000ms exceeded.

    Error: page.evaluate: Test timeout of 60000ms exceeded.

      217 |
      218 |     // Measure Largest Contentful Paint
    > 219 |     const lcpValue = await page.evaluate(() => {
          |                                 ^
      220 |       return new Promise<number>((resolve) => {
      221 |         new PerformanceObserver((list) => {
      222 |           const entries = list.getEntries();
        at C:\Dev\Zo\sass-store\tests\e2e\subset\corrected-tests-extended.spec.ts:219:33

    attachment #1: screenshot (image/png) ──────────────────────────────────────────────────────────
    ..\..\test-results\subset-corrected-tests-ext-f12b6-of-3s-with-timeout-handling-webkit\test-failed-1.png
    ────────────────────────────────────────────────────────────────────────────────────────────────

    attachment #2: video (video/webm) ──────────────────────────────────────────────────────────────
    ..\..\test-results\subset-corrected-tests-ext-f12b6-of-3s-with-timeout-handling-webkit\video.webm
    ────────────────────────────────────────────────────────────────────────────────────────────────

    Error Context: ..\..\test-results\subset-corrected-tests-ext-f12b6-of-3s-with-timeout-handling-webkit\error-context.md
]]>
</failure>
<system-out>
<![CDATA[
[[ATTACHMENT|subset-corrected-tests-ext-f12b6-of-3s-with-timeout-handling-webkit\test-failed-1.png]]

[[ATTACHMENT|subset-corrected-tests-ext-f12b6-of-3s-with-timeout-handling-webkit\video.webm]]

[[ATTACHMENT|subset-corrected-tests-ext-f12b6-of-3s-with-timeout-handling-webkit\error-context.md]]
]]>
</system-out>
</testcase>
<testcase name="Corrected Mobile Performance with Better Resource Handling › should meet mobile FCP budget of &lt;2s" classname="subset\corrected-tests-extended.spec.ts" time="1.88">
<system-out>
<![CDATA[Mobile FCP: 874ms
]]>
</system-out>
</testcase>
<testcase name="Corrected Mobile Performance with Better Resource Handling › should meet mobile TTFB budget of &lt;1s" classname="subset\corrected-tests-extended.spec.ts" time="1.256">
<system-out>
<![CDATA[Mobile TTFB: 57ms
]]>
</system-out>
</testcase>
<testcase name="Corrected Mobile Performance with Better Resource Handling › should load efficiently with proper error handling" classname="subset\corrected-tests-extended.spec.ts" time="2.706">
<system-err>
<![CDATA[Page error: An error occurred in `next/font`.

Error: Cannot find module 'object-hash'
Require stack:
- C:\Dev\Zo\sass-store\apps\web\node_modules\tailwindcss\lib\util\hashConfig.js
- C:\Dev\Zo\sass-store\apps\web\node_modules\tailwindcss\lib\lib\setupTrackingContext.js
- C:\Dev\Zo\sass-store\apps\web\node_modules\tailwindcss\lib\plugin.js
- C:\Dev\Zo\sass-store\apps\web\node_modules\tailwindcss\lib\index.js
- C:\Dev\Zo\sass-store\apps\web\node_modules\next\dist\build\webpack\config\blocks\css\plugins.js
- C:\Dev\Zo\sass-store\apps\web\node_modules\next\dist\build\webpack\config\blocks\css\index.js
- C:\Dev\Zo\sass-store\apps\web\node_modules\next\dist\build\webpack\config\index.js
- C:\Dev\Zo\sass-store\apps\web\node_modules\next\dist\build\webpack-config.js
- C:\Dev\Zo\sass-store\apps\web\node_modules\next\dist\server\dev\hot-reloader-webpack.js
- C:\Dev\Zo\sass-store\apps\web\node_modules\next\dist\server\lib\router-utils\setup-dev-bundler.js
- C:\Dev\Zo\sass-store\apps\web\node_modules\next\dist\server\lib\router-server.js
- C:\Dev\Zo\sass-store\apps\web\node_modules\next\dist\server\lib\start-server.js
    at Function.<anonymous> (node:internal/modules/cjs/loader:1401:15)
    at C:\Dev\Zo\sass-store\apps\web\node_modules\next\dist\server\require-hook.js:57:36
    at defaultResolveImpl (node:internal/modules/cjs/loader:1057:19)
    at resolveForCJSWithHooks (node:internal/modules/cjs/loader:1062:22)
    at Function._load (node:internal/modules/cjs/loader:1211:37)
    at TracingChannel.traceSync (node:diagnostics_channel:322:14)
    at wrapModuleLoad (node:internal/modules/cjs/loader:235:24)
    at Module.<anonymous> (node:internal/modules/cjs/loader:1487:12)
    at mod.require (C:\Dev\Zo\sass-store\apps\web\node_modules\next\dist\server\require-hook.js:68:28)
    at require (node:internal/modules/helpers:135:16)
    at Object.<anonymous> (C:\Dev\Zo\sass-store\apps\web\node_modules\tailwindcss\lib\util\hashConfig.js:11:60)
    at Module._compile (node:internal/modules/cjs/loader:1730:14)
    at Object..js (node:internal/modules/cjs/loader:1895:10)
    at Module.load (node:internal/modules/cjs/loader:1465:32)
    at Function._load (node:internal/modules/cjs/loader:1282:12)
    at TracingChannel.traceSync (node:diagnostics_channel:322:14)
    at wrapModuleLoad (node:internal/modules/cjs/loader:235:24)
    at Module.<anonymous> (node:internal/modules/cjs/loader:1487:12)
    at mod.require (C:\Dev\Zo\sass-store\apps\web\node_modules\next\dist\server\require-hook.js:68:28)
    at require (node:internal/modules/helpers:135:16)
    at Object.<anonymous> (C:\Dev\Zo\sass-store\apps\web\node_modules\tailwindcss\lib\lib\setupTrackingContext.js:18:60)
    at Module._compile (node:internal/modules/cjs/loader:1730:14)
    at Object..js (node:internal/modules/cjs/loader:1895:10)
    at Module.load (node:internal/modules/cjs/loader:1465:32)
    at Function._load (node:internal/modules/cjs/loader:1282:12)
    at TracingChannel.traceSync (node:diagnostics_channel:322:14)
    at wrapModuleLoad (node:internal/modules/cjs/loader:235:24)
    at Module.<anonymous> (node:internal/modules/cjs/loader:1487:12)
    at mod.require (C:\Dev\Zo\sass-store\apps\web\node_modules\next\dist\server\require-hook.js:68:28)
    at require (node:internal/modules/helpers:135:16)
    at Object.<anonymous> (C:\Dev\Zo\sass-store\apps\web\node_modules\tailwindcss\lib\plugin.js:5:70)
    at Module._compile (node:internal/modules/cjs/loader:1730:14)
    at Object..js (node:internal/modules/cjs/loader:1895:10)
    at Module.load (node:internal/modules/cjs/loader:1465:32)
    at Function._load (node:internal/modules/cjs/loader:1282:12)
    at TracingChannel.traceSync (node:diagnostics_channel:322:14)
    at wrapModuleLoad (node:internal/modules/cjs/loader:235:24)
    at Module.<anonymous> (node:internal/modules/cjs/loader:1487:12)
    at mod.require (C:\Dev\Zo\sass-store\apps\web\node_modules\next\dist\server\require-hook.js:68:28)
    at require (node:internal/modules/helpers:135:16)
    at Object.<anonymous> (C:\Dev\Zo\sass-store\apps\web\node_modules\tailwindcss\lib\index.js:2:18)
    at Module._compile (node:internal/modules/cjs/loader:1730:14)
    at Object..js (node:internal/modules/cjs/loader:1895:10)
    at Module.load (node:internal/modules/cjs/loader:1465:32)
    at Function._load (node:internal/modules/cjs/loader:1282:12)
    at TracingChannel.traceSync (node:diagnostics_channel:322:14)
    at wrapModuleLoad (node:internal/modules/cjs/loader:235:24)
    at Module.<anonymous> (node:internal/modules/cjs/loader:1487:12)
    at mod.require (C:\Dev\Zo\sass-store\apps\web\node_modules\next\dist\server\require-hook.js:68:28)
    at require (node:internal/modules/helpers:135:16)
]]>
</system-err>
</testcase>
<testcase name="Corrected Mobile Performance with Better Resource Handling › should serve appropriately sized images for mobile with fallbacks" classname="subset\corrected-tests-extended.spec.ts" time="1.619">
<system-out>
<![CDATA[Mobile optimized images: 0/0
]]>
</system-out>
</testcase>
<testcase name="Corrected Mobile Performance with Better Resource Handling › should minimize JavaScript execution time" classname="subset\corrected-tests-extended.spec.ts" time="1.286">
<system-out>
<![CDATA[Total JS Execution Time: 0ms
]]>
</system-out>
</testcase>
<testcase name="Corrected Mobile Performance with Better Resource Handling › should lazy load below-the-fold content with proper checks" classname="subset\corrected-tests-extended.spec.ts" time="1.232">
<system-out>
<![CDATA[Lazy loaded images: 0/0
]]>
</system-out>
</testcase>
<testcase name="Corrected Mobile Performance with Better Resource Handling › should minimize layout shifts on mobile" classname="subset\corrected-tests-extended.spec.ts" time="4.637">
<system-out>
<![CDATA[Mobile CLS: 0
]]>
</system-out>
</testcase>
<testcase name="Corrected Authentication Tests › should handle login with error validation" classname="subset\corrected-tests-extended.spec.ts" time="1.666">
</testcase>
<testcase name="Corrected Authentication Tests › should handle registration with form validation" classname="subset\corrected-tests-extended.spec.ts" time="2.33">
</testcase>
<testcase name="Corrected Navigation Tests › should navigate between pages without errors" classname="subset\corrected-tests-extended.spec.ts" time="3.944">
</testcase>
<testcase name="Corrected Navigation Tests › should handle navigation with dynamic routes" classname="subset\corrected-tests-extended.spec.ts" time="3.351">
</testcase>
<testcase name="Corrected API Integration Tests › should handle API calls correctly" classname="subset\corrected-tests-extended.spec.ts" time="0.95">
<failure message="corrected-tests-extended.spec.ts:532:7 should handle API calls correctly" type="FAILURE">
<![CDATA[  [webkit] › subset\corrected-tests-extended.spec.ts:532:7 › Corrected API Integration Tests › should handle API calls correctly 

    Error: expect(received).toBeTruthy()

    Received: false

      534 |     const response = await request.get('/api/products?limit=5');
      535 |     
    > 536 |     expect(response.ok()).toBeTruthy();
          |                           ^
      537 |     expect(response.status()).toBe(200);
      538 |     
      539 |     const data = await response.json();
        at C:\Dev\Zo\sass-store\tests\e2e\subset\corrected-tests-extended.spec.ts:536:27

    attachment #1: screenshot (image/png) ──────────────────────────────────────────────────────────
    ..\..\test-results\subset-corrected-tests-ext-b9963--handle-API-calls-correctly-webkit\test-failed-1.png
    ────────────────────────────────────────────────────────────────────────────────────────────────

    attachment #2: video (video/webm) ──────────────────────────────────────────────────────────────
    ..\..\test-results\subset-corrected-tests-ext-b9963--handle-API-calls-correctly-webkit\video.webm
    ────────────────────────────────────────────────────────────────────────────────────────────────
]]>
</failure>
<system-out>
<![CDATA[
[[ATTACHMENT|subset-corrected-tests-ext-b9963--handle-API-calls-correctly-webkit\test-failed-1.png]]

[[ATTACHMENT|subset-corrected-tests-ext-b9963--handle-API-calls-correctly-webkit\video.webm]]
]]>
</system-out>
</testcase>
<testcase name="Corrected API Integration Tests › should handle API errors gracefully" classname="subset\corrected-tests-extended.spec.ts" time="0.694">
</testcase>
<testcase name="Corrected Tenant Isolation Tests › should isolate data between tenants" classname="subset\corrected-tests-extended.spec.ts" time="4.035">
</testcase>
<testcase name="Corrected Cart Operations › should handle cart additions properly" classname="subset\corrected-tests-extended.spec.ts" time="2.871">
</testcase>
<testcase name="Corrected Form Submission › should handle form submission with validation" classname="subset\corrected-tests-extended.spec.ts" time="2.853">
</testcase>
</testsuite>
<testsuite name="subset\corrected-tests-final.spec.ts" timestamp="2025-10-29T19:08:05.826Z" hostname="webkit" tests="27" failures="7" skipped="0" time="83.398" errors="0">
<testcase name="Corrected Authentication Tests › should handle forgot password flow with proper validation" classname="subset\corrected-tests-final.spec.ts" time="1.548">
</testcase>
<testcase name="Corrected Authentication Tests › should handle registration with password validation" classname="subset\corrected-tests-final.spec.ts" time="1.512">
</testcase>
<testcase name="Corrected SEO Tests › should have proper meta tags for SEO" classname="subset\corrected-tests-final.spec.ts" time="1.783">
<failure message="corrected-tests-final.spec.ts:75:7 should have proper meta tags for SEO" type="FAILURE">
<![CDATA[  [webkit] › subset\corrected-tests-final.spec.ts:75:7 › Corrected SEO Tests › should have proper meta tags for SEO 

    Error: expect(received).toBeGreaterThan(expected)

    Expected: > 0
    Received:   0

      78 |     // Check for title tag
      79 |     const title = await page.title();
    > 80 |     expect(title.length).toBeGreaterThan(0);
         |                          ^
      81 |
      82 |     // Check for meta description
      83 |     const metaDescription = await page.locator('meta[name="description"]').first().getAttribute('content');
        at C:\Dev\Zo\sass-store\tests\e2e\subset\corrected-tests-final.spec.ts:80:26

    attachment #1: screenshot (image/png) ──────────────────────────────────────────────────────────
    ..\..\test-results\subset-corrected-tests-fin-1002c-ve-proper-meta-tags-for-SEO-webkit\test-failed-1.png
    ────────────────────────────────────────────────────────────────────────────────────────────────

    attachment #2: video (video/webm) ──────────────────────────────────────────────────────────────
    ..\..\test-results\subset-corrected-tests-fin-1002c-ve-proper-meta-tags-for-SEO-webkit\video.webm
    ────────────────────────────────────────────────────────────────────────────────────────────────
]]>
</failure>
<system-out>
<![CDATA[
[[ATTACHMENT|subset-corrected-tests-fin-1002c-ve-proper-meta-tags-for-SEO-webkit\test-failed-1.png]]

[[ATTACHMENT|subset-corrected-tests-fin-1002c-ve-proper-meta-tags-for-SEO-webkit\video.webm]]
]]>
</system-out>
</testcase>
<testcase name="Corrected SEO Tests › should have proper heading hierarchy" classname="subset\corrected-tests-final.spec.ts" time="2.415">
<failure message="corrected-tests-final.spec.ts:98:7 should have proper heading hierarchy" type="FAILURE">
<![CDATA[  [webkit] › subset\corrected-tests-final.spec.ts:98:7 › Corrected SEO Tests › should have proper heading hierarchy 

    Error: expect(received).toBe(expected) // Object.is equality

    Expected: 1
    Received: 0

      101 |     // Check for H1
      102 |     const h1Elements = await page.locator('h1').all();
    > 103 |     expect(h1Elements.length).toBe(1);
          |                               ^
      104 |
      105 |     // Check that H1 is visible and has content
      106 |     if (h1Elements.length > 0) {
        at C:\Dev\Zo\sass-store\tests\e2e\subset\corrected-tests-final.spec.ts:103:31

    attachment #1: screenshot (image/png) ──────────────────────────────────────────────────────────
    ..\..\test-results\subset-corrected-tests-fin-580fa-ve-proper-heading-hierarchy-webkit\test-failed-1.png
    ────────────────────────────────────────────────────────────────────────────────────────────────

    attachment #2: video (video/webm) ──────────────────────────────────────────────────────────────
    ..\..\test-results\subset-corrected-tests-fin-580fa-ve-proper-heading-hierarchy-webkit\video.webm
    ────────────────────────────────────────────────────────────────────────────────────────────────
]]>
</failure>
<system-out>
<![CDATA[
[[ATTACHMENT|subset-corrected-tests-fin-580fa-ve-proper-heading-hierarchy-webkit\test-failed-1.png]]

[[ATTACHMENT|subset-corrected-tests-fin-580fa-ve-proper-heading-hierarchy-webkit\video.webm]]
]]>
</system-out>
</testcase>
<testcase name="Corrected Cost Guard Tests › should handle eco mode when approaching cost limits" classname="subset\corrected-tests-final.spec.ts" time="7.654">
</testcase>
<testcase name="Corrected Cost Guard Tests › should manage resource quotas properly" classname="subset\corrected-tests-final.spec.ts" time="7.886">
<failure message="corrected-tests-final.spec.ts:149:7 should manage resource quotas properly" type="FAILURE">
<![CDATA[  [webkit] › subset\corrected-tests-final.spec.ts:149:7 › Corrected Cost Guard Tests › should manage resource quotas properly 

    Error: expect(received).toBe(expected) // Object.is equality

    Expected: true
    Received: false

      155 |
      156 |     const hasStorageInfo = await storageUsed.count() > 0 || await storageLimit.count() > 0;
    > 157 |     expect(hasStorageInfo).toBe(true);
          |                            ^
      158 |   });
      159 | });
      160 |
        at C:\Dev\Zo\sass-store\tests\e2e\subset\corrected-tests-final.spec.ts:157:28

    attachment #1: screenshot (image/png) ──────────────────────────────────────────────────────────
    ..\..\test-results\subset-corrected-tests-fin-e5ae1-ge-resource-quotas-properly-webkit\test-failed-1.png
    ────────────────────────────────────────────────────────────────────────────────────────────────

    attachment #2: video (video/webm) ──────────────────────────────────────────────────────────────
    ..\..\test-results\subset-corrected-tests-fin-e5ae1-ge-resource-quotas-properly-webkit\video.webm
    ────────────────────────────────────────────────────────────────────────────────────────────────

    Error Context: ..\..\test-results\subset-corrected-tests-fin-e5ae1-ge-resource-quotas-properly-webkit\error-context.md
]]>
</failure>
<system-out>
<![CDATA[
[[ATTACHMENT|subset-corrected-tests-fin-e5ae1-ge-resource-quotas-properly-webkit\test-failed-1.png]]

[[ATTACHMENT|subset-corrected-tests-fin-e5ae1-ge-resource-quotas-properly-webkit\video.webm]]

[[ATTACHMENT|subset-corrected-tests-fin-e5ae1-ge-resource-quotas-properly-webkit\error-context.md]]
]]>
</system-out>
</testcase>
<testcase name="Corrected Booking Tests › should handle booking cancellation" classname="subset\corrected-tests-final.spec.ts" time="4.493">
</testcase>
<testcase name="Corrected Booking Tests › should show available time slots" classname="subset\corrected-tests-final.spec.ts" time="5.017">
</testcase>
<testcase name="Corrected Carousel Tests › should navigate carousel items properly" classname="subset\corrected-tests-final.spec.ts" time="3.723">
</testcase>
<testcase name="Corrected Media Pipeline Tests › should handle media uploads with progress tracking" classname="subset\corrected-tests-final.spec.ts" time="5.11">
</testcase>
<testcase name="Corrected Reorder Tests › should handle reorder with minimal clicks" classname="subset\corrected-tests-final.spec.ts" time="3.089">
</testcase>
<testcase name="Corrected Fallback Tests › should show fallback content when primary content fails" classname="subset\corrected-tests-final.spec.ts" time="2.749">
</testcase>
<testcase name="Corrected Interaction Tests › should handle hover states properly" classname="subset\corrected-tests-final.spec.ts" time="2.084">
</testcase>
<testcase name="Corrected Interaction Tests › should handle touch events on mobile" classname="subset\corrected-tests-final.spec.ts" time="2.053">
</testcase>
<testcase name="Corrected Multitenant Tests › should load tenant-specific branding" classname="subset\corrected-tests-final.spec.ts" time="3.413">
<failure message="corrected-tests-final.spec.ts:331:7 should load tenant-specific branding" type="FAILURE">
<![CDATA[  [webkit] › subset\corrected-tests-final.spec.ts:331:7 › Corrected Multitenant Tests › should load tenant-specific branding 

    Error: expect(received).toBe(expected) // Object.is equality

    Expected: true
    Received: false

      339 |       const primaryColorElement = page.locator('[style*="color"], [style*="background"]');
      340 |       const hasTenantColor = await primaryColorElement.count() > 0;
    > 341 |       expect(hasTenantColor).toBe(true);
          |                              ^
      342 |
      343 |       // Check for tenant name in page
      344 |       const pageTitle = await page.title();
        at C:\Dev\Zo\sass-store\tests\e2e\subset\corrected-tests-final.spec.ts:341:30

    attachment #1: screenshot (image/png) ──────────────────────────────────────────────────────────
    ..\..\test-results\subset-corrected-tests-fin-3a139-ad-tenant-specific-branding-webkit\test-failed-1.png
    ────────────────────────────────────────────────────────────────────────────────────────────────

    attachment #2: video (video/webm) ──────────────────────────────────────────────────────────────
    ..\..\test-results\subset-corrected-tests-fin-3a139-ad-tenant-specific-branding-webkit\video.webm
    ────────────────────────────────────────────────────────────────────────────────────────────────

    Error Context: ..\..\test-results\subset-corrected-tests-fin-3a139-ad-tenant-specific-branding-webkit\error-context.md
]]>
</failure>
<system-out>
<![CDATA[
[[ATTACHMENT|subset-corrected-tests-fin-3a139-ad-tenant-specific-branding-webkit\test-failed-1.png]]

[[ATTACHMENT|subset-corrected-tests-fin-3a139-ad-tenant-specific-branding-webkit\video.webm]]

[[ATTACHMENT|subset-corrected-tests-fin-3a139-ad-tenant-specific-branding-webkit\error-context.md]]
]]>
</system-out>
</testcase>
<testcase name="Corrected Self-Healing Tests › should recover from API service interruption" classname="subset\corrected-tests-final.spec.ts" time="3.302">
</testcase>
<testcase name="Corrected Social Planner Tests › should handle social media post scheduling" classname="subset\corrected-tests-final.spec.ts" time="2.001">
</testcase>
<testcase name="Corrected UX Tests › should maintain consistent UX patterns" classname="subset\corrected-tests-final.spec.ts" time="2.022">
</testcase>
<testcase name="Corrected Click Budget Tests › should complete purchase in 3 clicks" classname="subset\corrected-tests-final.spec.ts" time="3.347">
</testcase>
<testcase name="Corrected Reviews Tests › should display and submit reviews properly" classname="subset\corrected-tests-final.spec.ts" time="2.392">
</testcase>
<testcase name="Corrected Performance Tests › should measure core web vitals correctly" classname="subset\corrected-tests-final.spec.ts" time="5.959">
<failure message="corrected-tests-final.spec.ts:511:7 should measure core web vitals correctly" type="FAILURE">
<![CDATA[  [webkit] › subset\corrected-tests-final.spec.ts:511:7 › Corrected Performance Tests › should measure core web vitals correctly 

    Error: expect(received).toBeDefined()

    Received: undefined

      554 |     // These values are targets, actual values may vary
      555 |     // We're testing that the metrics were at least captured
    > 556 |     expect(metrics.lcp).toBeDefined();
          |                         ^
      557 |     expect(metrics.cls).toBeDefined();
      558 |     console.log(`LCP: ${metrics.lcp}, CLS: ${metrics.cls}`);
      559 |   });
        at C:\Dev\Zo\sass-store\tests\e2e\subset\corrected-tests-final.spec.ts:556:25

    attachment #1: screenshot (image/png) ──────────────────────────────────────────────────────────
    ..\..\test-results\subset-corrected-tests-fin-c9179-e-core-web-vitals-correctly-webkit\test-failed-1.png
    ────────────────────────────────────────────────────────────────────────────────────────────────

    attachment #2: video (video/webm) ──────────────────────────────────────────────────────────────
    ..\..\test-results\subset-corrected-tests-fin-c9179-e-core-web-vitals-correctly-webkit\video.webm
    ────────────────────────────────────────────────────────────────────────────────────────────────

    Error Context: ..\..\test-results\subset-corrected-tests-fin-c9179-e-core-web-vitals-correctly-webkit\error-context.md
]]>
</failure>
<system-out>
<![CDATA[
[[ATTACHMENT|subset-corrected-tests-fin-c9179-e-core-web-vitals-correctly-webkit\test-failed-1.png]]

[[ATTACHMENT|subset-corrected-tests-fin-c9179-e-core-web-vitals-correctly-webkit\video.webm]]

[[ATTACHMENT|subset-corrected-tests-fin-c9179-e-core-web-vitals-correctly-webkit\error-context.md]]
]]>
</system-out>
</testcase>
<testcase name="Corrected Tenant Security Tests › should enforce tenant access controls" classname="subset\corrected-tests-final.spec.ts" time="2.465">
</testcase>
<testcase name="Corrected Quotas Tests › should respect API rate limits" classname="subset\corrected-tests-final.spec.ts" time="1.456">
<failure message="corrected-tests-final.spec.ts:576:7 should respect API rate limits" type="FAILURE">
<![CDATA[  [webkit] › subset\corrected-tests-final.spec.ts:576:7 › Corrected Quotas Tests › should respect API rate limits 

    Error: expect(received).toBeLessThanOrEqual(expected)

    Expected: <= 5
    Received:    20

      586 |     // If rate limiting is working, some requests might be limited
      587 |     // but not all should fail
    > 588 |     expect(errorResponses.length).toBeLessThanOrEqual(5); // At most 5 should fail
          |                                   ^
      589 |   });
      590 | });
      591 |
        at C:\Dev\Zo\sass-store\tests\e2e\subset\corrected-tests-final.spec.ts:588:35

    attachment #1: screenshot (image/png) ──────────────────────────────────────────────────────────
    ..\..\test-results\subset-corrected-tests-fin-f62bc-uld-respect-API-rate-limits-webkit\test-failed-1.png
    ────────────────────────────────────────────────────────────────────────────────────────────────

    attachment #2: video (video/webm) ──────────────────────────────────────────────────────────────
    ..\..\test-results\subset-corrected-tests-fin-f62bc-uld-respect-API-rate-limits-webkit\video.webm
    ────────────────────────────────────────────────────────────────────────────────────────────────
]]>
</failure>
<system-out>
<![CDATA[
[[ATTACHMENT|subset-corrected-tests-fin-f62bc-uld-respect-API-rate-limits-webkit\test-failed-1.png]]

[[ATTACHMENT|subset-corrected-tests-fin-f62bc-uld-respect-API-rate-limits-webkit\video.webm]]
]]>
</system-out>
</testcase>
<testcase name="Corrected Fallback Tests › should provide fallback for missing images" classname="subset\corrected-tests-final.spec.ts" time="1.694">
<failure message="corrected-tests-final.spec.ts:593:7 should provide fallback for missing images" type="FAILURE">
<![CDATA[  [webkit] › subset\corrected-tests-final.spec.ts:593:7 › Corrected Fallback Tests › should provide fallback for missing images 

    Error: expect(received).toBeGreaterThan(expected)

    Expected: > 0
    Received:   0

      607 |     // Page should still be functional despite missing images
      608 |     const contentElements = page.locator('[data-testid="content"], .content, main');
    > 609 |     expect(await contentElements.count()).toBeGreaterThan(0);
          |                                           ^
      610 |   });
      611 | });
      612 |
        at C:\Dev\Zo\sass-store\tests\e2e\subset\corrected-tests-final.spec.ts:609:43

    attachment #1: screenshot (image/png) ──────────────────────────────────────────────────────────
    ..\..\test-results\subset-corrected-tests-fin-2d647-fallback-for-missing-images-webkit\test-failed-1.png
    ────────────────────────────────────────────────────────────────────────────────────────────────

    attachment #2: video (video/webm) ──────────────────────────────────────────────────────────────
    ..\..\test-results\subset-corrected-tests-fin-2d647-fallback-for-missing-images-webkit\video.webm
    ────────────────────────────────────────────────────────────────────────────────────────────────

    Error Context: ..\..\test-results\subset-corrected-tests-fin-2d647-fallback-for-missing-images-webkit\error-context.md
]]>
</failure>
<system-out>
<![CDATA[
[[ATTACHMENT|subset-corrected-tests-fin-2d647-fallback-for-missing-images-webkit\test-failed-1.png]]

[[ATTACHMENT|subset-corrected-tests-fin-2d647-fallback-for-missing-images-webkit\video.webm]]

[[ATTACHMENT|subset-corrected-tests-fin-2d647-fallback-for-missing-images-webkit\error-context.md]]
]]>
</system-out>
</testcase>
<testcase name="Corrected Navigation Tests › should maintain navigation state across page loads" classname="subset\corrected-tests-final.spec.ts" time="1.791">
</testcase>
<testcase name="Corrected Utils Tests › should format currency correctly across locales" classname="subset\corrected-tests-final.spec.ts" time="1.746">
</testcase>
<testcase name="Corrected Global Setup Tests › should initialize with correct configuration" classname="subset\corrected-tests-final.spec.ts" time="0.694">
</testcase>
</testsuite>
<testsuite name="subset\corrected-tests-remaining.spec.ts" timestamp="2025-10-29T19:08:05.826Z" hostname="webkit" tests="32" failures="9" skipped="0" time="148.998" errors="0">
<testcase name="Corrected Accessibility Main Tests › should have proper semantic HTML structure" classname="subset\corrected-tests-remaining.spec.ts" time="1.769">
</testcase>
<testcase name="Corrected Click Budget Tests › should complete service booking in 2 clicks" classname="subset\corrected-tests-remaining.spec.ts" time="2.69">
</testcase>
<testcase name="Corrected Continuation Tests › should handle session continuation properly" classname="subset\corrected-tests-remaining.spec.ts" time="3.717">
</testcase>
<testcase name="Corrected Forgot Password Tests › should handle password reset flow" classname="subset\corrected-tests-remaining.spec.ts" time="1.56">
</testcase>
<testcase name="Corrected Performance Main Tests › should meet performance budgets" classname="subset\corrected-tests-remaining.spec.ts" time="2.668">
</testcase>
<testcase name="Corrected Reviews Tests › should display reviews correctly" classname="subset\corrected-tests-remaining.spec.ts" time="1.821">
</testcase>
<testcase name="Corrected Tenant Security Tests › should enforce proper tenant boundaries" classname="subset\corrected-tests-remaining.spec.ts" time="0.932">
<failure message="corrected-tests-remaining.spec.ts:145:7 should enforce proper tenant boundaries" type="FAILURE">
<![CDATA[  [webkit] › subset\corrected-tests-remaining.spec.ts:145:7 › Corrected Tenant Security Tests › should enforce proper tenant boundaries 

    Error: expect(received).toBeDefined()

    Received: undefined

      149 |     });
      150 |
    > 151 |     expect(tenantData).toBeDefined();
          |                        ^
      152 |     expect(tenantData?.slug).toBe('wondernails');
      153 |   });
      154 | });
        at C:\Dev\Zo\sass-store\tests\e2e\subset\corrected-tests-remaining.spec.ts:151:24

    attachment #1: screenshot (image/png) ──────────────────────────────────────────────────────────
    ..\..\test-results\subset-corrected-tests-rem-c8c5c-ce-proper-tenant-boundaries-webkit\test-failed-1.png
    ────────────────────────────────────────────────────────────────────────────────────────────────

    attachment #2: video (video/webm) ──────────────────────────────────────────────────────────────
    ..\..\test-results\subset-corrected-tests-rem-c8c5c-ce-proper-tenant-boundaries-webkit\video.webm
    ────────────────────────────────────────────────────────────────────────────────────────────────
]]>
</failure>
<system-out>
<![CDATA[
[[ATTACHMENT|subset-corrected-tests-rem-c8c5c-ce-proper-tenant-boundaries-webkit\test-failed-1.png]]

[[ATTACHMENT|subset-corrected-tests-rem-c8c5c-ce-proper-tenant-boundaries-webkit\video.webm]]
]]>
</system-out>
</testcase>
<testcase name="Corrected A11y Compliance Tests › should meet accessibility compliance standards" classname="subset\corrected-tests-remaining.spec.ts" time="2.072">
</testcase>
<testcase name="Corrected Keyboard Navigation Tests › should support full keyboard navigation" classname="subset\corrected-tests-remaining.spec.ts" time="2.204">
</testcase>
<testcase name="Corrected Carousel Tests › should handle carousel navigation" classname="subset\corrected-tests-remaining.spec.ts" time="1.826">
</testcase>
<testcase name="Corrected Fallback Comprehensive Tests › should handle API fallbacks gracefully" classname="subset\corrected-tests-remaining.spec.ts" time="2.183">
<failure message="corrected-tests-remaining.spec.ts:222:7 should handle API fallbacks gracefully" type="FAILURE">
<![CDATA[  [webkit] › subset\corrected-tests-remaining.spec.ts:222:7 › Corrected Fallback Comprehensive Tests › should handle API fallbacks gracefully 

    Error: expect(received).toBeGreaterThan(expected)

    Expected: > 0
    Received:   0

      236 |     // The page should still render with fallback content
      237 |     const contentElement = page.locator('[data-testid="content"], main');
    > 238 |     expect(await contentElement.count()).toBeGreaterThan(0);
          |                                          ^
      239 |   });
      240 | });
      241 |
        at C:\Dev\Zo\sass-store\tests\e2e\subset\corrected-tests-remaining.spec.ts:238:42

    attachment #1: screenshot (image/png) ──────────────────────────────────────────────────────────
    ..\..\test-results\subset-corrected-tests-rem-221db-le-API-fallbacks-gracefully-webkit\test-failed-1.png
    ────────────────────────────────────────────────────────────────────────────────────────────────

    attachment #2: video (video/webm) ──────────────────────────────────────────────────────────────
    ..\..\test-results\subset-corrected-tests-rem-221db-le-API-fallbacks-gracefully-webkit\video.webm
    ────────────────────────────────────────────────────────────────────────────────────────────────

    Error Context: ..\..\test-results\subset-corrected-tests-rem-221db-le-API-fallbacks-gracefully-webkit\error-context.md
]]>
</failure>
<system-out>
<![CDATA[
[[ATTACHMENT|subset-corrected-tests-rem-221db-le-API-fallbacks-gracefully-webkit\test-failed-1.png]]

[[ATTACHMENT|subset-corrected-tests-rem-221db-le-API-fallbacks-gracefully-webkit\video.webm]]

[[ATTACHMENT|subset-corrected-tests-rem-221db-le-API-fallbacks-gracefully-webkit\error-context.md]]
]]>
</system-out>
</testcase>
<testcase name="Corrected Media Optimization Tests › should load optimized media" classname="subset\corrected-tests-remaining.spec.ts" time="1.582">
</testcase>
<testcase name="Corrected Tenant Isolation Tests › should maintain proper tenant isolation" classname="subset\corrected-tests-remaining.spec.ts" time="2.421">
<failure message="corrected-tests-remaining.spec.ts:264:7 should maintain proper tenant isolation" type="FAILURE">
<![CDATA[  [webkit] › subset\corrected-tests-remaining.spec.ts:264:7 › Corrected Tenant Isolation Tests › should maintain proper tenant isolation 

    Error: expect(received).toContain(expected) // indexOf

    Expected substring: "wondernails"
    Received string:    ""

      272 |
      273 |     // The titles should reflect each tenant
    > 274 |     expect(wondernailsTitle.toLowerCase()).toContain('wondernails');
          |                                            ^
      275 |     expect(vainillaTitle.toLowerCase()).toContain('vainilla');
      276 |   });
      277 | });
        at C:\Dev\Zo\sass-store\tests\e2e\subset\corrected-tests-remaining.spec.ts:274:44

    attachment #1: screenshot (image/png) ──────────────────────────────────────────────────────────
    ..\..\test-results\subset-corrected-tests-rem-30fd4-ain-proper-tenant-isolation-webkit\test-failed-1.png
    ────────────────────────────────────────────────────────────────────────────────────────────────

    attachment #2: video (video/webm) ──────────────────────────────────────────────────────────────
    ..\..\test-results\subset-corrected-tests-rem-30fd4-ain-proper-tenant-isolation-webkit\video.webm
    ────────────────────────────────────────────────────────────────────────────────────────────────

    Error Context: ..\..\test-results\subset-corrected-tests-rem-30fd4-ain-proper-tenant-isolation-webkit\error-context.md
]]>
</failure>
<system-out>
<![CDATA[
[[ATTACHMENT|subset-corrected-tests-rem-30fd4-ain-proper-tenant-isolation-webkit\test-failed-1.png]]

[[ATTACHMENT|subset-corrected-tests-rem-30fd4-ain-proper-tenant-isolation-webkit\video.webm]]

[[ATTACHMENT|subset-corrected-tests-rem-30fd4-ain-proper-tenant-isolation-webkit\error-context.md]]
]]>
</system-out>
</testcase>
<testcase name="Corrected Navigation Flows Tests › should maintain navigation context" classname="subset\corrected-tests-remaining.spec.ts" time="1.682">
</testcase>
<testcase name="Corrected Core Web Vitals Tests › should measure core web vitals" classname="subset\corrected-tests-remaining.spec.ts" time="60.613">
<failure message="corrected-tests-remaining.spec.ts:305:7 should measure core web vitals" type="FAILURE">
<![CDATA[  [webkit] › subset\corrected-tests-remaining.spec.ts:305:7 › Corrected Core Web Vitals Tests › should measure core web vitals 

    Test timeout of 60000ms exceeded.

    Error: page.evaluate: Test timeout of 60000ms exceeded.

      307 |
      308 |     // Measure Largest Contentful Paint
    > 309 |     const lcp = await page.evaluate(() => {
          |                            ^
      310 |       return new Promise<number>((resolve) => {
      311 |         new PerformanceObserver((list) => {
      312 |           const entries = list.getEntries();
        at C:\Dev\Zo\sass-store\tests\e2e\subset\corrected-tests-remaining.spec.ts:309:28

    attachment #1: screenshot (image/png) ──────────────────────────────────────────────────────────
    ..\..\test-results\subset-corrected-tests-rem-b64d9-uld-measure-core-web-vitals-webkit\test-failed-1.png
    ────────────────────────────────────────────────────────────────────────────────────────────────

    attachment #2: video (video/webm) ──────────────────────────────────────────────────────────────
    ..\..\test-results\subset-corrected-tests-rem-b64d9-uld-measure-core-web-vitals-webkit\video.webm
    ────────────────────────────────────────────────────────────────────────────────────────────────

    Error Context: ..\..\test-results\subset-corrected-tests-rem-b64d9-uld-measure-core-web-vitals-webkit\error-context.md
]]>
</failure>
<system-out>
<![CDATA[
[[ATTACHMENT|subset-corrected-tests-rem-b64d9-uld-measure-core-web-vitals-webkit\test-failed-1.png]]

[[ATTACHMENT|subset-corrected-tests-rem-b64d9-uld-measure-core-web-vitals-webkit\video.webm]]

[[ATTACHMENT|subset-corrected-tests-rem-b64d9-uld-measure-core-web-vitals-webkit\error-context.md]]
]]>
</system-out>
</testcase>
<testcase name="Corrected Self-Healing Validation Tests › should recover from temporary failures" classname="subset\corrected-tests-remaining.spec.ts" time="1.895">
<failure message="corrected-tests-remaining.spec.ts:327:7 should recover from temporary failures" type="FAILURE">
<![CDATA[  [webkit] › subset\corrected-tests-remaining.spec.ts:327:7 › Corrected Self-Healing Validation Tests › should recover from temporary failures 

    Error: expect(received).toBeGreaterThan(expected)

    Expected: > 0
    Received:   0

      335 |     // The application should continue functioning
      336 |     const elements = page.locator('[data-testid="content"], main');
    > 337 |     expect(await elements.count()).toBeGreaterThan(0);
          |                                    ^
      338 |
      339 |     // Should handle the error without crashing
      340 |     let errorCount = 0;
        at C:\Dev\Zo\sass-store\tests\e2e\subset\corrected-tests-remaining.spec.ts:337:36

    attachment #1: screenshot (image/png) ──────────────────────────────────────────────────────────
    ..\..\test-results\subset-corrected-tests-rem-424a6-ver-from-temporary-failures-webkit\test-failed-1.png
    ────────────────────────────────────────────────────────────────────────────────────────────────

    attachment #2: video (video/webm) ──────────────────────────────────────────────────────────────
    ..\..\test-results\subset-corrected-tests-rem-424a6-ver-from-temporary-failures-webkit\video.webm
    ────────────────────────────────────────────────────────────────────────────────────────────────

    Error Context: ..\..\test-results\subset-corrected-tests-rem-424a6-ver-from-temporary-failures-webkit\error-context.md
]]>
</failure>
<system-out>
<![CDATA[
[[ATTACHMENT|subset-corrected-tests-rem-424a6-ver-from-temporary-failures-webkit\test-failed-1.png]]

[[ATTACHMENT|subset-corrected-tests-rem-424a6-ver-from-temporary-failures-webkit\video.webm]]

[[ATTACHMENT|subset-corrected-tests-rem-424a6-ver-from-temporary-failures-webkit\error-context.md]]
]]>
</system-out>
</testcase>
<testcase name="Corrected Social Planner Flow Tests › should handle social media scheduling" classname="subset\corrected-tests-remaining.spec.ts" time="1.827">
</testcase>
<testcase name="Corrected UX Click Budget Tests › should maintain UX click budget" classname="subset\corrected-tests-remaining.spec.ts" time="16.972">
<failure message="corrected-tests-remaining.spec.ts:374:7 should maintain UX click budget" type="FAILURE">
<![CDATA[  [webkit] › subset\corrected-tests-remaining.spec.ts:374:7 › Corrected UX Click Budget Tests › should maintain UX click budget 

    TimeoutError: page.click: Timeout 15000ms exceeded.
    Call log:
      - waiting for locator('a[href*="/products"]')


      386 |
      387 |     // Navigate to products
    > 388 |     await page.click('a[href*="/products"]');
          |                ^
      389 |     clickCount = await page.evaluate(() => (window as any).clickCount || 0);
      390 |
      391 |     // Add to cart
        at C:\Dev\Zo\sass-store\tests\e2e\subset\corrected-tests-remaining.spec.ts:388:16

    attachment #1: screenshot (image/png) ──────────────────────────────────────────────────────────
    ..\..\test-results\subset-corrected-tests-rem-b7e50-ld-maintain-UX-click-budget-webkit\test-failed-1.png
    ────────────────────────────────────────────────────────────────────────────────────────────────

    attachment #2: video (video/webm) ──────────────────────────────────────────────────────────────
    ..\..\test-results\subset-corrected-tests-rem-b7e50-ld-maintain-UX-click-budget-webkit\video.webm
    ────────────────────────────────────────────────────────────────────────────────────────────────

    Error Context: ..\..\test-results\subset-corrected-tests-rem-b7e50-ld-maintain-UX-click-budget-webkit\error-context.md
]]>
</failure>
<system-out>
<![CDATA[
[[ATTACHMENT|subset-corrected-tests-rem-b7e50-ld-maintain-UX-click-budget-webkit\test-failed-1.png]]

[[ATTACHMENT|subset-corrected-tests-rem-b7e50-ld-maintain-UX-click-budget-webkit\video.webm]]

[[ATTACHMENT|subset-corrected-tests-rem-b7e50-ld-maintain-UX-click-budget-webkit\error-context.md]]
]]>
</system-out>
</testcase>
<testcase name="Corrected Product Catalog Isolation Tests › should prevent cross-tenant product access" classname="subset\corrected-tests-remaining.spec.ts" time="1.418">
</testcase>
<testcase name="Corrected Booking System Isolation Tests › should maintain booking isolation between tenants" classname="subset\corrected-tests-remaining.spec.ts" time="16.792">
<failure message="corrected-tests-remaining.spec.ts:420:7 should maintain booking isolation between tenants" type="FAILURE">
<![CDATA[  [webkit] › subset\corrected-tests-remaining.spec.ts:420:7 › Corrected Booking System Isolation Tests › should maintain booking isolation between tenants 

    TimeoutError: locator.textContent: Timeout 15000ms exceeded.
    Call log:
      - waiting for locator('main, [data-testid="bookings-content"]')


      422 |     
      423 |     // Check that the page is specific to the tenant
    > 424 |     const pageContent = await page.locator('main, [data-testid="bookings-content"]').textContent();
          |                                                                                      ^
      425 |     expect(pageContent).toBeDefined();
      426 |   });
      427 | });
        at C:\Dev\Zo\sass-store\tests\e2e\subset\corrected-tests-remaining.spec.ts:424:86

    attachment #1: screenshot (image/png) ──────────────────────────────────────────────────────────
    ..\..\test-results\subset-corrected-tests-rem-a9482-g-isolation-between-tenants-webkit\test-failed-1.png
    ────────────────────────────────────────────────────────────────────────────────────────────────

    attachment #2: video (video/webm) ──────────────────────────────────────────────────────────────
    ..\..\test-results\subset-corrected-tests-rem-a9482-g-isolation-between-tenants-webkit\video.webm
    ────────────────────────────────────────────────────────────────────────────────────────────────

    Error Context: ..\..\test-results\subset-corrected-tests-rem-a9482-g-isolation-between-tenants-webkit\error-context.md
]]>
</failure>
<system-out>
<![CDATA[
[[ATTACHMENT|subset-corrected-tests-rem-a9482-g-isolation-between-tenants-webkit\test-failed-1.png]]

[[ATTACHMENT|subset-corrected-tests-rem-a9482-g-isolation-between-tenants-webkit\video.webm]]

[[ATTACHMENT|subset-corrected-tests-rem-a9482-g-isolation-between-tenants-webkit\error-context.md]]
]]>
</system-out>
</testcase>
<testcase name="Corrected Cart Multiple Items Tests › should handle cart operations correctly" classname="subset\corrected-tests-remaining.spec.ts" time="1.4">
</testcase>
<testcase name="Corrected Payment Timeout Recovery Tests › should handle payment timeouts gracefully" classname="subset\corrected-tests-remaining.spec.ts" time="2.768">
</testcase>
<testcase name="Corrected Mobile Desktop Interactions Tests › should handle responsive interactions" classname="subset\corrected-tests-remaining.spec.ts" time="1.541">
</testcase>
<testcase name="Corrected Bundle and Gift Flows Tests › should handle bundle purchase flow" classname="subset\corrected-tests-remaining.spec.ts" time="1.418">
</testcase>
<testcase name="Corrected Cost Guards Tests › should enforce cost limit protections" classname="subset\corrected-tests-remaining.spec.ts" time="1.404">
</testcase>
<testcase name="Corrected Smart Reorder Tests › should handle reorder functionality" classname="subset\corrected-tests-remaining.spec.ts" time="1.402">
</testcase>
<testcase name="Corrected SEO Optimization Tests › should have proper SEO elements" classname="subset\corrected-tests-remaining.spec.ts" time="1.478">
<failure message="corrected-tests-remaining.spec.ts:566:7 should have proper SEO elements" type="FAILURE">
<![CDATA[  [webkit] › subset\corrected-tests-remaining.spec.ts:566:7 › Corrected SEO Optimization Tests › should have proper SEO elements 

    Error: expect(received).toBeGreaterThan(expected)

    Expected: > 0
    Received:   0

      569 |     // Check for title tag
      570 |     const title = await page.title();
    > 571 |     expect(title.length).toBeGreaterThan(0);
          |                          ^
      572 |
      573 |     // Check for meta description
      574 |     const metaDesc = await page.locator('meta[name="description"]').first().getAttribute('content');
        at C:\Dev\Zo\sass-store\tests\e2e\subset\corrected-tests-remaining.spec.ts:571:26

    attachment #1: screenshot (image/png) ──────────────────────────────────────────────────────────
    ..\..\test-results\subset-corrected-tests-rem-0b530-ld-have-proper-SEO-elements-webkit\test-failed-1.png
    ────────────────────────────────────────────────────────────────────────────────────────────────

    attachment #2: video (video/webm) ──────────────────────────────────────────────────────────────
    ..\..\test-results\subset-corrected-tests-rem-0b530-ld-have-proper-SEO-elements-webkit\video.webm
    ────────────────────────────────────────────────────────────────────────────────────────────────
]]>
</failure>
<system-out>
<![CDATA[
[[ATTACHMENT|subset-corrected-tests-rem-0b530-ld-have-proper-SEO-elements-webkit\test-failed-1.png]]

[[ATTACHMENT|subset-corrected-tests-rem-0b530-ld-have-proper-SEO-elements-webkit\video.webm]]
]]>
</system-out>
</testcase>
<testcase name="Corrected Additional Navigation Tests › should maintain navigation state" classname="subset\corrected-tests-remaining.spec.ts" time="1.464">
</testcase>
<testcase name="Corrected Mobile Performance Budget Tests › should meet mobile performance budgets" classname="subset\corrected-tests-remaining.spec.ts" time="1.448">
<system-out>
<![CDATA[TTFB: 78ms
]]>
</system-out>
</testcase>
<testcase name="Corrected Register Flow Tests › should handle user registration" classname="subset\corrected-tests-remaining.spec.ts" time="1.399">
</testcase>
<testcase name="Corrected Quick and Recurring Booking Tests › should handle recurring booking setup" classname="subset\corrected-tests-remaining.spec.ts" time="2.651">
</testcase>
<testcase name="Corrected Tenant Isolation Extended Tests › should isolate tenant data correctly" classname="subset\corrected-tests-remaining.spec.ts" time="1.981">
<failure message="corrected-tests-remaining.spec.ts:687:7 should isolate tenant data correctly" type="FAILURE">
<![CDATA[  [webkit] › subset\corrected-tests-remaining.spec.ts:687:7 › Corrected Tenant Isolation Extended Tests › should isolate tenant data correctly 

    Error: expect(received).toBeDefined()

    Received: undefined

      697 |       return (window as any).tenantContext || (window as any).__tenant__;
      698 |     });
    > 699 |     expect(tenantContext).toBeDefined();
          |                           ^
      700 |   });
      701 | });
        at C:\Dev\Zo\sass-store\tests\e2e\subset\corrected-tests-remaining.spec.ts:699:27

    attachment #1: screenshot (image/png) ──────────────────────────────────────────────────────────
    ..\..\test-results\subset-corrected-tests-rem-250a7-olate-tenant-data-correctly-webkit\test-failed-1.png
    ────────────────────────────────────────────────────────────────────────────────────────────────

    attachment #2: video (video/webm) ──────────────────────────────────────────────────────────────
    ..\..\test-results\subset-corrected-tests-rem-250a7-olate-tenant-data-correctly-webkit\video.webm
    ────────────────────────────────────────────────────────────────────────────────────────────────

    Error Context: ..\..\test-results\subset-corrected-tests-rem-250a7-olate-tenant-data-correctly-webkit\error-context.md
]]>
</failure>
<system-out>
<![CDATA[
[[ATTACHMENT|subset-corrected-tests-rem-250a7-olate-tenant-data-correctly-webkit\test-failed-1.png]]

[[ATTACHMENT|subset-corrected-tests-rem-250a7-olate-tenant-data-correctly-webkit\video.webm]]

[[ATTACHMENT|subset-corrected-tests-rem-250a7-olate-tenant-data-correctly-webkit\error-context.md]]
]]>
</system-out>
</testcase>
</testsuite>
<testsuite name="subset\corrected-tests.spec.ts" timestamp="2025-10-29T19:08:05.826Z" hostname="webkit" tests="6" failures="2" skipped="0" time="22.978" errors="0">
<testcase name="Corrected Accessibility Tests › Screen reader support should be comprehensive with proper error handling" classname="subset\corrected-tests.spec.ts" time="3.182">
<failure message="corrected-tests.spec.ts:9:7 Screen reader support should be comprehensive with proper error handling" type="FAILURE">
<![CDATA[  [webkit] › subset\corrected-tests.spec.ts:9:7 › Corrected Accessibility Tests › Screen reader support should be comprehensive with proper error handling 

    Error: expect(received).toBeGreaterThanOrEqual(expected)

    Expected: >= 1
    Received:    0

      42 |     // Validate heading hierarchy (should start with h1)
      43 |     const h1 = page.locator('h1');
    > 44 |     expect(await h1.count()).toBeGreaterThanOrEqual(1);
         |                              ^
      45 |
      46 |     // Check for alt text on images
      47 |     const images = page.locator('img');
        at C:\Dev\Zo\sass-store\tests\e2e\subset\corrected-tests.spec.ts:44:30

    attachment #1: screenshot (image/png) ──────────────────────────────────────────────────────────
    ..\..\test-results\subset-corrected-tests-Cor-86f06--with-proper-error-handling-webkit\test-failed-1.png
    ────────────────────────────────────────────────────────────────────────────────────────────────

    attachment #2: video (video/webm) ──────────────────────────────────────────────────────────────
    ..\..\test-results\subset-corrected-tests-Cor-86f06--with-proper-error-handling-webkit\video.webm
    ────────────────────────────────────────────────────────────────────────────────────────────────

    Error Context: ..\..\test-results\subset-corrected-tests-Cor-86f06--with-proper-error-handling-webkit\error-context.md
]]>
</failure>
<system-out>
<![CDATA[
[[ATTACHMENT|subset-corrected-tests-Cor-86f06--with-proper-error-handling-webkit\test-failed-1.png]]

[[ATTACHMENT|subset-corrected-tests-Cor-86f06--with-proper-error-handling-webkit\video.webm]]

[[ATTACHMENT|subset-corrected-tests-Cor-86f06--with-proper-error-handling-webkit\error-context.md]]
]]>
</system-out>
</testcase>
<testcase name="Corrected Accessibility Tests › Color contrast should meet WCAG requirements with better error handling" classname="subset\corrected-tests.spec.ts" time="2.42">
</testcase>
<testcase name="Corrected Quick Service Booking - 2 Click Budget › should handle missing elements gracefully in booking flow" classname="subset\corrected-tests.spec.ts" time="12.356">
<failure message="corrected-tests.spec.ts:132:7 should handle missing elements gracefully in booking flow" type="FAILURE">
<![CDATA[  [webkit] › subset\corrected-tests.spec.ts:132:7 › Corrected Quick Service Booking - 2 Click Budget › should handle missing elements gracefully in booking flow 

    Error: expect(locator).toBeVisible() failed

    Locator: locator('[data-testid="service-card"]').first()
    Expected: visible
    Timeout: 10000ms
    Error: element(s) not found

    Call log:
      - Expect "toBeVisible" with timeout 10000ms
      - waiting for locator('[data-testid="service-card"]').first()


      144 |     // Verify service details loaded with timeout
      145 |     const serviceCard = page.locator('[data-testid="service-card"]').first();
    > 146 |     await expect(serviceCard).toBeVisible({ timeout: 10000 });
          |                               ^
      147 |
      148 |     // Check for next available slot with fallback
      149 |     const nextAvailableSlot = page.locator('[data-testid="next-available-slot"], button:has-text("Next Available")');
        at C:\Dev\Zo\sass-store\tests\e2e\subset\corrected-tests.spec.ts:146:31

    attachment #1: screenshot (image/png) ──────────────────────────────────────────────────────────
    ..\..\test-results\subset-corrected-tests-Cor-afd84--gracefully-in-booking-flow-webkit\test-failed-1.png
    ────────────────────────────────────────────────────────────────────────────────────────────────

    attachment #2: video (video/webm) ──────────────────────────────────────────────────────────────
    ..\..\test-results\subset-corrected-tests-Cor-afd84--gracefully-in-booking-flow-webkit\video.webm
    ────────────────────────────────────────────────────────────────────────────────────────────────

    Error Context: ..\..\test-results\subset-corrected-tests-Cor-afd84--gracefully-in-booking-flow-webkit\error-context.md
]]>
</failure>
<system-out>
<![CDATA[
[[ATTACHMENT|subset-corrected-tests-Cor-afd84--gracefully-in-booking-flow-webkit\test-failed-1.png]]

[[ATTACHMENT|subset-corrected-tests-Cor-afd84--gracefully-in-booking-flow-webkit\video.webm]]

[[ATTACHMENT|subset-corrected-tests-Cor-afd84--gracefully-in-booking-flow-webkit\error-context.md]]
]]>
</system-out>
</testcase>
<testcase name="Corrected Bundle Purchase with Cross-Sell - 3 Click Budget › should handle missing bundle elements gracefully" classname="subset\corrected-tests.spec.ts" time="2.216">
</testcase>
<testcase name="Corrected Product Catalog Tenant Isolation › should handle missing search elements gracefully" classname="subset\corrected-tests.spec.ts" time="1.224">
</testcase>
<testcase name="Corrected Payment Gateway Timeout Recovery › should handle payment timeout with proper error checking" classname="subset\corrected-tests.spec.ts" time="1.58">
</testcase>
</testsuite>
<testsuite name="subset\need-human.e2e.ts" timestamp="2025-10-29T19:08:05.826Z" hostname="webkit" tests="5" failures="2" skipped="0" time="8.676" errors="0">
<testcase name="NEED=HUMAN E2E Validation › should trigger NEED=HUMAN when data-testid is missing" classname="subset\need-human.e2e.ts" time="2.252">
<failure message="need-human.e2e.ts:10:7 should trigger NEED=HUMAN when data-testid is missing" type="FAILURE">
<![CDATA[  [webkit] › subset\need-human.e2e.ts:10:7 › NEED=HUMAN E2E Validation › should trigger NEED=HUMAN when data-testid is missing 

    Error: NEED=HUMAN: Critical booking button not found. Alert created: agents\alerts\NEED-INPUT_2025-10-29T19-22-33-125Z_QA.md

      76 |         });
      77 |
    > 78 |         throw new Error(`NEED=HUMAN: Critical booking button not found. Alert created: ${alertFile}`);
         |               ^
      79 |       }
      80 |     } else {
      81 |       // Happy path - stable selector exists
        at C:\Dev\Zo\sass-store\tests\e2e\subset\need-human.e2e.ts:78:15

    attachment #1: screenshot (image/png) ──────────────────────────────────────────────────────────
    ..\..\test-results\subset-need-human.e2e.ts-N-645e7-when-data-testid-is-missing-webkit\test-failed-1.png
    ────────────────────────────────────────────────────────────────────────────────────────────────

    attachment #2: video (video/webm) ──────────────────────────────────────────────────────────────
    ..\..\test-results\subset-need-human.e2e.ts-N-645e7-when-data-testid-is-missing-webkit\video.webm
    ────────────────────────────────────────────────────────────────────────────────────────────────

    Error Context: ..\..\test-results\subset-need-human.e2e.ts-N-645e7-when-data-testid-is-missing-webkit\error-context.md
]]>
</failure>
<system-out>
<![CDATA[[13:22:33] ℹ️   [36mINFO [0m [33mAGENT=QA TASK=need-human-test msg="Starting NEED=HUMAN validation" tenant=wondernails[0m

[41m[37m[1m🔴🔴🔴 NEED HUMAN INPUT 🔴🔴🔴[0m
[41m[37m[1m                                                    [0m
[41m[37m[1m AGENT: QA         TASK: e2e-testing     [0m
[41m[37m[1m                                                    [0m
[41m[37m[1m REASON: Missing data-testid attribute on criti [0m
[41m[37m[1m                                                    [0m
[41m[37m[1m ACTION: Add data-testid="reservar-ahora-button [0m
[41m[37m[1m                                                    [0m
[41m[37m[1m🔴🔴🔴🔴🔴🔴🔴🔴🔴🔴🔴🔴🔴🔴🔴🔴🔴🔴[0m

[13:22:33] [41m[37m⚠    NEED=HUMAN[0m AGENT=QA TASK=e2e-testing NEED=HUMAN REASON="Missing data-testid attribute on critical element: Reservar ahora button" ACTION="Add data-testid="reservar-ahora-button" to the element" msg="Human intervention required" file=agents\alerts\NEED-INPUT_2025-10-29T19-22-33-125Z_QA.md urgency=medium

📄 Instructions written to: agents\alerts\NEED-INPUT_2025-10-29T19-22-33-125Z_QA.md
⚠️  Please address the issue and press ENTER to continue

[13:22:33] [41m[37m⚠    NEED=HUMAN[0m AGENT=QA TASK=e2e CASE="reserva-rapida" NEED=HUMAN msg="Missing data-testid on critical CTA" selector=[data-testid="book-now"] file=agents\alerts\NEED-INPUT_2025-10-29T19-22-33-125Z_QA.md
[13:22:33] ❌   [31mERROR[0m [33mAGENT=QA TASK=e2e CASE="reserva-rapida" msg="No booking button found with any selector" selectors_tried=6 tenant=wondernails[0m

[[ATTACHMENT|subset-need-human.e2e.ts-N-645e7-when-data-testid-is-missing-webkit\test-failed-1.png]]

[[ATTACHMENT|subset-need-human.e2e.ts-N-645e7-when-data-testid-is-missing-webkit\video.webm]]

[[ATTACHMENT|subset-need-human.e2e.ts-N-645e7-when-data-testid-is-missing-webkit\error-context.md]]
]]>
</system-out>
</testcase>
<testcase name="NEED=HUMAN E2E Validation › should validate color log output in console" classname="subset\need-human.e2e.ts" time="2.184">
<failure message="need-human.e2e.ts:100:7 should validate color log output in console" type="FAILURE">
<![CDATA[  [webkit] › subset\need-human.e2e.ts:100:7 › NEED=HUMAN E2E Validation › should validate color log output in console 

    Error: page.evaluate: TypeError: undefined is not an object (evaluating 'window.testLogger.info')

      125 |
      126 |     // Test logging from within the page
    > 127 |     await page.evaluate(() => {
          |                ^
      128 |       (window as any).testLogger.info('UI', 'page-load', 'Page loaded successfully');
      129 |       (window as any).testLogger.warn('QA', 'selector-test', 'Testing NEED=HUMAN format');
      130 |     });
        at C:\Dev\Zo\sass-store\tests\e2e\subset\need-human.e2e.ts:127:16

    attachment #1: screenshot (image/png) ──────────────────────────────────────────────────────────
    ..\..\test-results\subset-need-human.e2e.ts-N-ab2e9-color-log-output-in-console-webkit\test-failed-1.png
    ────────────────────────────────────────────────────────────────────────────────────────────────

    attachment #2: video (video/webm) ──────────────────────────────────────────────────────────────
    ..\..\test-results\subset-need-human.e2e.ts-N-ab2e9-color-log-output-in-console-webkit\video.webm
    ────────────────────────────────────────────────────────────────────────────────────────────────

    Error Context: ..\..\test-results\subset-need-human.e2e.ts-N-ab2e9-color-log-output-in-console-webkit\error-context.md
]]>
</failure>
<system-out>
<![CDATA[
[[ATTACHMENT|subset-need-human.e2e.ts-N-ab2e9-color-log-output-in-console-webkit\test-failed-1.png]]

[[ATTACHMENT|subset-need-human.e2e.ts-N-ab2e9-color-log-output-in-console-webkit\video.webm]]

[[ATTACHMENT|subset-need-human.e2e.ts-N-ab2e9-color-log-output-in-console-webkit\error-context.md]]
]]>
</system-out>
</testcase>
<testcase name="NEED=HUMAN E2E Validation › should handle missing configuration gracefully" classname="subset\need-human.e2e.ts" time="0.608">
<system-out>
<![CDATA[
[41m[37m[1m🔴🔴🔴 NEED HUMAN INPUT 🔴🔴🔴[0m
[41m[37m[1m                                                    [0m
[41m[37m[1m AGENT: AUTH       TASK: configuration   [0m
[41m[37m[1m                                                    [0m
[41m[37m[1m REASON: Missing required configuration: NEXTAU [0m
[41m[37m[1m                                                    [0m
[41m[37m[1m ACTION: Add the NEXTAUTH_SECRET or JWT configu [0m
[41m[37m[1m                                                    [0m
[41m[37m[1m🔴🔴🔴🔴🔴🔴🔴🔴🔴🔴🔴🔴🔴🔴🔴🔴🔴🔴[0m

[13:22:33] [41m[37m⚠    NEED=HUMAN[0m AGENT=AUTH TASK=configuration NEED=HUMAN REASON="Missing required configuration: NEXTAUTH_SECRET or JWT configuration" ACTION="Add the NEXTAUTH_SECRET or JWT configuration configuration to apps/web/.env.local" msg="Human intervention required" file=agents\alerts\NEED-INPUT_2025-10-29T19-22-33-879Z_AUTH.md urgency=high

📄 Instructions written to: agents\alerts\NEED-INPUT_2025-10-29T19-22-33-879Z_AUTH.md
⚠️  Please address the issue and press ENTER to continue

[13:22:33] [41m[37m⚠    NEED=HUMAN[0m AGENT=AUTH TASK=config-check CASE="admin-access" url="http://localhost:3001/t/villafuerte/admin" NEED=HUMAN msg="Admin access requires authentication setup" file=agents\alerts\NEED-INPUT_2025-10-29T19-22-33-879Z_AUTH.md
[13:22:33] ℹ️   [36mINFO [0m [33mAGENT=QA TASK=e2e msg="Auth configuration validation completed"[0m
]]>
</system-out>
</testcase>
<testcase name="NEED=HUMAN E2E Validation › should validate API error handling" classname="subset\need-human.e2e.ts" time="2.172">
<system-out>
<![CDATA[[13:22:36] ✅   [32mOK   [0m [32mAGENT=API TASK=endpoint-test msg="All API endpoints responding correctly"[0m
]]>
</system-out>
</testcase>
<testcase name="NEED=HUMAN Resolution Simulation › should pass after data-testid is added" classname="subset\need-human.e2e.ts" time="1.46">
<system-out>
<![CDATA[[13:22:35] ⚠️   [33mWARN [0m [33mAGENT=QA TASK=e2e msg="Still missing data-testid after resolution attempt"[0m
]]>
</system-out>
</testcase>
</testsuite>
<testsuite name="subset\wondernails-isolation.e2e.ts" timestamp="2025-10-29T19:08:05.826Z" hostname="webkit" tests="5" failures="4" skipped="0" time="23.353" errors="0">
<testcase name="Wondernails - Aislamiento de Widgets › debe mostrar HeroWondernails con aislamiento completo en /t/wondernails" classname="subset\wondernails-isolation.e2e.ts" time="2.288">
<failure message="wondernails-isolation.e2e.ts:4:7 debe mostrar HeroWondernails con aislamiento completo en /t/wondernails" type="FAILURE">
<![CDATA[  [webkit] › subset\wondernails-isolation.e2e.ts:4:7 › Wondernails - Aislamiento de Widgets › debe mostrar HeroWondernails con aislamiento completo en /t/wondernails 

    Error: expect(received).toContain(expected) // indexOf

    Expected substring: "Wonder"
    Received string:    ""

       9 |     // Verificar que la página carga correctamente
      10 |     const pageTitle = await page.title();
    > 11 |     expect(pageTitle).toContain('Wonder');
         |                       ^
      12 |
      13 |     // Verificar que existe algún contenido hero o carousel
      14 |     const hasHeroContent = await page.evaluate(() => {
        at C:\Dev\Zo\sass-store\tests\e2e\subset\wondernails-isolation.e2e.ts:11:23

    attachment #1: screenshot (image/png) ──────────────────────────────────────────────────────────
    ..\..\test-results\subset-wondernails-isolati-e6739-o-completo-en-t-wondernails-webkit\test-failed-1.png
    ────────────────────────────────────────────────────────────────────────────────────────────────

    attachment #2: video (video/webm) ──────────────────────────────────────────────────────────────
    ..\..\test-results\subset-wondernails-isolati-e6739-o-completo-en-t-wondernails-webkit\video.webm
    ────────────────────────────────────────────────────────────────────────────────────────────────

    Error Context: ..\..\test-results\subset-wondernails-isolati-e6739-o-completo-en-t-wondernails-webkit\error-context.md
]]>
</failure>
<system-out>
<![CDATA[
[[ATTACHMENT|subset-wondernails-isolati-e6739-o-completo-en-t-wondernails-webkit\test-failed-1.png]]

[[ATTACHMENT|subset-wondernails-isolati-e6739-o-completo-en-t-wondernails-webkit\video.webm]]

[[ATTACHMENT|subset-wondernails-isolati-e6739-o-completo-en-t-wondernails-webkit\error-context.md]]
]]>
</system-out>
</testcase>
<testcase name="Wondernails - Aislamiento de Widgets › NO debe mostrar estilos de Wondernails en /t/nom-nom" classname="subset\wondernails-isolation.e2e.ts" time="7.168">
<failure message="wondernails-isolation.e2e.ts:30:7 NO debe mostrar estilos de Wondernails en /t/nom-nom" type="FAILURE">
<![CDATA[  [webkit] › subset\wondernails-isolation.e2e.ts:30:7 › Wondernails - Aislamiento de Widgets › NO debe mostrar estilos de Wondernails en /t/nom-nom 

    Error: expect(locator).toBeVisible() failed

    Locator:  locator('body, main, .container, section, div').first()
    Expected: visible
    Received: hidden
    Timeout:  5000ms

    Call log:
      - Expect "toBeVisible" with timeout 5000ms
      - waiting for locator('body, main, .container, section, div').first()
        9 × locator resolved to <body>…</body>
          - unexpected value "hidden"


      80 |     // Verificar que la página carga correctamente (cualquier contenido visible)
      81 |     const pageContent = page.locator('body, main, .container, section, div');
    > 82 |     await expect(pageContent.first()).toBeVisible();
         |                                       ^
      83 |
      84 |     console.log('✅ Página nom-nom carga sin componentes de Wondernails');
      85 |
        at C:\Dev\Zo\sass-store\tests\e2e\subset\wondernails-isolation.e2e.ts:82:39

    attachment #1: screenshot (image/png) ──────────────────────────────────────────────────────────
    ..\..\test-results\subset-wondernails-isolati-9009d-de-Wondernails-en-t-nom-nom-webkit\test-failed-1.png
    ────────────────────────────────────────────────────────────────────────────────────────────────

    attachment #2: video (video/webm) ──────────────────────────────────────────────────────────────
    ..\..\test-results\subset-wondernails-isolati-9009d-de-Wondernails-en-t-nom-nom-webkit\video.webm
    ────────────────────────────────────────────────────────────────────────────────────────────────

    Error Context: ..\..\test-results\subset-wondernails-isolati-9009d-de-Wondernails-en-t-nom-nom-webkit\error-context.md
]]>
</failure>
<system-out>
<![CDATA[
[[ATTACHMENT|subset-wondernails-isolati-9009d-de-Wondernails-en-t-nom-nom-webkit\test-failed-1.png]]

[[ATTACHMENT|subset-wondernails-isolati-9009d-de-Wondernails-en-t-nom-nom-webkit\video.webm]]

[[ATTACHMENT|subset-wondernails-isolati-9009d-de-Wondernails-en-t-nom-nom-webkit\error-context.md]]
]]>
</system-out>
</testcase>
<testcase name="Wondernails - Aislamiento de Widgets › debe verificar variables CSS locales en Wondernails" classname="subset\wondernails-isolation.e2e.ts" time="6.497">
<failure message="wondernails-isolation.e2e.ts:89:7 debe verificar variables CSS locales en Wondernails" type="FAILURE">
<![CDATA[  [webkit] › subset\wondernails-isolation.e2e.ts:89:7 › Wondernails - Aislamiento de Widgets › debe verificar variables CSS locales en Wondernails 

    Error: expect(locator).toBeVisible() failed

    Locator: locator('[data-tenant-hero="wondernails"]')
    Expected: visible
    Timeout: 5000ms
    Error: element(s) not found

    Call log:
      - Expect "toBeVisible" with timeout 5000ms
      - waiting for locator('[data-tenant-hero="wondernails"]')


      91 |
      92 |     const heroWrapper = page.locator('[data-tenant-hero="wondernails"]');
    > 93 |     await expect(heroWrapper).toBeVisible();
         |                               ^
      94 |
      95 |     // Verificar que las variables CSS están definidas localmente
      96 |     const cssVariables = await heroWrapper.evaluate((el) => {
        at C:\Dev\Zo\sass-store\tests\e2e\subset\wondernails-isolation.e2e.ts:93:31

    attachment #1: screenshot (image/png) ──────────────────────────────────────────────────────────
    ..\..\test-results\subset-wondernails-isolati-2eab1--CSS-locales-en-Wondernails-webkit\test-failed-1.png
    ────────────────────────────────────────────────────────────────────────────────────────────────

    attachment #2: video (video/webm) ──────────────────────────────────────────────────────────────
    ..\..\test-results\subset-wondernails-isolati-2eab1--CSS-locales-en-Wondernails-webkit\video.webm
    ────────────────────────────────────────────────────────────────────────────────────────────────

    Error Context: ..\..\test-results\subset-wondernails-isolati-2eab1--CSS-locales-en-Wondernails-webkit\error-context.md
]]>
</failure>
<system-out>
<![CDATA[
[[ATTACHMENT|subset-wondernails-isolati-2eab1--CSS-locales-en-Wondernails-webkit\test-failed-1.png]]

[[ATTACHMENT|subset-wondernails-isolati-2eab1--CSS-locales-en-Wondernails-webkit\video.webm]]

[[ATTACHMENT|subset-wondernails-isolati-2eab1--CSS-locales-en-Wondernails-webkit\error-context.md]]
]]>
</system-out>
</testcase>
<testcase name="Wondernails - Aislamiento de Widgets › debe verificar que las variables NO afectan el :root global" classname="subset\wondernails-isolation.e2e.ts" time="1.114">
<system-out>
<![CDATA[✅ Variables CSS NO contaminan el scope global
]]>
</system-out>
</testcase>
<testcase name="Wondernails - Aislamiento de Widgets › debe verificar compatibilidad con prefers-reduced-motion" classname="subset\wondernails-isolation.e2e.ts" time="6.286">
<failure message="wondernails-isolation.e2e.ts:137:7 debe verificar compatibilidad con prefers-reduced-motion" type="FAILURE">
<![CDATA[  [webkit] › subset\wondernails-isolation.e2e.ts:137:7 › Wondernails - Aislamiento de Widgets › debe verificar compatibilidad con prefers-reduced-motion 

    Error: expect(locator).toBeVisible() failed

    Locator: locator('[data-tenant-hero="wondernails"]')
    Expected: visible
    Timeout: 5000ms
    Error: element(s) not found

    Call log:
      - Expect "toBeVisible" with timeout 5000ms
      - waiting for locator('[data-tenant-hero="wondernails"]')


      141 |
      142 |     const heroWrapper = page.locator('[data-tenant-hero="wondernails"]');
    > 143 |     await expect(heroWrapper).toBeVisible();
          |                               ^
      144 |
      145 |     // Verificar que las animaciones respetan reduced motion
      146 |     const motionSettings = await heroWrapper.evaluate((el) => {
        at C:\Dev\Zo\sass-store\tests\e2e\subset\wondernails-isolation.e2e.ts:143:31

    attachment #1: screenshot (image/png) ──────────────────────────────────────────────────────────
    ..\..\test-results\subset-wondernails-isolati-21f21--con-prefers-reduced-motion-webkit\test-failed-1.png
    ────────────────────────────────────────────────────────────────────────────────────────────────

    attachment #2: video (video/webm) ──────────────────────────────────────────────────────────────
    ..\..\test-results\subset-wondernails-isolati-21f21--con-prefers-reduced-motion-webkit\video.webm
    ────────────────────────────────────────────────────────────────────────────────────────────────

    Error Context: ..\..\test-results\subset-wondernails-isolati-21f21--con-prefers-reduced-motion-webkit\error-context.md
]]>
</failure>
<system-out>
<![CDATA[
[[ATTACHMENT|subset-wondernails-isolati-21f21--con-prefers-reduced-motion-webkit\test-failed-1.png]]

[[ATTACHMENT|subset-wondernails-isolati-21f21--con-prefers-reduced-motion-webkit\video.webm]]

[[ATTACHMENT|subset-wondernails-isolati-21f21--con-prefers-reduced-motion-webkit\error-context.md]]
]]>
</system-out>
</testcase>
</testsuite>
<testsuite name="subset\wondernails-reduced-motion.e2e.ts" timestamp="2025-10-29T19:08:05.826Z" hostname="webkit" tests="8" failures="7" skipped="0" time="105.114" errors="0">
<testcase name="Wondernails - Reduced Motion Compliance › debe desactivar auto-rotación con prefers-reduced-motion" classname="subset\wondernails-reduced-motion.e2e.ts" time="16.285">
<failure message="wondernails-reduced-motion.e2e.ts:4:7 debe desactivar auto-rotación con prefers-reduced-motion" type="FAILURE">
<![CDATA[  [webkit] › subset\wondernails-reduced-motion.e2e.ts:4:7 › Wondernails - Reduced Motion Compliance › debe desactivar auto-rotación con prefers-reduced-motion 

    TimeoutError: page.waitForSelector: Timeout 15000ms exceeded.
    Call log:
      - waiting for locator('[data-tenant-hero="wondernails"]') to be visible


       7 |     await page.goto('/t/wondernails');
       8 |
    >  9 |     await page.waitForSelector('[data-tenant-hero="wondernails"]');
         |                ^
      10 |
      11 |     // Esperar tiempo suficiente para verificar que NO hay auto-rotación
      12 |     const initialSlide = await page.locator('[class*="slide"][class*="active"], .slide.active').textContent();
        at C:\Dev\Zo\sass-store\tests\e2e\subset\wondernails-reduced-motion.e2e.ts:9:16

    attachment #1: screenshot (image/png) ──────────────────────────────────────────────────────────
    ..\..\test-results\subset-wondernails-reduced-fe3b1--con-prefers-reduced-motion-webkit\test-failed-1.png
    ────────────────────────────────────────────────────────────────────────────────────────────────

    attachment #2: video (video/webm) ──────────────────────────────────────────────────────────────
    ..\..\test-results\subset-wondernails-reduced-fe3b1--con-prefers-reduced-motion-webkit\video.webm
    ────────────────────────────────────────────────────────────────────────────────────────────────

    Error Context: ..\..\test-results\subset-wondernails-reduced-fe3b1--con-prefers-reduced-motion-webkit\error-context.md
]]>
</failure>
<system-out>
<![CDATA[
[[ATTACHMENT|subset-wondernails-reduced-fe3b1--con-prefers-reduced-motion-webkit\test-failed-1.png]]

[[ATTACHMENT|subset-wondernails-reduced-fe3b1--con-prefers-reduced-motion-webkit\video.webm]]

[[ATTACHMENT|subset-wondernails-reduced-fe3b1--con-prefers-reduced-motion-webkit\error-context.md]]
]]>
</system-out>
</testcase>
<testcase name="Wondernails - Reduced Motion Compliance › debe usar transiciones fade cortas en lugar de animaciones complejas" classname="subset\wondernails-reduced-motion.e2e.ts" time="6.305">
<failure message="wondernails-reduced-motion.e2e.ts:25:7 debe usar transiciones fade cortas en lugar de animaciones complejas" type="FAILURE">
<![CDATA[  [webkit] › subset\wondernails-reduced-motion.e2e.ts:25:7 › Wondernails - Reduced Motion Compliance › debe usar transiciones fade cortas en lugar de animaciones complejas 

    Error: expect(locator).toBeVisible() failed

    Locator: locator('[data-tenant-hero="wondernails"]')
    Expected: visible
    Timeout: 5000ms
    Error: element(s) not found

    Call log:
      - Expect "toBeVisible" with timeout 5000ms
      - waiting for locator('[data-tenant-hero="wondernails"]')


      28 |
      29 |     const heroWrapper = page.locator('[data-tenant-hero="wondernails"]');
    > 30 |     await expect(heroWrapper).toBeVisible();
         |                               ^
      31 |
      32 |     // Verificar que se usan duraciones reducidas
      33 |     const motionSettings = await heroWrapper.evaluate((el) => {
        at C:\Dev\Zo\sass-store\tests\e2e\subset\wondernails-reduced-motion.e2e.ts:30:31

    attachment #1: screenshot (image/png) ──────────────────────────────────────────────────────────
    ..\..\test-results\subset-wondernails-reduced-7d010-ar-de-animaciones-complejas-webkit\test-failed-1.png
    ────────────────────────────────────────────────────────────────────────────────────────────────

    attachment #2: video (video/webm) ──────────────────────────────────────────────────────────────
    ..\..\test-results\subset-wondernails-reduced-7d010-ar-de-animaciones-complejas-webkit\video.webm
    ────────────────────────────────────────────────────────────────────────────────────────────────

    Error Context: ..\..\test-results\subset-wondernails-reduced-7d010-ar-de-animaciones-complejas-webkit\error-context.md
]]>
</failure>
<system-out>
<![CDATA[
[[ATTACHMENT|subset-wondernails-reduced-7d010-ar-de-animaciones-complejas-webkit\test-failed-1.png]]

[[ATTACHMENT|subset-wondernails-reduced-7d010-ar-de-animaciones-complejas-webkit\video.webm]]

[[ATTACHMENT|subset-wondernails-reduced-7d010-ar-de-animaciones-complejas-webkit\error-context.md]]
]]>
</system-out>
</testcase>
<testcase name="Wondernails - Reduced Motion Compliance › navegación manual debe usar fade corto (120-160ms)" classname="subset\wondernails-reduced-motion.e2e.ts" time="16.257">
<failure message="wondernails-reduced-motion.e2e.ts:56:7 navegación manual debe usar fade corto (120-160ms)" type="FAILURE">
<![CDATA[  [webkit] › subset\wondernails-reduced-motion.e2e.ts:56:7 › Wondernails - Reduced Motion Compliance › navegación manual debe usar fade corto (120-160ms) 

    TimeoutError: page.waitForSelector: Timeout 15000ms exceeded.
    Call log:
      - waiting for locator('[data-tenant-hero="wondernails"]') to be visible


      58 |     await page.goto('/t/wondernails');
      59 |
    > 60 |     await page.waitForSelector('[data-tenant-hero="wondernails"]');
         |                ^
      61 |
      62 |     // Medir tiempo de transición al navegar manualmente
      63 |     const nextButton = page.locator('[class*="arrowBtn"], .arrowBtn').last();
        at C:\Dev\Zo\sass-store\tests\e2e\subset\wondernails-reduced-motion.e2e.ts:60:16

    attachment #1: screenshot (image/png) ──────────────────────────────────────────────────────────
    ..\..\test-results\subset-wondernails-reduced-ce835--usar-fade-corto-120-160ms--webkit\test-failed-1.png
    ────────────────────────────────────────────────────────────────────────────────────────────────

    attachment #2: video (video/webm) ──────────────────────────────────────────────────────────────
    ..\..\test-results\subset-wondernails-reduced-ce835--usar-fade-corto-120-160ms--webkit\video.webm
    ────────────────────────────────────────────────────────────────────────────────────────────────

    Error Context: ..\..\test-results\subset-wondernails-reduced-ce835--usar-fade-corto-120-160ms--webkit\error-context.md
]]>
</failure>
<system-out>
<![CDATA[
[[ATTACHMENT|subset-wondernails-reduced-ce835--usar-fade-corto-120-160ms--webkit\test-failed-1.png]]

[[ATTACHMENT|subset-wondernails-reduced-ce835--usar-fade-corto-120-160ms--webkit\video.webm]]

[[ATTACHMENT|subset-wondernails-reduced-ce835--usar-fade-corto-120-160ms--webkit\error-context.md]]
]]>
</system-out>
</testcase>
<testcase name="Wondernails - Reduced Motion Compliance › debe eliminar efectos de parallax con reduced motion" classname="subset\wondernails-reduced-motion.e2e.ts" time="16.391">
<failure message="wondernails-reduced-motion.e2e.ts:84:7 debe eliminar efectos de parallax con reduced motion" type="FAILURE">
<![CDATA[  [webkit] › subset\wondernails-reduced-motion.e2e.ts:84:7 › Wondernails - Reduced Motion Compliance › debe eliminar efectos de parallax con reduced motion 

    TimeoutError: page.waitForSelector: Timeout 15000ms exceeded.
    Call log:
      - waiting for locator('[data-tenant-hero="wondernails"]') to be visible


      86 |     await page.goto('/t/wondernails');
      87 |
    > 88 |     await page.waitForSelector('[data-tenant-hero="wondernails"]');
         |                ^
      89 |
      90 |     // Navegar a siguiente slide
      91 |     const nextButton = page.locator('[class*="arrowBtn"], .arrowBtn').last();
        at C:\Dev\Zo\sass-store\tests\e2e\subset\wondernails-reduced-motion.e2e.ts:88:16

    attachment #1: screenshot (image/png) ──────────────────────────────────────────────────────────
    ..\..\test-results\subset-wondernails-reduced-da772-parallax-con-reduced-motion-webkit\test-failed-1.png
    ────────────────────────────────────────────────────────────────────────────────────────────────

    attachment #2: video (video/webm) ──────────────────────────────────────────────────────────────
    ..\..\test-results\subset-wondernails-reduced-da772-parallax-con-reduced-motion-webkit\video.webm
    ────────────────────────────────────────────────────────────────────────────────────────────────

    Error Context: ..\..\test-results\subset-wondernails-reduced-da772-parallax-con-reduced-motion-webkit\error-context.md
]]>
</failure>
<system-out>
<![CDATA[
[[ATTACHMENT|subset-wondernails-reduced-da772-parallax-con-reduced-motion-webkit\test-failed-1.png]]

[[ATTACHMENT|subset-wondernails-reduced-da772-parallax-con-reduced-motion-webkit\video.webm]]

[[ATTACHMENT|subset-wondernails-reduced-da772-parallax-con-reduced-motion-webkit\error-context.md]]
]]>
</system-out>
</testcase>
<testcase name="Wondernails - Reduced Motion Compliance › debe eliminar efectos de blur y overshoot" classname="subset\wondernails-reduced-motion.e2e.ts" time="16.357">
<failure message="wondernails-reduced-motion.e2e.ts:111:7 debe eliminar efectos de blur y overshoot" type="FAILURE">
<![CDATA[  [webkit] › subset\wondernails-reduced-motion.e2e.ts:111:7 › Wondernails - Reduced Motion Compliance › debe eliminar efectos de blur y overshoot 

    TimeoutError: page.waitForSelector: Timeout 15000ms exceeded.
    Call log:
      - waiting for locator('[data-tenant-hero="wondernails"]') to be visible


      113 |     await page.goto('/t/wondernails');
      114 |
    > 115 |     await page.waitForSelector('[data-tenant-hero="wondernails"]');
          |                ^
      116 |
      117 |     // Navegar para triggear animación
      118 |     const nextButton = page.locator('[class*="arrowBtn"], .arrowBtn').last();
        at C:\Dev\Zo\sass-store\tests\e2e\subset\wondernails-reduced-motion.e2e.ts:115:16

    attachment #1: screenshot (image/png) ──────────────────────────────────────────────────────────
    ..\..\test-results\subset-wondernails-reduced-0f407-efectos-de-blur-y-overshoot-webkit\test-failed-1.png
    ────────────────────────────────────────────────────────────────────────────────────────────────

    attachment #2: video (video/webm) ──────────────────────────────────────────────────────────────
    ..\..\test-results\subset-wondernails-reduced-0f407-efectos-de-blur-y-overshoot-webkit\video.webm
    ────────────────────────────────────────────────────────────────────────────────────────────────

    Error Context: ..\..\test-results\subset-wondernails-reduced-0f407-efectos-de-blur-y-overshoot-webkit\error-context.md
]]>
</failure>
<system-out>
<![CDATA[
[[ATTACHMENT|subset-wondernails-reduced-0f407-efectos-de-blur-y-overshoot-webkit\test-failed-1.png]]

[[ATTACHMENT|subset-wondernails-reduced-0f407-efectos-de-blur-y-overshoot-webkit\video.webm]]

[[ATTACHMENT|subset-wondernails-reduced-0f407-efectos-de-blur-y-overshoot-webkit\error-context.md]]
]]>
</system-out>
</testcase>
<testcase name="Wondernails - Reduced Motion Compliance › debe mantener funcionalidad básica con reduced motion" classname="subset\wondernails-reduced-motion.e2e.ts" time="16.3">
<failure message="wondernails-reduced-motion.e2e.ts:153:7 debe mantener funcionalidad básica con reduced motion" type="FAILURE">
<![CDATA[  [webkit] › subset\wondernails-reduced-motion.e2e.ts:153:7 › Wondernails - Reduced Motion Compliance › debe mantener funcionalidad básica con reduced motion 

    TimeoutError: page.waitForSelector: Timeout 15000ms exceeded.
    Call log:
      - waiting for locator('[data-tenant-hero="wondernails"]') to be visible


      155 |     await page.goto('/t/wondernails');
      156 |
    > 157 |     await page.waitForSelector('[data-tenant-hero="wondernails"]');
          |                ^
      158 |
      159 |     // Verificar que la navegación sigue funcionando
      160 |     const nextButton = page.locator('[class*="arrowBtn"], .arrowBtn').last();
        at C:\Dev\Zo\sass-store\tests\e2e\subset\wondernails-reduced-motion.e2e.ts:157:16

    attachment #1: screenshot (image/png) ──────────────────────────────────────────────────────────
    ..\..\test-results\subset-wondernails-reduced-5f366-d-básica-con-reduced-motion-webkit\test-failed-1.png
    ────────────────────────────────────────────────────────────────────────────────────────────────

    attachment #2: video (video/webm) ──────────────────────────────────────────────────────────────
    ..\..\test-results\subset-wondernails-reduced-5f366-d-básica-con-reduced-motion-webkit\video.webm
    ────────────────────────────────────────────────────────────────────────────────────────────────

    Error Context: ..\..\test-results\subset-wondernails-reduced-5f366-d-básica-con-reduced-motion-webkit\error-context.md
]]>
</failure>
<system-out>
<![CDATA[
[[ATTACHMENT|subset-wondernails-reduced-5f366-d-básica-con-reduced-motion-webkit\test-failed-1.png]]

[[ATTACHMENT|subset-wondernails-reduced-5f366-d-básica-con-reduced-motion-webkit\video.webm]]

[[ATTACHMENT|subset-wondernails-reduced-5f366-d-básica-con-reduced-motion-webkit\error-context.md]]
]]>
</system-out>
</testcase>
<testcase name="Wondernails - Reduced Motion Compliance › debe respetar configuración del sistema operativo" classname="subset\wondernails-reduced-motion.e2e.ts" time="16.249">
<failure message="wondernails-reduced-motion.e2e.ts:200:7 debe respetar configuración del sistema operativo" type="FAILURE">
<![CDATA[  [webkit] › subset\wondernails-reduced-motion.e2e.ts:200:7 › Wondernails - Reduced Motion Compliance › debe respetar configuración del sistema operativo 

    TimeoutError: page.waitForSelector: Timeout 15000ms exceeded.
    Call log:
      - waiting for locator('[data-tenant-hero="wondernails"]') to be visible


      201 |     // Test sin reduced motion (comportamiento normal)
      202 |     await page.goto('/t/wondernails');
    > 203 |     await page.waitForSelector('[data-tenant-hero="wondernails"]');
          |                ^
      204 |
      205 |     const normalMotionSettings = await page.locator('[data-tenant-hero="wondernails"]').evaluate((el) => {
      206 |       const styles = window.getComputedStyle(el);
        at C:\Dev\Zo\sass-store\tests\e2e\subset\wondernails-reduced-motion.e2e.ts:203:16

    attachment #1: screenshot (image/png) ──────────────────────────────────────────────────────────
    ..\..\test-results\subset-wondernails-reduced-998d4-ación-del-sistema-operativo-webkit\test-failed-1.png
    ────────────────────────────────────────────────────────────────────────────────────────────────

    attachment #2: video (video/webm) ──────────────────────────────────────────────────────────────
    ..\..\test-results\subset-wondernails-reduced-998d4-ación-del-sistema-operativo-webkit\video.webm
    ────────────────────────────────────────────────────────────────────────────────────────────────

    Error Context: ..\..\test-results\subset-wondernails-reduced-998d4-ación-del-sistema-operativo-webkit\error-context.md
]]>
</failure>
<system-out>
<![CDATA[
[[ATTACHMENT|subset-wondernails-reduced-998d4-ación-del-sistema-operativo-webkit\test-failed-1.png]]

[[ATTACHMENT|subset-wondernails-reduced-998d4-ación-del-sistema-operativo-webkit\video.webm]]

[[ATTACHMENT|subset-wondernails-reduced-998d4-ación-del-sistema-operativo-webkit\error-context.md]]
]]>
</system-out>
</testcase>
<testcase name="Wondernails - Reduced Motion Compliance › debe mostrar notificación visual para usuarios con reduced motion habilitado" classname="subset\wondernails-reduced-motion.e2e.ts" time="0.97">
<system-out>
<![CDATA[✅ Media query prefers-reduced-motion respetado
]]>
</system-out>
</testcase>
</testsuite>
<testsuite name="subset\wondernails-ux-budget.e2e.ts" timestamp="2025-10-29T19:08:05.826Z" hostname="webkit" tests="7" failures="7" skipped="0" time="114.493" errors="0">
<testcase name="Wondernails - UX Budget (Presupuesto de Clics) › CTA primario debe ser visible sin hover (0 clics)" classname="subset\wondernails-ux-budget.e2e.ts" time="16.134">
<failure message="wondernails-ux-budget.e2e.ts:9:7 CTA primario debe ser visible sin hover (0 clics)" type="FAILURE">
<![CDATA[  [webkit] › subset\wondernails-ux-budget.e2e.ts:9:7 › Wondernails - UX Budget (Presupuesto de Clics) › CTA primario debe ser visible sin hover (0 clics) 

    TimeoutError: page.waitForSelector: Timeout 15000ms exceeded.
    Call log:
      - waiting for locator('[data-tenant-hero="wondernails"]') to be visible


      4 |   test.beforeEach(async ({ page }) => {
      5 |     await page.goto('/t/wondernails');
    > 6 |     await page.waitForSelector('[data-tenant-hero="wondernails"]');
        |                ^
      7 |   });
      8 |
      9 |   test('CTA primario debe ser visible sin hover (0 clics)', async ({ page }) => {
        at C:\Dev\Zo\sass-store\tests\e2e\subset\wondernails-ux-budget.e2e.ts:6:16

    attachment #1: screenshot (image/png) ──────────────────────────────────────────────────────────
    ..\..\test-results\subset-wondernails-ux-budg-d6361--visible-sin-hover-0-clics--webkit\test-failed-1.png
    ────────────────────────────────────────────────────────────────────────────────────────────────

    attachment #2: video (video/webm) ──────────────────────────────────────────────────────────────
    ..\..\test-results\subset-wondernails-ux-budg-d6361--visible-sin-hover-0-clics--webkit\video.webm
    ────────────────────────────────────────────────────────────────────────────────────────────────

    Error Context: ..\..\test-results\subset-wondernails-ux-budg-d6361--visible-sin-hover-0-clics--webkit\error-context.md
]]>
</failure>
<system-out>
<![CDATA[
[[ATTACHMENT|subset-wondernails-ux-budg-d6361--visible-sin-hover-0-clics--webkit\test-failed-1.png]]

[[ATTACHMENT|subset-wondernails-ux-budg-d6361--visible-sin-hover-0-clics--webkit\video.webm]]

[[ATTACHMENT|subset-wondernails-ux-budg-d6361--visible-sin-hover-0-clics--webkit\error-context.md]]
]]>
</system-out>
</testcase>
<testcase name="Wondernails - UX Budget (Presupuesto de Clics) › flujo de reserva debe completarse en máximo 3 clics" classname="subset\wondernails-ux-budget.e2e.ts" time="16.191">
<failure message="wondernails-ux-budget.e2e.ts:37:7 flujo de reserva debe completarse en máximo 3 clics" type="FAILURE">
<![CDATA[  [webkit] › subset\wondernails-ux-budget.e2e.ts:37:7 › Wondernails - UX Budget (Presupuesto de Clics) › flujo de reserva debe completarse en máximo 3 clics 

    TimeoutError: page.waitForSelector: Timeout 15000ms exceeded.
    Call log:
      - waiting for locator('[data-tenant-hero="wondernails"]') to be visible


      4 |   test.beforeEach(async ({ page }) => {
      5 |     await page.goto('/t/wondernails');
    > 6 |     await page.waitForSelector('[data-tenant-hero="wondernails"]');
        |                ^
      7 |   });
      8 |
      9 |   test('CTA primario debe ser visible sin hover (0 clics)', async ({ page }) => {
        at C:\Dev\Zo\sass-store\tests\e2e\subset\wondernails-ux-budget.e2e.ts:6:16

    attachment #1: screenshot (image/png) ──────────────────────────────────────────────────────────
    ..\..\test-results\subset-wondernails-ux-budg-9c57c-mpletarse-en-máximo-3-clics-webkit\test-failed-1.png
    ────────────────────────────────────────────────────────────────────────────────────────────────

    attachment #2: video (video/webm) ──────────────────────────────────────────────────────────────
    ..\..\test-results\subset-wondernails-ux-budg-9c57c-mpletarse-en-máximo-3-clics-webkit\video.webm
    ────────────────────────────────────────────────────────────────────────────────────────────────

    Error Context: ..\..\test-results\subset-wondernails-ux-budg-9c57c-mpletarse-en-máximo-3-clics-webkit\error-context.md
]]>
</failure>
<system-out>
<![CDATA[
[[ATTACHMENT|subset-wondernails-ux-budg-9c57c-mpletarse-en-máximo-3-clics-webkit\test-failed-1.png]]

[[ATTACHMENT|subset-wondernails-ux-budg-9c57c-mpletarse-en-máximo-3-clics-webkit\video.webm]]

[[ATTACHMENT|subset-wondernails-ux-budg-9c57c-mpletarse-en-máximo-3-clics-webkit\error-context.md]]
]]>
</system-out>
</testcase>
<testcase name="Wondernails - UX Budget (Presupuesto de Clics) › flujo de compra debe completarse en máximo 2 clics" classname="subset\wondernails-ux-budget.e2e.ts" time="16.396">
<failure message="wondernails-ux-budget.e2e.ts:75:7 flujo de compra debe completarse en máximo 2 clics" type="FAILURE">
<![CDATA[  [webkit] › subset\wondernails-ux-budget.e2e.ts:75:7 › Wondernails - UX Budget (Presupuesto de Clics) › flujo de compra debe completarse en máximo 2 clics 

    TimeoutError: page.waitForSelector: Timeout 15000ms exceeded.
    Call log:
      - waiting for locator('[data-tenant-hero="wondernails"]') to be visible


      4 |   test.beforeEach(async ({ page }) => {
      5 |     await page.goto('/t/wondernails');
    > 6 |     await page.waitForSelector('[data-tenant-hero="wondernails"]');
        |                ^
      7 |   });
      8 |
      9 |   test('CTA primario debe ser visible sin hover (0 clics)', async ({ page }) => {
        at C:\Dev\Zo\sass-store\tests\e2e\subset\wondernails-ux-budget.e2e.ts:6:16

    attachment #1: screenshot (image/png) ──────────────────────────────────────────────────────────
    ..\..\test-results\subset-wondernails-ux-budg-0b580-mpletarse-en-máximo-2-clics-webkit\test-failed-1.png
    ────────────────────────────────────────────────────────────────────────────────────────────────

    attachment #2: video (video/webm) ──────────────────────────────────────────────────────────────
    ..\..\test-results\subset-wondernails-ux-budg-0b580-mpletarse-en-máximo-2-clics-webkit\video.webm
    ────────────────────────────────────────────────────────────────────────────────────────────────

    Error Context: ..\..\test-results\subset-wondernails-ux-budg-0b580-mpletarse-en-máximo-2-clics-webkit\error-context.md
]]>
</failure>
<system-out>
<![CDATA[
[[ATTACHMENT|subset-wondernails-ux-budg-0b580-mpletarse-en-máximo-2-clics-webkit\test-failed-1.png]]

[[ATTACHMENT|subset-wondernails-ux-budg-0b580-mpletarse-en-máximo-2-clics-webkit\video.webm]]

[[ATTACHMENT|subset-wondernails-ux-budg-0b580-mpletarse-en-máximo-2-clics-webkit\error-context.md]]
]]>
</system-out>
</testcase>
<testcase name="Wondernails - UX Budget (Presupuesto de Clics) › flujo de &quot;ver detalles&quot; debe completarse en máximo 1 clic" classname="subset\wondernails-ux-budget.e2e.ts" time="16.351">
<failure message="wondernails-ux-budget.e2e.ts:113:7 flujo de &quot;ver detalles&quot; debe completarse en máximo 1 clic" type="FAILURE">
<![CDATA[  [webkit] › subset\wondernails-ux-budget.e2e.ts:113:7 › Wondernails - UX Budget (Presupuesto de Clics) › flujo de "ver detalles" debe completarse en máximo 1 clic 

    TimeoutError: page.waitForSelector: Timeout 15000ms exceeded.
    Call log:
      - waiting for locator('[data-tenant-hero="wondernails"]') to be visible


      4 |   test.beforeEach(async ({ page }) => {
      5 |     await page.goto('/t/wondernails');
    > 6 |     await page.waitForSelector('[data-tenant-hero="wondernails"]');
        |                ^
      7 |   });
      8 |
      9 |   test('CTA primario debe ser visible sin hover (0 clics)', async ({ page }) => {
        at C:\Dev\Zo\sass-store\tests\e2e\subset\wondernails-ux-budget.e2e.ts:6:16

    attachment #1: screenshot (image/png) ──────────────────────────────────────────────────────────
    ..\..\test-results\subset-wondernails-ux-budg-95c76-ompletarse-en-máximo-1-clic-webkit\test-failed-1.png
    ────────────────────────────────────────────────────────────────────────────────────────────────

    attachment #2: video (video/webm) ──────────────────────────────────────────────────────────────
    ..\..\test-results\subset-wondernails-ux-budg-95c76-ompletarse-en-máximo-1-clic-webkit\video.webm
    ────────────────────────────────────────────────────────────────────────────────────────────────

    Error Context: ..\..\test-results\subset-wondernails-ux-budg-95c76-ompletarse-en-máximo-1-clic-webkit\error-context.md
]]>
</failure>
<system-out>
<![CDATA[
[[ATTACHMENT|subset-wondernails-ux-budg-95c76-ompletarse-en-máximo-1-clic-webkit\test-failed-1.png]]

[[ATTACHMENT|subset-wondernails-ux-budg-95c76-ompletarse-en-máximo-1-clic-webkit\video.webm]]

[[ATTACHMENT|subset-wondernails-ux-budg-95c76-ompletarse-en-máximo-1-clic-webkit\error-context.md]]
]]>
</system-out>
</testcase>
<testcase name="Wondernails - UX Budget (Presupuesto de Clics) › controles de navegación deben ser accesibles con mínima interacción" classname="subset\wondernails-ux-budget.e2e.ts" time="16.299">
<failure message="wondernails-ux-budget.e2e.ts:139:7 controles de navegación deben ser accesibles con mínima interacción" type="FAILURE">
<![CDATA[  [webkit] › subset\wondernails-ux-budget.e2e.ts:139:7 › Wondernails - UX Budget (Presupuesto de Clics) › controles de navegación deben ser accesibles con mínima interacción 

    TimeoutError: page.waitForSelector: Timeout 15000ms exceeded.
    Call log:
      - waiting for locator('[data-tenant-hero="wondernails"]') to be visible


      4 |   test.beforeEach(async ({ page }) => {
      5 |     await page.goto('/t/wondernails');
    > 6 |     await page.waitForSelector('[data-tenant-hero="wondernails"]');
        |                ^
      7 |   });
      8 |
      9 |   test('CTA primario debe ser visible sin hover (0 clics)', async ({ page }) => {
        at C:\Dev\Zo\sass-store\tests\e2e\subset\wondernails-ux-budget.e2e.ts:6:16

    attachment #1: screenshot (image/png) ──────────────────────────────────────────────────────────
    ..\..\test-results\subset-wondernails-ux-budg-ff761-bles-con-mínima-interacción-webkit\test-failed-1.png
    ────────────────────────────────────────────────────────────────────────────────────────────────

    attachment #2: video (video/webm) ──────────────────────────────────────────────────────────────
    ..\..\test-results\subset-wondernails-ux-budg-ff761-bles-con-mínima-interacción-webkit\video.webm
    ────────────────────────────────────────────────────────────────────────────────────────────────

    Error Context: ..\..\test-results\subset-wondernails-ux-budg-ff761-bles-con-mínima-interacción-webkit\error-context.md
]]>
</failure>
<system-out>
<![CDATA[
[[ATTACHMENT|subset-wondernails-ux-budg-ff761-bles-con-mínima-interacción-webkit\test-failed-1.png]]

[[ATTACHMENT|subset-wondernails-ux-budg-ff761-bles-con-mínima-interacción-webkit\video.webm]]

[[ATTACHMENT|subset-wondernails-ux-budg-ff761-bles-con-mínima-interacción-webkit\error-context.md]]
]]>
</system-out>
</testcase>
<testcase name="Wondernails - UX Budget (Presupuesto de Clics) › debe medir tiempo de respuesta de interacciones críticas" classname="subset\wondernails-ux-budget.e2e.ts" time="16.532">
<failure message="wondernails-ux-budget.e2e.ts:168:7 debe medir tiempo de respuesta de interacciones críticas" type="FAILURE">
<![CDATA[  [webkit] › subset\wondernails-ux-budget.e2e.ts:168:7 › Wondernails - UX Budget (Presupuesto de Clics) › debe medir tiempo de respuesta de interacciones críticas 

    TimeoutError: page.waitForSelector: Timeout 15000ms exceeded.
    Call log:
      - waiting for locator('[data-tenant-hero="wondernails"]') to be visible


      4 |   test.beforeEach(async ({ page }) => {
      5 |     await page.goto('/t/wondernails');
    > 6 |     await page.waitForSelector('[data-tenant-hero="wondernails"]');
        |                ^
      7 |   });
      8 |
      9 |   test('CTA primario debe ser visible sin hover (0 clics)', async ({ page }) => {
        at C:\Dev\Zo\sass-store\tests\e2e\subset\wondernails-ux-budget.e2e.ts:6:16

    attachment #1: screenshot (image/png) ──────────────────────────────────────────────────────────
    ..\..\test-results\subset-wondernails-ux-budg-aecc7-a-de-interacciones-críticas-webkit\test-failed-1.png
    ────────────────────────────────────────────────────────────────────────────────────────────────

    attachment #2: video (video/webm) ──────────────────────────────────────────────────────────────
    ..\..\test-results\subset-wondernails-ux-budg-aecc7-a-de-interacciones-críticas-webkit\video.webm
    ────────────────────────────────────────────────────────────────────────────────────────────────

    Error Context: ..\..\test-results\subset-wondernails-ux-budg-aecc7-a-de-interacciones-críticas-webkit\error-context.md
]]>
</failure>
<system-out>
<![CDATA[
[[ATTACHMENT|subset-wondernails-ux-budg-aecc7-a-de-interacciones-críticas-webkit\test-failed-1.png]]

[[ATTACHMENT|subset-wondernails-ux-budg-aecc7-a-de-interacciones-críticas-webkit\video.webm]]

[[ATTACHMENT|subset-wondernails-ux-budg-aecc7-a-de-interacciones-críticas-webkit\error-context.md]]
]]>
</system-out>
</testcase>
<testcase name="Wondernails - UX Budget (Presupuesto de Clics) › debe verificar accesibilidad de CTAs para usuarios con limitaciones motoras" classname="subset\wondernails-ux-budget.e2e.ts" time="16.59">
<failure message="wondernails-ux-budget.e2e.ts:202:7 debe verificar accesibilidad de CTAs para usuarios con limitaciones motoras" type="FAILURE">
<![CDATA[  [webkit] › subset\wondernails-ux-budget.e2e.ts:202:7 › Wondernails - UX Budget (Presupuesto de Clics) › debe verificar accesibilidad de CTAs para usuarios con limitaciones motoras 

    TimeoutError: page.waitForSelector: Timeout 15000ms exceeded.
    Call log:
      - waiting for locator('[data-tenant-hero="wondernails"]') to be visible


      4 |   test.beforeEach(async ({ page }) => {
      5 |     await page.goto('/t/wondernails');
    > 6 |     await page.waitForSelector('[data-tenant-hero="wondernails"]');
        |                ^
      7 |   });
      8 |
      9 |   test('CTA primario debe ser visible sin hover (0 clics)', async ({ page }) => {
        at C:\Dev\Zo\sass-store\tests\e2e\subset\wondernails-ux-budget.e2e.ts:6:16

    attachment #1: screenshot (image/png) ──────────────────────────────────────────────────────────
    ..\..\test-results\subset-wondernails-ux-budg-09347-os-con-limitaciones-motoras-webkit\test-failed-1.png
    ────────────────────────────────────────────────────────────────────────────────────────────────

    attachment #2: video (video/webm) ──────────────────────────────────────────────────────────────
    ..\..\test-results\subset-wondernails-ux-budg-09347-os-con-limitaciones-motoras-webkit\video.webm
    ────────────────────────────────────────────────────────────────────────────────────────────────

    Error Context: ..\..\test-results\subset-wondernails-ux-budg-09347-os-con-limitaciones-motoras-webkit\error-context.md
]]>
</failure>
<system-out>
<![CDATA[
[[ATTACHMENT|subset-wondernails-ux-budg-09347-os-con-limitaciones-motoras-webkit\test-failed-1.png]]

[[ATTACHMENT|subset-wondernails-ux-budg-09347-os-con-limitaciones-motoras-webkit\video.webm]]

[[ATTACHMENT|subset-wondernails-ux-budg-09347-os-con-limitaciones-motoras-webkit\error-context.md]]
]]>
</system-out>
</testcase>
</testsuite>
<testsuite name="tenant-security.spec.ts" timestamp="2025-10-29T19:08:05.826Z" hostname="webkit" tests="10" failures="8" skipped="0" time="37.558" errors="0">
<testcase name="Tenant Security &amp; Isolation › Tenant fallback - unknown subdomain should redirect to zo-system" classname="tenant-security.spec.ts" time="6.283">
<failure message="tenant-security.spec.ts:5:7 Tenant fallback - unknown subdomain should redirect to zo-system" type="FAILURE">
<![CDATA[  [webkit] › tenant-security.spec.ts:5:7 › Tenant Security & Isolation › Tenant fallback - unknown subdomain should redirect to zo-system 

    Error: expect(locator).toContainText(expected) failed

    Locator: locator('[data-testid="tenant-name"]')
    Expected substring: "Zo System"
    Timeout: 5000ms
    Error: element(s) not found

    Call log:
      - Expect "toContainText" with timeout 5000ms
      - waiting for locator('[data-testid="tenant-name"]')


      16 |
      17 |     // Should show zo-system tenant content
    > 18 |     await expect(page.locator('[data-testid="tenant-name"]')).toContainText('Zo System');
         |                                                               ^
      19 |
      20 |     // Should show fallback banner in dev/staging
      21 |     if (process.env.NODE_ENV !== 'production') {
        at C:\Dev\Zo\sass-store\tests\e2e\tenant-security.spec.ts:18:63

    attachment #1: screenshot (image/png) ──────────────────────────────────────────────────────────
    ..\..\test-results\tenant-security-Tenant-Sec-8bf6b-hould-redirect-to-zo-system-webkit\test-failed-1.png
    ────────────────────────────────────────────────────────────────────────────────────────────────

    attachment #2: video (video/webm) ──────────────────────────────────────────────────────────────
    ..\..\test-results\tenant-security-Tenant-Sec-8bf6b-hould-redirect-to-zo-system-webkit\video.webm
    ────────────────────────────────────────────────────────────────────────────────────────────────

    Error Context: ..\..\test-results\tenant-security-Tenant-Sec-8bf6b-hould-redirect-to-zo-system-webkit\error-context.md
]]>
</failure>
<system-out>
<![CDATA[
[[ATTACHMENT|tenant-security-Tenant-Sec-8bf6b-hould-redirect-to-zo-system-webkit\test-failed-1.png]]

[[ATTACHMENT|tenant-security-Tenant-Sec-8bf6b-hould-redirect-to-zo-system-webkit\video.webm]]

[[ATTACHMENT|tenant-security-Tenant-Sec-8bf6b-hould-redirect-to-zo-system-webkit\error-context.md]]
]]>
</system-out>
</testcase>
<testcase name="Tenant Security &amp; Isolation › Tenant path resolution - /t/{tenant} should work" classname="tenant-security.spec.ts" time="6.561">
<failure message="tenant-security.spec.ts:26:7 Tenant path resolution - /t/{tenant} should work" type="FAILURE">
<![CDATA[  [webkit] › tenant-security.spec.ts:26:7 › Tenant Security & Isolation › Tenant path resolution - /t/{tenant} should work 

    Error: expect(locator).toContainText(expected) failed

    Locator: locator('[data-testid="tenant-name"]')
    Expected substring: "Wonder Nails"
    Timeout: 5000ms
    Error: element(s) not found

    Call log:
      - Expect "toContainText" with timeout 5000ms
      - waiting for locator('[data-testid="tenant-name"]')


      29 |
      30 |     // Should show wondernails tenant content
    > 31 |     await expect(page.locator('[data-testid="tenant-name"]')).toContainText('Wonder Nails');
         |                                                               ^
      32 |
      33 |     // Products should be visible
      34 |     await expect(page.locator('[data-testid="product-grid"]')).toBeVisible();
        at C:\Dev\Zo\sass-store\tests\e2e\tenant-security.spec.ts:31:63

    attachment #1: screenshot (image/png) ──────────────────────────────────────────────────────────
    ..\..\test-results\tenant-security-Tenant-Sec-abcfd-tion---t-tenant-should-work-webkit\test-failed-1.png
    ────────────────────────────────────────────────────────────────────────────────────────────────

    attachment #2: video (video/webm) ──────────────────────────────────────────────────────────────
    ..\..\test-results\tenant-security-Tenant-Sec-abcfd-tion---t-tenant-should-work-webkit\video.webm
    ────────────────────────────────────────────────────────────────────────────────────────────────

    Error Context: ..\..\test-results\tenant-security-Tenant-Sec-abcfd-tion---t-tenant-should-work-webkit\error-context.md
]]>
</failure>
<system-out>
<![CDATA[
[[ATTACHMENT|tenant-security-Tenant-Sec-abcfd-tion---t-tenant-should-work-webkit\test-failed-1.png]]

[[ATTACHMENT|tenant-security-Tenant-Sec-abcfd-tion---t-tenant-should-work-webkit\video.webm]]

[[ATTACHMENT|tenant-security-Tenant-Sec-abcfd-tion---t-tenant-should-work-webkit\error-context.md]]
]]>
</system-out>
</testcase>
<testcase name="Tenant Security &amp; Isolation › Cross-tenant data isolation - API level" classname="tenant-security.spec.ts" time="0.082">
<failure message="tenant-security.spec.ts:37:7 Cross-tenant data isolation - API level" type="FAILURE">
<![CDATA[  [webkit] › tenant-security.spec.ts:37:7 › Tenant Security & Isolation › Cross-tenant data isolation - API level 

    Error: expect(received).toBeTruthy()

    Received: false

      40 |       headers: { 'X-Tenant': 'wondernails' }
      41 |     });
    > 42 |     expect(response1.ok()).toBeTruthy();
         |                            ^
      43 |     const wondernailsProducts = await response1.json();
      44 |
      45 |     const response2 = await request.get('/api/v1/products', {
        at C:\Dev\Zo\sass-store\tests\e2e\tenant-security.spec.ts:42:28
]]>
</failure>
</testcase>
<testcase name="Tenant Security &amp; Isolation › RLS enforcement - database level" classname="tenant-security.spec.ts" time="0.064">
</testcase>
<testcase name="Tenant Security &amp; Isolation › Rate limiting - per tenant enforcement" classname="tenant-security.spec.ts" time="0.265">
<failure message="tenant-security.spec.ts:105:7 Rate limiting - per tenant enforcement" type="FAILURE">
<![CDATA[  [webkit] › tenant-security.spec.ts:105:7 › Tenant Security & Isolation › Rate limiting - per tenant enforcement 

    Error: expect(received).toBeTruthy()

    Received: false

      122 |     // At minimum, all requests should return valid HTTP status codes
      123 |     responses.forEach(response => {
    > 124 |       expect([200, 429, 404].includes(response.status())).toBeTruthy();
          |                                                           ^
      125 |     });
      126 |   });
      127 |
        at forEach (C:\Dev\Zo\sass-store\tests\e2e\tenant-security.spec.ts:124:59)
        at C:\Dev\Zo\sass-store\tests\e2e\tenant-security.spec.ts:123:15
]]>
</failure>
</testcase>
<testcase name="Tenant Security &amp; Isolation › Tenant branding - should apply correct theme" classname="tenant-security.spec.ts" time="1.094">
<failure message="tenant-security.spec.ts:128:7 Tenant branding - should apply correct theme" type="FAILURE">
<![CDATA[  [webkit] › tenant-security.spec.ts:128:7 › Tenant Security & Isolation › Tenant branding - should apply correct theme 

    Error: expect(received).toContain(expected) // indexOf

    Expected substring: "#EC4899"
    Received string:    ""

      136 |
      137 |     // Should have pink color for wondernails
    > 138 |     expect(primaryColor.trim()).toContain('#EC4899');
          |                                 ^
      139 |
      140 |     // Test vigistudio tenant
      141 |     await page.goto('/t/vigistudio');
        at C:\Dev\Zo\sass-store\tests\e2e\tenant-security.spec.ts:138:33

    attachment #1: screenshot (image/png) ──────────────────────────────────────────────────────────
    ..\..\test-results\tenant-security-Tenant-Sec-aad3d--should-apply-correct-theme-webkit\test-failed-1.png
    ────────────────────────────────────────────────────────────────────────────────────────────────

    attachment #2: video (video/webm) ──────────────────────────────────────────────────────────────
    ..\..\test-results\tenant-security-Tenant-Sec-aad3d--should-apply-correct-theme-webkit\video.webm
    ────────────────────────────────────────────────────────────────────────────────────────────────

    Error Context: ..\..\test-results\tenant-security-Tenant-Sec-aad3d--should-apply-correct-theme-webkit\error-context.md
]]>
</failure>
<system-out>
<![CDATA[
[[ATTACHMENT|tenant-security-Tenant-Sec-aad3d--should-apply-correct-theme-webkit\test-failed-1.png]]

[[ATTACHMENT|tenant-security-Tenant-Sec-aad3d--should-apply-correct-theme-webkit\video.webm]]

[[ATTACHMENT|tenant-security-Tenant-Sec-aad3d--should-apply-correct-theme-webkit\error-context.md]]
]]>
</system-out>
</testcase>
<testcase name="Tenant Security &amp; Isolation › Tenant-specific content - services vs products" classname="tenant-security.spec.ts" time="6.882">
<failure message="tenant-security.spec.ts:154:7 Tenant-specific content - services vs products" type="FAILURE">
<![CDATA[  [webkit] › tenant-security.spec.ts:154:7 › Tenant Security & Isolation › Tenant-specific content - services vs products 

    Error: expect(locator).toBeVisible() failed

    Locator: locator('[data-testid="booking-cta"]')
    Expected: visible
    Timeout: 5000ms
    Error: element(s) not found

    Call log:
      - Expect "toBeVisible" with timeout 5000ms
      - waiting for locator('[data-testid="booking-cta"]')


      157 |
      158 |     // Should show booking option for booking-enabled tenant
    > 159 |     await expect(page.locator('[data-testid="booking-cta"]')).toBeVisible();
          |                                                               ^
      160 |
      161 |     // Test catalog tenant (vainilla-vargas)
      162 |     await page.goto('/t/vainilla-vargas');
        at C:\Dev\Zo\sass-store\tests\e2e\tenant-security.spec.ts:159:63

    attachment #1: screenshot (image/png) ──────────────────────────────────────────────────────────
    ..\..\test-results\tenant-security-Tenant-Sec-f4c95-tent---services-vs-products-webkit\test-failed-1.png
    ────────────────────────────────────────────────────────────────────────────────────────────────

    attachment #2: video (video/webm) ──────────────────────────────────────────────────────────────
    ..\..\test-results\tenant-security-Tenant-Sec-f4c95-tent---services-vs-products-webkit\video.webm
    ────────────────────────────────────────────────────────────────────────────────────────────────

    Error Context: ..\..\test-results\tenant-security-Tenant-Sec-f4c95-tent---services-vs-products-webkit\error-context.md
]]>
</failure>
<system-out>
<![CDATA[
[[ATTACHMENT|tenant-security-Tenant-Sec-f4c95-tent---services-vs-products-webkit\test-failed-1.png]]

[[ATTACHMENT|tenant-security-Tenant-Sec-f4c95-tent---services-vs-products-webkit\video.webm]]

[[ATTACHMENT|tenant-security-Tenant-Sec-f4c95-tent---services-vs-products-webkit\error-context.md]]
]]>
</system-out>
</testcase>
<testcase name="Tenant Security &amp; Isolation › Contact information - per tenant" classname="tenant-security.spec.ts" time="6.994">
<failure message="tenant-security.spec.ts:172:7 Contact information - per tenant" type="FAILURE">
<![CDATA[  [webkit] › tenant-security.spec.ts:172:7 › Tenant Security & Isolation › Contact information - per tenant 

    Error: expect(locator).toContainText(expected) failed

    Locator: locator('[data-testid="tenant-phone"]')
    Expected substring: "+1-555-0201"
    Timeout: 5000ms
    Error: element(s) not found

    Call log:
      - Expect "toContainText" with timeout 5000ms
      - waiting for locator('[data-testid="tenant-phone"]')


      174 |     await page.goto('/t/wondernails/contact');
      175 |
    > 176 |     await expect(page.locator('[data-testid="tenant-phone"]')).toContainText('+1-555-0201');
          |                                                                ^
      177 |     await expect(page.locator('[data-testid="tenant-address"]')).toContainText('Los Angeles');
      178 |
      179 |     // Test vigistudio contact info
        at C:\Dev\Zo\sass-store\tests\e2e\tenant-security.spec.ts:176:64

    attachment #1: screenshot (image/png) ──────────────────────────────────────────────────────────
    ..\..\test-results\tenant-security-Tenant-Sec-06830-ct-information---per-tenant-webkit\test-failed-1.png
    ────────────────────────────────────────────────────────────────────────────────────────────────

    attachment #2: video (video/webm) ──────────────────────────────────────────────────────────────
    ..\..\test-results\tenant-security-Tenant-Sec-06830-ct-information---per-tenant-webkit\video.webm
    ────────────────────────────────────────────────────────────────────────────────────────────────

    Error Context: ..\..\test-results\tenant-security-Tenant-Sec-06830-ct-information---per-tenant-webkit\error-context.md
]]>
</failure>
<system-out>
<![CDATA[
[[ATTACHMENT|tenant-security-Tenant-Sec-06830-ct-information---per-tenant-webkit\test-failed-1.png]]

[[ATTACHMENT|tenant-security-Tenant-Sec-06830-ct-information---per-tenant-webkit\video.webm]]

[[ATTACHMENT|tenant-security-Tenant-Sec-06830-ct-information---per-tenant-webkit\error-context.md]]
]]>
</system-out>
</testcase>
<testcase name="Tenant Security &amp; Isolation › URL security - no tenant leakage in URLs" classname="tenant-security.spec.ts" time="7.801">
<failure message="tenant-security.spec.ts:186:7 URL security - no tenant leakage in URLs" type="FAILURE">
<![CDATA[  [webkit] › tenant-security.spec.ts:186:7 › Tenant Security & Isolation › URL security - no tenant leakage in URLs 

    Error: expect(locator).toContainText(expected) failed

    Locator: locator('[data-testid="tenant-name"]')
    Expected substring: "Vigi Studio"
    Timeout: 5000ms
    Error: element(s) not found

    Call log:
      - Expect "toContainText" with timeout 5000ms
      - waiting for locator('[data-testid="tenant-name"]')


      196 |
      197 |     // Check that tenant context is properly isolated
    > 198 |     await expect(page.locator('[data-testid="tenant-name"]')).toContainText('Vigi Studio');
          |                                                               ^
      199 |   });
      200 |
      201 |   test('Session isolation - tenant switching', async ({ page }) => {
        at C:\Dev\Zo\sass-store\tests\e2e\tenant-security.spec.ts:198:63

    attachment #1: screenshot (image/png) ──────────────────────────────────────────────────────────
    ..\..\test-results\tenant-security-Tenant-Sec-28357---no-tenant-leakage-in-URLs-webkit\test-failed-1.png
    ────────────────────────────────────────────────────────────────────────────────────────────────

    attachment #2: video (video/webm) ──────────────────────────────────────────────────────────────
    ..\..\test-results\tenant-security-Tenant-Sec-28357---no-tenant-leakage-in-URLs-webkit\video.webm
    ────────────────────────────────────────────────────────────────────────────────────────────────

    Error Context: ..\..\test-results\tenant-security-Tenant-Sec-28357---no-tenant-leakage-in-URLs-webkit\error-context.md
]]>
</failure>
<system-out>
<![CDATA[
[[ATTACHMENT|tenant-security-Tenant-Sec-28357---no-tenant-leakage-in-URLs-webkit\test-failed-1.png]]

[[ATTACHMENT|tenant-security-Tenant-Sec-28357---no-tenant-leakage-in-URLs-webkit\video.webm]]

[[ATTACHMENT|tenant-security-Tenant-Sec-28357---no-tenant-leakage-in-URLs-webkit\error-context.md]]
]]>
</system-out>
</testcase>
<testcase name="Tenant Security &amp; Isolation › Session isolation - tenant switching" classname="tenant-security.spec.ts" time="1.532">
</testcase>
</testsuite>
<testsuite name="usability\system-usability-corrected.spec.ts" timestamp="2025-10-29T19:08:05.826Z" hostname="webkit" tests="6" failures="3" skipped="0" time="31.856" errors="0">
<testcase name="System Usability (CORRECTED) › should provide clear user feedback and instructions" classname="usability\system-usability-corrected.spec.ts" time="2.717">
<failure message="system-usability-corrected.spec.ts:11:7 should provide clear user feedback and instructions" type="FAILURE">
<![CDATA[  [webkit] › usability\system-usability-corrected.spec.ts:11:7 › System Usability (CORRECTED) › should provide clear user feedback and instructions 

    Error: expect(received).toBeGreaterThan(expected)

    Expected: > 0
    Received:   0

      24 |       const headings = page.locator('h1, h2, h3, h4, h5, h6');
      25 |       const headingCount = await headings.count();
    > 26 |       expect(headingCount).toBeGreaterThan(0);
         |                            ^
      27 |
      28 |       // Check for descriptive link text
      29 |       const links = page.locator('a');
        at C:\Dev\Zo\sass-store\tests\e2e\usability\system-usability-corrected.spec.ts:26:28

    attachment #1: screenshot (image/png) ──────────────────────────────────────────────────────────
    ..\..\test-results\usability-system-usability-ebfe8-r-feedback-and-instructions-webkit\test-failed-1.png
    ────────────────────────────────────────────────────────────────────────────────────────────────

    attachment #2: video (video/webm) ──────────────────────────────────────────────────────────────
    ..\..\test-results\usability-system-usability-ebfe8-r-feedback-and-instructions-webkit\video.webm
    ────────────────────────────────────────────────────────────────────────────────────────────────

    Error Context: ..\..\test-results\usability-system-usability-ebfe8-r-feedback-and-instructions-webkit\error-context.md
]]>
</failure>
<system-out>
<![CDATA[
[[ATTACHMENT|usability-system-usability-ebfe8-r-feedback-and-instructions-webkit\test-failed-1.png]]

[[ATTACHMENT|usability-system-usability-ebfe8-r-feedback-and-instructions-webkit\video.webm]]

[[ATTACHMENT|usability-system-usability-ebfe8-r-feedback-and-instructions-webkit\error-context.md]]
]]>
</system-out>
</testcase>
<testcase name="System Usability (CORRECTED) › should be accessible with keyboard navigation" classname="usability\system-usability-corrected.spec.ts" time="2.482">
<failure message="system-usability-corrected.spec.ts:68:7 should be accessible with keyboard navigation" type="FAILURE">
<![CDATA[  [webkit] › usability\system-usability-corrected.spec.ts:68:7 › System Usability (CORRECTED) › should be accessible with keyboard navigation 

    Error: expect(received).toBe(expected) // Object.is equality

    Expected: 1
    Received: 2

      80 |       await page.keyboard.press('Tab');
      81 |       let focused = page.locator(':focus');
    > 82 |       expect(await focused.count()).toBe(1);
         |                                     ^
      83 |
      84 |       // Test that focus is visible
      85 |       const focusedElement = focused.first();
        at C:\Dev\Zo\sass-store\tests\e2e\usability\system-usability-corrected.spec.ts:82:37

    attachment #1: screenshot (image/png) ──────────────────────────────────────────────────────────
    ..\..\test-results\usability-system-usability-43d07-le-with-keyboard-navigation-webkit\test-failed-1.png
    ────────────────────────────────────────────────────────────────────────────────────────────────

    attachment #2: video (video/webm) ──────────────────────────────────────────────────────────────
    ..\..\test-results\usability-system-usability-43d07-le-with-keyboard-navigation-webkit\video.webm
    ────────────────────────────────────────────────────────────────────────────────────────────────

    Error Context: ..\..\test-results\usability-system-usability-43d07-le-with-keyboard-navigation-webkit\error-context.md
]]>
</failure>
<system-out>
<![CDATA[
[[ATTACHMENT|usability-system-usability-43d07-le-with-keyboard-navigation-webkit\test-failed-1.png]]

[[ATTACHMENT|usability-system-usability-43d07-le-with-keyboard-navigation-webkit\video.webm]]

[[ATTACHMENT|usability-system-usability-43d07-le-with-keyboard-navigation-webkit\error-context.md]]
]]>
</system-out>
</testcase>
<testcase name="System Usability (CORRECTED) › should provide helpful error messages" classname="usability\system-usability-corrected.spec.ts" time="6.627">
<system-out>
<![CDATA[✅ wondernails: Helpful error messages provided
✅ nom-nom: Helpful error messages provided
]]>
</system-out>
</testcase>
<testcase name="System Usability (CORRECTED) › should maintain consistent UI patterns" classname="usability\system-usability-corrected.spec.ts" time="2.673">
<failure message="system-usability-corrected.spec.ts:159:7 should maintain consistent UI patterns" type="FAILURE">
<![CDATA[  [webkit] › usability\system-usability-corrected.spec.ts:159:7 › System Usability (CORRECTED) › should maintain consistent UI patterns 

    Error: expect(received).not.toBe(expected) // Object.is equality

    Expected: not "0px"

      184 |         
      185 |         // All buttons should have some padding and border radius
    > 186 |         expect(computedStyle.padding).not.toBe('0px');
          |                                           ^
      187 |       }
      188 |
      189 |       // Check for consistent typography
        at C:\Dev\Zo\sass-store\tests\e2e\usability\system-usability-corrected.spec.ts:186:43

    attachment #1: screenshot (image/png) ──────────────────────────────────────────────────────────
    ..\..\test-results\usability-system-usability-faa41-tain-consistent-UI-patterns-webkit\test-failed-1.png
    ────────────────────────────────────────────────────────────────────────────────────────────────

    attachment #2: video (video/webm) ──────────────────────────────────────────────────────────────
    ..\..\test-results\usability-system-usability-faa41-tain-consistent-UI-patterns-webkit\video.webm
    ────────────────────────────────────────────────────────────────────────────────────────────────

    Error Context: ..\..\test-results\usability-system-usability-faa41-tain-consistent-UI-patterns-webkit\error-context.md
]]>
</failure>
<system-out>
<![CDATA[
[[ATTACHMENT|usability-system-usability-faa41-tain-consistent-UI-patterns-webkit\test-failed-1.png]]

[[ATTACHMENT|usability-system-usability-faa41-tain-consistent-UI-patterns-webkit\video.webm]]

[[ATTACHMENT|usability-system-usability-faa41-tain-consistent-UI-patterns-webkit\error-context.md]]
]]>
</system-out>
</testcase>
<testcase name="System Usability (CORRECTED) › should provide clear navigation paths" classname="usability\system-usability-corrected.spec.ts" time="6.285">
</testcase>
<testcase name="System Usability (CORRECTED) › should be usable on different screen sizes" classname="usability\system-usability-corrected.spec.ts" time="11.072">
<system-out>
<![CDATA[✅ wondernails: Usable on mobile screen size
✅ wondernails: Usable on tablet screen size
✅ wondernails: Usable on desktop screen size
✅ nom-nom: Usable on mobile screen size
✅ nom-nom: Usable on tablet screen size
✅ nom-nom: Usable on desktop screen size
]]>
</system-out>
</testcase>
</testsuite>
<testsuite name="ux\click-budget.spec.ts" timestamp="2025-10-29T19:08:05.826Z" hostname="webkit" tests="8" failures="2" skipped="0" time="31.286" errors="0">
<testcase name="Click Budget Tests - UX Optimization › Purchase Flow - should complete in ≤3 clicks" classname="ux\click-budget.spec.ts" time="6.618">
</testcase>
<testcase name="Click Budget Tests - UX Optimization › Booking Flow - should complete in ≤2 clicks" classname="ux\click-budget.spec.ts" time="5.056">
</testcase>
<testcase name="Click Budget Tests - UX Optimization › Reorder Flow - should complete in ≤1 click" classname="ux\click-budget.spec.ts" time="3.542">
</testcase>
<testcase name="Click Budget Tests - UX Optimization › Mobile Touch Targets - should meet 44px minimum" classname="ux\click-budget.spec.ts" time="3.246">
<failure message="click-budget.spec.ts:112:7 Mobile Touch Targets - should meet 44px minimum" type="FAILURE">
<![CDATA[  [webkit] › ux\click-budget.spec.ts:112:7 › Click Budget Tests - UX Optimization › Mobile Touch Targets - should meet 44px minimum 

    Error: expect(received).toBeGreaterThanOrEqual(expected)

    Expected: >= 44
    Received:    24

      129 |           const boundingBox = await button.boundingBox();
      130 |           if (boundingBox) {
    > 131 |             expect(boundingBox.width).toBeGreaterThanOrEqual(44);
          |                                       ^
      132 |             expect(boundingBox.height).toBeGreaterThanOrEqual(44);
      133 |           }
      134 |         }
        at C:\Dev\Zo\sass-store\tests\e2e\ux\click-budget.spec.ts:131:39

    attachment #1: screenshot (image/png) ──────────────────────────────────────────────────────────
    ..\..\test-results\ux-click-budget-Click-Budg-0cc04----should-meet-44px-minimum-webkit\test-failed-1.png
    ────────────────────────────────────────────────────────────────────────────────────────────────

    attachment #2: video (video/webm) ──────────────────────────────────────────────────────────────
    ..\..\test-results\ux-click-budget-Click-Budg-0cc04----should-meet-44px-minimum-webkit\video.webm
    ────────────────────────────────────────────────────────────────────────────────────────────────

    Error Context: ..\..\test-results\ux-click-budget-Click-Budg-0cc04----should-meet-44px-minimum-webkit\error-context.md
]]>
</failure>
<system-out>
<![CDATA[
[[ATTACHMENT|ux-click-budget-Click-Budg-0cc04----should-meet-44px-minimum-webkit\test-failed-1.png]]

[[ATTACHMENT|ux-click-budget-Click-Budg-0cc04----should-meet-44px-minimum-webkit\video.webm]]

[[ATTACHMENT|ux-click-budget-Click-Budg-0cc04----should-meet-44px-minimum-webkit\error-context.md]]
]]>
</system-out>
</testcase>
<testcase name="Click Budget Tests - UX Optimization › Command Palette - should open with Cmd+K" classname="ux\click-budget.spec.ts" time="3.42">
</testcase>
<testcase name="Click Budget Tests - UX Optimization › Quick Actions Dock - should show role-appropriate actions" classname="ux\click-budget.spec.ts" time="4.372">
</testcase>
<testcase name="Click Budget Tests - UX Optimization › Keyboard Navigation - should support full keyboard accessibility" classname="ux\click-budget.spec.ts" time="3.334">
<failure message="click-budget.spec.ts:179:7 Keyboard Navigation - should support full keyboard accessibility" type="FAILURE">
<![CDATA[  [webkit] › ux\click-budget.spec.ts:179:7 › Click Budget Tests - UX Optimization › Keyboard Navigation - should support full keyboard accessibility 

    Error: expect(received).toBeGreaterThan(expected)

    Expected: > 0
    Received:   0

      212 |     }
      213 |
    > 214 |     expect(focusableElements).toBeGreaterThan(0);
          |                               ^
      215 |   });
      216 |
      217 |   test('Admin Actions - should complete in ≤2 clicks', async ({ page }) => {
        at C:\Dev\Zo\sass-store\tests\e2e\ux\click-budget.spec.ts:214:31

    attachment #1: screenshot (image/png) ──────────────────────────────────────────────────────────
    ..\..\test-results\ux-click-budget-Click-Budg-891fe-full-keyboard-accessibility-webkit\test-failed-1.png
    ────────────────────────────────────────────────────────────────────────────────────────────────

    attachment #2: video (video/webm) ──────────────────────────────────────────────────────────────
    ..\..\test-results\ux-click-budget-Click-Budg-891fe-full-keyboard-accessibility-webkit\video.webm
    ────────────────────────────────────────────────────────────────────────────────────────────────

    Error Context: ..\..\test-results\ux-click-budget-Click-Budg-891fe-full-keyboard-accessibility-webkit\error-context.md
]]>
</failure>
<system-out>
<![CDATA[
[[ATTACHMENT|ux-click-budget-Click-Budg-891fe-full-keyboard-accessibility-webkit\test-failed-1.png]]

[[ATTACHMENT|ux-click-budget-Click-Budg-891fe-full-keyboard-accessibility-webkit\video.webm]]

[[ATTACHMENT|ux-click-budget-Click-Budg-891fe-full-keyboard-accessibility-webkit\error-context.md]]
]]>
</system-out>
</testcase>
<testcase name="Click Budget Tests - UX Optimization › Admin Actions - should complete in ≤2 clicks" classname="ux\click-budget.spec.ts" time="1.698">
</testcase>
</testsuite>
<testsuite name="accessibility\a11y-compliance.spec.ts" timestamp="2025-10-29T19:08:05.826Z" hostname="Mobile Chrome" tests="8" failures="2" skipped="0" time="28.204" errors="0">
<testcase name="Accessibility (A11y) Compliance Tests › Color contrast should meet WCAG AA requirements" classname="accessibility\a11y-compliance.spec.ts" time="5.865">
<system-out>
<![CDATA[✓ wondernails: Color contrast validated
✓ nom-nom: Color contrast validated
✓ delirios: Color contrast validated
]]>
</system-out>
</testcase>
<testcase name="Accessibility (A11y) Compliance Tests › Keyboard navigation should work throughout the app" classname="accessibility\a11y-compliance.spec.ts" time="2.23">
<failure message="a11y-compliance.spec.ts:67:7 Keyboard navigation should work throughout the app" type="FAILURE">
<![CDATA[  [Mobile Chrome] › accessibility\a11y-compliance.spec.ts:67:7 › Accessibility (A11y) Compliance Tests › Keyboard navigation should work throughout the app 

    Error: expect(received).toBeTruthy()

    Received: false

      85 |
      86 |         const isVisible = await focusedElement.isVisible();
    > 87 |         expect(isVisible).toBeTruthy();
         |                           ^
      88 |
      89 |         // Check focus indicator
      90 |         const focusStyles = await focusedElement.evaluate(el => {
        at C:\Dev\Zo\sass-store\tests\e2e\accessibility\a11y-compliance.spec.ts:87:27

    attachment #1: screenshot (image/png) ──────────────────────────────────────────────────────────
    ..\..\test-results\accessibility-a11y-complia-01ae0-uld-work-throughout-the-app-Mobile-Chrome\test-failed-1.png
    ────────────────────────────────────────────────────────────────────────────────────────────────

    attachment #2: video (video/webm) ──────────────────────────────────────────────────────────────
    ..\..\test-results\accessibility-a11y-complia-01ae0-uld-work-throughout-the-app-Mobile-Chrome\video.webm
    ────────────────────────────────────────────────────────────────────────────────────────────────

    Error Context: ..\..\test-results\accessibility-a11y-complia-01ae0-uld-work-throughout-the-app-Mobile-Chrome\error-context.md
]]>
</failure>
<system-out>
<![CDATA[
[[ATTACHMENT|accessibility-a11y-complia-01ae0-uld-work-throughout-the-app-Mobile-Chrome\test-failed-1.png]]

[[ATTACHMENT|accessibility-a11y-complia-01ae0-uld-work-throughout-the-app-Mobile-Chrome\video.webm]]

[[ATTACHMENT|accessibility-a11y-complia-01ae0-uld-work-throughout-the-app-Mobile-Chrome\error-context.md]]
]]>
</system-out>
</testcase>
<testcase name="Accessibility (A11y) Compliance Tests › ARIA attributes should be properly implemented" classname="accessibility\a11y-compliance.spec.ts" time="2.553">
<failure message="a11y-compliance.spec.ts:117:7 ARIA attributes should be properly implemented" type="FAILURE">
<![CDATA[  [Mobile Chrome] › accessibility\a11y-compliance.spec.ts:117:7 › Accessibility (A11y) Compliance Tests › ARIA attributes should be properly implemented 

    Error: expect(received).toBeTruthy()

    Received: false

      165 |       }
      166 |
    > 167 |       expect(hasH1).toBeTruthy(); // Page should have an h1
          |                     ^
      168 |
      169 |       // Check for form labels
      170 |       const inputs = page.locator('input, textarea, select');
        at C:\Dev\Zo\sass-store\tests\e2e\accessibility\a11y-compliance.spec.ts:167:21

    attachment #1: screenshot (image/png) ──────────────────────────────────────────────────────────
    ..\..\test-results\accessibility-a11y-complia-66c35-uld-be-properly-implemented-Mobile-Chrome\test-failed-1.png
    ────────────────────────────────────────────────────────────────────────────────────────────────

    attachment #2: video (video/webm) ──────────────────────────────────────────────────────────────
    ..\..\test-results\accessibility-a11y-complia-66c35-uld-be-properly-implemented-Mobile-Chrome\video.webm
    ────────────────────────────────────────────────────────────────────────────────────────────────

    Error Context: ..\..\test-results\accessibility-a11y-complia-66c35-uld-be-properly-implemented-Mobile-Chrome\error-context.md
]]>
</failure>
<system-out>
<![CDATA[
[[ATTACHMENT|accessibility-a11y-complia-66c35-uld-be-properly-implemented-Mobile-Chrome\test-failed-1.png]]

[[ATTACHMENT|accessibility-a11y-complia-66c35-uld-be-properly-implemented-Mobile-Chrome\video.webm]]

[[ATTACHMENT|accessibility-a11y-complia-66c35-uld-be-properly-implemented-Mobile-Chrome\error-context.md]]
]]>
</system-out>
</testcase>
<testcase name="Accessibility (A11y) Compliance Tests › Images should have appropriate alt text" classname="accessibility\a11y-compliance.spec.ts" time="3.598">
<system-out>
<![CDATA[✓ wondernails: Image alt text validated
✓ nom-nom: Image alt text validated
]]>
</system-out>
</testcase>
<testcase name="Accessibility (A11y) Compliance Tests › Focus management should work correctly" classname="accessibility\a11y-compliance.spec.ts" time="3.5">
<system-out>
<![CDATA[✓ wondernails: Focus management validated
✓ nom-nom: Focus management validated
]]>
</system-out>
</testcase>
<testcase name="Accessibility (A11y) Compliance Tests › Screen reader announcements should be present" classname="accessibility\a11y-compliance.spec.ts" time="3.495">
<system-out>
<![CDATA[✓ wondernails: Screen reader announcements validated
✓ nom-nom: Screen reader announcements validated
]]>
</system-out>
</testcase>
<testcase name="Accessibility (A11y) Compliance Tests › Skip links should be present" classname="accessibility\a11y-compliance.spec.ts" time="3.629">
<system-out>
<![CDATA[✓ wondernails: Skip links validated
✓ nom-nom: Skip links validated
]]>
</system-out>
</testcase>
<testcase name="Accessibility (A11y) Compliance Tests › Error messages should be accessible" classname="accessibility\a11y-compliance.spec.ts" time="3.334">
<system-out>
<![CDATA[✓ wondernails: Error message accessibility validated
✓ nom-nom: Error message accessibility validated
]]>
</system-out>
</testcase>
</testsuite>
<testsuite name="accessibility\keyboard-only-flows.spec.ts" timestamp="2025-10-29T19:08:05.826Z" hostname="Mobile Chrome" tests="9" failures="7" skipped="0" time="117.16" errors="0">
<testcase name="Keyboard-Only Purchase Flow › should complete entire purchase using only keyboard navigation" classname="accessibility\keyboard-only-flows.spec.ts" time="7.584">
<failure message="keyboard-only-flows.spec.ts:10:7 should complete entire purchase using only keyboard navigation" type="FAILURE">
<![CDATA[  [Mobile Chrome] › accessibility\keyboard-only-flows.spec.ts:10:7 › Keyboard-Only Purchase Flow › should complete entire purchase using only keyboard navigation 

    Error: expect(page).toHaveURL(expected) failed

    Expected pattern: /\/products\/.+/
    Received string:  "http://localhost:3001/t/wondernails/products"
    Timeout: 5000ms

    Call log:
      - Expect "toHaveURL" with timeout 5000ms
        9 × unexpected value "http://localhost:3001/t/wondernails/products"


      19 |     // Select product via keyboard
      20 |     await page.keyboard.press('Enter');
    > 21 |     await expect(page).toHaveURL(/\/products\/.+/);
         |                        ^
      22 |
      23 |     await page.waitForTimeout(500);
      24 |
        at C:\Dev\Zo\sass-store\tests\e2e\accessibility\keyboard-only-flows.spec.ts:21:24

    attachment #1: screenshot (image/png) ──────────────────────────────────────────────────────────
    ..\..\test-results\accessibility-keyboard-onl-b38b3-ng-only-keyboard-navigation-Mobile-Chrome\test-failed-1.png
    ────────────────────────────────────────────────────────────────────────────────────────────────

    attachment #2: video (video/webm) ──────────────────────────────────────────────────────────────
    ..\..\test-results\accessibility-keyboard-onl-b38b3-ng-only-keyboard-navigation-Mobile-Chrome\video.webm
    ────────────────────────────────────────────────────────────────────────────────────────────────

    Error Context: ..\..\test-results\accessibility-keyboard-onl-b38b3-ng-only-keyboard-navigation-Mobile-Chrome\error-context.md
]]>
</failure>
<system-out>
<![CDATA[
[[ATTACHMENT|accessibility-keyboard-onl-b38b3-ng-only-keyboard-navigation-Mobile-Chrome\test-failed-1.png]]

[[ATTACHMENT|accessibility-keyboard-onl-b38b3-ng-only-keyboard-navigation-Mobile-Chrome\video.webm]]

[[ATTACHMENT|accessibility-keyboard-onl-b38b3-ng-only-keyboard-navigation-Mobile-Chrome\error-context.md]]
]]>
</system-out>
</testcase>
<testcase name="Keyboard-Only Purchase Flow › should support keyboard navigation in product filters" classname="accessibility\keyboard-only-flows.spec.ts" time="1.569">
</testcase>
<testcase name="Keyboard-Only Purchase Flow › should navigate product carousel with keyboard" classname="accessibility\keyboard-only-flows.spec.ts" time="17.598">
<failure message="keyboard-only-flows.spec.ts:105:7 should navigate product carousel with keyboard" type="FAILURE">
<![CDATA[  [Mobile Chrome] › accessibility\keyboard-only-flows.spec.ts:105:7 › Keyboard-Only Purchase Flow › should navigate product carousel with keyboard 

    TimeoutError: locator.click: Timeout 15000ms exceeded.
    Call log:
      - waiting for locator('[data-testid="product-card"]').first()


      107 |
      108 |     const productCard = page.locator('[data-testid="product-card"]').first();
    > 109 |     await productCard.click();
          |                       ^
      110 |
      111 |     const imageCarousel = page.locator('[data-testid="product-carousel"], [data-testid="image-gallery"]');
      112 |     if (await imageCarousel.isVisible()) {
        at C:\Dev\Zo\sass-store\tests\e2e\accessibility\keyboard-only-flows.spec.ts:109:23

    attachment #1: screenshot (image/png) ──────────────────────────────────────────────────────────
    ..\..\test-results\accessibility-keyboard-onl-097f9-duct-carousel-with-keyboard-Mobile-Chrome\test-failed-1.png
    ────────────────────────────────────────────────────────────────────────────────────────────────

    attachment #2: video (video/webm) ──────────────────────────────────────────────────────────────
    ..\..\test-results\accessibility-keyboard-onl-097f9-duct-carousel-with-keyboard-Mobile-Chrome\video.webm
    ────────────────────────────────────────────────────────────────────────────────────────────────

    Error Context: ..\..\test-results\accessibility-keyboard-onl-097f9-duct-carousel-with-keyboard-Mobile-Chrome\error-context.md
]]>
</failure>
<system-out>
<![CDATA[
[[ATTACHMENT|accessibility-keyboard-onl-097f9-duct-carousel-with-keyboard-Mobile-Chrome\test-failed-1.png]]

[[ATTACHMENT|accessibility-keyboard-onl-097f9-duct-carousel-with-keyboard-Mobile-Chrome\video.webm]]

[[ATTACHMENT|accessibility-keyboard-onl-097f9-duct-carousel-with-keyboard-Mobile-Chrome\error-context.md]]
]]>
</system-out>
</testcase>
<testcase name="Keyboard-Only Purchase Flow › should allow keyboard input in search" classname="accessibility\keyboard-only-flows.spec.ts" time="2.319">
</testcase>
<testcase name="Screen Reader Booking Flow › should announce booking form properly for screen readers" classname="accessibility\keyboard-only-flows.spec.ts" time="17.384">
<failure message="keyboard-only-flows.spec.ts:155:7 should announce booking form properly for screen readers" type="FAILURE">
<![CDATA[  [Mobile Chrome] › accessibility\keyboard-only-flows.spec.ts:155:7 › Screen Reader Booking Flow › should announce booking form properly for screen readers 

    TimeoutError: locator.textContent: Timeout 15000ms exceeded.
    Call log:
      - waiting for locator('h1')


      172 |
      173 |     // Verify service page heading is announced
    > 174 |     const serviceHeading = await page.locator('h1').textContent();
          |                                                     ^
      175 |     expect(serviceHeading).toContain('Services');
      176 |
      177 |     // Select service via screen reader
        at C:\Dev\Zo\sass-store\tests\e2e\accessibility\keyboard-only-flows.spec.ts:174:53

    attachment #1: screenshot (image/png) ──────────────────────────────────────────────────────────
    ..\..\test-results\accessibility-keyboard-onl-73acb-properly-for-screen-readers-Mobile-Chrome\test-failed-1.png
    ────────────────────────────────────────────────────────────────────────────────────────────────

    attachment #2: video (video/webm) ──────────────────────────────────────────────────────────────
    ..\..\test-results\accessibility-keyboard-onl-73acb-properly-for-screen-readers-Mobile-Chrome\video.webm
    ────────────────────────────────────────────────────────────────────────────────────────────────

    Error Context: ..\..\test-results\accessibility-keyboard-onl-73acb-properly-for-screen-readers-Mobile-Chrome\error-context.md
]]>
</failure>
<system-out>
<![CDATA[
[[ATTACHMENT|accessibility-keyboard-onl-73acb-properly-for-screen-readers-Mobile-Chrome\test-failed-1.png]]

[[ATTACHMENT|accessibility-keyboard-onl-73acb-properly-for-screen-readers-Mobile-Chrome\video.webm]]

[[ATTACHMENT|accessibility-keyboard-onl-73acb-properly-for-screen-readers-Mobile-Chrome\error-context.md]]
]]>
</system-out>
</testcase>
<testcase name="Screen Reader Booking Flow › should have descriptive labels for all form inputs" classname="accessibility\keyboard-only-flows.spec.ts" time="17.577">
<failure message="keyboard-only-flows.spec.ts:214:7 should have descriptive labels for all form inputs" type="FAILURE">
<![CDATA[  [Mobile Chrome] › accessibility\keyboard-only-flows.spec.ts:214:7 › Screen Reader Booking Flow › should have descriptive labels for all form inputs 

    TimeoutError: locator.click: Timeout 15000ms exceeded.
    Call log:
      - waiting for locator('[data-testid="service-card"]').first()


      216 |
      217 |     const serviceCard = page.locator('[data-testid="service-card"]').first();
    > 218 |     await serviceCard.click();
          |                       ^
      219 |
      220 |     const bookButton = page.locator('[data-testid="book-service-btn"], button:has-text("Book")');
      221 |     if (await bookButton.isVisible()) {
        at C:\Dev\Zo\sass-store\tests\e2e\accessibility\keyboard-only-flows.spec.ts:218:23

    attachment #1: screenshot (image/png) ──────────────────────────────────────────────────────────
    ..\..\test-results\accessibility-keyboard-onl-b44d9--labels-for-all-form-inputs-Mobile-Chrome\test-failed-1.png
    ────────────────────────────────────────────────────────────────────────────────────────────────

    attachment #2: video (video/webm) ──────────────────────────────────────────────────────────────
    ..\..\test-results\accessibility-keyboard-onl-b44d9--labels-for-all-form-inputs-Mobile-Chrome\video.webm
    ────────────────────────────────────────────────────────────────────────────────────────────────

    Error Context: ..\..\test-results\accessibility-keyboard-onl-b44d9--labels-for-all-form-inputs-Mobile-Chrome\error-context.md
]]>
</failure>
<system-out>
<![CDATA[
[[ATTACHMENT|accessibility-keyboard-onl-b44d9--labels-for-all-form-inputs-Mobile-Chrome\test-failed-1.png]]

[[ATTACHMENT|accessibility-keyboard-onl-b44d9--labels-for-all-form-inputs-Mobile-Chrome\video.webm]]

[[ATTACHMENT|accessibility-keyboard-onl-b44d9--labels-for-all-form-inputs-Mobile-Chrome\error-context.md]]
]]>
</system-out>
</testcase>
<testcase name="Screen Reader Booking Flow › should announce time slot availability" classname="accessibility\keyboard-only-flows.spec.ts" time="17.105">
<failure message="keyboard-only-flows.spec.ts:250:7 should announce time slot availability" type="FAILURE">
<![CDATA[  [Mobile Chrome] › accessibility\keyboard-only-flows.spec.ts:250:7 › Screen Reader Booking Flow › should announce time slot availability 

    TimeoutError: locator.click: Timeout 15000ms exceeded.
    Call log:
      - waiting for locator('[data-testid="service-card"]').first()


      252 |
      253 |     const serviceCard = page.locator('[data-testid="service-card"]').first();
    > 254 |     await serviceCard.click();
          |                       ^
      255 |
      256 |     // Time slots should have aria-labels describing availability
      257 |     const timeSlots = page.locator('[data-testid="time-slot"]');
        at C:\Dev\Zo\sass-store\tests\e2e\accessibility\keyboard-only-flows.spec.ts:254:23

    attachment #1: screenshot (image/png) ──────────────────────────────────────────────────────────
    ..\..\test-results\accessibility-keyboard-onl-516ff-unce-time-slot-availability-Mobile-Chrome\test-failed-1.png
    ────────────────────────────────────────────────────────────────────────────────────────────────

    attachment #2: video (video/webm) ──────────────────────────────────────────────────────────────
    ..\..\test-results\accessibility-keyboard-onl-516ff-unce-time-slot-availability-Mobile-Chrome\video.webm
    ────────────────────────────────────────────────────────────────────────────────────────────────

    Error Context: ..\..\test-results\accessibility-keyboard-onl-516ff-unce-time-slot-availability-Mobile-Chrome\error-context.md
]]>
</failure>
<system-out>
<![CDATA[
[[ATTACHMENT|accessibility-keyboard-onl-516ff-unce-time-slot-availability-Mobile-Chrome\test-failed-1.png]]

[[ATTACHMENT|accessibility-keyboard-onl-516ff-unce-time-slot-availability-Mobile-Chrome\video.webm]]

[[ATTACHMENT|accessibility-keyboard-onl-516ff-unce-time-slot-availability-Mobile-Chrome\error-context.md]]
]]>
</system-out>
</testcase>
<testcase name="Screen Reader Booking Flow › should have proper focus indicators" classname="accessibility\keyboard-only-flows.spec.ts" time="18.188">
<failure message="keyboard-only-flows.spec.ts:274:7 should have proper focus indicators" type="FAILURE">
<![CDATA[  [Mobile Chrome] › accessibility\keyboard-only-flows.spec.ts:274:7 › Screen Reader Booking Flow › should have proper focus indicators 

    TimeoutError: locator.focus: Timeout 15000ms exceeded.
    Call log:
      - waiting for locator('[data-testid="service-card"]').first()


      278 |
      279 |     // Focus element
    > 280 |     await serviceCard.focus();
          |                       ^
      281 |
      282 |     // Check for visible focus indicator
      283 |     const focusedElement = await page.evaluate(() => {
        at C:\Dev\Zo\sass-store\tests\e2e\accessibility\keyboard-only-flows.spec.ts:280:23

    attachment #1: screenshot (image/png) ──────────────────────────────────────────────────────────
    ..\..\test-results\accessibility-keyboard-onl-b2084-ave-proper-focus-indicators-Mobile-Chrome\test-failed-1.png
    ────────────────────────────────────────────────────────────────────────────────────────────────

    attachment #2: video (video/webm) ──────────────────────────────────────────────────────────────
    ..\..\test-results\accessibility-keyboard-onl-b2084-ave-proper-focus-indicators-Mobile-Chrome\video.webm
    ────────────────────────────────────────────────────────────────────────────────────────────────

    Error Context: ..\..\test-results\accessibility-keyboard-onl-b2084-ave-proper-focus-indicators-Mobile-Chrome\error-context.md
]]>
</failure>
<system-out>
<![CDATA[
[[ATTACHMENT|accessibility-keyboard-onl-b2084-ave-proper-focus-indicators-Mobile-Chrome\test-failed-1.png]]

[[ATTACHMENT|accessibility-keyboard-onl-b2084-ave-proper-focus-indicators-Mobile-Chrome\video.webm]]

[[ATTACHMENT|accessibility-keyboard-onl-b2084-ave-proper-focus-indicators-Mobile-Chrome\error-context.md]]
]]>
</system-out>
</testcase>
<testcase name="Screen Reader Booking Flow › should support ARIA live regions for dynamic content" classname="accessibility\keyboard-only-flows.spec.ts" time="17.836">
<failure message="keyboard-only-flows.spec.ts:304:7 should support ARIA live regions for dynamic content" type="FAILURE">
<![CDATA[  [Mobile Chrome] › accessibility\keyboard-only-flows.spec.ts:304:7 › Screen Reader Booking Flow › should support ARIA live regions for dynamic content 

    TimeoutError: locator.click: Timeout 15000ms exceeded.
    Call log:
      - waiting for locator('[data-testid="service-card"]').first()


      306 |
      307 |     const serviceCard = page.locator('[data-testid="service-card"]').first();
    > 308 |     await serviceCard.click();
          |                       ^
      309 |
      310 |     const timeSlotPicker = page.locator('[data-testid="time-slot-picker"]');
      311 |     if (await timeSlotPicker.isVisible()) {
        at C:\Dev\Zo\sass-store\tests\e2e\accessibility\keyboard-only-flows.spec.ts:308:23

    attachment #1: screenshot (image/png) ──────────────────────────────────────────────────────────
    ..\..\test-results\accessibility-keyboard-onl-ab35a-regions-for-dynamic-content-Mobile-Chrome\test-failed-1.png
    ────────────────────────────────────────────────────────────────────────────────────────────────

    attachment #2: video (video/webm) ──────────────────────────────────────────────────────────────
    ..\..\test-results\accessibility-keyboard-onl-ab35a-regions-for-dynamic-content-Mobile-Chrome\video.webm
    ────────────────────────────────────────────────────────────────────────────────────────────────

    Error Context: ..\..\test-results\accessibility-keyboard-onl-ab35a-regions-for-dynamic-content-Mobile-Chrome\error-context.md
]]>
</failure>
<system-out>
<![CDATA[
[[ATTACHMENT|accessibility-keyboard-onl-ab35a-regions-for-dynamic-content-Mobile-Chrome\test-failed-1.png]]

[[ATTACHMENT|accessibility-keyboard-onl-ab35a-regions-for-dynamic-content-Mobile-Chrome\video.webm]]

[[ATTACHMENT|accessibility-keyboard-onl-ab35a-regions-for-dynamic-content-Mobile-Chrome\error-context.md]]
]]>
</system-out>
</testcase>
</testsuite>
<testsuite name="accessibility.spec.ts" timestamp="2025-10-29T19:08:05.826Z" hostname="Mobile Chrome" tests="6" failures="6" skipped="0" time="22.949" errors="0">
<testcase name="Accessibility Tests › Screen reader support should be comprehensive" classname="accessibility.spec.ts" time="1.342">
<failure message="accessibility.spec.ts:4:7 Screen reader support should be comprehensive" type="FAILURE">
<![CDATA[  [Mobile Chrome] › accessibility.spec.ts:4:7 › Accessibility Tests › Screen reader support should be comprehensive 

    Error: expect(received).toBeGreaterThan(expected)

    Expected: > 0
    Received:   0

      16 |     const srOnlyElements = page.locator('.sr-only, .screen-reader-text, .visually-hidden');
      17 |     const srCount = await srOnlyElements.count();
    > 18 |     expect(srCount).toBeGreaterThan(0); // Should have screen reader elements
         |                     ^
      19 |
      20 |     // Validate that screen reader elements are properly hidden
      21 |     for (let i = 0; i < Math.min(5, srCount); i++) {
        at C:\Dev\Zo\sass-store\tests\e2e\accessibility.spec.ts:18:21

    attachment #1: screenshot (image/png) ──────────────────────────────────────────────────────────
    ..\..\test-results\accessibility-Accessibilit-e27a0-ort-should-be-comprehensive-Mobile-Chrome\test-failed-1.png
    ────────────────────────────────────────────────────────────────────────────────────────────────

    attachment #2: video (video/webm) ──────────────────────────────────────────────────────────────
    ..\..\test-results\accessibility-Accessibilit-e27a0-ort-should-be-comprehensive-Mobile-Chrome\video.webm
    ────────────────────────────────────────────────────────────────────────────────────────────────

    Error Context: ..\..\test-results\accessibility-Accessibilit-e27a0-ort-should-be-comprehensive-Mobile-Chrome\error-context.md
]]>
</failure>
<system-out>
<![CDATA[
[[ATTACHMENT|accessibility-Accessibilit-e27a0-ort-should-be-comprehensive-Mobile-Chrome\test-failed-1.png]]

[[ATTACHMENT|accessibility-Accessibilit-e27a0-ort-should-be-comprehensive-Mobile-Chrome\video.webm]]

[[ATTACHMENT|accessibility-Accessibilit-e27a0-ort-should-be-comprehensive-Mobile-Chrome\error-context.md]]
]]>
</system-out>
</testcase>
<testcase name="Accessibility Tests › ARIA attributes should be properly implemented" classname="accessibility.spec.ts" time="1.089">
<failure message="accessibility.spec.ts:75:7 ARIA attributes should be properly implemented" type="FAILURE">
<![CDATA[  [Mobile Chrome] › accessibility.spec.ts:75:7 › Accessibility Tests › ARIA attributes should be properly implemented 

    Error: expect(received).toBeTruthy()

    Received: null

      92 |       // Buttons should have accessible text
      93 |       const hasAccessibleText = ariaLabel || textContent?.trim() || ariaDescribedby;
    > 94 |       expect(hasAccessibleText).toBeTruthy();
         |                                 ^
      95 |     }
      96 |
      97 |     // Check for proper ARIA states on interactive elements
        at C:\Dev\Zo\sass-store\tests\e2e\accessibility.spec.ts:94:33

    attachment #1: screenshot (image/png) ──────────────────────────────────────────────────────────
    ..\..\test-results\accessibility-Accessibilit-99716-uld-be-properly-implemented-Mobile-Chrome\test-failed-1.png
    ────────────────────────────────────────────────────────────────────────────────────────────────

    attachment #2: video (video/webm) ──────────────────────────────────────────────────────────────
    ..\..\test-results\accessibility-Accessibilit-99716-uld-be-properly-implemented-Mobile-Chrome\video.webm
    ────────────────────────────────────────────────────────────────────────────────────────────────

    Error Context: ..\..\test-results\accessibility-Accessibilit-99716-uld-be-properly-implemented-Mobile-Chrome\error-context.md
]]>
</failure>
<system-out>
<![CDATA[
[[ATTACHMENT|accessibility-Accessibilit-99716-uld-be-properly-implemented-Mobile-Chrome\test-failed-1.png]]

[[ATTACHMENT|accessibility-Accessibilit-99716-uld-be-properly-implemented-Mobile-Chrome\video.webm]]

[[ATTACHMENT|accessibility-Accessibilit-99716-uld-be-properly-implemented-Mobile-Chrome\error-context.md]]
]]>
</system-out>
</testcase>
<testcase name="Accessibility Tests › Color contrast should meet WCAG requirements" classname="accessibility.spec.ts" time="1.466">
<failure message="accessibility.spec.ts:132:7 Color contrast should meet WCAG requirements" type="FAILURE">
<![CDATA[  [Mobile Chrome] › accessibility.spec.ts:132:7 › Accessibility Tests › Color contrast should meet WCAG requirements 

    Error: expect(received).toBeGreaterThanOrEqual(expected)

    Expected: >= 4.5
    Received:    1

      183 |         // Only fail if we have a real background color (not transparent)
      184 |         if (styles.backgroundColor !== 'rgba(0, 0, 0, 0)' && styles.backgroundColor !== 'transparent') {
    > 185 |           expect(contrast).toBeGreaterThanOrEqual(minContrast);
          |                            ^
      186 |         }
      187 |       }
      188 |     }
        at C:\Dev\Zo\sass-store\tests\e2e\accessibility.spec.ts:185:28

    attachment #1: screenshot (image/png) ──────────────────────────────────────────────────────────
    ..\..\test-results\accessibility-Accessibilit-d6a3f-ould-meet-WCAG-requirements-Mobile-Chrome\test-failed-1.png
    ────────────────────────────────────────────────────────────────────────────────────────────────

    attachment #2: video (video/webm) ──────────────────────────────────────────────────────────────
    ..\..\test-results\accessibility-Accessibilit-d6a3f-ould-meet-WCAG-requirements-Mobile-Chrome\video.webm
    ────────────────────────────────────────────────────────────────────────────────────────────────

    Error Context: ..\..\test-results\accessibility-Accessibilit-d6a3f-ould-meet-WCAG-requirements-Mobile-Chrome\error-context.md
]]>
</failure>
<system-out>
<![CDATA[
[[ATTACHMENT|accessibility-Accessibilit-d6a3f-ould-meet-WCAG-requirements-Mobile-Chrome\test-failed-1.png]]

[[ATTACHMENT|accessibility-Accessibilit-d6a3f-ould-meet-WCAG-requirements-Mobile-Chrome\video.webm]]

[[ATTACHMENT|accessibility-Accessibilit-d6a3f-ould-meet-WCAG-requirements-Mobile-Chrome\error-context.md]]
]]>
</system-out>
</testcase>
<testcase name="Accessibility Tests › Keyboard navigation should work throughout the app" classname="accessibility.spec.ts" time="1.354">
<failure message="accessibility.spec.ts:191:7 Keyboard navigation should work throughout the app" type="FAILURE">
<![CDATA[  [Mobile Chrome] › accessibility.spec.ts:191:7 › Accessibility Tests › Keyboard navigation should work throughout the app 

    Error: expect(received).toBe(expected) // Object.is equality

    Expected: 1
    Received: 2

      200 |     await page.keyboard.press('Tab');
      201 |     let focused = page.locator(':focus');
    > 202 |     expect(await focused.count()).toBe(1);
          |                                   ^
      203 |
      204 |     // Test that focus is visible
      205 |     const focusedElement = focused.first();
        at C:\Dev\Zo\sass-store\tests\e2e\accessibility.spec.ts:202:35

    attachment #1: screenshot (image/png) ──────────────────────────────────────────────────────────
    ..\..\test-results\accessibility-Accessibilit-c4f34-uld-work-throughout-the-app-Mobile-Chrome\test-failed-1.png
    ────────────────────────────────────────────────────────────────────────────────────────────────

    attachment #2: video (video/webm) ──────────────────────────────────────────────────────────────
    ..\..\test-results\accessibility-Accessibilit-c4f34-uld-work-throughout-the-app-Mobile-Chrome\video.webm
    ────────────────────────────────────────────────────────────────────────────────────────────────

    Error Context: ..\..\test-results\accessibility-Accessibilit-c4f34-uld-work-throughout-the-app-Mobile-Chrome\error-context.md
]]>
</failure>
<system-out>
<![CDATA[
[[ATTACHMENT|accessibility-Accessibilit-c4f34-uld-work-throughout-the-app-Mobile-Chrome\test-failed-1.png]]

[[ATTACHMENT|accessibility-Accessibilit-c4f34-uld-work-throughout-the-app-Mobile-Chrome\video.webm]]

[[ATTACHMENT|accessibility-Accessibilit-c4f34-uld-work-throughout-the-app-Mobile-Chrome\error-context.md]]
]]>
</system-out>
</testcase>
<testcase name="Accessibility Tests › Focus management should work correctly" classname="accessibility.spec.ts" time="16.732">
<failure message="accessibility.spec.ts:233:7 Focus management should work correctly" type="FAILURE">
<![CDATA[  [Mobile Chrome] › accessibility.spec.ts:233:7 › Accessibility Tests › Focus management should work correctly 

    TimeoutError: page.click: Timeout 15000ms exceeded.
    Call log:
      - waiting for locator('body')
        - locator resolved to <body>…</body>
      - attempting click action
        2 × waiting for element to be visible, enabled and stable
          - element is not visible
        - retrying click action
        - waiting 20ms
        2 × waiting for element to be visible, enabled and stable
          - element is not visible
        - retrying click action
          - waiting 100ms
        29 × waiting for element to be visible, enabled and stable
           - element is not visible
         - retrying click action
           - waiting 500ms


      261 |
      262 |     // Test that clicking outside elements doesn't break focus
    > 263 |     await page.click('body');
          |                ^
      264 |     await page.keyboard.press('Tab');
      265 |
      266 |     const newFocused = page.locator(':focus');
        at C:\Dev\Zo\sass-store\tests\e2e\accessibility.spec.ts:263:16

    attachment #1: screenshot (image/png) ──────────────────────────────────────────────────────────
    ..\..\test-results\accessibility-Accessibilit-ebd5e-ement-should-work-correctly-Mobile-Chrome\test-failed-1.png
    ────────────────────────────────────────────────────────────────────────────────────────────────

    attachment #2: video (video/webm) ──────────────────────────────────────────────────────────────
    ..\..\test-results\accessibility-Accessibilit-ebd5e-ement-should-work-correctly-Mobile-Chrome\video.webm
    ────────────────────────────────────────────────────────────────────────────────────────────────

    Error Context: ..\..\test-results\accessibility-Accessibilit-ebd5e-ement-should-work-correctly-Mobile-Chrome\error-context.md
]]>
</failure>
<system-out>
<![CDATA[
[[ATTACHMENT|accessibility-Accessibilit-ebd5e-ement-should-work-correctly-Mobile-Chrome\test-failed-1.png]]

[[ATTACHMENT|accessibility-Accessibilit-ebd5e-ement-should-work-correctly-Mobile-Chrome\video.webm]]

[[ATTACHMENT|accessibility-Accessibilit-ebd5e-ement-should-work-correctly-Mobile-Chrome\error-context.md]]
]]>
</system-out>
</testcase>
<testcase name="Accessibility Tests › Screen reader announcements should be present" classname="accessibility.spec.ts" time="0.966">
<failure message="accessibility.spec.ts:270:7 Screen reader announcements should be present" type="FAILURE">
<![CDATA[  [Mobile Chrome] › accessibility.spec.ts:270:7 › Accessibility Tests › Screen reader announcements should be present 

    Error: expect(received).toBeTruthy()

    Received: ""

      277 |     // Check for proper page title
      278 |     const title = await page.title();
    > 279 |     expect(title).toBeTruthy();
          |                   ^
      280 |     expect(title.length).toBeGreaterThan(0);
      281 |
      282 |     // Check for language attribute
        at C:\Dev\Zo\sass-store\tests\e2e\accessibility.spec.ts:279:19

    attachment #1: screenshot (image/png) ──────────────────────────────────────────────────────────
    ..\..\test-results\accessibility-Accessibilit-e9f41-uncements-should-be-present-Mobile-Chrome\test-failed-1.png
    ────────────────────────────────────────────────────────────────────────────────────────────────

    attachment #2: video (video/webm) ──────────────────────────────────────────────────────────────
    ..\..\test-results\accessibility-Accessibilit-e9f41-uncements-should-be-present-Mobile-Chrome\video.webm
    ────────────────────────────────────────────────────────────────────────────────────────────────

    Error Context: ..\..\test-results\accessibility-Accessibilit-e9f41-uncements-should-be-present-Mobile-Chrome\error-context.md
]]>
</failure>
<system-out>
<![CDATA[
[[ATTACHMENT|accessibility-Accessibilit-e9f41-uncements-should-be-present-Mobile-Chrome\test-failed-1.png]]

[[ATTACHMENT|accessibility-Accessibilit-e9f41-uncements-should-be-present-Mobile-Chrome\video.webm]]

[[ATTACHMENT|accessibility-Accessibilit-e9f41-uncements-should-be-present-Mobile-Chrome\error-context.md]]
]]>
</system-out>
</testcase>
</testsuite>
<testsuite name="auth\forgot-password.spec.ts" timestamp="2025-10-29T19:08:05.826Z" hostname="Mobile Chrome" tests="20" failures="20" skipped="0" time="251.615" errors="0">
<testcase name="Forgot Password Flow › should display forgot password page correctly" classname="auth\forgot-password.spec.ts" time="7.39">
<failure message="forgot-password.spec.ts:7:7 should display forgot password page correctly" type="FAILURE">
<![CDATA[  [Mobile Chrome] › auth\forgot-password.spec.ts:7:7 › Forgot Password Flow › should display forgot password page correctly 

    Error: expect(locator).toContainText(expected) failed

    Locator: locator('h2')
    Expected substring: "Recuperar Contraseña"
    Timeout: 5000ms
    Error: element(s) not found

    Call log:
      - Expect "toContainText" with timeout 5000ms
      - waiting for locator('h2')


       9 |
      10 |     // Check page elements
    > 11 |     await expect(page.locator("h2")).toContainText("Recuperar Contraseña");
         |                                      ^
      12 |     await expect(page.locator('input[type="email"]')).toBeVisible();
      13 |     await expect(page.locator('button[type="submit"]')).toBeVisible();
      14 |     await expect(page.locator('a[href*="login"]')).toBeVisible();
        at C:\Dev\Zo\sass-store\tests\e2e\auth\forgot-password.spec.ts:11:38

    attachment #1: screenshot (image/png) ──────────────────────────────────────────────────────────
    ..\..\test-results\auth-forgot-password-Forgo-b8109-got-password-page-correctly-Mobile-Chrome\test-failed-1.png
    ────────────────────────────────────────────────────────────────────────────────────────────────

    attachment #2: video (video/webm) ──────────────────────────────────────────────────────────────
    ..\..\test-results\auth-forgot-password-Forgo-b8109-got-password-page-correctly-Mobile-Chrome\video.webm
    ────────────────────────────────────────────────────────────────────────────────────────────────

    Error Context: ..\..\test-results\auth-forgot-password-Forgo-b8109-got-password-page-correctly-Mobile-Chrome\error-context.md
]]>
</failure>
<system-out>
<![CDATA[
[[ATTACHMENT|auth-forgot-password-Forgo-b8109-got-password-page-correctly-Mobile-Chrome\test-failed-1.png]]

[[ATTACHMENT|auth-forgot-password-Forgo-b8109-got-password-page-correctly-Mobile-Chrome\video.webm]]

[[ATTACHMENT|auth-forgot-password-Forgo-b8109-got-password-page-correctly-Mobile-Chrome\error-context.md]]
]]>
</system-out>
</testcase>
<testcase name="Forgot Password Flow › should show validation error for empty email" classname="auth\forgot-password.spec.ts" time="17.13">
<failure message="forgot-password.spec.ts:17:7 should show validation error for empty email" type="FAILURE">
<![CDATA[  [Mobile Chrome] › auth\forgot-password.spec.ts:17:7 › Forgot Password Flow › should show validation error for empty email 

    TimeoutError: locator.click: Timeout 15000ms exceeded.
    Call log:
      - waiting for locator('button[type="submit"]')


      19 |
      20 |     // Try to submit without email
    > 21 |     await page.locator('button[type="submit"]').click();
         |                                                 ^
      22 |
      23 |     // HTML5 validation should prevent submission
      24 |     const emailInput = page.locator('input[type="email"]');
        at C:\Dev\Zo\sass-store\tests\e2e\auth\forgot-password.spec.ts:21:49

    attachment #1: screenshot (image/png) ──────────────────────────────────────────────────────────
    ..\..\test-results\auth-forgot-password-Forgo-92db9-ation-error-for-empty-email-Mobile-Chrome\test-failed-1.png
    ────────────────────────────────────────────────────────────────────────────────────────────────

    attachment #2: video (video/webm) ──────────────────────────────────────────────────────────────
    ..\..\test-results\auth-forgot-password-Forgo-92db9-ation-error-for-empty-email-Mobile-Chrome\video.webm
    ────────────────────────────────────────────────────────────────────────────────────────────────

    Error Context: ..\..\test-results\auth-forgot-password-Forgo-92db9-ation-error-for-empty-email-Mobile-Chrome\error-context.md
]]>
</failure>
<system-out>
<![CDATA[
[[ATTACHMENT|auth-forgot-password-Forgo-92db9-ation-error-for-empty-email-Mobile-Chrome\test-failed-1.png]]

[[ATTACHMENT|auth-forgot-password-Forgo-92db9-ation-error-for-empty-email-Mobile-Chrome\video.webm]]

[[ATTACHMENT|auth-forgot-password-Forgo-92db9-ation-error-for-empty-email-Mobile-Chrome\error-context.md]]
]]>
</system-out>
</testcase>
<testcase name="Forgot Password Flow › should show validation error for invalid email format" classname="auth\forgot-password.spec.ts" time="17.26">
<failure message="forgot-password.spec.ts:31:7 should show validation error for invalid email format" type="FAILURE">
<![CDATA[  [Mobile Chrome] › auth\forgot-password.spec.ts:31:7 › Forgot Password Flow › should show validation error for invalid email format 

    TimeoutError: locator.fill: Timeout 15000ms exceeded.
    Call log:
      - waiting for locator('input[type="email"]')


      34 |     await page.goto("/t/wondernails/forgot-password");
      35 |
    > 36 |     await page.locator('input[type="email"]').fill("invalid-email");
         |                                               ^
      37 |     await page.locator('button[type="submit"]').click();
      38 |
      39 |     // HTML5 validation should prevent submission
        at C:\Dev\Zo\sass-store\tests\e2e\auth\forgot-password.spec.ts:36:47

    attachment #1: screenshot (image/png) ──────────────────────────────────────────────────────────
    ..\..\test-results\auth-forgot-password-Forgo-4688c-or-for-invalid-email-format-Mobile-Chrome\test-failed-1.png
    ────────────────────────────────────────────────────────────────────────────────────────────────

    attachment #2: video (video/webm) ──────────────────────────────────────────────────────────────
    ..\..\test-results\auth-forgot-password-Forgo-4688c-or-for-invalid-email-format-Mobile-Chrome\video.webm
    ────────────────────────────────────────────────────────────────────────────────────────────────

    Error Context: ..\..\test-results\auth-forgot-password-Forgo-4688c-or-for-invalid-email-format-Mobile-Chrome\error-context.md
]]>
</failure>
<system-out>
<![CDATA[
[[ATTACHMENT|auth-forgot-password-Forgo-4688c-or-for-invalid-email-format-Mobile-Chrome\test-failed-1.png]]

[[ATTACHMENT|auth-forgot-password-Forgo-4688c-or-for-invalid-email-format-Mobile-Chrome\video.webm]]

[[ATTACHMENT|auth-forgot-password-Forgo-4688c-or-for-invalid-email-format-Mobile-Chrome\error-context.md]]
]]>
</system-out>
</testcase>
<testcase name="Forgot Password Flow › should successfully submit forgot password request" classname="auth\forgot-password.spec.ts" time="17.427">
<failure message="forgot-password.spec.ts:47:7 should successfully submit forgot password request" type="FAILURE">
<![CDATA[  [Mobile Chrome] › auth\forgot-password.spec.ts:47:7 › Forgot Password Flow › should successfully submit forgot password request 

    TimeoutError: locator.fill: Timeout 15000ms exceeded.
    Call log:
      - waiting for locator('input[type="email"]')


      50 |     await page.goto("/t/wondernails/forgot-password");
      51 |
    > 52 |     await page.locator('input[type="email"]').fill(testEmail);
         |                                               ^
      53 |     await page.locator('button[type="submit"]').click();
      54 |
      55 |     // Should show success message
        at C:\Dev\Zo\sass-store\tests\e2e\auth\forgot-password.spec.ts:52:47

    attachment #1: screenshot (image/png) ──────────────────────────────────────────────────────────
    ..\..\test-results\auth-forgot-password-Forgo-f80cd-mit-forgot-password-request-Mobile-Chrome\test-failed-1.png
    ────────────────────────────────────────────────────────────────────────────────────────────────

    attachment #2: video (video/webm) ──────────────────────────────────────────────────────────────
    ..\..\test-results\auth-forgot-password-Forgo-f80cd-mit-forgot-password-request-Mobile-Chrome\video.webm
    ────────────────────────────────────────────────────────────────────────────────────────────────

    Error Context: ..\..\test-results\auth-forgot-password-Forgo-f80cd-mit-forgot-password-request-Mobile-Chrome\error-context.md
]]>
</failure>
<system-out>
<![CDATA[
[[ATTACHMENT|auth-forgot-password-Forgo-f80cd-mit-forgot-password-request-Mobile-Chrome\test-failed-1.png]]

[[ATTACHMENT|auth-forgot-password-Forgo-f80cd-mit-forgot-password-request-Mobile-Chrome\video.webm]]

[[ATTACHMENT|auth-forgot-password-Forgo-f80cd-mit-forgot-password-request-Mobile-Chrome\error-context.md]]
]]>
</system-out>
</testcase>
<testcase name="Forgot Password Flow › should navigate back to login from forgot password" classname="auth\forgot-password.spec.ts" time="17.478">
<failure message="forgot-password.spec.ts:67:7 should navigate back to login from forgot password" type="FAILURE">
<![CDATA[  [Mobile Chrome] › auth\forgot-password.spec.ts:67:7 › Forgot Password Flow › should navigate back to login from forgot password 

    TimeoutError: locator.click: Timeout 15000ms exceeded.
    Call log:
      - waiting for locator('a[href*="login"]').first()


      70 |     await page.goto("/t/wondernails/forgot-password");
      71 |
    > 72 |     await page.locator('a[href*="login"]').first().click();
         |                                                    ^
      73 |     await page.waitForURL("**/login");
      74 |
      75 |     expect(page.url()).toContain("/login");
        at C:\Dev\Zo\sass-store\tests\e2e\auth\forgot-password.spec.ts:72:52

    attachment #1: screenshot (image/png) ──────────────────────────────────────────────────────────
    ..\..\test-results\auth-forgot-password-Forgo-b9124--login-from-forgot-password-Mobile-Chrome\test-failed-1.png
    ────────────────────────────────────────────────────────────────────────────────────────────────

    attachment #2: video (video/webm) ──────────────────────────────────────────────────────────────
    ..\..\test-results\auth-forgot-password-Forgo-b9124--login-from-forgot-password-Mobile-Chrome\video.webm
    ────────────────────────────────────────────────────────────────────────────────────────────────

    Error Context: ..\..\test-results\auth-forgot-password-Forgo-b9124--login-from-forgot-password-Mobile-Chrome\error-context.md
]]>
</failure>
<system-out>
<![CDATA[
[[ATTACHMENT|auth-forgot-password-Forgo-b9124--login-from-forgot-password-Mobile-Chrome\test-failed-1.png]]

[[ATTACHMENT|auth-forgot-password-Forgo-b9124--login-from-forgot-password-Mobile-Chrome\video.webm]]

[[ATTACHMENT|auth-forgot-password-Forgo-b9124--login-from-forgot-password-Mobile-Chrome\error-context.md]]
]]>
</system-out>
</testcase>
<testcase name="Forgot Password Flow › should display forgot password link on login page" classname="auth\forgot-password.spec.ts" time="6.259">
<failure message="forgot-password.spec.ts:78:7 should display forgot password link on login page" type="FAILURE">
<![CDATA[  [Mobile Chrome] › auth\forgot-password.spec.ts:78:7 › Forgot Password Flow › should display forgot password link on login page 

    Error: expect(locator).toBeVisible() failed

    Locator: locator('a[href*="forgot-password"]').first()
    Expected: visible
    Timeout: 5000ms
    Error: element(s) not found

    Call log:
      - Expect "toBeVisible" with timeout 5000ms
      - waiting for locator('a[href*="forgot-password"]').first()


      84 |       .locator('a[href*="forgot-password"]')
      85 |       .first();
    > 86 |     await expect(forgotPasswordLink).toBeVisible();
         |                                      ^
      87 |     await expect(forgotPasswordLink).toContainText("Olvidaste");
      88 |   });
      89 |
        at C:\Dev\Zo\sass-store\tests\e2e\auth\forgot-password.spec.ts:86:38

    attachment #1: screenshot (image/png) ──────────────────────────────────────────────────────────
    ..\..\test-results\auth-forgot-password-Forgo-1e77d-password-link-on-login-page-Mobile-Chrome\test-failed-1.png
    ────────────────────────────────────────────────────────────────────────────────────────────────

    attachment #2: video (video/webm) ──────────────────────────────────────────────────────────────
    ..\..\test-results\auth-forgot-password-Forgo-1e77d-password-link-on-login-page-Mobile-Chrome\video.webm
    ────────────────────────────────────────────────────────────────────────────────────────────────

    Error Context: ..\..\test-results\auth-forgot-password-Forgo-1e77d-password-link-on-login-page-Mobile-Chrome\error-context.md
]]>
</failure>
<system-out>
<![CDATA[
[[ATTACHMENT|auth-forgot-password-Forgo-1e77d-password-link-on-login-page-Mobile-Chrome\test-failed-1.png]]

[[ATTACHMENT|auth-forgot-password-Forgo-1e77d-password-link-on-login-page-Mobile-Chrome\video.webm]]

[[ATTACHMENT|auth-forgot-password-Forgo-1e77d-password-link-on-login-page-Mobile-Chrome\error-context.md]]
]]>
</system-out>
</testcase>
<testcase name="Forgot Password Flow › should navigate from login to forgot password" classname="auth\forgot-password.spec.ts" time="17.442">
<failure message="forgot-password.spec.ts:90:7 should navigate from login to forgot password" type="FAILURE">
<![CDATA[  [Mobile Chrome] › auth\forgot-password.spec.ts:90:7 › Forgot Password Flow › should navigate from login to forgot password 

    TimeoutError: locator.click: Timeout 15000ms exceeded.
    Call log:
      - waiting for locator('a[href*="forgot-password"]').first()


      91 |     await page.goto("/t/wondernails/login");
      92 |
    > 93 |     await page.locator('a[href*="forgot-password"]').first().click();
         |                                                              ^
      94 |     await page.waitForURL("**/forgot-password");
      95 |
      96 |     expect(page.url()).toContain("/forgot-password");
        at C:\Dev\Zo\sass-store\tests\e2e\auth\forgot-password.spec.ts:93:62

    attachment #1: screenshot (image/png) ──────────────────────────────────────────────────────────
    ..\..\test-results\auth-forgot-password-Forgo-a79f0-om-login-to-forgot-password-Mobile-Chrome\test-failed-1.png
    ────────────────────────────────────────────────────────────────────────────────────────────────

    attachment #2: video (video/webm) ──────────────────────────────────────────────────────────────
    ..\..\test-results\auth-forgot-password-Forgo-a79f0-om-login-to-forgot-password-Mobile-Chrome\video.webm
    ────────────────────────────────────────────────────────────────────────────────────────────────

    Error Context: ..\..\test-results\auth-forgot-password-Forgo-a79f0-om-login-to-forgot-password-Mobile-Chrome\error-context.md
]]>
</failure>
<system-out>
<![CDATA[
[[ATTACHMENT|auth-forgot-password-Forgo-a79f0-om-login-to-forgot-password-Mobile-Chrome\test-failed-1.png]]

[[ATTACHMENT|auth-forgot-password-Forgo-a79f0-om-login-to-forgot-password-Mobile-Chrome\video.webm]]

[[ATTACHMENT|auth-forgot-password-Forgo-a79f0-om-login-to-forgot-password-Mobile-Chrome\error-context.md]]
]]>
</system-out>
</testcase>
<testcase name="Reset Password Flow › should display error for missing token" classname="auth\forgot-password.spec.ts" time="7.12">
<failure message="forgot-password.spec.ts:105:7 should display error for missing token" type="FAILURE">
<![CDATA[  [Mobile Chrome] › auth\forgot-password.spec.ts:105:7 › Reset Password Flow › should display error for missing token 

    Error: expect(locator).toBeVisible() failed

    Locator: locator('text=Token de recuperación no válido')
    Expected: visible
    Timeout: 5000ms
    Error: element(s) not found

    Call log:
      - Expect "toBeVisible" with timeout 5000ms
      - waiting for locator('text=Token de recuperación no válido')


      108 |     await expect(
      109 |       page.locator("text=Token de recuperación no válido")
    > 110 |     ).toBeVisible();
          |       ^
      111 |     await expect(page.locator('a[href*="forgot-password"]')).toBeVisible();
      112 |   });
      113 |
        at C:\Dev\Zo\sass-store\tests\e2e\auth\forgot-password.spec.ts:110:7

    attachment #1: screenshot (image/png) ──────────────────────────────────────────────────────────
    ..\..\test-results\auth-forgot-password-Reset-35322-lay-error-for-missing-token-Mobile-Chrome\test-failed-1.png
    ────────────────────────────────────────────────────────────────────────────────────────────────

    attachment #2: video (video/webm) ──────────────────────────────────────────────────────────────
    ..\..\test-results\auth-forgot-password-Reset-35322-lay-error-for-missing-token-Mobile-Chrome\video.webm
    ────────────────────────────────────────────────────────────────────────────────────────────────

    Error Context: ..\..\test-results\auth-forgot-password-Reset-35322-lay-error-for-missing-token-Mobile-Chrome\error-context.md
]]>
</failure>
<system-out>
<![CDATA[
[[ATTACHMENT|auth-forgot-password-Reset-35322-lay-error-for-missing-token-Mobile-Chrome\test-failed-1.png]]

[[ATTACHMENT|auth-forgot-password-Reset-35322-lay-error-for-missing-token-Mobile-Chrome\video.webm]]

[[ATTACHMENT|auth-forgot-password-Reset-35322-lay-error-for-missing-token-Mobile-Chrome\error-context.md]]
]]>
</system-out>
</testcase>
<testcase name="Reset Password Flow › should display error for invalid token" classname="auth\forgot-password.spec.ts" time="6.382">
<failure message="forgot-password.spec.ts:114:7 should display error for invalid token" type="FAILURE">
<![CDATA[  [Mobile Chrome] › auth\forgot-password.spec.ts:114:7 › Reset Password Flow › should display error for invalid token 

    Error: expect(locator).toContainText(expected) failed

    Locator: locator('h2')
    Expected substring: "Restablecer Contraseña"
    Timeout: 5000ms
    Error: element(s) not found

    Call log:
      - Expect "toContainText" with timeout 5000ms
      - waiting for locator('h2')


      116 |
      117 |     // Page should load
    > 118 |     await expect(page.locator("h2")).toContainText("Restablecer Contraseña");
          |                                      ^
      119 |   });
      120 |
      121 |   test("should display reset password form with valid token", async ({
        at C:\Dev\Zo\sass-store\tests\e2e\auth\forgot-password.spec.ts:118:38

    attachment #1: screenshot (image/png) ──────────────────────────────────────────────────────────
    ..\..\test-results\auth-forgot-password-Reset-215d8-lay-error-for-invalid-token-Mobile-Chrome\test-failed-1.png
    ────────────────────────────────────────────────────────────────────────────────────────────────

    attachment #2: video (video/webm) ──────────────────────────────────────────────────────────────
    ..\..\test-results\auth-forgot-password-Reset-215d8-lay-error-for-invalid-token-Mobile-Chrome\video.webm
    ────────────────────────────────────────────────────────────────────────────────────────────────

    Error Context: ..\..\test-results\auth-forgot-password-Reset-215d8-lay-error-for-invalid-token-Mobile-Chrome\error-context.md
]]>
</failure>
<system-out>
<![CDATA[
[[ATTACHMENT|auth-forgot-password-Reset-215d8-lay-error-for-invalid-token-Mobile-Chrome\test-failed-1.png]]

[[ATTACHMENT|auth-forgot-password-Reset-215d8-lay-error-for-invalid-token-Mobile-Chrome\video.webm]]

[[ATTACHMENT|auth-forgot-password-Reset-215d8-lay-error-for-invalid-token-Mobile-Chrome\error-context.md]]
]]>
</system-out>
</testcase>
<testcase name="Reset Password Flow › should display reset password form with valid token" classname="auth\forgot-password.spec.ts" time="6.395">
<failure message="forgot-password.spec.ts:121:7 should display reset password form with valid token" type="FAILURE">
<![CDATA[  [Mobile Chrome] › auth\forgot-password.spec.ts:121:7 › Reset Password Flow › should display reset password form with valid token 

    Error: expect(locator).toContainText(expected) failed

    Locator: locator('h2')
    Expected substring: "Restablecer Contraseña"
    Timeout: 5000ms
    Error: element(s) not found

    Call log:
      - Expect "toContainText" with timeout 5000ms
      - waiting for locator('h2')


      125 |
      126 |     // Check form elements
    > 127 |     await expect(page.locator("h2")).toContainText("Restablecer Contraseña");
          |                                      ^
      128 |     await expect(page.locator('input[name="password"]')).toBeVisible();
      129 |     await expect(page.locator('input[name="confirmPassword"]')).toBeVisible();
      130 |     await expect(page.locator('button[type="submit"]')).toBeVisible();
        at C:\Dev\Zo\sass-store\tests\e2e\auth\forgot-password.spec.ts:127:38

    attachment #1: screenshot (image/png) ──────────────────────────────────────────────────────────
    ..\..\test-results\auth-forgot-password-Reset-c9a62-sword-form-with-valid-token-Mobile-Chrome\test-failed-1.png
    ────────────────────────────────────────────────────────────────────────────────────────────────

    attachment #2: video (video/webm) ──────────────────────────────────────────────────────────────
    ..\..\test-results\auth-forgot-password-Reset-c9a62-sword-form-with-valid-token-Mobile-Chrome\video.webm
    ────────────────────────────────────────────────────────────────────────────────────────────────

    Error Context: ..\..\test-results\auth-forgot-password-Reset-c9a62-sword-form-with-valid-token-Mobile-Chrome\error-context.md
]]>
</failure>
<system-out>
<![CDATA[
[[ATTACHMENT|auth-forgot-password-Reset-c9a62-sword-form-with-valid-token-Mobile-Chrome\test-failed-1.png]]

[[ATTACHMENT|auth-forgot-password-Reset-c9a62-sword-form-with-valid-token-Mobile-Chrome\video.webm]]

[[ATTACHMENT|auth-forgot-password-Reset-c9a62-sword-form-with-valid-token-Mobile-Chrome\error-context.md]]
]]>
</system-out>
</testcase>
<testcase name="Reset Password Flow › should toggle password visibility" classname="auth\forgot-password.spec.ts" time="6.691">
<failure message="forgot-password.spec.ts:133:7 should toggle password visibility" type="FAILURE">
<![CDATA[  [Mobile Chrome] › auth\forgot-password.spec.ts:133:7 › Reset Password Flow › should toggle password visibility 

    Error: expect(locator).toHaveAttribute(expected) failed

    Locator: locator('input[name="password"]')
    Expected: "password"
    Timeout: 5000ms
    Error: element(s) not found

    Call log:
      - Expect "toHaveAttribute" with timeout 5000ms
      - waiting for locator('input[name="password"]')


      140 |
      141 |     // Initially should be password type
    > 142 |     await expect(passwordInput).toHaveAttribute("type", "password");
          |                                 ^
      143 |
      144 |     // Click toggle
      145 |     await toggleButton.click();
        at C:\Dev\Zo\sass-store\tests\e2e\auth\forgot-password.spec.ts:142:33

    attachment #1: screenshot (image/png) ──────────────────────────────────────────────────────────
    ..\..\test-results\auth-forgot-password-Reset-cd96a--toggle-password-visibility-Mobile-Chrome\test-failed-1.png
    ────────────────────────────────────────────────────────────────────────────────────────────────

    attachment #2: video (video/webm) ──────────────────────────────────────────────────────────────
    ..\..\test-results\auth-forgot-password-Reset-cd96a--toggle-password-visibility-Mobile-Chrome\video.webm
    ────────────────────────────────────────────────────────────────────────────────────────────────

    Error Context: ..\..\test-results\auth-forgot-password-Reset-cd96a--toggle-password-visibility-Mobile-Chrome\error-context.md
]]>
</failure>
<system-out>
<![CDATA[
[[ATTACHMENT|auth-forgot-password-Reset-cd96a--toggle-password-visibility-Mobile-Chrome\test-failed-1.png]]

[[ATTACHMENT|auth-forgot-password-Reset-cd96a--toggle-password-visibility-Mobile-Chrome\video.webm]]

[[ATTACHMENT|auth-forgot-password-Reset-cd96a--toggle-password-visibility-Mobile-Chrome\error-context.md]]
]]>
</system-out>
</testcase>
<testcase name="Reset Password Flow › should show error when passwords do not match" classname="auth\forgot-password.spec.ts" time="17.188">
<failure message="forgot-password.spec.ts:155:7 should show error when passwords do not match" type="FAILURE">
<![CDATA[  [Mobile Chrome] › auth\forgot-password.spec.ts:155:7 › Reset Password Flow › should show error when passwords do not match 

    TimeoutError: locator.fill: Timeout 15000ms exceeded.
    Call log:
      - waiting for locator('input[name="password"]')


      156 |     await page.goto(`/t/wondernails/reset-password?token=${validToken}`);
      157 |
    > 158 |     await page.locator('input[name="password"]').fill("Password123!");
          |                                                  ^
      159 |     await page
      160 |       .locator('input[name="confirmPassword"]')
      161 |       .fill("DifferentPassword123!");
        at C:\Dev\Zo\sass-store\tests\e2e\auth\forgot-password.spec.ts:158:50

    attachment #1: screenshot (image/png) ──────────────────────────────────────────────────────────
    ..\..\test-results\auth-forgot-password-Reset-b63d7-when-passwords-do-not-match-Mobile-Chrome\test-failed-1.png
    ────────────────────────────────────────────────────────────────────────────────────────────────

    attachment #2: video (video/webm) ──────────────────────────────────────────────────────────────
    ..\..\test-results\auth-forgot-password-Reset-b63d7-when-passwords-do-not-match-Mobile-Chrome\video.webm
    ────────────────────────────────────────────────────────────────────────────────────────────────

    Error Context: ..\..\test-results\auth-forgot-password-Reset-b63d7-when-passwords-do-not-match-Mobile-Chrome\error-context.md
]]>
</failure>
<system-out>
<![CDATA[
[[ATTACHMENT|auth-forgot-password-Reset-b63d7-when-passwords-do-not-match-Mobile-Chrome\test-failed-1.png]]

[[ATTACHMENT|auth-forgot-password-Reset-b63d7-when-passwords-do-not-match-Mobile-Chrome\video.webm]]

[[ATTACHMENT|auth-forgot-password-Reset-b63d7-when-passwords-do-not-match-Mobile-Chrome\error-context.md]]
]]>
</system-out>
</testcase>
<testcase name="Reset Password Flow › should show error for password less than 8 characters" classname="auth\forgot-password.spec.ts" time="17.382">
<failure message="forgot-password.spec.ts:168:7 should show error for password less than 8 characters" type="FAILURE">
<![CDATA[  [Mobile Chrome] › auth\forgot-password.spec.ts:168:7 › Reset Password Flow › should show error for password less than 8 characters 

    TimeoutError: locator.fill: Timeout 15000ms exceeded.
    Call log:
      - waiting for locator('input[name="password"]')


      172 |
      173 |     const shortPassword = "Pass1!";
    > 174 |     await page.locator('input[name="password"]').fill(shortPassword);
          |                                                  ^
      175 |     await page.locator('input[name="confirmPassword"]').fill(shortPassword);
      176 |     await page.locator('button[type="submit"]').click();
      177 |
        at C:\Dev\Zo\sass-store\tests\e2e\auth\forgot-password.spec.ts:174:50

    attachment #1: screenshot (image/png) ──────────────────────────────────────────────────────────
    ..\..\test-results\auth-forgot-password-Reset-0f315-word-less-than-8-characters-Mobile-Chrome\test-failed-1.png
    ────────────────────────────────────────────────────────────────────────────────────────────────

    attachment #2: video (video/webm) ──────────────────────────────────────────────────────────────
    ..\..\test-results\auth-forgot-password-Reset-0f315-word-less-than-8-characters-Mobile-Chrome\video.webm
    ────────────────────────────────────────────────────────────────────────────────────────────────

    Error Context: ..\..\test-results\auth-forgot-password-Reset-0f315-word-less-than-8-characters-Mobile-Chrome\error-context.md
]]>
</failure>
<system-out>
<![CDATA[
[[ATTACHMENT|auth-forgot-password-Reset-0f315-word-less-than-8-characters-Mobile-Chrome\test-failed-1.png]]

[[ATTACHMENT|auth-forgot-password-Reset-0f315-word-less-than-8-characters-Mobile-Chrome\video.webm]]

[[ATTACHMENT|auth-forgot-password-Reset-0f315-word-less-than-8-characters-Mobile-Chrome\error-context.md]]
]]>
</system-out>
</testcase>
<testcase name="Reset Password Flow › should show loading state when submitting" classname="auth\forgot-password.spec.ts" time="17.712">
<failure message="forgot-password.spec.ts:182:7 should show loading state when submitting" type="FAILURE">
<![CDATA[  [Mobile Chrome] › auth\forgot-password.spec.ts:182:7 › Reset Password Flow › should show loading state when submitting 

    TimeoutError: locator.fill: Timeout 15000ms exceeded.
    Call log:
      - waiting for locator('input[name="password"]')


      183 |     await page.goto(`/t/wondernails/reset-password?token=${validToken}`);
      184 |
    > 185 |     await page.locator('input[name="password"]').fill(newPassword);
          |                                                  ^
      186 |     await page.locator('input[name="confirmPassword"]').fill(newPassword);
      187 |
      188 |     const submitButton = page.locator('button[type="submit"]');
        at C:\Dev\Zo\sass-store\tests\e2e\auth\forgot-password.spec.ts:185:50

    attachment #1: screenshot (image/png) ──────────────────────────────────────────────────────────
    ..\..\test-results\auth-forgot-password-Reset-6acec-ading-state-when-submitting-Mobile-Chrome\test-failed-1.png
    ────────────────────────────────────────────────────────────────────────────────────────────────

    attachment #2: video (video/webm) ──────────────────────────────────────────────────────────────
    ..\..\test-results\auth-forgot-password-Reset-6acec-ading-state-when-submitting-Mobile-Chrome\video.webm
    ────────────────────────────────────────────────────────────────────────────────────────────────

    Error Context: ..\..\test-results\auth-forgot-password-Reset-6acec-ading-state-when-submitting-Mobile-Chrome\error-context.md
]]>
</failure>
<system-out>
<![CDATA[
[[ATTACHMENT|auth-forgot-password-Reset-6acec-ading-state-when-submitting-Mobile-Chrome\test-failed-1.png]]

[[ATTACHMENT|auth-forgot-password-Reset-6acec-ading-state-when-submitting-Mobile-Chrome\video.webm]]

[[ATTACHMENT|auth-forgot-password-Reset-6acec-ading-state-when-submitting-Mobile-Chrome\error-context.md]]
]]>
</system-out>
</testcase>
<testcase name="Reset Password Flow › should navigate back to login from reset password" classname="auth\forgot-password.spec.ts" time="17.671">
<failure message="forgot-password.spec.ts:197:7 should navigate back to login from reset password" type="FAILURE">
<![CDATA[  [Mobile Chrome] › auth\forgot-password.spec.ts:197:7 › Reset Password Flow › should navigate back to login from reset password 

    TimeoutError: locator.click: Timeout 15000ms exceeded.
    Call log:
      - waiting for locator('a[href*="login"]').first()


      200 |     await page.goto(`/t/wondernails/reset-password?token=${validToken}`);
      201 |
    > 202 |     await page.locator('a[href*="login"]').first().click();
          |                                                    ^
      203 |     await page.waitForURL("**/login");
      204 |
      205 |     expect(page.url()).toContain("/login");
        at C:\Dev\Zo\sass-store\tests\e2e\auth\forgot-password.spec.ts:202:52

    attachment #1: screenshot (image/png) ──────────────────────────────────────────────────────────
    ..\..\test-results\auth-forgot-password-Reset-39fa9-o-login-from-reset-password-Mobile-Chrome\test-failed-1.png
    ────────────────────────────────────────────────────────────────────────────────────────────────

    attachment #2: video (video/webm) ──────────────────────────────────────────────────────────────
    ..\..\test-results\auth-forgot-password-Reset-39fa9-o-login-from-reset-password-Mobile-Chrome\video.webm
    ────────────────────────────────────────────────────────────────────────────────────────────────

    Error Context: ..\..\test-results\auth-forgot-password-Reset-39fa9-o-login-from-reset-password-Mobile-Chrome\error-context.md
]]>
</failure>
<system-out>
<![CDATA[
[[ATTACHMENT|auth-forgot-password-Reset-39fa9-o-login-from-reset-password-Mobile-Chrome\test-failed-1.png]]

[[ATTACHMENT|auth-forgot-password-Reset-39fa9-o-login-from-reset-password-Mobile-Chrome\video.webm]]

[[ATTACHMENT|auth-forgot-password-Reset-39fa9-o-login-from-reset-password-Mobile-Chrome\error-context.md]]
]]>
</system-out>
</testcase>
<testcase name="Reset Password Flow › should have proper form accessibility" classname="auth\forgot-password.spec.ts" time="6.347">
<failure message="forgot-password.spec.ts:208:7 should have proper form accessibility" type="FAILURE">
<![CDATA[  [Mobile Chrome] › auth\forgot-password.spec.ts:208:7 › Reset Password Flow › should have proper form accessibility 

    Error: expect(locator).toBeVisible() failed

    Locator: locator('label[for="password"]')
    Expected: visible
    Timeout: 5000ms
    Error: element(s) not found

    Call log:
      - Expect "toBeVisible" with timeout 5000ms
      - waiting for locator('label[for="password"]')


      213 |     const confirmLabel = page.locator('label[for="confirmPassword"]');
      214 |
    > 215 |     await expect(passwordLabel).toBeVisible();
          |                                 ^
      216 |     await expect(confirmLabel).toBeVisible();
      217 |
      218 |     // Check required attributes
        at C:\Dev\Zo\sass-store\tests\e2e\auth\forgot-password.spec.ts:215:33

    attachment #1: screenshot (image/png) ──────────────────────────────────────────────────────────
    ..\..\test-results\auth-forgot-password-Reset-23b15-e-proper-form-accessibility-Mobile-Chrome\test-failed-1.png
    ────────────────────────────────────────────────────────────────────────────────────────────────

    attachment #2: video (video/webm) ──────────────────────────────────────────────────────────────
    ..\..\test-results\auth-forgot-password-Reset-23b15-e-proper-form-accessibility-Mobile-Chrome\video.webm
    ────────────────────────────────────────────────────────────────────────────────────────────────

    Error Context: ..\..\test-results\auth-forgot-password-Reset-23b15-e-proper-form-accessibility-Mobile-Chrome\error-context.md
]]>
</failure>
<system-out>
<![CDATA[
[[ATTACHMENT|auth-forgot-password-Reset-23b15-e-proper-form-accessibility-Mobile-Chrome\test-failed-1.png]]

[[ATTACHMENT|auth-forgot-password-Reset-23b15-e-proper-form-accessibility-Mobile-Chrome\video.webm]]

[[ATTACHMENT|auth-forgot-password-Reset-23b15-e-proper-form-accessibility-Mobile-Chrome\error-context.md]]
]]>
</system-out>
</testcase>
<testcase name="Reset Password Flow › should handle keyboard navigation" classname="auth\forgot-password.spec.ts" time="6.348">
<failure message="forgot-password.spec.ts:229:7 should handle keyboard navigation" type="FAILURE">
<![CDATA[  [Mobile Chrome] › auth\forgot-password.spec.ts:229:7 › Reset Password Flow › should handle keyboard navigation 

    Error: expect(locator).toBeFocused() failed

    Locator: locator('input[name="password"]')
    Expected: focused
    Timeout: 5000ms
    Error: element(s) not found

    Call log:
      - Expect "toBeFocused" with timeout 5000ms
      - waiting for locator('input[name="password"]')


      233 |     await page.keyboard.press("Tab");
      234 |     const firstInput = page.locator('input[name="password"]');
    > 235 |     await expect(firstInput).toBeFocused();
          |                              ^
      236 |
      237 |     await page.keyboard.press("Tab");
      238 |     // Should skip the toggle button or move to next input
        at C:\Dev\Zo\sass-store\tests\e2e\auth\forgot-password.spec.ts:235:30

    attachment #1: screenshot (image/png) ──────────────────────────────────────────────────────────
    ..\..\test-results\auth-forgot-password-Reset-08ef7--handle-keyboard-navigation-Mobile-Chrome\test-failed-1.png
    ────────────────────────────────────────────────────────────────────────────────────────────────

    attachment #2: video (video/webm) ──────────────────────────────────────────────────────────────
    ..\..\test-results\auth-forgot-password-Reset-08ef7--handle-keyboard-navigation-Mobile-Chrome\video.webm
    ────────────────────────────────────────────────────────────────────────────────────────────────

    Error Context: ..\..\test-results\auth-forgot-password-Reset-08ef7--handle-keyboard-navigation-Mobile-Chrome\error-context.md
]]>
</failure>
<system-out>
<![CDATA[
[[ATTACHMENT|auth-forgot-password-Reset-08ef7--handle-keyboard-navigation-Mobile-Chrome\test-failed-1.png]]

[[ATTACHMENT|auth-forgot-password-Reset-08ef7--handle-keyboard-navigation-Mobile-Chrome\video.webm]]

[[ATTACHMENT|auth-forgot-password-Reset-08ef7--handle-keyboard-navigation-Mobile-Chrome\error-context.md]]
]]>
</system-out>
</testcase>
<testcase name="Forgot Password - Multiple Tenants › should work correctly for all tenants" classname="auth\forgot-password.spec.ts" time="6.429">
<failure message="forgot-password.spec.ts:249:7 should work correctly for all tenants" type="FAILURE">
<![CDATA[  [Mobile Chrome] › auth\forgot-password.spec.ts:249:7 › Forgot Password - Multiple Tenants › should work correctly for all tenants 

    Error: expect(locator).toContainText(expected) failed

    Locator: locator('h2')
    Expected substring: "Recuperar"
    Timeout: 5000ms
    Error: element(s) not found

    Call log:
      - Expect "toContainText" with timeout 5000ms
      - waiting for locator('h2')


      252 |
      253 |       // Page should load
    > 254 |       await expect(page.locator("h2")).toContainText("Recuperar");
          |                                        ^
      255 |       await expect(page.locator('input[type="email"]')).toBeVisible();
      256 |
      257 |       // Check back link is tenant-specific
        at C:\Dev\Zo\sass-store\tests\e2e\auth\forgot-password.spec.ts:254:40

    attachment #1: screenshot (image/png) ──────────────────────────────────────────────────────────
    ..\..\test-results\auth-forgot-password-Forgo-d2517-k-correctly-for-all-tenants-Mobile-Chrome\test-failed-1.png
    ────────────────────────────────────────────────────────────────────────────────────────────────

    attachment #2: video (video/webm) ──────────────────────────────────────────────────────────────
    ..\..\test-results\auth-forgot-password-Forgo-d2517-k-correctly-for-all-tenants-Mobile-Chrome\video.webm
    ────────────────────────────────────────────────────────────────────────────────────────────────

    Error Context: ..\..\test-results\auth-forgot-password-Forgo-d2517-k-correctly-for-all-tenants-Mobile-Chrome\error-context.md
]]>
</failure>
<system-out>
<![CDATA[
[[ATTACHMENT|auth-forgot-password-Forgo-d2517-k-correctly-for-all-tenants-Mobile-Chrome\test-failed-1.png]]

[[ATTACHMENT|auth-forgot-password-Forgo-d2517-k-correctly-for-all-tenants-Mobile-Chrome\video.webm]]

[[ATTACHMENT|auth-forgot-password-Forgo-d2517-k-correctly-for-all-tenants-Mobile-Chrome\error-context.md]]
]]>
</system-out>
</testcase>
<testcase name="Forgot Password - Error Handling › should handle network errors gracefully" classname="auth\forgot-password.spec.ts" time="17.535">
<failure message="forgot-password.spec.ts:265:7 should handle network errors gracefully" type="FAILURE">
<![CDATA[  [Mobile Chrome] › auth\forgot-password.spec.ts:265:7 › Forgot Password - Error Handling › should handle network errors gracefully 

    TimeoutError: locator.fill: Timeout 15000ms exceeded.
    Call log:
      - waiting for locator('input[type="email"]')


      271 |     });
      272 |
    > 273 |     await page.locator('input[type="email"]').fill("test@example.com");
          |                                               ^
      274 |     await page.locator('button[type="submit"]').click();
      275 |
      276 |     // Should show error message
        at C:\Dev\Zo\sass-store\tests\e2e\auth\forgot-password.spec.ts:273:47

    attachment #1: screenshot (image/png) ──────────────────────────────────────────────────────────
    ..\..\test-results\auth-forgot-password-Forgo-07702-e-network-errors-gracefully-Mobile-Chrome\test-failed-1.png
    ────────────────────────────────────────────────────────────────────────────────────────────────

    attachment #2: video (video/webm) ──────────────────────────────────────────────────────────────
    ..\..\test-results\auth-forgot-password-Forgo-07702-e-network-errors-gracefully-Mobile-Chrome\video.webm
    ────────────────────────────────────────────────────────────────────────────────────────────────

    Error Context: ..\..\test-results\auth-forgot-password-Forgo-07702-e-network-errors-gracefully-Mobile-Chrome\error-context.md
]]>
</failure>
<system-out>
<![CDATA[
[[ATTACHMENT|auth-forgot-password-Forgo-07702-e-network-errors-gracefully-Mobile-Chrome\test-failed-1.png]]

[[ATTACHMENT|auth-forgot-password-Forgo-07702-e-network-errors-gracefully-Mobile-Chrome\video.webm]]

[[ATTACHMENT|auth-forgot-password-Forgo-07702-e-network-errors-gracefully-Mobile-Chrome\error-context.md]]
]]>
</system-out>
</testcase>
<testcase name="Forgot Password - Error Handling › should handle API error responses" classname="auth\forgot-password.spec.ts" time="18.029">
<failure message="forgot-password.spec.ts:280:7 should handle API error responses" type="FAILURE">
<![CDATA[  [Mobile Chrome] › auth\forgot-password.spec.ts:280:7 › Forgot Password - Error Handling › should handle API error responses 

    TimeoutError: locator.fill: Timeout 15000ms exceeded.
    Call log:
      - waiting for locator('input[type="email"]')


      290 |     });
      291 |
    > 292 |     await page.locator('input[type="email"]').fill("test@example.com");
          |                                               ^
      293 |     await page.locator('button[type="submit"]').click();
      294 |
      295 |     // Should show error message
        at C:\Dev\Zo\sass-store\tests\e2e\auth\forgot-password.spec.ts:292:47

    attachment #1: screenshot (image/png) ──────────────────────────────────────────────────────────
    ..\..\test-results\auth-forgot-password-Forgo-a55b7--handle-API-error-responses-Mobile-Chrome\test-failed-1.png
    ────────────────────────────────────────────────────────────────────────────────────────────────

    attachment #2: video (video/webm) ──────────────────────────────────────────────────────────────
    ..\..\test-results\auth-forgot-password-Forgo-a55b7--handle-API-error-responses-Mobile-Chrome\video.webm
    ────────────────────────────────────────────────────────────────────────────────────────────────

    Error Context: ..\..\test-results\auth-forgot-password-Forgo-a55b7--handle-API-error-responses-Mobile-Chrome\error-context.md
]]>
</failure>
<system-out>
<![CDATA[
[[ATTACHMENT|auth-forgot-password-Forgo-a55b7--handle-API-error-responses-Mobile-Chrome\test-failed-1.png]]

[[ATTACHMENT|auth-forgot-password-Forgo-a55b7--handle-API-error-responses-Mobile-Chrome\video.webm]]

[[ATTACHMENT|auth-forgot-password-Forgo-a55b7--handle-API-error-responses-Mobile-Chrome\error-context.md]]
]]>
</system-out>
</testcase>
</testsuite>
<testsuite name="auth\register.spec.ts" timestamp="2025-10-29T19:08:05.826Z" hostname="Mobile Chrome" tests="14" failures="14" skipped="0" time="97.486" errors="0">
<testcase name="User Registration Flow › should successfully register a new user" classname="auth\register.spec.ts" time="7.77">
<failure message="register.spec.ts:19:7 should successfully register a new user" type="FAILURE">
<![CDATA[  [Mobile Chrome] › auth\register.spec.ts:19:7 › User Registration Flow › should successfully register a new user 

    Error: expect(locator).toContainText(expected) failed

    Locator: locator('h2')
    Expected substring: "Wonder Nails Studio"
    Timeout: 5000ms
    Error: element(s) not found

    Call log:
      - Expect "toContainText" with timeout 5000ms
      - waiting for locator('h2')


      13 |     // Navigate to Wonder Nails registration page
      14 |     await page.goto("/t/wondernails/register");
    > 15 |     await expect(page.locator("h2")).toContainText("Wonder Nails Studio");
         |                                      ^
      16 |     await expect(page.locator("text=Crea tu cuenta")).toBeVisible();
      17 |   });
      18 |
        at C:\Dev\Zo\sass-store\tests\e2e\auth\register.spec.ts:15:38

    attachment #1: screenshot (image/png) ──────────────────────────────────────────────────────────
    ..\..\test-results\auth-register-User-Registr-fd562-ssfully-register-a-new-user-Mobile-Chrome\test-failed-1.png
    ────────────────────────────────────────────────────────────────────────────────────────────────

    attachment #2: video (video/webm) ──────────────────────────────────────────────────────────────
    ..\..\test-results\auth-register-User-Registr-fd562-ssfully-register-a-new-user-Mobile-Chrome\video.webm
    ────────────────────────────────────────────────────────────────────────────────────────────────

    Error Context: ..\..\test-results\auth-register-User-Registr-fd562-ssfully-register-a-new-user-Mobile-Chrome\error-context.md
]]>
</failure>
<system-out>
<![CDATA[
[[ATTACHMENT|auth-register-User-Registr-fd562-ssfully-register-a-new-user-Mobile-Chrome\test-failed-1.png]]

[[ATTACHMENT|auth-register-User-Registr-fd562-ssfully-register-a-new-user-Mobile-Chrome\video.webm]]

[[ATTACHMENT|auth-register-User-Registr-fd562-ssfully-register-a-new-user-Mobile-Chrome\error-context.md]]
]]>
</system-out>
</testcase>
<testcase name="User Registration Flow › should show password visibility toggle" classname="auth\register.spec.ts" time="7.313">
<failure message="register.spec.ts:43:7 should show password visibility toggle" type="FAILURE">
<![CDATA[  [Mobile Chrome] › auth\register.spec.ts:43:7 › User Registration Flow › should show password visibility toggle 

    Error: expect(locator).toContainText(expected) failed

    Locator: locator('h2')
    Expected substring: "Wonder Nails Studio"
    Timeout: 5000ms
    Error: element(s) not found

    Call log:
      - Expect "toContainText" with timeout 5000ms
      - waiting for locator('h2')


      13 |     // Navigate to Wonder Nails registration page
      14 |     await page.goto("/t/wondernails/register");
    > 15 |     await expect(page.locator("h2")).toContainText("Wonder Nails Studio");
         |                                      ^
      16 |     await expect(page.locator("text=Crea tu cuenta")).toBeVisible();
      17 |   });
      18 |
        at C:\Dev\Zo\sass-store\tests\e2e\auth\register.spec.ts:15:38

    attachment #1: screenshot (image/png) ──────────────────────────────────────────────────────────
    ..\..\test-results\auth-register-User-Registr-7d97b--password-visibility-toggle-Mobile-Chrome\test-failed-1.png
    ────────────────────────────────────────────────────────────────────────────────────────────────

    attachment #2: video (video/webm) ──────────────────────────────────────────────────────────────
    ..\..\test-results\auth-register-User-Registr-7d97b--password-visibility-toggle-Mobile-Chrome\video.webm
    ────────────────────────────────────────────────────────────────────────────────────────────────

    Error Context: ..\..\test-results\auth-register-User-Registr-7d97b--password-visibility-toggle-Mobile-Chrome\error-context.md
]]>
</failure>
<system-out>
<![CDATA[
[[ATTACHMENT|auth-register-User-Registr-7d97b--password-visibility-toggle-Mobile-Chrome\test-failed-1.png]]

[[ATTACHMENT|auth-register-User-Registr-7d97b--password-visibility-toggle-Mobile-Chrome\video.webm]]

[[ATTACHMENT|auth-register-User-Registr-7d97b--password-visibility-toggle-Mobile-Chrome\error-context.md]]
]]>
</system-out>
</testcase>
<testcase name="User Registration Flow › should validate required fields" classname="auth\register.spec.ts" time="6.51">
<failure message="register.spec.ts:62:7 should validate required fields" type="FAILURE">
<![CDATA[  [Mobile Chrome] › auth\register.spec.ts:62:7 › User Registration Flow › should validate required fields 

    Error: expect(locator).toContainText(expected) failed

    Locator: locator('h2')
    Expected substring: "Wonder Nails Studio"
    Timeout: 5000ms
    Error: element(s) not found

    Call log:
      - Expect "toContainText" with timeout 5000ms
      - waiting for locator('h2')


      13 |     // Navigate to Wonder Nails registration page
      14 |     await page.goto("/t/wondernails/register");
    > 15 |     await expect(page.locator("h2")).toContainText("Wonder Nails Studio");
         |                                      ^
      16 |     await expect(page.locator("text=Crea tu cuenta")).toBeVisible();
      17 |   });
      18 |
        at C:\Dev\Zo\sass-store\tests\e2e\auth\register.spec.ts:15:38

    attachment #1: screenshot (image/png) ──────────────────────────────────────────────────────────
    ..\..\test-results\auth-register-User-Registr-f9338-ld-validate-required-fields-Mobile-Chrome\test-failed-1.png
    ────────────────────────────────────────────────────────────────────────────────────────────────

    attachment #2: video (video/webm) ──────────────────────────────────────────────────────────────
    ..\..\test-results\auth-register-User-Registr-f9338-ld-validate-required-fields-Mobile-Chrome\video.webm
    ────────────────────────────────────────────────────────────────────────────────────────────────

    Error Context: ..\..\test-results\auth-register-User-Registr-f9338-ld-validate-required-fields-Mobile-Chrome\error-context.md
]]>
</failure>
<system-out>
<![CDATA[
[[ATTACHMENT|auth-register-User-Registr-f9338-ld-validate-required-fields-Mobile-Chrome\test-failed-1.png]]

[[ATTACHMENT|auth-register-User-Registr-f9338-ld-validate-required-fields-Mobile-Chrome\video.webm]]

[[ATTACHMENT|auth-register-User-Registr-f9338-ld-validate-required-fields-Mobile-Chrome\error-context.md]]
]]>
</system-out>
</testcase>
<testcase name="User Registration Flow › should validate email format" classname="auth\register.spec.ts" time="6.62">
<failure message="register.spec.ts:77:7 should validate email format" type="FAILURE">
<![CDATA[  [Mobile Chrome] › auth\register.spec.ts:77:7 › User Registration Flow › should validate email format 

    Error: expect(locator).toContainText(expected) failed

    Locator: locator('h2')
    Expected substring: "Wonder Nails Studio"
    Timeout: 5000ms
    Error: element(s) not found

    Call log:
      - Expect "toContainText" with timeout 5000ms
      - waiting for locator('h2')


      13 |     // Navigate to Wonder Nails registration page
      14 |     await page.goto("/t/wondernails/register");
    > 15 |     await expect(page.locator("h2")).toContainText("Wonder Nails Studio");
         |                                      ^
      16 |     await expect(page.locator("text=Crea tu cuenta")).toBeVisible();
      17 |   });
      18 |
        at C:\Dev\Zo\sass-store\tests\e2e\auth\register.spec.ts:15:38

    attachment #1: screenshot (image/png) ──────────────────────────────────────────────────────────
    ..\..\test-results\auth-register-User-Registr-9a869-hould-validate-email-format-Mobile-Chrome\test-failed-1.png
    ────────────────────────────────────────────────────────────────────────────────────────────────

    attachment #2: video (video/webm) ──────────────────────────────────────────────────────────────
    ..\..\test-results\auth-register-User-Registr-9a869-hould-validate-email-format-Mobile-Chrome\video.webm
    ────────────────────────────────────────────────────────────────────────────────────────────────

    Error Context: ..\..\test-results\auth-register-User-Registr-9a869-hould-validate-email-format-Mobile-Chrome\error-context.md
]]>
</failure>
<system-out>
<![CDATA[
[[ATTACHMENT|auth-register-User-Registr-9a869-hould-validate-email-format-Mobile-Chrome\test-failed-1.png]]

[[ATTACHMENT|auth-register-User-Registr-9a869-hould-validate-email-format-Mobile-Chrome\video.webm]]

[[ATTACHMENT|auth-register-User-Registr-9a869-hould-validate-email-format-Mobile-Chrome\error-context.md]]
]]>
</system-out>
</testcase>
<testcase name="User Registration Flow › should validate password length" classname="auth\register.spec.ts" time="7.143">
<failure message="register.spec.ts:94:7 should validate password length" type="FAILURE">
<![CDATA[  [Mobile Chrome] › auth\register.spec.ts:94:7 › User Registration Flow › should validate password length 

    Error: expect(locator).toContainText(expected) failed

    Locator: locator('h2')
    Expected substring: "Wonder Nails Studio"
    Timeout: 5000ms
    Error: element(s) not found

    Call log:
      - Expect "toContainText" with timeout 5000ms
      - waiting for locator('h2')


      13 |     // Navigate to Wonder Nails registration page
      14 |     await page.goto("/t/wondernails/register");
    > 15 |     await expect(page.locator("h2")).toContainText("Wonder Nails Studio");
         |                                      ^
      16 |     await expect(page.locator("text=Crea tu cuenta")).toBeVisible();
      17 |   });
      18 |
        at C:\Dev\Zo\sass-store\tests\e2e\auth\register.spec.ts:15:38

    attachment #1: screenshot (image/png) ──────────────────────────────────────────────────────────
    ..\..\test-results\auth-register-User-Registr-51594-ld-validate-password-length-Mobile-Chrome\test-failed-1.png
    ────────────────────────────────────────────────────────────────────────────────────────────────

    attachment #2: video (video/webm) ──────────────────────────────────────────────────────────────
    ..\..\test-results\auth-register-User-Registr-51594-ld-validate-password-length-Mobile-Chrome\video.webm
    ────────────────────────────────────────────────────────────────────────────────────────────────

    Error Context: ..\..\test-results\auth-register-User-Registr-51594-ld-validate-password-length-Mobile-Chrome\error-context.md
]]>
</failure>
<system-out>
<![CDATA[
[[ATTACHMENT|auth-register-User-Registr-51594-ld-validate-password-length-Mobile-Chrome\test-failed-1.png]]

[[ATTACHMENT|auth-register-User-Registr-51594-ld-validate-password-length-Mobile-Chrome\video.webm]]

[[ATTACHMENT|auth-register-User-Registr-51594-ld-validate-password-length-Mobile-Chrome\error-context.md]]
]]>
</system-out>
</testcase>
<testcase name="User Registration Flow › should validate password confirmation match" classname="auth\register.spec.ts" time="7.122">
<failure message="register.spec.ts:111:7 should validate password confirmation match" type="FAILURE">
<![CDATA[  [Mobile Chrome] › auth\register.spec.ts:111:7 › User Registration Flow › should validate password confirmation match 

    Error: expect(locator).toContainText(expected) failed

    Locator: locator('h2')
    Expected substring: "Wonder Nails Studio"
    Timeout: 5000ms
    Error: element(s) not found

    Call log:
      - Expect "toContainText" with timeout 5000ms
      - waiting for locator('h2')


      13 |     // Navigate to Wonder Nails registration page
      14 |     await page.goto("/t/wondernails/register");
    > 15 |     await expect(page.locator("h2")).toContainText("Wonder Nails Studio");
         |                                      ^
      16 |     await expect(page.locator("text=Crea tu cuenta")).toBeVisible();
      17 |   });
      18 |
        at C:\Dev\Zo\sass-store\tests\e2e\auth\register.spec.ts:15:38

    attachment #1: screenshot (image/png) ──────────────────────────────────────────────────────────
    ..\..\test-results\auth-register-User-Registr-62790-password-confirmation-match-Mobile-Chrome\test-failed-1.png
    ────────────────────────────────────────────────────────────────────────────────────────────────

    attachment #2: video (video/webm) ──────────────────────────────────────────────────────────────
    ..\..\test-results\auth-register-User-Registr-62790-password-confirmation-match-Mobile-Chrome\video.webm
    ────────────────────────────────────────────────────────────────────────────────────────────────

    Error Context: ..\..\test-results\auth-register-User-Registr-62790-password-confirmation-match-Mobile-Chrome\error-context.md
]]>
</failure>
<system-out>
<![CDATA[
[[ATTACHMENT|auth-register-User-Registr-62790-password-confirmation-match-Mobile-Chrome\test-failed-1.png]]

[[ATTACHMENT|auth-register-User-Registr-62790-password-confirmation-match-Mobile-Chrome\video.webm]]

[[ATTACHMENT|auth-register-User-Registr-62790-password-confirmation-match-Mobile-Chrome\error-context.md]]
]]>
</system-out>
</testcase>
<testcase name="User Registration Flow › should require terms and conditions acceptance" classname="auth\register.spec.ts" time="7.02">
<failure message="register.spec.ts:128:7 should require terms and conditions acceptance" type="FAILURE">
<![CDATA[  [Mobile Chrome] › auth\register.spec.ts:128:7 › User Registration Flow › should require terms and conditions acceptance 

    Error: expect(locator).toContainText(expected) failed

    Locator: locator('h2')
    Expected substring: "Wonder Nails Studio"
    Timeout: 5000ms
    Error: element(s) not found

    Call log:
      - Expect "toContainText" with timeout 5000ms
      - waiting for locator('h2')


      13 |     // Navigate to Wonder Nails registration page
      14 |     await page.goto("/t/wondernails/register");
    > 15 |     await expect(page.locator("h2")).toContainText("Wonder Nails Studio");
         |                                      ^
      16 |     await expect(page.locator("text=Crea tu cuenta")).toBeVisible();
      17 |   });
      18 |
        at C:\Dev\Zo\sass-store\tests\e2e\auth\register.spec.ts:15:38

    attachment #1: screenshot (image/png) ──────────────────────────────────────────────────────────
    ..\..\test-results\auth-register-User-Registr-bf019-s-and-conditions-acceptance-Mobile-Chrome\test-failed-1.png
    ────────────────────────────────────────────────────────────────────────────────────────────────

    attachment #2: video (video/webm) ──────────────────────────────────────────────────────────────
    ..\..\test-results\auth-register-User-Registr-bf019-s-and-conditions-acceptance-Mobile-Chrome\video.webm
    ────────────────────────────────────────────────────────────────────────────────────────────────

    Error Context: ..\..\test-results\auth-register-User-Registr-bf019-s-and-conditions-acceptance-Mobile-Chrome\error-context.md
]]>
</failure>
<system-out>
<![CDATA[
[[ATTACHMENT|auth-register-User-Registr-bf019-s-and-conditions-acceptance-Mobile-Chrome\test-failed-1.png]]

[[ATTACHMENT|auth-register-User-Registr-bf019-s-and-conditions-acceptance-Mobile-Chrome\video.webm]]

[[ATTACHMENT|auth-register-User-Registr-bf019-s-and-conditions-acceptance-Mobile-Chrome\error-context.md]]
]]>
</system-out>
</testcase>
<testcase name="User Registration Flow › should prevent duplicate email registration" classname="auth\register.spec.ts" time="7.034">
<failure message="register.spec.ts:143:7 should prevent duplicate email registration" type="FAILURE">
<![CDATA[  [Mobile Chrome] › auth\register.spec.ts:143:7 › User Registration Flow › should prevent duplicate email registration 

    Error: expect(locator).toContainText(expected) failed

    Locator: locator('h2')
    Expected substring: "Wonder Nails Studio"
    Timeout: 5000ms
    Error: element(s) not found

    Call log:
      - Expect "toContainText" with timeout 5000ms
      - waiting for locator('h2')


      13 |     // Navigate to Wonder Nails registration page
      14 |     await page.goto("/t/wondernails/register");
    > 15 |     await expect(page.locator("h2")).toContainText("Wonder Nails Studio");
         |                                      ^
      16 |     await expect(page.locator("text=Crea tu cuenta")).toBeVisible();
      17 |   });
      18 |
        at C:\Dev\Zo\sass-store\tests\e2e\auth\register.spec.ts:15:38

    attachment #1: screenshot (image/png) ──────────────────────────────────────────────────────────
    ..\..\test-results\auth-register-User-Registr-16d7f-uplicate-email-registration-Mobile-Chrome\test-failed-1.png
    ────────────────────────────────────────────────────────────────────────────────────────────────

    attachment #2: video (video/webm) ──────────────────────────────────────────────────────────────
    ..\..\test-results\auth-register-User-Registr-16d7f-uplicate-email-registration-Mobile-Chrome\video.webm
    ────────────────────────────────────────────────────────────────────────────────────────────────

    Error Context: ..\..\test-results\auth-register-User-Registr-16d7f-uplicate-email-registration-Mobile-Chrome\error-context.md
]]>
</failure>
<system-out>
<![CDATA[
[[ATTACHMENT|auth-register-User-Registr-16d7f-uplicate-email-registration-Mobile-Chrome\test-failed-1.png]]

[[ATTACHMENT|auth-register-User-Registr-16d7f-uplicate-email-registration-Mobile-Chrome\video.webm]]

[[ATTACHMENT|auth-register-User-Registr-16d7f-uplicate-email-registration-Mobile-Chrome\error-context.md]]
]]>
</system-out>
</testcase>
<testcase name="User Registration Flow › should disable form during submission" classname="auth\register.spec.ts" time="6.668">
<failure message="register.spec.ts:174:7 should disable form during submission" type="FAILURE">
<![CDATA[  [Mobile Chrome] › auth\register.spec.ts:174:7 › User Registration Flow › should disable form during submission 

    Error: expect(locator).toContainText(expected) failed

    Locator: locator('h2')
    Expected substring: "Wonder Nails Studio"
    Timeout: 5000ms
    Error: element(s) not found

    Call log:
      - Expect "toContainText" with timeout 5000ms
      - waiting for locator('h2')


      13 |     // Navigate to Wonder Nails registration page
      14 |     await page.goto("/t/wondernails/register");
    > 15 |     await expect(page.locator("h2")).toContainText("Wonder Nails Studio");
         |                                      ^
      16 |     await expect(page.locator("text=Crea tu cuenta")).toBeVisible();
      17 |   });
      18 |
        at C:\Dev\Zo\sass-store\tests\e2e\auth\register.spec.ts:15:38

    attachment #1: screenshot (image/png) ──────────────────────────────────────────────────────────
    ..\..\test-results\auth-register-User-Registr-4e973-able-form-during-submission-Mobile-Chrome\test-failed-1.png
    ────────────────────────────────────────────────────────────────────────────────────────────────

    attachment #2: video (video/webm) ──────────────────────────────────────────────────────────────
    ..\..\test-results\auth-register-User-Registr-4e973-able-form-during-submission-Mobile-Chrome\video.webm
    ────────────────────────────────────────────────────────────────────────────────────────────────

    Error Context: ..\..\test-results\auth-register-User-Registr-4e973-able-form-during-submission-Mobile-Chrome\error-context.md
]]>
</failure>
<system-out>
<![CDATA[
[[ATTACHMENT|auth-register-User-Registr-4e973-able-form-during-submission-Mobile-Chrome\test-failed-1.png]]

[[ATTACHMENT|auth-register-User-Registr-4e973-able-form-during-submission-Mobile-Chrome\video.webm]]

[[ATTACHMENT|auth-register-User-Registr-4e973-able-form-during-submission-Mobile-Chrome\error-context.md]]
]]>
</system-out>
</testcase>
<testcase name="User Registration Flow › should maintain tenant context across registration" classname="auth\register.spec.ts" time="6.699">
<failure message="register.spec.ts:197:7 should maintain tenant context across registration" type="FAILURE">
<![CDATA[  [Mobile Chrome] › auth\register.spec.ts:197:7 › User Registration Flow › should maintain tenant context across registration 

    Error: expect(locator).toContainText(expected) failed

    Locator: locator('h2')
    Expected substring: "Wonder Nails Studio"
    Timeout: 5000ms
    Error: element(s) not found

    Call log:
      - Expect "toContainText" with timeout 5000ms
      - waiting for locator('h2')


      13 |     // Navigate to Wonder Nails registration page
      14 |     await page.goto("/t/wondernails/register");
    > 15 |     await expect(page.locator("h2")).toContainText("Wonder Nails Studio");
         |                                      ^
      16 |     await expect(page.locator("text=Crea tu cuenta")).toBeVisible();
      17 |   });
      18 |
        at C:\Dev\Zo\sass-store\tests\e2e\auth\register.spec.ts:15:38

    attachment #1: screenshot (image/png) ──────────────────────────────────────────────────────────
    ..\..\test-results\auth-register-User-Registr-8bb1f-context-across-registration-Mobile-Chrome\test-failed-1.png
    ────────────────────────────────────────────────────────────────────────────────────────────────

    attachment #2: video (video/webm) ──────────────────────────────────────────────────────────────
    ..\..\test-results\auth-register-User-Registr-8bb1f-context-across-registration-Mobile-Chrome\video.webm
    ────────────────────────────────────────────────────────────────────────────────────────────────

    Error Context: ..\..\test-results\auth-register-User-Registr-8bb1f-context-across-registration-Mobile-Chrome\error-context.md
]]>
</failure>
<system-out>
<![CDATA[
[[ATTACHMENT|auth-register-User-Registr-8bb1f-context-across-registration-Mobile-Chrome\test-failed-1.png]]

[[ATTACHMENT|auth-register-User-Registr-8bb1f-context-across-registration-Mobile-Chrome\video.webm]]

[[ATTACHMENT|auth-register-User-Registr-8bb1f-context-across-registration-Mobile-Chrome\error-context.md]]
]]>
</system-out>
</testcase>
<testcase name="User Registration Flow › should work across different tenants" classname="auth\register.spec.ts" time="6.622">
<failure message="register.spec.ts:218:7 should work across different tenants" type="FAILURE">
<![CDATA[  [Mobile Chrome] › auth\register.spec.ts:218:7 › User Registration Flow › should work across different tenants 

    Error: expect(locator).toContainText(expected) failed

    Locator: locator('h2')
    Expected substring: "Wonder Nails Studio"
    Timeout: 5000ms
    Error: element(s) not found

    Call log:
      - Expect "toContainText" with timeout 5000ms
      - waiting for locator('h2')


      13 |     // Navigate to Wonder Nails registration page
      14 |     await page.goto("/t/wondernails/register");
    > 15 |     await expect(page.locator("h2")).toContainText("Wonder Nails Studio");
         |                                      ^
      16 |     await expect(page.locator("text=Crea tu cuenta")).toBeVisible();
      17 |   });
      18 |
        at C:\Dev\Zo\sass-store\tests\e2e\auth\register.spec.ts:15:38

    attachment #1: screenshot (image/png) ──────────────────────────────────────────────────────────
    ..\..\test-results\auth-register-User-Registr-198c7-rk-across-different-tenants-Mobile-Chrome\test-failed-1.png
    ────────────────────────────────────────────────────────────────────────────────────────────────

    attachment #2: video (video/webm) ──────────────────────────────────────────────────────────────
    ..\..\test-results\auth-register-User-Registr-198c7-rk-across-different-tenants-Mobile-Chrome\video.webm
    ────────────────────────────────────────────────────────────────────────────────────────────────

    Error Context: ..\..\test-results\auth-register-User-Registr-198c7-rk-across-different-tenants-Mobile-Chrome\error-context.md
]]>
</failure>
<system-out>
<![CDATA[
[[ATTACHMENT|auth-register-User-Registr-198c7-rk-across-different-tenants-Mobile-Chrome\test-failed-1.png]]

[[ATTACHMENT|auth-register-User-Registr-198c7-rk-across-different-tenants-Mobile-Chrome\video.webm]]

[[ATTACHMENT|auth-register-User-Registr-198c7-rk-across-different-tenants-Mobile-Chrome\error-context.md]]
]]>
</system-out>
</testcase>
<testcase name="User Registration Flow › should be accessible via keyboard navigation" classname="auth\register.spec.ts" time="7.05">
<failure message="register.spec.ts:233:7 should be accessible via keyboard navigation" type="FAILURE">
<![CDATA[  [Mobile Chrome] › auth\register.spec.ts:233:7 › User Registration Flow › should be accessible via keyboard navigation 

    Error: expect(locator).toContainText(expected) failed

    Locator: locator('h2')
    Expected substring: "Wonder Nails Studio"
    Timeout: 5000ms
    Error: element(s) not found

    Call log:
      - Expect "toContainText" with timeout 5000ms
      - waiting for locator('h2')


      13 |     // Navigate to Wonder Nails registration page
      14 |     await page.goto("/t/wondernails/register");
    > 15 |     await expect(page.locator("h2")).toContainText("Wonder Nails Studio");
         |                                      ^
      16 |     await expect(page.locator("text=Crea tu cuenta")).toBeVisible();
      17 |   });
      18 |
        at C:\Dev\Zo\sass-store\tests\e2e\auth\register.spec.ts:15:38

    attachment #1: screenshot (image/png) ──────────────────────────────────────────────────────────
    ..\..\test-results\auth-register-User-Registr-5f7f0-ble-via-keyboard-navigation-Mobile-Chrome\test-failed-1.png
    ────────────────────────────────────────────────────────────────────────────────────────────────

    attachment #2: video (video/webm) ──────────────────────────────────────────────────────────────
    ..\..\test-results\auth-register-User-Registr-5f7f0-ble-via-keyboard-navigation-Mobile-Chrome\video.webm
    ────────────────────────────────────────────────────────────────────────────────────────────────

    Error Context: ..\..\test-results\auth-register-User-Registr-5f7f0-ble-via-keyboard-navigation-Mobile-Chrome\error-context.md
]]>
</failure>
<system-out>
<![CDATA[
[[ATTACHMENT|auth-register-User-Registr-5f7f0-ble-via-keyboard-navigation-Mobile-Chrome\test-failed-1.png]]

[[ATTACHMENT|auth-register-User-Registr-5f7f0-ble-via-keyboard-navigation-Mobile-Chrome\video.webm]]

[[ATTACHMENT|auth-register-User-Registr-5f7f0-ble-via-keyboard-navigation-Mobile-Chrome\error-context.md]]
]]>
</system-out>
</testcase>
<testcase name="Registration Form Accessibility › should have proper ARIA labels" classname="auth\register.spec.ts" time="6.959">
<failure message="register.spec.ts:267:7 should have proper ARIA labels" type="FAILURE">
<![CDATA[  [Mobile Chrome] › auth\register.spec.ts:267:7 › Registration Form Accessibility › should have proper ARIA labels 

    Error: expect(locator).toBeVisible() failed

    Locator: locator('form').first()
    Expected: visible
    Timeout: 5000ms
    Error: element(s) not found

    Call log:
      - Expect "toBeVisible" with timeout 5000ms
      - waiting for locator('form').first()


      270 |     // Check form has proper role and labels
      271 |     const form = page.locator("form").first();
    > 272 |     await expect(form).toBeVisible();
          |                        ^
      273 |
      274 |     // All inputs should have labels
      275 |     const inputs = page.locator(
        at C:\Dev\Zo\sass-store\tests\e2e\auth\register.spec.ts:272:24

    attachment #1: screenshot (image/png) ──────────────────────────────────────────────────────────
    ..\..\test-results\auth-register-Registration-385da-uld-have-proper-ARIA-labels-Mobile-Chrome\test-failed-1.png
    ────────────────────────────────────────────────────────────────────────────────────────────────

    attachment #2: video (video/webm) ──────────────────────────────────────────────────────────────
    ..\..\test-results\auth-register-Registration-385da-uld-have-proper-ARIA-labels-Mobile-Chrome\video.webm
    ────────────────────────────────────────────────────────────────────────────────────────────────

    Error Context: ..\..\test-results\auth-register-Registration-385da-uld-have-proper-ARIA-labels-Mobile-Chrome\error-context.md
]]>
</failure>
<system-out>
<![CDATA[
[[ATTACHMENT|auth-register-Registration-385da-uld-have-proper-ARIA-labels-Mobile-Chrome\test-failed-1.png]]

[[ATTACHMENT|auth-register-Registration-385da-uld-have-proper-ARIA-labels-Mobile-Chrome\video.webm]]

[[ATTACHMENT|auth-register-Registration-385da-uld-have-proper-ARIA-labels-Mobile-Chrome\error-context.md]]
]]>
</system-out>
</testcase>
<testcase name="Registration Form Accessibility › should meet WCAG contrast requirements" classname="auth\register.spec.ts" time="6.956">
<failure message="register.spec.ts:291:7 should meet WCAG contrast requirements" type="FAILURE">
<![CDATA[  [Mobile Chrome] › auth\register.spec.ts:291:7 › Registration Form Accessibility › should meet WCAG contrast requirements 

    Error: expect(locator).toBeVisible() failed

    Locator: locator('form').first()
    Expected: visible
    Timeout: 5000ms
    Error: element(s) not found

    Call log:
      - Expect "toBeVisible" with timeout 5000ms
      - waiting for locator('form').first()


      294 |     // This would typically use axe-core or similar
      295 |     // For now, we just verify the page loads
    > 296 |     await expect(page.locator("form").first()).toBeVisible();
          |                                                ^
      297 |   });
      298 | });
      299 |
        at C:\Dev\Zo\sass-store\tests\e2e\auth\register.spec.ts:296:48

    attachment #1: screenshot (image/png) ──────────────────────────────────────────────────────────
    ..\..\test-results\auth-register-Registration-ec70f--WCAG-contrast-requirements-Mobile-Chrome\test-failed-1.png
    ────────────────────────────────────────────────────────────────────────────────────────────────

    attachment #2: video (video/webm) ──────────────────────────────────────────────────────────────
    ..\..\test-results\auth-register-Registration-ec70f--WCAG-contrast-requirements-Mobile-Chrome\video.webm
    ────────────────────────────────────────────────────────────────────────────────────────────────

    Error Context: ..\..\test-results\auth-register-Registration-ec70f--WCAG-contrast-requirements-Mobile-Chrome\error-context.md
]]>
</failure>
<system-out>
<![CDATA[
[[ATTACHMENT|auth-register-Registration-ec70f--WCAG-contrast-requirements-Mobile-Chrome\test-failed-1.png]]

[[ATTACHMENT|auth-register-Registration-ec70f--WCAG-contrast-requirements-Mobile-Chrome\video.webm]]

[[ATTACHMENT|auth-register-Registration-ec70f--WCAG-contrast-requirements-Mobile-Chrome\error-context.md]]
]]>
</system-out>
</testcase>
</testsuite>
<testsuite name="booking\quick-and-recurring-booking.spec.ts" timestamp="2025-10-29T19:08:05.826Z" hostname="Mobile Chrome" tests="8" failures="6" skipped="0" time="98.299" errors="0">
<testcase name="Quick Service Booking - 2 Click Budget › should book next available appointment in 2 clicks" classname="booking\quick-and-recurring-booking.spec.ts" time="8">
<failure message="quick-and-recurring-booking.spec.ts:10:7 should book next available appointment in 2 clicks" type="FAILURE">
<![CDATA[  [Mobile Chrome] › booking\quick-and-recurring-booking.spec.ts:10:7 › Quick Service Booking - 2 Click Budget › should book next available appointment in 2 clicks 

    Error: expect(locator).toBeVisible() failed

    Locator: locator('[data-testid="service-card"]').first()
    Expected: visible
    Timeout: 5000ms
    Error: element(s) not found

    Call log:
      - Expect "toBeVisible" with timeout 5000ms
      - waiting for locator('[data-testid="service-card"]').first()


      22 |     // Verify service details loaded
      23 |     const serviceCard = page.locator('[data-testid="service-card"]').first();
    > 24 |     await expect(serviceCard).toBeVisible();
         |                               ^
      25 |
      26 |     const nextAvailableSlot = page.locator('[data-testid="next-available-slot"], button:has-text("Next Available")');
      27 |
        at C:\Dev\Zo\sass-store\tests\e2e\booking\quick-and-recurring-booking.spec.ts:24:31

    attachment #1: screenshot (image/png) ──────────────────────────────────────────────────────────
    ..\..\test-results\booking-quick-and-recurrin-e1f4a-ble-appointment-in-2-clicks-Mobile-Chrome\test-failed-1.png
    ────────────────────────────────────────────────────────────────────────────────────────────────

    attachment #2: video (video/webm) ──────────────────────────────────────────────────────────────
    ..\..\test-results\booking-quick-and-recurrin-e1f4a-ble-appointment-in-2-clicks-Mobile-Chrome\video.webm
    ────────────────────────────────────────────────────────────────────────────────────────────────

    Error Context: ..\..\test-results\booking-quick-and-recurrin-e1f4a-ble-appointment-in-2-clicks-Mobile-Chrome\error-context.md
]]>
</failure>
<system-out>
<![CDATA[
[[ATTACHMENT|booking-quick-and-recurrin-e1f4a-ble-appointment-in-2-clicks-Mobile-Chrome\test-failed-1.png]]

[[ATTACHMENT|booking-quick-and-recurrin-e1f4a-ble-appointment-in-2-clicks-Mobile-Chrome\video.webm]]

[[ATTACHMENT|booking-quick-and-recurrin-e1f4a-ble-appointment-in-2-clicks-Mobile-Chrome\error-context.md]]
]]>
</system-out>
</testcase>
<testcase name="Quick Service Booking - 2 Click Budget › should show next available time across all staff" classname="booking\quick-and-recurring-booking.spec.ts" time="17.299">
<failure message="quick-and-recurring-booking.spec.ts:78:7 should show next available time across all staff" type="FAILURE">
<![CDATA[  [Mobile Chrome] › booking\quick-and-recurring-booking.spec.ts:78:7 › Quick Service Booking - 2 Click Budget › should show next available time across all staff 

    TimeoutError: locator.click: Timeout 15000ms exceeded.
    Call log:
      - waiting for locator('[data-testid="service-card"]').first()


      80 |
      81 |     const serviceCard = page.locator('[data-testid="service-card"]').first();
    > 82 |     await serviceCard.click();
         |                       ^
      83 |
      84 |     const nextAvailableBtn = page.locator('[data-testid="book-next-available"], [data-testid="next-available-slot"]');
      85 |
        at C:\Dev\Zo\sass-store\tests\e2e\booking\quick-and-recurring-booking.spec.ts:82:23

    attachment #1: screenshot (image/png) ──────────────────────────────────────────────────────────
    ..\..\test-results\booking-quick-and-recurrin-a096e-lable-time-across-all-staff-Mobile-Chrome\test-failed-1.png
    ────────────────────────────────────────────────────────────────────────────────────────────────

    attachment #2: video (video/webm) ──────────────────────────────────────────────────────────────
    ..\..\test-results\booking-quick-and-recurrin-a096e-lable-time-across-all-staff-Mobile-Chrome\video.webm
    ────────────────────────────────────────────────────────────────────────────────────────────────

    Error Context: ..\..\test-results\booking-quick-and-recurrin-a096e-lable-time-across-all-staff-Mobile-Chrome\error-context.md
]]>
</failure>
<system-out>
<![CDATA[
[[ATTACHMENT|booking-quick-and-recurrin-a096e-lable-time-across-all-staff-Mobile-Chrome\test-failed-1.png]]

[[ATTACHMENT|booking-quick-and-recurrin-a096e-lable-time-across-all-staff-Mobile-Chrome\video.webm]]

[[ATTACHMENT|booking-quick-and-recurrin-a096e-lable-time-across-all-staff-Mobile-Chrome\error-context.md]]
]]>
</system-out>
</testcase>
<testcase name="Quick Service Booking - 2 Click Budget › should pre-fill customer data for logged-in users" classname="booking\quick-and-recurring-booking.spec.ts" time="17.113">
<failure message="quick-and-recurring-booking.spec.ts:104:7 should pre-fill customer data for logged-in users" type="FAILURE">
<![CDATA[  [Mobile Chrome] › booking\quick-and-recurring-booking.spec.ts:104:7 › Quick Service Booking - 2 Click Budget › should pre-fill customer data for logged-in users 

    TimeoutError: locator.click: Timeout 15000ms exceeded.
    Call log:
      - waiting for locator('[data-testid="service-card"]').first()


      107 |
      108 |     const serviceCard = page.locator('[data-testid="service-card"]').first();
    > 109 |     await serviceCard.click();
          |                       ^
      110 |
      111 |     const bookButton = page.locator('[data-testid="book-service-btn"], button:has-text("Book")');
      112 |     if (await bookButton.isVisible()) {
        at C:\Dev\Zo\sass-store\tests\e2e\booking\quick-and-recurring-booking.spec.ts:109:23

    attachment #1: screenshot (image/png) ──────────────────────────────────────────────────────────
    ..\..\test-results\booking-quick-and-recurrin-02919-er-data-for-logged-in-users-Mobile-Chrome\test-failed-1.png
    ────────────────────────────────────────────────────────────────────────────────────────────────

    attachment #2: video (video/webm) ──────────────────────────────────────────────────────────────
    ..\..\test-results\booking-quick-and-recurrin-02919-er-data-for-logged-in-users-Mobile-Chrome\video.webm
    ────────────────────────────────────────────────────────────────────────────────────────────────

    Error Context: ..\..\test-results\booking-quick-and-recurrin-02919-er-data-for-logged-in-users-Mobile-Chrome\error-context.md
]]>
</failure>
<system-out>
<![CDATA[
[[ATTACHMENT|booking-quick-and-recurrin-02919-er-data-for-logged-in-users-Mobile-Chrome\test-failed-1.png]]

[[ATTACHMENT|booking-quick-and-recurrin-02919-er-data-for-logged-in-users-Mobile-Chrome\video.webm]]

[[ATTACHMENT|booking-quick-and-recurrin-02919-er-data-for-logged-in-users-Mobile-Chrome\error-context.md]]
]]>
</system-out>
</testcase>
<testcase name="Recurring Service Booking - 2 Click Budget › should set up recurring appointment in 2 clicks" classname="booking\quick-and-recurring-booking.spec.ts" time="2.247">
</testcase>
<testcase name="Recurring Service Booking - 2 Click Budget › should allow selecting recurring frequency" classname="booking\quick-and-recurring-booking.spec.ts" time="17.54">
<failure message="quick-and-recurring-booking.spec.ts:197:7 should allow selecting recurring frequency" type="FAILURE">
<![CDATA[  [Mobile Chrome] › booking\quick-and-recurring-booking.spec.ts:197:7 › Recurring Service Booking - 2 Click Budget › should allow selecting recurring frequency 

    TimeoutError: locator.click: Timeout 15000ms exceeded.
    Call log:
      - waiting for locator('[data-testid="service-card"]').first()


      199 |
      200 |     const serviceCard = page.locator('[data-testid="service-card"]').first();
    > 201 |     await serviceCard.click();
          |                       ^
      202 |
      203 |     const recurringCheckbox = page.locator('[data-testid="recurring-booking"], input[name="recurring"]');
      204 |     if (await recurringCheckbox.isVisible()) {
        at C:\Dev\Zo\sass-store\tests\e2e\booking\quick-and-recurring-booking.spec.ts:201:23

    attachment #1: screenshot (image/png) ──────────────────────────────────────────────────────────
    ..\..\test-results\booking-quick-and-recurrin-4e72c-lecting-recurring-frequency-Mobile-Chrome\test-failed-1.png
    ────────────────────────────────────────────────────────────────────────────────────────────────

    attachment #2: video (video/webm) ──────────────────────────────────────────────────────────────
    ..\..\test-results\booking-quick-and-recurrin-4e72c-lecting-recurring-frequency-Mobile-Chrome\video.webm
    ────────────────────────────────────────────────────────────────────────────────────────────────

    Error Context: ..\..\test-results\booking-quick-and-recurrin-4e72c-lecting-recurring-frequency-Mobile-Chrome\error-context.md
]]>
</failure>
<system-out>
<![CDATA[
[[ATTACHMENT|booking-quick-and-recurrin-4e72c-lecting-recurring-frequency-Mobile-Chrome\test-failed-1.png]]

[[ATTACHMENT|booking-quick-and-recurrin-4e72c-lecting-recurring-frequency-Mobile-Chrome\video.webm]]

[[ATTACHMENT|booking-quick-and-recurrin-4e72c-lecting-recurring-frequency-Mobile-Chrome\error-context.md]]
]]>
</system-out>
</testcase>
<testcase name="Recurring Service Booking - 2 Click Budget › should display recurring booking cost summary" classname="booking\quick-and-recurring-booking.spec.ts" time="17.178">
<failure message="quick-and-recurring-booking.spec.ts:219:7 should display recurring booking cost summary" type="FAILURE">
<![CDATA[  [Mobile Chrome] › booking\quick-and-recurring-booking.spec.ts:219:7 › Recurring Service Booking - 2 Click Budget › should display recurring booking cost summary 

    TimeoutError: locator.click: Timeout 15000ms exceeded.
    Call log:
      - waiting for locator('[data-testid="service-card"]').first()


      221 |
      222 |     const serviceCard = page.locator('[data-testid="service-card"]').first();
    > 223 |     await serviceCard.click();
          |                       ^
      224 |
      225 |     const basePrice = page.locator('[data-testid="service-price"]');
      226 |     const basePriceText = await basePrice.textContent();
        at C:\Dev\Zo\sass-store\tests\e2e\booking\quick-and-recurring-booking.spec.ts:223:23

    attachment #1: screenshot (image/png) ──────────────────────────────────────────────────────────
    ..\..\test-results\booking-quick-and-recurrin-7cc52-urring-booking-cost-summary-Mobile-Chrome\test-failed-1.png
    ────────────────────────────────────────────────────────────────────────────────────────────────

    attachment #2: video (video/webm) ──────────────────────────────────────────────────────────────
    ..\..\test-results\booking-quick-and-recurrin-7cc52-urring-booking-cost-summary-Mobile-Chrome\video.webm
    ────────────────────────────────────────────────────────────────────────────────────────────────

    Error Context: ..\..\test-results\booking-quick-and-recurrin-7cc52-urring-booking-cost-summary-Mobile-Chrome\error-context.md
]]>
</failure>
<system-out>
<![CDATA[
[[ATTACHMENT|booking-quick-and-recurrin-7cc52-urring-booking-cost-summary-Mobile-Chrome\test-failed-1.png]]

[[ATTACHMENT|booking-quick-and-recurrin-7cc52-urring-booking-cost-summary-Mobile-Chrome\video.webm]]

[[ATTACHMENT|booking-quick-and-recurrin-7cc52-urring-booking-cost-summary-Mobile-Chrome\error-context.md]]
]]>
</system-out>
</testcase>
<testcase name="Recurring Service Booking - 2 Click Budget › should allow pausing or canceling recurring bookings" classname="booking\quick-and-recurring-booking.spec.ts" time="1.77">
</testcase>
<testcase name="Recurring Service Booking - 2 Click Budget › should remember customer preferred time and staff" classname="booking\quick-and-recurring-booking.spec.ts" time="17.152">
<failure message="quick-and-recurring-booking.spec.ts:269:7 should remember customer preferred time and staff" type="FAILURE">
<![CDATA[  [Mobile Chrome] › booking\quick-and-recurring-booking.spec.ts:269:7 › Recurring Service Booking - 2 Click Budget › should remember customer preferred time and staff 

    TimeoutError: locator.click: Timeout 15000ms exceeded.
    Call log:
      - waiting for locator('[data-testid="service-card"]').first()


      271 |
      272 |     const serviceCard = page.locator('[data-testid="service-card"]').first();
    > 273 |     await serviceCard.click();
          |                       ^
      274 |
      275 |     const recurringOption = page.locator('[data-testid="setup-recurring-booking"]');
      276 |     if (await recurringOption.isVisible()) {
        at C:\Dev\Zo\sass-store\tests\e2e\booking\quick-and-recurring-booking.spec.ts:273:23

    attachment #1: screenshot (image/png) ──────────────────────────────────────────────────────────
    ..\..\test-results\booking-quick-and-recurrin-42126-er-preferred-time-and-staff-Mobile-Chrome\test-failed-1.png
    ────────────────────────────────────────────────────────────────────────────────────────────────

    attachment #2: video (video/webm) ──────────────────────────────────────────────────────────────
    ..\..\test-results\booking-quick-and-recurrin-42126-er-preferred-time-and-staff-Mobile-Chrome\video.webm
    ────────────────────────────────────────────────────────────────────────────────────────────────

    Error Context: ..\..\test-results\booking-quick-and-recurrin-42126-er-preferred-time-and-staff-Mobile-Chrome\error-context.md
]]>
</failure>
<system-out>
<![CDATA[
[[ATTACHMENT|booking-quick-and-recurrin-42126-er-preferred-time-and-staff-Mobile-Chrome\test-failed-1.png]]

[[ATTACHMENT|booking-quick-and-recurrin-42126-er-preferred-time-and-staff-Mobile-Chrome\video.webm]]

[[ATTACHMENT|booking-quick-and-recurrin-42126-er-preferred-time-and-staff-Mobile-Chrome\error-context.md]]
]]>
</system-out>
</testcase>
</testsuite>
<testsuite name="carousel\wondernails-carousel.spec.ts" timestamp="2025-10-29T19:08:05.826Z" hostname="Mobile Chrome" tests="13" failures="13" skipped="0" time="224.648" errors="0">
<testcase name="Wondernails Carousel Hero Section › should display the carousel container with correct structure" classname="carousel\wondernails-carousel.spec.ts" time="17.045">
<failure message="wondernails-carousel.spec.ts:12:7 should display the carousel container with correct structure" type="FAILURE">
<![CDATA[  [Mobile Chrome] › carousel\wondernails-carousel.spec.ts:12:7 › Wondernails Carousel Hero Section › should display the carousel container with correct structure 

    TimeoutError: page.waitForSelector: Timeout 15000ms exceeded.
    Call log:
      - waiting for locator('[data-testid="carousel-container"]') to be visible


       7 |     await page.goto(WONDERNAILS_URL);
       8 |     // Wait for the carousel to be fully loaded
    >  9 |     await page.waitForSelector('[data-testid="carousel-container"]');
         |                ^
      10 |   });
      11 |
      12 |   test("should display the carousel container with correct structure", async ({
        at C:\Dev\Zo\sass-store\tests\e2e\carousel\wondernails-carousel.spec.ts:9:16

    attachment #1: screenshot (image/png) ──────────────────────────────────────────────────────────
    ..\..\test-results\carousel-wondernails-carou-1b413-iner-with-correct-structure-Mobile-Chrome\test-failed-1.png
    ────────────────────────────────────────────────────────────────────────────────────────────────

    attachment #2: video (video/webm) ──────────────────────────────────────────────────────────────
    ..\..\test-results\carousel-wondernails-carou-1b413-iner-with-correct-structure-Mobile-Chrome\video.webm
    ────────────────────────────────────────────────────────────────────────────────────────────────

    Error Context: ..\..\test-results\carousel-wondernails-carou-1b413-iner-with-correct-structure-Mobile-Chrome\error-context.md
]]>
</failure>
<system-out>
<![CDATA[
[[ATTACHMENT|carousel-wondernails-carou-1b413-iner-with-correct-structure-Mobile-Chrome\test-failed-1.png]]

[[ATTACHMENT|carousel-wondernails-carou-1b413-iner-with-correct-structure-Mobile-Chrome\video.webm]]

[[ATTACHMENT|carousel-wondernails-carou-1b413-iner-with-correct-structure-Mobile-Chrome\error-context.md]]
]]>
</system-out>
</testcase>
<testcase name="Wondernails Carousel Hero Section › should display the active slide correctly by default" classname="carousel\wondernails-carousel.spec.ts" time="17.648">
<failure message="wondernails-carousel.spec.ts:28:7 should display the active slide correctly by default" type="FAILURE">
<![CDATA[  [Mobile Chrome] › carousel\wondernails-carousel.spec.ts:28:7 › Wondernails Carousel Hero Section › should display the active slide correctly by default 

    TimeoutError: page.waitForSelector: Timeout 15000ms exceeded.
    Call log:
      - waiting for locator('[data-testid="carousel-container"]') to be visible


       7 |     await page.goto(WONDERNAILS_URL);
       8 |     // Wait for the carousel to be fully loaded
    >  9 |     await page.waitForSelector('[data-testid="carousel-container"]');
         |                ^
      10 |   });
      11 |
      12 |   test("should display the carousel container with correct structure", async ({
        at C:\Dev\Zo\sass-store\tests\e2e\carousel\wondernails-carousel.spec.ts:9:16

    attachment #1: screenshot (image/png) ──────────────────────────────────────────────────────────
    ..\..\test-results\carousel-wondernails-carou-5de36--slide-correctly-by-default-Mobile-Chrome\test-failed-1.png
    ────────────────────────────────────────────────────────────────────────────────────────────────

    attachment #2: video (video/webm) ──────────────────────────────────────────────────────────────
    ..\..\test-results\carousel-wondernails-carou-5de36--slide-correctly-by-default-Mobile-Chrome\video.webm
    ────────────────────────────────────────────────────────────────────────────────────────────────

    Error Context: ..\..\test-results\carousel-wondernails-carou-5de36--slide-correctly-by-default-Mobile-Chrome\error-context.md
]]>
</failure>
<system-out>
<![CDATA[
[[ATTACHMENT|carousel-wondernails-carou-5de36--slide-correctly-by-default-Mobile-Chrome\test-failed-1.png]]

[[ATTACHMENT|carousel-wondernails-carou-5de36--slide-correctly-by-default-Mobile-Chrome\video.webm]]

[[ATTACHMENT|carousel-wondernails-carou-5de36--slide-correctly-by-default-Mobile-Chrome\error-context.md]]
]]>
</system-out>
</testcase>
<testcase name="Wondernails Carousel Hero Section › should navigate to next slide when next button is clicked" classname="carousel\wondernails-carousel.spec.ts" time="17.252">
<failure message="wondernails-carousel.spec.ts:44:7 should navigate to next slide when next button is clicked" type="FAILURE">
<![CDATA[  [Mobile Chrome] › carousel\wondernails-carousel.spec.ts:44:7 › Wondernails Carousel Hero Section › should navigate to next slide when next button is clicked 

    TimeoutError: page.waitForSelector: Timeout 15000ms exceeded.
    Call log:
      - waiting for locator('[data-testid="carousel-container"]') to be visible


       7 |     await page.goto(WONDERNAILS_URL);
       8 |     // Wait for the carousel to be fully loaded
    >  9 |     await page.waitForSelector('[data-testid="carousel-container"]');
         |                ^
      10 |   });
      11 |
      12 |   test("should display the carousel container with correct structure", async ({
        at C:\Dev\Zo\sass-store\tests\e2e\carousel\wondernails-carousel.spec.ts:9:16

    attachment #1: screenshot (image/png) ──────────────────────────────────────────────────────────
    ..\..\test-results\carousel-wondernails-carou-e47ba-when-next-button-is-clicked-Mobile-Chrome\test-failed-1.png
    ────────────────────────────────────────────────────────────────────────────────────────────────

    attachment #2: video (video/webm) ──────────────────────────────────────────────────────────────
    ..\..\test-results\carousel-wondernails-carou-e47ba-when-next-button-is-clicked-Mobile-Chrome\video.webm
    ────────────────────────────────────────────────────────────────────────────────────────────────

    Error Context: ..\..\test-results\carousel-wondernails-carou-e47ba-when-next-button-is-clicked-Mobile-Chrome\error-context.md
]]>
</failure>
<system-out>
<![CDATA[
[[ATTACHMENT|carousel-wondernails-carou-e47ba-when-next-button-is-clicked-Mobile-Chrome\test-failed-1.png]]

[[ATTACHMENT|carousel-wondernails-carou-e47ba-when-next-button-is-clicked-Mobile-Chrome\video.webm]]

[[ATTACHMENT|carousel-wondernails-carou-e47ba-when-next-button-is-clicked-Mobile-Chrome\error-context.md]]
]]>
</system-out>
</testcase>
<testcase name="Wondernails Carousel Hero Section › should navigate to previous slide when prev button is clicked" classname="carousel\wondernails-carousel.spec.ts" time="16.883">
<failure message="wondernails-carousel.spec.ts:73:7 should navigate to previous slide when prev button is clicked" type="FAILURE">
<![CDATA[  [Mobile Chrome] › carousel\wondernails-carousel.spec.ts:73:7 › Wondernails Carousel Hero Section › should navigate to previous slide when prev button is clicked 

    TimeoutError: page.waitForSelector: Timeout 15000ms exceeded.
    Call log:
      - waiting for locator('[data-testid="carousel-container"]') to be visible


       7 |     await page.goto(WONDERNAILS_URL);
       8 |     // Wait for the carousel to be fully loaded
    >  9 |     await page.waitForSelector('[data-testid="carousel-container"]');
         |                ^
      10 |   });
      11 |
      12 |   test("should display the carousel container with correct structure", async ({
        at C:\Dev\Zo\sass-store\tests\e2e\carousel\wondernails-carousel.spec.ts:9:16

    attachment #1: screenshot (image/png) ──────────────────────────────────────────────────────────
    ..\..\test-results\carousel-wondernails-carou-ec2c6-when-prev-button-is-clicked-Mobile-Chrome\test-failed-1.png
    ────────────────────────────────────────────────────────────────────────────────────────────────

    attachment #2: video (video/webm) ──────────────────────────────────────────────────────────────
    ..\..\test-results\carousel-wondernails-carou-ec2c6-when-prev-button-is-clicked-Mobile-Chrome\video.webm
    ────────────────────────────────────────────────────────────────────────────────────────────────

    Error Context: ..\..\test-results\carousel-wondernails-carou-ec2c6-when-prev-button-is-clicked-Mobile-Chrome\error-context.md
]]>
</failure>
<system-out>
<![CDATA[
[[ATTACHMENT|carousel-wondernails-carou-ec2c6-when-prev-button-is-clicked-Mobile-Chrome\test-failed-1.png]]

[[ATTACHMENT|carousel-wondernails-carou-ec2c6-when-prev-button-is-clicked-Mobile-Chrome\video.webm]]

[[ATTACHMENT|carousel-wondernails-carou-ec2c6-when-prev-button-is-clicked-Mobile-Chrome\error-context.md]]
]]>
</system-out>
</testcase>
<testcase name="Wondernails Carousel Hero Section › should show detail view when see more button is clicked" classname="carousel\wondernails-carousel.spec.ts" time="16.931">
<failure message="wondernails-carousel.spec.ts:102:7 should show detail view when see more button is clicked" type="FAILURE">
<![CDATA[  [Mobile Chrome] › carousel\wondernails-carousel.spec.ts:102:7 › Wondernails Carousel Hero Section › should show detail view when see more button is clicked 

    TimeoutError: page.waitForSelector: Timeout 15000ms exceeded.
    Call log:
      - waiting for locator('[data-testid="carousel-container"]') to be visible


       7 |     await page.goto(WONDERNAILS_URL);
       8 |     // Wait for the carousel to be fully loaded
    >  9 |     await page.waitForSelector('[data-testid="carousel-container"]');
         |                ^
      10 |   });
      11 |
      12 |   test("should display the carousel container with correct structure", async ({
        at C:\Dev\Zo\sass-store\tests\e2e\carousel\wondernails-carousel.spec.ts:9:16

    attachment #1: screenshot (image/png) ──────────────────────────────────────────────────────────
    ..\..\test-results\carousel-wondernails-carou-57677--see-more-button-is-clicked-Mobile-Chrome\test-failed-1.png
    ────────────────────────────────────────────────────────────────────────────────────────────────

    attachment #2: video (video/webm) ──────────────────────────────────────────────────────────────
    ..\..\test-results\carousel-wondernails-carou-57677--see-more-button-is-clicked-Mobile-Chrome\video.webm
    ────────────────────────────────────────────────────────────────────────────────────────────────

    Error Context: ..\..\test-results\carousel-wondernails-carou-57677--see-more-button-is-clicked-Mobile-Chrome\error-context.md
]]>
</failure>
<system-out>
<![CDATA[
[[ATTACHMENT|carousel-wondernails-carou-57677--see-more-button-is-clicked-Mobile-Chrome\test-failed-1.png]]

[[ATTACHMENT|carousel-wondernails-carou-57677--see-more-button-is-clicked-Mobile-Chrome\video.webm]]

[[ATTACHMENT|carousel-wondernails-carou-57677--see-more-button-is-clicked-Mobile-Chrome\error-context.md]]
]]>
</system-out>
</testcase>
<testcase name="Wondernails Carousel Hero Section › should return to carousel view when back button is clicked" classname="carousel\wondernails-carousel.spec.ts" time="17.343">
<failure message="wondernails-carousel.spec.ts:135:7 should return to carousel view when back button is clicked" type="FAILURE">
<![CDATA[  [Mobile Chrome] › carousel\wondernails-carousel.spec.ts:135:7 › Wondernails Carousel Hero Section › should return to carousel view when back button is clicked 

    TimeoutError: page.waitForSelector: Timeout 15000ms exceeded.
    Call log:
      - waiting for locator('[data-testid="carousel-container"]') to be visible


       7 |     await page.goto(WONDERNAILS_URL);
       8 |     // Wait for the carousel to be fully loaded
    >  9 |     await page.waitForSelector('[data-testid="carousel-container"]');
         |                ^
      10 |   });
      11 |
      12 |   test("should display the carousel container with correct structure", async ({
        at C:\Dev\Zo\sass-store\tests\e2e\carousel\wondernails-carousel.spec.ts:9:16

    attachment #1: screenshot (image/png) ──────────────────────────────────────────────────────────
    ..\..\test-results\carousel-wondernails-carou-c9679-when-back-button-is-clicked-Mobile-Chrome\test-failed-1.png
    ────────────────────────────────────────────────────────────────────────────────────────────────

    attachment #2: video (video/webm) ──────────────────────────────────────────────────────────────
    ..\..\test-results\carousel-wondernails-carou-c9679-when-back-button-is-clicked-Mobile-Chrome\video.webm
    ────────────────────────────────────────────────────────────────────────────────────────────────

    Error Context: ..\..\test-results\carousel-wondernails-carou-c9679-when-back-button-is-clicked-Mobile-Chrome\error-context.md
]]>
</failure>
<system-out>
<![CDATA[
[[ATTACHMENT|carousel-wondernails-carou-c9679-when-back-button-is-clicked-Mobile-Chrome\test-failed-1.png]]

[[ATTACHMENT|carousel-wondernails-carou-c9679-when-back-button-is-clicked-Mobile-Chrome\video.webm]]

[[ATTACHMENT|carousel-wondernails-carou-c9679-when-back-button-is-clicked-Mobile-Chrome\error-context.md]]
]]>
</system-out>
</testcase>
<testcase name="Wondernails Carousel Hero Section › should display slide content correctly" classname="carousel\wondernails-carousel.spec.ts" time="17.288">
<failure message="wondernails-carousel.spec.ts:166:7 should display slide content correctly" type="FAILURE">
<![CDATA[  [Mobile Chrome] › carousel\wondernails-carousel.spec.ts:166:7 › Wondernails Carousel Hero Section › should display slide content correctly 

    TimeoutError: page.waitForSelector: Timeout 15000ms exceeded.
    Call log:
      - waiting for locator('[data-testid="carousel-container"]') to be visible


       7 |     await page.goto(WONDERNAILS_URL);
       8 |     // Wait for the carousel to be fully loaded
    >  9 |     await page.waitForSelector('[data-testid="carousel-container"]');
         |                ^
      10 |   });
      11 |
      12 |   test("should display the carousel container with correct structure", async ({
        at C:\Dev\Zo\sass-store\tests\e2e\carousel\wondernails-carousel.spec.ts:9:16

    attachment #1: screenshot (image/png) ──────────────────────────────────────────────────────────
    ..\..\test-results\carousel-wondernails-carou-5a659-lay-slide-content-correctly-Mobile-Chrome\test-failed-1.png
    ────────────────────────────────────────────────────────────────────────────────────────────────

    attachment #2: video (video/webm) ──────────────────────────────────────────────────────────────
    ..\..\test-results\carousel-wondernails-carou-5a659-lay-slide-content-correctly-Mobile-Chrome\video.webm
    ────────────────────────────────────────────────────────────────────────────────────────────────

    Error Context: ..\..\test-results\carousel-wondernails-carou-5a659-lay-slide-content-correctly-Mobile-Chrome\error-context.md
]]>
</failure>
<system-out>
<![CDATA[
[[ATTACHMENT|carousel-wondernails-carou-5a659-lay-slide-content-correctly-Mobile-Chrome\test-failed-1.png]]

[[ATTACHMENT|carousel-wondernails-carou-5a659-lay-slide-content-correctly-Mobile-Chrome\video.webm]]

[[ATTACHMENT|carousel-wondernails-carou-5a659-lay-slide-content-correctly-Mobile-Chrome\error-context.md]]
]]>
</system-out>
</testcase>
<testcase name="Wondernails Carousel Hero Section › should have proper keyboard navigation support" classname="carousel\wondernails-carousel.spec.ts" time="17.309">
<failure message="wondernails-carousel.spec.ts:194:7 should have proper keyboard navigation support" type="FAILURE">
<![CDATA[  [Mobile Chrome] › carousel\wondernails-carousel.spec.ts:194:7 › Wondernails Carousel Hero Section › should have proper keyboard navigation support 

    TimeoutError: page.waitForSelector: Timeout 15000ms exceeded.
    Call log:
      - waiting for locator('[data-testid="carousel-container"]') to be visible


       7 |     await page.goto(WONDERNAILS_URL);
       8 |     // Wait for the carousel to be fully loaded
    >  9 |     await page.waitForSelector('[data-testid="carousel-container"]');
         |                ^
      10 |   });
      11 |
      12 |   test("should display the carousel container with correct structure", async ({
        at C:\Dev\Zo\sass-store\tests\e2e\carousel\wondernails-carousel.spec.ts:9:16

    attachment #1: screenshot (image/png) ──────────────────────────────────────────────────────────
    ..\..\test-results\carousel-wondernails-carou-c616d-keyboard-navigation-support-Mobile-Chrome\test-failed-1.png
    ────────────────────────────────────────────────────────────────────────────────────────────────

    attachment #2: video (video/webm) ──────────────────────────────────────────────────────────────
    ..\..\test-results\carousel-wondernails-carou-c616d-keyboard-navigation-support-Mobile-Chrome\video.webm
    ────────────────────────────────────────────────────────────────────────────────────────────────

    Error Context: ..\..\test-results\carousel-wondernails-carou-c616d-keyboard-navigation-support-Mobile-Chrome\error-context.md
]]>
</failure>
<system-out>
<![CDATA[
[[ATTACHMENT|carousel-wondernails-carou-c616d-keyboard-navigation-support-Mobile-Chrome\test-failed-1.png]]

[[ATTACHMENT|carousel-wondernails-carou-c616d-keyboard-navigation-support-Mobile-Chrome\video.webm]]

[[ATTACHMENT|carousel-wondernails-carou-c616d-keyboard-navigation-support-Mobile-Chrome\error-context.md]]
]]>
</system-out>
</testcase>
<testcase name="Wondernails Carousel Hero Section › should have proper ARIA attributes for accessibility" classname="carousel\wondernails-carousel.spec.ts" time="17.339">
<failure message="wondernails-carousel.spec.ts:227:7 should have proper ARIA attributes for accessibility" type="FAILURE">
<![CDATA[  [Mobile Chrome] › carousel\wondernails-carousel.spec.ts:227:7 › Wondernails Carousel Hero Section › should have proper ARIA attributes for accessibility 

    TimeoutError: page.waitForSelector: Timeout 15000ms exceeded.
    Call log:
      - waiting for locator('[data-testid="carousel-container"]') to be visible


       7 |     await page.goto(WONDERNAILS_URL);
       8 |     // Wait for the carousel to be fully loaded
    >  9 |     await page.waitForSelector('[data-testid="carousel-container"]');
         |                ^
      10 |   });
      11 |
      12 |   test("should display the carousel container with correct structure", async ({
        at C:\Dev\Zo\sass-store\tests\e2e\carousel\wondernails-carousel.spec.ts:9:16

    attachment #1: screenshot (image/png) ──────────────────────────────────────────────────────────
    ..\..\test-results\carousel-wondernails-carou-7387e-ttributes-for-accessibility-Mobile-Chrome\test-failed-1.png
    ────────────────────────────────────────────────────────────────────────────────────────────────

    attachment #2: video (video/webm) ──────────────────────────────────────────────────────────────
    ..\..\test-results\carousel-wondernails-carou-7387e-ttributes-for-accessibility-Mobile-Chrome\video.webm
    ────────────────────────────────────────────────────────────────────────────────────────────────

    Error Context: ..\..\test-results\carousel-wondernails-carou-7387e-ttributes-for-accessibility-Mobile-Chrome\error-context.md
]]>
</failure>
<system-out>
<![CDATA[
[[ATTACHMENT|carousel-wondernails-carou-7387e-ttributes-for-accessibility-Mobile-Chrome\test-failed-1.png]]

[[ATTACHMENT|carousel-wondernails-carou-7387e-ttributes-for-accessibility-Mobile-Chrome\video.webm]]

[[ATTACHMENT|carousel-wondernails-carou-7387e-ttributes-for-accessibility-Mobile-Chrome\error-context.md]]
]]>
</system-out>
</testcase>
<testcase name="Wondernails Carousel Hero Section › should be responsive on mobile devices" classname="carousel\wondernails-carousel.spec.ts" time="17.681">
<failure message="wondernails-carousel.spec.ts:252:7 should be responsive on mobile devices" type="FAILURE">
<![CDATA[  [Mobile Chrome] › carousel\wondernails-carousel.spec.ts:252:7 › Wondernails Carousel Hero Section › should be responsive on mobile devices 

    TimeoutError: page.waitForSelector: Timeout 15000ms exceeded.
    Call log:
      - waiting for locator('[data-testid="carousel-container"]') to be visible


       7 |     await page.goto(WONDERNAILS_URL);
       8 |     // Wait for the carousel to be fully loaded
    >  9 |     await page.waitForSelector('[data-testid="carousel-container"]');
         |                ^
      10 |   });
      11 |
      12 |   test("should display the carousel container with correct structure", async ({
        at C:\Dev\Zo\sass-store\tests\e2e\carousel\wondernails-carousel.spec.ts:9:16

    attachment #1: screenshot (image/png) ──────────────────────────────────────────────────────────
    ..\..\test-results\carousel-wondernails-carou-5fb2d-esponsive-on-mobile-devices-Mobile-Chrome\test-failed-1.png
    ────────────────────────────────────────────────────────────────────────────────────────────────

    attachment #2: video (video/webm) ──────────────────────────────────────────────────────────────
    ..\..\test-results\carousel-wondernails-carou-5fb2d-esponsive-on-mobile-devices-Mobile-Chrome\video.webm
    ────────────────────────────────────────────────────────────────────────────────────────────────

    Error Context: ..\..\test-results\carousel-wondernails-carou-5fb2d-esponsive-on-mobile-devices-Mobile-Chrome\error-context.md
]]>
</failure>
<system-out>
<![CDATA[
[[ATTACHMENT|carousel-wondernails-carou-5fb2d-esponsive-on-mobile-devices-Mobile-Chrome\test-failed-1.png]]

[[ATTACHMENT|carousel-wondernails-carou-5fb2d-esponsive-on-mobile-devices-Mobile-Chrome\video.webm]]

[[ATTACHMENT|carousel-wondernails-carou-5fb2d-esponsive-on-mobile-devices-Mobile-Chrome\error-context.md]]
]]>
</system-out>
</testcase>
<testcase name="Wondernails Carousel Hero Section › should have isolated styles that do not affect other page elements" classname="carousel\wondernails-carousel.spec.ts" time="17.411">
<failure message="wondernails-carousel.spec.ts:279:7 should have isolated styles that do not affect other page elements" type="FAILURE">
<![CDATA[  [Mobile Chrome] › carousel\wondernails-carousel.spec.ts:279:7 › Wondernails Carousel Hero Section › should have isolated styles that do not affect other page elements 

    TimeoutError: page.waitForSelector: Timeout 15000ms exceeded.
    Call log:
      - waiting for locator('[data-testid="carousel-container"]') to be visible


       7 |     await page.goto(WONDERNAILS_URL);
       8 |     // Wait for the carousel to be fully loaded
    >  9 |     await page.waitForSelector('[data-testid="carousel-container"]');
         |                ^
      10 |   });
      11 |
      12 |   test("should display the carousel container with correct structure", async ({
        at C:\Dev\Zo\sass-store\tests\e2e\carousel\wondernails-carousel.spec.ts:9:16

    attachment #1: screenshot (image/png) ──────────────────────────────────────────────────────────
    ..\..\test-results\carousel-wondernails-carou-feb19--affect-other-page-elements-Mobile-Chrome\test-failed-1.png
    ────────────────────────────────────────────────────────────────────────────────────────────────

    attachment #2: video (video/webm) ──────────────────────────────────────────────────────────────
    ..\..\test-results\carousel-wondernails-carou-feb19--affect-other-page-elements-Mobile-Chrome\video.webm
    ────────────────────────────────────────────────────────────────────────────────────────────────

    Error Context: ..\..\test-results\carousel-wondernails-carou-feb19--affect-other-page-elements-Mobile-Chrome\error-context.md
]]>
</failure>
<system-out>
<![CDATA[
[[ATTACHMENT|carousel-wondernails-carou-feb19--affect-other-page-elements-Mobile-Chrome\test-failed-1.png]]

[[ATTACHMENT|carousel-wondernails-carou-feb19--affect-other-page-elements-Mobile-Chrome\video.webm]]

[[ATTACHMENT|carousel-wondernails-carou-feb19--affect-other-page-elements-Mobile-Chrome\error-context.md]]
]]>
</system-out>
</testcase>
<testcase name="Wondernails Carousel Hero Section › should handle rapid clicking without breaking" classname="carousel\wondernails-carousel.spec.ts" time="16.967">
<failure message="wondernails-carousel.spec.ts:298:7 should handle rapid clicking without breaking" type="FAILURE">
<![CDATA[  [Mobile Chrome] › carousel\wondernails-carousel.spec.ts:298:7 › Wondernails Carousel Hero Section › should handle rapid clicking without breaking 

    TimeoutError: page.waitForSelector: Timeout 15000ms exceeded.
    Call log:
      - waiting for locator('[data-testid="carousel-container"]') to be visible


       7 |     await page.goto(WONDERNAILS_URL);
       8 |     // Wait for the carousel to be fully loaded
    >  9 |     await page.waitForSelector('[data-testid="carousel-container"]');
         |                ^
      10 |   });
      11 |
      12 |   test("should display the carousel container with correct structure", async ({
        at C:\Dev\Zo\sass-store\tests\e2e\carousel\wondernails-carousel.spec.ts:9:16

    attachment #1: screenshot (image/png) ──────────────────────────────────────────────────────────
    ..\..\test-results\carousel-wondernails-carou-d88ff-d-clicking-without-breaking-Mobile-Chrome\test-failed-1.png
    ────────────────────────────────────────────────────────────────────────────────────────────────

    attachment #2: video (video/webm) ──────────────────────────────────────────────────────────────
    ..\..\test-results\carousel-wondernails-carou-d88ff-d-clicking-without-breaking-Mobile-Chrome\video.webm
    ────────────────────────────────────────────────────────────────────────────────────────────────

    Error Context: ..\..\test-results\carousel-wondernails-carou-d88ff-d-clicking-without-breaking-Mobile-Chrome\error-context.md
]]>
</failure>
<system-out>
<![CDATA[
[[ATTACHMENT|carousel-wondernails-carou-d88ff-d-clicking-without-breaking-Mobile-Chrome\test-failed-1.png]]

[[ATTACHMENT|carousel-wondernails-carou-d88ff-d-clicking-without-breaking-Mobile-Chrome\video.webm]]

[[ATTACHMENT|carousel-wondernails-carou-d88ff-d-clicking-without-breaking-Mobile-Chrome\error-context.md]]
]]>
</system-out>
</testcase>
<testcase name="Wondernails Carousel Hero Section › should maintain performance with smooth animations" classname="carousel\wondernails-carousel.spec.ts" time="17.551">
<failure message="wondernails-carousel.spec.ts:317:7 should maintain performance with smooth animations" type="FAILURE">
<![CDATA[  [Mobile Chrome] › carousel\wondernails-carousel.spec.ts:317:7 › Wondernails Carousel Hero Section › should maintain performance with smooth animations 

    TimeoutError: page.waitForSelector: Timeout 15000ms exceeded.
    Call log:
      - waiting for locator('[data-testid="carousel-container"]') to be visible


       7 |     await page.goto(WONDERNAILS_URL);
       8 |     // Wait for the carousel to be fully loaded
    >  9 |     await page.waitForSelector('[data-testid="carousel-container"]');
         |                ^
      10 |   });
      11 |
      12 |   test("should display the carousel container with correct structure", async ({
        at C:\Dev\Zo\sass-store\tests\e2e\carousel\wondernails-carousel.spec.ts:9:16

    attachment #1: screenshot (image/png) ──────────────────────────────────────────────────────────
    ..\..\test-results\carousel-wondernails-carou-d7c65-ance-with-smooth-animations-Mobile-Chrome\test-failed-1.png
    ────────────────────────────────────────────────────────────────────────────────────────────────

    attachment #2: video (video/webm) ──────────────────────────────────────────────────────────────
    ..\..\test-results\carousel-wondernails-carou-d7c65-ance-with-smooth-animations-Mobile-Chrome\video.webm
    ────────────────────────────────────────────────────────────────────────────────────────────────

    Error Context: ..\..\test-results\carousel-wondernails-carou-d7c65-ance-with-smooth-animations-Mobile-Chrome\error-context.md
]]>
</failure>
<system-out>
<![CDATA[
[[ATTACHMENT|carousel-wondernails-carou-d7c65-ance-with-smooth-animations-Mobile-Chrome\test-failed-1.png]]

[[ATTACHMENT|carousel-wondernails-carou-d7c65-ance-with-smooth-animations-Mobile-Chrome\video.webm]]

[[ATTACHMENT|carousel-wondernails-carou-d7c65-ance-with-smooth-animations-Mobile-Chrome\error-context.md]]
]]>
</system-out>
</testcase>
</testsuite>
<testsuite name="cart\cart-comprehensive.spec.ts" timestamp="2025-10-29T19:08:05.826Z" hostname="Mobile Chrome" tests="17" failures="1" skipped="0" time="64.138" errors="0">
<testcase name="Cart - Comprehensive E2E Tests › Basic Cart Operations › should add single item to cart" classname="cart\cart-comprehensive.spec.ts" time="5.396">
</testcase>
<testcase name="Cart - Comprehensive E2E Tests › Basic Cart Operations › should add multiple different items to cart" classname="cart\cart-comprehensive.spec.ts" time="5.314">
</testcase>
<testcase name="Cart - Comprehensive E2E Tests › Basic Cart Operations › should handle quantity increment/decrement" classname="cart\cart-comprehensive.spec.ts" time="8.266">
</testcase>
<testcase name="Cart - Comprehensive E2E Tests › Cart Persistence &amp; State Management › should persist cart across page reloads" classname="cart\cart-comprehensive.spec.ts" time="2.124">
</testcase>
<testcase name="Cart - Comprehensive E2E Tests › Cart Persistence &amp; State Management › should persist cart across navigation" classname="cart\cart-comprehensive.spec.ts" time="2.206">
</testcase>
<testcase name="Cart - Comprehensive E2E Tests › Cart Persistence &amp; State Management › should isolate cart data between tenants" classname="cart\cart-comprehensive.spec.ts" time="2.857">
</testcase>
<testcase name="Cart - Comprehensive E2E Tests › Cart Calculations &amp; Pricing › should calculate correct totals with multiple items" classname="cart\cart-comprehensive.spec.ts" time="2.56">
</testcase>
<testcase name="Cart - Comprehensive E2E Tests › Cart Calculations &amp; Pricing › should handle free shipping threshold" classname="cart\cart-comprehensive.spec.ts" time="2.539">
</testcase>
<testcase name="Cart - Comprehensive E2E Tests › Error Handling &amp; Edge Cases › should handle empty cart gracefully" classname="cart\cart-comprehensive.spec.ts" time="7.041">
<failure message="cart-comprehensive.spec.ts:333:9 should handle empty cart gracefully" type="FAILURE">
<![CDATA[  [Mobile Chrome] › cart\cart-comprehensive.spec.ts:333:9 › Cart - Comprehensive E2E Tests › Error Handling & Edge Cases › should handle empty cart gracefully 

    Error: expect(received).toBeGreaterThan(expected)

    Expected: > 0
    Received:   0

      345 |       const continueShopping = page.locator('text=/continuar comprando|keep shopping/');
      346 |
    > 347 |       expect(await emptyMessage.count() + await continueShopping.count()).toBeGreaterThan(0);
          |                                                                           ^
      348 |
      349 |       console.log(`✅ ${tenant}: Empty cart handled gracefully`);
      350 |     });
        at C:\Dev\Zo\sass-store\tests\e2e\cart\cart-comprehensive.spec.ts:347:75

    attachment #1: screenshot (image/png) ──────────────────────────────────────────────────────────
    ..\..\test-results\cart-cart-comprehensive-Ca-b8fbf-andle-empty-cart-gracefully-Mobile-Chrome\test-failed-1.png
    ────────────────────────────────────────────────────────────────────────────────────────────────

    attachment #2: video (video/webm) ──────────────────────────────────────────────────────────────
    ..\..\test-results\cart-cart-comprehensive-Ca-b8fbf-andle-empty-cart-gracefully-Mobile-Chrome\video.webm
    ────────────────────────────────────────────────────────────────────────────────────────────────

    Error Context: ..\..\test-results\cart-cart-comprehensive-Ca-b8fbf-andle-empty-cart-gracefully-Mobile-Chrome\error-context.md
]]>
</failure>
<system-out>
<![CDATA[
[[ATTACHMENT|cart-cart-comprehensive-Ca-b8fbf-andle-empty-cart-gracefully-Mobile-Chrome\test-failed-1.png]]

[[ATTACHMENT|cart-cart-comprehensive-Ca-b8fbf-andle-empty-cart-gracefully-Mobile-Chrome\video.webm]]

[[ATTACHMENT|cart-cart-comprehensive-Ca-b8fbf-andle-empty-cart-gracefully-Mobile-Chrome\error-context.md]]
]]>
</system-out>
</testcase>
<testcase name="Cart - Comprehensive E2E Tests › Error Handling &amp; Edge Cases › should handle network errors during add to cart" classname="cart\cart-comprehensive.spec.ts" time="0.205">
<system-out>
<![CDATA[⏭️ Network error test requires mocking - skipping for now
]]>
</system-out>
</testcase>
<testcase name="Cart - Comprehensive E2E Tests › Error Handling &amp; Edge Cases › should handle invalid product data" classname="cart\cart-comprehensive.spec.ts" time="7.116">
<system-out>
<![CDATA[✅ wondernails: Invalid data handled gracefully
]]>
</system-out>
</testcase>
<testcase name="Cart - Comprehensive E2E Tests › Cart UI/UX › should show loading states appropriately" classname="cart\cart-comprehensive.spec.ts" time="3.463">
</testcase>
<testcase name="Cart - Comprehensive E2E Tests › Cart UI/UX › should be keyboard accessible" classname="cart\cart-comprehensive.spec.ts" time="3.514">
<system-out>
<![CDATA[✅ wondernails: Cart is keyboard accessible
]]>
</system-out>
</testcase>
<testcase name="Cart - Comprehensive E2E Tests › Cart UI/UX › should work on mobile viewport" classname="cart\cart-comprehensive.spec.ts" time="3.561">
</testcase>
<testcase name="Cart - Comprehensive E2E Tests › Performance &amp; Load Testing › should handle large cart efficiently" classname="cart\cart-comprehensive.spec.ts" time="2.972">
<system-out>
<![CDATA[✅ wondernails: Large cart handled efficiently (0ms for 0 items)
]]>
</system-out>
</testcase>
<testcase name="Cart - Comprehensive E2E Tests › Performance &amp; Load Testing › should handle rapid add/remove operations" classname="cart\cart-comprehensive.spec.ts" time="2.715">
</testcase>
<testcase name="Cart - Comprehensive E2E Tests › Cross-browser Compatibility › should work with different browsers" classname="cart\cart-comprehensive.spec.ts" time="2.289">
</testcase>
</testsuite>
<testsuite name="cart\cart-coupon-tests.spec.ts" timestamp="2025-10-29T19:08:05.826Z" hostname="Mobile Chrome" tests="12" failures="1" skipped="0" time="51.406" errors="0">
<testcase name="Cart - Coupon System › Coupon Application › should apply valid percentage coupon" classname="cart\cart-coupon-tests.spec.ts" time="2.228">
</testcase>
<testcase name="Cart - Coupon System › Coupon Application › should apply valid flat discount coupon" classname="cart\cart-coupon-tests.spec.ts" time="2.319">
</testcase>
<testcase name="Cart - Coupon System › Coupon Application › should reject invalid coupon" classname="cart\cart-coupon-tests.spec.ts" time="2.301">
</testcase>
<testcase name="Cart - Coupon System › Coupon Edge Cases › should handle coupon case insensitivity" classname="cart\cart-coupon-tests.spec.ts" time="3.163">
</testcase>
<testcase name="Cart - Coupon System › Coupon Edge Cases › should allow coupon removal" classname="cart\cart-coupon-tests.spec.ts" time="2.427">
</testcase>
<testcase name="Cart - Coupon System › Coupon Edge Cases › should handle multiple coupon applications" classname="cart\cart-coupon-tests.spec.ts" time="2.515">
</testcase>
<testcase name="Cart - Coupon System › Coupon Validation › should validate minimum purchase requirements" classname="cart\cart-coupon-tests.spec.ts" time="3.683">
</testcase>
<testcase name="Cart - Coupon System › Coupon Validation › should handle expired coupons" classname="cart\cart-coupon-tests.spec.ts" time="2.489">
</testcase>
<testcase name="Cart - Coupon System › Coupon Validation › should prevent coupon abuse" classname="cart\cart-coupon-tests.spec.ts" time="2.526">
</testcase>
<testcase name="Cart - Coupon System › Discount Calculations › should calculate percentage discounts correctly" classname="cart\cart-coupon-tests.spec.ts" time="20.122">
<failure message="cart-coupon-tests.spec.ts:337:9 should calculate percentage discounts correctly" type="FAILURE">
<![CDATA[  [Mobile Chrome] › cart\cart-coupon-tests.spec.ts:337:9 › Cart - Coupon System › Discount Calculations › should calculate percentage discounts correctly 

    TimeoutError: locator.textContent: Timeout 15000ms exceeded.
    Call log:
      - waiting for locator('text=/Subtotal|Subtotal:/').first()


      353 |
      354 |       // Subtotal should be 100 + (50*2) = 200
    > 355 |       const subtotalText = await page.locator('text=/Subtotal|Subtotal:/').first().textContent();
          |                                                                                    ^
      356 |       const subtotal = parseFloat(subtotalText?.replace(/[^\d.]/g, '') || '0');
      357 |       expect(subtotal).toBeCloseTo(200, 2);
      358 |
        at C:\Dev\Zo\sass-store\tests\e2e\cart\cart-coupon-tests.spec.ts:355:84

    attachment #1: screenshot (image/png) ──────────────────────────────────────────────────────────
    ..\..\test-results\cart-cart-coupon-tests-Car-61725-centage-discounts-correctly-Mobile-Chrome\test-failed-1.png
    ────────────────────────────────────────────────────────────────────────────────────────────────

    attachment #2: video (video/webm) ──────────────────────────────────────────────────────────────
    ..\..\test-results\cart-cart-coupon-tests-Car-61725-centage-discounts-correctly-Mobile-Chrome\video.webm
    ────────────────────────────────────────────────────────────────────────────────────────────────

    Error Context: ..\..\test-results\cart-cart-coupon-tests-Car-61725-centage-discounts-correctly-Mobile-Chrome\error-context.md
]]>
</failure>
<system-out>
<![CDATA[
[[ATTACHMENT|cart-cart-coupon-tests-Car-61725-centage-discounts-correctly-Mobile-Chrome\test-failed-1.png]]

[[ATTACHMENT|cart-cart-coupon-tests-Car-61725-centage-discounts-correctly-Mobile-Chrome\video.webm]]

[[ATTACHMENT|cart-cart-coupon-tests-Car-61725-centage-discounts-correctly-Mobile-Chrome\error-context.md]]
]]>
</system-out>
</testcase>
<testcase name="Cart - Coupon System › Discount Calculations › should calculate flat discounts correctly" classname="cart\cart-coupon-tests.spec.ts" time="3.881">
</testcase>
<testcase name="Cart - Coupon System › Discount Calculations › should not allow negative totals" classname="cart\cart-coupon-tests.spec.ts" time="3.752">
</testcase>
</testsuite>
<testsuite name="cart\cart-edge-cases.spec.ts" timestamp="2025-10-29T19:08:05.826Z" hostname="Mobile Chrome" tests="14" failures="5" skipped="0" time="69.951" errors="0">
<testcase name="Cart - Edge Cases &amp; Error Handling › Boundary Conditions › should handle maximum quantity limits" classname="cart\cart-edge-cases.spec.ts" time="2.686">
</testcase>
<testcase name="Cart - Edge Cases &amp; Error Handling › Boundary Conditions › should handle zero quantity gracefully" classname="cart\cart-edge-cases.spec.ts" time="3.02">
</testcase>
<testcase name="Cart - Edge Cases &amp; Error Handling › Boundary Conditions › should handle negative quantities in localStorage" classname="cart\cart-edge-cases.spec.ts" time="4.436">
<system-out>
<![CDATA[✅ wondernails: Negative quantities sanitized correctly
]]>
</system-out>
</testcase>
<testcase name="Cart - Edge Cases &amp; Error Handling › Error Recovery › should recover from corrupted localStorage" classname="cart\cart-edge-cases.spec.ts" time="4.567">
</testcase>
<testcase name="Cart - Edge Cases &amp; Error Handling › Error Recovery › should handle network failures during cart operations" classname="cart\cart-edge-cases.spec.ts" time="2.268">
</testcase>
<testcase name="Cart - Edge Cases &amp; Error Handling › Error Recovery › should handle concurrent cart modifications" classname="cart\cart-edge-cases.spec.ts" time="2.702">
</testcase>
<testcase name="Cart - Edge Cases &amp; Error Handling › Data Integrity › should deduplicate identical items" classname="cart\cart-edge-cases.spec.ts" time="2.583">
</testcase>
<testcase name="Cart - Edge Cases &amp; Error Handling › Data Integrity › should handle items with missing required fields" classname="cart\cart-edge-cases.spec.ts" time="4.595">
<failure message="cart-edge-cases.spec.ts:298:9 should handle items with missing required fields" type="FAILURE">
<![CDATA[  [Mobile Chrome] › cart\cart-edge-cases.spec.ts:298:9 › Cart - Edge Cases & Error Handling › Data Integrity › should handle items with missing required fields 

    Error: expect(received).toBeGreaterThanOrEqual(expected)

    Expected: >= 1
    Received:    0

      320 |
      321 |       // Should have at least the valid item
    > 322 |       expect(itemCount).toBeGreaterThanOrEqual(1);
          |                         ^
      323 |
      324 |       // Valid item should be present
      325 |       const validItem = cartItems.filter({ hasText: 'Valid Item' });
        at C:\Dev\Zo\sass-store\tests\e2e\cart\cart-edge-cases.spec.ts:322:25

    attachment #1: screenshot (image/png) ──────────────────────────────────────────────────────────
    ..\..\test-results\cart-cart-edge-cases-Cart--cc018-ith-missing-required-fields-Mobile-Chrome\test-failed-1.png
    ────────────────────────────────────────────────────────────────────────────────────────────────

    attachment #2: video (video/webm) ──────────────────────────────────────────────────────────────
    ..\..\test-results\cart-cart-edge-cases-Cart--cc018-ith-missing-required-fields-Mobile-Chrome\video.webm
    ────────────────────────────────────────────────────────────────────────────────────────────────

    Error Context: ..\..\test-results\cart-cart-edge-cases-Cart--cc018-ith-missing-required-fields-Mobile-Chrome\error-context.md
]]>
</failure>
<system-out>
<![CDATA[
[[ATTACHMENT|cart-cart-edge-cases-Cart--cc018-ith-missing-required-fields-Mobile-Chrome\test-failed-1.png]]

[[ATTACHMENT|cart-cart-edge-cases-Cart--cc018-ith-missing-required-fields-Mobile-Chrome\video.webm]]

[[ATTACHMENT|cart-cart-edge-cases-Cart--cc018-ith-missing-required-fields-Mobile-Chrome\error-context.md]]
]]>
</system-out>
</testcase>
<testcase name="Cart - Edge Cases &amp; Error Handling › Data Integrity › should validate price data types" classname="cart\cart-edge-cases.spec.ts" time="4.45">
<failure message="cart-edge-cases.spec.ts:331:9 should validate price data types" type="FAILURE">
<![CDATA[  [Mobile Chrome] › cart\cart-edge-cases.spec.ts:331:9 › Cart - Edge Cases & Error Handling › Data Integrity › should validate price data types 

    Error: expect(received).toBeGreaterThanOrEqual(expected)

    Expected: >= 1
    Received:    0

      353 |       const itemCount = await cartItems.count();
      354 |
    > 355 |       expect(itemCount).toBeGreaterThanOrEqual(1);
          |                         ^
      356 |
      357 |       // Check for toFixed errors (common with invalid prices)
      358 |       const errors: string[] = [];
        at C:\Dev\Zo\sass-store\tests\e2e\cart\cart-edge-cases.spec.ts:355:25

    attachment #1: screenshot (image/png) ──────────────────────────────────────────────────────────
    ..\..\test-results\cart-cart-edge-cases-Cart--84fa8-d-validate-price-data-types-Mobile-Chrome\test-failed-1.png
    ────────────────────────────────────────────────────────────────────────────────────────────────

    attachment #2: video (video/webm) ──────────────────────────────────────────────────────────────
    ..\..\test-results\cart-cart-edge-cases-Cart--84fa8-d-validate-price-data-types-Mobile-Chrome\video.webm
    ────────────────────────────────────────────────────────────────────────────────────────────────

    Error Context: ..\..\test-results\cart-cart-edge-cases-Cart--84fa8-d-validate-price-data-types-Mobile-Chrome\error-context.md
]]>
</failure>
<system-out>
<![CDATA[
[[ATTACHMENT|cart-cart-edge-cases-Cart--84fa8-d-validate-price-data-types-Mobile-Chrome\test-failed-1.png]]

[[ATTACHMENT|cart-cart-edge-cases-Cart--84fa8-d-validate-price-data-types-Mobile-Chrome\video.webm]]

[[ATTACHMENT|cart-cart-edge-cases-Cart--84fa8-d-validate-price-data-types-Mobile-Chrome\error-context.md]]
]]>
</system-out>
</testcase>
<testcase name="Cart - Edge Cases &amp; Error Handling › Performance Edge Cases › should handle very large cart data" classname="cart\cart-edge-cases.spec.ts" time="4.346">
<failure message="cart-edge-cases.spec.ts:373:9 should handle very large cart data" type="FAILURE">
<![CDATA[  [Mobile Chrome] › cart\cart-edge-cases.spec.ts:373:9 › Cart - Edge Cases & Error Handling › Performance Edge Cases › should handle very large cart data 

    Error: expect(received).toBeGreaterThan(expected)

    Expected: > 0
    Received:   0

      406 |       const displayedCount = await cartItems.count();
      407 |
    > 408 |       expect(displayedCount).toBeGreaterThan(0);
          |                              ^
      409 |
      410 |       // Should calculate totals
      411 |       const totalElement = page.locator('text=/Total|Total:/');
        at C:\Dev\Zo\sass-store\tests\e2e\cart\cart-edge-cases.spec.ts:408:30

    attachment #1: screenshot (image/png) ──────────────────────────────────────────────────────────
    ..\..\test-results\cart-cart-edge-cases-Cart--b21b9-handle-very-large-cart-data-Mobile-Chrome\test-failed-1.png
    ────────────────────────────────────────────────────────────────────────────────────────────────

    attachment #2: video (video/webm) ──────────────────────────────────────────────────────────────
    ..\..\test-results\cart-cart-edge-cases-Cart--b21b9-handle-very-large-cart-data-Mobile-Chrome\video.webm
    ────────────────────────────────────────────────────────────────────────────────────────────────

    Error Context: ..\..\test-results\cart-cart-edge-cases-Cart--b21b9-handle-very-large-cart-data-Mobile-Chrome\error-context.md
]]>
</failure>
<system-out>
<![CDATA[
[[ATTACHMENT|cart-cart-edge-cases-Cart--b21b9-handle-very-large-cart-data-Mobile-Chrome\test-failed-1.png]]

[[ATTACHMENT|cart-cart-edge-cases-Cart--b21b9-handle-very-large-cart-data-Mobile-Chrome\video.webm]]

[[ATTACHMENT|cart-cart-edge-cases-Cart--b21b9-handle-very-large-cart-data-Mobile-Chrome\error-context.md]]
]]>
</system-out>
</testcase>
<testcase name="Cart - Edge Cases &amp; Error Handling › Performance Edge Cases › should handle rapid state changes" classname="cart\cart-edge-cases.spec.ts" time="20.625">
<failure message="cart-edge-cases.spec.ts:417:9 should handle rapid state changes" type="FAILURE">
<![CDATA[  [Mobile Chrome] › cart\cart-edge-cases.spec.ts:417:9 › Cart - Edge Cases & Error Handling › Performance Edge Cases › should handle rapid state changes 

    TimeoutError: locator.click: Timeout 15000ms exceeded.
    Call log:
      - waiting for locator('[data-testid="cart-item"]').first().locator('button:has-text("+")')


      445 |       const operations = [];
      446 |       for (let i = 0; i < 20; i++) {
    > 447 |         operations.push(plusButton.click());
          |                                    ^
      448 |         operations.push(page.waitForTimeout(10));
      449 |         if (i % 3 === 0) {
      450 |           operations.push(minusButton.click());
        at C:\Dev\Zo\sass-store\tests\e2e\cart\cart-edge-cases.spec.ts:447:36

    attachment #1: screenshot (image/png) ──────────────────────────────────────────────────────────
    ..\..\test-results\cart-cart-edge-cases-Cart--91114--handle-rapid-state-changes-Mobile-Chrome\test-failed-1.png
    ────────────────────────────────────────────────────────────────────────────────────────────────

    attachment #2: video (video/webm) ──────────────────────────────────────────────────────────────
    ..\..\test-results\cart-cart-edge-cases-Cart--91114--handle-rapid-state-changes-Mobile-Chrome\video.webm
    ────────────────────────────────────────────────────────────────────────────────────────────────

    Error Context: ..\..\test-results\cart-cart-edge-cases-Cart--91114--handle-rapid-state-changes-Mobile-Chrome\error-context.md
]]>
</failure>
<system-out>
<![CDATA[
[[ATTACHMENT|cart-cart-edge-cases-Cart--91114--handle-rapid-state-changes-Mobile-Chrome\test-failed-1.png]]

[[ATTACHMENT|cart-cart-edge-cases-Cart--91114--handle-rapid-state-changes-Mobile-Chrome\video.webm]]

[[ATTACHMENT|cart-cart-edge-cases-Cart--91114--handle-rapid-state-changes-Mobile-Chrome\error-context.md]]
]]>
</system-out>
</testcase>
<testcase name="Cart - Edge Cases &amp; Error Handling › Accessibility &amp; Usability › should maintain focus during cart operations" classname="cart\cart-edge-cases.spec.ts" time="2.466">
</testcase>
<testcase name="Cart - Edge Cases &amp; Error Handling › Accessibility &amp; Usability › should provide clear error messages" classname="cart\cart-edge-cases.spec.ts" time="2.313">
</testcase>
<testcase name="Cart - Edge Cases &amp; Error Handling › Accessibility &amp; Usability › should handle very long item names" classname="cart\cart-edge-cases.spec.ts" time="8.894">
<failure message="cart-edge-cases.spec.ts:527:9 should handle very long item names" type="FAILURE">
<![CDATA[  [Mobile Chrome] › cart\cart-edge-cases.spec.ts:527:9 › Cart - Edge Cases & Error Handling › Accessibility & Usability › should handle very long item names 

    Error: expect(locator).toBeVisible() failed

    Locator: locator('[data-testid="cart-item"]').first()
    Expected: visible
    Timeout: 5000ms
    Error: element(s) not found

    Call log:
      - Expect "toBeVisible" with timeout 5000ms
      - waiting for locator('[data-testid="cart-item"]').first()


      547 |       // Should handle long names without breaking layout
      548 |       const cartItem = page.locator('[data-testid="cart-item"]').first();
    > 549 |       await expect(cartItem).toBeVisible();
          |                              ^
      550 |
      551 |       // Should not have horizontal scroll issues
      552 |       const scrollWidth = await page.evaluate(() => document.body.scrollWidth);
        at C:\Dev\Zo\sass-store\tests\e2e\cart\cart-edge-cases.spec.ts:549:30

    attachment #1: screenshot (image/png) ──────────────────────────────────────────────────────────
    ..\..\test-results\cart-cart-edge-cases-Cart--4841f-handle-very-long-item-names-Mobile-Chrome\test-failed-1.png
    ────────────────────────────────────────────────────────────────────────────────────────────────

    attachment #2: video (video/webm) ──────────────────────────────────────────────────────────────
    ..\..\test-results\cart-cart-edge-cases-Cart--4841f-handle-very-long-item-names-Mobile-Chrome\video.webm
    ────────────────────────────────────────────────────────────────────────────────────────────────

    Error Context: ..\..\test-results\cart-cart-edge-cases-Cart--4841f-handle-very-long-item-names-Mobile-Chrome\error-context.md
]]>
</failure>
<system-out>
<![CDATA[
[[ATTACHMENT|cart-cart-edge-cases-Cart--4841f-handle-very-long-item-names-Mobile-Chrome\test-failed-1.png]]

[[ATTACHMENT|cart-cart-edge-cases-Cart--4841f-handle-very-long-item-names-Mobile-Chrome\video.webm]]

[[ATTACHMENT|cart-cart-edge-cases-Cart--4841f-handle-very-long-item-names-Mobile-Chrome\error-context.md]]
]]>
</system-out>
</testcase>
</testsuite>
<testsuite name="cart\cart-mobile-responsive.spec.ts" timestamp="2025-10-29T19:08:05.826Z" hostname="Mobile Chrome" tests="12" failures="6" skipped="0" time="53.876" errors="0">
<testcase name="Cart - Mobile &amp; Responsive › Mobile Viewport Tests › should work on iPhone SE" classname="cart\cart-mobile-responsive.spec.ts" time="1.89">
</testcase>
<testcase name="Cart - Mobile &amp; Responsive › Mobile Viewport Tests › should work on iPhone 12 Pro Max" classname="cart\cart-mobile-responsive.spec.ts" time="2.055">
</testcase>
<testcase name="Cart - Mobile &amp; Responsive › Mobile Viewport Tests › should work on Galaxy S21" classname="cart\cart-mobile-responsive.spec.ts" time="2.335">
</testcase>
<testcase name="Cart - Mobile &amp; Responsive › Tablet Viewport Tests › should work on iPad" classname="cart\cart-mobile-responsive.spec.ts" time="3.145">
<failure message="cart-mobile-responsive.spec.ts:124:9 should work on iPad" type="FAILURE">
<![CDATA[  [Mobile Chrome] › cart\cart-mobile-responsive.spec.ts:124:9 › Cart - Mobile & Responsive › Tablet Viewport Tests › should work on iPad 

    Error: expect(received).toContain(expected) // indexOf

    Expected substring: "/cart"
    Received string:    "http://localhost:3001/t/wondernails/products"

      149 |       }
      150 |
    > 151 |       expect(page.url()).toContain('/cart');
          |                          ^
      152 |
      153 |       // Verify multiple items display well on tablet
      154 |       const cartItems = page.locator('[data-testid="cart-item"]');
        at C:\Dev\Zo\sass-store\tests\e2e\cart\cart-mobile-responsive.spec.ts:151:26

    attachment #1: screenshot (image/png) ──────────────────────────────────────────────────────────
    ..\..\test-results\cart-cart-mobile-responsiv-5f089-t-Tests-should-work-on-iPad-Mobile-Chrome\test-failed-1.png
    ────────────────────────────────────────────────────────────────────────────────────────────────

    attachment #2: video (video/webm) ──────────────────────────────────────────────────────────────
    ..\..\test-results\cart-cart-mobile-responsiv-5f089-t-Tests-should-work-on-iPad-Mobile-Chrome\video.webm
    ────────────────────────────────────────────────────────────────────────────────────────────────

    Error Context: ..\..\test-results\cart-cart-mobile-responsiv-5f089-t-Tests-should-work-on-iPad-Mobile-Chrome\error-context.md
]]>
</failure>
<system-out>
<![CDATA[
[[ATTACHMENT|cart-cart-mobile-responsiv-5f089-t-Tests-should-work-on-iPad-Mobile-Chrome\test-failed-1.png]]

[[ATTACHMENT|cart-cart-mobile-responsiv-5f089-t-Tests-should-work-on-iPad-Mobile-Chrome\video.webm]]

[[ATTACHMENT|cart-cart-mobile-responsiv-5f089-t-Tests-should-work-on-iPad-Mobile-Chrome\error-context.md]]
]]>
</system-out>
</testcase>
<testcase name="Cart - Mobile &amp; Responsive › Tablet Viewport Tests › should work on iPad Pro" classname="cart\cart-mobile-responsive.spec.ts" time="5.253">
<failure message="cart-mobile-responsive.spec.ts:167:9 should work on iPad Pro" type="FAILURE">
<![CDATA[  [Mobile Chrome] › cart\cart-mobile-responsive.spec.ts:167:9 › Cart - Mobile & Responsive › Tablet Viewport Tests › should work on iPad Pro 

    Error: expect(received).toBe(expected) // Object.is equality

    Expected: 3
    Received: 0

      189 |       const cartItems = page.locator('[data-testid="cart-item"]');
      190 |       const itemCount = await cartItems.count();
    > 191 |       expect(itemCount).toBe(3);
          |                         ^
      192 |
      193 |       // Check that long item names don't break layout
      194 |       for (let i = 0; i < itemCount; i++) {
        at C:\Dev\Zo\sass-store\tests\e2e\cart\cart-mobile-responsive.spec.ts:191:25

    attachment #1: screenshot (image/png) ──────────────────────────────────────────────────────────
    ..\..\test-results\cart-cart-mobile-responsiv-05bb0-sts-should-work-on-iPad-Pro-Mobile-Chrome\test-failed-1.png
    ────────────────────────────────────────────────────────────────────────────────────────────────

    attachment #2: video (video/webm) ──────────────────────────────────────────────────────────────
    ..\..\test-results\cart-cart-mobile-responsiv-05bb0-sts-should-work-on-iPad-Pro-Mobile-Chrome\video.webm
    ────────────────────────────────────────────────────────────────────────────────────────────────

    Error Context: ..\..\test-results\cart-cart-mobile-responsiv-05bb0-sts-should-work-on-iPad-Pro-Mobile-Chrome\error-context.md
]]>
</failure>
<system-out>
<![CDATA[
[[ATTACHMENT|cart-cart-mobile-responsiv-05bb0-sts-should-work-on-iPad-Pro-Mobile-Chrome\test-failed-1.png]]

[[ATTACHMENT|cart-cart-mobile-responsiv-05bb0-sts-should-work-on-iPad-Pro-Mobile-Chrome\video.webm]]

[[ATTACHMENT|cart-cart-mobile-responsiv-05bb0-sts-should-work-on-iPad-Pro-Mobile-Chrome\error-context.md]]
]]>
</system-out>
</testcase>
<testcase name="Cart - Mobile &amp; Responsive › Desktop Responsive Tests › should adapt to different desktop screen sizes" classname="cart\cart-mobile-responsive.spec.ts" time="3.348">
<failure message="cart-mobile-responsive.spec.ts:212:9 should adapt to different desktop screen sizes" type="FAILURE">
<![CDATA[  [Mobile Chrome] › cart\cart-mobile-responsive.spec.ts:212:9 › Cart - Mobile & Responsive › Desktop Responsive Tests › should adapt to different desktop screen sizes 

    Error: expect(received).toBe(expected) // Object.is equality

    Expected: 2
    Received: 0

      240 |         const cartItems = page.locator('[data-testid="cart-item"]');
      241 |         const itemCount = await cartItems.count();
    > 242 |         expect(itemCount).toBe(2);
          |                           ^
      243 |
      244 |         // Check layout utilizes screen space effectively
      245 |         const cartContainer = page.locator('[data-testid="cart-container"], .cart-container, main').first();
        at C:\Dev\Zo\sass-store\tests\e2e\cart\cart-mobile-responsive.spec.ts:242:27

    attachment #1: screenshot (image/png) ──────────────────────────────────────────────────────────
    ..\..\test-results\cart-cart-mobile-responsiv-0669e-ferent-desktop-screen-sizes-Mobile-Chrome\test-failed-1.png
    ────────────────────────────────────────────────────────────────────────────────────────────────

    attachment #2: video (video/webm) ──────────────────────────────────────────────────────────────
    ..\..\test-results\cart-cart-mobile-responsiv-0669e-ferent-desktop-screen-sizes-Mobile-Chrome\video.webm
    ────────────────────────────────────────────────────────────────────────────────────────────────

    Error Context: ..\..\test-results\cart-cart-mobile-responsiv-0669e-ferent-desktop-screen-sizes-Mobile-Chrome\error-context.md
]]>
</failure>
<system-out>
<![CDATA[
[[ATTACHMENT|cart-cart-mobile-responsiv-0669e-ferent-desktop-screen-sizes-Mobile-Chrome\test-failed-1.png]]

[[ATTACHMENT|cart-cart-mobile-responsiv-0669e-ferent-desktop-screen-sizes-Mobile-Chrome\video.webm]]

[[ATTACHMENT|cart-cart-mobile-responsiv-0669e-ferent-desktop-screen-sizes-Mobile-Chrome\error-context.md]]
]]>
</system-out>
</testcase>
<testcase name="Cart - Mobile &amp; Responsive › Touch &amp; Gesture Tests › should handle touch gestures on mobile" classname="cart\cart-mobile-responsive.spec.ts" time="2.046">
</testcase>
<testcase name="Cart - Mobile &amp; Responsive › Touch &amp; Gesture Tests › should handle swipe gestures for cart navigation" classname="cart\cart-mobile-responsive.spec.ts" time="3.067">
<failure message="cart-mobile-responsive.spec.ts:300:9 should handle swipe gestures for cart navigation" type="FAILURE">
<![CDATA[  [Mobile Chrome] › cart\cart-mobile-responsive.spec.ts:300:9 › Cart - Mobile & Responsive › Touch & Gesture Tests › should handle swipe gestures for cart navigation 

    Error: expect(received).toBe(expected) // Object.is equality

    Expected: 5
    Received: 0

      326 |       const cartItems = page.locator('[data-testid="cart-item"]');
      327 |       const itemCount = await cartItems.count();
    > 328 |       expect(itemCount).toBe(5);
          |                         ^
      329 |
      330 |       // Test scrolling on mobile
      331 |       const lastItem = cartItems.last();
        at C:\Dev\Zo\sass-store\tests\e2e\cart\cart-mobile-responsive.spec.ts:328:25

    attachment #1: screenshot (image/png) ──────────────────────────────────────────────────────────
    ..\..\test-results\cart-cart-mobile-responsiv-525f5-estures-for-cart-navigation-Mobile-Chrome\test-failed-1.png
    ────────────────────────────────────────────────────────────────────────────────────────────────

    attachment #2: video (video/webm) ──────────────────────────────────────────────────────────────
    ..\..\test-results\cart-cart-mobile-responsiv-525f5-estures-for-cart-navigation-Mobile-Chrome\video.webm
    ────────────────────────────────────────────────────────────────────────────────────────────────

    Error Context: ..\..\test-results\cart-cart-mobile-responsiv-525f5-estures-for-cart-navigation-Mobile-Chrome\error-context.md
]]>
</failure>
<system-out>
<![CDATA[
[[ATTACHMENT|cart-cart-mobile-responsiv-525f5-estures-for-cart-navigation-Mobile-Chrome\test-failed-1.png]]

[[ATTACHMENT|cart-cart-mobile-responsiv-525f5-estures-for-cart-navigation-Mobile-Chrome\video.webm]]

[[ATTACHMENT|cart-cart-mobile-responsiv-525f5-estures-for-cart-navigation-Mobile-Chrome\error-context.md]]
]]>
</system-out>
</testcase>
<testcase name="Cart - Mobile &amp; Responsive › Orientation Tests › should handle orientation changes" classname="cart\cart-mobile-responsive.spec.ts" time="3.219">
<failure message="cart-mobile-responsive.spec.ts:342:9 should handle orientation changes" type="FAILURE">
<![CDATA[  [Mobile Chrome] › cart\cart-mobile-responsive.spec.ts:342:9 › Cart - Mobile & Responsive › Orientation Tests › should handle orientation changes 

    Error: expect(received).toBe(expected) // Object.is equality

    Expected: 2
    Received: 0

      362 |       // Verify portrait layout
      363 |       const portraitItems = page.locator('[data-testid="cart-item"]');
    > 364 |       expect(await portraitItems.count()).toBe(2);
          |                                           ^
      365 |
      366 |       // Switch to landscape
      367 |       await page.setViewportSize({ width: 667, height: 375 });
        at C:\Dev\Zo\sass-store\tests\e2e\cart\cart-mobile-responsive.spec.ts:364:43

    attachment #1: screenshot (image/png) ──────────────────────────────────────────────────────────
    ..\..\test-results\cart-cart-mobile-responsiv-fcb4c--handle-orientation-changes-Mobile-Chrome\test-failed-1.png
    ────────────────────────────────────────────────────────────────────────────────────────────────

    attachment #2: video (video/webm) ──────────────────────────────────────────────────────────────
    ..\..\test-results\cart-cart-mobile-responsiv-fcb4c--handle-orientation-changes-Mobile-Chrome\video.webm
    ────────────────────────────────────────────────────────────────────────────────────────────────

    Error Context: ..\..\test-results\cart-cart-mobile-responsiv-fcb4c--handle-orientation-changes-Mobile-Chrome\error-context.md
]]>
</failure>
<system-out>
<![CDATA[
[[ATTACHMENT|cart-cart-mobile-responsiv-fcb4c--handle-orientation-changes-Mobile-Chrome\test-failed-1.png]]

[[ATTACHMENT|cart-cart-mobile-responsiv-fcb4c--handle-orientation-changes-Mobile-Chrome\video.webm]]

[[ATTACHMENT|cart-cart-mobile-responsiv-fcb4c--handle-orientation-changes-Mobile-Chrome\error-context.md]]
]]>
</system-out>
</testcase>
<testcase name="Cart - Mobile &amp; Responsive › Accessibility on Mobile › should maintain accessibility on small screens" classname="cart\cart-mobile-responsive.spec.ts" time="2.25">
</testcase>
<testcase name="Cart - Mobile &amp; Responsive › Accessibility on Mobile › should support keyboard navigation on tablets" classname="cart\cart-mobile-responsive.spec.ts" time="20.074">
<failure message="cart-mobile-responsive.spec.ts:433:9 should support keyboard navigation on tablets" type="FAILURE">
<![CDATA[  [Mobile Chrome] › cart\cart-mobile-responsive.spec.ts:433:9 › Cart - Mobile & Responsive › Accessibility on Mobile › should support keyboard navigation on tablets 

    TimeoutError: locator.focus: Timeout 15000ms exceeded.
    Call log:
      - waiting for locator('[data-testid="cart-item"]').first().locator('button:has-text("+")')


      466 |       // Test Enter key on buttons
      467 |       const plusButton = page.locator('[data-testid="cart-item"]').first().locator('button:has-text("+")');
    > 468 |       await plusButton.focus();
          |                        ^
      469 |       await page.keyboard.press('Enter');
      470 |       await page.waitForTimeout(200);
      471 |
        at C:\Dev\Zo\sass-store\tests\e2e\cart\cart-mobile-responsive.spec.ts:468:24

    attachment #1: screenshot (image/png) ──────────────────────────────────────────────────────────
    ..\..\test-results\cart-cart-mobile-responsiv-9443f-board-navigation-on-tablets-Mobile-Chrome\test-failed-1.png
    ────────────────────────────────────────────────────────────────────────────────────────────────

    attachment #2: video (video/webm) ──────────────────────────────────────────────────────────────
    ..\..\test-results\cart-cart-mobile-responsiv-9443f-board-navigation-on-tablets-Mobile-Chrome\video.webm
    ────────────────────────────────────────────────────────────────────────────────────────────────

    Error Context: ..\..\test-results\cart-cart-mobile-responsiv-9443f-board-navigation-on-tablets-Mobile-Chrome\error-context.md
]]>
</failure>
<system-out>
<![CDATA[
[[ATTACHMENT|cart-cart-mobile-responsiv-9443f-board-navigation-on-tablets-Mobile-Chrome\test-failed-1.png]]

[[ATTACHMENT|cart-cart-mobile-responsiv-9443f-board-navigation-on-tablets-Mobile-Chrome\video.webm]]

[[ATTACHMENT|cart-cart-mobile-responsiv-9443f-board-navigation-on-tablets-Mobile-Chrome\error-context.md]]
]]>
</system-out>
</testcase>
<testcase name="Cart - Mobile &amp; Responsive › Performance on Mobile › should load quickly on slow mobile connections" classname="cart\cart-mobile-responsive.spec.ts" time="5.194">
<system-out>
<![CDATA[✅ wondernails: Performs well on slow mobile connections (3089ms load, 4613ms reload)
]]>
</system-out>
</testcase>
</testsuite>
<testsuite name="cart\cart-multiple-items-corrected.spec.ts" timestamp="2025-10-29T19:08:05.826Z" hostname="Mobile Chrome" tests="3" failures="0" skipped="0" time="11.373" errors="0">
<testcase name="Cart - Multiple Items (CORRECTED) › should handle multiple items with correct price calculations" classname="cart\cart-multiple-items-corrected.spec.ts" time="5.113">
</testcase>
<testcase name="Cart - Multiple Items (CORRECTED) › should display correct unit prices for items with quantity &gt; 1" classname="cart\cart-multiple-items-corrected.spec.ts" time="3.173">
</testcase>
<testcase name="Cart - Multiple Items (CORRECTED) › should not crash when adding multiple items of same product" classname="cart\cart-multiple-items-corrected.spec.ts" time="3.087">
</testcase>
</testsuite>
<testsuite name="cart\cart-multiple-items.spec.ts" timestamp="2025-10-29T19:08:05.826Z" hostname="Mobile Chrome" tests="3" failures="0" skipped="0" time="11.963" errors="0">
<testcase name="Cart - Multiple Items › should handle multiple items with correct price calculations" classname="cart\cart-multiple-items.spec.ts" time="4.942">
</testcase>
<testcase name="Cart - Multiple Items › should display correct unit prices for items with quantity &gt; 1" classname="cart\cart-multiple-items.spec.ts" time="3.394">
</testcase>
<testcase name="Cart - Multiple Items › should not crash when adding multiple items of same product" classname="cart\cart-multiple-items.spec.ts" time="3.627">
</testcase>
</testsuite>
<testsuite name="cart\cart-performance.spec.ts" timestamp="2025-10-29T19:08:05.826Z" hostname="Mobile Chrome" tests="10" failures="4" skipped="0" time="37.465" errors="0">
<testcase name="Cart - Performance &amp; Load Testing › Load Performance › should handle 100+ cart items efficiently" classname="cart\cart-performance.spec.ts" time="3.092">
<failure message="cart-performance.spec.ts:12:9 should handle 100+ cart items efficiently" type="FAILURE">
<![CDATA[  [Mobile Chrome] › cart\cart-performance.spec.ts:12:9 › Cart - Performance & Load Testing › Load Performance › should handle 100+ cart items efficiently 

    Error: expect(received).toBeGreaterThan(expected)

    Expected: > 50
    Received:   0

      45 |       const cartItems = page.locator('[data-testid="cart-item"]');
      46 |       const itemCount = await cartItems.count();
    > 47 |       expect(itemCount).toBeGreaterThan(50); // At least half should render
         |                         ^
      48 |
      49 |       // Should calculate totals
      50 |       const totalElement = page.locator('text=/Total|Total:/');
        at C:\Dev\Zo\sass-store\tests\e2e\cart\cart-performance.spec.ts:47:25

    attachment #1: screenshot (image/png) ──────────────────────────────────────────────────────────
    ..\..\test-results\cart-cart-performance-Cart-ebe4a--100-cart-items-efficiently-Mobile-Chrome\test-failed-1.png
    ────────────────────────────────────────────────────────────────────────────────────────────────

    attachment #2: video (video/webm) ──────────────────────────────────────────────────────────────
    ..\..\test-results\cart-cart-performance-Cart-ebe4a--100-cart-items-efficiently-Mobile-Chrome\video.webm
    ────────────────────────────────────────────────────────────────────────────────────────────────

    Error Context: ..\..\test-results\cart-cart-performance-Cart-ebe4a--100-cart-items-efficiently-Mobile-Chrome\error-context.md
]]>
</failure>
<system-out>
<![CDATA[
[[ATTACHMENT|cart-cart-performance-Cart-ebe4a--100-cart-items-efficiently-Mobile-Chrome\test-failed-1.png]]

[[ATTACHMENT|cart-cart-performance-Cart-ebe4a--100-cart-items-efficiently-Mobile-Chrome\video.webm]]

[[ATTACHMENT|cart-cart-performance-Cart-ebe4a--100-cart-items-efficiently-Mobile-Chrome\error-context.md]]
]]>
</system-out>
</testcase>
<testcase name="Cart - Performance &amp; Load Testing › Load Performance › should maintain performance with rapid operations" classname="cart\cart-performance.spec.ts" time="2.252">
</testcase>
<testcase name="Cart - Performance &amp; Load Testing › Load Performance › should handle memory efficiently with large carts" classname="cart\cart-performance.spec.ts" time="3.499">
<system-out>
<![CDATA[✅ wondernails: Memory usage reasonable (0.00MB increase)
]]>
</system-out>
</testcase>
<testcase name="Cart - Performance &amp; Load Testing › Concurrent Operations › should handle simultaneous add/remove operations" classname="cart\cart-performance.spec.ts" time="5.37">
<failure message="cart-performance.spec.ts:167:9 should handle simultaneous add/remove operations" type="FAILURE">
<![CDATA[  [Mobile Chrome] › cart\cart-performance.spec.ts:167:9 › Cart - Performance & Load Testing › Concurrent Operations › should handle simultaneous add/remove operations 

    Error: expect(received).toBe(expected) // Object.is equality

    Expected: true
    Received: false

      225 |
      226 |       // At least one page should have items
    > 227 |       expect(itemCounts.some(count => count > 0)).toBe(true);
          |                                                   ^
      228 |
      229 |       await page2.close();
      230 |       await page3.close();
        at C:\Dev\Zo\sass-store\tests\e2e\cart\cart-performance.spec.ts:227:51

    attachment #1: screenshot (image/png) ──────────────────────────────────────────────────────────
    ..\..\test-results\cart-cart-performance-Cart-c54fa-neous-add-remove-operations-Mobile-Chrome\test-failed-2.png
    ────────────────────────────────────────────────────────────────────────────────────────────────

    attachment #2: screenshot (image/png) ──────────────────────────────────────────────────────────
    ..\..\test-results\cart-cart-performance-Cart-c54fa-neous-add-remove-operations-Mobile-Chrome\test-failed-3.png
    ────────────────────────────────────────────────────────────────────────────────────────────────

    attachment #3: screenshot (image/png) ──────────────────────────────────────────────────────────
    ..\..\test-results\cart-cart-performance-Cart-c54fa-neous-add-remove-operations-Mobile-Chrome\test-failed-1.png
    ────────────────────────────────────────────────────────────────────────────────────────────────

    attachment #4: video (video/webm) ──────────────────────────────────────────────────────────────
    ..\..\test-results\cart-cart-performance-Cart-c54fa-neous-add-remove-operations-Mobile-Chrome\video-1.webm
    ────────────────────────────────────────────────────────────────────────────────────────────────

    attachment #5: video (video/webm) ──────────────────────────────────────────────────────────────
    ..\..\test-results\cart-cart-performance-Cart-c54fa-neous-add-remove-operations-Mobile-Chrome\video-2.webm
    ────────────────────────────────────────────────────────────────────────────────────────────────

    attachment #6: video (video/webm) ──────────────────────────────────────────────────────────────
    ..\..\test-results\cart-cart-performance-Cart-c54fa-neous-add-remove-operations-Mobile-Chrome\video.webm
    ────────────────────────────────────────────────────────────────────────────────────────────────

    Error Context: ..\..\test-results\cart-cart-performance-Cart-c54fa-neous-add-remove-operations-Mobile-Chrome\error-context.md
]]>
</failure>
<system-out>
<![CDATA[
[[ATTACHMENT|cart-cart-performance-Cart-c54fa-neous-add-remove-operations-Mobile-Chrome\test-failed-2.png]]

[[ATTACHMENT|cart-cart-performance-Cart-c54fa-neous-add-remove-operations-Mobile-Chrome\test-failed-3.png]]

[[ATTACHMENT|cart-cart-performance-Cart-c54fa-neous-add-remove-operations-Mobile-Chrome\test-failed-1.png]]

[[ATTACHMENT|cart-cart-performance-Cart-c54fa-neous-add-remove-operations-Mobile-Chrome\video-1.webm]]

[[ATTACHMENT|cart-cart-performance-Cart-c54fa-neous-add-remove-operations-Mobile-Chrome\video-2.webm]]

[[ATTACHMENT|cart-cart-performance-Cart-c54fa-neous-add-remove-operations-Mobile-Chrome\video.webm]]

[[ATTACHMENT|cart-cart-performance-Cart-c54fa-neous-add-remove-operations-Mobile-Chrome\error-context.md]]
]]>
</system-out>
</testcase>
<testcase name="Cart - Performance &amp; Load Testing › Concurrent Operations › should handle rapid cart state changes" classname="cart\cart-performance.spec.ts" time="4.392">
<system-out>
<![CDATA[✅ wondernails: Rapid state changes handled without errors
]]>
</system-out>
</testcase>
<testcase name="Cart - Performance &amp; Load Testing › Network Performance › should handle slow networks gracefully" classname="cart\cart-performance.spec.ts" time="3.05">
</testcase>
<testcase name="Cart - Performance &amp; Load Testing › Network Performance › should handle offline/online transitions" classname="cart\cart-performance.spec.ts" time="2.413">
</testcase>
<testcase name="Cart - Performance &amp; Load Testing › Resource Usage › should not leak memory on repeated operations" classname="cart\cart-performance.spec.ts" time="3.092">
</testcase>
<testcase name="Cart - Performance &amp; Load Testing › Resource Usage › should handle large localStorage payloads" classname="cart\cart-performance.spec.ts" time="4.379">
<failure message="cart-performance.spec.ts:411:9 should handle large localStorage payloads" type="FAILURE">
<![CDATA[  [Mobile Chrome] › cart\cart-performance.spec.ts:411:9 › Cart - Performance & Load Testing › Resource Usage › should handle large localStorage payloads 

    Error: expect(received).toBeGreaterThan(expected)

    Expected: > 0
    Received:   0

      455 |       const itemCount = await cartItems.count();
      456 |
    > 457 |       expect(itemCount).toBeGreaterThan(0);
          |                         ^
      458 |
      459 |       console.log(`✅ ${tenant}: Large localStorage payload handled (${itemCount} items)`);
      460 |     });
        at C:\Dev\Zo\sass-store\tests\e2e\cart\cart-performance.spec.ts:457:25

    attachment #1: screenshot (image/png) ──────────────────────────────────────────────────────────
    ..\..\test-results\cart-cart-performance-Cart-ae26d-large-localStorage-payloads-Mobile-Chrome\test-failed-1.png
    ────────────────────────────────────────────────────────────────────────────────────────────────

    attachment #2: video (video/webm) ──────────────────────────────────────────────────────────────
    ..\..\test-results\cart-cart-performance-Cart-ae26d-large-localStorage-payloads-Mobile-Chrome\video.webm
    ────────────────────────────────────────────────────────────────────────────────────────────────

    Error Context: ..\..\test-results\cart-cart-performance-Cart-ae26d-large-localStorage-payloads-Mobile-Chrome\error-context.md
]]>
</failure>
<system-out>
<![CDATA[Test data size: 111.14KB

[[ATTACHMENT|cart-cart-performance-Cart-ae26d-large-localStorage-payloads-Mobile-Chrome\test-failed-1.png]]

[[ATTACHMENT|cart-cart-performance-Cart-ae26d-large-localStorage-payloads-Mobile-Chrome\video.webm]]

[[ATTACHMENT|cart-cart-performance-Cart-ae26d-large-localStorage-payloads-Mobile-Chrome\error-context.md]]
]]>
</system-out>
</testcase>
<testcase name="Cart - Performance &amp; Load Testing › Scalability Tests › should handle tenant-specific cart isolation at scale" classname="cart\cart-performance.spec.ts" time="5.926">
<failure message="cart-performance.spec.ts:464:9 should handle tenant-specific cart isolation at scale" type="FAILURE">
<![CDATA[  [Mobile Chrome] › cart\cart-performance.spec.ts:464:9 › Cart - Performance & Load Testing › Scalability Tests › should handle tenant-specific cart isolation at scale 

    Error: expect(received).toBeGreaterThanOrEqual(expected)

    Expected: >= 1
    Received:    0

      515 |       // Each cart should have at least 1 item
      516 |       cartCounts.forEach((count, index) => {
    > 517 |         expect(count).toBeGreaterThanOrEqual(1);
          |                       ^
      518 |         console.log(`✅ ${tenantsToTest[index]}: ${count} items in cart`);
      519 |       });
      520 |
        at forEach (C:\Dev\Zo\sass-store\tests\e2e\cart\cart-performance.spec.ts:517:23)
        at C:\Dev\Zo\sass-store\tests\e2e\cart\cart-performance.spec.ts:516:18

    attachment #1: screenshot (image/png) ──────────────────────────────────────────────────────────
    ..\..\test-results\cart-cart-performance-Cart-74dca-fic-cart-isolation-at-scale-Mobile-Chrome\test-failed-1.png
    ────────────────────────────────────────────────────────────────────────────────────────────────

    attachment #2: screenshot (image/png) ──────────────────────────────────────────────────────────
    ..\..\test-results\cart-cart-performance-Cart-74dca-fic-cart-isolation-at-scale-Mobile-Chrome\test-failed-2.png
    ────────────────────────────────────────────────────────────────────────────────────────────────

    attachment #3: screenshot (image/png) ──────────────────────────────────────────────────────────
    ..\..\test-results\cart-cart-performance-Cart-74dca-fic-cart-isolation-at-scale-Mobile-Chrome\test-failed-4.png
    ────────────────────────────────────────────────────────────────────────────────────────────────

    attachment #4: screenshot (image/png) ──────────────────────────────────────────────────────────
    ..\..\test-results\cart-cart-performance-Cart-74dca-fic-cart-isolation-at-scale-Mobile-Chrome\test-failed-3.png
    ────────────────────────────────────────────────────────────────────────────────────────────────

    attachment #5: video (video/webm) ──────────────────────────────────────────────────────────────
    ..\..\test-results\cart-cart-performance-Cart-74dca-fic-cart-isolation-at-scale-Mobile-Chrome\video-1.webm
    ────────────────────────────────────────────────────────────────────────────────────────────────

    attachment #6: video (video/webm) ──────────────────────────────────────────────────────────────
    ..\..\test-results\cart-cart-performance-Cart-74dca-fic-cart-isolation-at-scale-Mobile-Chrome\video-3.webm
    ────────────────────────────────────────────────────────────────────────────────────────────────

    attachment #7: video (video/webm) ──────────────────────────────────────────────────────────────
    ..\..\test-results\cart-cart-performance-Cart-74dca-fic-cart-isolation-at-scale-Mobile-Chrome\video.webm
    ────────────────────────────────────────────────────────────────────────────────────────────────

    attachment #8: video (video/webm) ──────────────────────────────────────────────────────────────
    ..\..\test-results\cart-cart-performance-Cart-74dca-fic-cart-isolation-at-scale-Mobile-Chrome\video-2.webm
    ────────────────────────────────────────────────────────────────────────────────────────────────
]]>
</failure>
<system-out>
<![CDATA[
[[ATTACHMENT|cart-cart-performance-Cart-74dca-fic-cart-isolation-at-scale-Mobile-Chrome\test-failed-1.png]]

[[ATTACHMENT|cart-cart-performance-Cart-74dca-fic-cart-isolation-at-scale-Mobile-Chrome\test-failed-2.png]]

[[ATTACHMENT|cart-cart-performance-Cart-74dca-fic-cart-isolation-at-scale-Mobile-Chrome\test-failed-4.png]]

[[ATTACHMENT|cart-cart-performance-Cart-74dca-fic-cart-isolation-at-scale-Mobile-Chrome\test-failed-3.png]]

[[ATTACHMENT|cart-cart-performance-Cart-74dca-fic-cart-isolation-at-scale-Mobile-Chrome\video-1.webm]]

[[ATTACHMENT|cart-cart-performance-Cart-74dca-fic-cart-isolation-at-scale-Mobile-Chrome\video-3.webm]]

[[ATTACHMENT|cart-cart-performance-Cart-74dca-fic-cart-isolation-at-scale-Mobile-Chrome\video.webm]]

[[ATTACHMENT|cart-cart-performance-Cart-74dca-fic-cart-isolation-at-scale-Mobile-Chrome\video-2.webm]]
]]>
</system-out>
</testcase>
</testsuite>
<testsuite name="click-budget.spec.ts" timestamp="2025-10-29T19:08:05.826Z" hostname="Mobile Chrome" tests="7" failures="4" skipped="2" time="36.248" errors="0">
<testcase name="Click Budget Tests › Purchase Flow - should complete in ≤3 clicks" classname="click-budget.spec.ts" time="8.575">
<failure message="click-budget.spec.ts:48:7 Purchase Flow - should complete in ≤3 clicks" type="FAILURE">
<![CDATA[  [Mobile Chrome] › click-budget.spec.ts:48:7 › Click Budget Tests › Purchase Flow - should complete in ≤3 clicks 

    Error: expect(locator).toBeVisible() failed

    Locator: locator('[data-testid="product-grid"]')
    Expected: visible
    Timeout: 5000ms
    Error: element(s) not found

    Call log:
      - Expect "toBeVisible" with timeout 5000ms
      - waiting for locator('[data-testid="product-grid"]')


      51 |     // Start from Product List Page
      52 |     await page.goto('/products');
    > 53 |     await expect(page.locator('[data-testid="product-grid"]')).toBeVisible();
         |                                                                ^
      54 |
      55 |     // Click 1: Add to cart from PLP
      56 |     await page.locator('[data-testid="product-add-btn"]').first().click();
        at C:\Dev\Zo\sass-store\tests\e2e\click-budget.spec.ts:53:64

    attachment #1: screenshot (image/png) ──────────────────────────────────────────────────────────
    ..\..\test-results\click-budget-Click-Budget--94cfb-hould-complete-in-≤3-clicks-Mobile-Chrome\test-failed-1.png
    ────────────────────────────────────────────────────────────────────────────────────────────────

    attachment #2: video (video/webm) ──────────────────────────────────────────────────────────────
    ..\..\test-results\click-budget-Click-Budget--94cfb-hould-complete-in-≤3-clicks-Mobile-Chrome\video.webm
    ────────────────────────────────────────────────────────────────────────────────────────────────

    Error Context: ..\..\test-results\click-budget-Click-Budget--94cfb-hould-complete-in-≤3-clicks-Mobile-Chrome\error-context.md
]]>
</failure>
<system-out>
<![CDATA[
[[ATTACHMENT|click-budget-Click-Budget--94cfb-hould-complete-in-≤3-clicks-Mobile-Chrome\test-failed-1.png]]

[[ATTACHMENT|click-budget-Click-Budget--94cfb-hould-complete-in-≤3-clicks-Mobile-Chrome\video.webm]]

[[ATTACHMENT|click-budget-Click-Budget--94cfb-hould-complete-in-≤3-clicks-Mobile-Chrome\error-context.md]]
]]>
</system-out>
</testcase>
<testcase name="Click Budget Tests › Booking Flow - should complete in ≤2 clicks" classname="click-budget.spec.ts" time="3.988">
<properties>
<property name="skip" value="Tenant does not support booking">
</property>
</properties>
<skipped>
</skipped>
</testcase>
<testcase name="Click Budget Tests › Reorder Flow - should complete in ≤1 click" classname="click-budget.spec.ts" time="3.332">
<properties>
<property name="skip" value="No order history available for reorder test">
</property>
</properties>
<skipped>
</skipped>
</testcase>
<testcase name="Click Budget Tests › Mobile Touch Targets - should meet 44px minimum" classname="click-budget.spec.ts" time="3.272">
</testcase>
<testcase name="Click Budget Tests › Command Palette - should open with Cmd+K" classname="click-budget.spec.ts" time="7.798">
<failure message="click-budget.spec.ts:162:7 Command Palette - should open with Cmd+K" type="FAILURE">
<![CDATA[  [Mobile Chrome] › click-budget.spec.ts:162:7 › Click Budget Tests › Command Palette - should open with Cmd+K 

    Error: expect(locator).toBeVisible() failed

    Locator: locator('[data-testid="command-palette"]')
    Expected: visible
    Timeout: 5000ms
    Error: element(s) not found

    Call log:
      - Expect "toBeVisible" with timeout 5000ms
      - waiting for locator('[data-testid="command-palette"]')


      170 |
      171 |     // Command palette should be visible
    > 172 |     await expect(page.locator('[data-testid="command-palette"]')).toBeVisible();
          |                                                                   ^
      173 |
      174 |     // Should have search input focused
      175 |     await expect(page.locator('[data-testid="command-search"]')).toBeFocused();
        at C:\Dev\Zo\sass-store\tests\e2e\click-budget.spec.ts:172:67

    attachment #1: screenshot (image/png) ──────────────────────────────────────────────────────────
    ..\..\test-results\click-budget-Click-Budget--e3b38-te---should-open-with-Cmd-K-Mobile-Chrome\test-failed-1.png
    ────────────────────────────────────────────────────────────────────────────────────────────────

    attachment #2: video (video/webm) ──────────────────────────────────────────────────────────────
    ..\..\test-results\click-budget-Click-Budget--e3b38-te---should-open-with-Cmd-K-Mobile-Chrome\video.webm
    ────────────────────────────────────────────────────────────────────────────────────────────────

    Error Context: ..\..\test-results\click-budget-Click-Budget--e3b38-te---should-open-with-Cmd-K-Mobile-Chrome\error-context.md
]]>
</failure>
<system-out>
<![CDATA[
[[ATTACHMENT|click-budget-Click-Budget--e3b38-te---should-open-with-Cmd-K-Mobile-Chrome\test-failed-1.png]]

[[ATTACHMENT|click-budget-Click-Budget--e3b38-te---should-open-with-Cmd-K-Mobile-Chrome\video.webm]]

[[ATTACHMENT|click-budget-Click-Budget--e3b38-te---should-open-with-Cmd-K-Mobile-Chrome\error-context.md]]
]]>
</system-out>
</testcase>
<testcase name="Click Budget Tests › Quick Actions Dock - should show role-appropriate actions" classname="click-budget.spec.ts" time="7.277">
<failure message="click-budget.spec.ts:188:7 Quick Actions Dock - should show role-appropriate actions" type="FAILURE">
<![CDATA[  [Mobile Chrome] › click-budget.spec.ts:188:7 › Click Budget Tests › Quick Actions Dock - should show role-appropriate actions 

    Error: expect(locator).toBeVisible() failed

    Locator: locator('[data-testid="quick-actions-dock"]')
    Expected: visible
    Timeout: 5000ms
    Error: element(s) not found

    Call log:
      - Expect "toBeVisible" with timeout 5000ms
      - waiting for locator('[data-testid="quick-actions-dock"]')


      190 |
      191 |     // Quick Actions Dock should be visible
    > 192 |     await expect(page.locator('[data-testid="quick-actions-dock"]')).toBeVisible();
          |                                                                      ^
      193 |
      194 |     // Should have customer actions by default (Book Now, Reorder, Favorites, Help)
      195 |     const actions = page.locator('[data-testid="quick-actions-dock"] button');
        at C:\Dev\Zo\sass-store\tests\e2e\click-budget.spec.ts:192:70

    attachment #1: screenshot (image/png) ──────────────────────────────────────────────────────────
    ..\..\test-results\click-budget-Click-Budget--fc498-ow-role-appropriate-actions-Mobile-Chrome\test-failed-1.png
    ────────────────────────────────────────────────────────────────────────────────────────────────

    attachment #2: video (video/webm) ──────────────────────────────────────────────────────────────
    ..\..\test-results\click-budget-Click-Budget--fc498-ow-role-appropriate-actions-Mobile-Chrome\video.webm
    ────────────────────────────────────────────────────────────────────────────────────────────────

    Error Context: ..\..\test-results\click-budget-Click-Budget--fc498-ow-role-appropriate-actions-Mobile-Chrome\error-context.md
]]>
</failure>
<system-out>
<![CDATA[
[[ATTACHMENT|click-budget-Click-Budget--fc498-ow-role-appropriate-actions-Mobile-Chrome\test-failed-1.png]]

[[ATTACHMENT|click-budget-Click-Budget--fc498-ow-role-appropriate-actions-Mobile-Chrome\video.webm]]

[[ATTACHMENT|click-budget-Click-Budget--fc498-ow-role-appropriate-actions-Mobile-Chrome\error-context.md]]
]]>
</system-out>
</testcase>
<testcase name="Click Budget Tests › Keyboard Navigation - should support full keyboard accessibility" classname="click-budget.spec.ts" time="2.006">
<failure message="click-budget.spec.ts:211:7 Keyboard Navigation - should support full keyboard accessibility" type="FAILURE">
<![CDATA[  [Mobile Chrome] › click-budget.spec.ts:211:7 › Click Budget Tests › Keyboard Navigation - should support full keyboard accessibility 

    Error: expect(received).toBe(expected) // Object.is equality

    Expected: true
    Received: false

      217 |     // First focusable element should be focused
      218 |     const focusedElement = await page.locator(':focus').first();
    > 219 |     expect(await focusedElement.isVisible()).toBe(true);
          |                                              ^
      220 |
      221 |     // Test that all interactive elements are reachable via Tab
      222 |     const interactiveSelectors = [
        at C:\Dev\Zo\sass-store\tests\e2e\click-budget.spec.ts:219:46

    attachment #1: screenshot (image/png) ──────────────────────────────────────────────────────────
    ..\..\test-results\click-budget-Click-Budget--49c37-full-keyboard-accessibility-Mobile-Chrome\test-failed-1.png
    ────────────────────────────────────────────────────────────────────────────────────────────────

    attachment #2: video (video/webm) ──────────────────────────────────────────────────────────────
    ..\..\test-results\click-budget-Click-Budget--49c37-full-keyboard-accessibility-Mobile-Chrome\video.webm
    ────────────────────────────────────────────────────────────────────────────────────────────────

    Error Context: ..\..\test-results\click-budget-Click-Budget--49c37-full-keyboard-accessibility-Mobile-Chrome\error-context.md
]]>
</failure>
<system-out>
<![CDATA[
[[ATTACHMENT|click-budget-Click-Budget--49c37-full-keyboard-accessibility-Mobile-Chrome\test-failed-1.png]]

[[ATTACHMENT|click-budget-Click-Budget--49c37-full-keyboard-accessibility-Mobile-Chrome\video.webm]]

[[ATTACHMENT|click-budget-Click-Budget--49c37-full-keyboard-accessibility-Mobile-Chrome\error-context.md]]
]]>
</system-out>
</testcase>
</testsuite>
<testsuite name="error-handling\payment-timeout-recovery.spec.ts" timestamp="2025-10-29T19:08:05.826Z" hostname="Mobile Chrome" tests="7" failures="1" skipped="0" time="32.656" errors="0">
<testcase name="Payment Gateway Timeout Recovery › should handle payment gateway timeout gracefully" classname="error-handling\payment-timeout-recovery.spec.ts" time="18.481">
<failure message="payment-timeout-recovery.spec.ts:9:7 should handle payment gateway timeout gracefully" type="FAILURE">
<![CDATA[  [Mobile Chrome] › error-handling\payment-timeout-recovery.spec.ts:9:7 › Payment Gateway Timeout Recovery › should handle payment gateway timeout gracefully 

    TimeoutError: locator.click: Timeout 15000ms exceeded.
    Call log:
      - waiting for locator('[data-testid="complete-order-btn"], button:has-text("Complete Order")')


      38 |
      39 |     const completeOrderBtn = page.locator('[data-testid="complete-order-btn"], button:has-text("Complete Order")');
    > 40 |     await completeOrderBtn.click();
         |                            ^
      41 |
      42 |     // Verify loading state
      43 |     const paymentProcessing = page.locator('[data-testid="payment-processing"], .loading');
        at C:\Dev\Zo\sass-store\tests\e2e\error-handling\payment-timeout-recovery.spec.ts:40:28

    attachment #1: screenshot (image/png) ──────────────────────────────────────────────────────────
    ..\..\test-results\error-handling-payment-tim-de3ff--gateway-timeout-gracefully-Mobile-Chrome\test-failed-1.png
    ────────────────────────────────────────────────────────────────────────────────────────────────

    attachment #2: video (video/webm) ──────────────────────────────────────────────────────────────
    ..\..\test-results\error-handling-payment-tim-de3ff--gateway-timeout-gracefully-Mobile-Chrome\video.webm
    ────────────────────────────────────────────────────────────────────────────────────────────────

    Error Context: ..\..\test-results\error-handling-payment-tim-de3ff--gateway-timeout-gracefully-Mobile-Chrome\error-context.md
]]>
</failure>
<system-out>
<![CDATA[
[[ATTACHMENT|error-handling-payment-tim-de3ff--gateway-timeout-gracefully-Mobile-Chrome\test-failed-1.png]]

[[ATTACHMENT|error-handling-payment-tim-de3ff--gateway-timeout-gracefully-Mobile-Chrome\video.webm]]

[[ATTACHMENT|error-handling-payment-tim-de3ff--gateway-timeout-gracefully-Mobile-Chrome\error-context.md]]
]]>
</system-out>
</testcase>
<testcase name="Payment Gateway Timeout Recovery › should offer alternative payment methods on timeout" classname="error-handling\payment-timeout-recovery.spec.ts" time="2.312">
</testcase>
<testcase name="Payment Gateway Timeout Recovery › should preserve cart data during payment timeout" classname="error-handling\payment-timeout-recovery.spec.ts" time="2.368">
</testcase>
<testcase name="Payment Gateway Timeout Recovery › should provide helpful timeout error messages" classname="error-handling\payment-timeout-recovery.spec.ts" time="3.75">
</testcase>
<testcase name="Payment Gateway Timeout Recovery › should track timeout attempts and suggest support contact" classname="error-handling\payment-timeout-recovery.spec.ts" time="1.831">
</testcase>
<testcase name="Payment Gateway Timeout Recovery › should allow saving order for later completion on timeout" classname="error-handling\payment-timeout-recovery.spec.ts" time="1.952">
</testcase>
<testcase name="Payment Gateway Timeout Recovery › should not create duplicate orders on retry" classname="error-handling\payment-timeout-recovery.spec.ts" time="1.962">
</testcase>
</testsuite>
<testsuite name="fallback\fallback-comprehensive.spec.ts" timestamp="2025-10-29T19:08:05.826Z" hostname="Mobile Chrome" tests="9" failures="3" skipped="0" time="31.761" errors="0">
<testcase name="Comprehensive Fallback Testing - Master Plan Implementation › Unknown subdomain fallback to zo-system" classname="fallback\fallback-comprehensive.spec.ts" time="1.046">
<failure message="fallback-comprehensive.spec.ts:4:7 Unknown subdomain fallback to zo-system" type="FAILURE">
<![CDATA[  [Mobile Chrome] › fallback\fallback-comprehensive.spec.ts:4:7 › Comprehensive Fallback Testing - Master Plan Implementation › Unknown subdomain fallback to zo-system 

    Error: expect(received).toBeTruthy()

    Received: false

      35 |
      36 |       const hasFallback = fallbackIndicators.some(indicator => indicator);
    > 37 |       expect(hasFallback).toBeTruthy();
         |                           ^
      38 |
      39 |       // Verify fallback notice is shown (requirement from master plan)
      40 |       const fallbackNotice = page.locator('[data-testid="tenant-fallback-notice"], .fallback-notice');
        at C:\Dev\Zo\sass-store\tests\e2e\fallback\fallback-comprehensive.spec.ts:37:27

    attachment #1: screenshot (image/png) ──────────────────────────────────────────────────────────
    ..\..\test-results\fallback-fallback-comprehe-45388-omain-fallback-to-zo-system-Mobile-Chrome\test-failed-1.png
    ────────────────────────────────────────────────────────────────────────────────────────────────

    attachment #2: video (video/webm) ──────────────────────────────────────────────────────────────
    ..\..\test-results\fallback-fallback-comprehe-45388-omain-fallback-to-zo-system-Mobile-Chrome\video.webm
    ────────────────────────────────────────────────────────────────────────────────────────────────

    Error Context: ..\..\test-results\fallback-fallback-comprehe-45388-omain-fallback-to-zo-system-Mobile-Chrome\error-context.md
]]>
</failure>
<system-out>
<![CDATA[Testing fallback for: nonexistent-tenant

[[ATTACHMENT|fallback-fallback-comprehe-45388-omain-fallback-to-zo-system-Mobile-Chrome\test-failed-1.png]]

[[ATTACHMENT|fallback-fallback-comprehe-45388-omain-fallback-to-zo-system-Mobile-Chrome\video.webm]]

[[ATTACHMENT|fallback-fallback-comprehe-45388-omain-fallback-to-zo-system-Mobile-Chrome\error-context.md]]
]]>
</system-out>
</testcase>
<testcase name="Comprehensive Fallback Testing - Master Plan Implementation › Tenant path fallback handling" classname="fallback\fallback-comprehensive.spec.ts" time="3.23">
<system-out>
<![CDATA[Testing path fallback for: /t/invalid-tenant-slug/products
✅ Path fallback working for: /t/invalid-tenant-slug/products
Testing path fallback for: /t/suspended-business/services
✅ Path fallback working for: /t/suspended-business/services
Testing path fallback for: /t/non-existent/contact
✅ Path fallback working for: /t/non-existent/contact
Testing path fallback for: /t/deleted-tenant/admin
✅ Path fallback working for: /t/deleted-tenant/admin
Testing path fallback for: /t/malformed-slug-123!/booking
✅ Path fallback working for: /t/malformed-slug-123!/booking
]]>
</system-out>
</testcase>
<testcase name="Comprehensive Fallback Testing - Master Plan Implementation › SEO handling for fallback scenarios" classname="fallback\fallback-comprehensive.spec.ts" time="16.995">
<failure message="fallback-comprehensive.spec.ts:101:7 SEO handling for fallback scenarios" type="FAILURE">
<![CDATA[  [Mobile Chrome] › fallback\fallback-comprehensive.spec.ts:101:7 › Comprehensive Fallback Testing - Master Plan Implementation › SEO handling for fallback scenarios 

    TimeoutError: locator.getAttribute: Timeout 15000ms exceeded.
    Call log:
      - waiting for locator('link[rel="canonical"]')


      105 |
      106 |     // Check canonical URL handling
    > 107 |     const canonical = await page.locator('link[rel="canonical"]').getAttribute('href');
          |                                                                   ^
      108 |     if (canonical) {
      109 |       // Should either canonical to zo-system or set noindex
      110 |       const isZoSystemCanonical = canonical.includes('zo-system');
        at C:\Dev\Zo\sass-store\tests\e2e\fallback\fallback-comprehensive.spec.ts:107:67

    attachment #1: screenshot (image/png) ──────────────────────────────────────────────────────────
    ..\..\test-results\fallback-fallback-comprehe-b6e71-ling-for-fallback-scenarios-Mobile-Chrome\test-failed-1.png
    ────────────────────────────────────────────────────────────────────────────────────────────────

    attachment #2: video (video/webm) ──────────────────────────────────────────────────────────────
    ..\..\test-results\fallback-fallback-comprehe-b6e71-ling-for-fallback-scenarios-Mobile-Chrome\video.webm
    ────────────────────────────────────────────────────────────────────────────────────────────────

    Error Context: ..\..\test-results\fallback-fallback-comprehe-b6e71-ling-for-fallback-scenarios-Mobile-Chrome\error-context.md
]]>
</failure>
<system-out>
<![CDATA[
[[ATTACHMENT|fallback-fallback-comprehe-b6e71-ling-for-fallback-scenarios-Mobile-Chrome\test-failed-1.png]]

[[ATTACHMENT|fallback-fallback-comprehe-b6e71-ling-for-fallback-scenarios-Mobile-Chrome\video.webm]]

[[ATTACHMENT|fallback-fallback-comprehe-b6e71-ling-for-fallback-scenarios-Mobile-Chrome\error-context.md]]
]]>
</system-out>
</testcase>
<testcase name="Comprehensive Fallback Testing - Master Plan Implementation › Suspended tenant handling" classname="fallback\fallback-comprehensive.spec.ts" time="0.641">
<system-out>
<![CDATA[✅ Suspended tenant handling validated
]]>
</system-out>
</testcase>
<testcase name="Comprehensive Fallback Testing - Master Plan Implementation › Tenant migration and redirect handling" classname="fallback\fallback-comprehensive.spec.ts" time="0.553">
<failure message="fallback-comprehensive.spec.ts:164:7 Tenant migration and redirect handling" type="FAILURE">
<![CDATA[  [Mobile Chrome] › fallback\fallback-comprehensive.spec.ts:164:7 › Comprehensive Fallback Testing - Master Plan Implementation › Tenant migration and redirect handling 

    Error: expect(received).toContain(expected) // indexOf

    Expected substring: "new-tenant-slug"
    Received string:    "http://localhost:3001/t/old-tenant-slug"

      179 |     // Should handle redirect gracefully
      180 |     const finalUrl = page.url();
    > 181 |     expect(finalUrl).toContain('new-tenant-slug');
          |                      ^
      182 |
      183 |     // Should preserve SEO value with proper redirect
      184 |     expect(response?.status()).toBe(301);
        at C:\Dev\Zo\sass-store\tests\e2e\fallback\fallback-comprehensive.spec.ts:181:22

    attachment #1: screenshot (image/png) ──────────────────────────────────────────────────────────
    ..\..\test-results\fallback-fallback-comprehe-19cd3-ation-and-redirect-handling-Mobile-Chrome\test-failed-1.png
    ────────────────────────────────────────────────────────────────────────────────────────────────

    attachment #2: video (video/webm) ──────────────────────────────────────────────────────────────
    ..\..\test-results\fallback-fallback-comprehe-19cd3-ation-and-redirect-handling-Mobile-Chrome\video.webm
    ────────────────────────────────────────────────────────────────────────────────────────────────

    Error Context: ..\..\test-results\fallback-fallback-comprehe-19cd3-ation-and-redirect-handling-Mobile-Chrome\error-context.md
]]>
</failure>
<system-out>
<![CDATA[
[[ATTACHMENT|fallback-fallback-comprehe-19cd3-ation-and-redirect-handling-Mobile-Chrome\test-failed-1.png]]

[[ATTACHMENT|fallback-fallback-comprehe-19cd3-ation-and-redirect-handling-Mobile-Chrome\video.webm]]

[[ATTACHMENT|fallback-fallback-comprehe-19cd3-ation-and-redirect-handling-Mobile-Chrome\error-context.md]]
]]>
</system-out>
</testcase>
<testcase name="Comprehensive Fallback Testing - Master Plan Implementation › Graceful degradation with limited functionality" classname="fallback\fallback-comprehensive.spec.ts" time="2.07">
<system-out>
<![CDATA[✅ Graceful degradation validated
]]>
</system-out>
</testcase>
<testcase name="Comprehensive Fallback Testing - Master Plan Implementation › Database failover fallback" classname="fallback\fallback-comprehensive.spec.ts" time="1.76">
<system-out>
<![CDATA[✅ Database failover fallback validated
]]>
</system-out>
</testcase>
<testcase name="Comprehensive Fallback Testing - Master Plan Implementation › CDN and asset fallback" classname="fallback\fallback-comprehensive.spec.ts" time="1.363">
<system-out>
<![CDATA[✅ CDN and asset fallback validated
]]>
</system-out>
</testcase>
<testcase name="Comprehensive Fallback Testing - Master Plan Implementation › Fallback performance validation" classname="fallback\fallback-comprehensive.spec.ts" time="4.103">
<system-out>
<![CDATA[✅ Fallback performance validated: 546ms load time
]]>
</system-out>
</testcase>
</testsuite>
<testsuite name="fix-forgot-password-500-error-by-adding-resettoken-and-resettokenexpiry-columns-to-users-table.-push-database-schema-changes.-run-forgot-password-tests-to-ensure-100%-coverage.-fix-any-failing-tests..spec.ts" timestamp="2025-10-29T19:08:05.826Z" hostname="Mobile Chrome" tests="3" failures="0" skipped="0" time="4.97" errors="0">
<testcase name="Fix forgot-password 500 error by adding resetToken and resetTokenExpiry columns to users table. Push database schema changes. Run forgot-password tests to ensure 100% coverage. Fix any failing tests. › should load Fix forgot-password 500 error by adding resetToken and resetTokenExpiry columns to users table. Push database schema changes. Run forgot-password tests to ensure 100% coverage. Fix any failing tests. successfully" classname="fix-forgot-password-500-error-by-adding-resettoken-and-resettokenexpiry-columns-to-users-table.-push-database-schema-changes.-run-forgot-password-tests-to-ensure-100%-coverage.-fix-any-failing-tests..spec.ts" time="1.589">
</testcase>
<testcase name="Fix forgot-password 500 error by adding resetToken and resetTokenExpiry columns to users table. Push database schema changes. Run forgot-password tests to ensure 100% coverage. Fix any failing tests. › should interact with Fix forgot-password 500 error by adding resetToken and resetTokenExpiry columns to users table. Push database schema changes. Run forgot-password tests to ensure 100% coverage. Fix any failing tests." classname="fix-forgot-password-500-error-by-adding-resettoken-and-resettokenexpiry-columns-to-users-table.-push-database-schema-changes.-run-forgot-password-tests-to-ensure-100%-coverage.-fix-any-failing-tests..spec.ts" time="1.756">
</testcase>
<testcase name="Fix forgot-password 500 error by adding resetToken and resetTokenExpiry columns to users table. Push database schema changes. Run forgot-password tests to ensure 100% coverage. Fix any failing tests. › should handle errors in Fix forgot-password 500 error by adding resetToken and resetTokenExpiry columns to users table. Push database schema changes. Run forgot-password tests to ensure 100% coverage. Fix any failing tests." classname="fix-forgot-password-500-error-by-adding-resettoken-and-resettokenexpiry-columns-to-users-table.-push-database-schema-changes.-run-forgot-password-tests-to-ensure-100%-coverage.-fix-any-failing-tests..spec.ts" time="1.625">
</testcase>
</testsuite>
<testsuite name="interactions\mobile-desktop-interactions.spec.ts" timestamp="2025-10-29T19:08:05.826Z" hostname="Mobile Chrome" tests="12" failures="3" skipped="7" time="55.838" errors="0">
<testcase name="Mobile Touch Interactions › should support pinch-to-zoom on product images" classname="interactions\mobile-desktop-interactions.spec.ts" time="17.045">
<failure message="mobile-desktop-interactions.spec.ts:14:7 should support pinch-to-zoom on product images" type="FAILURE">
<![CDATA[  [Mobile Chrome] › interactions\mobile-desktop-interactions.spec.ts:14:7 › Mobile Touch Interactions › should support pinch-to-zoom on product images 

    TimeoutError: locator.click: Timeout 15000ms exceeded.
    Call log:
      - waiting for locator('[data-testid="product-card"]').first()


      17 |     await page.goto('/t/wondernails/products');
      18 |     const productCard = page.locator('[data-testid="product-card"]').first();
    > 19 |     await productCard.click();
         |                       ^
      20 |
      21 |     const productImage = page.locator('[data-testid="product-image-main"], .product-image');
      22 |     if (await productImage.isVisible()) {
        at C:\Dev\Zo\sass-store\tests\e2e\interactions\mobile-desktop-interactions.spec.ts:19:23

    attachment #1: screenshot (image/png) ──────────────────────────────────────────────────────────
    ..\..\test-results\interactions-mobile-deskto-16909-h-to-zoom-on-product-images-Mobile-Chrome\test-failed-1.png
    ────────────────────────────────────────────────────────────────────────────────────────────────

    attachment #2: video (video/webm) ──────────────────────────────────────────────────────────────
    ..\..\test-results\interactions-mobile-deskto-16909-h-to-zoom-on-product-images-Mobile-Chrome\video.webm
    ────────────────────────────────────────────────────────────────────────────────────────────────

    Error Context: ..\..\test-results\interactions-mobile-deskto-16909-h-to-zoom-on-product-images-Mobile-Chrome\error-context.md
]]>
</failure>
<system-out>
<![CDATA[
[[ATTACHMENT|interactions-mobile-deskto-16909-h-to-zoom-on-product-images-Mobile-Chrome\test-failed-1.png]]

[[ATTACHMENT|interactions-mobile-deskto-16909-h-to-zoom-on-product-images-Mobile-Chrome\video.webm]]

[[ATTACHMENT|interactions-mobile-deskto-16909-h-to-zoom-on-product-images-Mobile-Chrome\error-context.md]]
]]>
</system-out>
</testcase>
<testcase name="Mobile Touch Interactions › should support swipe gestures for image gallery" classname="interactions\mobile-desktop-interactions.spec.ts" time="17.363">
<failure message="mobile-desktop-interactions.spec.ts:41:7 should support swipe gestures for image gallery" type="FAILURE">
<![CDATA[  [Mobile Chrome] › interactions\mobile-desktop-interactions.spec.ts:41:7 › Mobile Touch Interactions › should support swipe gestures for image gallery 

    TimeoutError: locator.click: Timeout 15000ms exceeded.
    Call log:
      - waiting for locator('[data-testid="product-card"]').first()


      44 |     await page.goto('/t/wondernails/products');
      45 |     const productCard = page.locator('[data-testid="product-card"]').first();
    > 46 |     await productCard.click();
         |                       ^
      47 |
      48 |     const imageGallery = page.locator('[data-testid="image-gallery"], .product-images');
      49 |     if (await imageGallery.isVisible()) {
        at C:\Dev\Zo\sass-store\tests\e2e\interactions\mobile-desktop-interactions.spec.ts:46:23

    attachment #1: screenshot (image/png) ──────────────────────────────────────────────────────────
    ..\..\test-results\interactions-mobile-deskto-1014d--gestures-for-image-gallery-Mobile-Chrome\test-failed-1.png
    ────────────────────────────────────────────────────────────────────────────────────────────────

    attachment #2: video (video/webm) ──────────────────────────────────────────────────────────────
    ..\..\test-results\interactions-mobile-deskto-1014d--gestures-for-image-gallery-Mobile-Chrome\video.webm
    ────────────────────────────────────────────────────────────────────────────────────────────────

    Error Context: ..\..\test-results\interactions-mobile-deskto-1014d--gestures-for-image-gallery-Mobile-Chrome\error-context.md
]]>
</failure>
<system-out>
<![CDATA[
[[ATTACHMENT|interactions-mobile-deskto-1014d--gestures-for-image-gallery-Mobile-Chrome\test-failed-1.png]]

[[ATTACHMENT|interactions-mobile-deskto-1014d--gestures-for-image-gallery-Mobile-Chrome\video.webm]]

[[ATTACHMENT|interactions-mobile-deskto-1014d--gestures-for-image-gallery-Mobile-Chrome\error-context.md]]
]]>
</system-out>
</testcase>
<testcase name="Mobile Touch Interactions › should support pull-to-refresh" classname="interactions\mobile-desktop-interactions.spec.ts" time="1.672">
</testcase>
<testcase name="Mobile Touch Interactions › should have touch targets of at least 44px" classname="interactions\mobile-desktop-interactions.spec.ts" time="1.403">
</testcase>
<testcase name="Mobile Touch Interactions › should support long-press for context menu" classname="interactions\mobile-desktop-interactions.spec.ts" time="16.99">
<failure message="mobile-desktop-interactions.spec.ts:116:7 should support long-press for context menu" type="FAILURE">
<![CDATA[  [Mobile Chrome] › interactions\mobile-desktop-interactions.spec.ts:116:7 › Mobile Touch Interactions › should support long-press for context menu 

    TimeoutError: locator.boundingBox: Timeout 15000ms exceeded.
    Call log:
      - waiting for locator('[data-testid="product-card"]').first()


      120 |
      121 |     const productCard = page.locator('[data-testid="product-card"]').first();
    > 122 |     const bbox = await productCard.boundingBox();
          |                                    ^
      123 |
      124 |     if (bbox) {
      125 |       // Simulate long press (touch and hold)
        at C:\Dev\Zo\sass-store\tests\e2e\interactions\mobile-desktop-interactions.spec.ts:122:36

    attachment #1: screenshot (image/png) ──────────────────────────────────────────────────────────
    ..\..\test-results\interactions-mobile-deskto-fd7b7-long-press-for-context-menu-Mobile-Chrome\test-failed-1.png
    ────────────────────────────────────────────────────────────────────────────────────────────────

    attachment #2: video (video/webm) ──────────────────────────────────────────────────────────────
    ..\..\test-results\interactions-mobile-deskto-fd7b7-long-press-for-context-menu-Mobile-Chrome\video.webm
    ────────────────────────────────────────────────────────────────────────────────────────────────

    Error Context: ..\..\test-results\interactions-mobile-deskto-fd7b7-long-press-for-context-menu-Mobile-Chrome\error-context.md
]]>
</failure>
<system-out>
<![CDATA[
[[ATTACHMENT|interactions-mobile-deskto-fd7b7-long-press-for-context-menu-Mobile-Chrome\test-failed-1.png]]

[[ATTACHMENT|interactions-mobile-deskto-fd7b7-long-press-for-context-menu-Mobile-Chrome\video.webm]]

[[ATTACHMENT|interactions-mobile-deskto-fd7b7-long-press-for-context-menu-Mobile-Chrome\error-context.md]]
]]>
</system-out>
</testcase>
<testcase name="Desktop Mouse Interactions › should show hover effects on product cards" classname="interactions\mobile-desktop-interactions.spec.ts" time="0.182">
<properties>
<property name="skip" value="Desktop-specific test">
</property>
</properties>
<skipped>
</skipped>
</testcase>
<testcase name="Desktop Mouse Interactions › should support right-click context menu" classname="interactions\mobile-desktop-interactions.spec.ts" time="0.178">
<properties>
<property name="skip" value="Desktop-specific test">
</property>
</properties>
<skipped>
</skipped>
</testcase>
<testcase name="Desktop Mouse Interactions › should support drag and drop to cart" classname="interactions\mobile-desktop-interactions.spec.ts" time="0.198">
<properties>
<property name="skip" value="Desktop-specific test">
</property>
</properties>
<skipped>
</skipped>
</testcase>
<testcase name="Desktop Mouse Interactions › should support keyboard shortcuts" classname="interactions\mobile-desktop-interactions.spec.ts" time="0.2">
<properties>
<property name="skip" value="Desktop-specific test">
</property>
</properties>
<skipped>
</skipped>
</testcase>
<testcase name="Desktop Mouse Interactions › should show tooltip on hover" classname="interactions\mobile-desktop-interactions.spec.ts" time="0.211">
<properties>
<property name="skip" value="Desktop-specific test">
</property>
</properties>
<skipped>
</skipped>
</testcase>
<testcase name="Desktop Mouse Interactions › should support mouse wheel for image zoom" classname="interactions\mobile-desktop-interactions.spec.ts" time="0.209">
<properties>
<property name="skip" value="Desktop-specific test">
</property>
</properties>
<skipped>
</skipped>
</testcase>
<testcase name="Desktop Mouse Interactions › should support double-click for quick actions" classname="interactions\mobile-desktop-interactions.spec.ts" time="0.187">
<properties>
<property name="skip" value="Desktop-specific test">
</property>
</properties>
<skipped>
</skipped>
</testcase>
</testsuite>
<testsuite name="media-pipeline\media-optimization.spec.ts" timestamp="2025-10-29T19:08:05.826Z" hostname="Mobile Chrome" tests="7" failures="0" skipped="0" time="14.366" errors="0">
<testcase name="Media Pipeline E2E Tests - Optimization &amp; AVIF/WebP › Media Upload - Optimization pipeline (AVIF/WebP, variantes, EXIF off)" classname="media-pipeline\media-optimization.spec.ts" time="4.213">
<system-out>
<![CDATA[⚪ wondernails: Media upload not available
⚪ nom-nom: Media upload not available
⚪ delirios: Media upload not available
⚪ zo-system: Media upload not available
]]>
</system-out>
</testcase>
<testcase name="Media Pipeline E2E Tests - Optimization &amp; AVIF/WebP › Media Deduplication - Prevent duplicate uploads" classname="media-pipeline\media-optimization.spec.ts" time="2.479">
</testcase>
<testcase name="Media Pipeline E2E Tests - Optimization &amp; AVIF/WebP › Media Serving - AVIF/WebP delivery with fallbacks" classname="media-pipeline\media-optimization.spec.ts" time="2.536">
</testcase>
<testcase name="Media Pipeline E2E Tests - Optimization &amp; AVIF/WebP › Media Performance - Loading and rendering optimization" classname="media-pipeline\media-optimization.spec.ts" time="2.461">
<system-out>
<![CDATA[✅ wondernails: Image loading performance validated
✅ nom-nom: Image loading performance validated
]]>
</system-out>
</testcase>
<testcase name="Media Pipeline E2E Tests - Optimization &amp; AVIF/WebP › Media Storage - Tenant isolation and quotas" classname="media-pipeline\media-optimization.spec.ts" time="0.262">
</testcase>
<testcase name="Media Pipeline E2E Tests - Optimization &amp; AVIF/WebP › Media API - Cross-tenant access prevention" classname="media-pipeline\media-optimization.spec.ts" time="0.047">
</testcase>
<testcase name="Media Pipeline E2E Tests - Optimization &amp; AVIF/WebP › Media Variants - Responsive image generation" classname="media-pipeline\media-optimization.spec.ts" time="2.368">
</testcase>
</testsuite>
<testsuite name="multitenant\tenant-isolation.spec.ts" timestamp="2025-10-29T19:08:05.826Z" hostname="Mobile Chrome" tests="5" failures="3" skipped="0" time="24.542" errors="0">
<testcase name="Multitenant Isolation Tests › Cart isolation between tenants" classname="multitenant\tenant-isolation.spec.ts" time="2.387">
</testcase>
<testcase name="Multitenant Isolation Tests › Data isolation - no cross-tenant data leakage" classname="multitenant\tenant-isolation.spec.ts" time="17.412">
<failure message="tenant-isolation.spec.ts:38:7 Data isolation - no cross-tenant data leakage" type="FAILURE">
<![CDATA[  [Mobile Chrome] › multitenant\tenant-isolation.spec.ts:38:7 › Multitenant Isolation Tests › Data isolation - no cross-tenant data leakage 

    TimeoutError: locator.textContent: Timeout 15000ms exceeded.
    Call log:
      - waiting for locator('h1, h2, .tenant-name, [data-testid="tenant-name"]').first()


      43 |       // Check that tenant-specific branding is applied
      44 |       const tenantHeaders = page.locator('h1, h2, .tenant-name, [data-testid="tenant-name"]');
    > 45 |       const headerText = await tenantHeaders.first().textContent();
         |                                                      ^
      46 |
      47 |       // Ensure we don't see other tenant names in the content
      48 |       const otherTenants = tenants.filter(t => t !== tenant);
        at C:\Dev\Zo\sass-store\tests\e2e\multitenant\tenant-isolation.spec.ts:45:54

    attachment #1: screenshot (image/png) ──────────────────────────────────────────────────────────
    ..\..\test-results\multitenant-tenant-isolati-61c72-o-cross-tenant-data-leakage-Mobile-Chrome\test-failed-1.png
    ────────────────────────────────────────────────────────────────────────────────────────────────

    attachment #2: video (video/webm) ──────────────────────────────────────────────────────────────
    ..\..\test-results\multitenant-tenant-isolati-61c72-o-cross-tenant-data-leakage-Mobile-Chrome\video.webm
    ────────────────────────────────────────────────────────────────────────────────────────────────

    Error Context: ..\..\test-results\multitenant-tenant-isolati-61c72-o-cross-tenant-data-leakage-Mobile-Chrome\error-context.md
]]>
</failure>
<system-out>
<![CDATA[
[[ATTACHMENT|multitenant-tenant-isolati-61c72-o-cross-tenant-data-leakage-Mobile-Chrome\test-failed-1.png]]

[[ATTACHMENT|multitenant-tenant-isolati-61c72-o-cross-tenant-data-leakage-Mobile-Chrome\video.webm]]

[[ATTACHMENT|multitenant-tenant-isolati-61c72-o-cross-tenant-data-leakage-Mobile-Chrome\error-context.md]]
]]>
</system-out>
</testcase>
<testcase name="Multitenant Isolation Tests › API endpoint isolation" classname="multitenant\tenant-isolation.spec.ts" time="1.588">
</testcase>
<testcase name="Multitenant Isolation Tests › Fallback to zo-system for unknown tenants" classname="multitenant\tenant-isolation.spec.ts" time="0.795">
<failure message="tenant-isolation.spec.ts:90:7 Fallback to zo-system for unknown tenants" type="FAILURE">
<![CDATA[  [Mobile Chrome] › multitenant\tenant-isolation.spec.ts:90:7 › Multitenant Isolation Tests › Fallback to zo-system for unknown tenants 

    Error: expect(received).toBeTruthy()

    Received: false

      102 |                                await page.locator('[data-tenant="zo-system"]').isVisible();
      103 |
    > 104 |     expect(isZoSystemFallback).toBeTruthy();
          |                                ^
      105 |   });
      106 |
      107 |   test('Session isolation between tenants', async ({ context }) => {
        at C:\Dev\Zo\sass-store\tests\e2e\multitenant\tenant-isolation.spec.ts:104:32

    attachment #1: screenshot (image/png) ──────────────────────────────────────────────────────────
    ..\..\test-results\multitenant-tenant-isolati-161b8--system-for-unknown-tenants-Mobile-Chrome\test-failed-1.png
    ────────────────────────────────────────────────────────────────────────────────────────────────

    attachment #2: video (video/webm) ──────────────────────────────────────────────────────────────
    ..\..\test-results\multitenant-tenant-isolati-161b8--system-for-unknown-tenants-Mobile-Chrome\video.webm
    ────────────────────────────────────────────────────────────────────────────────────────────────

    Error Context: ..\..\test-results\multitenant-tenant-isolati-161b8--system-for-unknown-tenants-Mobile-Chrome\error-context.md
]]>
</failure>
<system-out>
<![CDATA[
[[ATTACHMENT|multitenant-tenant-isolati-161b8--system-for-unknown-tenants-Mobile-Chrome\test-failed-1.png]]

[[ATTACHMENT|multitenant-tenant-isolati-161b8--system-for-unknown-tenants-Mobile-Chrome\video.webm]]

[[ATTACHMENT|multitenant-tenant-isolati-161b8--system-for-unknown-tenants-Mobile-Chrome\error-context.md]]
]]>
</system-out>
</testcase>
<testcase name="Multitenant Isolation Tests › Session isolation between tenants" classname="multitenant\tenant-isolation.spec.ts" time="2.36">
<failure message="tenant-isolation.spec.ts:107:7 Session isolation between tenants" type="FAILURE">
<![CDATA[  [Mobile Chrome] › multitenant\tenant-isolation.spec.ts:107:7 › Multitenant Isolation Tests › Session isolation between tenants 

    Error: expect(received).toContain(expected) // indexOf

    Expected substring: "wondernails"
    Received string:    "{\"props\":{\"pageprops\":{\"statuscode\":500,\"hostname\":\"localhost\"}},\"page\":\"/_error\",\"query\":{},\"buildid\":\"development\",\"isfallback\":false,\"err\":{\"name\":\"error\",\"source\":\"server\",\"message\":\"an error occurred in `next/font`.\\n\\nerror: cannot find module 'object-hash'\\nrequire stack:\\n- c:\\\\dev\\\\zo\\\\sass-store\\\\apps\\\\web\\\\node_modules\\\\tailwindcss\\\\lib\\\\util\\\\hashconfig.js\\n- c:\\\\dev\\\\zo\\\\sass-store\\\\apps\\\\web\\\\node_modules\\\\tailwindcss\\\\lib\\\\lib\\\\setuptrackingcontext.js\\n- c:\\\\dev\\\\zo\\\\sass-store\\\\apps\\\\web\\\\node_modules\\\\tailwindcss\\\\lib\\\\plugin.js\\n- c:\\\\dev\\\\zo\\\\sass-store\\\\apps\\\\web\\\\node_modules\\\\tailwindcss\\\\lib\\\\index.js\\n- c:\\\\dev\\\\zo\\\\sass-store\\\\apps\\\\web\\\\node_modules\\\\next\\\\dist\\\\build\\\\webpack\\\\config\\\\blocks\\\\css\\\\plugins.js\\n- c:\\\\dev\\\\zo\\\\sass-store\\\\apps\\\\web\\\\node_modules\\\\next\\\\dist\\\\build\\\\webpack\\\\config\\\\blocks\\\\css\\\\index.js\\n- c:\\\\dev\\\\zo\\\\sass-store\\\\apps\\\\web\\\\node_modules\\\\next\\\\dist\\\\build\\\\webpack\\\\config\\\\index.js\\n- c:\\\\dev\\\\zo\\\\sass-store\\\\apps\\\\web\\\\node_modules\\\\next\\\\dist\\\\build\\\\webpack-config.js\\n- c:\\\\dev\\\\zo\\\\sass-store\\\\apps\\\\web\\\\node_modules\\\\next\\\\dist\\\\server\\\\dev\\\\hot-reloader-webpack.js\\n- c:\\\\dev\\\\zo\\\\sass-store\\\\apps\\\\web\\\\node_modules\\\\next\\\\dist\\\\server\\\\lib\\\\router-utils\\\\setup-dev-bundler.js\\n- c:\\\\dev\\\\zo\\\\sass-store\\\\apps\\\\web\\\\node_modules\\\\next\\\\dist\\\\server\\\\lib\\\\router-server.js\\n- c:\\\\dev\\\\zo\\\\sass-store\\\\apps\\\\web\\\\node_modules\\\\next\\\\dist\\\\server\\\\lib\\\\start-server.js\\n    at function.\\u003canonymous\\u003e (node:internal/modules/cjs/loader:1401:15)\\n    at c:\\\\dev\\\\zo\\\\sass-store\\\\apps\\\\web\\\\node_modules\\\\next\\\\dist\\\\server\\\\require-hook.js:57:36\\n    at defaultresolveimpl (node:internal/modules/cjs/loader:1057:19)\\n    at resolveforcjswithhooks (node:internal/modules/cjs/loader:1062:22)\\n    at function._load (node:internal/modules/cjs/loader:1211:37)\\n    at tracingchannel.tracesync (node:diagnostics_channel:322:14)\\n    at wrapmoduleload (node:internal/modules/cjs/loader:235:24)\\n    at module.\\u003canonymous\\u003e (node:internal/modules/cjs/loader:1487:12)\\n    at mod.require (c:\\\\dev\\\\zo\\\\sass-store\\\\apps\\\\web\\\\node_modules\\\\next\\\\dist\\\\server\\\\require-hook.js:68:28)\\n    at require (node:internal/modules/helpers:135:16)\\n    at object.\\u003canonymous\\u003e (c:\\\\dev\\\\zo\\\\sass-store\\\\apps\\\\web\\\\node_modules\\\\tailwindcss\\\\lib\\\\util\\\\hashconfig.js:11:60)\\n    at module._compile (node:internal/modules/cjs/loader:1730:14)\\n    at object..js (node:internal/modules/cjs/loader:1895:10)\\n    at module.load (node:internal/modules/cjs/loader:1465:32)\\n    at function._load (node:internal/modules/cjs/loader:1282:12)\\n    at tracingchannel.tracesync (node:diagnostics_channel:322:14)\\n    at wrapmoduleload (node:internal/modules/cjs/loader:235:24)\\n    at module.\\u003canonymous\\u003e (node:internal/modules/cjs/loader:1487:12)\\n    at mod.require (c:\\\\dev\\\\zo\\\\sass-store\\\\apps\\\\web\\\\node_modules\\\\next\\\\dist\\\\server\\\\require-hook.js:68:28)\\n    at require (node:internal/modules/helpers:135:16)\\n    at object.\\u003canonymous\\u003e (c:\\\\dev\\\\zo\\\\sass-store\\\\apps\\\\web\\\\node_modules\\\\tailwindcss\\\\lib\\\\lib\\\\setuptrackingcontext.js:18:60)\\n    at module._compile (node:internal/modules/cjs/loader:1730:14)\\n    at object..js (node:internal/modules/cjs/loader:1895:10)\\n    at module.load (node:internal/modules/cjs/loader:1465:32)\\n    at function._load (node:internal/modules/cjs/loader:1282:12)\\n    at tracingchannel.tracesync (node:diagnostics_channel:322:14)\\n    at wrapmoduleload (node:internal/modules/cjs/loader:235:24)\\n    at module.\\u003canonymous\\u003e (node:internal/modules/cjs/loader:1487:12)\\n    at mod.require (c:\\\\dev\\\\zo\\\\sass-store\\\\apps\\\\web\\\\node_modules\\\\next\\\\dist\\\\server\\\\require-hook.js:68:28)\\n    at require (node:internal/modules/helpers:135:16)\\n    at object.\\u003canonymous\\u003e (c:\\\\dev\\\\zo\\\\sass-store\\\\apps\\\\web\\\\node_modules\\\\tailwindcss\\\\lib\\\\plugin.js:5:70)\\n    at module._compile (node:internal/modules/cjs/loader:1730:14)\\n    at object..js (node:internal/modules/cjs/loader:1895:10)\\n    at module.load (node:internal/modules/cjs/loader:1465:32)\\n    at function._load (node:internal/modules/cjs/loader:1282:12)\\n    at tracingchannel.tracesync (node:diagnostics_channel:322:14)\\n    at wrapmoduleload (node:internal/modules/cjs/loader:235:24)\\n    at module.\\u003canonymous\\u003e (node:internal/modules/cjs/loader:1487:12)\\n    at mod.require (c:\\\\dev\\\\zo\\\\sass-store\\\\apps\\\\web\\\\node_modules\\\\next\\\\dist\\\\server\\\\require-hook.js:68:28)\\n    at require (node:internal/modules/helpers:135:16)\\n    at object.\\u003canonymous\\u003e (c:\\\\dev\\\\zo\\\\sass-store\\\\apps\\\\web\\\\node_modules\\\\tailwindcss\\\\lib\\\\index.js:2:18)\\n    at module._compile (node:internal/modules/cjs/loader:1730:14)\\n    at object..js (node:internal/modules/cjs/loader:1895:10)\\n    at module.load (node:internal/modules/cjs/loader:1465:32)\\n    at function._load (node:internal/modules/cjs/loader:1282:12)\\n    at tracingchannel.tracesync (node:diagnostics_channel:322:14)\\n    at wrapmoduleload (node:internal/modules/cjs/loader:235:24)\\n    at module.\\u003canonymous\\u003e (node:internal/modules/cjs/loader:1487:12)\\n    at mod.require (c:\\\\dev\\\\zo\\\\sass-store\\\\apps\\\\web\\\\node_modules\\\\next\\\\dist\\\\server\\\\require-hook.js:68:28)\\n    at require (node:internal/modules/helpers:135:16)\",\"stack\":\"error: an error occurred in `next/font`.\\n\\nerror: cannot find module 'object-hash'\\nrequire stack:\\n- c:\\\\dev\\\\zo\\\\sass-store\\\\apps\\\\web\\\\node_modules\\\\tailwindcss\\\\lib\\\\util\\\\hashconfig.js\\n- c:\\\\dev\\\\zo\\\\sass-store\\\\apps\\\\web\\\\node_modules\\\\tailwindcss\\\\lib\\\\lib\\\\setuptrackingcontext.js\\n- c:\\\\dev\\\\zo\\\\sass-store\\\\apps\\\\web\\\\node_modules\\\\tailwindcss\\\\lib\\\\plugin.js\\n- c:\\\\dev\\\\zo\\\\sass-store\\\\apps\\\\web\\\\node_modules\\\\tailwindcss\\\\lib\\\\index.js\\n- c:\\\\dev\\\\zo\\\\sass-store\\\\apps\\\\web\\\\node_modules\\\\next\\\\dist\\\\build\\\\webpack\\\\config\\\\blocks\\\\css\\\\plugins.js\\n- c:\\\\dev\\\\zo\\\\sass-store\\\\apps\\\\web\\\\node_modules\\\\next\\\\dist\\\\build\\\\webpack\\\\config\\\\blocks\\\\css\\\\index.js\\n- c:\\\\dev\\\\zo\\\\sass-store\\\\apps\\\\web\\\\node_modules\\\\next\\\\dist\\\\build\\\\webpack\\\\config\\\\index.js\\n- c:\\\\dev\\\\zo\\\\sass-store\\\\apps\\\\web\\\\node_modules\\\\next\\\\dist\\\\build\\\\webpack-config.js\\n- c:\\\\dev\\\\zo\\\\sass-store\\\\apps\\\\web\\\\node_modules\\\\next\\\\dist\\\\server\\\\dev\\\\hot-reloader-webpack.js\\n- c:\\\\dev\\\\zo\\\\sass-store\\\\apps\\\\web\\\\node_modules\\\\next\\\\dist\\\\server\\\\lib\\\\router-utils\\\\setup-dev-bundler.js\\n- c:\\\\dev\\\\zo\\\\sass-store\\\\apps\\\\web\\\\node_modules\\\\next\\\\dist\\\\server\\\\lib\\\\router-server.js\\n- c:\\\\dev\\\\zo\\\\sass-store\\\\apps\\\\web\\\\node_modules\\\\next\\\\dist\\\\server\\\\lib\\\\start-server.js\\n    at function.\\u003canonymous\\u003e (node:internal/modules/cjs/loader:1401:15)\\n    at c:\\\\dev\\\\zo\\\\sass-store\\\\apps\\\\web\\\\node_modules\\\\next\\\\dist\\\\server\\\\require-hook.js:57:36\\n    at defaultresolveimpl (node:internal/modules/cjs/loader:1057:19)\\n    at resolveforcjswithhooks (node:internal/modules/cjs/loader:1062:22)\\n    at function._load (node:internal/modules/cjs/loader:1211:37)\\n    at tracingchannel.tracesync (node:diagnostics_channel:322:14)\\n    at wrapmoduleload (node:internal/modules/cjs/loader:235:24)\\n    at module.\\u003canonymous\\u003e (node:internal/modules/cjs/loader:1487:12)\\n    at mod.require (c:\\\\dev\\\\zo\\\\sass-store\\\\apps\\\\web\\\\node_modules\\\\next\\\\dist\\\\server\\\\require-hook.js:68:28)\\n    at require (node:internal/modules/helpers:135:16)\\n    at object.\\u003canonymous\\u003e (c:\\\\dev\\\\zo\\\\sass-store\\\\apps\\\\web\\\\node_modules\\\\tailwindcss\\\\lib\\\\util\\\\hashconfig.js:11:60)\\n    at module._compile (node:internal/modules/cjs/loader:1730:14)\\n    at object..js (node:internal/modules/cjs/loader:1895:10)\\n    at module.load (node:internal/modules/cjs/loader:1465:32)\\n    at function._load (node:internal/modules/cjs/loader:1282:12)\\n    at tracingchannel.tracesync (node:diagnostics_channel:322:14)\\n    at wrapmoduleload (node:internal/modules/cjs/loader:235:24)\\n    at module.\\u003canonymous\\u003e (node:internal/modules/cjs/loader:1487:12)\\n    at mod.require (c:\\\\dev\\\\zo\\\\sass-store\\\\apps\\\\web\\\\node_modules\\\\next\\\\dist\\\\server\\\\require-hook.js:68:28)\\n    at require (node:internal/modules/helpers:135:16)\\n    at object.\\u003canonymous\\u003e (c:\\\\dev\\\\zo\\\\sass-store\\\\apps\\\\web\\\\node_modules\\\\tailwindcss\\\\lib\\\\lib\\\\setuptrackingcontext.js:18:60)\\n    at module._compile (node:internal/modules/cjs/loader:1730:14)\\n    at object..js (node:internal/modules/cjs/loader:1895:10)\\n    at module.load (node:internal/modules/cjs/loader:1465:32)\\n    at function._load (node:internal/modules/cjs/loader:1282:12)\\n    at tracingchannel.tracesync (node:diagnostics_channel:322:14)\\n    at wrapmoduleload (node:internal/modules/cjs/loader:235:24)\\n    at module.\\u003canonymous\\u003e (node:internal/modules/cjs/loader:1487:12)\\n    at mod.require (c:\\\\dev\\\\zo\\\\sass-store\\\\apps\\\\web\\\\node_modules\\\\next\\\\dist\\\\server\\\\require-hook.js:68:28)\\n    at require (node:internal/modules/helpers:135:16)\\n    at object.\\u003canonymous\\u003e (c:\\\\dev\\\\zo\\\\sass-store\\\\apps\\\\web\\\\node_modules\\\\tailwindcss\\\\lib\\\\plugin.js:5:70)\\n    at module._compile (node:internal/modules/cjs/loader:1730:14)\\n    at object..js (node:internal/modules/cjs/loader:1895:10)\\n    at module.load (node:internal/modules/cjs/loader:1465:32)\\n    at function._load (node:internal/modules/cjs/loader:1282:12)\\n    at tracingchannel.tracesync (node:diagnostics_channel:322:14)\\n    at wrapmoduleload (node:internal/modules/cjs/loader:235:24)\\n    at module.\\u003canonymous\\u003e (node:internal/modules/cjs/loader:1487:12)\\n    at mod.require (c:\\\\dev\\\\zo\\\\sass-store\\\\apps\\\\web\\\\node_modules\\\\next\\\\dist\\\\server\\\\require-hook.js:68:28)\\n    at require (node:internal/modules/helpers:135:16)\\n    at object.\\u003canonymous\\u003e (c:\\\\dev\\\\zo\\\\sass-store\\\\apps\\\\web\\\\node_modules\\\\tailwindcss\\\\lib\\\\index.js:2:18)\\n    at module._compile (node:internal/modules/cjs/loader:1730:14)\\n    at object..js (node:internal/modules/cjs/loader:1895:10)\\n    at module.load (node:internal/modules/cjs/loader:1465:32)\\n    at function._load (node:internal/modules/cjs/loader:1282:12)\\n    at tracingchannel.tracesync (node:diagnostics_channel:322:14)\\n    at wrapmoduleload (node:internal/modules/cjs/loader:235:24)\\n    at module.\\u003canonymous\\u003e (node:internal/modules/cjs/loader:1487:12)\\n    at mod.require (c:\\\\dev\\\\zo\\\\sass-store\\\\apps\\\\web\\\\node_modules\\\\next\\\\dist\\\\server\\\\require-hook.js:68:28)\\n    at require (node:internal/modules/helpers:135:16)\\n    at getnextfonterror (c:\\\\dev\\\\zo\\\\sass-store\\\\apps\\\\web\\\\node_modules\\\\next\\\\dist\\\\build\\\\webpack\\\\plugins\\\\wellknown-errors-plugin\\\\parsenextfonterror.js:26:20)\\n    at getmodulebuilderror (c:\\\\dev\\\\zo\\\\sass-store\\\\apps\\\\web\\\\node_modules\\\\next\\\\dist\\\\build\\\\webpack\\\\plugins\\\\wellknown-errors-plugin\\\\webpackmoduleerror.js:123:63)\\n    at process.processticksandrejections (node:internal/process/task_queues:105:5)\\n    at async c:\\\\dev\\\\zo\\\\sass-store\\\\apps\\\\web\\\\node_modules\\\\next\\\\dist\\\\build\\\\webpack\\\\plugins\\\\wellknown-errors-plugin\\\\index.js:29:49\\n    at async promise.all (index 0)\\n    at async c:\\\\dev\\\\zo\\\\sass-store\\\\apps\\\\web\\\\node_modules\\\\next\\\\dist\\\\build\\\\webpack\\\\plugins\\\\wellknown-errors-plugin\\\\index.js:27:21\"},\"gip\":true,\"scriptloader\":[]}"

      122 |
      123 |     // Each page should contain its tenant-specific content
    > 124 |     expect(page1Content?.toLowerCase()).toContain('wondernails');
          |                                         ^
      125 |     expect(page2Content?.toLowerCase()).toContain('nom-nom');
      126 |
      127 |     // And should not contain the other tenant's content
        at C:\Dev\Zo\sass-store\tests\e2e\multitenant\tenant-isolation.spec.ts:124:41

    attachment #1: screenshot (image/png) ──────────────────────────────────────────────────────────
    ..\..\test-results\multitenant-tenant-isolati-8aaa1-n-isolation-between-tenants-Mobile-Chrome\test-failed-2.png
    ────────────────────────────────────────────────────────────────────────────────────────────────

    attachment #2: screenshot (image/png) ──────────────────────────────────────────────────────────
    ..\..\test-results\multitenant-tenant-isolati-8aaa1-n-isolation-between-tenants-Mobile-Chrome\test-failed-1.png
    ────────────────────────────────────────────────────────────────────────────────────────────────

    attachment #3: video (video/webm) ──────────────────────────────────────────────────────────────
    ..\..\test-results\multitenant-tenant-isolati-8aaa1-n-isolation-between-tenants-Mobile-Chrome\video-1.webm
    ────────────────────────────────────────────────────────────────────────────────────────────────

    attachment #4: video (video/webm) ──────────────────────────────────────────────────────────────
    ..\..\test-results\multitenant-tenant-isolati-8aaa1-n-isolation-between-tenants-Mobile-Chrome\video.webm
    ────────────────────────────────────────────────────────────────────────────────────────────────

    Error Context: ..\..\test-results\multitenant-tenant-isolati-8aaa1-n-isolation-between-tenants-Mobile-Chrome\error-context.md
]]>
</failure>
<system-out>
<![CDATA[
[[ATTACHMENT|multitenant-tenant-isolati-8aaa1-n-isolation-between-tenants-Mobile-Chrome\test-failed-2.png]]

[[ATTACHMENT|multitenant-tenant-isolati-8aaa1-n-isolation-between-tenants-Mobile-Chrome\test-failed-1.png]]

[[ATTACHMENT|multitenant-tenant-isolati-8aaa1-n-isolation-between-tenants-Mobile-Chrome\video-1.webm]]

[[ATTACHMENT|multitenant-tenant-isolati-8aaa1-n-isolation-between-tenants-Mobile-Chrome\video.webm]]

[[ATTACHMENT|multitenant-tenant-isolati-8aaa1-n-isolation-between-tenants-Mobile-Chrome\error-context.md]]
]]>
</system-out>
</testcase>
</testsuite>
<testsuite name="navigation\navigation-flows.spec.ts" timestamp="2025-10-29T19:08:05.826Z" hostname="Mobile Chrome" tests="20" failures="13" skipped="0" time="233.619" errors="0">
<testcase name="Authentication &amp; Login › should login successfully with valid credentials" classname="navigation\navigation-flows.spec.ts" time="17.885">
<failure message="navigation-flows.spec.ts:9:7 should login successfully with valid credentials" type="FAILURE">
<![CDATA[  [Mobile Chrome] › navigation\navigation-flows.spec.ts:9:7 › Authentication & Login › should login successfully with valid credentials 

    TimeoutError: page.fill: Timeout 15000ms exceeded.
    Call log:
      - waiting for locator('[data-testid="email-input"], input[name="email"]')


      10 |     await page.goto('/t/wondernails/login');
      11 |
    > 12 |     await page.fill('[data-testid="email-input"], input[name="email"]', 'test@wondernails.com');
         |                ^
      13 |     await page.fill('[data-testid="password-input"], input[name="password"]', 'password123');
      14 |
      15 |     await page.click('[data-testid="login-btn"], button[type="submit"]');
        at C:\Dev\Zo\sass-store\tests\e2e\navigation\navigation-flows.spec.ts:12:16

    attachment #1: screenshot (image/png) ──────────────────────────────────────────────────────────
    ..\..\test-results\navigation-navigation-flow-df79c-ully-with-valid-credentials-Mobile-Chrome\test-failed-1.png
    ────────────────────────────────────────────────────────────────────────────────────────────────

    attachment #2: video (video/webm) ──────────────────────────────────────────────────────────────
    ..\..\test-results\navigation-navigation-flow-df79c-ully-with-valid-credentials-Mobile-Chrome\video.webm
    ────────────────────────────────────────────────────────────────────────────────────────────────

    Error Context: ..\..\test-results\navigation-navigation-flow-df79c-ully-with-valid-credentials-Mobile-Chrome\error-context.md
]]>
</failure>
<system-out>
<![CDATA[
[[ATTACHMENT|navigation-navigation-flow-df79c-ully-with-valid-credentials-Mobile-Chrome\test-failed-1.png]]

[[ATTACHMENT|navigation-navigation-flow-df79c-ully-with-valid-credentials-Mobile-Chrome\video.webm]]

[[ATTACHMENT|navigation-navigation-flow-df79c-ully-with-valid-credentials-Mobile-Chrome\error-context.md]]
]]>
</system-out>
</testcase>
<testcase name="Authentication &amp; Login › should show error for invalid credentials" classname="navigation\navigation-flows.spec.ts" time="17.474">
<failure message="navigation-flows.spec.ts:21:7 should show error for invalid credentials" type="FAILURE">
<![CDATA[  [Mobile Chrome] › navigation\navigation-flows.spec.ts:21:7 › Authentication & Login › should show error for invalid credentials 

    TimeoutError: page.fill: Timeout 15000ms exceeded.
    Call log:
      - waiting for locator('input[name="email"]')


      22 |     await page.goto('/t/wondernails/login');
      23 |
    > 24 |     await page.fill('input[name="email"]', 'invalid@example.com');
         |                ^
      25 |     await page.fill('input[name="password"]', 'wrongpassword');
      26 |
      27 |     await page.click('button[type="submit"]');
        at C:\Dev\Zo\sass-store\tests\e2e\navigation\navigation-flows.spec.ts:24:16

    attachment #1: screenshot (image/png) ──────────────────────────────────────────────────────────
    ..\..\test-results\navigation-navigation-flow-22e8b-ror-for-invalid-credentials-Mobile-Chrome\test-failed-1.png
    ────────────────────────────────────────────────────────────────────────────────────────────────

    attachment #2: video (video/webm) ──────────────────────────────────────────────────────────────
    ..\..\test-results\navigation-navigation-flow-22e8b-ror-for-invalid-credentials-Mobile-Chrome\video.webm
    ────────────────────────────────────────────────────────────────────────────────────────────────

    Error Context: ..\..\test-results\navigation-navigation-flow-22e8b-ror-for-invalid-credentials-Mobile-Chrome\error-context.md
]]>
</failure>
<system-out>
<![CDATA[
[[ATTACHMENT|navigation-navigation-flow-22e8b-ror-for-invalid-credentials-Mobile-Chrome\test-failed-1.png]]

[[ATTACHMENT|navigation-navigation-flow-22e8b-ror-for-invalid-credentials-Mobile-Chrome\video.webm]]

[[ATTACHMENT|navigation-navigation-flow-22e8b-ror-for-invalid-credentials-Mobile-Chrome\error-context.md]]
]]>
</system-out>
</testcase>
<testcase name="Authentication &amp; Login › should logout successfully" classname="navigation\navigation-flows.spec.ts" time="1.311">
</testcase>
<testcase name="Authentication &amp; Login › should remember me functionality work" classname="navigation\navigation-flows.spec.ts" time="16.847">
<failure message="navigation-flows.spec.ts:45:7 should remember me functionality work" type="FAILURE">
<![CDATA[  [Mobile Chrome] › navigation\navigation-flows.spec.ts:45:7 › Authentication & Login › should remember me functionality work 

    TimeoutError: page.fill: Timeout 15000ms exceeded.
    Call log:
      - waiting for locator('input[name="email"]')


      46 |     await page.goto('/t/wondernails/login');
      47 |
    > 48 |     await page.fill('input[name="email"]', 'test@wondernails.com');
         |                ^
      49 |     await page.fill('input[name="password"]', 'password123');
      50 |
      51 |     const rememberMe = page.locator('input[name="rememberMe"], input[type="checkbox"]');
        at C:\Dev\Zo\sass-store\tests\e2e\navigation\navigation-flows.spec.ts:48:16

    attachment #1: screenshot (image/png) ──────────────────────────────────────────────────────────
    ..\..\test-results\navigation-navigation-flow-14eaa-ember-me-functionality-work-Mobile-Chrome\test-failed-1.png
    ────────────────────────────────────────────────────────────────────────────────────────────────

    attachment #2: video (video/webm) ──────────────────────────────────────────────────────────────
    ..\..\test-results\navigation-navigation-flow-14eaa-ember-me-functionality-work-Mobile-Chrome\video.webm
    ────────────────────────────────────────────────────────────────────────────────────────────────

    Error Context: ..\..\test-results\navigation-navigation-flow-14eaa-ember-me-functionality-work-Mobile-Chrome\error-context.md
]]>
</failure>
<system-out>
<![CDATA[
[[ATTACHMENT|navigation-navigation-flow-14eaa-ember-me-functionality-work-Mobile-Chrome\test-failed-1.png]]

[[ATTACHMENT|navigation-navigation-flow-14eaa-ember-me-functionality-work-Mobile-Chrome\video.webm]]

[[ATTACHMENT|navigation-navigation-flow-14eaa-ember-me-functionality-work-Mobile-Chrome\error-context.md]]
]]>
</system-out>
</testcase>
<testcase name="Navigation &amp; Menu › should navigate through main menu" classname="navigation\navigation-flows.spec.ts" time="1.122">
</testcase>
<testcase name="Navigation &amp; Menu › should show mobile menu on mobile devices" classname="navigation\navigation-flows.spec.ts" time="17.252">
<failure message="navigation-flows.spec.ts:98:7 should show mobile menu on mobile devices" type="FAILURE">
<![CDATA[  [Mobile Chrome] › navigation\navigation-flows.spec.ts:98:7 › Navigation & Menu › should show mobile menu on mobile devices 

    TimeoutError: locator.click: Timeout 15000ms exceeded.
    Call log:
      - waiting for locator('[data-testid="mobile-menu-toggle"], button[aria-label*="menu"]')


      102 |
      103 |     const mobileMenuToggle = page.locator('[data-testid="mobile-menu-toggle"], button[aria-label*="menu"]');
    > 104 |     await mobileMenuToggle.click();
          |                            ^
      105 |
      106 |     const mobileMenu = page.locator('[data-testid="mobile-menu"]');
      107 |     await expect(mobileMenu).toBeVisible();
        at C:\Dev\Zo\sass-store\tests\e2e\navigation\navigation-flows.spec.ts:104:28

    attachment #1: screenshot (image/png) ──────────────────────────────────────────────────────────
    ..\..\test-results\navigation-navigation-flow-73bba-bile-menu-on-mobile-devices-Mobile-Chrome\test-failed-1.png
    ────────────────────────────────────────────────────────────────────────────────────────────────

    attachment #2: video (video/webm) ──────────────────────────────────────────────────────────────
    ..\..\test-results\navigation-navigation-flow-73bba-bile-menu-on-mobile-devices-Mobile-Chrome\video.webm
    ────────────────────────────────────────────────────────────────────────────────────────────────

    Error Context: ..\..\test-results\navigation-navigation-flow-73bba-bile-menu-on-mobile-devices-Mobile-Chrome\error-context.md
]]>
</failure>
<system-out>
<![CDATA[
[[ATTACHMENT|navigation-navigation-flow-73bba-bile-menu-on-mobile-devices-Mobile-Chrome\test-failed-1.png]]

[[ATTACHMENT|navigation-navigation-flow-73bba-bile-menu-on-mobile-devices-Mobile-Chrome\video.webm]]

[[ATTACHMENT|navigation-navigation-flow-73bba-bile-menu-on-mobile-devices-Mobile-Chrome\error-context.md]]
]]>
</system-out>
</testcase>
<testcase name="Navigation &amp; Menu › should navigate with breadcrumbs" classname="navigation\navigation-flows.spec.ts" time="1.521">
</testcase>
<testcase name="Search Functionality › should search products successfully" classname="navigation\navigation-flows.spec.ts" time="17.012">
<failure message="navigation-flows.spec.ts:124:7 should search products successfully" type="FAILURE">
<![CDATA[  [Mobile Chrome] › navigation\navigation-flows.spec.ts:124:7 › Search Functionality › should search products successfully 

    TimeoutError: locator.fill: Timeout 15000ms exceeded.
    Call log:
      - waiting for locator('[data-testid="search-input"], input[type="search"]')


      126 |
      127 |     const searchInput = page.locator('[data-testid="search-input"], input[type="search"]');
    > 128 |     await searchInput.fill('nail polish');
          |                       ^
      129 |     await page.keyboard.press('Enter');
      130 |
      131 |     await page.waitForTimeout(500);
        at C:\Dev\Zo\sass-store\tests\e2e\navigation\navigation-flows.spec.ts:128:23

    attachment #1: screenshot (image/png) ──────────────────────────────────────────────────────────
    ..\..\test-results\navigation-navigation-flow-200ae-earch-products-successfully-Mobile-Chrome\test-failed-1.png
    ────────────────────────────────────────────────────────────────────────────────────────────────

    attachment #2: video (video/webm) ──────────────────────────────────────────────────────────────
    ..\..\test-results\navigation-navigation-flow-200ae-earch-products-successfully-Mobile-Chrome\video.webm
    ────────────────────────────────────────────────────────────────────────────────────────────────

    Error Context: ..\..\test-results\navigation-navigation-flow-200ae-earch-products-successfully-Mobile-Chrome\error-context.md
]]>
</failure>
<system-out>
<![CDATA[
[[ATTACHMENT|navigation-navigation-flow-200ae-earch-products-successfully-Mobile-Chrome\test-failed-1.png]]

[[ATTACHMENT|navigation-navigation-flow-200ae-earch-products-successfully-Mobile-Chrome\video.webm]]

[[ATTACHMENT|navigation-navigation-flow-200ae-earch-products-successfully-Mobile-Chrome\error-context.md]]
]]>
</system-out>
</testcase>
<testcase name="Search Functionality › should show no results message for invalid search" classname="navigation\navigation-flows.spec.ts" time="17.085">
<failure message="navigation-flows.spec.ts:141:7 should show no results message for invalid search" type="FAILURE">
<![CDATA[  [Mobile Chrome] › navigation\navigation-flows.spec.ts:141:7 › Search Functionality › should show no results message for invalid search 

    TimeoutError: locator.fill: Timeout 15000ms exceeded.
    Call log:
      - waiting for locator('[data-testid="search-input"], input[type="search"]')


      143 |
      144 |     const searchInput = page.locator('[data-testid="search-input"], input[type="search"]');
    > 145 |     await searchInput.fill('xyzabc123nonexistent');
          |                       ^
      146 |     await page.keyboard.press('Enter');
      147 |
      148 |     await page.waitForTimeout(500);
        at C:\Dev\Zo\sass-store\tests\e2e\navigation\navigation-flows.spec.ts:145:23

    attachment #1: screenshot (image/png) ──────────────────────────────────────────────────────────
    ..\..\test-results\navigation-navigation-flow-e5e6c--message-for-invalid-search-Mobile-Chrome\test-failed-1.png
    ────────────────────────────────────────────────────────────────────────────────────────────────

    attachment #2: video (video/webm) ──────────────────────────────────────────────────────────────
    ..\..\test-results\navigation-navigation-flow-e5e6c--message-for-invalid-search-Mobile-Chrome\video.webm
    ────────────────────────────────────────────────────────────────────────────────────────────────

    Error Context: ..\..\test-results\navigation-navigation-flow-e5e6c--message-for-invalid-search-Mobile-Chrome\error-context.md
]]>
</failure>
<system-out>
<![CDATA[
[[ATTACHMENT|navigation-navigation-flow-e5e6c--message-for-invalid-search-Mobile-Chrome\test-failed-1.png]]

[[ATTACHMENT|navigation-navigation-flow-e5e6c--message-for-invalid-search-Mobile-Chrome\video.webm]]

[[ATTACHMENT|navigation-navigation-flow-e5e6c--message-for-invalid-search-Mobile-Chrome\error-context.md]]
]]>
</system-out>
</testcase>
<testcase name="Search Functionality › should filter search results" classname="navigation\navigation-flows.spec.ts" time="1.147">
</testcase>
<testcase name="Product Filtering &amp; Sorting › should filter products by category" classname="navigation\navigation-flows.spec.ts" time="0.999">
</testcase>
<testcase name="Product Filtering &amp; Sorting › should sort products by price" classname="navigation\navigation-flows.spec.ts" time="1.178">
</testcase>
<testcase name="Product Filtering &amp; Sorting › should filter products by price range" classname="navigation\navigation-flows.spec.ts" time="0.988">
</testcase>
<testcase name="Shopping Cart Operations › should add product to cart" classname="navigation\navigation-flows.spec.ts" time="16.83">
<failure message="navigation-flows.spec.ts:254:7 should add product to cart" type="FAILURE">
<![CDATA[  [Mobile Chrome] › navigation\navigation-flows.spec.ts:254:7 › Shopping Cart Operations › should add product to cart 

    TimeoutError: locator.click: Timeout 15000ms exceeded.
    Call log:
      - waiting for locator('[data-testid="add-to-cart-btn"]').first()


      256 |
      257 |     const addToCartBtn = page.locator('[data-testid="add-to-cart-btn"]').first();
    > 258 |     await addToCartBtn.click();
          |                        ^
      259 |
      260 |     await page.waitForTimeout(500);
      261 |
        at C:\Dev\Zo\sass-store\tests\e2e\navigation\navigation-flows.spec.ts:258:24

    attachment #1: screenshot (image/png) ──────────────────────────────────────────────────────────
    ..\..\test-results\navigation-navigation-flow-cf546--should-add-product-to-cart-Mobile-Chrome\test-failed-1.png
    ────────────────────────────────────────────────────────────────────────────────────────────────

    attachment #2: video (video/webm) ──────────────────────────────────────────────────────────────
    ..\..\test-results\navigation-navigation-flow-cf546--should-add-product-to-cart-Mobile-Chrome\video.webm
    ────────────────────────────────────────────────────────────────────────────────────────────────

    Error Context: ..\..\test-results\navigation-navigation-flow-cf546--should-add-product-to-cart-Mobile-Chrome\error-context.md
]]>
</failure>
<system-out>
<![CDATA[
[[ATTACHMENT|navigation-navigation-flow-cf546--should-add-product-to-cart-Mobile-Chrome\test-failed-1.png]]

[[ATTACHMENT|navigation-navigation-flow-cf546--should-add-product-to-cart-Mobile-Chrome\video.webm]]

[[ATTACHMENT|navigation-navigation-flow-cf546--should-add-product-to-cart-Mobile-Chrome\error-context.md]]
]]>
</system-out>
</testcase>
<testcase name="Shopping Cart Operations › should update cart item quantity" classname="navigation\navigation-flows.spec.ts" time="16.714">
<failure message="navigation-flows.spec.ts:268:7 should update cart item quantity" type="FAILURE">
<![CDATA[  [Mobile Chrome] › navigation\navigation-flows.spec.ts:268:7 › Shopping Cart Operations › should update cart item quantity 

    TimeoutError: locator.click: Timeout 15000ms exceeded.
    Call log:
      - waiting for locator('[data-testid="add-to-cart-btn"]').first()


      271 |     // Add item to cart
      272 |     const addToCartBtn = page.locator('[data-testid="add-to-cart-btn"]').first();
    > 273 |     await addToCartBtn.click();
          |                        ^
      274 |     await page.waitForTimeout(500);
      275 |
      276 |     // Go to cart
        at C:\Dev\Zo\sass-store\tests\e2e\navigation\navigation-flows.spec.ts:273:24

    attachment #1: screenshot (image/png) ──────────────────────────────────────────────────────────
    ..\..\test-results\navigation-navigation-flow-298ef-d-update-cart-item-quantity-Mobile-Chrome\test-failed-1.png
    ────────────────────────────────────────────────────────────────────────────────────────────────

    attachment #2: video (video/webm) ──────────────────────────────────────────────────────────────
    ..\..\test-results\navigation-navigation-flow-298ef-d-update-cart-item-quantity-Mobile-Chrome\video.webm
    ────────────────────────────────────────────────────────────────────────────────────────────────

    Error Context: ..\..\test-results\navigation-navigation-flow-298ef-d-update-cart-item-quantity-Mobile-Chrome\error-context.md
]]>
</failure>
<system-out>
<![CDATA[
[[ATTACHMENT|navigation-navigation-flow-298ef-d-update-cart-item-quantity-Mobile-Chrome\test-failed-1.png]]

[[ATTACHMENT|navigation-navigation-flow-298ef-d-update-cart-item-quantity-Mobile-Chrome\video.webm]]

[[ATTACHMENT|navigation-navigation-flow-298ef-d-update-cart-item-quantity-Mobile-Chrome\error-context.md]]
]]>
</system-out>
</testcase>
<testcase name="Shopping Cart Operations › should remove item from cart" classname="navigation\navigation-flows.spec.ts" time="17.313">
<failure message="navigation-flows.spec.ts:293:7 should remove item from cart" type="FAILURE">
<![CDATA[  [Mobile Chrome] › navigation\navigation-flows.spec.ts:293:7 › Shopping Cart Operations › should remove item from cart 

    TimeoutError: locator.click: Timeout 15000ms exceeded.
    Call log:
      - waiting for locator('[data-testid="add-to-cart-btn"]').first()


      296 |     // Add item to cart
      297 |     const addToCartBtn = page.locator('[data-testid="add-to-cart-btn"]').first();
    > 298 |     await addToCartBtn.click();
          |                        ^
      299 |     await page.waitForTimeout(500);
      300 |
      301 |     // Go to cart
        at C:\Dev\Zo\sass-store\tests\e2e\navigation\navigation-flows.spec.ts:298:24

    attachment #1: screenshot (image/png) ──────────────────────────────────────────────────────────
    ..\..\test-results\navigation-navigation-flow-e99c1-hould-remove-item-from-cart-Mobile-Chrome\test-failed-1.png
    ────────────────────────────────────────────────────────────────────────────────────────────────

    attachment #2: video (video/webm) ──────────────────────────────────────────────────────────────
    ..\..\test-results\navigation-navigation-flow-e99c1-hould-remove-item-from-cart-Mobile-Chrome\video.webm
    ────────────────────────────────────────────────────────────────────────────────────────────────

    Error Context: ..\..\test-results\navigation-navigation-flow-e99c1-hould-remove-item-from-cart-Mobile-Chrome\error-context.md
]]>
</failure>
<system-out>
<![CDATA[
[[ATTACHMENT|navigation-navigation-flow-e99c1-hould-remove-item-from-cart-Mobile-Chrome\test-failed-1.png]]

[[ATTACHMENT|navigation-navigation-flow-e99c1-hould-remove-item-from-cart-Mobile-Chrome\video.webm]]

[[ATTACHMENT|navigation-navigation-flow-e99c1-hould-remove-item-from-cart-Mobile-Chrome\error-context.md]]
]]>
</system-out>
</testcase>
<testcase name="Shopping Cart Operations › should calculate cart total correctly" classname="navigation\navigation-flows.spec.ts" time="17.392">
<failure message="navigation-flows.spec.ts:317:7 should calculate cart total correctly" type="FAILURE">
<![CDATA[  [Mobile Chrome] › navigation\navigation-flows.spec.ts:317:7 › Shopping Cart Operations › should calculate cart total correctly 

    TimeoutError: locator.textContent: Timeout 15000ms exceeded.
    Call log:
      - waiting for locator('[data-testid="product-card"]').first().locator('[data-testid="product-price"]')


      320 |     // Add item to cart
      321 |     const firstProduct = page.locator('[data-testid="product-card"]').first();
    > 322 |     const firstPrice = await firstProduct.locator('[data-testid="product-price"]').textContent();
          |                                                                                    ^
      323 |     const priceValue = parseFloat(firstPrice?.replace(/[^0-9.]/g, '') || '0');
      324 |
      325 |     const addToCartBtn = firstProduct.locator('[data-testid="add-to-cart-btn"]');
        at C:\Dev\Zo\sass-store\tests\e2e\navigation\navigation-flows.spec.ts:322:84

    attachment #1: screenshot (image/png) ──────────────────────────────────────────────────────────
    ..\..\test-results\navigation-navigation-flow-3eda3-culate-cart-total-correctly-Mobile-Chrome\test-failed-1.png
    ────────────────────────────────────────────────────────────────────────────────────────────────

    attachment #2: video (video/webm) ──────────────────────────────────────────────────────────────
    ..\..\test-results\navigation-navigation-flow-3eda3-culate-cart-total-correctly-Mobile-Chrome\video.webm
    ────────────────────────────────────────────────────────────────────────────────────────────────

    Error Context: ..\..\test-results\navigation-navigation-flow-3eda3-culate-cart-total-correctly-Mobile-Chrome\error-context.md
]]>
</failure>
<system-out>
<![CDATA[
[[ATTACHMENT|navigation-navigation-flow-3eda3-culate-cart-total-correctly-Mobile-Chrome\test-failed-1.png]]

[[ATTACHMENT|navigation-navigation-flow-3eda3-culate-cart-total-correctly-Mobile-Chrome\video.webm]]

[[ATTACHMENT|navigation-navigation-flow-3eda3-culate-cart-total-correctly-Mobile-Chrome\error-context.md]]
]]>
</system-out>
</testcase>
<testcase name="Booking System › should book a service appointment" classname="navigation\navigation-flows.spec.ts" time="18.26">
<failure message="navigation-flows.spec.ts:343:7 should book a service appointment" type="FAILURE">
<![CDATA[  [Mobile Chrome] › navigation\navigation-flows.spec.ts:343:7 › Booking System › should book a service appointment 

    TimeoutError: locator.click: Timeout 15000ms exceeded.
    Call log:
      - waiting for locator('[data-testid="service-card"]').first()


      345 |
      346 |     const serviceCard = page.locator('[data-testid="service-card"]').first();
    > 347 |     await serviceCard.click();
          |                       ^
      348 |
      349 |     const bookBtn = page.locator('[data-testid="book-service-btn"], button:has-text("Book")');
      350 |     if (await bookBtn.isVisible()) {
        at C:\Dev\Zo\sass-store\tests\e2e\navigation\navigation-flows.spec.ts:347:23

    attachment #1: screenshot (image/png) ──────────────────────────────────────────────────────────
    ..\..\test-results\navigation-navigation-flow-1c725--book-a-service-appointment-Mobile-Chrome\test-failed-1.png
    ────────────────────────────────────────────────────────────────────────────────────────────────

    attachment #2: video (video/webm) ──────────────────────────────────────────────────────────────
    ..\..\test-results\navigation-navigation-flow-1c725--book-a-service-appointment-Mobile-Chrome\video.webm
    ────────────────────────────────────────────────────────────────────────────────────────────────

    Error Context: ..\..\test-results\navigation-navigation-flow-1c725--book-a-service-appointment-Mobile-Chrome\error-context.md
]]>
</failure>
<system-out>
<![CDATA[
[[ATTACHMENT|navigation-navigation-flow-1c725--book-a-service-appointment-Mobile-Chrome\test-failed-1.png]]

[[ATTACHMENT|navigation-navigation-flow-1c725--book-a-service-appointment-Mobile-Chrome\video.webm]]

[[ATTACHMENT|navigation-navigation-flow-1c725--book-a-service-appointment-Mobile-Chrome\error-context.md]]
]]>
</system-out>
</testcase>
<testcase name="Booking System › should select staff member for booking" classname="navigation\navigation-flows.spec.ts" time="17.668">
<failure message="navigation-flows.spec.ts:379:7 should select staff member for booking" type="FAILURE">
<![CDATA[  [Mobile Chrome] › navigation\navigation-flows.spec.ts:379:7 › Booking System › should select staff member for booking 

    TimeoutError: locator.click: Timeout 15000ms exceeded.
    Call log:
      - waiting for locator('[data-testid="service-card"]').first()


      381 |
      382 |     const serviceCard = page.locator('[data-testid="service-card"]').first();
    > 383 |     await serviceCard.click();
          |                       ^
      384 |
      385 |     const staffSelector = page.locator('[data-testid="staff-selector"], select[name="staff"]');
      386 |     if (await staffSelector.isVisible()) {
        at C:\Dev\Zo\sass-store\tests\e2e\navigation\navigation-flows.spec.ts:383:23

    attachment #1: screenshot (image/png) ──────────────────────────────────────────────────────────
    ..\..\test-results\navigation-navigation-flow-9b84d-ct-staff-member-for-booking-Mobile-Chrome\test-failed-1.png
    ────────────────────────────────────────────────────────────────────────────────────────────────

    attachment #2: video (video/webm) ──────────────────────────────────────────────────────────────
    ..\..\test-results\navigation-navigation-flow-9b84d-ct-staff-member-for-booking-Mobile-Chrome\video.webm
    ────────────────────────────────────────────────────────────────────────────────────────────────

    Error Context: ..\..\test-results\navigation-navigation-flow-9b84d-ct-staff-member-for-booking-Mobile-Chrome\error-context.md
]]>
</failure>
<system-out>
<![CDATA[
[[ATTACHMENT|navigation-navigation-flow-9b84d-ct-staff-member-for-booking-Mobile-Chrome\test-failed-1.png]]

[[ATTACHMENT|navigation-navigation-flow-9b84d-ct-staff-member-for-booking-Mobile-Chrome\video.webm]]

[[ATTACHMENT|navigation-navigation-flow-9b84d-ct-staff-member-for-booking-Mobile-Chrome\error-context.md]]
]]>
</system-out>
</testcase>
<testcase name="Checkout Process › should proceed through checkout flow" classname="navigation\navigation-flows.spec.ts" time="17.621">
<failure message="navigation-flows.spec.ts:401:7 should proceed through checkout flow" type="FAILURE">
<![CDATA[  [Mobile Chrome] › navigation\navigation-flows.spec.ts:401:7 › Checkout Process › should proceed through checkout flow 

    TimeoutError: locator.click: Timeout 15000ms exceeded.
    Call log:
      - waiting for locator('[data-testid="add-to-cart-btn"]').first()


      404 |     // Add product to cart
      405 |     const addToCartBtn = page.locator('[data-testid="add-to-cart-btn"]').first();
    > 406 |     await addToCartBtn.click();
          |                        ^
      407 |     await page.waitForTimeout(500);
      408 |
      409 |     // Go to checkout
        at C:\Dev\Zo\sass-store\tests\e2e\navigation\navigation-flows.spec.ts:406:24

    attachment #1: screenshot (image/png) ──────────────────────────────────────────────────────────
    ..\..\test-results\navigation-navigation-flow-c5006-oceed-through-checkout-flow-Mobile-Chrome\test-failed-1.png
    ────────────────────────────────────────────────────────────────────────────────────────────────

    attachment #2: video (video/webm) ──────────────────────────────────────────────────────────────
    ..\..\test-results\navigation-navigation-flow-c5006-oceed-through-checkout-flow-Mobile-Chrome\video.webm
    ────────────────────────────────────────────────────────────────────────────────────────────────

    Error Context: ..\..\test-results\navigation-navigation-flow-c5006-oceed-through-checkout-flow-Mobile-Chrome\error-context.md
]]>
</failure>
<system-out>
<![CDATA[
[[ATTACHMENT|navigation-navigation-flow-c5006-oceed-through-checkout-flow-Mobile-Chrome\test-failed-1.png]]

[[ATTACHMENT|navigation-navigation-flow-c5006-oceed-through-checkout-flow-Mobile-Chrome\video.webm]]

[[ATTACHMENT|navigation-navigation-flow-c5006-oceed-through-checkout-flow-Mobile-Chrome\error-context.md]]
]]>
</system-out>
</testcase>
</testsuite>
<testsuite name="navigation\system-navigation-corrected.spec.ts" timestamp="2025-10-29T19:08:05.826Z" hostname="Mobile Chrome" tests="6" failures="0" skipped="0" time="20.677" errors="0">
<testcase name="System Navigation (CORRECTED) › should navigate between main sections without errors" classname="navigation\system-navigation-corrected.spec.ts" time="2.317">
<system-out>
<![CDATA[✅ wondernails: Main navigation validated successfully
✅ nom-nom: Main navigation validated successfully
]]>
</system-out>
</testcase>
<testcase name="System Navigation (CORRECTED) › should maintain navigation context across page loads" classname="navigation\system-navigation-corrected.spec.ts" time="2.397">
</testcase>
<testcase name="System Navigation (CORRECTED) › should handle breadcrumb navigation correctly" classname="navigation\system-navigation-corrected.spec.ts" time="3.249">
</testcase>
<testcase name="System Navigation (CORRECTED) › should handle mobile navigation correctly" classname="navigation\system-navigation-corrected.spec.ts" time="3.415">
</testcase>
<testcase name="System Navigation (CORRECTED) › should handle keyboard navigation correctly" classname="navigation\system-navigation-corrected.spec.ts" time="3.685">
<system-out>
<![CDATA[✅ wondernails: Keyboard navigation works correctly
✅ nom-nom: Keyboard navigation works correctly
]]>
</system-out>
</testcase>
<testcase name="System Navigation (CORRECTED) › should handle navigation errors gracefully" classname="navigation\system-navigation-corrected.spec.ts" time="5.614">
<system-out>
<![CDATA[✅ wondernails: Navigation errors handled gracefully
✅ nom-nom: Navigation errors handled gracefully
]]>
</system-out>
</testcase>
</testsuite>
<testsuite name="navigation\user-menu-corrected.spec.ts" timestamp="2025-10-29T19:08:05.826Z" hostname="Mobile Chrome" tests="5" failures="0" skipped="0" time="14.884" errors="0">
<testcase name="User Menu Navigation (CORRECTED) › should display user menu with correct navigation options" classname="navigation\user-menu-corrected.spec.ts" time="3.011">
</testcase>
<testcase name="User Menu Navigation (CORRECTED) › should navigate to profile page correctly" classname="navigation\user-menu-corrected.spec.ts" time="3.146">
</testcase>
<testcase name="User Menu Navigation (CORRECTED) › should navigate to orders page correctly" classname="navigation\user-menu-corrected.spec.ts" time="3.067">
</testcase>
<testcase name="User Menu Navigation (CORRECTED) › should handle logout correctly" classname="navigation\user-menu-corrected.spec.ts" time="2.695">
</testcase>
<testcase name="User Menu Navigation (CORRECTED) › should show admin options for admin users" classname="navigation\user-menu-corrected.spec.ts" time="2.965">
</testcase>
</testsuite>
<testsuite name="performance\core-web-vitals.spec.ts" timestamp="2025-10-29T19:08:05.826Z" hostname="Mobile Chrome" tests="9" failures="4" skipped="0" time="42.425" errors="0">
<testcase name="Performance Tests - Core Web Vitals › Page load times should meet targets" classname="performance\core-web-vitals.spec.ts" time="14.51">
<system-out>
<![CDATA[✓ wondernails: Load time 1443ms, FCP nullms
✓ nom-nom: Load time 1229ms, FCP nullms
✓ delirios: Load time 1390ms, FCP nullms
✓ zo-system: Load time 1560ms, FCP nullms
]]>
</system-out>
</testcase>
<testcase name="Performance Tests - Core Web Vitals › Bundle size should be under 250KB" classname="performance\core-web-vitals.spec.ts" time="2.539">
<failure message="core-web-vitals.spec.ts:49:7 Bundle size should be under 250KB" type="FAILURE">
<![CDATA[  [Mobile Chrome] › performance\core-web-vitals.spec.ts:49:7 › Performance Tests - Core Web Vitals › Bundle size should be under 250KB 

    Error: expect(received).toBeLessThan(expected)

    Expected: < 250000
    Received:   1700181

      91 |
      92 |       // Should be under 250KB (250,000 bytes)
    > 93 |       expect(totalBundleSize).toBeLessThan(250000);
         |                               ^
      94 |
      95 |       console.log(`✓ ${tenant}: Bundle size ${Math.round(totalBundleSize / 1024)}KB (JS: ${Math.round(totalJSSize / 1024)}KB, CSS: ${Math.round(totalCSSSize / 1024)}KB)`);
      96 |     }
        at C:\Dev\Zo\sass-store\tests\e2e\performance\core-web-vitals.spec.ts:93:31

    attachment #1: screenshot (image/png) ──────────────────────────────────────────────────────────
    ..\..\test-results\performance-core-web-vital-a0c8c--size-should-be-under-250KB-Mobile-Chrome\test-failed-1.png
    ────────────────────────────────────────────────────────────────────────────────────────────────

    attachment #2: video (video/webm) ──────────────────────────────────────────────────────────────
    ..\..\test-results\performance-core-web-vital-a0c8c--size-should-be-under-250KB-Mobile-Chrome\video.webm
    ────────────────────────────────────────────────────────────────────────────────────────────────

    Error Context: ..\..\test-results\performance-core-web-vital-a0c8c--size-should-be-under-250KB-Mobile-Chrome\error-context.md
]]>
</failure>
<system-out>
<![CDATA[
[[ATTACHMENT|performance-core-web-vital-a0c8c--size-should-be-under-250KB-Mobile-Chrome\test-failed-1.png]]

[[ATTACHMENT|performance-core-web-vital-a0c8c--size-should-be-under-250KB-Mobile-Chrome\video.webm]]

[[ATTACHMENT|performance-core-web-vital-a0c8c--size-should-be-under-250KB-Mobile-Chrome\error-context.md]]
]]>
</system-out>
</testcase>
<testcase name="Performance Tests - Core Web Vitals › Core Web Vitals should meet targets" classname="performance\core-web-vitals.spec.ts" time="9.835">
<system-out>
<![CDATA[✓ wondernails: LCP undefinedms, FID N/Ams, CLS N/A
✓ nom-nom: LCP undefinedms, FID N/Ams, CLS N/A
]]>
</system-out>
</testcase>
<testcase name="Performance Tests - Core Web Vitals › Image optimization should be working" classname="performance\core-web-vitals.spec.ts" time="3.274">
<system-out>
<![CDATA[✓ wondernails: 0/0 images optimized (NaN%)
✓ nom-nom: 0/0 images optimized (NaN%)
]]>
</system-out>
</testcase>
<testcase name="Performance Tests - Core Web Vitals › Caching headers should be set properly" classname="performance\core-web-vitals.spec.ts" time="2.225">
<failure message="core-web-vitals.spec.ts:228:7 Caching headers should be set properly" type="FAILURE">
<![CDATA[  [Mobile Chrome] › performance\core-web-vitals.spec.ts:228:7 › Performance Tests - Core Web Vitals › Caching headers should be set properly 

    Error: expect(received).toMatch(expected)

    Expected pattern: /max-age=\d+/
    Received string:  "no-store, must-revalidate"

      256 |       // Static assets should have long cache times
      257 |       if (resource.url.includes('/_next/static/')) {
    > 258 |         expect(cacheControl).toMatch(/max-age=\d+/);
          |                              ^
      259 |         const maxAge = parseInt(cacheControl.match(/max-age=(\d+)/)?.[1] || '0');
      260 |         expect(maxAge).toBeGreaterThan(86400); // At least 1 day
      261 |       }
        at C:\Dev\Zo\sass-store\tests\e2e\performance\core-web-vitals.spec.ts:258:30

    attachment #1: screenshot (image/png) ──────────────────────────────────────────────────────────
    ..\..\test-results\performance-core-web-vital-0f8c4-ders-should-be-set-properly-Mobile-Chrome\test-failed-1.png
    ────────────────────────────────────────────────────────────────────────────────────────────────

    attachment #2: video (video/webm) ──────────────────────────────────────────────────────────────
    ..\..\test-results\performance-core-web-vital-0f8c4-ders-should-be-set-properly-Mobile-Chrome\video.webm
    ────────────────────────────────────────────────────────────────────────────────────────────────

    Error Context: ..\..\test-results\performance-core-web-vital-0f8c4-ders-should-be-set-properly-Mobile-Chrome\error-context.md
]]>
</failure>
<system-out>
<![CDATA[
[[ATTACHMENT|performance-core-web-vital-0f8c4-ders-should-be-set-properly-Mobile-Chrome\test-failed-1.png]]

[[ATTACHMENT|performance-core-web-vital-0f8c4-ders-should-be-set-properly-Mobile-Chrome\video.webm]]

[[ATTACHMENT|performance-core-web-vital-0f8c4-ders-should-be-set-properly-Mobile-Chrome\error-context.md]]
]]>
</system-out>
</testcase>
<testcase name="Performance Tests - Core Web Vitals › JavaScript execution should be efficient" classname="performance\core-web-vitals.spec.ts" time="2.499">
<system-out>
<![CDATA[✓ wondernails: JS execution 0.10ms, 0 long tasks
✓ nom-nom: JS execution 0.10ms, 0 long tasks
]]>
</system-out>
</testcase>
<testcase name="Performance Tests - Core Web Vitals › Memory usage should be reasonable" classname="performance\core-web-vitals.spec.ts" time="2.578">
<failure message="core-web-vitals.spec.ts:311:7 Memory usage should be reasonable" type="FAILURE">
<![CDATA[  [Mobile Chrome] › performance\core-web-vitals.spec.ts:311:7 › Performance Tests - Core Web Vitals › Memory usage should be reasonable 

    Error: expect(received).toBeLessThan(expected)

    Expected: < 52428800
    Received:   56800000

      340 |       if (memoryInfo) {
      341 |         // Should not use excessive memory (under 50MB)
    > 342 |         expect(memoryInfo.usedJSHeapSize).toBeLessThan(50 * 1024 * 1024);
          |                                           ^
      343 |
      344 |         console.log(`✓ ${tenant}: Memory usage ${Math.round(memoryInfo.usedJSHeapSize / 1024 / 1024)}MB`);
      345 |       }
        at C:\Dev\Zo\sass-store\tests\e2e\performance\core-web-vitals.spec.ts:342:43

    attachment #1: screenshot (image/png) ──────────────────────────────────────────────────────────
    ..\..\test-results\performance-core-web-vital-1f359--usage-should-be-reasonable-Mobile-Chrome\test-failed-1.png
    ────────────────────────────────────────────────────────────────────────────────────────────────

    attachment #2: video (video/webm) ──────────────────────────────────────────────────────────────
    ..\..\test-results\performance-core-web-vital-1f359--usage-should-be-reasonable-Mobile-Chrome\video.webm
    ────────────────────────────────────────────────────────────────────────────────────────────────

    Error Context: ..\..\test-results\performance-core-web-vital-1f359--usage-should-be-reasonable-Mobile-Chrome\error-context.md
]]>
</failure>
<system-out>
<![CDATA[
[[ATTACHMENT|performance-core-web-vital-1f359--usage-should-be-reasonable-Mobile-Chrome\test-failed-1.png]]

[[ATTACHMENT|performance-core-web-vital-1f359--usage-should-be-reasonable-Mobile-Chrome\video.webm]]

[[ATTACHMENT|performance-core-web-vital-1f359--usage-should-be-reasonable-Mobile-Chrome\error-context.md]]
]]>
</system-out>
</testcase>
<testcase name="Performance Tests - Core Web Vitals › Network requests should be optimized" classname="performance\core-web-vitals.spec.ts" time="2.405">
<system-out>
<![CDATA[✓ Network: 9 requests, 0 slow, 0 large files
]]>
</system-out>
</testcase>
<testcase name="Performance Tests - Core Web Vitals › Progressive loading should work" classname="performance\core-web-vitals.spec.ts" time="2.56">
<failure message="core-web-vitals.spec.ts:388:7 Progressive loading should work" type="FAILURE">
<![CDATA[  [Mobile Chrome] › performance\core-web-vitals.spec.ts:388:7 › Performance Tests - Core Web Vitals › Progressive loading should work 

    Error: expect(locator).toBeVisible() failed

    Locator: locator('h1, .hero, .main-content').first()
    Expected: visible
    Timeout: 1000ms
    Error: element(s) not found

    Call log:
      - Expect "toBeVisible" with timeout 1000ms
      - waiting for locator('h1, .hero, .main-content').first()


      391 |     // Check if critical content loads first
      392 |     const criticalContent = page.locator('h1, .hero, .main-content').first();
    > 393 |     await expect(criticalContent).toBeVisible({ timeout: 1000 });
          |                                   ^
      394 |
      395 |     // Secondary content can load later
      396 |     const secondaryContent = page.locator('.secondary, .footer, .sidebar');
        at C:\Dev\Zo\sass-store\tests\e2e\performance\core-web-vitals.spec.ts:393:35

    attachment #1: screenshot (image/png) ──────────────────────────────────────────────────────────
    ..\..\test-results\performance-core-web-vital-ba6c3-ressive-loading-should-work-Mobile-Chrome\test-failed-1.png
    ────────────────────────────────────────────────────────────────────────────────────────────────

    attachment #2: video (video/webm) ──────────────────────────────────────────────────────────────
    ..\..\test-results\performance-core-web-vital-ba6c3-ressive-loading-should-work-Mobile-Chrome\video.webm
    ────────────────────────────────────────────────────────────────────────────────────────────────

    Error Context: ..\..\test-results\performance-core-web-vital-ba6c3-ressive-loading-should-work-Mobile-Chrome\error-context.md
]]>
</failure>
<system-out>
<![CDATA[
[[ATTACHMENT|performance-core-web-vital-ba6c3-ressive-loading-should-work-Mobile-Chrome\test-failed-1.png]]

[[ATTACHMENT|performance-core-web-vital-ba6c3-ressive-loading-should-work-Mobile-Chrome\video.webm]]

[[ATTACHMENT|performance-core-web-vital-ba6c3-ressive-loading-should-work-Mobile-Chrome\error-context.md]]
]]>
</system-out>
</testcase>
</testsuite>
<testsuite name="performance\mobile-performance-budget.spec.ts" timestamp="2025-10-29T19:08:05.826Z" hostname="Mobile Chrome" tests="12" failures="4" skipped="0" time="28.108" errors="0">
<testcase name="Mobile Performance Budget › should meet mobile LCP budget of &lt;3s" classname="performance\mobile-performance-budget.spec.ts" time="1.717">
<system-out>
<![CDATA[Mobile LCP: 764ms
]]>
</system-out>
</testcase>
<testcase name="Mobile Performance Budget › should meet mobile FCP budget of &lt;2s" classname="performance\mobile-performance-budget.spec.ts" time="1.533">
<system-out>
<![CDATA[Mobile FCP: 820ms
]]>
</system-out>
</testcase>
<testcase name="Mobile Performance Budget › should meet mobile TTFB budget of &lt;1s" classname="performance\mobile-performance-budget.spec.ts" time="1.804">
<system-out>
<![CDATA[Mobile TTFB: 63.79999999888241ms
]]>
</system-out>
</testcase>
<testcase name="Mobile Performance Budget › should load efficiently on 3G network" classname="performance\mobile-performance-budget.spec.ts" time="2.499">
<system-out>
<![CDATA[3G Load Time: 1946ms
]]>
</system-out>
</testcase>
<testcase name="Mobile Performance Budget › should serve appropriately sized images for mobile" classname="performance\mobile-performance-budget.spec.ts" time="2.271">
</testcase>
<testcase name="Mobile Performance Budget › should minimize JavaScript execution time" classname="performance\mobile-performance-budget.spec.ts" time="1.614">
<system-out>
<![CDATA[Total JS Execution Time: 665.5999999996275ms
]]>
</system-out>
</testcase>
<testcase name="Mobile Performance Budget › should lazy load below-the-fold content" classname="performance\mobile-performance-budget.spec.ts" time="2.89">
<failure message="mobile-performance-budget.spec.ts:133:7 should lazy load below-the-fold content" type="FAILURE">
<![CDATA[  [Mobile Chrome] › performance\mobile-performance-budget.spec.ts:133:7 › Mobile Performance Budget › should lazy load below-the-fold content 

    Error: expect(received).toBeGreaterThan(expected)

    Expected: > 0
    Received:   0

      150 |
      151 |     // At least some images should be lazy loaded
    > 152 |     expect(lazyLoadedCount).toBeGreaterThan(0);
          |                             ^
      153 |     console.log(`Lazy loaded images: ${lazyLoadedCount}/${imageCount}`);
      154 |   });
      155 |
        at C:\Dev\Zo\sass-store\tests\e2e\performance\mobile-performance-budget.spec.ts:152:29

    attachment #1: screenshot (image/png) ──────────────────────────────────────────────────────────
    ..\..\test-results\performance-mobile-perform-18942-load-below-the-fold-content-Mobile-Chrome\test-failed-1.png
    ────────────────────────────────────────────────────────────────────────────────────────────────

    attachment #2: video (video/webm) ──────────────────────────────────────────────────────────────
    ..\..\test-results\performance-mobile-perform-18942-load-below-the-fold-content-Mobile-Chrome\video.webm
    ────────────────────────────────────────────────────────────────────────────────────────────────

    Error Context: ..\..\test-results\performance-mobile-perform-18942-load-below-the-fold-content-Mobile-Chrome\error-context.md
]]>
</failure>
<system-out>
<![CDATA[
[[ATTACHMENT|performance-mobile-perform-18942-load-below-the-fold-content-Mobile-Chrome\test-failed-1.png]]

[[ATTACHMENT|performance-mobile-perform-18942-load-below-the-fold-content-Mobile-Chrome\video.webm]]

[[ATTACHMENT|performance-mobile-perform-18942-load-below-the-fold-content-Mobile-Chrome\error-context.md]]
]]>
</system-out>
</testcase>
<testcase name="Mobile Performance Budget › should use efficient caching for mobile" classname="performance\mobile-performance-budget.spec.ts" time="3.634">
<failure message="mobile-performance-budget.spec.ts:156:7 should use efficient caching for mobile" type="FAILURE">
<![CDATA[  [Mobile Chrome] › performance\mobile-performance-budget.spec.ts:156:7 › Mobile Performance Budget › should use efficient caching for mobile 

    Error: expect(received).toBeLessThan(expected)

    Expected: < 1000
    Received:   1333

      166 |
      167 |     // Second load should be significantly faster (cached)
    > 168 |     expect(secondLoadTime).toBeLessThan(1000);
          |                            ^
      169 |     console.log(`Cached Load Time: ${secondLoadTime}ms`);
      170 |   });
      171 |
        at C:\Dev\Zo\sass-store\tests\e2e\performance\mobile-performance-budget.spec.ts:168:28

    attachment #1: screenshot (image/png) ──────────────────────────────────────────────────────────
    ..\..\test-results\performance-mobile-perform-70dc8-fficient-caching-for-mobile-Mobile-Chrome\test-failed-1.png
    ────────────────────────────────────────────────────────────────────────────────────────────────

    attachment #2: video (video/webm) ──────────────────────────────────────────────────────────────
    ..\..\test-results\performance-mobile-perform-70dc8-fficient-caching-for-mobile-Mobile-Chrome\video.webm
    ────────────────────────────────────────────────────────────────────────────────────────────────

    Error Context: ..\..\test-results\performance-mobile-perform-70dc8-fficient-caching-for-mobile-Mobile-Chrome\error-context.md
]]>
</failure>
<system-out>
<![CDATA[
[[ATTACHMENT|performance-mobile-perform-70dc8-fficient-caching-for-mobile-Mobile-Chrome\test-failed-1.png]]

[[ATTACHMENT|performance-mobile-perform-70dc8-fficient-caching-for-mobile-Mobile-Chrome\video.webm]]

[[ATTACHMENT|performance-mobile-perform-70dc8-fficient-caching-for-mobile-Mobile-Chrome\error-context.md]]
]]>
</system-out>
</testcase>
<testcase name="Mobile Performance Budget › should minimize layout shifts on mobile" classname="performance\mobile-performance-budget.spec.ts" time="1.935">
<system-out>
<![CDATA[Mobile CLS: 0.042725751404600575
]]>
</system-out>
</testcase>
<testcase name="Mobile Performance Budget › should optimize font loading for mobile" classname="performance\mobile-performance-budget.spec.ts" time="2.549">
<system-out>
<![CDATA[Fonts loaded: 0/0
]]>
</system-out>
</testcase>
<testcase name="Mobile Performance Budget › should meet mobile bundle size budget" classname="performance\mobile-performance-budget.spec.ts" time="2.954">
<failure message="mobile-performance-budget.spec.ts:222:7 should meet mobile bundle size budget" type="FAILURE">
<![CDATA[  [Mobile Chrome] › performance\mobile-performance-budget.spec.ts:222:7 › Mobile Performance Budget › should meet mobile bundle size budget 

    Error: expect(received).toBeLessThan(expected)

    Expected: < 307200
    Received:   7349458

      241 |     // Mobile bundle budget: <300KB total
      242 |     const totalSize = totalJsSize + totalCssSize;
    > 243 |     expect(totalSize).toBeLessThan(300 * 1024); // 300KB
          |                       ^
      244 |
      245 |     console.log(`Mobile Bundle Size - JS: ${(totalJsSize / 1024).toFixed(2)}KB, CSS: ${(totalCssSize / 1024).toFixed(2)}KB, Total: ${(totalSize / 1024).toFixed(2)}KB`);
      246 |   });
        at C:\Dev\Zo\sass-store\tests\e2e\performance\mobile-performance-budget.spec.ts:243:23

    attachment #1: screenshot (image/png) ──────────────────────────────────────────────────────────
    ..\..\test-results\performance-mobile-perform-1a334-t-mobile-bundle-size-budget-Mobile-Chrome\test-failed-1.png
    ────────────────────────────────────────────────────────────────────────────────────────────────

    attachment #2: video (video/webm) ──────────────────────────────────────────────────────────────
    ..\..\test-results\performance-mobile-perform-1a334-t-mobile-bundle-size-budget-Mobile-Chrome\video.webm
    ────────────────────────────────────────────────────────────────────────────────────────────────

    Error Context: ..\..\test-results\performance-mobile-perform-1a334-t-mobile-bundle-size-budget-Mobile-Chrome\error-context.md
]]>
</failure>
<system-out>
<![CDATA[
[[ATTACHMENT|performance-mobile-perform-1a334-t-mobile-bundle-size-budget-Mobile-Chrome\test-failed-1.png]]

[[ATTACHMENT|performance-mobile-perform-1a334-t-mobile-bundle-size-budget-Mobile-Chrome\video.webm]]

[[ATTACHMENT|performance-mobile-perform-1a334-t-mobile-bundle-size-budget-Mobile-Chrome\error-context.md]]
]]>
</system-out>
</testcase>
<testcase name="Mobile Performance Budget › should prioritize critical rendering path on mobile" classname="performance\mobile-performance-budget.spec.ts" time="2.708">
<failure message="mobile-performance-budget.spec.ts:248:7 should prioritize critical rendering path on mobile" type="FAILURE">
<![CDATA[  [Mobile Chrome] › performance\mobile-performance-budget.spec.ts:248:7 › Mobile Performance Budget › should prioritize critical rendering path on mobile 

    Error: expect(received).toBeTruthy()

    Received: false

      255 |     });
      256 |
    > 257 |     expect(inlineStyles).toBeTruthy();
          |                          ^
      258 |
      259 |     // Check that non-critical CSS is deferred
      260 |     const deferredLinks = await page.evaluate(() => {
        at C:\Dev\Zo\sass-store\tests\e2e\performance\mobile-performance-budget.spec.ts:257:26

    attachment #1: screenshot (image/png) ──────────────────────────────────────────────────────────
    ..\..\test-results\performance-mobile-perform-8fd2f-al-rendering-path-on-mobile-Mobile-Chrome\test-failed-1.png
    ────────────────────────────────────────────────────────────────────────────────────────────────

    attachment #2: video (video/webm) ──────────────────────────────────────────────────────────────
    ..\..\test-results\performance-mobile-perform-8fd2f-al-rendering-path-on-mobile-Mobile-Chrome\video.webm
    ────────────────────────────────────────────────────────────────────────────────────────────────

    Error Context: ..\..\test-results\performance-mobile-perform-8fd2f-al-rendering-path-on-mobile-Mobile-Chrome\error-context.md
]]>
</failure>
<system-out>
<![CDATA[
[[ATTACHMENT|performance-mobile-perform-8fd2f-al-rendering-path-on-mobile-Mobile-Chrome\test-failed-1.png]]

[[ATTACHMENT|performance-mobile-perform-8fd2f-al-rendering-path-on-mobile-Mobile-Chrome\video.webm]]

[[ATTACHMENT|performance-mobile-perform-8fd2f-al-rendering-path-on-mobile-Mobile-Chrome\error-context.md]]
]]>
</system-out>
</testcase>
</testsuite>
<testsuite name="performance.spec.ts" timestamp="2025-10-29T19:08:05.826Z" hostname="Mobile Chrome" tests="5" failures="2" skipped="0" time="18.799" errors="0">
<testcase name="Performance Tests › Page load times should meet targets" classname="performance.spec.ts" time="5.369">
</testcase>
<testcase name="Performance Tests › Bundle size should be under 250KB" classname="performance.spec.ts" time="2.699">
<failure message="performance.spec.ts:30:7 Bundle size should be under 250KB" type="FAILURE">
<![CDATA[  [Mobile Chrome] › performance.spec.ts:30:7 › Performance Tests › Bundle size should be under 250KB 

    Error: expect(received).toBeLessThan(expected)

    Expected: < 256000
    Received:   1699667

      62 |
      63 |     // Bundle size should be under 250KB (256000 bytes)
    > 64 |     expect(metrics.totalSize).toBeLessThan(256000);
         |                               ^
      65 |
      66 |     // JavaScript bundle should be reasonable
      67 |     expect(metrics.jsSize).toBeLessThan(200000); // 200KB max for JS
        at C:\Dev\Zo\sass-store\tests\e2e\performance.spec.ts:64:31

    attachment #1: screenshot (image/png) ──────────────────────────────────────────────────────────
    ..\..\test-results\performance-Performance-Te-ca441--size-should-be-under-250KB-Mobile-Chrome\test-failed-1.png
    ────────────────────────────────────────────────────────────────────────────────────────────────

    attachment #2: video (video/webm) ──────────────────────────────────────────────────────────────
    ..\..\test-results\performance-Performance-Te-ca441--size-should-be-under-250KB-Mobile-Chrome\video.webm
    ────────────────────────────────────────────────────────────────────────────────────────────────

    Error Context: ..\..\test-results\performance-Performance-Te-ca441--size-should-be-under-250KB-Mobile-Chrome\error-context.md
]]>
</failure>
<system-out>
<![CDATA[
[[ATTACHMENT|performance-Performance-Te-ca441--size-should-be-under-250KB-Mobile-Chrome\test-failed-1.png]]

[[ATTACHMENT|performance-Performance-Te-ca441--size-should-be-under-250KB-Mobile-Chrome\video.webm]]

[[ATTACHMENT|performance-Performance-Te-ca441--size-should-be-under-250KB-Mobile-Chrome\error-context.md]]
]]>
</system-out>
</testcase>
<testcase name="Performance Tests › Core Web Vitals should meet targets" classname="performance.spec.ts" time="4.883">
<system-out>
<![CDATA[Core Web Vitals: { lcp: [33m1348[39m, fcp: [33m1348[39m, cls: [33m0.0412918854589008[39m }
]]>
</system-out>
</testcase>
<testcase name="Performance Tests › Image optimization should be working" classname="performance.spec.ts" time="2.704">
</testcase>
<testcase name="Performance Tests › Caching headers should be set properly" classname="performance.spec.ts" time="3.144">
<failure message="performance.spec.ts:151:7 Caching headers should be set properly" type="FAILURE">
<![CDATA[  [Mobile Chrome] › performance.spec.ts:151:7 › Performance Tests › Caching headers should be set properly 

    Error: expect(received).toContain(expected) // indexOf

    Matcher error: received value must not be null nor undefined

    Received has value: undefined

      171 |         const staticCacheControl = resp.headers()['cache-control'];
      172 |         // Static assets should have long cache times
    > 173 |         expect(staticCacheControl).toContain('max-age');
          |                                    ^
      174 |       }
      175 |     }
      176 |   });
        at C:\Dev\Zo\sass-store\tests\e2e\performance.spec.ts:173:36

    attachment #1: screenshot (image/png) ──────────────────────────────────────────────────────────
    ..\..\test-results\performance-Performance-Te-779ef-ders-should-be-set-properly-Mobile-Chrome\test-failed-1.png
    ────────────────────────────────────────────────────────────────────────────────────────────────

    attachment #2: video (video/webm) ──────────────────────────────────────────────────────────────
    ..\..\test-results\performance-Performance-Te-779ef-ders-should-be-set-properly-Mobile-Chrome\video.webm
    ────────────────────────────────────────────────────────────────────────────────────────────────

    Error Context: ..\..\test-results\performance-Performance-Te-779ef-ders-should-be-set-properly-Mobile-Chrome\error-context.md
]]>
</failure>
<system-out>
<![CDATA[
[[ATTACHMENT|performance-Performance-Te-779ef-ders-should-be-set-properly-Mobile-Chrome\test-failed-1.png]]

[[ATTACHMENT|performance-Performance-Te-779ef-ders-should-be-set-properly-Mobile-Chrome\video.webm]]

[[ATTACHMENT|performance-Performance-Te-779ef-ders-should-be-set-properly-Mobile-Chrome\error-context.md]]
]]>
</system-out>
</testcase>
</testsuite>
<testsuite name="purchase\bundle-and-gift-flows.spec.ts" timestamp="2025-10-29T19:08:05.826Z" hostname="Mobile Chrome" tests="6" failures="1" skipped="0" time="30.504" errors="0">
<testcase name="Bundle Purchase with Cross-Sell - 3 Click Budget › should complete bundle purchase with cross-sell in 3 clicks" classname="purchase\bundle-and-gift-flows.spec.ts" time="1.999">
</testcase>
<testcase name="Bundle Purchase with Cross-Sell - 3 Click Budget › should show bundle savings and item breakdown" classname="purchase\bundle-and-gift-flows.spec.ts" time="3.42">
</testcase>
<testcase name="Gift Purchase Flow - 3 Click Budget › should complete gift purchase with gift options in 3 clicks" classname="purchase\bundle-and-gift-flows.spec.ts" time="3.222">
</testcase>
<testcase name="Gift Purchase Flow - 3 Click Budget › should allow custom gift message" classname="purchase\bundle-and-gift-flows.spec.ts" time="17.83">
<failure message="bundle-and-gift-flows.spec.ts:175:7 should allow custom gift message" type="FAILURE">
<![CDATA[  [Mobile Chrome] › purchase\bundle-and-gift-flows.spec.ts:175:7 › Gift Purchase Flow - 3 Click Budget › should allow custom gift message 

    TimeoutError: locator.click: Timeout 15000ms exceeded.
    Call log:
      - waiting for locator('[data-testid="product-card"]').first()


      178 |     // Find a product and add as gift
      179 |     const firstProduct = page.locator('[data-testid="product-card"]').first();
    > 180 |     await firstProduct.click();
          |                        ^
      181 |
      182 |     const giftOption = page.locator('[data-testid="gift-option"], input[type="checkbox"][name*="gift"]');
      183 |     if (await giftOption.isVisible()) {
        at C:\Dev\Zo\sass-store\tests\e2e\purchase\bundle-and-gift-flows.spec.ts:180:24

    attachment #1: screenshot (image/png) ──────────────────────────────────────────────────────────
    ..\..\test-results\purchase-bundle-and-gift-f-8d635-d-allow-custom-gift-message-Mobile-Chrome\test-failed-1.png
    ────────────────────────────────────────────────────────────────────────────────────────────────

    attachment #2: video (video/webm) ──────────────────────────────────────────────────────────────
    ..\..\test-results\purchase-bundle-and-gift-f-8d635-d-allow-custom-gift-message-Mobile-Chrome\video.webm
    ────────────────────────────────────────────────────────────────────────────────────────────────

    Error Context: ..\..\test-results\purchase-bundle-and-gift-f-8d635-d-allow-custom-gift-message-Mobile-Chrome\error-context.md
]]>
</failure>
<system-out>
<![CDATA[
[[ATTACHMENT|purchase-bundle-and-gift-f-8d635-d-allow-custom-gift-message-Mobile-Chrome\test-failed-1.png]]

[[ATTACHMENT|purchase-bundle-and-gift-f-8d635-d-allow-custom-gift-message-Mobile-Chrome\video.webm]]

[[ATTACHMENT|purchase-bundle-and-gift-f-8d635-d-allow-custom-gift-message-Mobile-Chrome\error-context.md]]
]]>
</system-out>
</testcase>
<testcase name="Gift Purchase Flow - 3 Click Budget › should show gift pricing with wrap costs" classname="purchase\bundle-and-gift-flows.spec.ts" time="1.497">
</testcase>
<testcase name="Gift Purchase Flow - 3 Click Budget › should support scheduling gift delivery" classname="purchase\bundle-and-gift-flows.spec.ts" time="2.536">
</testcase>
</testsuite>
<testsuite name="quotas\cost-guards.spec.ts" timestamp="2025-10-29T19:08:05.826Z" hostname="Mobile Chrome" tests="8" failures="7" skipped="0" time="76.073" errors="0">
<testcase name="Quotas and Cost Guards E2E Tests › Eco Mode (50% budget) - Reduced features and quality" classname="quotas\cost-guards.spec.ts" time="8.557">
<failure message="cost-guards.spec.ts:14:7 Eco Mode (50% budget) - Reduced features and quality" type="FAILURE">
<![CDATA[  [Mobile Chrome] › quotas\cost-guards.spec.ts:14:7 › Quotas and Cost Guards E2E Tests › Eco Mode (50% budget) - Reduced features and quality 

    Error: expect(locator).toBeVisible() failed

    Locator: locator('[data-testid="eco-mode-banner"]')
    Expected: visible
    Timeout: 5000ms
    Error: element(s) not found

    Call log:
      - Expect "toBeVisible" with timeout 5000ms
      - waiting for locator('[data-testid="eco-mode-banner"]')


      38 |
      39 |       // Verify eco mode banner is displayed
    > 40 |       await expect(page.locator('[data-testid="eco-mode-banner"]')).toBeVisible();
         |                                                                     ^
      41 |       await expect(page.locator('[data-testid="eco-mode-banner"]')).toContainText('Eco Mode');
      42 |
      43 |       // Verify reduced image quality (requirement: 1 imagen en eco)
        at C:\Dev\Zo\sass-store\tests\e2e\quotas\cost-guards.spec.ts:40:69

    attachment #1: screenshot (image/png) ──────────────────────────────────────────────────────────
    ..\..\test-results\quotas-cost-guards-Quotas--0b9f0-educed-features-and-quality-Mobile-Chrome\test-failed-1.png
    ────────────────────────────────────────────────────────────────────────────────────────────────

    attachment #2: video (video/webm) ──────────────────────────────────────────────────────────────
    ..\..\test-results\quotas-cost-guards-Quotas--0b9f0-educed-features-and-quality-Mobile-Chrome\video.webm
    ────────────────────────────────────────────────────────────────────────────────────────────────

    Error Context: ..\..\test-results\quotas-cost-guards-Quotas--0b9f0-educed-features-and-quality-Mobile-Chrome\error-context.md
]]>
</failure>
<system-out>
<![CDATA[
[[ATTACHMENT|quotas-cost-guards-Quotas--0b9f0-educed-features-and-quality-Mobile-Chrome\test-failed-1.png]]

[[ATTACHMENT|quotas-cost-guards-Quotas--0b9f0-educed-features-and-quality-Mobile-Chrome\video.webm]]

[[ATTACHMENT|quotas-cost-guards-Quotas--0b9f0-educed-features-and-quality-Mobile-Chrome\error-context.md]]
]]>
</system-out>
</testcase>
<testcase name="Quotas and Cost Guards E2E Tests › Warning Mode (80% budget) - Usage notifications" classname="quotas\cost-guards.spec.ts" time="13.765">
<failure message="cost-guards.spec.ts:79:7 Warning Mode (80% budget) - Usage notifications" type="FAILURE">
<![CDATA[  [Mobile Chrome] › quotas\cost-guards.spec.ts:79:7 › Quotas and Cost Guards E2E Tests › Warning Mode (80% budget) - Usage notifications 

    Error: expect(locator).toBeVisible() failed

    Locator: locator('[data-testid="warning-banner"]')
    Expected: visible
    Timeout: 5000ms
    Error: element(s) not found

    Call log:
      - Expect "toBeVisible" with timeout 5000ms
      - waiting for locator('[data-testid="warning-banner"]')


      103 |
      104 |       // Verify warning banner is displayed
    > 105 |       await expect(page.locator('[data-testid="warning-banner"]')).toBeVisible();
          |                                                                    ^
      106 |       await expect(page.locator('[data-testid="warning-banner"]')).toContainText('80%');
      107 |
      108 |       // Verify usage notifications
        at C:\Dev\Zo\sass-store\tests\e2e\quotas\cost-guards.spec.ts:105:68

    attachment #1: screenshot (image/png) ──────────────────────────────────────────────────────────
    ..\..\test-results\quotas-cost-guards-Quotas--a7f43-udget---Usage-notifications-Mobile-Chrome\test-failed-1.png
    ────────────────────────────────────────────────────────────────────────────────────────────────

    attachment #2: video (video/webm) ──────────────────────────────────────────────────────────────
    ..\..\test-results\quotas-cost-guards-Quotas--a7f43-udget---Usage-notifications-Mobile-Chrome\video.webm
    ────────────────────────────────────────────────────────────────────────────────────────────────

    Error Context: ..\..\test-results\quotas-cost-guards-Quotas--a7f43-udget---Usage-notifications-Mobile-Chrome\error-context.md
]]>
</failure>
<system-out>
<![CDATA[
[[ATTACHMENT|quotas-cost-guards-Quotas--a7f43-udget---Usage-notifications-Mobile-Chrome\test-failed-1.png]]

[[ATTACHMENT|quotas-cost-guards-Quotas--a7f43-udget---Usage-notifications-Mobile-Chrome\video.webm]]

[[ATTACHMENT|quotas-cost-guards-Quotas--a7f43-udget---Usage-notifications-Mobile-Chrome\error-context.md]]
]]>
</system-out>
</testcase>
<testcase name="Quotas and Cost Guards E2E Tests › Freeze Mode (90% budget) - Write operations disabled" classname="quotas\cost-guards.spec.ts" time="13.552">
<failure message="cost-guards.spec.ts:130:7 Freeze Mode (90% budget) - Write operations disabled" type="FAILURE">
<![CDATA[  [Mobile Chrome] › quotas\cost-guards.spec.ts:130:7 › Quotas and Cost Guards E2E Tests › Freeze Mode (90% budget) - Write operations disabled 

    Error: expect(locator).toBeVisible() failed

    Locator: locator('[data-testid="freeze-banner"]')
    Expected: visible
    Timeout: 5000ms
    Error: element(s) not found

    Call log:
      - Expect "toBeVisible" with timeout 5000ms
      - waiting for locator('[data-testid="freeze-banner"]')


      154 |
      155 |       // Verify freeze mode banner
    > 156 |       await expect(page.locator('[data-testid="freeze-banner"]')).toBeVisible();
          |                                                                   ^
      157 |       await expect(page.locator('[data-testid="freeze-banner"]')).toContainText('read-only');
      158 |
      159 |       // Verify write operations are disabled
        at C:\Dev\Zo\sass-store\tests\e2e\quotas\cost-guards.spec.ts:156:67

    attachment #1: screenshot (image/png) ──────────────────────────────────────────────────────────
    ..\..\test-results\quotas-cost-guards-Quotas--b802f---Write-operations-disabled-Mobile-Chrome\test-failed-1.png
    ────────────────────────────────────────────────────────────────────────────────────────────────

    attachment #2: video (video/webm) ──────────────────────────────────────────────────────────────
    ..\..\test-results\quotas-cost-guards-Quotas--b802f---Write-operations-disabled-Mobile-Chrome\video.webm
    ────────────────────────────────────────────────────────────────────────────────────────────────

    Error Context: ..\..\test-results\quotas-cost-guards-Quotas--b802f---Write-operations-disabled-Mobile-Chrome\error-context.md
]]>
</failure>
<system-out>
<![CDATA[
[[ATTACHMENT|quotas-cost-guards-Quotas--b802f---Write-operations-disabled-Mobile-Chrome\test-failed-1.png]]

[[ATTACHMENT|quotas-cost-guards-Quotas--b802f---Write-operations-disabled-Mobile-Chrome\video.webm]]

[[ATTACHMENT|quotas-cost-guards-Quotas--b802f---Write-operations-disabled-Mobile-Chrome\error-context.md]]
]]>
</system-out>
</testcase>
<testcase name="Quotas and Cost Guards E2E Tests › Kill Switch (100% budget) - Service unavailable" classname="quotas\cost-guards.spec.ts" time="10.008">
<failure message="cost-guards.spec.ts:196:7 Kill Switch (100% budget) - Service unavailable" type="FAILURE">
<![CDATA[  [Mobile Chrome] › quotas\cost-guards.spec.ts:196:7 › Quotas and Cost Guards E2E Tests › Kill Switch (100% budget) - Service unavailable 

    Error: expect(locator).toBeVisible() failed

    Locator: locator('[data-testid="maintenance-mode"]')
    Expected: visible
    Timeout: 5000ms
    Error: element(s) not found

    Call log:
      - Expect "toBeVisible" with timeout 5000ms
      - waiting for locator('[data-testid="maintenance-mode"]')


      212 |
      213 |       // Verify maintenance mode is displayed
    > 214 |       await expect(page.locator('[data-testid="maintenance-mode"]')).toBeVisible();
          |                                                                      ^
      215 |       await expect(page.locator('[data-testid="maintenance-message"]')).toContainText('temporarily unavailable');
      216 |
      217 |       // Verify normal content is not accessible
        at C:\Dev\Zo\sass-store\tests\e2e\quotas\cost-guards.spec.ts:214:70

    attachment #1: screenshot (image/png) ──────────────────────────────────────────────────────────
    ..\..\test-results\quotas-cost-guards-Quotas--a40ea-udget---Service-unavailable-Mobile-Chrome\test-failed-1.png
    ────────────────────────────────────────────────────────────────────────────────────────────────

    attachment #2: video (video/webm) ──────────────────────────────────────────────────────────────
    ..\..\test-results\quotas-cost-guards-Quotas--a40ea-udget---Service-unavailable-Mobile-Chrome\video.webm
    ────────────────────────────────────────────────────────────────────────────────────────────────

    Error Context: ..\..\test-results\quotas-cost-guards-Quotas--a40ea-udget---Service-unavailable-Mobile-Chrome\error-context.md
]]>
</failure>
<system-out>
<![CDATA[
[[ATTACHMENT|quotas-cost-guards-Quotas--a40ea-udget---Service-unavailable-Mobile-Chrome\test-failed-1.png]]

[[ATTACHMENT|quotas-cost-guards-Quotas--a40ea-udget---Service-unavailable-Mobile-Chrome\video.webm]]

[[ATTACHMENT|quotas-cost-guards-Quotas--a40ea-udget---Service-unavailable-Mobile-Chrome\error-context.md]]
]]>
</system-out>
</testcase>
<testcase name="Quotas and Cost Guards E2E Tests › Quota API - 429 responses with retry headers" classname="quotas\cost-guards.spec.ts" time="4.049">
<system-out>
<![CDATA[✅ API rate limiting with proper 429 responses
]]>
</system-out>
</testcase>
<testcase name="Quotas and Cost Guards E2E Tests › Resource Limits - Storage, API calls, connections" classname="quotas\cost-guards.spec.ts" time="6.099">
<failure message="cost-guards.spec.ts:274:7 Resource Limits - Storage, API calls, connections" type="FAILURE">
<![CDATA[  [Mobile Chrome] › quotas\cost-guards.spec.ts:274:7 › Quotas and Cost Guards E2E Tests › Resource Limits - Storage, API calls, connections 

    Error: expect(received).toBeGreaterThan(expected)

    Expected: > 0
    Received:   0

      314 |
      315 |     // Should have some rate limiting at high request volumes
    > 316 |     expect(rateLimited.length).toBeGreaterThan(0);
          |                                ^
      317 |
      318 |     console.log(`✅ Resource limits properly enforced`);
      319 |   });
        at C:\Dev\Zo\sass-store\tests\e2e\quotas\cost-guards.spec.ts:316:32

    attachment #1: screenshot (image/png) ──────────────────────────────────────────────────────────
    ..\..\test-results\quotas-cost-guards-Quotas--833cb-orage-API-calls-connections-Mobile-Chrome\test-failed-1.png
    ────────────────────────────────────────────────────────────────────────────────────────────────

    attachment #2: video (video/webm) ──────────────────────────────────────────────────────────────
    ..\..\test-results\quotas-cost-guards-Quotas--833cb-orage-API-calls-connections-Mobile-Chrome\video.webm
    ────────────────────────────────────────────────────────────────────────────────────────────────
]]>
</failure>
<system-out>
<![CDATA[
[[ATTACHMENT|quotas-cost-guards-Quotas--833cb-orage-API-calls-connections-Mobile-Chrome\test-failed-1.png]]

[[ATTACHMENT|quotas-cost-guards-Quotas--833cb-orage-API-calls-connections-Mobile-Chrome\video.webm]]
]]>
</system-out>
</testcase>
<testcase name="Quotas and Cost Guards E2E Tests › Quota Recovery - Service restoration after limits reset" classname="quotas\cost-guards.spec.ts" time="10.905">
<failure message="cost-guards.spec.ts:321:7 Quota Recovery - Service restoration after limits reset" type="FAILURE">
<![CDATA[  [Mobile Chrome] › quotas\cost-guards.spec.ts:321:7 › Quotas and Cost Guards E2E Tests › Quota Recovery - Service restoration after limits reset 

    Error: expect(locator).toBeVisible() failed

    Locator: locator('[data-testid="maintenance-mode"]')
    Expected: visible
    Timeout: 5000ms
    Error: element(s) not found

    Call log:
      - Expect "toBeVisible" with timeout 5000ms
      - waiting for locator('[data-testid="maintenance-mode"]')


      336 |
      337 |       await page.goto(`/t/${tenant}`);
    > 338 |       await expect(page.locator('[data-testid="maintenance-mode"]')).toBeVisible();
          |                                                                      ^
      339 |
      340 |       // Simulate quota reset (new billing cycle)
      341 |       await page.route('/api/v1/quota/status', route => {
        at C:\Dev\Zo\sass-store\tests\e2e\quotas\cost-guards.spec.ts:338:70

    attachment #1: screenshot (image/png) ──────────────────────────────────────────────────────────
    ..\..\test-results\quotas-cost-guards-Quotas--44100-toration-after-limits-reset-Mobile-Chrome\test-failed-1.png
    ────────────────────────────────────────────────────────────────────────────────────────────────

    attachment #2: video (video/webm) ──────────────────────────────────────────────────────────────
    ..\..\test-results\quotas-cost-guards-Quotas--44100-toration-after-limits-reset-Mobile-Chrome\video.webm
    ────────────────────────────────────────────────────────────────────────────────────────────────

    Error Context: ..\..\test-results\quotas-cost-guards-Quotas--44100-toration-after-limits-reset-Mobile-Chrome\error-context.md
]]>
</failure>
<system-out>
<![CDATA[
[[ATTACHMENT|quotas-cost-guards-Quotas--44100-toration-after-limits-reset-Mobile-Chrome\test-failed-1.png]]

[[ATTACHMENT|quotas-cost-guards-Quotas--44100-toration-after-limits-reset-Mobile-Chrome\video.webm]]

[[ATTACHMENT|quotas-cost-guards-Quotas--44100-toration-after-limits-reset-Mobile-Chrome\error-context.md]]
]]>
</system-out>
</testcase>
<testcase name="Quotas and Cost Guards E2E Tests › Budget Notifications - Progressive alerts" classname="quotas\cost-guards.spec.ts" time="9.138">
<failure message="cost-guards.spec.ts:366:7 Budget Notifications - Progressive alerts" type="FAILURE">
<![CDATA[  [Mobile Chrome] › quotas\cost-guards.spec.ts:366:7 › Quotas and Cost Guards E2E Tests › Budget Notifications - Progressive alerts 

    Error: expect(locator).toBeVisible() failed

    Locator: locator('[data-testid="eco-mode-banner"]')
    Expected: visible
    Timeout: 5000ms
    Error: element(s) not found

    Call log:
      - Expect "toBeVisible" with timeout 5000ms
      - waiting for locator('[data-testid="eco-mode-banner"]')


      389 |
      390 |       // Verify appropriate banner is shown
    > 391 |       await expect(page.locator(`[data-testid="${level.banner}"]`)).toBeVisible();
          |                                                                     ^
      392 |
      393 |       console.log(`✅ Budget notification at ${level.usage}% working`);
      394 |     }
        at C:\Dev\Zo\sass-store\tests\e2e\quotas\cost-guards.spec.ts:391:69

    attachment #1: screenshot (image/png) ──────────────────────────────────────────────────────────
    ..\..\test-results\quotas-cost-guards-Quotas--adb94-ations---Progressive-alerts-Mobile-Chrome\test-failed-1.png
    ────────────────────────────────────────────────────────────────────────────────────────────────

    attachment #2: video (video/webm) ──────────────────────────────────────────────────────────────
    ..\..\test-results\quotas-cost-guards-Quotas--adb94-ations---Progressive-alerts-Mobile-Chrome\video.webm
    ────────────────────────────────────────────────────────────────────────────────────────────────

    Error Context: ..\..\test-results\quotas-cost-guards-Quotas--adb94-ations---Progressive-alerts-Mobile-Chrome\error-context.md
]]>
</failure>
<system-out>
<![CDATA[
[[ATTACHMENT|quotas-cost-guards-Quotas--adb94-ations---Progressive-alerts-Mobile-Chrome\test-failed-1.png]]

[[ATTACHMENT|quotas-cost-guards-Quotas--adb94-ations---Progressive-alerts-Mobile-Chrome\video.webm]]

[[ATTACHMENT|quotas-cost-guards-Quotas--adb94-ations---Progressive-alerts-Mobile-Chrome\error-context.md]]
]]>
</system-out>
</testcase>
</testsuite>
<testsuite name="reorder\smart-reorder.spec.ts" timestamp="2025-10-29T19:08:05.826Z" hostname="Mobile Chrome" tests="6" failures="1" skipped="0" time="31.584" errors="0">
<testcase name="Smart Reorder with Substitutions - 1 Click Budget › should complete smart reorder with substitutions in 1 click" classname="reorder\smart-reorder.spec.ts" time="1.9">
<failure message="smart-reorder.spec.ts:9:7 should complete smart reorder with substitutions in 1 click" type="FAILURE">
<![CDATA[  [Mobile Chrome] › reorder\smart-reorder.spec.ts:9:7 › Smart Reorder with Substitutions - 1 Click Budget › should complete smart reorder with substitutions in 1 click 

    Error: expect(received).toBe(expected) // Object.is equality

    Expected: 1
    Received: 0

      46 |     // Verify click budget met (exactly 1 click)
      47 |     const finalClickCount = await page.evaluate(() => (window as any).clickCount || 0);
    > 48 |     expect(finalClickCount).toBe(1);
         |                             ^
      49 |   });
      50 |
      51 |   test('should detect out-of-stock items and suggest alternatives', async ({ page }) => {
        at C:\Dev\Zo\sass-store\tests\e2e\reorder\smart-reorder.spec.ts:48:29

    attachment #1: screenshot (image/png) ──────────────────────────────────────────────────────────
    ..\..\test-results\reorder-smart-reorder-Smar-4cf96-th-substitutions-in-1-click-Mobile-Chrome\test-failed-1.png
    ────────────────────────────────────────────────────────────────────────────────────────────────

    attachment #2: video (video/webm) ──────────────────────────────────────────────────────────────
    ..\..\test-results\reorder-smart-reorder-Smar-4cf96-th-substitutions-in-1-click-Mobile-Chrome\video.webm
    ────────────────────────────────────────────────────────────────────────────────────────────────

    Error Context: ..\..\test-results\reorder-smart-reorder-Smar-4cf96-th-substitutions-in-1-click-Mobile-Chrome\error-context.md
]]>
</failure>
<system-out>
<![CDATA[
[[ATTACHMENT|reorder-smart-reorder-Smar-4cf96-th-substitutions-in-1-click-Mobile-Chrome\test-failed-1.png]]

[[ATTACHMENT|reorder-smart-reorder-Smar-4cf96-th-substitutions-in-1-click-Mobile-Chrome\video.webm]]

[[ATTACHMENT|reorder-smart-reorder-Smar-4cf96-th-substitutions-in-1-click-Mobile-Chrome\error-context.md]]
]]>
</system-out>
</testcase>
<testcase name="Smart Reorder with Substitutions - 1 Click Budget › should detect out-of-stock items and suggest alternatives" classname="reorder\smart-reorder.spec.ts" time="1.437">
</testcase>
<testcase name="Smart Reorder with Substitutions - 1 Click Budget › should apply smart substitution preferences" classname="reorder\smart-reorder.spec.ts" time="1.496">
</testcase>
<testcase name="Smart Reorder with Substitutions - 1 Click Budget › should show price comparison for substitutions" classname="reorder\smart-reorder.spec.ts" time="13.511">
</testcase>
<testcase name="Smart Reorder with Substitutions - 1 Click Budget › should handle complete inventory check before reorder" classname="reorder\smart-reorder.spec.ts" time="1.587">
</testcase>
<testcase name="Smart Reorder with Substitutions - 1 Click Budget › should maintain order history with substitution records" classname="reorder\smart-reorder.spec.ts" time="11.653">
</testcase>
</testsuite>
<testsuite name="reviews.spec.ts" timestamp="2025-10-29T19:08:05.826Z" hostname="Mobile Chrome" tests="7" failures="6" skipped="0" time="128.173" errors="0">
<testcase name="Product Reviews E2E Flow › should display existing reviews" classname="reviews.spec.ts" time="27.167">
<failure message="reviews.spec.ts:9:7 should display existing reviews" type="FAILURE">
<![CDATA[  [Mobile Chrome] › reviews.spec.ts:9:7 › Product Reviews E2E Flow › should display existing reviews 

    TimeoutError: page.waitForSelector: Timeout 15000ms exceeded.
    Call log:
      - waiting for locator('[data-testid="review-list"]') to be visible


       9 |   test('should display existing reviews', async ({ page }) => {
      10 |     // Wait for reviews section to load
    > 11 |     await page.waitForSelector('[data-testid="review-list"]');
         |                ^
      12 |
      13 |     // Check if reviews are visible
      14 |     const reviews = page.locator('[data-testid="product-review"]');
        at C:\Dev\Zo\sass-store\tests\e2e\reviews.spec.ts:11:16

    attachment #1: screenshot (image/png) ──────────────────────────────────────────────────────────
    ..\..\test-results\reviews-Product-Reviews-E2-37263-ld-display-existing-reviews-Mobile-Chrome\test-failed-1.png
    ────────────────────────────────────────────────────────────────────────────────────────────────

    attachment #2: video (video/webm) ──────────────────────────────────────────────────────────────
    ..\..\test-results\reviews-Product-Reviews-E2-37263-ld-display-existing-reviews-Mobile-Chrome\video.webm
    ────────────────────────────────────────────────────────────────────────────────────────────────

    Error Context: ..\..\test-results\reviews-Product-Reviews-E2-37263-ld-display-existing-reviews-Mobile-Chrome\error-context.md
]]>
</failure>
<system-out>
<![CDATA[
[[ATTACHMENT|reviews-Product-Reviews-E2-37263-ld-display-existing-reviews-Mobile-Chrome\test-failed-1.png]]

[[ATTACHMENT|reviews-Product-Reviews-E2-37263-ld-display-existing-reviews-Mobile-Chrome\video.webm]]

[[ATTACHMENT|reviews-Product-Reviews-E2-37263-ld-display-existing-reviews-Mobile-Chrome\error-context.md]]
]]>
</system-out>
</testcase>
<testcase name="Product Reviews E2E Flow › should submit a new review successfully" classname="reviews.spec.ts" time="26.48">
<failure message="reviews.spec.ts:20:7 should submit a new review successfully" type="FAILURE">
<![CDATA[  [Mobile Chrome] › reviews.spec.ts:20:7 › Product Reviews E2E Flow › should submit a new review successfully 

    TimeoutError: locator.scrollIntoViewIfNeeded: Timeout 15000ms exceeded.
    Call log:
      - waiting for locator('[data-testid="review-form"]')


      20 |   test('should submit a new review successfully', async ({ page }) => {
      21 |     // Scroll to review form
    > 22 |     await page.locator('[data-testid="review-form"]').scrollIntoViewIfNeeded();
         |                                                       ^
      23 |
      24 |     // Fill in the review form
      25 |     await page.click('[data-testid="star-rating-5"]');
        at C:\Dev\Zo\sass-store\tests\e2e\reviews.spec.ts:22:55

    attachment #1: screenshot (image/png) ──────────────────────────────────────────────────────────
    ..\..\test-results\reviews-Product-Reviews-E2-ef76a-t-a-new-review-successfully-Mobile-Chrome\test-failed-1.png
    ────────────────────────────────────────────────────────────────────────────────────────────────

    attachment #2: video (video/webm) ──────────────────────────────────────────────────────────────
    ..\..\test-results\reviews-Product-Reviews-E2-ef76a-t-a-new-review-successfully-Mobile-Chrome\video.webm
    ────────────────────────────────────────────────────────────────────────────────────────────────

    Error Context: ..\..\test-results\reviews-Product-Reviews-E2-ef76a-t-a-new-review-successfully-Mobile-Chrome\error-context.md
]]>
</failure>
<system-out>
<![CDATA[
[[ATTACHMENT|reviews-Product-Reviews-E2-ef76a-t-a-new-review-successfully-Mobile-Chrome\test-failed-1.png]]

[[ATTACHMENT|reviews-Product-Reviews-E2-ef76a-t-a-new-review-successfully-Mobile-Chrome\video.webm]]

[[ATTACHMENT|reviews-Product-Reviews-E2-ef76a-t-a-new-review-successfully-Mobile-Chrome\error-context.md]]
]]>
</system-out>
</testcase>
<testcase name="Product Reviews E2E Flow › should validate required fields" classname="reviews.spec.ts" time="28.449">
<failure message="reviews.spec.ts:38:7 should validate required fields" type="FAILURE">
<![CDATA[  [Mobile Chrome] › reviews.spec.ts:38:7 › Product Reviews E2E Flow › should validate required fields 

    TimeoutError: locator.scrollIntoViewIfNeeded: Timeout 15000ms exceeded.
    Call log:
      - waiting for locator('[data-testid="review-form"]')


      38 |   test('should validate required fields', async ({ page }) => {
      39 |     // Try to submit without filling required fields
    > 40 |     await page.locator('[data-testid="review-form"]').scrollIntoViewIfNeeded();
         |                                                       ^
      41 |     await page.click('[data-testid="submit-review"]');
      42 |
      43 |     // Should show validation error
        at C:\Dev\Zo\sass-store\tests\e2e\reviews.spec.ts:40:55

    attachment #1: screenshot (image/png) ──────────────────────────────────────────────────────────
    ..\..\test-results\reviews-Product-Reviews-E2-b977f-ld-validate-required-fields-Mobile-Chrome\test-failed-1.png
    ────────────────────────────────────────────────────────────────────────────────────────────────

    attachment #2: video (video/webm) ──────────────────────────────────────────────────────────────
    ..\..\test-results\reviews-Product-Reviews-E2-b977f-ld-validate-required-fields-Mobile-Chrome\video.webm
    ────────────────────────────────────────────────────────────────────────────────────────────────

    Error Context: ..\..\test-results\reviews-Product-Reviews-E2-b977f-ld-validate-required-fields-Mobile-Chrome\error-context.md
]]>
</failure>
<system-out>
<![CDATA[
[[ATTACHMENT|reviews-Product-Reviews-E2-b977f-ld-validate-required-fields-Mobile-Chrome\test-failed-1.png]]

[[ATTACHMENT|reviews-Product-Reviews-E2-b977f-ld-validate-required-fields-Mobile-Chrome\video.webm]]

[[ATTACHMENT|reviews-Product-Reviews-E2-b977f-ld-validate-required-fields-Mobile-Chrome\error-context.md]]
]]>
</system-out>
</testcase>
<testcase name="Product Reviews E2E Flow › should allow marking review as helpful" classname="reviews.spec.ts" time="18.196">
<failure message="reviews.spec.ts:47:7 should allow marking review as helpful" type="FAILURE">
<![CDATA[  [Mobile Chrome] › reviews.spec.ts:47:7 › Product Reviews E2E Flow › should allow marking review as helpful 

    TimeoutError: page.waitForSelector: Timeout 15000ms exceeded.
    Call log:
      - waiting for locator('[data-testid="product-review"]') to be visible


      47 |   test('should allow marking review as helpful', async ({ page }) => {
      48 |     // Wait for reviews to load
    > 49 |     await page.waitForSelector('[data-testid="product-review"]');
         |                ^
      50 |
      51 |     // Get initial helpful count
      52 |     const helpfulButton = page.locator('[data-testid="helpful-button"]').first();
        at C:\Dev\Zo\sass-store\tests\e2e\reviews.spec.ts:49:16

    attachment #1: screenshot (image/png) ──────────────────────────────────────────────────────────
    ..\..\test-results\reviews-Product-Reviews-E2-752c4-w-marking-review-as-helpful-Mobile-Chrome\test-failed-1.png
    ────────────────────────────────────────────────────────────────────────────────────────────────

    attachment #2: video (video/webm) ──────────────────────────────────────────────────────────────
    ..\..\test-results\reviews-Product-Reviews-E2-752c4-w-marking-review-as-helpful-Mobile-Chrome\video.webm
    ────────────────────────────────────────────────────────────────────────────────────────────────

    Error Context: ..\..\test-results\reviews-Product-Reviews-E2-752c4-w-marking-review-as-helpful-Mobile-Chrome\error-context.md
]]>
</failure>
<system-out>
<![CDATA[
[[ATTACHMENT|reviews-Product-Reviews-E2-752c4-w-marking-review-as-helpful-Mobile-Chrome\test-failed-1.png]]

[[ATTACHMENT|reviews-Product-Reviews-E2-752c4-w-marking-review-as-helpful-Mobile-Chrome\video.webm]]

[[ATTACHMENT|reviews-Product-Reviews-E2-752c4-w-marking-review-as-helpful-Mobile-Chrome\error-context.md]]
]]>
</system-out>
</testcase>
<testcase name="Product Reviews E2E Flow › should display average rating" classname="reviews.spec.ts" time="7.004">
<failure message="reviews.spec.ts:69:7 should display average rating" type="FAILURE">
<![CDATA[  [Mobile Chrome] › reviews.spec.ts:69:7 › Product Reviews E2E Flow › should display average rating 

    Error: expect(locator).toBeVisible() failed

    Locator: locator('[data-testid="average-rating"]')
    Expected: visible
    Timeout: 5000ms
    Error: element(s) not found

    Call log:
      - Expect "toBeVisible" with timeout 5000ms
      - waiting for locator('[data-testid="average-rating"]')


      70 |     // Check for average rating display
      71 |     const avgRating = page.locator('[data-testid="average-rating"]');
    > 72 |     await expect(avgRating).toBeVisible();
         |                             ^
      73 |
      74 |     // Verify it's a valid rating (1-5)
      75 |     const ratingText = await avgRating.textContent();
        at C:\Dev\Zo\sass-store\tests\e2e\reviews.spec.ts:72:29

    attachment #1: screenshot (image/png) ──────────────────────────────────────────────────────────
    ..\..\test-results\reviews-Product-Reviews-E2-6bb08-ould-display-average-rating-Mobile-Chrome\test-failed-1.png
    ────────────────────────────────────────────────────────────────────────────────────────────────

    attachment #2: video (video/webm) ──────────────────────────────────────────────────────────────
    ..\..\test-results\reviews-Product-Reviews-E2-6bb08-ould-display-average-rating-Mobile-Chrome\video.webm
    ────────────────────────────────────────────────────────────────────────────────────────────────

    Error Context: ..\..\test-results\reviews-Product-Reviews-E2-6bb08-ould-display-average-rating-Mobile-Chrome\error-context.md
]]>
</failure>
<system-out>
<![CDATA[
[[ATTACHMENT|reviews-Product-Reviews-E2-6bb08-ould-display-average-rating-Mobile-Chrome\test-failed-1.png]]

[[ATTACHMENT|reviews-Product-Reviews-E2-6bb08-ould-display-average-rating-Mobile-Chrome\video.webm]]

[[ATTACHMENT|reviews-Product-Reviews-E2-6bb08-ould-display-average-rating-Mobile-Chrome\error-context.md]]
]]>
</system-out>
</testcase>
<testcase name="Product Reviews E2E Flow › should filter reviews by rating" classname="reviews.spec.ts" time="18.328">
<failure message="reviews.spec.ts:82:7 should filter reviews by rating" type="FAILURE">
<![CDATA[  [Mobile Chrome] › reviews.spec.ts:82:7 › Product Reviews E2E Flow › should filter reviews by rating 

    TimeoutError: page.click: Timeout 15000ms exceeded.
    Call log:
      - waiting for locator('[data-testid="filter-5-stars"]')


      82 |   test('should filter reviews by rating', async ({ page }) => {
      83 |     // Click on 5-star filter
    > 84 |     await page.click('[data-testid="filter-5-stars"]');
         |                ^
      85 |
      86 |     // Wait for filtered results
      87 |     await page.waitForTimeout(500);
        at C:\Dev\Zo\sass-store\tests\e2e\reviews.spec.ts:84:16

    attachment #1: screenshot (image/png) ──────────────────────────────────────────────────────────
    ..\..\test-results\reviews-Product-Reviews-E2-df91c-ld-filter-reviews-by-rating-Mobile-Chrome\test-failed-1.png
    ────────────────────────────────────────────────────────────────────────────────────────────────

    attachment #2: video (video/webm) ──────────────────────────────────────────────────────────────
    ..\..\test-results\reviews-Product-Reviews-E2-df91c-ld-filter-reviews-by-rating-Mobile-Chrome\video.webm
    ────────────────────────────────────────────────────────────────────────────────────────────────

    Error Context: ..\..\test-results\reviews-Product-Reviews-E2-df91c-ld-filter-reviews-by-rating-Mobile-Chrome\error-context.md
]]>
</failure>
<system-out>
<![CDATA[
[[ATTACHMENT|reviews-Product-Reviews-E2-df91c-ld-filter-reviews-by-rating-Mobile-Chrome\test-failed-1.png]]

[[ATTACHMENT|reviews-Product-Reviews-E2-df91c-ld-filter-reviews-by-rating-Mobile-Chrome\video.webm]]

[[ATTACHMENT|reviews-Product-Reviews-E2-df91c-ld-filter-reviews-by-rating-Mobile-Chrome\error-context.md]]
]]>
</system-out>
</testcase>
<testcase name="Product Reviews E2E Flow › should load more reviews on scroll" classname="reviews.spec.ts" time="2.549">
</testcase>
</testsuite>
<testsuite name="rls\booking-system-isolation.spec.ts" timestamp="2025-10-29T19:08:05.826Z" hostname="Mobile Chrome" tests="7" failures="2" skipped="0" time="10.655" errors="0">
<testcase name="Booking System Tenant Isolation › should only show staff from current tenant" classname="rls\booking-system-isolation.spec.ts" time="2.128">
</testcase>
<testcase name="Booking System Tenant Isolation › should not display other tenant bookings in calendar" classname="rls\booking-system-isolation.spec.ts" time="1.623">
</testcase>
<testcase name="Booking System Tenant Isolation › should prevent access to other tenant booking via direct URL" classname="rls\booking-system-isolation.spec.ts" time="1.844">
</testcase>
<testcase name="Booking System Tenant Isolation › should isolate staff API endpoints by tenant" classname="rls\booking-system-isolation.spec.ts" time="0.063">
<failure message="booking-system-isolation.spec.ts:106:7 should isolate staff API endpoints by tenant" type="FAILURE">
<![CDATA[  [Mobile Chrome] › rls\booking-system-isolation.spec.ts:106:7 › Booking System Tenant Isolation › should isolate staff API endpoints by tenant 

    Error: expect(received).toBeTruthy()

    Received: false

      107 |     // Get wondernails staff
      108 |     const wondernailsStaff = await request.get('/api/staff?tenant=wondernails');
    > 109 |     expect(wondernailsStaff.ok()).toBeTruthy();
          |                                   ^
      110 |
      111 |     const wondernailsData = await wondernailsStaff.json();
      112 |     const wondernailsStaffList = wondernailsData.staff || wondernailsData;
        at C:\Dev\Zo\sass-store\tests\e2e\rls\booking-system-isolation.spec.ts:109:35
]]>
</failure>
</testcase>
<testcase name="Booking System Tenant Isolation › should enforce tenant boundary in booking creation" classname="rls\booking-system-isolation.spec.ts" time="1.143">
</testcase>
<testcase name="Booking System Tenant Isolation › should prevent booking modifications across tenants" classname="rls\booking-system-isolation.spec.ts" time="1.065">
<failure message="booking-system-isolation.spec.ts:152:7 should prevent booking modifications across tenants" type="FAILURE">
<![CDATA[  [Mobile Chrome] › rls\booking-system-isolation.spec.ts:152:7 › Booking System Tenant Isolation › should prevent booking modifications across tenants 

    Error: expect(received).toBe(expected) // Object.is equality

    Expected: 404
    Received: 500

      170 |
      171 |     // Should return 404 (booking not found in wondernails context)
    > 172 |     expect(updateResponse.status()).toBe(404);
          |                                     ^
      173 |   });
      174 |
      175 |   test('should maintain booking isolation in shared time slots', async ({ page }) => {
        at C:\Dev\Zo\sass-store\tests\e2e\rls\booking-system-isolation.spec.ts:172:37

    attachment #1: screenshot (image/png) ──────────────────────────────────────────────────────────
    ..\..\test-results\rls-booking-system-isolati-cfe0d-odifications-across-tenants-Mobile-Chrome\test-failed-1.png
    ────────────────────────────────────────────────────────────────────────────────────────────────

    attachment #2: video (video/webm) ──────────────────────────────────────────────────────────────
    ..\..\test-results\rls-booking-system-isolati-cfe0d-odifications-across-tenants-Mobile-Chrome\video.webm
    ────────────────────────────────────────────────────────────────────────────────────────────────

    Error Context: ..\..\test-results\rls-booking-system-isolati-cfe0d-odifications-across-tenants-Mobile-Chrome\error-context.md
]]>
</failure>
<system-out>
<![CDATA[
[[ATTACHMENT|rls-booking-system-isolati-cfe0d-odifications-across-tenants-Mobile-Chrome\test-failed-1.png]]

[[ATTACHMENT|rls-booking-system-isolati-cfe0d-odifications-across-tenants-Mobile-Chrome\video.webm]]

[[ATTACHMENT|rls-booking-system-isolati-cfe0d-odifications-across-tenants-Mobile-Chrome\error-context.md]]
]]>
</system-out>
</testcase>
<testcase name="Booking System Tenant Isolation › should maintain booking isolation in shared time slots" classname="rls\booking-system-isolation.spec.ts" time="2.789">
</testcase>
</testsuite>
<testsuite name="rls\product-catalog-isolation.spec.ts" timestamp="2025-10-29T19:08:05.826Z" hostname="Mobile Chrome" tests="6" failures="4" skipped="0" time="38.768" errors="0">
<testcase name="Product Catalog Tenant Isolation › should only show products from current tenant" classname="rls\product-catalog-isolation.spec.ts" time="7.483">
<failure message="product-catalog-isolation.spec.ts:9:7 should only show products from current tenant" type="FAILURE">
<![CDATA[  [Mobile Chrome] › rls\product-catalog-isolation.spec.ts:9:7 › Product Catalog Tenant Isolation › should only show products from current tenant 

    Error: expect(locator).toBeVisible() failed

    Locator: locator('[data-testid="products-grid"]')
    Expected: visible
    Timeout: 5000ms
    Error: element(s) not found

    Call log:
      - Expect "toBeVisible" with timeout 5000ms
      - waiting for locator('[data-testid="products-grid"]')


      13 |
      14 |     // Verify wondernails products are visible
    > 15 |     await expect(page.locator('[data-testid="products-grid"]')).toBeVisible();
         |                                                                 ^
      16 |
      17 |     const productCards = page.locator('[data-testid="product-card"]');
      18 |     const productCount = await productCards.count();
        at C:\Dev\Zo\sass-store\tests\e2e\rls\product-catalog-isolation.spec.ts:15:65

    attachment #1: screenshot (image/png) ──────────────────────────────────────────────────────────
    ..\..\test-results\rls-product-catalog-isolat-5ec83-roducts-from-current-tenant-Mobile-Chrome\test-failed-1.png
    ────────────────────────────────────────────────────────────────────────────────────────────────

    attachment #2: video (video/webm) ──────────────────────────────────────────────────────────────
    ..\..\test-results\rls-product-catalog-isolat-5ec83-roducts-from-current-tenant-Mobile-Chrome\video.webm
    ────────────────────────────────────────────────────────────────────────────────────────────────

    Error Context: ..\..\test-results\rls-product-catalog-isolat-5ec83-roducts-from-current-tenant-Mobile-Chrome\error-context.md
]]>
</failure>
<system-out>
<![CDATA[
[[ATTACHMENT|rls-product-catalog-isolat-5ec83-roducts-from-current-tenant-Mobile-Chrome\test-failed-1.png]]

[[ATTACHMENT|rls-product-catalog-isolat-5ec83-roducts-from-current-tenant-Mobile-Chrome\video.webm]]

[[ATTACHMENT|rls-product-catalog-isolat-5ec83-roducts-from-current-tenant-Mobile-Chrome\error-context.md]]
]]>
</system-out>
</testcase>
<testcase name="Product Catalog Tenant Isolation › should not display other tenant products in search results" classname="rls\product-catalog-isolation.spec.ts" time="1.219">
</testcase>
<testcase name="Product Catalog Tenant Isolation › should return 404 for cross-tenant product access via URL" classname="rls\product-catalog-isolation.spec.ts" time="18.006">
<failure message="product-catalog-isolation.spec.ts:60:7 should return 404 for cross-tenant product access via URL" type="FAILURE">
<![CDATA[  [Mobile Chrome] › rls\product-catalog-isolation.spec.ts:60:7 › Product Catalog Tenant Isolation › should return 404 for cross-tenant product access via URL 

    TimeoutError: locator.getAttribute: Timeout 15000ms exceeded.
    Call log:
      - waiting for locator('[data-testid="product-card"]').first().locator('a').first()


      64 |
      65 |     const firstProduct = page.locator('[data-testid="product-card"]').first();
    > 66 |     const productLink = await firstProduct.locator('a').first().getAttribute('href');
         |                                                                 ^
      67 |
      68 |     if (productLink) {
      69 |       // Extract product ID from URL
        at C:\Dev\Zo\sass-store\tests\e2e\rls\product-catalog-isolation.spec.ts:66:65

    attachment #1: screenshot (image/png) ──────────────────────────────────────────────────────────
    ..\..\test-results\rls-product-catalog-isolat-c9d11-nant-product-access-via-URL-Mobile-Chrome\test-failed-1.png
    ────────────────────────────────────────────────────────────────────────────────────────────────

    attachment #2: video (video/webm) ──────────────────────────────────────────────────────────────
    ..\..\test-results\rls-product-catalog-isolat-c9d11-nant-product-access-via-URL-Mobile-Chrome\video.webm
    ────────────────────────────────────────────────────────────────────────────────────────────────

    Error Context: ..\..\test-results\rls-product-catalog-isolat-c9d11-nant-product-access-via-URL-Mobile-Chrome\error-context.md
]]>
</failure>
<system-out>
<![CDATA[
[[ATTACHMENT|rls-product-catalog-isolat-c9d11-nant-product-access-via-URL-Mobile-Chrome\test-failed-1.png]]

[[ATTACHMENT|rls-product-catalog-isolat-c9d11-nant-product-access-via-URL-Mobile-Chrome\video.webm]]

[[ATTACHMENT|rls-product-catalog-isolat-c9d11-nant-product-access-via-URL-Mobile-Chrome\error-context.md]]
]]>
</system-out>
</testcase>
<testcase name="Product Catalog Tenant Isolation › should isolate product API responses by tenant" classname="rls\product-catalog-isolation.spec.ts" time="1.272">
<failure message="product-catalog-isolation.spec.ts:84:7 should isolate product API responses by tenant" type="FAILURE">
<![CDATA[  [Mobile Chrome] › rls\product-catalog-isolation.spec.ts:84:7 › Product Catalog Tenant Isolation › should isolate product API responses by tenant 

    Error: expect(received).toBeTruthy()

    Received: false

      85 |     // Get wondernails products via API
      86 |     const wondernailsResponse = await request.get('/api/products?tenant=wondernails');
    > 87 |     expect(wondernailsResponse.ok()).toBeTruthy();
         |                                      ^
      88 |
      89 |     const wondernailsData = await wondernailsResponse.json();
      90 |     const wondernailsProducts = wondernailsData.products || wondernailsData;
        at C:\Dev\Zo\sass-store\tests\e2e\rls\product-catalog-isolation.spec.ts:87:38

    attachment #1: screenshot (image/png) ──────────────────────────────────────────────────────────
    ..\..\test-results\rls-product-catalog-isolat-ec24a-uct-API-responses-by-tenant-Mobile-Chrome\test-failed-1.png
    ────────────────────────────────────────────────────────────────────────────────────────────────

    attachment #2: video (video/webm) ──────────────────────────────────────────────────────────────
    ..\..\test-results\rls-product-catalog-isolat-ec24a-uct-API-responses-by-tenant-Mobile-Chrome\video.webm
    ────────────────────────────────────────────────────────────────────────────────────────────────
]]>
</failure>
<system-out>
<![CDATA[
[[ATTACHMENT|rls-product-catalog-isolat-ec24a-uct-API-responses-by-tenant-Mobile-Chrome\test-failed-1.png]]

[[ATTACHMENT|rls-product-catalog-isolat-ec24a-uct-API-responses-by-tenant-Mobile-Chrome\video.webm]]
]]>
</system-out>
</testcase>
<testcase name="Product Catalog Tenant Isolation › should prevent cross-tenant cart contamination" classname="rls\product-catalog-isolation.spec.ts" time="3.324">
</testcase>
<testcase name="Product Catalog Tenant Isolation › should enforce tenant boundary in product mutations" classname="rls\product-catalog-isolation.spec.ts" time="7.464">
<failure message="product-catalog-isolation.spec.ts:130:7 should enforce tenant boundary in product mutations" type="FAILURE">
<![CDATA[  [Mobile Chrome] › rls\product-catalog-isolation.spec.ts:130:7 › Product Catalog Tenant Isolation › should enforce tenant boundary in product mutations 

    Error: expect(received).toBeLessThan(expected)

    Expected: < 500
    Received:   500

      154 |     // Should be rejected (403 Forbidden or 400 Bad Request)
      155 |     expect(createResponse.status()).toBeGreaterThanOrEqual(400);
    > 156 |     expect(createResponse.status()).toBeLessThan(500);
          |                                     ^
      157 |   });
      158 | });
      159 |
        at C:\Dev\Zo\sass-store\tests\e2e\rls\product-catalog-isolation.spec.ts:156:37

    attachment #1: screenshot (image/png) ──────────────────────────────────────────────────────────
    ..\..\test-results\rls-product-catalog-isolat-4dbb3-undary-in-product-mutations-Mobile-Chrome\test-failed-1.png
    ────────────────────────────────────────────────────────────────────────────────────────────────

    attachment #2: video (video/webm) ──────────────────────────────────────────────────────────────
    ..\..\test-results\rls-product-catalog-isolat-4dbb3-undary-in-product-mutations-Mobile-Chrome\video.webm
    ────────────────────────────────────────────────────────────────────────────────────────────────

    Error Context: ..\..\test-results\rls-product-catalog-isolat-4dbb3-undary-in-product-mutations-Mobile-Chrome\error-context.md
]]>
</failure>
<system-out>
<![CDATA[
[[ATTACHMENT|rls-product-catalog-isolat-4dbb3-undary-in-product-mutations-Mobile-Chrome\test-failed-1.png]]

[[ATTACHMENT|rls-product-catalog-isolat-4dbb3-undary-in-product-mutations-Mobile-Chrome\video.webm]]

[[ATTACHMENT|rls-product-catalog-isolat-4dbb3-undary-in-product-mutations-Mobile-Chrome\error-context.md]]
]]>
</system-out>
</testcase>
</testsuite>
<testsuite name="self-healing\self-healing-validation.spec.ts" timestamp="2025-10-29T19:08:05.826Z" hostname="Mobile Chrome" tests="8" failures="2" skipped="0" time="60.644" errors="0">
<testcase name="Self-Healing Test Validation - Master Plan Implementation › Self-healing selector fallback - data-testid priority" classname="self-healing\self-healing-validation.spec.ts" time="9.09">
<system-out>
<![CDATA[[BUDGET] No clickable element found for: Add to cart button
⚠️ wondernails: No add-to-cart button found with any selector
[BUDGET] No clickable element found for: Add to cart button
⚠️ nom-nom: No add-to-cart button found with any selector
[BUDGET] No clickable element found for: Add to cart button
⚠️ delirios: No add-to-cart button found with any selector
]]>
</system-out>
</testcase>
<testcase name="Self-Healing Test Validation - Master Plan Implementation › State-based waits vs sleep - network idle and element states" classname="self-healing\self-healing-validation.spec.ts" time="7.609">
<system-out>
<![CDATA[[BUDGET] Network idle achieved
✅ wondernails: State-based waits working properly
[BUDGET] Network idle achieved
✅ nom-nom: State-based waits working properly
]]>
</system-out>
</testcase>
<testcase name="Self-Healing Test Validation - Master Plan Implementation › Controlled retry logic - 1-2 retries maximum" classname="self-healing\self-healing-validation.spec.ts" time="7.89">
<system-out>
<![CDATA[[SELF-HEALING] Booking attempt 1/2
Booking attempt failed: Error: Booking button not found
[SELF-HEALING] Retrying in 1 second...
[SELF-HEALING] Booking attempt 2/2
Booking attempt failed: Error: Booking button not found
⚠️ wondernails: Booking failed after 2 attempts - needs human attention
[SELF-HEALING] Booking attempt 1/2
Booking attempt failed: Error: Booking button not found
[SELF-HEALING] Retrying in 1 second...
[SELF-HEALING] Booking attempt 2/2
Booking attempt failed: Error: Booking button not found
⚠️ nom-nom: Booking failed after 2 attempts - needs human attention
]]>
</system-out>
</testcase>
<testcase name="Self-Healing Test Validation - Master Plan Implementation › Click budget validation with real user flows" classname="self-healing\self-healing-validation.spec.ts" time="5.095">
<failure message="self-healing-validation.spec.ts:141:7 Click budget validation with real user flows" type="FAILURE">
<![CDATA[  [Mobile Chrome] › self-healing\self-healing-validation.spec.ts:141:7 › Self-Healing Test Validation - Master Plan Implementation › Click budget validation with real user flows 

    Error: expect(received).toBeTruthy()

    Received: false

      198 |     // Verify the flow met click budget requirements
      199 |     expect(flowResult.budgetMet).toBeTruthy();
    > 200 |     expect(flowResult.success).toBeTruthy();
          |                                ^
      201 |
      202 |     console.log(`✅ ${tenant}: Purchase flow click budget validation passed`);
      203 |   });
        at C:\Dev\Zo\sass-store\tests\e2e\self-healing\self-healing-validation.spec.ts:200:32

    attachment #1: screenshot (image/png) ──────────────────────────────────────────────────────────
    ..\..\test-results\self-healing-self-healing--75520-dation-with-real-user-flows-Mobile-Chrome\test-failed-1.png
    ────────────────────────────────────────────────────────────────────────────────────────────────

    attachment #2: video (video/webm) ──────────────────────────────────────────────────────────────
    ..\..\test-results\self-healing-self-healing--75520-dation-with-real-user-flows-Mobile-Chrome\video.webm
    ────────────────────────────────────────────────────────────────────────────────────────────────
]]>
</failure>
<system-out>
<![CDATA[[BUDGET] Step failed: Navigate to product details - Error: No products available for purchase flow test
[BUDGET] ✅ Step within budget: Navigate to product details (0/1 clicks)
[BUDGET] ✅ Step within budget: Add product to cart (0/1 clicks)
[BUDGET] ✅ Step within budget: View cart (0/1 clicks)
[BUDGET] ✅ Step within budget: Proceed to checkout (would complete purchase) (0/1 clicks)
=== Flow Validation Report ===
Flow Type: purchase
Total Steps: 4
Total Clicks: 0/4
All Steps Successful: NO
Budget Met: YES

Step Breakdown:
1. Navigate to product details: 0/1 clicks ❌
2. Add product to cart: 0/1 clicks ✅
3. View cart: 0/1 clicks ✅
4. Proceed to checkout (would complete purchase): 0/1 clicks ✅

Detailed Interactions:
==============================

[[ATTACHMENT|self-healing-self-healing--75520-dation-with-real-user-flows-Mobile-Chrome\test-failed-1.png]]

[[ATTACHMENT|self-healing-self-healing--75520-dation-with-real-user-flows-Mobile-Chrome\video.webm]]
]]>
</system-out>
</testcase>
<testcase name="Self-Healing Test Validation - Master Plan Implementation › Booking flow with 2-click budget validation" classname="self-healing\self-healing-validation.spec.ts" time="3.35">
<system-out>
<![CDATA[[BUDGET] ✅ Step within budget: Select service or quick booking (0/1 clicks)
[BUDGET] ✅ Step within budget: Confirm booking (0/1 clicks)
=== Flow Validation Report ===
Flow Type: booking
Total Steps: 2
Total Clicks: 0/2
All Steps Successful: YES
Budget Met: YES

Step Breakdown:
1. Select service or quick booking: 0/1 clicks ✅
2. Confirm booking: 0/1 clicks ✅

Detailed Interactions:
==============================
✅ wondernails: Booking flow click budget validation passed
]]>
</system-out>
</testcase>
<testcase name="Self-Healing Test Validation - Master Plan Implementation › Selector stability validation - no brittle selectors" classname="self-healing\self-healing-validation.spec.ts" time="3.776">
<failure message="self-healing-validation.spec.ts:253:7 Selector stability validation - no brittle selectors" type="FAILURE">
<![CDATA[  [Mobile Chrome] › self-healing\self-healing-validation.spec.ts:253:7 › Self-Healing Test Validation - Master Plan Implementation › Selector stability validation - no brittle selectors 

    Error: locator.count: SyntaxError: Failed to execute 'querySelectorAll' on 'Document': 'button:contains("Buy")' is not a valid selector.
        at query (<anonymous>:5120:41)
        at <anonymous>:5130:7
        at SelectorEvaluatorImpl._cached (<anonymous>:4907:20)
        at SelectorEvaluatorImpl._queryCSS (<anonymous>:5117:17)
        at SelectorEvaluatorImpl._querySimple (<anonymous>:4997:19)
        at <anonymous>:4945:29
        at SelectorEvaluatorImpl._cached (<anonymous>:4907:20)
        at SelectorEvaluatorImpl.query (<anonymous>:4938:19)
        at Object.query (<anonymous>:5152:44)
        at <anonymous>:5110:21
        at query (<anonymous>:5120:41)
        at <anonymous>:5130:7
        at SelectorEvaluatorImpl._cached (<anonymous>:4907:20)
        at SelectorEvaluatorImpl._queryCSS (<anonymous>:5117:17)
        at SelectorEvaluatorImpl._querySimple (<anonymous>:4997:19)
        at <anonymous>:4945:29
        at SelectorEvaluatorImpl._cached (<anonymous>:4907:20)
        at SelectorEvaluatorImpl.query (<anonymous>:4938:19)
        at Object.query (<anonymous>:5152:44)
        at <anonymous>:5110:21
        at C:\Dev\Zo\sass-store\tests\e2e\self-healing\self-healing-validation.spec.ts:289:38

    attachment #1: screenshot (image/png) ──────────────────────────────────────────────────────────
    ..\..\test-results\self-healing-self-healing--a2c79-tion---no-brittle-selectors-Mobile-Chrome\test-failed-1.png
    ────────────────────────────────────────────────────────────────────────────────────────────────

    attachment #2: video (video/webm) ──────────────────────────────────────────────────────────────
    ..\..\test-results\self-healing-self-healing--a2c79-tion---no-brittle-selectors-Mobile-Chrome\video.webm
    ────────────────────────────────────────────────────────────────────────────────────────────────

    Error Context: ..\..\test-results\self-healing-self-healing--a2c79-tion---no-brittle-selectors-Mobile-Chrome\error-context.md
]]>
</failure>
<system-out>
<![CDATA[
[[ATTACHMENT|self-healing-self-healing--a2c79-tion---no-brittle-selectors-Mobile-Chrome\test-failed-1.png]]

[[ATTACHMENT|self-healing-self-healing--a2c79-tion---no-brittle-selectors-Mobile-Chrome\video.webm]]

[[ATTACHMENT|self-healing-self-healing--a2c79-tion---no-brittle-selectors-Mobile-Chrome\error-context.md]]
]]>
</system-out>
<system-err>
<![CDATA[⚠️ wondernails: Found potentially brittle selector: div > div > button
]]>
</system-err>
</testcase>
<testcase name="Self-Healing Test Validation - Master Plan Implementation › Error recovery and graceful degradation" classname="self-healing\self-healing-validation.spec.ts" time="3.717">
<system-out>
<![CDATA[[BUDGET] Network idle achieved
[BUDGET] Network idle achieved
]]>
</system-out>
</testcase>
<testcase name="Self-Healing Test Validation - Master Plan Implementation › Performance-aware self-healing - timeout management" classname="self-healing\self-healing-validation.spec.ts" time="20.117">
<system-out>
<![CDATA[⏱️ wondernails: Element not found within 1000ms, trying longer timeout...
⏱️ wondernails: Element not found within 3000ms, trying longer timeout...
⏱️ wondernails: Element not found within 5000ms, trying longer timeout...
⚠️ wondernails: Element not found after maximum timeout - may need manual intervention
⏱️ nom-nom: Element not found within 1000ms, trying longer timeout...
⏱️ nom-nom: Element not found within 3000ms, trying longer timeout...
⏱️ nom-nom: Element not found within 5000ms, trying longer timeout...
⚠️ nom-nom: Element not found after maximum timeout - may need manual intervention
]]>
</system-out>
</testcase>
</testsuite>
<testsuite name="seo\seo-optimization.spec.ts" timestamp="2025-10-29T19:08:05.826Z" hostname="Mobile Chrome" tests="8" failures="4" skipped="0" time="47.209" errors="0">
<testcase name="SEO Optimization Tests › Meta tags should be tenant-specific" classname="seo\seo-optimization.spec.ts" time="2.331">
<failure message="seo-optimization.spec.ts:6:7 Meta tags should be tenant-specific" type="FAILURE">
<![CDATA[  [Mobile Chrome] › seo\seo-optimization.spec.ts:6:7 › SEO Optimization Tests › Meta tags should be tenant-specific 

    Error: expect(received).toBeTruthy()

    Received: ""

      11 |       // Check title tag
      12 |       const title = await page.title();
    > 13 |       expect(title).toBeTruthy();
         |                     ^
      14 |       expect(title.length).toBeGreaterThan(10);
      15 |       expect(title.length).toBeLessThan(60); // SEO best practice
      16 |
        at C:\Dev\Zo\sass-store\tests\e2e\seo\seo-optimization.spec.ts:13:21

    attachment #1: screenshot (image/png) ──────────────────────────────────────────────────────────
    ..\..\test-results\seo-seo-optimization-SEO-O-f2421-s-should-be-tenant-specific-Mobile-Chrome\test-failed-1.png
    ────────────────────────────────────────────────────────────────────────────────────────────────

    attachment #2: video (video/webm) ──────────────────────────────────────────────────────────────
    ..\..\test-results\seo-seo-optimization-SEO-O-f2421-s-should-be-tenant-specific-Mobile-Chrome\video.webm
    ────────────────────────────────────────────────────────────────────────────────────────────────

    Error Context: ..\..\test-results\seo-seo-optimization-SEO-O-f2421-s-should-be-tenant-specific-Mobile-Chrome\error-context.md
]]>
</failure>
<system-out>
<![CDATA[
[[ATTACHMENT|seo-seo-optimization-SEO-O-f2421-s-should-be-tenant-specific-Mobile-Chrome\test-failed-1.png]]

[[ATTACHMENT|seo-seo-optimization-SEO-O-f2421-s-should-be-tenant-specific-Mobile-Chrome\video.webm]]

[[ATTACHMENT|seo-seo-optimization-SEO-O-f2421-s-should-be-tenant-specific-Mobile-Chrome\error-context.md]]
]]>
</system-out>
</testcase>
<testcase name="SEO Optimization Tests › Canonical URLs should be correct" classname="seo\seo-optimization.spec.ts" time="19.284">
<failure message="seo-optimization.spec.ts:45:7 Canonical URLs should be correct" type="FAILURE">
<![CDATA[  [Mobile Chrome] › seo\seo-optimization.spec.ts:45:7 › SEO Optimization Tests › Canonical URLs should be correct 

    TimeoutError: locator.getAttribute: Timeout 15000ms exceeded.
    Call log:
      - waiting for locator('link[rel="canonical"]')


      48 |       await page.waitForLoadState('networkidle');
      49 |
    > 50 |       const canonical = await page.locator('link[rel="canonical"]').getAttribute('href');
         |                                                                     ^
      51 |       if (canonical) {
      52 |         expect(canonical).toContain(tenant);
      53 |         expect(canonical).toMatch(/^https?:\/\//);
        at C:\Dev\Zo\sass-store\tests\e2e\seo\seo-optimization.spec.ts:50:69

    attachment #1: screenshot (image/png) ──────────────────────────────────────────────────────────
    ..\..\test-results\seo-seo-optimization-SEO-O-d4715-ical-URLs-should-be-correct-Mobile-Chrome\test-failed-1.png
    ────────────────────────────────────────────────────────────────────────────────────────────────

    attachment #2: video (video/webm) ──────────────────────────────────────────────────────────────
    ..\..\test-results\seo-seo-optimization-SEO-O-d4715-ical-URLs-should-be-correct-Mobile-Chrome\video.webm
    ────────────────────────────────────────────────────────────────────────────────────────────────

    Error Context: ..\..\test-results\seo-seo-optimization-SEO-O-d4715-ical-URLs-should-be-correct-Mobile-Chrome\error-context.md
]]>
</failure>
<system-out>
<![CDATA[
[[ATTACHMENT|seo-seo-optimization-SEO-O-d4715-ical-URLs-should-be-correct-Mobile-Chrome\test-failed-1.png]]

[[ATTACHMENT|seo-seo-optimization-SEO-O-d4715-ical-URLs-should-be-correct-Mobile-Chrome\video.webm]]

[[ATTACHMENT|seo-seo-optimization-SEO-O-d4715-ical-URLs-should-be-correct-Mobile-Chrome\error-context.md]]
]]>
</system-out>
</testcase>
<testcase name="SEO Optimization Tests › Structured data (JSON-LD) should be present" classname="seo\seo-optimization.spec.ts" time="5.642">
<system-out>
<![CDATA[✓ wondernails: Structured data validated
✓ nom-nom: Structured data validated
✓ delirios: Structured data validated
✓ zo-system: Structured data validated
]]>
</system-out>
</testcase>
<testcase name="SEO Optimization Tests › Images should have proper optimization" classname="seo\seo-optimization.spec.ts" time="3.43">
<system-out>
<![CDATA[✓ wondernails: Image optimization validated
✓ nom-nom: Image optimization validated
]]>
</system-out>
</testcase>
<testcase name="SEO Optimization Tests › Fallback tenant should have correct SEO handling" classname="seo\seo-optimization.spec.ts" time="1">
<failure message="seo-optimization.spec.ts:171:7 Fallback tenant should have correct SEO handling" type="FAILURE">
<![CDATA[  [Mobile Chrome] › seo\seo-optimization.spec.ts:171:7 › SEO Optimization Tests › Fallback tenant should have correct SEO handling 

    Error: expect(received).toBeTruthy()

    Received: false

      182 |                               title.toLowerCase().includes('sass store');
      183 |
    > 184 |     expect(isFallbackHandled).toBeTruthy();
          |                               ^
      185 |
      186 |     // Check if noindex is set for unknown tenants
      187 |     const robotsMeta = await page.locator('meta[name="robots"]').getAttribute('content');
        at C:\Dev\Zo\sass-store\tests\e2e\seo\seo-optimization.spec.ts:184:31

    attachment #1: screenshot (image/png) ──────────────────────────────────────────────────────────
    ..\..\test-results\seo-seo-optimization-SEO-O-ddfea-d-have-correct-SEO-handling-Mobile-Chrome\test-failed-1.png
    ────────────────────────────────────────────────────────────────────────────────────────────────

    attachment #2: video (video/webm) ──────────────────────────────────────────────────────────────
    ..\..\test-results\seo-seo-optimization-SEO-O-ddfea-d-have-correct-SEO-handling-Mobile-Chrome\video.webm
    ────────────────────────────────────────────────────────────────────────────────────────────────

    Error Context: ..\..\test-results\seo-seo-optimization-SEO-O-ddfea-d-have-correct-SEO-handling-Mobile-Chrome\error-context.md
]]>
</failure>
<system-out>
<![CDATA[
[[ATTACHMENT|seo-seo-optimization-SEO-O-ddfea-d-have-correct-SEO-handling-Mobile-Chrome\test-failed-1.png]]

[[ATTACHMENT|seo-seo-optimization-SEO-O-ddfea-d-have-correct-SEO-handling-Mobile-Chrome\video.webm]]

[[ATTACHMENT|seo-seo-optimization-SEO-O-ddfea-d-have-correct-SEO-handling-Mobile-Chrome\error-context.md]]
]]>
</system-out>
</testcase>
<testcase name="SEO Optimization Tests › Sitemap and robots.txt should be accessible" classname="seo\seo-optimization.spec.ts" time="2.229">
<failure message="seo-optimization.spec.ts:195:7 Sitemap and robots.txt should be accessible" type="FAILURE">
<![CDATA[  [Mobile Chrome] › seo\seo-optimization.spec.ts:195:7 › SEO Optimization Tests › Sitemap and robots.txt should be accessible 

    Error: expect(received).toBe(expected) // Object.is equality

    Expected: 200
    Received: 500

      196 |     // Check robots.txt
      197 |     const robotsResponse = await page.goto('/robots.txt');
    > 198 |     expect(robotsResponse?.status()).toBe(200);
          |                                      ^
      199 |
      200 |     const robotsContent = await page.textContent('body');
      201 |     expect(robotsContent).toContain('User-agent');
        at C:\Dev\Zo\sass-store\tests\e2e\seo\seo-optimization.spec.ts:198:38

    attachment #1: screenshot (image/png) ──────────────────────────────────────────────────────────
    ..\..\test-results\seo-seo-optimization-SEO-O-c5e17-ts-txt-should-be-accessible-Mobile-Chrome\test-failed-1.png
    ────────────────────────────────────────────────────────────────────────────────────────────────

    attachment #2: video (video/webm) ──────────────────────────────────────────────────────────────
    ..\..\test-results\seo-seo-optimization-SEO-O-c5e17-ts-txt-should-be-accessible-Mobile-Chrome\video.webm
    ────────────────────────────────────────────────────────────────────────────────────────────────

    Error Context: ..\..\test-results\seo-seo-optimization-SEO-O-c5e17-ts-txt-should-be-accessible-Mobile-Chrome\error-context.md
]]>
</failure>
<system-out>
<![CDATA[
[[ATTACHMENT|seo-seo-optimization-SEO-O-c5e17-ts-txt-should-be-accessible-Mobile-Chrome\test-failed-1.png]]

[[ATTACHMENT|seo-seo-optimization-SEO-O-c5e17-ts-txt-should-be-accessible-Mobile-Chrome\video.webm]]

[[ATTACHMENT|seo-seo-optimization-SEO-O-c5e17-ts-txt-should-be-accessible-Mobile-Chrome\error-context.md]]
]]>
</system-out>
</testcase>
<testcase name="SEO Optimization Tests › Page load performance should meet targets" classname="seo\seo-optimization.spec.ts" time="9.681">
<system-out>
<![CDATA[✓ wondernails: Performance metrics validated
✓ nom-nom: Performance metrics validated
]]>
</system-out>
</testcase>
<testcase name="SEO Optimization Tests › Breadcrumbs should be implemented correctly" classname="seo\seo-optimization.spec.ts" time="3.612">
<system-out>
<![CDATA[✓ wondernails: Breadcrumbs validated
✓ nom-nom: Breadcrumbs validated
]]>
</system-out>
</testcase>
</testsuite>
<testsuite name="social-planner\social-planner-flow.spec.ts" timestamp="2025-10-29T19:08:05.826Z" hostname="Mobile Chrome" tests="6" failures="2" skipped="0" time="42.41" errors="0">
<testcase name="Social Planner E2E Tests - Phase 1 Coverage › Social Planner - Create and schedule post (planificación sin publicar)" classname="social-planner\social-planner-flow.spec.ts" time="5.233">
<system-out>
<![CDATA[⚪ wondernails: Social planner not available
⚪ nom-nom: Social planner not available
⚪ delirios: Social planner not available
⚪ zo-system: Social planner not available
]]>
</system-out>
</testcase>
<testcase name="Social Planner E2E Tests - Phase 1 Coverage › Social Planner - Duplicate and move post via drag&amp;drop" classname="social-planner\social-planner-flow.spec.ts" time="3.449">
<system-out>
<![CDATA[⚪ wondernails: No posts to duplicate
⚪ nom-nom: No posts to duplicate
]]>
</system-out>
</testcase>
<testcase name="Social Planner E2E Tests - Phase 1 Coverage › Social Planner - Edit override for specific network" classname="social-planner\social-planner-flow.spec.ts" time="3.621">
<system-out>
<![CDATA[⚪ wondernails: No posts available for override testing
⚪ nom-nom: No posts available for override testing
]]>
</system-out>
</testcase>
<testcase name="Social Planner E2E Tests - Phase 1 Coverage › Social Planner - View modes (Mes, Semana, Día, Año)" classname="social-planner\social-planner-flow.spec.ts" time="8.159">
<failure message="social-planner-flow.spec.ts:150:7 Social Planner - View modes (Mes, Semana, Día, Año)" type="FAILURE">
<![CDATA[  [Mobile Chrome] › social-planner\social-planner-flow.spec.ts:150:7 › Social Planner E2E Tests - Phase 1 Coverage › Social Planner - View modes (Mes, Semana, Día, Año) 

    Error: expect(locator).toBeVisible() failed

    Locator: locator('[data-testid="month-view"]')
    Expected: visible
    Timeout: 5000ms
    Error: element(s) not found

    Call log:
      - Expect "toBeVisible" with timeout 5000ms
      - waiting for locator('[data-testid="month-view"]')


      154 |
      155 |       // Test Month view (Mes) - default view requirement
    > 156 |       await expect(page.locator('[data-testid="month-view"]')).toBeVisible();
          |                                                                ^
      157 |
      158 |       // Test Week view (Semana) - requirement: Semana muestran detalles
      159 |       await page.click('[data-testid="week-view-button"]');
        at C:\Dev\Zo\sass-store\tests\e2e\social-planner\social-planner-flow.spec.ts:156:64

    attachment #1: screenshot (image/png) ──────────────────────────────────────────────────────────
    ..\..\test-results\social-planner-social-plan-d8330-w-modes-Mes-Semana-Día-Año--Mobile-Chrome\test-failed-1.png
    ────────────────────────────────────────────────────────────────────────────────────────────────

    attachment #2: video (video/webm) ──────────────────────────────────────────────────────────────
    ..\..\test-results\social-planner-social-plan-d8330-w-modes-Mes-Semana-Día-Año--Mobile-Chrome\video.webm
    ────────────────────────────────────────────────────────────────────────────────────────────────

    Error Context: ..\..\test-results\social-planner-social-plan-d8330-w-modes-Mes-Semana-Día-Año--Mobile-Chrome\error-context.md
]]>
</failure>
<system-out>
<![CDATA[
[[ATTACHMENT|social-planner-social-plan-d8330-w-modes-Mes-Semana-Día-Año--Mobile-Chrome\test-failed-1.png]]

[[ATTACHMENT|social-planner-social-plan-d8330-w-modes-Mes-Semana-Día-Año--Mobile-Chrome\video.webm]]

[[ATTACHMENT|social-planner-social-plan-d8330-w-modes-Mes-Semana-Día-Año--Mobile-Chrome\error-context.md]]
]]>
</system-out>
</testcase>
<testcase name="Social Planner E2E Tests - Phase 1 Coverage › Social Planner - Timezone handling (America/Mexico_City)" classname="social-planner\social-planner-flow.spec.ts" time="19.956">
<failure message="social-planner-flow.spec.ts:184:7 Social Planner - Timezone handling (America/Mexico_City)" type="FAILURE">
<![CDATA[  [Mobile Chrome] › social-planner\social-planner-flow.spec.ts:184:7 › Social Planner E2E Tests - Phase 1 Coverage › Social Planner - Timezone handling (America/Mexico_City) 

    TimeoutError: page.click: Timeout 15000ms exceeded.
    Call log:
      - waiting for locator('[data-testid="compose-post"]')


      194 |
      195 |       // Create post with specific time
    > 196 |       await page.click('[data-testid="compose-post"]');
          |                  ^
      197 |
      198 |       const scheduleInput = page.locator('[data-testid="schedule-time"]');
      199 |       if (await scheduleInput.isVisible()) {
        at C:\Dev\Zo\sass-store\tests\e2e\social-planner\social-planner-flow.spec.ts:196:18

    attachment #1: screenshot (image/png) ──────────────────────────────────────────────────────────
    ..\..\test-results\social-planner-social-plan-b5a62-ndling-America-Mexico-City--Mobile-Chrome\test-failed-1.png
    ────────────────────────────────────────────────────────────────────────────────────────────────

    attachment #2: video (video/webm) ──────────────────────────────────────────────────────────────
    ..\..\test-results\social-planner-social-plan-b5a62-ndling-America-Mexico-City--Mobile-Chrome\video.webm
    ────────────────────────────────────────────────────────────────────────────────────────────────

    Error Context: ..\..\test-results\social-planner-social-plan-b5a62-ndling-America-Mexico-City--Mobile-Chrome\error-context.md
]]>
</failure>
<system-out>
<![CDATA[
[[ATTACHMENT|social-planner-social-plan-b5a62-ndling-America-Mexico-City--Mobile-Chrome\test-failed-1.png]]

[[ATTACHMENT|social-planner-social-plan-b5a62-ndling-America-Mexico-City--Mobile-Chrome\video.webm]]

[[ATTACHMENT|social-planner-social-plan-b5a62-ndling-America-Mexico-City--Mobile-Chrome\error-context.md]]
]]>
</system-out>
</testcase>
<testcase name="Social Planner E2E Tests - Phase 1 Coverage › Social Planner - Self-healing selector validation" classname="social-planner\social-planner-flow.spec.ts" time="1.992">
<system-out>
<![CDATA[⚠️ wondernails: Missing data-testid selectors: [data-testid="compose-post"], [data-testid="schedule-post"], [data-testid="duplicate-post"], [data-testid="post-composer"]
✅ wondernails: Selector validation completed
⚠️ nom-nom: Missing data-testid selectors: [data-testid="compose-post"], [data-testid="schedule-post"], [data-testid="duplicate-post"], [data-testid="post-composer"]
✅ nom-nom: Selector validation completed
]]>
</system-out>
</testcase>
</testsuite>
<testsuite name="subset\corrected-tests-extended.spec.ts" timestamp="2025-10-29T19:08:05.826Z" hostname="Mobile Chrome" tests="19" failures="1" skipped="0" time="51.648" errors="0">
<testcase name="Corrected Cart - Multiple Items with Better Error Handling › should handle multiple items with correct price calculations" classname="subset\corrected-tests-extended.spec.ts" time="4.859">
</testcase>
<testcase name="Corrected Cart - Multiple Items with Better Error Handling › should display correct unit prices for items with quantity &gt; 1" classname="subset\corrected-tests-extended.spec.ts" time="2.937">
</testcase>
<testcase name="Corrected Mobile Performance with Better Resource Handling › should meet mobile LCP budget of &lt;3s with timeout handling" classname="subset\corrected-tests-extended.spec.ts" time="1.305">
<system-out>
<![CDATA[Mobile LCP: 812ms
]]>
</system-out>
</testcase>
<testcase name="Corrected Mobile Performance with Better Resource Handling › should meet mobile FCP budget of &lt;2s" classname="subset\corrected-tests-extended.spec.ts" time="1.226">
<system-out>
<![CDATA[Mobile FCP: 612ms
]]>
</system-out>
</testcase>
<testcase name="Corrected Mobile Performance with Better Resource Handling › should meet mobile TTFB budget of &lt;1s" classname="subset\corrected-tests-extended.spec.ts" time="1.454">
<system-out>
<![CDATA[Mobile TTFB: 36.40000000037253ms
]]>
</system-out>
</testcase>
<testcase name="Corrected Mobile Performance with Better Resource Handling › should load efficiently with proper error handling" classname="subset\corrected-tests-extended.spec.ts" time="1.723">
<system-err>
<![CDATA[Page error: An error occurred in `next/font`.

Error: Cannot find module 'object-hash'
Require stack:
- C:\Dev\Zo\sass-store\apps\web\node_modules\tailwindcss\lib\util\hashConfig.js
- C:\Dev\Zo\sass-store\apps\web\node_modules\tailwindcss\lib\lib\setupTrackingContext.js
- C:\Dev\Zo\sass-store\apps\web\node_modules\tailwindcss\lib\plugin.js
- C:\Dev\Zo\sass-store\apps\web\node_modules\tailwindcss\lib\index.js
- C:\Dev\Zo\sass-store\apps\web\node_modules\next\dist\build\webpack\config\blocks\css\plugins.js
- C:\Dev\Zo\sass-store\apps\web\node_modules\next\dist\build\webpack\config\blocks\css\index.js
- C:\Dev\Zo\sass-store\apps\web\node_modules\next\dist\build\webpack\config\index.js
- C:\Dev\Zo\sass-store\apps\web\node_modules\next\dist\build\webpack-config.js
- C:\Dev\Zo\sass-store\apps\web\node_modules\next\dist\server\dev\hot-reloader-webpack.js
- C:\Dev\Zo\sass-store\apps\web\node_modules\next\dist\server\lib\router-utils\setup-dev-bundler.js
- C:\Dev\Zo\sass-store\apps\web\node_modules\next\dist\server\lib\router-server.js
- C:\Dev\Zo\sass-store\apps\web\node_modules\next\dist\server\lib\start-server.js
]]>
</system-err>
</testcase>
<testcase name="Corrected Mobile Performance with Better Resource Handling › should serve appropriately sized images for mobile with fallbacks" classname="subset\corrected-tests-extended.spec.ts" time="1.571">
<system-out>
<![CDATA[Mobile optimized images: 0/0
]]>
</system-out>
</testcase>
<testcase name="Corrected Mobile Performance with Better Resource Handling › should minimize JavaScript execution time" classname="subset\corrected-tests-extended.spec.ts" time="2.215">
<system-out>
<![CDATA[Total JS Execution Time: 0ms
]]>
</system-out>
</testcase>
<testcase name="Corrected Mobile Performance with Better Resource Handling › should lazy load below-the-fold content with proper checks" classname="subset\corrected-tests-extended.spec.ts" time="2.265">
<system-out>
<![CDATA[Lazy loaded images: 0/0
]]>
</system-out>
</testcase>
<testcase name="Corrected Mobile Performance with Better Resource Handling › should minimize layout shifts on mobile" classname="subset\corrected-tests-extended.spec.ts" time="4.25">
<system-out>
<![CDATA[Mobile CLS: 0.042725751404600575
]]>
</system-out>
</testcase>
<testcase name="Corrected Authentication Tests › should handle login with error validation" classname="subset\corrected-tests-extended.spec.ts" time="2.324">
</testcase>
<testcase name="Corrected Authentication Tests › should handle registration with form validation" classname="subset\corrected-tests-extended.spec.ts" time="1.908">
</testcase>
<testcase name="Corrected Navigation Tests › should navigate between pages without errors" classname="subset\corrected-tests-extended.spec.ts" time="3.158">
</testcase>
<testcase name="Corrected Navigation Tests › should handle navigation with dynamic routes" classname="subset\corrected-tests-extended.spec.ts" time="2.412">
</testcase>
<testcase name="Corrected API Integration Tests › should handle API calls correctly" classname="subset\corrected-tests-extended.spec.ts" time="0.423">
<failure message="corrected-tests-extended.spec.ts:532:7 should handle API calls correctly" type="FAILURE">
<![CDATA[  [Mobile Chrome] › subset\corrected-tests-extended.spec.ts:532:7 › Corrected API Integration Tests › should handle API calls correctly 

    Error: expect(received).toBeTruthy()

    Received: false

      534 |     const response = await request.get('/api/products?limit=5');
      535 |     
    > 536 |     expect(response.ok()).toBeTruthy();
          |                           ^
      537 |     expect(response.status()).toBe(200);
      538 |     
      539 |     const data = await response.json();
        at C:\Dev\Zo\sass-store\tests\e2e\subset\corrected-tests-extended.spec.ts:536:27

    attachment #1: screenshot (image/png) ──────────────────────────────────────────────────────────
    ..\..\test-results\subset-corrected-tests-ext-b9963--handle-API-calls-correctly-Mobile-Chrome\test-failed-1.png
    ────────────────────────────────────────────────────────────────────────────────────────────────

    attachment #2: video (video/webm) ──────────────────────────────────────────────────────────────
    ..\..\test-results\subset-corrected-tests-ext-b9963--handle-API-calls-correctly-Mobile-Chrome\video.webm
    ────────────────────────────────────────────────────────────────────────────────────────────────
]]>
</failure>
<system-out>
<![CDATA[
[[ATTACHMENT|subset-corrected-tests-ext-b9963--handle-API-calls-correctly-Mobile-Chrome\test-failed-1.png]]

[[ATTACHMENT|subset-corrected-tests-ext-b9963--handle-API-calls-correctly-Mobile-Chrome\video.webm]]
]]>
</system-out>
</testcase>
<testcase name="Corrected API Integration Tests › should handle API errors gracefully" classname="subset\corrected-tests-extended.spec.ts" time="0.382">
</testcase>
<testcase name="Corrected Tenant Isolation Tests › should isolate data between tenants" classname="subset\corrected-tests-extended.spec.ts" time="8.645">
</testcase>
<testcase name="Corrected Cart Operations › should handle cart additions properly" classname="subset\corrected-tests-extended.spec.ts" time="7.052">
</testcase>
<testcase name="Corrected Form Submission › should handle form submission with validation" classname="subset\corrected-tests-extended.spec.ts" time="1.539">
</testcase>
</testsuite>
<testsuite name="subset\corrected-tests-final.spec.ts" timestamp="2025-10-29T19:08:05.826Z" hostname="Mobile Chrome" tests="27" failures="6" skipped="0" time="81.642" errors="0">
<testcase name="Corrected Authentication Tests › should handle forgot password flow with proper validation" classname="subset\corrected-tests-final.spec.ts" time="1.736">
</testcase>
<testcase name="Corrected Authentication Tests › should handle registration with password validation" classname="subset\corrected-tests-final.spec.ts" time="1.952">
</testcase>
<testcase name="Corrected SEO Tests › should have proper meta tags for SEO" classname="subset\corrected-tests-final.spec.ts" time="2.23">
<failure message="corrected-tests-final.spec.ts:75:7 should have proper meta tags for SEO" type="FAILURE">
<![CDATA[  [Mobile Chrome] › subset\corrected-tests-final.spec.ts:75:7 › Corrected SEO Tests › should have proper meta tags for SEO 

    Error: expect(received).toBeGreaterThan(expected)

    Expected: > 0
    Received:   0

      78 |     // Check for title tag
      79 |     const title = await page.title();
    > 80 |     expect(title.length).toBeGreaterThan(0);
         |                          ^
      81 |
      82 |     // Check for meta description
      83 |     const metaDescription = await page.locator('meta[name="description"]').first().getAttribute('content');
        at C:\Dev\Zo\sass-store\tests\e2e\subset\corrected-tests-final.spec.ts:80:26

    attachment #1: screenshot (image/png) ──────────────────────────────────────────────────────────
    ..\..\test-results\subset-corrected-tests-fin-1002c-ve-proper-meta-tags-for-SEO-Mobile-Chrome\test-failed-1.png
    ────────────────────────────────────────────────────────────────────────────────────────────────

    attachment #2: video (video/webm) ──────────────────────────────────────────────────────────────
    ..\..\test-results\subset-corrected-tests-fin-1002c-ve-proper-meta-tags-for-SEO-Mobile-Chrome\video.webm
    ────────────────────────────────────────────────────────────────────────────────────────────────

    Error Context: ..\..\test-results\subset-corrected-tests-fin-1002c-ve-proper-meta-tags-for-SEO-Mobile-Chrome\error-context.md
]]>
</failure>
<system-out>
<![CDATA[
[[ATTACHMENT|subset-corrected-tests-fin-1002c-ve-proper-meta-tags-for-SEO-Mobile-Chrome\test-failed-1.png]]

[[ATTACHMENT|subset-corrected-tests-fin-1002c-ve-proper-meta-tags-for-SEO-Mobile-Chrome\video.webm]]

[[ATTACHMENT|subset-corrected-tests-fin-1002c-ve-proper-meta-tags-for-SEO-Mobile-Chrome\error-context.md]]
]]>
</system-out>
</testcase>
<testcase name="Corrected SEO Tests › should have proper heading hierarchy" classname="subset\corrected-tests-final.spec.ts" time="2.173">
<failure message="corrected-tests-final.spec.ts:98:7 should have proper heading hierarchy" type="FAILURE">
<![CDATA[  [Mobile Chrome] › subset\corrected-tests-final.spec.ts:98:7 › Corrected SEO Tests › should have proper heading hierarchy 

    Error: expect(received).toBe(expected) // Object.is equality

    Expected: 1
    Received: 0

      101 |     // Check for H1
      102 |     const h1Elements = await page.locator('h1').all();
    > 103 |     expect(h1Elements.length).toBe(1);
          |                               ^
      104 |
      105 |     // Check that H1 is visible and has content
      106 |     if (h1Elements.length > 0) {
        at C:\Dev\Zo\sass-store\tests\e2e\subset\corrected-tests-final.spec.ts:103:31

    attachment #1: screenshot (image/png) ──────────────────────────────────────────────────────────
    ..\..\test-results\subset-corrected-tests-fin-580fa-ve-proper-heading-hierarchy-Mobile-Chrome\test-failed-1.png
    ────────────────────────────────────────────────────────────────────────────────────────────────

    attachment #2: video (video/webm) ──────────────────────────────────────────────────────────────
    ..\..\test-results\subset-corrected-tests-fin-580fa-ve-proper-heading-hierarchy-Mobile-Chrome\video.webm
    ────────────────────────────────────────────────────────────────────────────────────────────────

    Error Context: ..\..\test-results\subset-corrected-tests-fin-580fa-ve-proper-heading-hierarchy-Mobile-Chrome\error-context.md
]]>
</failure>
<system-out>
<![CDATA[
[[ATTACHMENT|subset-corrected-tests-fin-580fa-ve-proper-heading-hierarchy-Mobile-Chrome\test-failed-1.png]]

[[ATTACHMENT|subset-corrected-tests-fin-580fa-ve-proper-heading-hierarchy-Mobile-Chrome\video.webm]]

[[ATTACHMENT|subset-corrected-tests-fin-580fa-ve-proper-heading-hierarchy-Mobile-Chrome\error-context.md]]
]]>
</system-out>
</testcase>
<testcase name="Corrected Cost Guard Tests › should handle eco mode when approaching cost limits" classname="subset\corrected-tests-final.spec.ts" time="2.442">
</testcase>
<testcase name="Corrected Cost Guard Tests › should manage resource quotas properly" classname="subset\corrected-tests-final.spec.ts" time="7.007">
<failure message="corrected-tests-final.spec.ts:149:7 should manage resource quotas properly" type="FAILURE">
<![CDATA[  [Mobile Chrome] › subset\corrected-tests-final.spec.ts:149:7 › Corrected Cost Guard Tests › should manage resource quotas properly 

    Error: expect(received).toBe(expected) // Object.is equality

    Expected: true
    Received: false

      155 |
      156 |     const hasStorageInfo = await storageUsed.count() > 0 || await storageLimit.count() > 0;
    > 157 |     expect(hasStorageInfo).toBe(true);
          |                            ^
      158 |   });
      159 | });
      160 |
        at C:\Dev\Zo\sass-store\tests\e2e\subset\corrected-tests-final.spec.ts:157:28

    attachment #1: screenshot (image/png) ──────────────────────────────────────────────────────────
    ..\..\test-results\subset-corrected-tests-fin-e5ae1-ge-resource-quotas-properly-Mobile-Chrome\test-failed-1.png
    ────────────────────────────────────────────────────────────────────────────────────────────────

    attachment #2: video (video/webm) ──────────────────────────────────────────────────────────────
    ..\..\test-results\subset-corrected-tests-fin-e5ae1-ge-resource-quotas-properly-Mobile-Chrome\video.webm
    ────────────────────────────────────────────────────────────────────────────────────────────────

    Error Context: ..\..\test-results\subset-corrected-tests-fin-e5ae1-ge-resource-quotas-properly-Mobile-Chrome\error-context.md
]]>
</failure>
<system-out>
<![CDATA[
[[ATTACHMENT|subset-corrected-tests-fin-e5ae1-ge-resource-quotas-properly-Mobile-Chrome\test-failed-1.png]]

[[ATTACHMENT|subset-corrected-tests-fin-e5ae1-ge-resource-quotas-properly-Mobile-Chrome\video.webm]]

[[ATTACHMENT|subset-corrected-tests-fin-e5ae1-ge-resource-quotas-properly-Mobile-Chrome\error-context.md]]
]]>
</system-out>
</testcase>
<testcase name="Corrected Booking Tests › should handle booking cancellation" classname="subset\corrected-tests-final.spec.ts" time="3.422">
</testcase>
<testcase name="Corrected Booking Tests › should show available time slots" classname="subset\corrected-tests-final.spec.ts" time="3.387">
</testcase>
<testcase name="Corrected Carousel Tests › should navigate carousel items properly" classname="subset\corrected-tests-final.spec.ts" time="5.276">
</testcase>
<testcase name="Corrected Media Pipeline Tests › should handle media uploads with progress tracking" classname="subset\corrected-tests-final.spec.ts" time="5.117">
</testcase>
<testcase name="Corrected Reorder Tests › should handle reorder with minimal clicks" classname="subset\corrected-tests-final.spec.ts" time="2.621">
</testcase>
<testcase name="Corrected Fallback Tests › should show fallback content when primary content fails" classname="subset\corrected-tests-final.spec.ts" time="2.673">
</testcase>
<testcase name="Corrected Interaction Tests › should handle hover states properly" classname="subset\corrected-tests-final.spec.ts" time="2.666">
</testcase>
<testcase name="Corrected Interaction Tests › should handle touch events on mobile" classname="subset\corrected-tests-final.spec.ts" time="2.773">
</testcase>
<testcase name="Corrected Multitenant Tests › should load tenant-specific branding" classname="subset\corrected-tests-final.spec.ts" time="2.626">
<failure message="corrected-tests-final.spec.ts:331:7 should load tenant-specific branding" type="FAILURE">
<![CDATA[  [Mobile Chrome] › subset\corrected-tests-final.spec.ts:331:7 › Corrected Multitenant Tests › should load tenant-specific branding 

    Error: expect(received).toBe(expected) // Object.is equality

    Expected: true
    Received: false

      339 |       const primaryColorElement = page.locator('[style*="color"], [style*="background"]');
      340 |       const hasTenantColor = await primaryColorElement.count() > 0;
    > 341 |       expect(hasTenantColor).toBe(true);
          |                              ^
      342 |
      343 |       // Check for tenant name in page
      344 |       const pageTitle = await page.title();
        at C:\Dev\Zo\sass-store\tests\e2e\subset\corrected-tests-final.spec.ts:341:30

    attachment #1: screenshot (image/png) ──────────────────────────────────────────────────────────
    ..\..\test-results\subset-corrected-tests-fin-3a139-ad-tenant-specific-branding-Mobile-Chrome\test-failed-1.png
    ────────────────────────────────────────────────────────────────────────────────────────────────

    attachment #2: video (video/webm) ──────────────────────────────────────────────────────────────
    ..\..\test-results\subset-corrected-tests-fin-3a139-ad-tenant-specific-branding-Mobile-Chrome\video.webm
    ────────────────────────────────────────────────────────────────────────────────────────────────

    Error Context: ..\..\test-results\subset-corrected-tests-fin-3a139-ad-tenant-specific-branding-Mobile-Chrome\error-context.md
]]>
</failure>
<system-out>
<![CDATA[
[[ATTACHMENT|subset-corrected-tests-fin-3a139-ad-tenant-specific-branding-Mobile-Chrome\test-failed-1.png]]

[[ATTACHMENT|subset-corrected-tests-fin-3a139-ad-tenant-specific-branding-Mobile-Chrome\video.webm]]

[[ATTACHMENT|subset-corrected-tests-fin-3a139-ad-tenant-specific-branding-Mobile-Chrome\error-context.md]]
]]>
</system-out>
</testcase>
<testcase name="Corrected Self-Healing Tests › should recover from API service interruption" classname="subset\corrected-tests-final.spec.ts" time="3.404">
</testcase>
<testcase name="Corrected Social Planner Tests › should handle social media post scheduling" classname="subset\corrected-tests-final.spec.ts" time="3.414">
</testcase>
<testcase name="Corrected UX Tests › should maintain consistent UX patterns" classname="subset\corrected-tests-final.spec.ts" time="3.13">
</testcase>
<testcase name="Corrected Click Budget Tests › should complete purchase in 3 clicks" classname="subset\corrected-tests-final.spec.ts" time="2.588">
</testcase>
<testcase name="Corrected Reviews Tests › should display and submit reviews properly" classname="subset\corrected-tests-final.spec.ts" time="2.557">
</testcase>
<testcase name="Corrected Performance Tests › should measure core web vitals correctly" classname="subset\corrected-tests-final.spec.ts" time="5.196">
<system-out>
<![CDATA[LCP: 1120, CLS: 0.0412918854589008
]]>
</system-out>
</testcase>
<testcase name="Corrected Tenant Security Tests › should enforce tenant access controls" classname="subset\corrected-tests-final.spec.ts" time="2.252">
</testcase>
<testcase name="Corrected Quotas Tests › should respect API rate limits" classname="subset\corrected-tests-final.spec.ts" time="1.6">
<failure message="corrected-tests-final.spec.ts:576:7 should respect API rate limits" type="FAILURE">
<![CDATA[  [Mobile Chrome] › subset\corrected-tests-final.spec.ts:576:7 › Corrected Quotas Tests › should respect API rate limits 

    Error: expect(received).toBeLessThanOrEqual(expected)

    Expected: <= 5
    Received:    20

      586 |     // If rate limiting is working, some requests might be limited
      587 |     // but not all should fail
    > 588 |     expect(errorResponses.length).toBeLessThanOrEqual(5); // At most 5 should fail
          |                                   ^
      589 |   });
      590 | });
      591 |
        at C:\Dev\Zo\sass-store\tests\e2e\subset\corrected-tests-final.spec.ts:588:35

    attachment #1: screenshot (image/png) ──────────────────────────────────────────────────────────
    ..\..\test-results\subset-corrected-tests-fin-f62bc-uld-respect-API-rate-limits-Mobile-Chrome\test-failed-1.png
    ────────────────────────────────────────────────────────────────────────────────────────────────

    attachment #2: video (video/webm) ──────────────────────────────────────────────────────────────
    ..\..\test-results\subset-corrected-tests-fin-f62bc-uld-respect-API-rate-limits-Mobile-Chrome\video.webm
    ────────────────────────────────────────────────────────────────────────────────────────────────
]]>
</failure>
<system-out>
<![CDATA[
[[ATTACHMENT|subset-corrected-tests-fin-f62bc-uld-respect-API-rate-limits-Mobile-Chrome\test-failed-1.png]]

[[ATTACHMENT|subset-corrected-tests-fin-f62bc-uld-respect-API-rate-limits-Mobile-Chrome\video.webm]]
]]>
</system-out>
</testcase>
<testcase name="Corrected Fallback Tests › should provide fallback for missing images" classname="subset\corrected-tests-final.spec.ts" time="2.552">
<failure message="corrected-tests-final.spec.ts:593:7 should provide fallback for missing images" type="FAILURE">
<![CDATA[  [Mobile Chrome] › subset\corrected-tests-final.spec.ts:593:7 › Corrected Fallback Tests › should provide fallback for missing images 

    Error: expect(received).toBeGreaterThan(expected)

    Expected: > 0
    Received:   0

      607 |     // Page should still be functional despite missing images
      608 |     const contentElements = page.locator('[data-testid="content"], .content, main');
    > 609 |     expect(await contentElements.count()).toBeGreaterThan(0);
          |                                           ^
      610 |   });
      611 | });
      612 |
        at C:\Dev\Zo\sass-store\tests\e2e\subset\corrected-tests-final.spec.ts:609:43

    attachment #1: screenshot (image/png) ──────────────────────────────────────────────────────────
    ..\..\test-results\subset-corrected-tests-fin-2d647-fallback-for-missing-images-Mobile-Chrome\test-failed-1.png
    ────────────────────────────────────────────────────────────────────────────────────────────────

    attachment #2: video (video/webm) ──────────────────────────────────────────────────────────────
    ..\..\test-results\subset-corrected-tests-fin-2d647-fallback-for-missing-images-Mobile-Chrome\video.webm
    ────────────────────────────────────────────────────────────────────────────────────────────────

    Error Context: ..\..\test-results\subset-corrected-tests-fin-2d647-fallback-for-missing-images-Mobile-Chrome\error-context.md
]]>
</failure>
<system-out>
<![CDATA[
[[ATTACHMENT|subset-corrected-tests-fin-2d647-fallback-for-missing-images-Mobile-Chrome\test-failed-1.png]]

[[ATTACHMENT|subset-corrected-tests-fin-2d647-fallback-for-missing-images-Mobile-Chrome\video.webm]]

[[ATTACHMENT|subset-corrected-tests-fin-2d647-fallback-for-missing-images-Mobile-Chrome\error-context.md]]
]]>
</system-out>
</testcase>
<testcase name="Corrected Navigation Tests › should maintain navigation state across page loads" classname="subset\corrected-tests-final.spec.ts" time="3.223">
</testcase>
<testcase name="Corrected Utils Tests › should format currency correctly across locales" classname="subset\corrected-tests-final.spec.ts" time="3.298">
</testcase>
<testcase name="Corrected Global Setup Tests › should initialize with correct configuration" classname="subset\corrected-tests-final.spec.ts" time="0.327">
</testcase>
</testsuite>
<testsuite name="subset\corrected-tests-remaining.spec.ts" timestamp="2025-10-29T19:08:05.826Z" hostname="Mobile Chrome" tests="32" failures="10" skipped="0" time="132.474" errors="0">
<testcase name="Corrected Accessibility Main Tests › should have proper semantic HTML structure" classname="subset\corrected-tests-remaining.spec.ts" time="3.084">
</testcase>
<testcase name="Corrected Click Budget Tests › should complete service booking in 2 clicks" classname="subset\corrected-tests-remaining.spec.ts" time="3.271">
</testcase>
<testcase name="Corrected Continuation Tests › should handle session continuation properly" classname="subset\corrected-tests-remaining.spec.ts" time="4.468">
</testcase>
<testcase name="Corrected Forgot Password Tests › should handle password reset flow" classname="subset\corrected-tests-remaining.spec.ts" time="3.204">
</testcase>
<testcase name="Corrected Performance Main Tests › should meet performance budgets" classname="subset\corrected-tests-remaining.spec.ts" time="2.934">
</testcase>
<testcase name="Corrected Reviews Tests › should display reviews correctly" classname="subset\corrected-tests-remaining.spec.ts" time="3.982">
</testcase>
<testcase name="Corrected Tenant Security Tests › should enforce proper tenant boundaries" classname="subset\corrected-tests-remaining.spec.ts" time="0.318">
<failure message="corrected-tests-remaining.spec.ts:145:7 should enforce proper tenant boundaries" type="FAILURE">
<![CDATA[  [Mobile Chrome] › subset\corrected-tests-remaining.spec.ts:145:7 › Corrected Tenant Security Tests › should enforce proper tenant boundaries 

    Error: expect(received).toBeDefined()

    Received: undefined

      149 |     });
      150 |
    > 151 |     expect(tenantData).toBeDefined();
          |                        ^
      152 |     expect(tenantData?.slug).toBe('wondernails');
      153 |   });
      154 | });
        at C:\Dev\Zo\sass-store\tests\e2e\subset\corrected-tests-remaining.spec.ts:151:24

    attachment #1: screenshot (image/png) ──────────────────────────────────────────────────────────
    ..\..\test-results\subset-corrected-tests-rem-c8c5c-ce-proper-tenant-boundaries-Mobile-Chrome\test-failed-1.png
    ────────────────────────────────────────────────────────────────────────────────────────────────

    attachment #2: video (video/webm) ──────────────────────────────────────────────────────────────
    ..\..\test-results\subset-corrected-tests-rem-c8c5c-ce-proper-tenant-boundaries-Mobile-Chrome\video.webm
    ────────────────────────────────────────────────────────────────────────────────────────────────
]]>
</failure>
<system-out>
<![CDATA[
[[ATTACHMENT|subset-corrected-tests-rem-c8c5c-ce-proper-tenant-boundaries-Mobile-Chrome\test-failed-1.png]]

[[ATTACHMENT|subset-corrected-tests-rem-c8c5c-ce-proper-tenant-boundaries-Mobile-Chrome\video.webm]]
]]>
</system-out>
</testcase>
<testcase name="Corrected A11y Compliance Tests › should meet accessibility compliance standards" classname="subset\corrected-tests-remaining.spec.ts" time="2.542">
</testcase>
<testcase name="Corrected Keyboard Navigation Tests › should support full keyboard navigation" classname="subset\corrected-tests-remaining.spec.ts" time="3.486">
<failure message="corrected-tests-remaining.spec.ts:178:7 should support full keyboard navigation" type="FAILURE">
<![CDATA[  [Mobile Chrome] › subset\corrected-tests-remaining.spec.ts:178:7 › Corrected Keyboard Navigation Tests › should support full keyboard navigation 

    Error: expect(received).toBe(expected) // Object.is equality

    Expected: true
    Received: false

      194 |     if (await firstLink.count() > 0) {
      195 |       await firstLink.focus();
    > 196 |       expect(await firstLink.evaluate(el => document.activeElement === el)).toBe(true);
          |                                                                             ^
      197 |     }
      198 |   });
      199 | });
        at C:\Dev\Zo\sass-store\tests\e2e\subset\corrected-tests-remaining.spec.ts:196:77

    attachment #1: screenshot (image/png) ──────────────────────────────────────────────────────────
    ..\..\test-results\subset-corrected-tests-rem-c46a8-rt-full-keyboard-navigation-Mobile-Chrome\test-failed-1.png
    ────────────────────────────────────────────────────────────────────────────────────────────────

    attachment #2: video (video/webm) ──────────────────────────────────────────────────────────────
    ..\..\test-results\subset-corrected-tests-rem-c46a8-rt-full-keyboard-navigation-Mobile-Chrome\video.webm
    ────────────────────────────────────────────────────────────────────────────────────────────────

    Error Context: ..\..\test-results\subset-corrected-tests-rem-c46a8-rt-full-keyboard-navigation-Mobile-Chrome\error-context.md
]]>
</failure>
<system-out>
<![CDATA[
[[ATTACHMENT|subset-corrected-tests-rem-c46a8-rt-full-keyboard-navigation-Mobile-Chrome\test-failed-1.png]]

[[ATTACHMENT|subset-corrected-tests-rem-c46a8-rt-full-keyboard-navigation-Mobile-Chrome\video.webm]]

[[ATTACHMENT|subset-corrected-tests-rem-c46a8-rt-full-keyboard-navigation-Mobile-Chrome\error-context.md]]
]]>
</system-out>
</testcase>
<testcase name="Corrected Carousel Tests › should handle carousel navigation" classname="subset\corrected-tests-remaining.spec.ts" time="2.995">
</testcase>
<testcase name="Corrected Fallback Comprehensive Tests › should handle API fallbacks gracefully" classname="subset\corrected-tests-remaining.spec.ts" time="2.804">
<failure message="corrected-tests-remaining.spec.ts:222:7 should handle API fallbacks gracefully" type="FAILURE">
<![CDATA[  [Mobile Chrome] › subset\corrected-tests-remaining.spec.ts:222:7 › Corrected Fallback Comprehensive Tests › should handle API fallbacks gracefully 

    Error: expect(received).toBeGreaterThan(expected)

    Expected: > 0
    Received:   0

      236 |     // The page should still render with fallback content
      237 |     const contentElement = page.locator('[data-testid="content"], main');
    > 238 |     expect(await contentElement.count()).toBeGreaterThan(0);
          |                                          ^
      239 |   });
      240 | });
      241 |
        at C:\Dev\Zo\sass-store\tests\e2e\subset\corrected-tests-remaining.spec.ts:238:42

    attachment #1: screenshot (image/png) ──────────────────────────────────────────────────────────
    ..\..\test-results\subset-corrected-tests-rem-221db-le-API-fallbacks-gracefully-Mobile-Chrome\test-failed-1.png
    ────────────────────────────────────────────────────────────────────────────────────────────────

    attachment #2: video (video/webm) ──────────────────────────────────────────────────────────────
    ..\..\test-results\subset-corrected-tests-rem-221db-le-API-fallbacks-gracefully-Mobile-Chrome\video.webm
    ────────────────────────────────────────────────────────────────────────────────────────────────

    Error Context: ..\..\test-results\subset-corrected-tests-rem-221db-le-API-fallbacks-gracefully-Mobile-Chrome\error-context.md
]]>
</failure>
<system-out>
<![CDATA[
[[ATTACHMENT|subset-corrected-tests-rem-221db-le-API-fallbacks-gracefully-Mobile-Chrome\test-failed-1.png]]

[[ATTACHMENT|subset-corrected-tests-rem-221db-le-API-fallbacks-gracefully-Mobile-Chrome\video.webm]]

[[ATTACHMENT|subset-corrected-tests-rem-221db-le-API-fallbacks-gracefully-Mobile-Chrome\error-context.md]]
]]>
</system-out>
</testcase>
<testcase name="Corrected Media Optimization Tests › should load optimized media" classname="subset\corrected-tests-remaining.spec.ts" time="2.287">
</testcase>
<testcase name="Corrected Tenant Isolation Tests › should maintain proper tenant isolation" classname="subset\corrected-tests-remaining.spec.ts" time="3.439">
<failure message="corrected-tests-remaining.spec.ts:264:7 should maintain proper tenant isolation" type="FAILURE">
<![CDATA[  [Mobile Chrome] › subset\corrected-tests-remaining.spec.ts:264:7 › Corrected Tenant Isolation Tests › should maintain proper tenant isolation 

    Error: expect(received).toContain(expected) // indexOf

    Expected substring: "wondernails"
    Received string:    ""

      272 |
      273 |     // The titles should reflect each tenant
    > 274 |     expect(wondernailsTitle.toLowerCase()).toContain('wondernails');
          |                                            ^
      275 |     expect(vainillaTitle.toLowerCase()).toContain('vainilla');
      276 |   });
      277 | });
        at C:\Dev\Zo\sass-store\tests\e2e\subset\corrected-tests-remaining.spec.ts:274:44

    attachment #1: screenshot (image/png) ──────────────────────────────────────────────────────────
    ..\..\test-results\subset-corrected-tests-rem-30fd4-ain-proper-tenant-isolation-Mobile-Chrome\test-failed-1.png
    ────────────────────────────────────────────────────────────────────────────────────────────────

    attachment #2: video (video/webm) ──────────────────────────────────────────────────────────────
    ..\..\test-results\subset-corrected-tests-rem-30fd4-ain-proper-tenant-isolation-Mobile-Chrome\video.webm
    ────────────────────────────────────────────────────────────────────────────────────────────────

    Error Context: ..\..\test-results\subset-corrected-tests-rem-30fd4-ain-proper-tenant-isolation-Mobile-Chrome\error-context.md
]]>
</failure>
<system-out>
<![CDATA[
[[ATTACHMENT|subset-corrected-tests-rem-30fd4-ain-proper-tenant-isolation-Mobile-Chrome\test-failed-1.png]]

[[ATTACHMENT|subset-corrected-tests-rem-30fd4-ain-proper-tenant-isolation-Mobile-Chrome\video.webm]]

[[ATTACHMENT|subset-corrected-tests-rem-30fd4-ain-proper-tenant-isolation-Mobile-Chrome\error-context.md]]
]]>
</system-out>
</testcase>
<testcase name="Corrected Navigation Flows Tests › should maintain navigation context" classname="subset\corrected-tests-remaining.spec.ts" time="2.543">
</testcase>
<testcase name="Corrected Core Web Vitals Tests › should measure core web vitals" classname="subset\corrected-tests-remaining.spec.ts" time="3.72">
<system-out>
<![CDATA[LCP: 2076ms
]]>
</system-out>
</testcase>
<testcase name="Corrected Self-Healing Validation Tests › should recover from temporary failures" classname="subset\corrected-tests-remaining.spec.ts" time="3.061">
<failure message="corrected-tests-remaining.spec.ts:327:7 should recover from temporary failures" type="FAILURE">
<![CDATA[  [Mobile Chrome] › subset\corrected-tests-remaining.spec.ts:327:7 › Corrected Self-Healing Validation Tests › should recover from temporary failures 

    Error: expect(received).toBeGreaterThan(expected)

    Expected: > 0
    Received:   0

      335 |     // The application should continue functioning
      336 |     const elements = page.locator('[data-testid="content"], main');
    > 337 |     expect(await elements.count()).toBeGreaterThan(0);
          |                                    ^
      338 |
      339 |     // Should handle the error without crashing
      340 |     let errorCount = 0;
        at C:\Dev\Zo\sass-store\tests\e2e\subset\corrected-tests-remaining.spec.ts:337:36

    attachment #1: screenshot (image/png) ──────────────────────────────────────────────────────────
    ..\..\test-results\subset-corrected-tests-rem-424a6-ver-from-temporary-failures-Mobile-Chrome\test-failed-1.png
    ────────────────────────────────────────────────────────────────────────────────────────────────

    attachment #2: video (video/webm) ──────────────────────────────────────────────────────────────
    ..\..\test-results\subset-corrected-tests-rem-424a6-ver-from-temporary-failures-Mobile-Chrome\video.webm
    ────────────────────────────────────────────────────────────────────────────────────────────────

    Error Context: ..\..\test-results\subset-corrected-tests-rem-424a6-ver-from-temporary-failures-Mobile-Chrome\error-context.md
]]>
</failure>
<system-out>
<![CDATA[
[[ATTACHMENT|subset-corrected-tests-rem-424a6-ver-from-temporary-failures-Mobile-Chrome\test-failed-1.png]]

[[ATTACHMENT|subset-corrected-tests-rem-424a6-ver-from-temporary-failures-Mobile-Chrome\video.webm]]

[[ATTACHMENT|subset-corrected-tests-rem-424a6-ver-from-temporary-failures-Mobile-Chrome\error-context.md]]
]]>
</system-out>
</testcase>
<testcase name="Corrected Social Planner Flow Tests › should handle social media scheduling" classname="subset\corrected-tests-remaining.spec.ts" time="2.847">
</testcase>
<testcase name="Corrected UX Click Budget Tests › should maintain UX click budget" classname="subset\corrected-tests-remaining.spec.ts" time="18.107">
<failure message="corrected-tests-remaining.spec.ts:374:7 should maintain UX click budget" type="FAILURE">
<![CDATA[  [Mobile Chrome] › subset\corrected-tests-remaining.spec.ts:374:7 › Corrected UX Click Budget Tests › should maintain UX click budget 

    TimeoutError: page.click: Timeout 15000ms exceeded.
    Call log:
      - waiting for locator('a[href*="/products"]')


      386 |
      387 |     // Navigate to products
    > 388 |     await page.click('a[href*="/products"]');
          |                ^
      389 |     clickCount = await page.evaluate(() => (window as any).clickCount || 0);
      390 |
      391 |     // Add to cart
        at C:\Dev\Zo\sass-store\tests\e2e\subset\corrected-tests-remaining.spec.ts:388:16

    attachment #1: screenshot (image/png) ──────────────────────────────────────────────────────────
    ..\..\test-results\subset-corrected-tests-rem-b7e50-ld-maintain-UX-click-budget-Mobile-Chrome\test-failed-1.png
    ────────────────────────────────────────────────────────────────────────────────────────────────

    attachment #2: video (video/webm) ──────────────────────────────────────────────────────────────
    ..\..\test-results\subset-corrected-tests-rem-b7e50-ld-maintain-UX-click-budget-Mobile-Chrome\video.webm
    ────────────────────────────────────────────────────────────────────────────────────────────────

    Error Context: ..\..\test-results\subset-corrected-tests-rem-b7e50-ld-maintain-UX-click-budget-Mobile-Chrome\error-context.md
]]>
</failure>
<system-out>
<![CDATA[
[[ATTACHMENT|subset-corrected-tests-rem-b7e50-ld-maintain-UX-click-budget-Mobile-Chrome\test-failed-1.png]]

[[ATTACHMENT|subset-corrected-tests-rem-b7e50-ld-maintain-UX-click-budget-Mobile-Chrome\video.webm]]

[[ATTACHMENT|subset-corrected-tests-rem-b7e50-ld-maintain-UX-click-budget-Mobile-Chrome\error-context.md]]
]]>
</system-out>
</testcase>
<testcase name="Corrected Product Catalog Isolation Tests › should prevent cross-tenant product access" classname="subset\corrected-tests-remaining.spec.ts" time="2.52">
</testcase>
<testcase name="Corrected Booking System Isolation Tests › should maintain booking isolation between tenants" classname="subset\corrected-tests-remaining.spec.ts" time="18.119">
<failure message="corrected-tests-remaining.spec.ts:420:7 should maintain booking isolation between tenants" type="FAILURE">
<![CDATA[  [Mobile Chrome] › subset\corrected-tests-remaining.spec.ts:420:7 › Corrected Booking System Isolation Tests › should maintain booking isolation between tenants 

    TimeoutError: locator.textContent: Timeout 15000ms exceeded.
    Call log:
      - waiting for locator('main, [data-testid="bookings-content"]')


      422 |     
      423 |     // Check that the page is specific to the tenant
    > 424 |     const pageContent = await page.locator('main, [data-testid="bookings-content"]').textContent();
          |                                                                                      ^
      425 |     expect(pageContent).toBeDefined();
      426 |   });
      427 | });
        at C:\Dev\Zo\sass-store\tests\e2e\subset\corrected-tests-remaining.spec.ts:424:86

    attachment #1: screenshot (image/png) ──────────────────────────────────────────────────────────
    ..\..\test-results\subset-corrected-tests-rem-a9482-g-isolation-between-tenants-Mobile-Chrome\test-failed-1.png
    ────────────────────────────────────────────────────────────────────────────────────────────────

    attachment #2: video (video/webm) ──────────────────────────────────────────────────────────────
    ..\..\test-results\subset-corrected-tests-rem-a9482-g-isolation-between-tenants-Mobile-Chrome\video.webm
    ────────────────────────────────────────────────────────────────────────────────────────────────

    Error Context: ..\..\test-results\subset-corrected-tests-rem-a9482-g-isolation-between-tenants-Mobile-Chrome\error-context.md
]]>
</failure>
<system-out>
<![CDATA[
[[ATTACHMENT|subset-corrected-tests-rem-a9482-g-isolation-between-tenants-Mobile-Chrome\test-failed-1.png]]

[[ATTACHMENT|subset-corrected-tests-rem-a9482-g-isolation-between-tenants-Mobile-Chrome\video.webm]]

[[ATTACHMENT|subset-corrected-tests-rem-a9482-g-isolation-between-tenants-Mobile-Chrome\error-context.md]]
]]>
</system-out>
</testcase>
<testcase name="Corrected Cart Multiple Items Tests › should handle cart operations correctly" classname="subset\corrected-tests-remaining.spec.ts" time="2.115">
</testcase>
<testcase name="Corrected Payment Timeout Recovery Tests › should handle payment timeouts gracefully" classname="subset\corrected-tests-remaining.spec.ts" time="5.741">
</testcase>
<testcase name="Corrected Mobile Desktop Interactions Tests › should handle responsive interactions" classname="subset\corrected-tests-remaining.spec.ts" time="5.279">
</testcase>
<testcase name="Corrected Bundle and Gift Flows Tests › should handle bundle purchase flow" classname="subset\corrected-tests-remaining.spec.ts" time="5.639">
</testcase>
<testcase name="Corrected Cost Guards Tests › should enforce cost limit protections" classname="subset\corrected-tests-remaining.spec.ts" time="2.088">
</testcase>
<testcase name="Corrected Smart Reorder Tests › should handle reorder functionality" classname="subset\corrected-tests-remaining.spec.ts" time="2.187">
</testcase>
<testcase name="Corrected SEO Optimization Tests › should have proper SEO elements" classname="subset\corrected-tests-remaining.spec.ts" time="1.705">
<failure message="corrected-tests-remaining.spec.ts:566:7 should have proper SEO elements" type="FAILURE">
<![CDATA[  [Mobile Chrome] › subset\corrected-tests-remaining.spec.ts:566:7 › Corrected SEO Optimization Tests › should have proper SEO elements 

    Error: expect(received).toBeGreaterThan(expected)

    Expected: > 0
    Received:   0

      569 |     // Check for title tag
      570 |     const title = await page.title();
    > 571 |     expect(title.length).toBeGreaterThan(0);
          |                          ^
      572 |
      573 |     // Check for meta description
      574 |     const metaDesc = await page.locator('meta[name="description"]').first().getAttribute('content');
        at C:\Dev\Zo\sass-store\tests\e2e\subset\corrected-tests-remaining.spec.ts:571:26

    attachment #1: screenshot (image/png) ──────────────────────────────────────────────────────────
    ..\..\test-results\subset-corrected-tests-rem-0b530-ld-have-proper-SEO-elements-Mobile-Chrome\test-failed-1.png
    ────────────────────────────────────────────────────────────────────────────────────────────────

    attachment #2: video (video/webm) ──────────────────────────────────────────────────────────────
    ..\..\test-results\subset-corrected-tests-rem-0b530-ld-have-proper-SEO-elements-Mobile-Chrome\video.webm
    ────────────────────────────────────────────────────────────────────────────────────────────────

    Error Context: ..\..\test-results\subset-corrected-tests-rem-0b530-ld-have-proper-SEO-elements-Mobile-Chrome\error-context.md
]]>
</failure>
<system-out>
<![CDATA[
[[ATTACHMENT|subset-corrected-tests-rem-0b530-ld-have-proper-SEO-elements-Mobile-Chrome\test-failed-1.png]]

[[ATTACHMENT|subset-corrected-tests-rem-0b530-ld-have-proper-SEO-elements-Mobile-Chrome\video.webm]]

[[ATTACHMENT|subset-corrected-tests-rem-0b530-ld-have-proper-SEO-elements-Mobile-Chrome\error-context.md]]
]]>
</system-out>
</testcase>
<testcase name="Corrected Additional Navigation Tests › should maintain navigation state" classname="subset\corrected-tests-remaining.spec.ts" time="2.31">
</testcase>
<testcase name="Corrected Mobile Performance Budget Tests › should meet mobile performance budgets" classname="subset\corrected-tests-remaining.spec.ts" time="4.891">
<failure message="corrected-tests-remaining.spec.ts:610:7 should meet mobile performance budgets" type="FAILURE">
<![CDATA[  [Mobile Chrome] › subset\corrected-tests-remaining.spec.ts:610:7 › Corrected Mobile Performance Budget Tests › should meet mobile performance budgets 

    Error: expect(received).toBeLessThan(expected)

    Expected: < 1000
    Received:   2314.5999999996275

      618 |
      619 |     // Should be under 1 second
    > 620 |     expect(ttfb).toBeLessThan(1000);
          |                  ^
      621 |     console.log(`TTFB: ${ttfb}ms`);
      622 |   });
      623 | });
        at C:\Dev\Zo\sass-store\tests\e2e\subset\corrected-tests-remaining.spec.ts:620:18

    attachment #1: screenshot (image/png) ──────────────────────────────────────────────────────────
    ..\..\test-results\subset-corrected-tests-rem-5e243--mobile-performance-budgets-Mobile-Chrome\test-failed-1.png
    ────────────────────────────────────────────────────────────────────────────────────────────────

    attachment #2: video (video/webm) ──────────────────────────────────────────────────────────────
    ..\..\test-results\subset-corrected-tests-rem-5e243--mobile-performance-budgets-Mobile-Chrome\video.webm
    ────────────────────────────────────────────────────────────────────────────────────────────────

    Error Context: ..\..\test-results\subset-corrected-tests-rem-5e243--mobile-performance-budgets-Mobile-Chrome\error-context.md
]]>
</failure>
<system-out>
<![CDATA[
[[ATTACHMENT|subset-corrected-tests-rem-5e243--mobile-performance-budgets-Mobile-Chrome\test-failed-1.png]]

[[ATTACHMENT|subset-corrected-tests-rem-5e243--mobile-performance-budgets-Mobile-Chrome\video.webm]]

[[ATTACHMENT|subset-corrected-tests-rem-5e243--mobile-performance-budgets-Mobile-Chrome\error-context.md]]
]]>
</system-out>
</testcase>
<testcase name="Corrected Register Flow Tests › should handle user registration" classname="subset\corrected-tests-remaining.spec.ts" time="2.981">
</testcase>
<testcase name="Corrected Quick and Recurring Booking Tests › should handle recurring booking setup" classname="subset\corrected-tests-remaining.spec.ts" time="4.598">
</testcase>
<testcase name="Corrected Tenant Isolation Extended Tests › should isolate tenant data correctly" classname="subset\corrected-tests-remaining.spec.ts" time="3.209">
<failure message="corrected-tests-remaining.spec.ts:687:7 should isolate tenant data correctly" type="FAILURE">
<![CDATA[  [Mobile Chrome] › subset\corrected-tests-remaining.spec.ts:687:7 › Corrected Tenant Isolation Extended Tests › should isolate tenant data correctly 

    Error: expect(received).toBeDefined()

    Received: undefined

      697 |       return (window as any).tenantContext || (window as any).__tenant__;
      698 |     });
    > 699 |     expect(tenantContext).toBeDefined();
          |                           ^
      700 |   });
      701 | });
        at C:\Dev\Zo\sass-store\tests\e2e\subset\corrected-tests-remaining.spec.ts:699:27

    attachment #1: screenshot (image/png) ──────────────────────────────────────────────────────────
    ..\..\test-results\subset-corrected-tests-rem-250a7-olate-tenant-data-correctly-Mobile-Chrome\test-failed-1.png
    ────────────────────────────────────────────────────────────────────────────────────────────────

    attachment #2: video (video/webm) ──────────────────────────────────────────────────────────────
    ..\..\test-results\subset-corrected-tests-rem-250a7-olate-tenant-data-correctly-Mobile-Chrome\video.webm
    ────────────────────────────────────────────────────────────────────────────────────────────────

    Error Context: ..\..\test-results\subset-corrected-tests-rem-250a7-olate-tenant-data-correctly-Mobile-Chrome\error-context.md
]]>
</failure>
<system-out>
<![CDATA[
[[ATTACHMENT|subset-corrected-tests-rem-250a7-olate-tenant-data-correctly-Mobile-Chrome\test-failed-1.png]]

[[ATTACHMENT|subset-corrected-tests-rem-250a7-olate-tenant-data-correctly-Mobile-Chrome\video.webm]]

[[ATTACHMENT|subset-corrected-tests-rem-250a7-olate-tenant-data-correctly-Mobile-Chrome\error-context.md]]
]]>
</system-out>
</testcase>
</testsuite>
<testsuite name="subset\corrected-tests.spec.ts" timestamp="2025-10-29T19:08:05.826Z" hostname="Mobile Chrome" tests="6" failures="2" skipped="0" time="45.211" errors="0">
<testcase name="Corrected Accessibility Tests › Screen reader support should be comprehensive with proper error handling" classname="subset\corrected-tests.spec.ts" time="6.991">
<failure message="corrected-tests.spec.ts:9:7 Screen reader support should be comprehensive with proper error handling" type="FAILURE">
<![CDATA[  [Mobile Chrome] › subset\corrected-tests.spec.ts:9:7 › Corrected Accessibility Tests › Screen reader support should be comprehensive with proper error handling 

    Error: expect(received).toBeGreaterThanOrEqual(expected)

    Expected: >= 1
    Received:    0

      42 |     // Validate heading hierarchy (should start with h1)
      43 |     const h1 = page.locator('h1');
    > 44 |     expect(await h1.count()).toBeGreaterThanOrEqual(1);
         |                              ^
      45 |
      46 |     // Check for alt text on images
      47 |     const images = page.locator('img');
        at C:\Dev\Zo\sass-store\tests\e2e\subset\corrected-tests.spec.ts:44:30

    attachment #1: screenshot (image/png) ──────────────────────────────────────────────────────────
    ..\..\test-results\subset-corrected-tests-Cor-86f06--with-proper-error-handling-Mobile-Chrome\test-failed-1.png
    ────────────────────────────────────────────────────────────────────────────────────────────────

    attachment #2: video (video/webm) ──────────────────────────────────────────────────────────────
    ..\..\test-results\subset-corrected-tests-Cor-86f06--with-proper-error-handling-Mobile-Chrome\video.webm
    ────────────────────────────────────────────────────────────────────────────────────────────────

    Error Context: ..\..\test-results\subset-corrected-tests-Cor-86f06--with-proper-error-handling-Mobile-Chrome\error-context.md
]]>
</failure>
<system-out>
<![CDATA[
[[ATTACHMENT|subset-corrected-tests-Cor-86f06--with-proper-error-handling-Mobile-Chrome\test-failed-1.png]]

[[ATTACHMENT|subset-corrected-tests-Cor-86f06--with-proper-error-handling-Mobile-Chrome\video.webm]]

[[ATTACHMENT|subset-corrected-tests-Cor-86f06--with-proper-error-handling-Mobile-Chrome\error-context.md]]
]]>
</system-out>
</testcase>
<testcase name="Corrected Accessibility Tests › Color contrast should meet WCAG requirements with better error handling" classname="subset\corrected-tests.spec.ts" time="6.724">
</testcase>
<testcase name="Corrected Quick Service Booking - 2 Click Budget › should handle missing elements gracefully in booking flow" classname="subset\corrected-tests.spec.ts" time="17.253">
<failure message="corrected-tests.spec.ts:132:7 should handle missing elements gracefully in booking flow" type="FAILURE">
<![CDATA[  [Mobile Chrome] › subset\corrected-tests.spec.ts:132:7 › Corrected Quick Service Booking - 2 Click Budget › should handle missing elements gracefully in booking flow 

    Error: expect(locator).toBeVisible() failed

    Locator: locator('[data-testid="service-card"]').first()
    Expected: visible
    Timeout: 10000ms
    Error: element(s) not found

    Call log:
      - Expect "toBeVisible" with timeout 10000ms
      - waiting for locator('[data-testid="service-card"]').first()


      144 |     // Verify service details loaded with timeout
      145 |     const serviceCard = page.locator('[data-testid="service-card"]').first();
    > 146 |     await expect(serviceCard).toBeVisible({ timeout: 10000 });
          |                               ^
      147 |
      148 |     // Check for next available slot with fallback
      149 |     const nextAvailableSlot = page.locator('[data-testid="next-available-slot"], button:has-text("Next Available")');
        at C:\Dev\Zo\sass-store\tests\e2e\subset\corrected-tests.spec.ts:146:31

    attachment #1: screenshot (image/png) ──────────────────────────────────────────────────────────
    ..\..\test-results\subset-corrected-tests-Cor-afd84--gracefully-in-booking-flow-Mobile-Chrome\test-failed-1.png
    ────────────────────────────────────────────────────────────────────────────────────────────────

    attachment #2: video (video/webm) ──────────────────────────────────────────────────────────────
    ..\..\test-results\subset-corrected-tests-Cor-afd84--gracefully-in-booking-flow-Mobile-Chrome\video.webm
    ────────────────────────────────────────────────────────────────────────────────────────────────

    Error Context: ..\..\test-results\subset-corrected-tests-Cor-afd84--gracefully-in-booking-flow-Mobile-Chrome\error-context.md
]]>
</failure>
<system-out>
<![CDATA[
[[ATTACHMENT|subset-corrected-tests-Cor-afd84--gracefully-in-booking-flow-Mobile-Chrome\test-failed-1.png]]

[[ATTACHMENT|subset-corrected-tests-Cor-afd84--gracefully-in-booking-flow-Mobile-Chrome\video.webm]]

[[ATTACHMENT|subset-corrected-tests-Cor-afd84--gracefully-in-booking-flow-Mobile-Chrome\error-context.md]]
]]>
</system-out>
</testcase>
<testcase name="Corrected Bundle Purchase with Cross-Sell - 3 Click Budget › should handle missing bundle elements gracefully" classname="subset\corrected-tests.spec.ts" time="6.931">
</testcase>
<testcase name="Corrected Product Catalog Tenant Isolation › should handle missing search elements gracefully" classname="subset\corrected-tests.spec.ts" time="4.885">
</testcase>
<testcase name="Corrected Payment Gateway Timeout Recovery › should handle payment timeout with proper error checking" classname="subset\corrected-tests.spec.ts" time="2.427">
</testcase>
</testsuite>
<testsuite name="subset\need-human.e2e.ts" timestamp="2025-10-29T19:08:05.826Z" hostname="Mobile Chrome" tests="5" failures="2" skipped="0" time="8.752" errors="0">
<testcase name="NEED=HUMAN E2E Validation › should trigger NEED=HUMAN when data-testid is missing" classname="subset\need-human.e2e.ts" time="2.328">
<failure message="need-human.e2e.ts:10:7 should trigger NEED=HUMAN when data-testid is missing" type="FAILURE">
<![CDATA[  [Mobile Chrome] › subset\need-human.e2e.ts:10:7 › NEED=HUMAN E2E Validation › should trigger NEED=HUMAN when data-testid is missing 

    Error: NEED=HUMAN: Critical booking button not found. Alert created: agents\alerts\NEED-INPUT_2025-10-29T19-29-44-243Z_QA.md

      76 |         });
      77 |
    > 78 |         throw new Error(`NEED=HUMAN: Critical booking button not found. Alert created: ${alertFile}`);
         |               ^
      79 |       }
      80 |     } else {
      81 |       // Happy path - stable selector exists
        at C:\Dev\Zo\sass-store\tests\e2e\subset\need-human.e2e.ts:78:15

    attachment #1: screenshot (image/png) ──────────────────────────────────────────────────────────
    ..\..\test-results\subset-need-human.e2e.ts-N-645e7-when-data-testid-is-missing-Mobile-Chrome\test-failed-1.png
    ────────────────────────────────────────────────────────────────────────────────────────────────

    attachment #2: video (video/webm) ──────────────────────────────────────────────────────────────
    ..\..\test-results\subset-need-human.e2e.ts-N-645e7-when-data-testid-is-missing-Mobile-Chrome\video.webm
    ────────────────────────────────────────────────────────────────────────────────────────────────

    Error Context: ..\..\test-results\subset-need-human.e2e.ts-N-645e7-when-data-testid-is-missing-Mobile-Chrome\error-context.md
]]>
</failure>
<system-out>
<![CDATA[[13:29:44] ℹ️   [36mINFO [0m [33mAGENT=QA TASK=need-human-test msg="Starting NEED=HUMAN validation" tenant=wondernails[0m

[41m[37m[1m🔴🔴🔴 NEED HUMAN INPUT 🔴🔴🔴[0m
[41m[37m[1m                                                    [0m
[41m[37m[1m AGENT: QA         TASK: e2e-testing     [0m
[41m[37m[1m                                                    [0m
[41m[37m[1m REASON: Missing data-testid attribute on criti [0m
[41m[37m[1m                                                    [0m
[41m[37m[1m ACTION: Add data-testid="reservar-ahora-button [0m
[41m[37m[1m                                                    [0m
[41m[37m[1m🔴🔴🔴🔴🔴🔴🔴🔴🔴🔴🔴🔴🔴🔴🔴🔴🔴🔴[0m

[13:29:44] [41m[37m⚠    NEED=HUMAN[0m AGENT=QA TASK=e2e-testing NEED=HUMAN REASON="Missing data-testid attribute on critical element: Reservar ahora button" ACTION="Add data-testid="reservar-ahora-button" to the element" msg="Human intervention required" file=agents\alerts\NEED-INPUT_2025-10-29T19-29-44-243Z_QA.md urgency=medium

📄 Instructions written to: agents\alerts\NEED-INPUT_2025-10-29T19-29-44-243Z_QA.md
⚠️  Please address the issue and press ENTER to continue

[13:29:44] [41m[37m⚠    NEED=HUMAN[0m AGENT=QA TASK=e2e CASE="reserva-rapida" NEED=HUMAN msg="Missing data-testid on critical CTA" selector=[data-testid="book-now"] file=agents\alerts\NEED-INPUT_2025-10-29T19-29-44-243Z_QA.md
[13:29:44] ❌   [31mERROR[0m [33mAGENT=QA TASK=e2e CASE="reserva-rapida" msg="No booking button found with any selector" selectors_tried=6 tenant=wondernails[0m

[[ATTACHMENT|subset-need-human.e2e.ts-N-645e7-when-data-testid-is-missing-Mobile-Chrome\test-failed-1.png]]

[[ATTACHMENT|subset-need-human.e2e.ts-N-645e7-when-data-testid-is-missing-Mobile-Chrome\video.webm]]

[[ATTACHMENT|subset-need-human.e2e.ts-N-645e7-when-data-testid-is-missing-Mobile-Chrome\error-context.md]]
]]>
</system-out>
</testcase>
<testcase name="NEED=HUMAN E2E Validation › should validate color log output in console" classname="subset\need-human.e2e.ts" time="2.159">
<failure message="need-human.e2e.ts:100:7 should validate color log output in console" type="FAILURE">
<![CDATA[  [Mobile Chrome] › subset\need-human.e2e.ts:100:7 › NEED=HUMAN E2E Validation › should validate color log output in console 

    Error: page.evaluate: TypeError: Cannot read properties of undefined (reading 'info')
        at eval (eval at evaluate (:290:30), <anonymous>:2:25)
        at UtilityScript.evaluate (<anonymous>:292:16)
        at UtilityScript.<anonymous> (<anonymous>:1:44)
        at eval (eval at evaluate (:290:30), <anonymous>:2:25)
        at UtilityScript.evaluate (<anonymous>:292:16)
        at UtilityScript.<anonymous> (<anonymous>:1:44)
        at C:\Dev\Zo\sass-store\tests\e2e\subset\need-human.e2e.ts:127:16

    attachment #1: screenshot (image/png) ──────────────────────────────────────────────────────────
    ..\..\test-results\subset-need-human.e2e.ts-N-ab2e9-color-log-output-in-console-Mobile-Chrome\test-failed-1.png
    ────────────────────────────────────────────────────────────────────────────────────────────────

    attachment #2: video (video/webm) ──────────────────────────────────────────────────────────────
    ..\..\test-results\subset-need-human.e2e.ts-N-ab2e9-color-log-output-in-console-Mobile-Chrome\video.webm
    ────────────────────────────────────────────────────────────────────────────────────────────────

    Error Context: ..\..\test-results\subset-need-human.e2e.ts-N-ab2e9-color-log-output-in-console-Mobile-Chrome\error-context.md
]]>
</failure>
<system-out>
<![CDATA[
[[ATTACHMENT|subset-need-human.e2e.ts-N-ab2e9-color-log-output-in-console-Mobile-Chrome\test-failed-1.png]]

[[ATTACHMENT|subset-need-human.e2e.ts-N-ab2e9-color-log-output-in-console-Mobile-Chrome\video.webm]]

[[ATTACHMENT|subset-need-human.e2e.ts-N-ab2e9-color-log-output-in-console-Mobile-Chrome\error-context.md]]
]]>
</system-out>
</testcase>
<testcase name="NEED=HUMAN E2E Validation › should handle missing configuration gracefully" classname="subset\need-human.e2e.ts" time="0.442">
<system-out>
<![CDATA[
[41m[37m[1m🔴🔴🔴 NEED HUMAN INPUT 🔴🔴🔴[0m
[41m[37m[1m                                                    [0m
[41m[37m[1m AGENT: AUTH       TASK: configuration   [0m
[41m[37m[1m                                                    [0m
[41m[37m[1m REASON: Missing required configuration: NEXTAU [0m
[41m[37m[1m                                                    [0m
[41m[37m[1m ACTION: Add the NEXTAUTH_SECRET or JWT configu [0m
[41m[37m[1m                                                    [0m
[41m[37m[1m🔴🔴🔴🔴🔴🔴🔴🔴🔴🔴🔴🔴🔴🔴🔴🔴🔴🔴[0m

[13:29:42] [41m[37m⚠    NEED=HUMAN[0m AGENT=AUTH TASK=configuration NEED=HUMAN REASON="Missing required configuration: NEXTAUTH_SECRET or JWT configuration" ACTION="Add the NEXTAUTH_SECRET or JWT configuration configuration to apps/web/.env.local" msg="Human intervention required" file=agents\alerts\NEED-INPUT_2025-10-29T19-29-42-966Z_AUTH.md urgency=high

📄 Instructions written to: agents\alerts\NEED-INPUT_2025-10-29T19-29-42-966Z_AUTH.md
⚠️  Please address the issue and press ENTER to continue

[13:29:42] [41m[37m⚠    NEED=HUMAN[0m AGENT=AUTH TASK=config-check CASE="admin-access" url="http://localhost:3001/t/villafuerte/admin" NEED=HUMAN msg="Admin access requires authentication setup" file=agents\alerts\NEED-INPUT_2025-10-29T19-29-42-966Z_AUTH.md
[13:29:42] ℹ️   [36mINFO [0m [33mAGENT=QA TASK=e2e msg="Auth configuration validation completed"[0m
]]>
</system-out>
</testcase>
<testcase name="NEED=HUMAN E2E Validation › should validate API error handling" classname="subset\need-human.e2e.ts" time="2.133">
<system-out>
<![CDATA[[13:29:47] ✅   [32mOK   [0m [32mAGENT=API TASK=endpoint-test msg="All API endpoints responding correctly"[0m
]]>
</system-out>
</testcase>
<testcase name="NEED=HUMAN Resolution Simulation › should pass after data-testid is added" classname="subset\need-human.e2e.ts" time="1.69">
<system-out>
<![CDATA[[13:29:44] ⚠️   [33mWARN [0m [33mAGENT=QA TASK=e2e msg="Still missing data-testid after resolution attempt"[0m
]]>
</system-out>
</testcase>
</testsuite>
<testsuite name="subset\wondernails-isolation.e2e.ts" timestamp="2025-10-29T19:08:05.826Z" hostname="Mobile Chrome" tests="5" failures="4" skipped="0" time="25.345" errors="0">
<testcase name="Wondernails - Aislamiento de Widgets › debe mostrar HeroWondernails con aislamiento completo en /t/wondernails" classname="subset\wondernails-isolation.e2e.ts" time="2.06">
<failure message="wondernails-isolation.e2e.ts:4:7 debe mostrar HeroWondernails con aislamiento completo en /t/wondernails" type="FAILURE">
<![CDATA[  [Mobile Chrome] › subset\wondernails-isolation.e2e.ts:4:7 › Wondernails - Aislamiento de Widgets › debe mostrar HeroWondernails con aislamiento completo en /t/wondernails 

    Error: expect(received).toContain(expected) // indexOf

    Expected substring: "Wonder"
    Received string:    ""

       9 |     // Verificar que la página carga correctamente
      10 |     const pageTitle = await page.title();
    > 11 |     expect(pageTitle).toContain('Wonder');
         |                       ^
      12 |
      13 |     // Verificar que existe algún contenido hero o carousel
      14 |     const hasHeroContent = await page.evaluate(() => {
        at C:\Dev\Zo\sass-store\tests\e2e\subset\wondernails-isolation.e2e.ts:11:23

    attachment #1: screenshot (image/png) ──────────────────────────────────────────────────────────
    ..\..\test-results\subset-wondernails-isolati-e6739-o-completo-en-t-wondernails-Mobile-Chrome\test-failed-1.png
    ────────────────────────────────────────────────────────────────────────────────────────────────

    attachment #2: video (video/webm) ──────────────────────────────────────────────────────────────
    ..\..\test-results\subset-wondernails-isolati-e6739-o-completo-en-t-wondernails-Mobile-Chrome\video.webm
    ────────────────────────────────────────────────────────────────────────────────────────────────

    Error Context: ..\..\test-results\subset-wondernails-isolati-e6739-o-completo-en-t-wondernails-Mobile-Chrome\error-context.md
]]>
</failure>
<system-out>
<![CDATA[
[[ATTACHMENT|subset-wondernails-isolati-e6739-o-completo-en-t-wondernails-Mobile-Chrome\test-failed-1.png]]

[[ATTACHMENT|subset-wondernails-isolati-e6739-o-completo-en-t-wondernails-Mobile-Chrome\video.webm]]

[[ATTACHMENT|subset-wondernails-isolati-e6739-o-completo-en-t-wondernails-Mobile-Chrome\error-context.md]]
]]>
</system-out>
</testcase>
<testcase name="Wondernails - Aislamiento de Widgets › NO debe mostrar estilos de Wondernails en /t/nom-nom" classname="subset\wondernails-isolation.e2e.ts" time="7.61">
<failure message="wondernails-isolation.e2e.ts:30:7 NO debe mostrar estilos de Wondernails en /t/nom-nom" type="FAILURE">
<![CDATA[  [Mobile Chrome] › subset\wondernails-isolation.e2e.ts:30:7 › Wondernails - Aislamiento de Widgets › NO debe mostrar estilos de Wondernails en /t/nom-nom 

    Error: expect(locator).toBeVisible() failed

    Locator:  locator('body, main, .container, section, div').first()
    Expected: visible
    Received: hidden
    Timeout:  5000ms

    Call log:
      - Expect "toBeVisible" with timeout 5000ms
      - waiting for locator('body, main, .container, section, div').first()
        9 × locator resolved to <body>…</body>
          - unexpected value "hidden"


      80 |     // Verificar que la página carga correctamente (cualquier contenido visible)
      81 |     const pageContent = page.locator('body, main, .container, section, div');
    > 82 |     await expect(pageContent.first()).toBeVisible();
         |                                       ^
      83 |
      84 |     console.log('✅ Página nom-nom carga sin componentes de Wondernails');
      85 |
        at C:\Dev\Zo\sass-store\tests\e2e\subset\wondernails-isolation.e2e.ts:82:39

    attachment #1: screenshot (image/png) ──────────────────────────────────────────────────────────
    ..\..\test-results\subset-wondernails-isolati-9009d-de-Wondernails-en-t-nom-nom-Mobile-Chrome\test-failed-1.png
    ────────────────────────────────────────────────────────────────────────────────────────────────

    attachment #2: video (video/webm) ──────────────────────────────────────────────────────────────
    ..\..\test-results\subset-wondernails-isolati-9009d-de-Wondernails-en-t-nom-nom-Mobile-Chrome\video.webm
    ────────────────────────────────────────────────────────────────────────────────────────────────

    Error Context: ..\..\test-results\subset-wondernails-isolati-9009d-de-Wondernails-en-t-nom-nom-Mobile-Chrome\error-context.md
]]>
</failure>
<system-out>
<![CDATA[
[[ATTACHMENT|subset-wondernails-isolati-9009d-de-Wondernails-en-t-nom-nom-Mobile-Chrome\test-failed-1.png]]

[[ATTACHMENT|subset-wondernails-isolati-9009d-de-Wondernails-en-t-nom-nom-Mobile-Chrome\video.webm]]

[[ATTACHMENT|subset-wondernails-isolati-9009d-de-Wondernails-en-t-nom-nom-Mobile-Chrome\error-context.md]]
]]>
</system-out>
</testcase>
<testcase name="Wondernails - Aislamiento de Widgets › debe verificar variables CSS locales en Wondernails" classname="subset\wondernails-isolation.e2e.ts" time="6.639">
<failure message="wondernails-isolation.e2e.ts:89:7 debe verificar variables CSS locales en Wondernails" type="FAILURE">
<![CDATA[  [Mobile Chrome] › subset\wondernails-isolation.e2e.ts:89:7 › Wondernails - Aislamiento de Widgets › debe verificar variables CSS locales en Wondernails 

    Error: expect(locator).toBeVisible() failed

    Locator: locator('[data-tenant-hero="wondernails"]')
    Expected: visible
    Timeout: 5000ms
    Error: element(s) not found

    Call log:
      - Expect "toBeVisible" with timeout 5000ms
      - waiting for locator('[data-tenant-hero="wondernails"]')


      91 |
      92 |     const heroWrapper = page.locator('[data-tenant-hero="wondernails"]');
    > 93 |     await expect(heroWrapper).toBeVisible();
         |                               ^
      94 |
      95 |     // Verificar que las variables CSS están definidas localmente
      96 |     const cssVariables = await heroWrapper.evaluate((el) => {
        at C:\Dev\Zo\sass-store\tests\e2e\subset\wondernails-isolation.e2e.ts:93:31

    attachment #1: screenshot (image/png) ──────────────────────────────────────────────────────────
    ..\..\test-results\subset-wondernails-isolati-2eab1--CSS-locales-en-Wondernails-Mobile-Chrome\test-failed-1.png
    ────────────────────────────────────────────────────────────────────────────────────────────────

    attachment #2: video (video/webm) ──────────────────────────────────────────────────────────────
    ..\..\test-results\subset-wondernails-isolati-2eab1--CSS-locales-en-Wondernails-Mobile-Chrome\video.webm
    ────────────────────────────────────────────────────────────────────────────────────────────────

    Error Context: ..\..\test-results\subset-wondernails-isolati-2eab1--CSS-locales-en-Wondernails-Mobile-Chrome\error-context.md
]]>
</failure>
<system-out>
<![CDATA[
[[ATTACHMENT|subset-wondernails-isolati-2eab1--CSS-locales-en-Wondernails-Mobile-Chrome\test-failed-1.png]]

[[ATTACHMENT|subset-wondernails-isolati-2eab1--CSS-locales-en-Wondernails-Mobile-Chrome\video.webm]]

[[ATTACHMENT|subset-wondernails-isolati-2eab1--CSS-locales-en-Wondernails-Mobile-Chrome\error-context.md]]
]]>
</system-out>
</testcase>
<testcase name="Wondernails - Aislamiento de Widgets › debe verificar que las variables NO afectan el :root global" classname="subset\wondernails-isolation.e2e.ts" time="2.109">
<system-out>
<![CDATA[✅ Variables CSS NO contaminan el scope global
]]>
</system-out>
</testcase>
<testcase name="Wondernails - Aislamiento de Widgets › debe verificar compatibilidad con prefers-reduced-motion" classname="subset\wondernails-isolation.e2e.ts" time="6.927">
<failure message="wondernails-isolation.e2e.ts:137:7 debe verificar compatibilidad con prefers-reduced-motion" type="FAILURE">
<![CDATA[  [Mobile Chrome] › subset\wondernails-isolation.e2e.ts:137:7 › Wondernails - Aislamiento de Widgets › debe verificar compatibilidad con prefers-reduced-motion 

    Error: expect(locator).toBeVisible() failed

    Locator: locator('[data-tenant-hero="wondernails"]')
    Expected: visible
    Timeout: 5000ms
    Error: element(s) not found

    Call log:
      - Expect "toBeVisible" with timeout 5000ms
      - waiting for locator('[data-tenant-hero="wondernails"]')


      141 |
      142 |     const heroWrapper = page.locator('[data-tenant-hero="wondernails"]');
    > 143 |     await expect(heroWrapper).toBeVisible();
          |                               ^
      144 |
      145 |     // Verificar que las animaciones respetan reduced motion
      146 |     const motionSettings = await heroWrapper.evaluate((el) => {
        at C:\Dev\Zo\sass-store\tests\e2e\subset\wondernails-isolation.e2e.ts:143:31

    attachment #1: screenshot (image/png) ──────────────────────────────────────────────────────────
    ..\..\test-results\subset-wondernails-isolati-21f21--con-prefers-reduced-motion-Mobile-Chrome\test-failed-1.png
    ────────────────────────────────────────────────────────────────────────────────────────────────

    attachment #2: video (video/webm) ──────────────────────────────────────────────────────────────
    ..\..\test-results\subset-wondernails-isolati-21f21--con-prefers-reduced-motion-Mobile-Chrome\video.webm
    ────────────────────────────────────────────────────────────────────────────────────────────────

    Error Context: ..\..\test-results\subset-wondernails-isolati-21f21--con-prefers-reduced-motion-Mobile-Chrome\error-context.md
]]>
</failure>
<system-out>
<![CDATA[
[[ATTACHMENT|subset-wondernails-isolati-21f21--con-prefers-reduced-motion-Mobile-Chrome\test-failed-1.png]]

[[ATTACHMENT|subset-wondernails-isolati-21f21--con-prefers-reduced-motion-Mobile-Chrome\video.webm]]

[[ATTACHMENT|subset-wondernails-isolati-21f21--con-prefers-reduced-motion-Mobile-Chrome\error-context.md]]
]]>
</system-out>
</testcase>
</testsuite>
<testsuite name="subset\wondernails-reduced-motion.e2e.ts" timestamp="2025-10-29T19:08:05.826Z" hostname="Mobile Chrome" tests="8" failures="7" skipped="0" time="110.886" errors="0">
<testcase name="Wondernails - Reduced Motion Compliance › debe desactivar auto-rotación con prefers-reduced-motion" classname="subset\wondernails-reduced-motion.e2e.ts" time="17.28">
<failure message="wondernails-reduced-motion.e2e.ts:4:7 debe desactivar auto-rotación con prefers-reduced-motion" type="FAILURE">
<![CDATA[  [Mobile Chrome] › subset\wondernails-reduced-motion.e2e.ts:4:7 › Wondernails - Reduced Motion Compliance › debe desactivar auto-rotación con prefers-reduced-motion 

    TimeoutError: page.waitForSelector: Timeout 15000ms exceeded.
    Call log:
      - waiting for locator('[data-tenant-hero="wondernails"]') to be visible


       7 |     await page.goto('/t/wondernails');
       8 |
    >  9 |     await page.waitForSelector('[data-tenant-hero="wondernails"]');
         |                ^
      10 |
      11 |     // Esperar tiempo suficiente para verificar que NO hay auto-rotación
      12 |     const initialSlide = await page.locator('[class*="slide"][class*="active"], .slide.active').textContent();
        at C:\Dev\Zo\sass-store\tests\e2e\subset\wondernails-reduced-motion.e2e.ts:9:16

    attachment #1: screenshot (image/png) ──────────────────────────────────────────────────────────
    ..\..\test-results\subset-wondernails-reduced-fe3b1--con-prefers-reduced-motion-Mobile-Chrome\test-failed-1.png
    ────────────────────────────────────────────────────────────────────────────────────────────────

    attachment #2: video (video/webm) ──────────────────────────────────────────────────────────────
    ..\..\test-results\subset-wondernails-reduced-fe3b1--con-prefers-reduced-motion-Mobile-Chrome\video.webm
    ────────────────────────────────────────────────────────────────────────────────────────────────

    Error Context: ..\..\test-results\subset-wondernails-reduced-fe3b1--con-prefers-reduced-motion-Mobile-Chrome\error-context.md
]]>
</failure>
<system-out>
<![CDATA[
[[ATTACHMENT|subset-wondernails-reduced-fe3b1--con-prefers-reduced-motion-Mobile-Chrome\test-failed-1.png]]

[[ATTACHMENT|subset-wondernails-reduced-fe3b1--con-prefers-reduced-motion-Mobile-Chrome\video.webm]]

[[ATTACHMENT|subset-wondernails-reduced-fe3b1--con-prefers-reduced-motion-Mobile-Chrome\error-context.md]]
]]>
</system-out>
</testcase>
<testcase name="Wondernails - Reduced Motion Compliance › debe usar transiciones fade cortas en lugar de animaciones complejas" classname="subset\wondernails-reduced-motion.e2e.ts" time="6.739">
<failure message="wondernails-reduced-motion.e2e.ts:25:7 debe usar transiciones fade cortas en lugar de animaciones complejas" type="FAILURE">
<![CDATA[  [Mobile Chrome] › subset\wondernails-reduced-motion.e2e.ts:25:7 › Wondernails - Reduced Motion Compliance › debe usar transiciones fade cortas en lugar de animaciones complejas 

    Error: expect(locator).toBeVisible() failed

    Locator: locator('[data-tenant-hero="wondernails"]')
    Expected: visible
    Timeout: 5000ms
    Error: element(s) not found

    Call log:
      - Expect "toBeVisible" with timeout 5000ms
      - waiting for locator('[data-tenant-hero="wondernails"]')


      28 |
      29 |     const heroWrapper = page.locator('[data-tenant-hero="wondernails"]');
    > 30 |     await expect(heroWrapper).toBeVisible();
         |                               ^
      31 |
      32 |     // Verificar que se usan duraciones reducidas
      33 |     const motionSettings = await heroWrapper.evaluate((el) => {
        at C:\Dev\Zo\sass-store\tests\e2e\subset\wondernails-reduced-motion.e2e.ts:30:31

    attachment #1: screenshot (image/png) ──────────────────────────────────────────────────────────
    ..\..\test-results\subset-wondernails-reduced-7d010-ar-de-animaciones-complejas-Mobile-Chrome\test-failed-1.png
    ────────────────────────────────────────────────────────────────────────────────────────────────

    attachment #2: video (video/webm) ──────────────────────────────────────────────────────────────
    ..\..\test-results\subset-wondernails-reduced-7d010-ar-de-animaciones-complejas-Mobile-Chrome\video.webm
    ────────────────────────────────────────────────────────────────────────────────────────────────

    Error Context: ..\..\test-results\subset-wondernails-reduced-7d010-ar-de-animaciones-complejas-Mobile-Chrome\error-context.md
]]>
</failure>
<system-out>
<![CDATA[
[[ATTACHMENT|subset-wondernails-reduced-7d010-ar-de-animaciones-complejas-Mobile-Chrome\test-failed-1.png]]

[[ATTACHMENT|subset-wondernails-reduced-7d010-ar-de-animaciones-complejas-Mobile-Chrome\video.webm]]

[[ATTACHMENT|subset-wondernails-reduced-7d010-ar-de-animaciones-complejas-Mobile-Chrome\error-context.md]]
]]>
</system-out>
</testcase>
<testcase name="Wondernails - Reduced Motion Compliance › navegación manual debe usar fade corto (120-160ms)" classname="subset\wondernails-reduced-motion.e2e.ts" time="17.116">
<failure message="wondernails-reduced-motion.e2e.ts:56:7 navegación manual debe usar fade corto (120-160ms)" type="FAILURE">
<![CDATA[  [Mobile Chrome] › subset\wondernails-reduced-motion.e2e.ts:56:7 › Wondernails - Reduced Motion Compliance › navegación manual debe usar fade corto (120-160ms) 

    TimeoutError: page.waitForSelector: Timeout 15000ms exceeded.
    Call log:
      - waiting for locator('[data-tenant-hero="wondernails"]') to be visible


      58 |     await page.goto('/t/wondernails');
      59 |
    > 60 |     await page.waitForSelector('[data-tenant-hero="wondernails"]');
         |                ^
      61 |
      62 |     // Medir tiempo de transición al navegar manualmente
      63 |     const nextButton = page.locator('[class*="arrowBtn"], .arrowBtn').last();
        at C:\Dev\Zo\sass-store\tests\e2e\subset\wondernails-reduced-motion.e2e.ts:60:16

    attachment #1: screenshot (image/png) ──────────────────────────────────────────────────────────
    ..\..\test-results\subset-wondernails-reduced-ce835--usar-fade-corto-120-160ms--Mobile-Chrome\test-failed-1.png
    ────────────────────────────────────────────────────────────────────────────────────────────────

    attachment #2: video (video/webm) ──────────────────────────────────────────────────────────────
    ..\..\test-results\subset-wondernails-reduced-ce835--usar-fade-corto-120-160ms--Mobile-Chrome\video.webm
    ────────────────────────────────────────────────────────────────────────────────────────────────

    Error Context: ..\..\test-results\subset-wondernails-reduced-ce835--usar-fade-corto-120-160ms--Mobile-Chrome\error-context.md
]]>
</failure>
<system-out>
<![CDATA[
[[ATTACHMENT|subset-wondernails-reduced-ce835--usar-fade-corto-120-160ms--Mobile-Chrome\test-failed-1.png]]

[[ATTACHMENT|subset-wondernails-reduced-ce835--usar-fade-corto-120-160ms--Mobile-Chrome\video.webm]]

[[ATTACHMENT|subset-wondernails-reduced-ce835--usar-fade-corto-120-160ms--Mobile-Chrome\error-context.md]]
]]>
</system-out>
</testcase>
<testcase name="Wondernails - Reduced Motion Compliance › debe eliminar efectos de parallax con reduced motion" classname="subset\wondernails-reduced-motion.e2e.ts" time="16.943">
<failure message="wondernails-reduced-motion.e2e.ts:84:7 debe eliminar efectos de parallax con reduced motion" type="FAILURE">
<![CDATA[  [Mobile Chrome] › subset\wondernails-reduced-motion.e2e.ts:84:7 › Wondernails - Reduced Motion Compliance › debe eliminar efectos de parallax con reduced motion 

    TimeoutError: page.waitForSelector: Timeout 15000ms exceeded.
    Call log:
      - waiting for locator('[data-tenant-hero="wondernails"]') to be visible


      86 |     await page.goto('/t/wondernails');
      87 |
    > 88 |     await page.waitForSelector('[data-tenant-hero="wondernails"]');
         |                ^
      89 |
      90 |     // Navegar a siguiente slide
      91 |     const nextButton = page.locator('[class*="arrowBtn"], .arrowBtn').last();
        at C:\Dev\Zo\sass-store\tests\e2e\subset\wondernails-reduced-motion.e2e.ts:88:16

    attachment #1: screenshot (image/png) ──────────────────────────────────────────────────────────
    ..\..\test-results\subset-wondernails-reduced-da772-parallax-con-reduced-motion-Mobile-Chrome\test-failed-1.png
    ────────────────────────────────────────────────────────────────────────────────────────────────

    attachment #2: video (video/webm) ──────────────────────────────────────────────────────────────
    ..\..\test-results\subset-wondernails-reduced-da772-parallax-con-reduced-motion-Mobile-Chrome\video.webm
    ────────────────────────────────────────────────────────────────────────────────────────────────

    Error Context: ..\..\test-results\subset-wondernails-reduced-da772-parallax-con-reduced-motion-Mobile-Chrome\error-context.md
]]>
</failure>
<system-out>
<![CDATA[
[[ATTACHMENT|subset-wondernails-reduced-da772-parallax-con-reduced-motion-Mobile-Chrome\test-failed-1.png]]

[[ATTACHMENT|subset-wondernails-reduced-da772-parallax-con-reduced-motion-Mobile-Chrome\video.webm]]

[[ATTACHMENT|subset-wondernails-reduced-da772-parallax-con-reduced-motion-Mobile-Chrome\error-context.md]]
]]>
</system-out>
</testcase>
<testcase name="Wondernails - Reduced Motion Compliance › debe eliminar efectos de blur y overshoot" classname="subset\wondernails-reduced-motion.e2e.ts" time="16.929">
<failure message="wondernails-reduced-motion.e2e.ts:111:7 debe eliminar efectos de blur y overshoot" type="FAILURE">
<![CDATA[  [Mobile Chrome] › subset\wondernails-reduced-motion.e2e.ts:111:7 › Wondernails - Reduced Motion Compliance › debe eliminar efectos de blur y overshoot 

    TimeoutError: page.waitForSelector: Timeout 15000ms exceeded.
    Call log:
      - waiting for locator('[data-tenant-hero="wondernails"]') to be visible


      113 |     await page.goto('/t/wondernails');
      114 |
    > 115 |     await page.waitForSelector('[data-tenant-hero="wondernails"]');
          |                ^
      116 |
      117 |     // Navegar para triggear animación
      118 |     const nextButton = page.locator('[class*="arrowBtn"], .arrowBtn').last();
        at C:\Dev\Zo\sass-store\tests\e2e\subset\wondernails-reduced-motion.e2e.ts:115:16

    attachment #1: screenshot (image/png) ──────────────────────────────────────────────────────────
    ..\..\test-results\subset-wondernails-reduced-0f407-efectos-de-blur-y-overshoot-Mobile-Chrome\test-failed-1.png
    ────────────────────────────────────────────────────────────────────────────────────────────────

    attachment #2: video (video/webm) ──────────────────────────────────────────────────────────────
    ..\..\test-results\subset-wondernails-reduced-0f407-efectos-de-blur-y-overshoot-Mobile-Chrome\video.webm
    ────────────────────────────────────────────────────────────────────────────────────────────────

    Error Context: ..\..\test-results\subset-wondernails-reduced-0f407-efectos-de-blur-y-overshoot-Mobile-Chrome\error-context.md
]]>
</failure>
<system-out>
<![CDATA[
[[ATTACHMENT|subset-wondernails-reduced-0f407-efectos-de-blur-y-overshoot-Mobile-Chrome\test-failed-1.png]]

[[ATTACHMENT|subset-wondernails-reduced-0f407-efectos-de-blur-y-overshoot-Mobile-Chrome\video.webm]]

[[ATTACHMENT|subset-wondernails-reduced-0f407-efectos-de-blur-y-overshoot-Mobile-Chrome\error-context.md]]
]]>
</system-out>
</testcase>
<testcase name="Wondernails - Reduced Motion Compliance › debe mantener funcionalidad básica con reduced motion" classname="subset\wondernails-reduced-motion.e2e.ts" time="17.01">
<failure message="wondernails-reduced-motion.e2e.ts:153:7 debe mantener funcionalidad básica con reduced motion" type="FAILURE">
<![CDATA[  [Mobile Chrome] › subset\wondernails-reduced-motion.e2e.ts:153:7 › Wondernails - Reduced Motion Compliance › debe mantener funcionalidad básica con reduced motion 

    TimeoutError: page.waitForSelector: Timeout 15000ms exceeded.
    Call log:
      - waiting for locator('[data-tenant-hero="wondernails"]') to be visible


      155 |     await page.goto('/t/wondernails');
      156 |
    > 157 |     await page.waitForSelector('[data-tenant-hero="wondernails"]');
          |                ^
      158 |
      159 |     // Verificar que la navegación sigue funcionando
      160 |     const nextButton = page.locator('[class*="arrowBtn"], .arrowBtn').last();
        at C:\Dev\Zo\sass-store\tests\e2e\subset\wondernails-reduced-motion.e2e.ts:157:16

    attachment #1: screenshot (image/png) ──────────────────────────────────────────────────────────
    ..\..\test-results\subset-wondernails-reduced-5f366-d-básica-con-reduced-motion-Mobile-Chrome\test-failed-1.png
    ────────────────────────────────────────────────────────────────────────────────────────────────

    attachment #2: video (video/webm) ──────────────────────────────────────────────────────────────
    ..\..\test-results\subset-wondernails-reduced-5f366-d-básica-con-reduced-motion-Mobile-Chrome\video.webm
    ────────────────────────────────────────────────────────────────────────────────────────────────

    Error Context: ..\..\test-results\subset-wondernails-reduced-5f366-d-básica-con-reduced-motion-Mobile-Chrome\error-context.md
]]>
</failure>
<system-out>
<![CDATA[
[[ATTACHMENT|subset-wondernails-reduced-5f366-d-básica-con-reduced-motion-Mobile-Chrome\test-failed-1.png]]

[[ATTACHMENT|subset-wondernails-reduced-5f366-d-básica-con-reduced-motion-Mobile-Chrome\video.webm]]

[[ATTACHMENT|subset-wondernails-reduced-5f366-d-básica-con-reduced-motion-Mobile-Chrome\error-context.md]]
]]>
</system-out>
</testcase>
<testcase name="Wondernails - Reduced Motion Compliance › debe respetar configuración del sistema operativo" classname="subset\wondernails-reduced-motion.e2e.ts" time="17.022">
<failure message="wondernails-reduced-motion.e2e.ts:200:7 debe respetar configuración del sistema operativo" type="FAILURE">
<![CDATA[  [Mobile Chrome] › subset\wondernails-reduced-motion.e2e.ts:200:7 › Wondernails - Reduced Motion Compliance › debe respetar configuración del sistema operativo 

    TimeoutError: page.waitForSelector: Timeout 15000ms exceeded.
    Call log:
      - waiting for locator('[data-tenant-hero="wondernails"]') to be visible


      201 |     // Test sin reduced motion (comportamiento normal)
      202 |     await page.goto('/t/wondernails');
    > 203 |     await page.waitForSelector('[data-tenant-hero="wondernails"]');
          |                ^
      204 |
      205 |     const normalMotionSettings = await page.locator('[data-tenant-hero="wondernails"]').evaluate((el) => {
      206 |       const styles = window.getComputedStyle(el);
        at C:\Dev\Zo\sass-store\tests\e2e\subset\wondernails-reduced-motion.e2e.ts:203:16

    attachment #1: screenshot (image/png) ──────────────────────────────────────────────────────────
    ..\..\test-results\subset-wondernails-reduced-998d4-ación-del-sistema-operativo-Mobile-Chrome\test-failed-1.png
    ────────────────────────────────────────────────────────────────────────────────────────────────

    attachment #2: video (video/webm) ──────────────────────────────────────────────────────────────
    ..\..\test-results\subset-wondernails-reduced-998d4-ación-del-sistema-operativo-Mobile-Chrome\video.webm
    ────────────────────────────────────────────────────────────────────────────────────────────────

    Error Context: ..\..\test-results\subset-wondernails-reduced-998d4-ación-del-sistema-operativo-Mobile-Chrome\error-context.md
]]>
</failure>
<system-out>
<![CDATA[
[[ATTACHMENT|subset-wondernails-reduced-998d4-ación-del-sistema-operativo-Mobile-Chrome\test-failed-1.png]]

[[ATTACHMENT|subset-wondernails-reduced-998d4-ación-del-sistema-operativo-Mobile-Chrome\video.webm]]

[[ATTACHMENT|subset-wondernails-reduced-998d4-ación-del-sistema-operativo-Mobile-Chrome\error-context.md]]
]]>
</system-out>
</testcase>
<testcase name="Wondernails - Reduced Motion Compliance › debe mostrar notificación visual para usuarios con reduced motion habilitado" classname="subset\wondernails-reduced-motion.e2e.ts" time="1.847">
<system-out>
<![CDATA[✅ Media query prefers-reduced-motion respetado
]]>
</system-out>
</testcase>
</testsuite>
<testsuite name="subset\wondernails-ux-budget.e2e.ts" timestamp="2025-10-29T19:08:05.826Z" hostname="Mobile Chrome" tests="7" failures="7" skipped="0" time="120.002" errors="0">
<testcase name="Wondernails - UX Budget (Presupuesto de Clics) › CTA primario debe ser visible sin hover (0 clics)" classname="subset\wondernails-ux-budget.e2e.ts" time="16.981">
<failure message="wondernails-ux-budget.e2e.ts:9:7 CTA primario debe ser visible sin hover (0 clics)" type="FAILURE">
<![CDATA[  [Mobile Chrome] › subset\wondernails-ux-budget.e2e.ts:9:7 › Wondernails - UX Budget (Presupuesto de Clics) › CTA primario debe ser visible sin hover (0 clics) 

    TimeoutError: page.waitForSelector: Timeout 15000ms exceeded.
    Call log:
      - waiting for locator('[data-tenant-hero="wondernails"]') to be visible


      4 |   test.beforeEach(async ({ page }) => {
      5 |     await page.goto('/t/wondernails');
    > 6 |     await page.waitForSelector('[data-tenant-hero="wondernails"]');
        |                ^
      7 |   });
      8 |
      9 |   test('CTA primario debe ser visible sin hover (0 clics)', async ({ page }) => {
        at C:\Dev\Zo\sass-store\tests\e2e\subset\wondernails-ux-budget.e2e.ts:6:16

    attachment #1: screenshot (image/png) ──────────────────────────────────────────────────────────
    ..\..\test-results\subset-wondernails-ux-budg-d6361--visible-sin-hover-0-clics--Mobile-Chrome\test-failed-1.png
    ────────────────────────────────────────────────────────────────────────────────────────────────

    attachment #2: video (video/webm) ──────────────────────────────────────────────────────────────
    ..\..\test-results\subset-wondernails-ux-budg-d6361--visible-sin-hover-0-clics--Mobile-Chrome\video.webm
    ────────────────────────────────────────────────────────────────────────────────────────────────

    Error Context: ..\..\test-results\subset-wondernails-ux-budg-d6361--visible-sin-hover-0-clics--Mobile-Chrome\error-context.md
]]>
</failure>
<system-out>
<![CDATA[
[[ATTACHMENT|subset-wondernails-ux-budg-d6361--visible-sin-hover-0-clics--Mobile-Chrome\test-failed-1.png]]

[[ATTACHMENT|subset-wondernails-ux-budg-d6361--visible-sin-hover-0-clics--Mobile-Chrome\video.webm]]

[[ATTACHMENT|subset-wondernails-ux-budg-d6361--visible-sin-hover-0-clics--Mobile-Chrome\error-context.md]]
]]>
</system-out>
</testcase>
<testcase name="Wondernails - UX Budget (Presupuesto de Clics) › flujo de reserva debe completarse en máximo 3 clics" classname="subset\wondernails-ux-budget.e2e.ts" time="16.923">
<failure message="wondernails-ux-budget.e2e.ts:37:7 flujo de reserva debe completarse en máximo 3 clics" type="FAILURE">
<![CDATA[  [Mobile Chrome] › subset\wondernails-ux-budget.e2e.ts:37:7 › Wondernails - UX Budget (Presupuesto de Clics) › flujo de reserva debe completarse en máximo 3 clics 

    TimeoutError: page.waitForSelector: Timeout 15000ms exceeded.
    Call log:
      - waiting for locator('[data-tenant-hero="wondernails"]') to be visible


      4 |   test.beforeEach(async ({ page }) => {
      5 |     await page.goto('/t/wondernails');
    > 6 |     await page.waitForSelector('[data-tenant-hero="wondernails"]');
        |                ^
      7 |   });
      8 |
      9 |   test('CTA primario debe ser visible sin hover (0 clics)', async ({ page }) => {
        at C:\Dev\Zo\sass-store\tests\e2e\subset\wondernails-ux-budget.e2e.ts:6:16

    attachment #1: screenshot (image/png) ──────────────────────────────────────────────────────────
    ..\..\test-results\subset-wondernails-ux-budg-9c57c-mpletarse-en-máximo-3-clics-Mobile-Chrome\test-failed-1.png
    ────────────────────────────────────────────────────────────────────────────────────────────────

    attachment #2: video (video/webm) ──────────────────────────────────────────────────────────────
    ..\..\test-results\subset-wondernails-ux-budg-9c57c-mpletarse-en-máximo-3-clics-Mobile-Chrome\video.webm
    ────────────────────────────────────────────────────────────────────────────────────────────────

    Error Context: ..\..\test-results\subset-wondernails-ux-budg-9c57c-mpletarse-en-máximo-3-clics-Mobile-Chrome\error-context.md
]]>
</failure>
<system-out>
<![CDATA[
[[ATTACHMENT|subset-wondernails-ux-budg-9c57c-mpletarse-en-máximo-3-clics-Mobile-Chrome\test-failed-1.png]]

[[ATTACHMENT|subset-wondernails-ux-budg-9c57c-mpletarse-en-máximo-3-clics-Mobile-Chrome\video.webm]]

[[ATTACHMENT|subset-wondernails-ux-budg-9c57c-mpletarse-en-máximo-3-clics-Mobile-Chrome\error-context.md]]
]]>
</system-out>
</testcase>
<testcase name="Wondernails - UX Budget (Presupuesto de Clics) › flujo de compra debe completarse en máximo 2 clics" classname="subset\wondernails-ux-budget.e2e.ts" time="17.113">
<failure message="wondernails-ux-budget.e2e.ts:75:7 flujo de compra debe completarse en máximo 2 clics" type="FAILURE">
<![CDATA[  [Mobile Chrome] › subset\wondernails-ux-budget.e2e.ts:75:7 › Wondernails - UX Budget (Presupuesto de Clics) › flujo de compra debe completarse en máximo 2 clics 

    TimeoutError: page.waitForSelector: Timeout 15000ms exceeded.
    Call log:
      - waiting for locator('[data-tenant-hero="wondernails"]') to be visible


      4 |   test.beforeEach(async ({ page }) => {
      5 |     await page.goto('/t/wondernails');
    > 6 |     await page.waitForSelector('[data-tenant-hero="wondernails"]');
        |                ^
      7 |   });
      8 |
      9 |   test('CTA primario debe ser visible sin hover (0 clics)', async ({ page }) => {
        at C:\Dev\Zo\sass-store\tests\e2e\subset\wondernails-ux-budget.e2e.ts:6:16

    attachment #1: screenshot (image/png) ──────────────────────────────────────────────────────────
    ..\..\test-results\subset-wondernails-ux-budg-0b580-mpletarse-en-máximo-2-clics-Mobile-Chrome\test-failed-1.png
    ────────────────────────────────────────────────────────────────────────────────────────────────

    attachment #2: video (video/webm) ──────────────────────────────────────────────────────────────
    ..\..\test-results\subset-wondernails-ux-budg-0b580-mpletarse-en-máximo-2-clics-Mobile-Chrome\video.webm
    ────────────────────────────────────────────────────────────────────────────────────────────────

    Error Context: ..\..\test-results\subset-wondernails-ux-budg-0b580-mpletarse-en-máximo-2-clics-Mobile-Chrome\error-context.md
]]>
</failure>
<system-out>
<![CDATA[
[[ATTACHMENT|subset-wondernails-ux-budg-0b580-mpletarse-en-máximo-2-clics-Mobile-Chrome\test-failed-1.png]]

[[ATTACHMENT|subset-wondernails-ux-budg-0b580-mpletarse-en-máximo-2-clics-Mobile-Chrome\video.webm]]

[[ATTACHMENT|subset-wondernails-ux-budg-0b580-mpletarse-en-máximo-2-clics-Mobile-Chrome\error-context.md]]
]]>
</system-out>
</testcase>
<testcase name="Wondernails - UX Budget (Presupuesto de Clics) › flujo de &quot;ver detalles&quot; debe completarse en máximo 1 clic" classname="subset\wondernails-ux-budget.e2e.ts" time="17.316">
<failure message="wondernails-ux-budget.e2e.ts:113:7 flujo de &quot;ver detalles&quot; debe completarse en máximo 1 clic" type="FAILURE">
<![CDATA[  [Mobile Chrome] › subset\wondernails-ux-budget.e2e.ts:113:7 › Wondernails - UX Budget (Presupuesto de Clics) › flujo de "ver detalles" debe completarse en máximo 1 clic 

    TimeoutError: page.waitForSelector: Timeout 15000ms exceeded.
    Call log:
      - waiting for locator('[data-tenant-hero="wondernails"]') to be visible


      4 |   test.beforeEach(async ({ page }) => {
      5 |     await page.goto('/t/wondernails');
    > 6 |     await page.waitForSelector('[data-tenant-hero="wondernails"]');
        |                ^
      7 |   });
      8 |
      9 |   test('CTA primario debe ser visible sin hover (0 clics)', async ({ page }) => {
        at C:\Dev\Zo\sass-store\tests\e2e\subset\wondernails-ux-budget.e2e.ts:6:16

    attachment #1: screenshot (image/png) ──────────────────────────────────────────────────────────
    ..\..\test-results\subset-wondernails-ux-budg-95c76-ompletarse-en-máximo-1-clic-Mobile-Chrome\test-failed-1.png
    ────────────────────────────────────────────────────────────────────────────────────────────────

    attachment #2: video (video/webm) ──────────────────────────────────────────────────────────────
    ..\..\test-results\subset-wondernails-ux-budg-95c76-ompletarse-en-máximo-1-clic-Mobile-Chrome\video.webm
    ────────────────────────────────────────────────────────────────────────────────────────────────

    Error Context: ..\..\test-results\subset-wondernails-ux-budg-95c76-ompletarse-en-máximo-1-clic-Mobile-Chrome\error-context.md
]]>
</failure>
<system-out>
<![CDATA[
[[ATTACHMENT|subset-wondernails-ux-budg-95c76-ompletarse-en-máximo-1-clic-Mobile-Chrome\test-failed-1.png]]

[[ATTACHMENT|subset-wondernails-ux-budg-95c76-ompletarse-en-máximo-1-clic-Mobile-Chrome\video.webm]]

[[ATTACHMENT|subset-wondernails-ux-budg-95c76-ompletarse-en-máximo-1-clic-Mobile-Chrome\error-context.md]]
]]>
</system-out>
</testcase>
<testcase name="Wondernails - UX Budget (Presupuesto de Clics) › controles de navegación deben ser accesibles con mínima interacción" classname="subset\wondernails-ux-budget.e2e.ts" time="16.926">
<failure message="wondernails-ux-budget.e2e.ts:139:7 controles de navegación deben ser accesibles con mínima interacción" type="FAILURE">
<![CDATA[  [Mobile Chrome] › subset\wondernails-ux-budget.e2e.ts:139:7 › Wondernails - UX Budget (Presupuesto de Clics) › controles de navegación deben ser accesibles con mínima interacción 

    TimeoutError: page.waitForSelector: Timeout 15000ms exceeded.
    Call log:
      - waiting for locator('[data-tenant-hero="wondernails"]') to be visible


      4 |   test.beforeEach(async ({ page }) => {
      5 |     await page.goto('/t/wondernails');
    > 6 |     await page.waitForSelector('[data-tenant-hero="wondernails"]');
        |                ^
      7 |   });
      8 |
      9 |   test('CTA primario debe ser visible sin hover (0 clics)', async ({ page }) => {
        at C:\Dev\Zo\sass-store\tests\e2e\subset\wondernails-ux-budget.e2e.ts:6:16

    attachment #1: screenshot (image/png) ──────────────────────────────────────────────────────────
    ..\..\test-results\subset-wondernails-ux-budg-ff761-bles-con-mínima-interacción-Mobile-Chrome\test-failed-1.png
    ────────────────────────────────────────────────────────────────────────────────────────────────

    attachment #2: video (video/webm) ──────────────────────────────────────────────────────────────
    ..\..\test-results\subset-wondernails-ux-budg-ff761-bles-con-mínima-interacción-Mobile-Chrome\video.webm
    ────────────────────────────────────────────────────────────────────────────────────────────────

    Error Context: ..\..\test-results\subset-wondernails-ux-budg-ff761-bles-con-mínima-interacción-Mobile-Chrome\error-context.md
]]>
</failure>
<system-out>
<![CDATA[
[[ATTACHMENT|subset-wondernails-ux-budg-ff761-bles-con-mínima-interacción-Mobile-Chrome\test-failed-1.png]]

[[ATTACHMENT|subset-wondernails-ux-budg-ff761-bles-con-mínima-interacción-Mobile-Chrome\video.webm]]

[[ATTACHMENT|subset-wondernails-ux-budg-ff761-bles-con-mínima-interacción-Mobile-Chrome\error-context.md]]
]]>
</system-out>
</testcase>
<testcase name="Wondernails - UX Budget (Presupuesto de Clics) › debe medir tiempo de respuesta de interacciones críticas" classname="subset\wondernails-ux-budget.e2e.ts" time="17.067">
<failure message="wondernails-ux-budget.e2e.ts:168:7 debe medir tiempo de respuesta de interacciones críticas" type="FAILURE">
<![CDATA[  [Mobile Chrome] › subset\wondernails-ux-budget.e2e.ts:168:7 › Wondernails - UX Budget (Presupuesto de Clics) › debe medir tiempo de respuesta de interacciones críticas 

    TimeoutError: page.waitForSelector: Timeout 15000ms exceeded.
    Call log:
      - waiting for locator('[data-tenant-hero="wondernails"]') to be visible


      4 |   test.beforeEach(async ({ page }) => {
      5 |     await page.goto('/t/wondernails');
    > 6 |     await page.waitForSelector('[data-tenant-hero="wondernails"]');
        |                ^
      7 |   });
      8 |
      9 |   test('CTA primario debe ser visible sin hover (0 clics)', async ({ page }) => {
        at C:\Dev\Zo\sass-store\tests\e2e\subset\wondernails-ux-budget.e2e.ts:6:16

    attachment #1: screenshot (image/png) ──────────────────────────────────────────────────────────
    ..\..\test-results\subset-wondernails-ux-budg-aecc7-a-de-interacciones-críticas-Mobile-Chrome\test-failed-1.png
    ────────────────────────────────────────────────────────────────────────────────────────────────

    attachment #2: video (video/webm) ──────────────────────────────────────────────────────────────
    ..\..\test-results\subset-wondernails-ux-budg-aecc7-a-de-interacciones-críticas-Mobile-Chrome\video.webm
    ────────────────────────────────────────────────────────────────────────────────────────────────

    Error Context: ..\..\test-results\subset-wondernails-ux-budg-aecc7-a-de-interacciones-críticas-Mobile-Chrome\error-context.md
]]>
</failure>
<system-out>
<![CDATA[
[[ATTACHMENT|subset-wondernails-ux-budg-aecc7-a-de-interacciones-críticas-Mobile-Chrome\test-failed-1.png]]

[[ATTACHMENT|subset-wondernails-ux-budg-aecc7-a-de-interacciones-críticas-Mobile-Chrome\video.webm]]

[[ATTACHMENT|subset-wondernails-ux-budg-aecc7-a-de-interacciones-críticas-Mobile-Chrome\error-context.md]]
]]>
</system-out>
</testcase>
<testcase name="Wondernails - UX Budget (Presupuesto de Clics) › debe verificar accesibilidad de CTAs para usuarios con limitaciones motoras" classname="subset\wondernails-ux-budget.e2e.ts" time="17.676">
<failure message="wondernails-ux-budget.e2e.ts:202:7 debe verificar accesibilidad de CTAs para usuarios con limitaciones motoras" type="FAILURE">
<![CDATA[  [Mobile Chrome] › subset\wondernails-ux-budget.e2e.ts:202:7 › Wondernails - UX Budget (Presupuesto de Clics) › debe verificar accesibilidad de CTAs para usuarios con limitaciones motoras 

    TimeoutError: page.waitForSelector: Timeout 15000ms exceeded.
    Call log:
      - waiting for locator('[data-tenant-hero="wondernails"]') to be visible


      4 |   test.beforeEach(async ({ page }) => {
      5 |     await page.goto('/t/wondernails');
    > 6 |     await page.waitForSelector('[data-tenant-hero="wondernails"]');
        |                ^
      7 |   });
      8 |
      9 |   test('CTA primario debe ser visible sin hover (0 clics)', async ({ page }) => {
        at C:\Dev\Zo\sass-store\tests\e2e\subset\wondernails-ux-budget.e2e.ts:6:16

    attachment #1: screenshot (image/png) ──────────────────────────────────────────────────────────
    ..\..\test-results\subset-wondernails-ux-budg-09347-os-con-limitaciones-motoras-Mobile-Chrome\test-failed-1.png
    ────────────────────────────────────────────────────────────────────────────────────────────────

    attachment #2: video (video/webm) ──────────────────────────────────────────────────────────────
    ..\..\test-results\subset-wondernails-ux-budg-09347-os-con-limitaciones-motoras-Mobile-Chrome\video.webm
    ────────────────────────────────────────────────────────────────────────────────────────────────

    Error Context: ..\..\test-results\subset-wondernails-ux-budg-09347-os-con-limitaciones-motoras-Mobile-Chrome\error-context.md
]]>
</failure>
<system-out>
<![CDATA[
[[ATTACHMENT|subset-wondernails-ux-budg-09347-os-con-limitaciones-motoras-Mobile-Chrome\test-failed-1.png]]

[[ATTACHMENT|subset-wondernails-ux-budg-09347-os-con-limitaciones-motoras-Mobile-Chrome\video.webm]]

[[ATTACHMENT|subset-wondernails-ux-budg-09347-os-con-limitaciones-motoras-Mobile-Chrome\error-context.md]]
]]>
</system-out>
</testcase>
</testsuite>
<testsuite name="tenant-security.spec.ts" timestamp="2025-10-29T19:08:05.826Z" hostname="Mobile Chrome" tests="10" failures="8" skipped="0" time="34.58" errors="0">
<testcase name="Tenant Security &amp; Isolation › Tenant fallback - unknown subdomain should redirect to zo-system" classname="tenant-security.spec.ts" time="6.258">
<failure message="tenant-security.spec.ts:5:7 Tenant fallback - unknown subdomain should redirect to zo-system" type="FAILURE">
<![CDATA[  [Mobile Chrome] › tenant-security.spec.ts:5:7 › Tenant Security & Isolation › Tenant fallback - unknown subdomain should redirect to zo-system 

    Error: expect(locator).toContainText(expected) failed

    Locator: locator('[data-testid="tenant-name"]')
    Expected substring: "Zo System"
    Timeout: 5000ms
    Error: element(s) not found

    Call log:
      - Expect "toContainText" with timeout 5000ms
      - waiting for locator('[data-testid="tenant-name"]')


      16 |
      17 |     // Should show zo-system tenant content
    > 18 |     await expect(page.locator('[data-testid="tenant-name"]')).toContainText('Zo System');
         |                                                               ^
      19 |
      20 |     // Should show fallback banner in dev/staging
      21 |     if (process.env.NODE_ENV !== 'production') {
        at C:\Dev\Zo\sass-store\tests\e2e\tenant-security.spec.ts:18:63

    attachment #1: screenshot (image/png) ──────────────────────────────────────────────────────────
    ..\..\test-results\tenant-security-Tenant-Sec-8bf6b-hould-redirect-to-zo-system-Mobile-Chrome\test-failed-1.png
    ────────────────────────────────────────────────────────────────────────────────────────────────

    attachment #2: video (video/webm) ──────────────────────────────────────────────────────────────
    ..\..\test-results\tenant-security-Tenant-Sec-8bf6b-hould-redirect-to-zo-system-Mobile-Chrome\video.webm
    ────────────────────────────────────────────────────────────────────────────────────────────────

    Error Context: ..\..\test-results\tenant-security-Tenant-Sec-8bf6b-hould-redirect-to-zo-system-Mobile-Chrome\error-context.md
]]>
</failure>
<system-out>
<![CDATA[
[[ATTACHMENT|tenant-security-Tenant-Sec-8bf6b-hould-redirect-to-zo-system-Mobile-Chrome\test-failed-1.png]]

[[ATTACHMENT|tenant-security-Tenant-Sec-8bf6b-hould-redirect-to-zo-system-Mobile-Chrome\video.webm]]

[[ATTACHMENT|tenant-security-Tenant-Sec-8bf6b-hould-redirect-to-zo-system-Mobile-Chrome\error-context.md]]
]]>
</system-out>
</testcase>
<testcase name="Tenant Security &amp; Isolation › Tenant path resolution - /t/{tenant} should work" classname="tenant-security.spec.ts" time="6.312">
<failure message="tenant-security.spec.ts:26:7 Tenant path resolution - /t/{tenant} should work" type="FAILURE">
<![CDATA[  [Mobile Chrome] › tenant-security.spec.ts:26:7 › Tenant Security & Isolation › Tenant path resolution - /t/{tenant} should work 

    Error: expect(locator).toContainText(expected) failed

    Locator: locator('[data-testid="tenant-name"]')
    Expected substring: "Wonder Nails"
    Timeout: 5000ms
    Error: element(s) not found

    Call log:
      - Expect "toContainText" with timeout 5000ms
      - waiting for locator('[data-testid="tenant-name"]')


      29 |
      30 |     // Should show wondernails tenant content
    > 31 |     await expect(page.locator('[data-testid="tenant-name"]')).toContainText('Wonder Nails');
         |                                                               ^
      32 |
      33 |     // Products should be visible
      34 |     await expect(page.locator('[data-testid="product-grid"]')).toBeVisible();
        at C:\Dev\Zo\sass-store\tests\e2e\tenant-security.spec.ts:31:63

    attachment #1: screenshot (image/png) ──────────────────────────────────────────────────────────
    ..\..\test-results\tenant-security-Tenant-Sec-abcfd-tion---t-tenant-should-work-Mobile-Chrome\test-failed-1.png
    ────────────────────────────────────────────────────────────────────────────────────────────────

    attachment #2: video (video/webm) ──────────────────────────────────────────────────────────────
    ..\..\test-results\tenant-security-Tenant-Sec-abcfd-tion---t-tenant-should-work-Mobile-Chrome\video.webm
    ────────────────────────────────────────────────────────────────────────────────────────────────

    Error Context: ..\..\test-results\tenant-security-Tenant-Sec-abcfd-tion---t-tenant-should-work-Mobile-Chrome\error-context.md
]]>
</failure>
<system-out>
<![CDATA[
[[ATTACHMENT|tenant-security-Tenant-Sec-abcfd-tion---t-tenant-should-work-Mobile-Chrome\test-failed-1.png]]

[[ATTACHMENT|tenant-security-Tenant-Sec-abcfd-tion---t-tenant-should-work-Mobile-Chrome\video.webm]]

[[ATTACHMENT|tenant-security-Tenant-Sec-abcfd-tion---t-tenant-should-work-Mobile-Chrome\error-context.md]]
]]>
</system-out>
</testcase>
<testcase name="Tenant Security &amp; Isolation › Cross-tenant data isolation - API level" classname="tenant-security.spec.ts" time="0.066">
<failure message="tenant-security.spec.ts:37:7 Cross-tenant data isolation - API level" type="FAILURE">
<![CDATA[  [Mobile Chrome] › tenant-security.spec.ts:37:7 › Tenant Security & Isolation › Cross-tenant data isolation - API level 

    Error: expect(received).toBeTruthy()

    Received: false

      40 |       headers: { 'X-Tenant': 'wondernails' }
      41 |     });
    > 42 |     expect(response1.ok()).toBeTruthy();
         |                            ^
      43 |     const wondernailsProducts = await response1.json();
      44 |
      45 |     const response2 = await request.get('/api/v1/products', {
        at C:\Dev\Zo\sass-store\tests\e2e\tenant-security.spec.ts:42:28
]]>
</failure>
</testcase>
<testcase name="Tenant Security &amp; Isolation › RLS enforcement - database level" classname="tenant-security.spec.ts" time="0.057">
</testcase>
<testcase name="Tenant Security &amp; Isolation › Rate limiting - per tenant enforcement" classname="tenant-security.spec.ts" time="0.124">
<failure message="tenant-security.spec.ts:105:7 Rate limiting - per tenant enforcement" type="FAILURE">
<![CDATA[  [Mobile Chrome] › tenant-security.spec.ts:105:7 › Tenant Security & Isolation › Rate limiting - per tenant enforcement 

    Error: expect(received).toBeTruthy()

    Received: false

      122 |     // At minimum, all requests should return valid HTTP status codes
      123 |     responses.forEach(response => {
    > 124 |       expect([200, 429, 404].includes(response.status())).toBeTruthy();
          |                                                           ^
      125 |     });
      126 |   });
      127 |
        at forEach (C:\Dev\Zo\sass-store\tests\e2e\tenant-security.spec.ts:124:59)
        at C:\Dev\Zo\sass-store\tests\e2e\tenant-security.spec.ts:123:15
]]>
</failure>
</testcase>
<testcase name="Tenant Security &amp; Isolation › Tenant branding - should apply correct theme" classname="tenant-security.spec.ts" time="1.013">
<failure message="tenant-security.spec.ts:128:7 Tenant branding - should apply correct theme" type="FAILURE">
<![CDATA[  [Mobile Chrome] › tenant-security.spec.ts:128:7 › Tenant Security & Isolation › Tenant branding - should apply correct theme 

    Error: expect(received).toContain(expected) // indexOf

    Expected substring: "#EC4899"
    Received string:    ""

      136 |
      137 |     // Should have pink color for wondernails
    > 138 |     expect(primaryColor.trim()).toContain('#EC4899');
          |                                 ^
      139 |
      140 |     // Test vigistudio tenant
      141 |     await page.goto('/t/vigistudio');
        at C:\Dev\Zo\sass-store\tests\e2e\tenant-security.spec.ts:138:33

    attachment #1: screenshot (image/png) ──────────────────────────────────────────────────────────
    ..\..\test-results\tenant-security-Tenant-Sec-aad3d--should-apply-correct-theme-Mobile-Chrome\test-failed-1.png
    ────────────────────────────────────────────────────────────────────────────────────────────────

    attachment #2: video (video/webm) ──────────────────────────────────────────────────────────────
    ..\..\test-results\tenant-security-Tenant-Sec-aad3d--should-apply-correct-theme-Mobile-Chrome\video.webm
    ────────────────────────────────────────────────────────────────────────────────────────────────

    Error Context: ..\..\test-results\tenant-security-Tenant-Sec-aad3d--should-apply-correct-theme-Mobile-Chrome\error-context.md
]]>
</failure>
<system-out>
<![CDATA[
[[ATTACHMENT|tenant-security-Tenant-Sec-aad3d--should-apply-correct-theme-Mobile-Chrome\test-failed-1.png]]

[[ATTACHMENT|tenant-security-Tenant-Sec-aad3d--should-apply-correct-theme-Mobile-Chrome\video.webm]]

[[ATTACHMENT|tenant-security-Tenant-Sec-aad3d--should-apply-correct-theme-Mobile-Chrome\error-context.md]]
]]>
</system-out>
</testcase>
<testcase name="Tenant Security &amp; Isolation › Tenant-specific content - services vs products" classname="tenant-security.spec.ts" time="6.376">
<failure message="tenant-security.spec.ts:154:7 Tenant-specific content - services vs products" type="FAILURE">
<![CDATA[  [Mobile Chrome] › tenant-security.spec.ts:154:7 › Tenant Security & Isolation › Tenant-specific content - services vs products 

    Error: expect(locator).toBeVisible() failed

    Locator: locator('[data-testid="booking-cta"]')
    Expected: visible
    Timeout: 5000ms
    Error: element(s) not found

    Call log:
      - Expect "toBeVisible" with timeout 5000ms
      - waiting for locator('[data-testid="booking-cta"]')


      157 |
      158 |     // Should show booking option for booking-enabled tenant
    > 159 |     await expect(page.locator('[data-testid="booking-cta"]')).toBeVisible();
          |                                                               ^
      160 |
      161 |     // Test catalog tenant (vainilla-vargas)
      162 |     await page.goto('/t/vainilla-vargas');
        at C:\Dev\Zo\sass-store\tests\e2e\tenant-security.spec.ts:159:63

    attachment #1: screenshot (image/png) ──────────────────────────────────────────────────────────
    ..\..\test-results\tenant-security-Tenant-Sec-f4c95-tent---services-vs-products-Mobile-Chrome\test-failed-1.png
    ────────────────────────────────────────────────────────────────────────────────────────────────

    attachment #2: video (video/webm) ──────────────────────────────────────────────────────────────
    ..\..\test-results\tenant-security-Tenant-Sec-f4c95-tent---services-vs-products-Mobile-Chrome\video.webm
    ────────────────────────────────────────────────────────────────────────────────────────────────

    Error Context: ..\..\test-results\tenant-security-Tenant-Sec-f4c95-tent---services-vs-products-Mobile-Chrome\error-context.md
]]>
</failure>
<system-out>
<![CDATA[
[[ATTACHMENT|tenant-security-Tenant-Sec-f4c95-tent---services-vs-products-Mobile-Chrome\test-failed-1.png]]

[[ATTACHMENT|tenant-security-Tenant-Sec-f4c95-tent---services-vs-products-Mobile-Chrome\video.webm]]

[[ATTACHMENT|tenant-security-Tenant-Sec-f4c95-tent---services-vs-products-Mobile-Chrome\error-context.md]]
]]>
</system-out>
</testcase>
<testcase name="Tenant Security &amp; Isolation › Contact information - per tenant" classname="tenant-security.spec.ts" time="6.503">
<failure message="tenant-security.spec.ts:172:7 Contact information - per tenant" type="FAILURE">
<![CDATA[  [Mobile Chrome] › tenant-security.spec.ts:172:7 › Tenant Security & Isolation › Contact information - per tenant 

    Error: expect(locator).toContainText(expected) failed

    Locator: locator('[data-testid="tenant-phone"]')
    Expected substring: "+1-555-0201"
    Timeout: 5000ms
    Error: element(s) not found

    Call log:
      - Expect "toContainText" with timeout 5000ms
      - waiting for locator('[data-testid="tenant-phone"]')


      174 |     await page.goto('/t/wondernails/contact');
      175 |
    > 176 |     await expect(page.locator('[data-testid="tenant-phone"]')).toContainText('+1-555-0201');
          |                                                                ^
      177 |     await expect(page.locator('[data-testid="tenant-address"]')).toContainText('Los Angeles');
      178 |
      179 |     // Test vigistudio contact info
        at C:\Dev\Zo\sass-store\tests\e2e\tenant-security.spec.ts:176:64

    attachment #1: screenshot (image/png) ──────────────────────────────────────────────────────────
    ..\..\test-results\tenant-security-Tenant-Sec-06830-ct-information---per-tenant-Mobile-Chrome\test-failed-1.png
    ────────────────────────────────────────────────────────────────────────────────────────────────

    attachment #2: video (video/webm) ──────────────────────────────────────────────────────────────
    ..\..\test-results\tenant-security-Tenant-Sec-06830-ct-information---per-tenant-Mobile-Chrome\video.webm
    ────────────────────────────────────────────────────────────────────────────────────────────────

    Error Context: ..\..\test-results\tenant-security-Tenant-Sec-06830-ct-information---per-tenant-Mobile-Chrome\error-context.md
]]>
</failure>
<system-out>
<![CDATA[
[[ATTACHMENT|tenant-security-Tenant-Sec-06830-ct-information---per-tenant-Mobile-Chrome\test-failed-1.png]]

[[ATTACHMENT|tenant-security-Tenant-Sec-06830-ct-information---per-tenant-Mobile-Chrome\video.webm]]

[[ATTACHMENT|tenant-security-Tenant-Sec-06830-ct-information---per-tenant-Mobile-Chrome\error-context.md]]
]]>
</system-out>
</testcase>
<testcase name="Tenant Security &amp; Isolation › URL security - no tenant leakage in URLs" classname="tenant-security.spec.ts" time="6.695">
<failure message="tenant-security.spec.ts:186:7 URL security - no tenant leakage in URLs" type="FAILURE">
<![CDATA[  [Mobile Chrome] › tenant-security.spec.ts:186:7 › Tenant Security & Isolation › URL security - no tenant leakage in URLs 

    Error: expect(locator).toContainText(expected) failed

    Locator: locator('[data-testid="tenant-name"]')
    Expected substring: "Vigi Studio"
    Timeout: 5000ms
    Error: element(s) not found

    Call log:
      - Expect "toContainText" with timeout 5000ms
      - waiting for locator('[data-testid="tenant-name"]')


      196 |
      197 |     // Check that tenant context is properly isolated
    > 198 |     await expect(page.locator('[data-testid="tenant-name"]')).toContainText('Vigi Studio');
          |                                                               ^
      199 |   });
      200 |
      201 |   test('Session isolation - tenant switching', async ({ page }) => {
        at C:\Dev\Zo\sass-store\tests\e2e\tenant-security.spec.ts:198:63

    attachment #1: screenshot (image/png) ──────────────────────────────────────────────────────────
    ..\..\test-results\tenant-security-Tenant-Sec-28357---no-tenant-leakage-in-URLs-Mobile-Chrome\test-failed-1.png
    ────────────────────────────────────────────────────────────────────────────────────────────────

    attachment #2: video (video/webm) ──────────────────────────────────────────────────────────────
    ..\..\test-results\tenant-security-Tenant-Sec-28357---no-tenant-leakage-in-URLs-Mobile-Chrome\video.webm
    ────────────────────────────────────────────────────────────────────────────────────────────────

    Error Context: ..\..\test-results\tenant-security-Tenant-Sec-28357---no-tenant-leakage-in-URLs-Mobile-Chrome\error-context.md
]]>
</failure>
<system-out>
<![CDATA[
[[ATTACHMENT|tenant-security-Tenant-Sec-28357---no-tenant-leakage-in-URLs-Mobile-Chrome\test-failed-1.png]]

[[ATTACHMENT|tenant-security-Tenant-Sec-28357---no-tenant-leakage-in-URLs-Mobile-Chrome\video.webm]]

[[ATTACHMENT|tenant-security-Tenant-Sec-28357---no-tenant-leakage-in-URLs-Mobile-Chrome\error-context.md]]
]]>
</system-out>
</testcase>
<testcase name="Tenant Security &amp; Isolation › Session isolation - tenant switching" classname="tenant-security.spec.ts" time="1.176">
</testcase>
</testsuite>
<testsuite name="usability\system-usability-corrected.spec.ts" timestamp="2025-10-29T19:08:05.826Z" hostname="Mobile Chrome" tests="6" failures="3" skipped="0" time="28.622" errors="0">
<testcase name="System Usability (CORRECTED) › should provide clear user feedback and instructions" classname="usability\system-usability-corrected.spec.ts" time="1.806">
<failure message="system-usability-corrected.spec.ts:11:7 should provide clear user feedback and instructions" type="FAILURE">
<![CDATA[  [Mobile Chrome] › usability\system-usability-corrected.spec.ts:11:7 › System Usability (CORRECTED) › should provide clear user feedback and instructions 

    Error: expect(received).toBeGreaterThan(expected)

    Expected: > 0
    Received:   0

      24 |       const headings = page.locator('h1, h2, h3, h4, h5, h6');
      25 |       const headingCount = await headings.count();
    > 26 |       expect(headingCount).toBeGreaterThan(0);
         |                            ^
      27 |
      28 |       // Check for descriptive link text
      29 |       const links = page.locator('a');
        at C:\Dev\Zo\sass-store\tests\e2e\usability\system-usability-corrected.spec.ts:26:28

    attachment #1: screenshot (image/png) ──────────────────────────────────────────────────────────
    ..\..\test-results\usability-system-usability-ebfe8-r-feedback-and-instructions-Mobile-Chrome\test-failed-1.png
    ────────────────────────────────────────────────────────────────────────────────────────────────

    attachment #2: video (video/webm) ──────────────────────────────────────────────────────────────
    ..\..\test-results\usability-system-usability-ebfe8-r-feedback-and-instructions-Mobile-Chrome\video.webm
    ────────────────────────────────────────────────────────────────────────────────────────────────

    Error Context: ..\..\test-results\usability-system-usability-ebfe8-r-feedback-and-instructions-Mobile-Chrome\error-context.md
]]>
</failure>
<system-out>
<![CDATA[
[[ATTACHMENT|usability-system-usability-ebfe8-r-feedback-and-instructions-Mobile-Chrome\test-failed-1.png]]

[[ATTACHMENT|usability-system-usability-ebfe8-r-feedback-and-instructions-Mobile-Chrome\video.webm]]

[[ATTACHMENT|usability-system-usability-ebfe8-r-feedback-and-instructions-Mobile-Chrome\error-context.md]]
]]>
</system-out>
</testcase>
<testcase name="System Usability (CORRECTED) › should be accessible with keyboard navigation" classname="usability\system-usability-corrected.spec.ts" time="3.772">
<failure message="system-usability-corrected.spec.ts:68:7 should be accessible with keyboard navigation" type="FAILURE">
<![CDATA[  [Mobile Chrome] › usability\system-usability-corrected.spec.ts:68:7 › System Usability (CORRECTED) › should be accessible with keyboard navigation 

    Error: expect(received).toBe(expected) // Object.is equality

    Expected: 1
    Received: 2

      80 |       await page.keyboard.press('Tab');
      81 |       let focused = page.locator(':focus');
    > 82 |       expect(await focused.count()).toBe(1);
         |                                     ^
      83 |
      84 |       // Test that focus is visible
      85 |       const focusedElement = focused.first();
        at C:\Dev\Zo\sass-store\tests\e2e\usability\system-usability-corrected.spec.ts:82:37

    attachment #1: screenshot (image/png) ──────────────────────────────────────────────────────────
    ..\..\test-results\usability-system-usability-43d07-le-with-keyboard-navigation-Mobile-Chrome\test-failed-1.png
    ────────────────────────────────────────────────────────────────────────────────────────────────

    attachment #2: video (video/webm) ──────────────────────────────────────────────────────────────
    ..\..\test-results\usability-system-usability-43d07-le-with-keyboard-navigation-Mobile-Chrome\video.webm
    ────────────────────────────────────────────────────────────────────────────────────────────────

    Error Context: ..\..\test-results\usability-system-usability-43d07-le-with-keyboard-navigation-Mobile-Chrome\error-context.md
]]>
</failure>
<system-out>
<![CDATA[
[[ATTACHMENT|usability-system-usability-43d07-le-with-keyboard-navigation-Mobile-Chrome\test-failed-1.png]]

[[ATTACHMENT|usability-system-usability-43d07-le-with-keyboard-navigation-Mobile-Chrome\video.webm]]

[[ATTACHMENT|usability-system-usability-43d07-le-with-keyboard-navigation-Mobile-Chrome\error-context.md]]
]]>
</system-out>
</testcase>
<testcase name="System Usability (CORRECTED) › should provide helpful error messages" classname="usability\system-usability-corrected.spec.ts" time="5.703">
<system-out>
<![CDATA[✅ wondernails: Helpful error messages provided
✅ nom-nom: Helpful error messages provided
]]>
</system-out>
</testcase>
<testcase name="System Usability (CORRECTED) › should maintain consistent UI patterns" classname="usability\system-usability-corrected.spec.ts" time="2.643">
<failure message="system-usability-corrected.spec.ts:159:7 should maintain consistent UI patterns" type="FAILURE">
<![CDATA[  [Mobile Chrome] › usability\system-usability-corrected.spec.ts:159:7 › System Usability (CORRECTED) › should maintain consistent UI patterns 

    Error: expect(received).not.toBe(expected) // Object.is equality

    Expected: not "0px"

      184 |         
      185 |         // All buttons should have some padding and border radius
    > 186 |         expect(computedStyle.padding).not.toBe('0px');
          |                                           ^
      187 |       }
      188 |
      189 |       // Check for consistent typography
        at C:\Dev\Zo\sass-store\tests\e2e\usability\system-usability-corrected.spec.ts:186:43

    attachment #1: screenshot (image/png) ──────────────────────────────────────────────────────────
    ..\..\test-results\usability-system-usability-faa41-tain-consistent-UI-patterns-Mobile-Chrome\test-failed-1.png
    ────────────────────────────────────────────────────────────────────────────────────────────────

    attachment #2: video (video/webm) ──────────────────────────────────────────────────────────────
    ..\..\test-results\usability-system-usability-faa41-tain-consistent-UI-patterns-Mobile-Chrome\video.webm
    ────────────────────────────────────────────────────────────────────────────────────────────────

    Error Context: ..\..\test-results\usability-system-usability-faa41-tain-consistent-UI-patterns-Mobile-Chrome\error-context.md
]]>
</failure>
<system-out>
<![CDATA[
[[ATTACHMENT|usability-system-usability-faa41-tain-consistent-UI-patterns-Mobile-Chrome\test-failed-1.png]]

[[ATTACHMENT|usability-system-usability-faa41-tain-consistent-UI-patterns-Mobile-Chrome\video.webm]]

[[ATTACHMENT|usability-system-usability-faa41-tain-consistent-UI-patterns-Mobile-Chrome\error-context.md]]
]]>
</system-out>
</testcase>
<testcase name="System Usability (CORRECTED) › should provide clear navigation paths" classname="usability\system-usability-corrected.spec.ts" time="3.721">
</testcase>
<testcase name="System Usability (CORRECTED) › should be usable on different screen sizes" classname="usability\system-usability-corrected.spec.ts" time="10.977">
<system-out>
<![CDATA[✅ wondernails: Usable on mobile screen size
✅ wondernails: Usable on tablet screen size
✅ wondernails: Usable on desktop screen size
✅ nom-nom: Usable on mobile screen size
✅ nom-nom: Usable on tablet screen size
✅ nom-nom: Usable on desktop screen size
]]>
</system-out>
</testcase>
</testsuite>
<testsuite name="ux\click-budget.spec.ts" timestamp="2025-10-29T19:08:05.826Z" hostname="Mobile Chrome" tests="8" failures="2" skipped="0" time="30.773" errors="0">
<testcase name="Click Budget Tests - UX Optimization › Purchase Flow - should complete in ≤3 clicks" classname="ux\click-budget.spec.ts" time="5.879">
</testcase>
<testcase name="Click Budget Tests - UX Optimization › Booking Flow - should complete in ≤2 clicks" classname="ux\click-budget.spec.ts" time="5.163">
</testcase>
<testcase name="Click Budget Tests - UX Optimization › Reorder Flow - should complete in ≤1 click" classname="ux\click-budget.spec.ts" time="3.111">
</testcase>
<testcase name="Click Budget Tests - UX Optimization › Mobile Touch Targets - should meet 44px minimum" classname="ux\click-budget.spec.ts" time="3.188">
<failure message="click-budget.spec.ts:112:7 Mobile Touch Targets - should meet 44px minimum" type="FAILURE">
<![CDATA[  [Mobile Chrome] › ux\click-budget.spec.ts:112:7 › Click Budget Tests - UX Optimization › Mobile Touch Targets - should meet 44px minimum 

    Error: expect(received).toBeGreaterThanOrEqual(expected)

    Expected: >= 44
    Received:    24

      129 |           const boundingBox = await button.boundingBox();
      130 |           if (boundingBox) {
    > 131 |             expect(boundingBox.width).toBeGreaterThanOrEqual(44);
          |                                       ^
      132 |             expect(boundingBox.height).toBeGreaterThanOrEqual(44);
      133 |           }
      134 |         }
        at C:\Dev\Zo\sass-store\tests\e2e\ux\click-budget.spec.ts:131:39

    attachment #1: screenshot (image/png) ──────────────────────────────────────────────────────────
    ..\..\test-results\ux-click-budget-Click-Budg-0cc04----should-meet-44px-minimum-Mobile-Chrome\test-failed-1.png
    ────────────────────────────────────────────────────────────────────────────────────────────────

    attachment #2: video (video/webm) ──────────────────────────────────────────────────────────────
    ..\..\test-results\ux-click-budget-Click-Budg-0cc04----should-meet-44px-minimum-Mobile-Chrome\video.webm
    ────────────────────────────────────────────────────────────────────────────────────────────────

    Error Context: ..\..\test-results\ux-click-budget-Click-Budg-0cc04----should-meet-44px-minimum-Mobile-Chrome\error-context.md
]]>
</failure>
<system-out>
<![CDATA[
[[ATTACHMENT|ux-click-budget-Click-Budg-0cc04----should-meet-44px-minimum-Mobile-Chrome\test-failed-1.png]]

[[ATTACHMENT|ux-click-budget-Click-Budg-0cc04----should-meet-44px-minimum-Mobile-Chrome\video.webm]]

[[ATTACHMENT|ux-click-budget-Click-Budg-0cc04----should-meet-44px-minimum-Mobile-Chrome\error-context.md]]
]]>
</system-out>
</testcase>
<testcase name="Click Budget Tests - UX Optimization › Command Palette - should open with Cmd+K" classname="ux\click-budget.spec.ts" time="2.313">
</testcase>
<testcase name="Click Budget Tests - UX Optimization › Quick Actions Dock - should show role-appropriate actions" classname="ux\click-budget.spec.ts" time="5.02">
</testcase>
<testcase name="Click Budget Tests - UX Optimization › Keyboard Navigation - should support full keyboard accessibility" classname="ux\click-budget.spec.ts" time="3.283">
<failure message="click-budget.spec.ts:179:7 Keyboard Navigation - should support full keyboard accessibility" type="FAILURE">
<![CDATA[  [Mobile Chrome] › ux\click-budget.spec.ts:179:7 › Click Budget Tests - UX Optimization › Keyboard Navigation - should support full keyboard accessibility 

    Error: expect(received).toBeGreaterThan(expected)

    Expected: > 0
    Received:   0

      212 |     }
      213 |
    > 214 |     expect(focusableElements).toBeGreaterThan(0);
          |                               ^
      215 |   });
      216 |
      217 |   test('Admin Actions - should complete in ≤2 clicks', async ({ page }) => {
        at C:\Dev\Zo\sass-store\tests\e2e\ux\click-budget.spec.ts:214:31

    attachment #1: screenshot (image/png) ──────────────────────────────────────────────────────────
    ..\..\test-results\ux-click-budget-Click-Budg-891fe-full-keyboard-accessibility-Mobile-Chrome\test-failed-1.png
    ────────────────────────────────────────────────────────────────────────────────────────────────

    attachment #2: video (video/webm) ──────────────────────────────────────────────────────────────
    ..\..\test-results\ux-click-budget-Click-Budg-891fe-full-keyboard-accessibility-Mobile-Chrome\video.webm
    ────────────────────────────────────────────────────────────────────────────────────────────────

    Error Context: ..\..\test-results\ux-click-budget-Click-Budg-891fe-full-keyboard-accessibility-Mobile-Chrome\error-context.md
]]>
</failure>
<system-out>
<![CDATA[
[[ATTACHMENT|ux-click-budget-Click-Budg-891fe-full-keyboard-accessibility-Mobile-Chrome\test-failed-1.png]]

[[ATTACHMENT|ux-click-budget-Click-Budg-891fe-full-keyboard-accessibility-Mobile-Chrome\video.webm]]

[[ATTACHMENT|ux-click-budget-Click-Budg-891fe-full-keyboard-accessibility-Mobile-Chrome\error-context.md]]
]]>
</system-out>
</testcase>
<testcase name="Click Budget Tests - UX Optimization › Admin Actions - should complete in ≤2 clicks" classname="ux\click-budget.spec.ts" time="2.816">
</testcase>
</testsuite>
<testsuite name="accessibility\a11y-compliance.spec.ts" timestamp="2025-10-29T19:08:05.826Z" hostname="Mobile Safari" tests="8" failures="2" skipped="0" time="42.994" errors="0">
<testcase name="Accessibility (A11y) Compliance Tests › Color contrast should meet WCAG AA requirements" classname="accessibility\a11y-compliance.spec.ts" time="10.1">
<system-out>
<![CDATA[✓ wondernails: Color contrast validated
✓ nom-nom: Color contrast validated
✓ delirios: Color contrast validated
]]>
</system-out>
</testcase>
<testcase name="Accessibility (A11y) Compliance Tests › Keyboard navigation should work throughout the app" classname="accessibility\a11y-compliance.spec.ts" time="4">
<failure message="a11y-compliance.spec.ts:67:7 Keyboard navigation should work throughout the app" type="FAILURE">
<![CDATA[  [Mobile Safari] › accessibility\a11y-compliance.spec.ts:67:7 › Accessibility (A11y) Compliance Tests › Keyboard navigation should work throughout the app 

    Error: expect(received).toBeTruthy()

    Received: false

      85 |
      86 |         const isVisible = await focusedElement.isVisible();
    > 87 |         expect(isVisible).toBeTruthy();
         |                           ^
      88 |
      89 |         // Check focus indicator
      90 |         const focusStyles = await focusedElement.evaluate(el => {
        at C:\Dev\Zo\sass-store\tests\e2e\accessibility\a11y-compliance.spec.ts:87:27

    attachment #1: screenshot (image/png) ──────────────────────────────────────────────────────────
    ..\..\test-results\accessibility-a11y-complia-01ae0-uld-work-throughout-the-app-Mobile-Safari\test-failed-1.png
    ────────────────────────────────────────────────────────────────────────────────────────────────

    attachment #2: video (video/webm) ──────────────────────────────────────────────────────────────
    ..\..\test-results\accessibility-a11y-complia-01ae0-uld-work-throughout-the-app-Mobile-Safari\video.webm
    ────────────────────────────────────────────────────────────────────────────────────────────────

    Error Context: ..\..\test-results\accessibility-a11y-complia-01ae0-uld-work-throughout-the-app-Mobile-Safari\error-context.md
]]>
</failure>
<system-out>
<![CDATA[
[[ATTACHMENT|accessibility-a11y-complia-01ae0-uld-work-throughout-the-app-Mobile-Safari\test-failed-1.png]]

[[ATTACHMENT|accessibility-a11y-complia-01ae0-uld-work-throughout-the-app-Mobile-Safari\video.webm]]

[[ATTACHMENT|accessibility-a11y-complia-01ae0-uld-work-throughout-the-app-Mobile-Safari\error-context.md]]
]]>
</system-out>
</testcase>
<testcase name="Accessibility (A11y) Compliance Tests › ARIA attributes should be properly implemented" classname="accessibility\a11y-compliance.spec.ts" time="4.386">
<failure message="a11y-compliance.spec.ts:117:7 ARIA attributes should be properly implemented" type="FAILURE">
<![CDATA[  [Mobile Safari] › accessibility\a11y-compliance.spec.ts:117:7 › Accessibility (A11y) Compliance Tests › ARIA attributes should be properly implemented 

    Error: expect(received).toBeTruthy()

    Received: false

      165 |       }
      166 |
    > 167 |       expect(hasH1).toBeTruthy(); // Page should have an h1
          |                     ^
      168 |
      169 |       // Check for form labels
      170 |       const inputs = page.locator('input, textarea, select');
        at C:\Dev\Zo\sass-store\tests\e2e\accessibility\a11y-compliance.spec.ts:167:21

    attachment #1: screenshot (image/png) ──────────────────────────────────────────────────────────
    ..\..\test-results\accessibility-a11y-complia-66c35-uld-be-properly-implemented-Mobile-Safari\test-failed-1.png
    ────────────────────────────────────────────────────────────────────────────────────────────────

    attachment #2: video (video/webm) ──────────────────────────────────────────────────────────────
    ..\..\test-results\accessibility-a11y-complia-66c35-uld-be-properly-implemented-Mobile-Safari\video.webm
    ────────────────────────────────────────────────────────────────────────────────────────────────

    Error Context: ..\..\test-results\accessibility-a11y-complia-66c35-uld-be-properly-implemented-Mobile-Safari\error-context.md
]]>
</failure>
<system-out>
<![CDATA[
[[ATTACHMENT|accessibility-a11y-complia-66c35-uld-be-properly-implemented-Mobile-Safari\test-failed-1.png]]

[[ATTACHMENT|accessibility-a11y-complia-66c35-uld-be-properly-implemented-Mobile-Safari\video.webm]]

[[ATTACHMENT|accessibility-a11y-complia-66c35-uld-be-properly-implemented-Mobile-Safari\error-context.md]]
]]>
</system-out>
</testcase>
<testcase name="Accessibility (A11y) Compliance Tests › Images should have appropriate alt text" classname="accessibility\a11y-compliance.spec.ts" time="4.954">
<system-out>
<![CDATA[✓ wondernails: Image alt text validated
✓ nom-nom: Image alt text validated
]]>
</system-out>
</testcase>
<testcase name="Accessibility (A11y) Compliance Tests › Focus management should work correctly" classname="accessibility\a11y-compliance.spec.ts" time="4.981">
<system-out>
<![CDATA[✓ wondernails: Focus management validated
✓ nom-nom: Focus management validated
]]>
</system-out>
</testcase>
<testcase name="Accessibility (A11y) Compliance Tests › Screen reader announcements should be present" classname="accessibility\a11y-compliance.spec.ts" time="5.208">
<system-out>
<![CDATA[✓ wondernails: Screen reader announcements validated
✓ nom-nom: Screen reader announcements validated
]]>
</system-out>
</testcase>
<testcase name="Accessibility (A11y) Compliance Tests › Skip links should be present" classname="accessibility\a11y-compliance.spec.ts" time="4.589">
<system-out>
<![CDATA[✓ wondernails: Skip links validated
✓ nom-nom: Skip links validated
]]>
</system-out>
</testcase>
<testcase name="Accessibility (A11y) Compliance Tests › Error messages should be accessible" classname="accessibility\a11y-compliance.spec.ts" time="4.776">
<system-out>
<![CDATA[✓ wondernails: Error message accessibility validated
✓ nom-nom: Error message accessibility validated
]]>
</system-out>
</testcase>
</testsuite>
<testsuite name="accessibility\keyboard-only-flows.spec.ts" timestamp="2025-10-29T19:08:05.826Z" hostname="Mobile Safari" tests="9" failures="7" skipped="0" time="117.375" errors="0">
<testcase name="Keyboard-Only Purchase Flow › should complete entire purchase using only keyboard navigation" classname="accessibility\keyboard-only-flows.spec.ts" time="8.256">
<failure message="keyboard-only-flows.spec.ts:10:7 should complete entire purchase using only keyboard navigation" type="FAILURE">
<![CDATA[  [Mobile Safari] › accessibility\keyboard-only-flows.spec.ts:10:7 › Keyboard-Only Purchase Flow › should complete entire purchase using only keyboard navigation 

    Error: expect(page).toHaveURL(expected) failed

    Expected pattern: /\/products\/.+/
    Received string:  "http://localhost:3001/t/wondernails/products"
    Timeout: 5000ms

    Call log:
      - Expect "toHaveURL" with timeout 5000ms
        8 × unexpected value "http://localhost:3001/t/wondernails/products"


      19 |     // Select product via keyboard
      20 |     await page.keyboard.press('Enter');
    > 21 |     await expect(page).toHaveURL(/\/products\/.+/);
         |                        ^
      22 |
      23 |     await page.waitForTimeout(500);
      24 |
        at C:\Dev\Zo\sass-store\tests\e2e\accessibility\keyboard-only-flows.spec.ts:21:24

    attachment #1: screenshot (image/png) ──────────────────────────────────────────────────────────
    ..\..\test-results\accessibility-keyboard-onl-b38b3-ng-only-keyboard-navigation-Mobile-Safari\test-failed-1.png
    ────────────────────────────────────────────────────────────────────────────────────────────────

    attachment #2: video (video/webm) ──────────────────────────────────────────────────────────────
    ..\..\test-results\accessibility-keyboard-onl-b38b3-ng-only-keyboard-navigation-Mobile-Safari\video.webm
    ────────────────────────────────────────────────────────────────────────────────────────────────

    Error Context: ..\..\test-results\accessibility-keyboard-onl-b38b3-ng-only-keyboard-navigation-Mobile-Safari\error-context.md
]]>
</failure>
<system-out>
<![CDATA[
[[ATTACHMENT|accessibility-keyboard-onl-b38b3-ng-only-keyboard-navigation-Mobile-Safari\test-failed-1.png]]

[[ATTACHMENT|accessibility-keyboard-onl-b38b3-ng-only-keyboard-navigation-Mobile-Safari\video.webm]]

[[ATTACHMENT|accessibility-keyboard-onl-b38b3-ng-only-keyboard-navigation-Mobile-Safari\error-context.md]]
]]>
</system-out>
</testcase>
<testcase name="Keyboard-Only Purchase Flow › should support keyboard navigation in product filters" classname="accessibility\keyboard-only-flows.spec.ts" time="2.26">
</testcase>
<testcase name="Keyboard-Only Purchase Flow › should navigate product carousel with keyboard" classname="accessibility\keyboard-only-flows.spec.ts" time="16.8">
<failure message="keyboard-only-flows.spec.ts:105:7 should navigate product carousel with keyboard" type="FAILURE">
<![CDATA[  [Mobile Safari] › accessibility\keyboard-only-flows.spec.ts:105:7 › Keyboard-Only Purchase Flow › should navigate product carousel with keyboard 

    TimeoutError: locator.click: Timeout 15000ms exceeded.
    Call log:
      - waiting for locator('[data-testid="product-card"]').first()


      107 |
      108 |     const productCard = page.locator('[data-testid="product-card"]').first();
    > 109 |     await productCard.click();
          |                       ^
      110 |
      111 |     const imageCarousel = page.locator('[data-testid="product-carousel"], [data-testid="image-gallery"]');
      112 |     if (await imageCarousel.isVisible()) {
        at C:\Dev\Zo\sass-store\tests\e2e\accessibility\keyboard-only-flows.spec.ts:109:23

    attachment #1: screenshot (image/png) ──────────────────────────────────────────────────────────
    ..\..\test-results\accessibility-keyboard-onl-097f9-duct-carousel-with-keyboard-Mobile-Safari\test-failed-1.png
    ────────────────────────────────────────────────────────────────────────────────────────────────

    attachment #2: video (video/webm) ──────────────────────────────────────────────────────────────
    ..\..\test-results\accessibility-keyboard-onl-097f9-duct-carousel-with-keyboard-Mobile-Safari\video.webm
    ────────────────────────────────────────────────────────────────────────────────────────────────

    Error Context: ..\..\test-results\accessibility-keyboard-onl-097f9-duct-carousel-with-keyboard-Mobile-Safari\error-context.md
]]>
</failure>
<system-out>
<![CDATA[
[[ATTACHMENT|accessibility-keyboard-onl-097f9-duct-carousel-with-keyboard-Mobile-Safari\test-failed-1.png]]

[[ATTACHMENT|accessibility-keyboard-onl-097f9-duct-carousel-with-keyboard-Mobile-Safari\video.webm]]

[[ATTACHMENT|accessibility-keyboard-onl-097f9-duct-carousel-with-keyboard-Mobile-Safari\error-context.md]]
]]>
</system-out>
</testcase>
<testcase name="Keyboard-Only Purchase Flow › should allow keyboard input in search" classname="accessibility\keyboard-only-flows.spec.ts" time="2.017">
</testcase>
<testcase name="Screen Reader Booking Flow › should announce booking form properly for screen readers" classname="accessibility\keyboard-only-flows.spec.ts" time="17.051">
<failure message="keyboard-only-flows.spec.ts:155:7 should announce booking form properly for screen readers" type="FAILURE">
<![CDATA[  [Mobile Safari] › accessibility\keyboard-only-flows.spec.ts:155:7 › Screen Reader Booking Flow › should announce booking form properly for screen readers 

    TimeoutError: locator.textContent: Timeout 15000ms exceeded.
    Call log:
      - waiting for locator('h1')


      172 |
      173 |     // Verify service page heading is announced
    > 174 |     const serviceHeading = await page.locator('h1').textContent();
          |                                                     ^
      175 |     expect(serviceHeading).toContain('Services');
      176 |
      177 |     // Select service via screen reader
        at C:\Dev\Zo\sass-store\tests\e2e\accessibility\keyboard-only-flows.spec.ts:174:53

    attachment #1: screenshot (image/png) ──────────────────────────────────────────────────────────
    ..\..\test-results\accessibility-keyboard-onl-73acb-properly-for-screen-readers-Mobile-Safari\test-failed-1.png
    ────────────────────────────────────────────────────────────────────────────────────────────────

    attachment #2: video (video/webm) ──────────────────────────────────────────────────────────────
    ..\..\test-results\accessibility-keyboard-onl-73acb-properly-for-screen-readers-Mobile-Safari\video.webm
    ────────────────────────────────────────────────────────────────────────────────────────────────

    Error Context: ..\..\test-results\accessibility-keyboard-onl-73acb-properly-for-screen-readers-Mobile-Safari\error-context.md
]]>
</failure>
<system-out>
<![CDATA[
[[ATTACHMENT|accessibility-keyboard-onl-73acb-properly-for-screen-readers-Mobile-Safari\test-failed-1.png]]

[[ATTACHMENT|accessibility-keyboard-onl-73acb-properly-for-screen-readers-Mobile-Safari\video.webm]]

[[ATTACHMENT|accessibility-keyboard-onl-73acb-properly-for-screen-readers-Mobile-Safari\error-context.md]]
]]>
</system-out>
</testcase>
<testcase name="Screen Reader Booking Flow › should have descriptive labels for all form inputs" classname="accessibility\keyboard-only-flows.spec.ts" time="18.063">
<failure message="keyboard-only-flows.spec.ts:214:7 should have descriptive labels for all form inputs" type="FAILURE">
<![CDATA[  [Mobile Safari] › accessibility\keyboard-only-flows.spec.ts:214:7 › Screen Reader Booking Flow › should have descriptive labels for all form inputs 

    TimeoutError: locator.click: Timeout 15000ms exceeded.
    Call log:
      - waiting for locator('[data-testid="service-card"]').first()


      216 |
      217 |     const serviceCard = page.locator('[data-testid="service-card"]').first();
    > 218 |     await serviceCard.click();
          |                       ^
      219 |
      220 |     const bookButton = page.locator('[data-testid="book-service-btn"], button:has-text("Book")');
      221 |     if (await bookButton.isVisible()) {
        at C:\Dev\Zo\sass-store\tests\e2e\accessibility\keyboard-only-flows.spec.ts:218:23

    attachment #1: screenshot (image/png) ──────────────────────────────────────────────────────────
    ..\..\test-results\accessibility-keyboard-onl-b44d9--labels-for-all-form-inputs-Mobile-Safari\test-failed-1.png
    ────────────────────────────────────────────────────────────────────────────────────────────────

    attachment #2: video (video/webm) ──────────────────────────────────────────────────────────────
    ..\..\test-results\accessibility-keyboard-onl-b44d9--labels-for-all-form-inputs-Mobile-Safari\video.webm
    ────────────────────────────────────────────────────────────────────────────────────────────────

    Error Context: ..\..\test-results\accessibility-keyboard-onl-b44d9--labels-for-all-form-inputs-Mobile-Safari\error-context.md
]]>
</failure>
<system-out>
<![CDATA[
[[ATTACHMENT|accessibility-keyboard-onl-b44d9--labels-for-all-form-inputs-Mobile-Safari\test-failed-1.png]]

[[ATTACHMENT|accessibility-keyboard-onl-b44d9--labels-for-all-form-inputs-Mobile-Safari\video.webm]]

[[ATTACHMENT|accessibility-keyboard-onl-b44d9--labels-for-all-form-inputs-Mobile-Safari\error-context.md]]
]]>
</system-out>
</testcase>
<testcase name="Screen Reader Booking Flow › should announce time slot availability" classname="accessibility\keyboard-only-flows.spec.ts" time="17.923">
<failure message="keyboard-only-flows.spec.ts:250:7 should announce time slot availability" type="FAILURE">
<![CDATA[  [Mobile Safari] › accessibility\keyboard-only-flows.spec.ts:250:7 › Screen Reader Booking Flow › should announce time slot availability 

    TimeoutError: locator.click: Timeout 15000ms exceeded.
    Call log:
      - waiting for locator('[data-testid="service-card"]').first()


      252 |
      253 |     const serviceCard = page.locator('[data-testid="service-card"]').first();
    > 254 |     await serviceCard.click();
          |                       ^
      255 |
      256 |     // Time slots should have aria-labels describing availability
      257 |     const timeSlots = page.locator('[data-testid="time-slot"]');
        at C:\Dev\Zo\sass-store\tests\e2e\accessibility\keyboard-only-flows.spec.ts:254:23

    attachment #1: screenshot (image/png) ──────────────────────────────────────────────────────────
    ..\..\test-results\accessibility-keyboard-onl-516ff-unce-time-slot-availability-Mobile-Safari\test-failed-1.png
    ────────────────────────────────────────────────────────────────────────────────────────────────

    attachment #2: video (video/webm) ──────────────────────────────────────────────────────────────
    ..\..\test-results\accessibility-keyboard-onl-516ff-unce-time-slot-availability-Mobile-Safari\video.webm
    ────────────────────────────────────────────────────────────────────────────────────────────────

    Error Context: ..\..\test-results\accessibility-keyboard-onl-516ff-unce-time-slot-availability-Mobile-Safari\error-context.md
]]>
</failure>
<system-out>
<![CDATA[
[[ATTACHMENT|accessibility-keyboard-onl-516ff-unce-time-slot-availability-Mobile-Safari\test-failed-1.png]]

[[ATTACHMENT|accessibility-keyboard-onl-516ff-unce-time-slot-availability-Mobile-Safari\video.webm]]

[[ATTACHMENT|accessibility-keyboard-onl-516ff-unce-time-slot-availability-Mobile-Safari\error-context.md]]
]]>
</system-out>
</testcase>
<testcase name="Screen Reader Booking Flow › should have proper focus indicators" classname="accessibility\keyboard-only-flows.spec.ts" time="17.746">
<failure message="keyboard-only-flows.spec.ts:274:7 should have proper focus indicators" type="FAILURE">
<![CDATA[  [Mobile Safari] › accessibility\keyboard-only-flows.spec.ts:274:7 › Screen Reader Booking Flow › should have proper focus indicators 

    TimeoutError: locator.focus: Timeout 15000ms exceeded.
    Call log:
      - waiting for locator('[data-testid="service-card"]').first()


      278 |
      279 |     // Focus element
    > 280 |     await serviceCard.focus();
          |                       ^
      281 |
      282 |     // Check for visible focus indicator
      283 |     const focusedElement = await page.evaluate(() => {
        at C:\Dev\Zo\sass-store\tests\e2e\accessibility\keyboard-only-flows.spec.ts:280:23

    attachment #1: screenshot (image/png) ──────────────────────────────────────────────────────────
    ..\..\test-results\accessibility-keyboard-onl-b2084-ave-proper-focus-indicators-Mobile-Safari\test-failed-1.png
    ────────────────────────────────────────────────────────────────────────────────────────────────

    attachment #2: video (video/webm) ──────────────────────────────────────────────────────────────
    ..\..\test-results\accessibility-keyboard-onl-b2084-ave-proper-focus-indicators-Mobile-Safari\video.webm
    ────────────────────────────────────────────────────────────────────────────────────────────────

    Error Context: ..\..\test-results\accessibility-keyboard-onl-b2084-ave-proper-focus-indicators-Mobile-Safari\error-context.md
]]>
</failure>
<system-out>
<![CDATA[
[[ATTACHMENT|accessibility-keyboard-onl-b2084-ave-proper-focus-indicators-Mobile-Safari\test-failed-1.png]]

[[ATTACHMENT|accessibility-keyboard-onl-b2084-ave-proper-focus-indicators-Mobile-Safari\video.webm]]

[[ATTACHMENT|accessibility-keyboard-onl-b2084-ave-proper-focus-indicators-Mobile-Safari\error-context.md]]
]]>
</system-out>
</testcase>
<testcase name="Screen Reader Booking Flow › should support ARIA live regions for dynamic content" classname="accessibility\keyboard-only-flows.spec.ts" time="17.259">
<failure message="keyboard-only-flows.spec.ts:304:7 should support ARIA live regions for dynamic content" type="FAILURE">
<![CDATA[  [Mobile Safari] › accessibility\keyboard-only-flows.spec.ts:304:7 › Screen Reader Booking Flow › should support ARIA live regions for dynamic content 

    TimeoutError: locator.click: Timeout 15000ms exceeded.
    Call log:
      - waiting for locator('[data-testid="service-card"]').first()


      306 |
      307 |     const serviceCard = page.locator('[data-testid="service-card"]').first();
    > 308 |     await serviceCard.click();
          |                       ^
      309 |
      310 |     const timeSlotPicker = page.locator('[data-testid="time-slot-picker"]');
      311 |     if (await timeSlotPicker.isVisible()) {
        at C:\Dev\Zo\sass-store\tests\e2e\accessibility\keyboard-only-flows.spec.ts:308:23

    attachment #1: screenshot (image/png) ──────────────────────────────────────────────────────────
    ..\..\test-results\accessibility-keyboard-onl-ab35a-regions-for-dynamic-content-Mobile-Safari\test-failed-1.png
    ────────────────────────────────────────────────────────────────────────────────────────────────

    attachment #2: video (video/webm) ──────────────────────────────────────────────────────────────
    ..\..\test-results\accessibility-keyboard-onl-ab35a-regions-for-dynamic-content-Mobile-Safari\video.webm
    ────────────────────────────────────────────────────────────────────────────────────────────────

    Error Context: ..\..\test-results\accessibility-keyboard-onl-ab35a-regions-for-dynamic-content-Mobile-Safari\error-context.md
]]>
</failure>
<system-out>
<![CDATA[
[[ATTACHMENT|accessibility-keyboard-onl-ab35a-regions-for-dynamic-content-Mobile-Safari\test-failed-1.png]]

[[ATTACHMENT|accessibility-keyboard-onl-ab35a-regions-for-dynamic-content-Mobile-Safari\video.webm]]

[[ATTACHMENT|accessibility-keyboard-onl-ab35a-regions-for-dynamic-content-Mobile-Safari\error-context.md]]
]]>
</system-out>
</testcase>
</testsuite>
<testsuite name="accessibility.spec.ts" timestamp="2025-10-29T19:08:05.826Z" hostname="Mobile Safari" tests="6" failures="5" skipped="0" time="22.996" errors="0">
<testcase name="Accessibility Tests › Screen reader support should be comprehensive" classname="accessibility.spec.ts" time="1.942">
<failure message="accessibility.spec.ts:4:7 Screen reader support should be comprehensive" type="FAILURE">
<![CDATA[  [Mobile Safari] › accessibility.spec.ts:4:7 › Accessibility Tests › Screen reader support should be comprehensive 

    Error: expect(received).toBeGreaterThan(expected)

    Expected: > 0
    Received:   0

      16 |     const srOnlyElements = page.locator('.sr-only, .screen-reader-text, .visually-hidden');
      17 |     const srCount = await srOnlyElements.count();
    > 18 |     expect(srCount).toBeGreaterThan(0); // Should have screen reader elements
         |                     ^
      19 |
      20 |     // Validate that screen reader elements are properly hidden
      21 |     for (let i = 0; i < Math.min(5, srCount); i++) {
        at C:\Dev\Zo\sass-store\tests\e2e\accessibility.spec.ts:18:21

    attachment #1: screenshot (image/png) ──────────────────────────────────────────────────────────
    ..\..\test-results\accessibility-Accessibilit-e27a0-ort-should-be-comprehensive-Mobile-Safari\test-failed-1.png
    ────────────────────────────────────────────────────────────────────────────────────────────────

    attachment #2: video (video/webm) ──────────────────────────────────────────────────────────────
    ..\..\test-results\accessibility-Accessibilit-e27a0-ort-should-be-comprehensive-Mobile-Safari\video.webm
    ────────────────────────────────────────────────────────────────────────────────────────────────
]]>
</failure>
<system-out>
<![CDATA[
[[ATTACHMENT|accessibility-Accessibilit-e27a0-ort-should-be-comprehensive-Mobile-Safari\test-failed-1.png]]

[[ATTACHMENT|accessibility-Accessibilit-e27a0-ort-should-be-comprehensive-Mobile-Safari\video.webm]]
]]>
</system-out>
</testcase>
<testcase name="Accessibility Tests › ARIA attributes should be properly implemented" classname="accessibility.spec.ts" time="0.998">
<failure message="accessibility.spec.ts:75:7 ARIA attributes should be properly implemented" type="FAILURE">
<![CDATA[  [Mobile Safari] › accessibility.spec.ts:75:7 › Accessibility Tests › ARIA attributes should be properly implemented 

    Error: expect(received).toBeGreaterThan(expected)

    Expected: > 0
    Received:   0

      78 |     // Check for proper ARIA landmarks
      79 |     const landmarks = page.locator('[role="main"], [role="navigation"], [role="banner"], [role="contentinfo"], main, nav, header, footer');
    > 80 |     expect(await landmarks.count()).toBeGreaterThan(0);
         |                                     ^
      81 |
      82 |     // Check interactive elements have proper ARIA attributes
      83 |     const buttons = page.locator('button');
        at C:\Dev\Zo\sass-store\tests\e2e\accessibility.spec.ts:80:37

    attachment #1: screenshot (image/png) ──────────────────────────────────────────────────────────
    ..\..\test-results\accessibility-Accessibilit-99716-uld-be-properly-implemented-Mobile-Safari\test-failed-1.png
    ────────────────────────────────────────────────────────────────────────────────────────────────

    attachment #2: video (video/webm) ──────────────────────────────────────────────────────────────
    ..\..\test-results\accessibility-Accessibilit-99716-uld-be-properly-implemented-Mobile-Safari\video.webm
    ────────────────────────────────────────────────────────────────────────────────────────────────

    Error Context: ..\..\test-results\accessibility-Accessibilit-99716-uld-be-properly-implemented-Mobile-Safari\error-context.md
]]>
</failure>
<system-out>
<![CDATA[
[[ATTACHMENT|accessibility-Accessibilit-99716-uld-be-properly-implemented-Mobile-Safari\test-failed-1.png]]

[[ATTACHMENT|accessibility-Accessibilit-99716-uld-be-properly-implemented-Mobile-Safari\video.webm]]

[[ATTACHMENT|accessibility-Accessibilit-99716-uld-be-properly-implemented-Mobile-Safari\error-context.md]]
]]>
</system-out>
</testcase>
<testcase name="Accessibility Tests › Color contrast should meet WCAG requirements" classname="accessibility.spec.ts" time="1.24">
</testcase>
<testcase name="Accessibility Tests › Keyboard navigation should work throughout the app" classname="accessibility.spec.ts" time="1.149">
<failure message="accessibility.spec.ts:191:7 Keyboard navigation should work throughout the app" type="FAILURE">
<![CDATA[  [Mobile Safari] › accessibility.spec.ts:191:7 › Accessibility Tests › Keyboard navigation should work throughout the app 

    Error: expect(received).toBeGreaterThan(expected)

    Expected: > 0
    Received:   0

      195 |     let focusableElements = await page.locator('a, button, input, textarea, select, [tabindex]:not([tabindex="-1"])').all();
      196 |
    > 197 |     expect(focusableElements.length).toBeGreaterThan(0);
          |                                      ^
      198 |
      199 |     // Test Tab navigation
      200 |     await page.keyboard.press('Tab');
        at C:\Dev\Zo\sass-store\tests\e2e\accessibility.spec.ts:197:38

    attachment #1: screenshot (image/png) ──────────────────────────────────────────────────────────
    ..\..\test-results\accessibility-Accessibilit-c4f34-uld-work-throughout-the-app-Mobile-Safari\test-failed-1.png
    ────────────────────────────────────────────────────────────────────────────────────────────────

    attachment #2: video (video/webm) ──────────────────────────────────────────────────────────────
    ..\..\test-results\accessibility-Accessibilit-c4f34-uld-work-throughout-the-app-Mobile-Safari\video.webm
    ────────────────────────────────────────────────────────────────────────────────────────────────
]]>
</failure>
<system-out>
<![CDATA[
[[ATTACHMENT|accessibility-Accessibilit-c4f34-uld-work-throughout-the-app-Mobile-Safari\test-failed-1.png]]

[[ATTACHMENT|accessibility-Accessibilit-c4f34-uld-work-throughout-the-app-Mobile-Safari\video.webm]]
]]>
</system-out>
</testcase>
<testcase name="Accessibility Tests › Focus management should work correctly" classname="accessibility.spec.ts" time="16.459">
<failure message="accessibility.spec.ts:233:7 Focus management should work correctly" type="FAILURE">
<![CDATA[  [Mobile Safari] › accessibility.spec.ts:233:7 › Accessibility Tests › Focus management should work correctly 

    TimeoutError: page.click: Timeout 15000ms exceeded.
    Call log:
      - waiting for locator('body')
        - locator resolved to <body>…</body>
      - attempting click action
        2 × waiting for element to be visible, enabled and stable
          - element is not visible
        - retrying click action
        - waiting 20ms
        2 × waiting for element to be visible, enabled and stable
          - element is not visible
        - retrying click action
          - waiting 100ms
        20 × waiting for element to be visible, enabled and stable
           - element is not visible
         - retrying click action
           - waiting 500ms
        - waiting for element to be visible, enabled and stable


      261 |
      262 |     // Test that clicking outside elements doesn't break focus
    > 263 |     await page.click('body');
          |                ^
      264 |     await page.keyboard.press('Tab');
      265 |
      266 |     const newFocused = page.locator(':focus');
        at C:\Dev\Zo\sass-store\tests\e2e\accessibility.spec.ts:263:16

    attachment #1: screenshot (image/png) ──────────────────────────────────────────────────────────
    ..\..\test-results\accessibility-Accessibilit-ebd5e-ement-should-work-correctly-Mobile-Safari\test-failed-1.png
    ────────────────────────────────────────────────────────────────────────────────────────────────

    attachment #2: video (video/webm) ──────────────────────────────────────────────────────────────
    ..\..\test-results\accessibility-Accessibilit-ebd5e-ement-should-work-correctly-Mobile-Safari\video.webm
    ────────────────────────────────────────────────────────────────────────────────────────────────

    Error Context: ..\..\test-results\accessibility-Accessibilit-ebd5e-ement-should-work-correctly-Mobile-Safari\error-context.md
]]>
</failure>
<system-out>
<![CDATA[
[[ATTACHMENT|accessibility-Accessibilit-ebd5e-ement-should-work-correctly-Mobile-Safari\test-failed-1.png]]

[[ATTACHMENT|accessibility-Accessibilit-ebd5e-ement-should-work-correctly-Mobile-Safari\video.webm]]

[[ATTACHMENT|accessibility-Accessibilit-ebd5e-ement-should-work-correctly-Mobile-Safari\error-context.md]]
]]>
</system-out>
</testcase>
<testcase name="Accessibility Tests › Screen reader announcements should be present" classname="accessibility.spec.ts" time="1.208">
<failure message="accessibility.spec.ts:270:7 Screen reader announcements should be present" type="FAILURE">
<![CDATA[  [Mobile Safari] › accessibility.spec.ts:270:7 › Accessibility Tests › Screen reader announcements should be present 

    Error: expect(received).toBeGreaterThan(expected)

    Expected: > 0
    Received:   0

      273 |     // Check for live regions
      274 |     const liveRegions = page.locator('[aria-live], [role="status"], [role="alert"]');
    > 275 |     expect(await liveRegions.count()).toBeGreaterThan(0);
          |                                       ^
      276 |
      277 |     // Check for proper page title
      278 |     const title = await page.title();
        at C:\Dev\Zo\sass-store\tests\e2e\accessibility.spec.ts:275:39

    attachment #1: screenshot (image/png) ──────────────────────────────────────────────────────────
    ..\..\test-results\accessibility-Accessibilit-e9f41-uncements-should-be-present-Mobile-Safari\test-failed-1.png
    ────────────────────────────────────────────────────────────────────────────────────────────────

    attachment #2: video (video/webm) ──────────────────────────────────────────────────────────────
    ..\..\test-results\accessibility-Accessibilit-e9f41-uncements-should-be-present-Mobile-Safari\video.webm
    ────────────────────────────────────────────────────────────────────────────────────────────────

    Error Context: ..\..\test-results\accessibility-Accessibilit-e9f41-uncements-should-be-present-Mobile-Safari\error-context.md
]]>
</failure>
<system-out>
<![CDATA[
[[ATTACHMENT|accessibility-Accessibilit-e9f41-uncements-should-be-present-Mobile-Safari\test-failed-1.png]]

[[ATTACHMENT|accessibility-Accessibilit-e9f41-uncements-should-be-present-Mobile-Safari\video.webm]]

[[ATTACHMENT|accessibility-Accessibilit-e9f41-uncements-should-be-present-Mobile-Safari\error-context.md]]
]]>
</system-out>
</testcase>
</testsuite>
<testsuite name="auth\forgot-password.spec.ts" timestamp="2025-10-29T19:08:05.826Z" hostname="Mobile Safari" tests="20" failures="20" skipped="0" time="245.627" errors="0">
<testcase name="Forgot Password Flow › should display forgot password page correctly" classname="auth\forgot-password.spec.ts" time="8.635">
<failure message="forgot-password.spec.ts:7:7 should display forgot password page correctly" type="FAILURE">
<![CDATA[  [Mobile Safari] › auth\forgot-password.spec.ts:7:7 › Forgot Password Flow › should display forgot password page correctly 

    Error: expect(locator).toContainText(expected) failed

    Locator: locator('h2')
    Expected substring: "Recuperar Contraseña"
    Timeout: 5000ms
    Error: element(s) not found

    Call log:
      - Expect "toContainText" with timeout 5000ms
      - waiting for locator('h2')


       9 |
      10 |     // Check page elements
    > 11 |     await expect(page.locator("h2")).toContainText("Recuperar Contraseña");
         |                                      ^
      12 |     await expect(page.locator('input[type="email"]')).toBeVisible();
      13 |     await expect(page.locator('button[type="submit"]')).toBeVisible();
      14 |     await expect(page.locator('a[href*="login"]')).toBeVisible();
        at C:\Dev\Zo\sass-store\tests\e2e\auth\forgot-password.spec.ts:11:38

    attachment #1: screenshot (image/png) ──────────────────────────────────────────────────────────
    ..\..\test-results\auth-forgot-password-Forgo-b8109-got-password-page-correctly-Mobile-Safari\test-failed-1.png
    ────────────────────────────────────────────────────────────────────────────────────────────────

    attachment #2: video (video/webm) ──────────────────────────────────────────────────────────────
    ..\..\test-results\auth-forgot-password-Forgo-b8109-got-password-page-correctly-Mobile-Safari\video.webm
    ────────────────────────────────────────────────────────────────────────────────────────────────

    Error Context: ..\..\test-results\auth-forgot-password-Forgo-b8109-got-password-page-correctly-Mobile-Safari\error-context.md
]]>
</failure>
<system-out>
<![CDATA[
[[ATTACHMENT|auth-forgot-password-Forgo-b8109-got-password-page-correctly-Mobile-Safari\test-failed-1.png]]

[[ATTACHMENT|auth-forgot-password-Forgo-b8109-got-password-page-correctly-Mobile-Safari\video.webm]]

[[ATTACHMENT|auth-forgot-password-Forgo-b8109-got-password-page-correctly-Mobile-Safari\error-context.md]]
]]>
</system-out>
</testcase>
<testcase name="Forgot Password Flow › should show validation error for empty email" classname="auth\forgot-password.spec.ts" time="16.59">
<failure message="forgot-password.spec.ts:17:7 should show validation error for empty email" type="FAILURE">
<![CDATA[  [Mobile Safari] › auth\forgot-password.spec.ts:17:7 › Forgot Password Flow › should show validation error for empty email 

    TimeoutError: locator.click: Timeout 15000ms exceeded.
    Call log:
      - waiting for locator('button[type="submit"]')


      19 |
      20 |     // Try to submit without email
    > 21 |     await page.locator('button[type="submit"]').click();
         |                                                 ^
      22 |
      23 |     // HTML5 validation should prevent submission
      24 |     const emailInput = page.locator('input[type="email"]');
        at C:\Dev\Zo\sass-store\tests\e2e\auth\forgot-password.spec.ts:21:49

    attachment #1: screenshot (image/png) ──────────────────────────────────────────────────────────
    ..\..\test-results\auth-forgot-password-Forgo-92db9-ation-error-for-empty-email-Mobile-Safari\test-failed-1.png
    ────────────────────────────────────────────────────────────────────────────────────────────────

    attachment #2: video (video/webm) ──────────────────────────────────────────────────────────────
    ..\..\test-results\auth-forgot-password-Forgo-92db9-ation-error-for-empty-email-Mobile-Safari\video.webm
    ────────────────────────────────────────────────────────────────────────────────────────────────

    Error Context: ..\..\test-results\auth-forgot-password-Forgo-92db9-ation-error-for-empty-email-Mobile-Safari\error-context.md
]]>
</failure>
<system-out>
<![CDATA[
[[ATTACHMENT|auth-forgot-password-Forgo-92db9-ation-error-for-empty-email-Mobile-Safari\test-failed-1.png]]

[[ATTACHMENT|auth-forgot-password-Forgo-92db9-ation-error-for-empty-email-Mobile-Safari\video.webm]]

[[ATTACHMENT|auth-forgot-password-Forgo-92db9-ation-error-for-empty-email-Mobile-Safari\error-context.md]]
]]>
</system-out>
</testcase>
<testcase name="Forgot Password Flow › should show validation error for invalid email format" classname="auth\forgot-password.spec.ts" time="16.483">
<failure message="forgot-password.spec.ts:31:7 should show validation error for invalid email format" type="FAILURE">
<![CDATA[  [Mobile Safari] › auth\forgot-password.spec.ts:31:7 › Forgot Password Flow › should show validation error for invalid email format 

    TimeoutError: locator.fill: Timeout 15000ms exceeded.
    Call log:
      - waiting for locator('input[type="email"]')


      34 |     await page.goto("/t/wondernails/forgot-password");
      35 |
    > 36 |     await page.locator('input[type="email"]').fill("invalid-email");
         |                                               ^
      37 |     await page.locator('button[type="submit"]').click();
      38 |
      39 |     // HTML5 validation should prevent submission
        at C:\Dev\Zo\sass-store\tests\e2e\auth\forgot-password.spec.ts:36:47

    attachment #1: screenshot (image/png) ──────────────────────────────────────────────────────────
    ..\..\test-results\auth-forgot-password-Forgo-4688c-or-for-invalid-email-format-Mobile-Safari\test-failed-1.png
    ────────────────────────────────────────────────────────────────────────────────────────────────

    attachment #2: video (video/webm) ──────────────────────────────────────────────────────────────
    ..\..\test-results\auth-forgot-password-Forgo-4688c-or-for-invalid-email-format-Mobile-Safari\video.webm
    ────────────────────────────────────────────────────────────────────────────────────────────────

    Error Context: ..\..\test-results\auth-forgot-password-Forgo-4688c-or-for-invalid-email-format-Mobile-Safari\error-context.md
]]>
</failure>
<system-out>
<![CDATA[
[[ATTACHMENT|auth-forgot-password-Forgo-4688c-or-for-invalid-email-format-Mobile-Safari\test-failed-1.png]]

[[ATTACHMENT|auth-forgot-password-Forgo-4688c-or-for-invalid-email-format-Mobile-Safari\video.webm]]

[[ATTACHMENT|auth-forgot-password-Forgo-4688c-or-for-invalid-email-format-Mobile-Safari\error-context.md]]
]]>
</system-out>
</testcase>
<testcase name="Forgot Password Flow › should successfully submit forgot password request" classname="auth\forgot-password.spec.ts" time="16.839">
<failure message="forgot-password.spec.ts:47:7 should successfully submit forgot password request" type="FAILURE">
<![CDATA[  [Mobile Safari] › auth\forgot-password.spec.ts:47:7 › Forgot Password Flow › should successfully submit forgot password request 

    TimeoutError: locator.fill: Timeout 15000ms exceeded.
    Call log:
      - waiting for locator('input[type="email"]')


      50 |     await page.goto("/t/wondernails/forgot-password");
      51 |
    > 52 |     await page.locator('input[type="email"]').fill(testEmail);
         |                                               ^
      53 |     await page.locator('button[type="submit"]').click();
      54 |
      55 |     // Should show success message
        at C:\Dev\Zo\sass-store\tests\e2e\auth\forgot-password.spec.ts:52:47

    attachment #1: screenshot (image/png) ──────────────────────────────────────────────────────────
    ..\..\test-results\auth-forgot-password-Forgo-f80cd-mit-forgot-password-request-Mobile-Safari\test-failed-1.png
    ────────────────────────────────────────────────────────────────────────────────────────────────

    attachment #2: video (video/webm) ──────────────────────────────────────────────────────────────
    ..\..\test-results\auth-forgot-password-Forgo-f80cd-mit-forgot-password-request-Mobile-Safari\video.webm
    ────────────────────────────────────────────────────────────────────────────────────────────────

    Error Context: ..\..\test-results\auth-forgot-password-Forgo-f80cd-mit-forgot-password-request-Mobile-Safari\error-context.md
]]>
</failure>
<system-out>
<![CDATA[
[[ATTACHMENT|auth-forgot-password-Forgo-f80cd-mit-forgot-password-request-Mobile-Safari\test-failed-1.png]]

[[ATTACHMENT|auth-forgot-password-Forgo-f80cd-mit-forgot-password-request-Mobile-Safari\video.webm]]

[[ATTACHMENT|auth-forgot-password-Forgo-f80cd-mit-forgot-password-request-Mobile-Safari\error-context.md]]
]]>
</system-out>
</testcase>
<testcase name="Forgot Password Flow › should navigate back to login from forgot password" classname="auth\forgot-password.spec.ts" time="16.911">
<failure message="forgot-password.spec.ts:67:7 should navigate back to login from forgot password" type="FAILURE">
<![CDATA[  [Mobile Safari] › auth\forgot-password.spec.ts:67:7 › Forgot Password Flow › should navigate back to login from forgot password 

    TimeoutError: locator.click: Timeout 15000ms exceeded.
    Call log:
      - waiting for locator('a[href*="login"]').first()


      70 |     await page.goto("/t/wondernails/forgot-password");
      71 |
    > 72 |     await page.locator('a[href*="login"]').first().click();
         |                                                    ^
      73 |     await page.waitForURL("**/login");
      74 |
      75 |     expect(page.url()).toContain("/login");
        at C:\Dev\Zo\sass-store\tests\e2e\auth\forgot-password.spec.ts:72:52

    attachment #1: screenshot (image/png) ──────────────────────────────────────────────────────────
    ..\..\test-results\auth-forgot-password-Forgo-b9124--login-from-forgot-password-Mobile-Safari\test-failed-1.png
    ────────────────────────────────────────────────────────────────────────────────────────────────

    attachment #2: video (video/webm) ──────────────────────────────────────────────────────────────
    ..\..\test-results\auth-forgot-password-Forgo-b9124--login-from-forgot-password-Mobile-Safari\video.webm
    ────────────────────────────────────────────────────────────────────────────────────────────────

    Error Context: ..\..\test-results\auth-forgot-password-Forgo-b9124--login-from-forgot-password-Mobile-Safari\error-context.md
]]>
</failure>
<system-out>
<![CDATA[
[[ATTACHMENT|auth-forgot-password-Forgo-b9124--login-from-forgot-password-Mobile-Safari\test-failed-1.png]]

[[ATTACHMENT|auth-forgot-password-Forgo-b9124--login-from-forgot-password-Mobile-Safari\video.webm]]

[[ATTACHMENT|auth-forgot-password-Forgo-b9124--login-from-forgot-password-Mobile-Safari\error-context.md]]
]]>
</system-out>
</testcase>
<testcase name="Forgot Password Flow › should display forgot password link on login page" classname="auth\forgot-password.spec.ts" time="6.831">
<failure message="forgot-password.spec.ts:78:7 should display forgot password link on login page" type="FAILURE">
<![CDATA[  [Mobile Safari] › auth\forgot-password.spec.ts:78:7 › Forgot Password Flow › should display forgot password link on login page 

    Error: expect(locator).toBeVisible() failed

    Locator: locator('a[href*="forgot-password"]').first()
    Expected: visible
    Timeout: 5000ms
    Error: element(s) not found

    Call log:
      - Expect "toBeVisible" with timeout 5000ms
      - waiting for locator('a[href*="forgot-password"]').first()


      84 |       .locator('a[href*="forgot-password"]')
      85 |       .first();
    > 86 |     await expect(forgotPasswordLink).toBeVisible();
         |                                      ^
      87 |     await expect(forgotPasswordLink).toContainText("Olvidaste");
      88 |   });
      89 |
        at C:\Dev\Zo\sass-store\tests\e2e\auth\forgot-password.spec.ts:86:38

    attachment #1: screenshot (image/png) ──────────────────────────────────────────────────────────
    ..\..\test-results\auth-forgot-password-Forgo-1e77d-password-link-on-login-page-Mobile-Safari\test-failed-1.png
    ────────────────────────────────────────────────────────────────────────────────────────────────

    attachment #2: video (video/webm) ──────────────────────────────────────────────────────────────
    ..\..\test-results\auth-forgot-password-Forgo-1e77d-password-link-on-login-page-Mobile-Safari\video.webm
    ────────────────────────────────────────────────────────────────────────────────────────────────

    Error Context: ..\..\test-results\auth-forgot-password-Forgo-1e77d-password-link-on-login-page-Mobile-Safari\error-context.md
]]>
</failure>
<system-out>
<![CDATA[
[[ATTACHMENT|auth-forgot-password-Forgo-1e77d-password-link-on-login-page-Mobile-Safari\test-failed-1.png]]

[[ATTACHMENT|auth-forgot-password-Forgo-1e77d-password-link-on-login-page-Mobile-Safari\video.webm]]

[[ATTACHMENT|auth-forgot-password-Forgo-1e77d-password-link-on-login-page-Mobile-Safari\error-context.md]]
]]>
</system-out>
</testcase>
<testcase name="Forgot Password Flow › should navigate from login to forgot password" classname="auth\forgot-password.spec.ts" time="16.916">
<failure message="forgot-password.spec.ts:90:7 should navigate from login to forgot password" type="FAILURE">
<![CDATA[  [Mobile Safari] › auth\forgot-password.spec.ts:90:7 › Forgot Password Flow › should navigate from login to forgot password 

    TimeoutError: locator.click: Timeout 15000ms exceeded.
    Call log:
      - waiting for locator('a[href*="forgot-password"]').first()


      91 |     await page.goto("/t/wondernails/login");
      92 |
    > 93 |     await page.locator('a[href*="forgot-password"]').first().click();
         |                                                              ^
      94 |     await page.waitForURL("**/forgot-password");
      95 |
      96 |     expect(page.url()).toContain("/forgot-password");
        at C:\Dev\Zo\sass-store\tests\e2e\auth\forgot-password.spec.ts:93:62

    attachment #1: screenshot (image/png) ──────────────────────────────────────────────────────────
    ..\..\test-results\auth-forgot-password-Forgo-a79f0-om-login-to-forgot-password-Mobile-Safari\test-failed-1.png
    ────────────────────────────────────────────────────────────────────────────────────────────────

    attachment #2: video (video/webm) ──────────────────────────────────────────────────────────────
    ..\..\test-results\auth-forgot-password-Forgo-a79f0-om-login-to-forgot-password-Mobile-Safari\video.webm
    ────────────────────────────────────────────────────────────────────────────────────────────────

    Error Context: ..\..\test-results\auth-forgot-password-Forgo-a79f0-om-login-to-forgot-password-Mobile-Safari\error-context.md
]]>
</failure>
<system-out>
<![CDATA[
[[ATTACHMENT|auth-forgot-password-Forgo-a79f0-om-login-to-forgot-password-Mobile-Safari\test-failed-1.png]]

[[ATTACHMENT|auth-forgot-password-Forgo-a79f0-om-login-to-forgot-password-Mobile-Safari\video.webm]]

[[ATTACHMENT|auth-forgot-password-Forgo-a79f0-om-login-to-forgot-password-Mobile-Safari\error-context.md]]
]]>
</system-out>
</testcase>
<testcase name="Reset Password Flow › should display error for missing token" classname="auth\forgot-password.spec.ts" time="8.84">
<failure message="forgot-password.spec.ts:105:7 should display error for missing token" type="FAILURE">
<![CDATA[  [Mobile Safari] › auth\forgot-password.spec.ts:105:7 › Reset Password Flow › should display error for missing token 

    Error: expect(locator).toBeVisible() failed

    Locator: locator('text=Token de recuperación no válido')
    Expected: visible
    Timeout: 5000ms
    Error: element(s) not found

    Call log:
      - Expect "toBeVisible" with timeout 5000ms
      - waiting for locator('text=Token de recuperación no válido')


      108 |     await expect(
      109 |       page.locator("text=Token de recuperación no válido")
    > 110 |     ).toBeVisible();
          |       ^
      111 |     await expect(page.locator('a[href*="forgot-password"]')).toBeVisible();
      112 |   });
      113 |
        at C:\Dev\Zo\sass-store\tests\e2e\auth\forgot-password.spec.ts:110:7

    attachment #1: screenshot (image/png) ──────────────────────────────────────────────────────────
    ..\..\test-results\auth-forgot-password-Reset-35322-lay-error-for-missing-token-Mobile-Safari\test-failed-1.png
    ────────────────────────────────────────────────────────────────────────────────────────────────

    attachment #2: video (video/webm) ──────────────────────────────────────────────────────────────
    ..\..\test-results\auth-forgot-password-Reset-35322-lay-error-for-missing-token-Mobile-Safari\video.webm
    ────────────────────────────────────────────────────────────────────────────────────────────────

    Error Context: ..\..\test-results\auth-forgot-password-Reset-35322-lay-error-for-missing-token-Mobile-Safari\error-context.md
]]>
</failure>
<system-out>
<![CDATA[
[[ATTACHMENT|auth-forgot-password-Reset-35322-lay-error-for-missing-token-Mobile-Safari\test-failed-1.png]]

[[ATTACHMENT|auth-forgot-password-Reset-35322-lay-error-for-missing-token-Mobile-Safari\video.webm]]

[[ATTACHMENT|auth-forgot-password-Reset-35322-lay-error-for-missing-token-Mobile-Safari\error-context.md]]
]]>
</system-out>
</testcase>
<testcase name="Reset Password Flow › should display error for invalid token" classname="auth\forgot-password.spec.ts" time="6.607">
<failure message="forgot-password.spec.ts:114:7 should display error for invalid token" type="FAILURE">
<![CDATA[  [Mobile Safari] › auth\forgot-password.spec.ts:114:7 › Reset Password Flow › should display error for invalid token 

    Error: expect(locator).toContainText(expected) failed

    Locator: locator('h2')
    Expected substring: "Restablecer Contraseña"
    Timeout: 5000ms
    Error: element(s) not found

    Call log:
      - Expect "toContainText" with timeout 5000ms
      - waiting for locator('h2')


      116 |
      117 |     // Page should load
    > 118 |     await expect(page.locator("h2")).toContainText("Restablecer Contraseña");
          |                                      ^
      119 |   });
      120 |
      121 |   test("should display reset password form with valid token", async ({
        at C:\Dev\Zo\sass-store\tests\e2e\auth\forgot-password.spec.ts:118:38

    attachment #1: screenshot (image/png) ──────────────────────────────────────────────────────────
    ..\..\test-results\auth-forgot-password-Reset-215d8-lay-error-for-invalid-token-Mobile-Safari\test-failed-1.png
    ────────────────────────────────────────────────────────────────────────────────────────────────

    attachment #2: video (video/webm) ──────────────────────────────────────────────────────────────
    ..\..\test-results\auth-forgot-password-Reset-215d8-lay-error-for-invalid-token-Mobile-Safari\video.webm
    ────────────────────────────────────────────────────────────────────────────────────────────────

    Error Context: ..\..\test-results\auth-forgot-password-Reset-215d8-lay-error-for-invalid-token-Mobile-Safari\error-context.md
]]>
</failure>
<system-out>
<![CDATA[
[[ATTACHMENT|auth-forgot-password-Reset-215d8-lay-error-for-invalid-token-Mobile-Safari\test-failed-1.png]]

[[ATTACHMENT|auth-forgot-password-Reset-215d8-lay-error-for-invalid-token-Mobile-Safari\video.webm]]

[[ATTACHMENT|auth-forgot-password-Reset-215d8-lay-error-for-invalid-token-Mobile-Safari\error-context.md]]
]]>
</system-out>
</testcase>
<testcase name="Reset Password Flow › should display reset password form with valid token" classname="auth\forgot-password.spec.ts" time="6.334">
<failure message="forgot-password.spec.ts:121:7 should display reset password form with valid token" type="FAILURE">
<![CDATA[  [Mobile Safari] › auth\forgot-password.spec.ts:121:7 › Reset Password Flow › should display reset password form with valid token 

    Error: expect(locator).toContainText(expected) failed

    Locator: locator('h2')
    Expected substring: "Restablecer Contraseña"
    Timeout: 5000ms
    Error: element(s) not found

    Call log:
      - Expect "toContainText" with timeout 5000ms
      - waiting for locator('h2')


      125 |
      126 |     // Check form elements
    > 127 |     await expect(page.locator("h2")).toContainText("Restablecer Contraseña");
          |                                      ^
      128 |     await expect(page.locator('input[name="password"]')).toBeVisible();
      129 |     await expect(page.locator('input[name="confirmPassword"]')).toBeVisible();
      130 |     await expect(page.locator('button[type="submit"]')).toBeVisible();
        at C:\Dev\Zo\sass-store\tests\e2e\auth\forgot-password.spec.ts:127:38

    attachment #1: screenshot (image/png) ──────────────────────────────────────────────────────────
    ..\..\test-results\auth-forgot-password-Reset-c9a62-sword-form-with-valid-token-Mobile-Safari\test-failed-1.png
    ────────────────────────────────────────────────────────────────────────────────────────────────

    attachment #2: video (video/webm) ──────────────────────────────────────────────────────────────
    ..\..\test-results\auth-forgot-password-Reset-c9a62-sword-form-with-valid-token-Mobile-Safari\video.webm
    ────────────────────────────────────────────────────────────────────────────────────────────────

    Error Context: ..\..\test-results\auth-forgot-password-Reset-c9a62-sword-form-with-valid-token-Mobile-Safari\error-context.md
]]>
</failure>
<system-out>
<![CDATA[
[[ATTACHMENT|auth-forgot-password-Reset-c9a62-sword-form-with-valid-token-Mobile-Safari\test-failed-1.png]]

[[ATTACHMENT|auth-forgot-password-Reset-c9a62-sword-form-with-valid-token-Mobile-Safari\video.webm]]

[[ATTACHMENT|auth-forgot-password-Reset-c9a62-sword-form-with-valid-token-Mobile-Safari\error-context.md]]
]]>
</system-out>
</testcase>
<testcase name="Reset Password Flow › should toggle password visibility" classname="auth\forgot-password.spec.ts" time="6.448">
<failure message="forgot-password.spec.ts:133:7 should toggle password visibility" type="FAILURE">
<![CDATA[  [Mobile Safari] › auth\forgot-password.spec.ts:133:7 › Reset Password Flow › should toggle password visibility 

    Error: expect(locator).toHaveAttribute(expected) failed

    Locator: locator('input[name="password"]')
    Expected: "password"
    Timeout: 5000ms
    Error: element(s) not found

    Call log:
      - Expect "toHaveAttribute" with timeout 5000ms
      - waiting for locator('input[name="password"]')


      140 |
      141 |     // Initially should be password type
    > 142 |     await expect(passwordInput).toHaveAttribute("type", "password");
          |                                 ^
      143 |
      144 |     // Click toggle
      145 |     await toggleButton.click();
        at C:\Dev\Zo\sass-store\tests\e2e\auth\forgot-password.spec.ts:142:33

    attachment #1: screenshot (image/png) ──────────────────────────────────────────────────────────
    ..\..\test-results\auth-forgot-password-Reset-cd96a--toggle-password-visibility-Mobile-Safari\test-failed-1.png
    ────────────────────────────────────────────────────────────────────────────────────────────────

    attachment #2: video (video/webm) ──────────────────────────────────────────────────────────────
    ..\..\test-results\auth-forgot-password-Reset-cd96a--toggle-password-visibility-Mobile-Safari\video.webm
    ────────────────────────────────────────────────────────────────────────────────────────────────

    Error Context: ..\..\test-results\auth-forgot-password-Reset-cd96a--toggle-password-visibility-Mobile-Safari\error-context.md
]]>
</failure>
<system-out>
<![CDATA[
[[ATTACHMENT|auth-forgot-password-Reset-cd96a--toggle-password-visibility-Mobile-Safari\test-failed-1.png]]

[[ATTACHMENT|auth-forgot-password-Reset-cd96a--toggle-password-visibility-Mobile-Safari\video.webm]]

[[ATTACHMENT|auth-forgot-password-Reset-cd96a--toggle-password-visibility-Mobile-Safari\error-context.md]]
]]>
</system-out>
</testcase>
<testcase name="Reset Password Flow › should show error when passwords do not match" classname="auth\forgot-password.spec.ts" time="16.404">
<failure message="forgot-password.spec.ts:155:7 should show error when passwords do not match" type="FAILURE">
<![CDATA[  [Mobile Safari] › auth\forgot-password.spec.ts:155:7 › Reset Password Flow › should show error when passwords do not match 

    TimeoutError: locator.fill: Timeout 15000ms exceeded.
    Call log:
      - waiting for locator('input[name="password"]')


      156 |     await page.goto(`/t/wondernails/reset-password?token=${validToken}`);
      157 |
    > 158 |     await page.locator('input[name="password"]').fill("Password123!");
          |                                                  ^
      159 |     await page
      160 |       .locator('input[name="confirmPassword"]')
      161 |       .fill("DifferentPassword123!");
        at C:\Dev\Zo\sass-store\tests\e2e\auth\forgot-password.spec.ts:158:50

    attachment #1: screenshot (image/png) ──────────────────────────────────────────────────────────
    ..\..\test-results\auth-forgot-password-Reset-b63d7-when-passwords-do-not-match-Mobile-Safari\test-failed-1.png
    ────────────────────────────────────────────────────────────────────────────────────────────────

    attachment #2: video (video/webm) ──────────────────────────────────────────────────────────────
    ..\..\test-results\auth-forgot-password-Reset-b63d7-when-passwords-do-not-match-Mobile-Safari\video.webm
    ────────────────────────────────────────────────────────────────────────────────────────────────

    Error Context: ..\..\test-results\auth-forgot-password-Reset-b63d7-when-passwords-do-not-match-Mobile-Safari\error-context.md
]]>
</failure>
<system-out>
<![CDATA[
[[ATTACHMENT|auth-forgot-password-Reset-b63d7-when-passwords-do-not-match-Mobile-Safari\test-failed-1.png]]

[[ATTACHMENT|auth-forgot-password-Reset-b63d7-when-passwords-do-not-match-Mobile-Safari\video.webm]]

[[ATTACHMENT|auth-forgot-password-Reset-b63d7-when-passwords-do-not-match-Mobile-Safari\error-context.md]]
]]>
</system-out>
</testcase>
<testcase name="Reset Password Flow › should show error for password less than 8 characters" classname="auth\forgot-password.spec.ts" time="16.297">
<failure message="forgot-password.spec.ts:168:7 should show error for password less than 8 characters" type="FAILURE">
<![CDATA[  [Mobile Safari] › auth\forgot-password.spec.ts:168:7 › Reset Password Flow › should show error for password less than 8 characters 

    TimeoutError: locator.fill: Timeout 15000ms exceeded.
    Call log:
      - waiting for locator('input[name="password"]')


      172 |
      173 |     const shortPassword = "Pass1!";
    > 174 |     await page.locator('input[name="password"]').fill(shortPassword);
          |                                                  ^
      175 |     await page.locator('input[name="confirmPassword"]').fill(shortPassword);
      176 |     await page.locator('button[type="submit"]').click();
      177 |
        at C:\Dev\Zo\sass-store\tests\e2e\auth\forgot-password.spec.ts:174:50

    attachment #1: screenshot (image/png) ──────────────────────────────────────────────────────────
    ..\..\test-results\auth-forgot-password-Reset-0f315-word-less-than-8-characters-Mobile-Safari\test-failed-1.png
    ────────────────────────────────────────────────────────────────────────────────────────────────

    attachment #2: video (video/webm) ──────────────────────────────────────────────────────────────
    ..\..\test-results\auth-forgot-password-Reset-0f315-word-less-than-8-characters-Mobile-Safari\video.webm
    ────────────────────────────────────────────────────────────────────────────────────────────────

    Error Context: ..\..\test-results\auth-forgot-password-Reset-0f315-word-less-than-8-characters-Mobile-Safari\error-context.md
]]>
</failure>
<system-out>
<![CDATA[
[[ATTACHMENT|auth-forgot-password-Reset-0f315-word-less-than-8-characters-Mobile-Safari\test-failed-1.png]]

[[ATTACHMENT|auth-forgot-password-Reset-0f315-word-less-than-8-characters-Mobile-Safari\video.webm]]

[[ATTACHMENT|auth-forgot-password-Reset-0f315-word-less-than-8-characters-Mobile-Safari\error-context.md]]
]]>
</system-out>
</testcase>
<testcase name="Reset Password Flow › should show loading state when submitting" classname="auth\forgot-password.spec.ts" time="16.499">
<failure message="forgot-password.spec.ts:182:7 should show loading state when submitting" type="FAILURE">
<![CDATA[  [Mobile Safari] › auth\forgot-password.spec.ts:182:7 › Reset Password Flow › should show loading state when submitting 

    TimeoutError: locator.fill: Timeout 15000ms exceeded.
    Call log:
      - waiting for locator('input[name="password"]')


      183 |     await page.goto(`/t/wondernails/reset-password?token=${validToken}`);
      184 |
    > 185 |     await page.locator('input[name="password"]').fill(newPassword);
          |                                                  ^
      186 |     await page.locator('input[name="confirmPassword"]').fill(newPassword);
      187 |
      188 |     const submitButton = page.locator('button[type="submit"]');
        at C:\Dev\Zo\sass-store\tests\e2e\auth\forgot-password.spec.ts:185:50

    attachment #1: screenshot (image/png) ──────────────────────────────────────────────────────────
    ..\..\test-results\auth-forgot-password-Reset-6acec-ading-state-when-submitting-Mobile-Safari\test-failed-1.png
    ────────────────────────────────────────────────────────────────────────────────────────────────

    attachment #2: video (video/webm) ──────────────────────────────────────────────────────────────
    ..\..\test-results\auth-forgot-password-Reset-6acec-ading-state-when-submitting-Mobile-Safari\video.webm
    ────────────────────────────────────────────────────────────────────────────────────────────────

    Error Context: ..\..\test-results\auth-forgot-password-Reset-6acec-ading-state-when-submitting-Mobile-Safari\error-context.md
]]>
</failure>
<system-out>
<![CDATA[
[[ATTACHMENT|auth-forgot-password-Reset-6acec-ading-state-when-submitting-Mobile-Safari\test-failed-1.png]]

[[ATTACHMENT|auth-forgot-password-Reset-6acec-ading-state-when-submitting-Mobile-Safari\video.webm]]

[[ATTACHMENT|auth-forgot-password-Reset-6acec-ading-state-when-submitting-Mobile-Safari\error-context.md]]
]]>
</system-out>
</testcase>
<testcase name="Reset Password Flow › should navigate back to login from reset password" classname="auth\forgot-password.spec.ts" time="16.503">
<failure message="forgot-password.spec.ts:197:7 should navigate back to login from reset password" type="FAILURE">
<![CDATA[  [Mobile Safari] › auth\forgot-password.spec.ts:197:7 › Reset Password Flow › should navigate back to login from reset password 

    TimeoutError: locator.click: Timeout 15000ms exceeded.
    Call log:
      - waiting for locator('a[href*="login"]').first()


      200 |     await page.goto(`/t/wondernails/reset-password?token=${validToken}`);
      201 |
    > 202 |     await page.locator('a[href*="login"]').first().click();
          |                                                    ^
      203 |     await page.waitForURL("**/login");
      204 |
      205 |     expect(page.url()).toContain("/login");
        at C:\Dev\Zo\sass-store\tests\e2e\auth\forgot-password.spec.ts:202:52

    attachment #1: screenshot (image/png) ──────────────────────────────────────────────────────────
    ..\..\test-results\auth-forgot-password-Reset-39fa9-o-login-from-reset-password-Mobile-Safari\test-failed-1.png
    ────────────────────────────────────────────────────────────────────────────────────────────────

    attachment #2: video (video/webm) ──────────────────────────────────────────────────────────────
    ..\..\test-results\auth-forgot-password-Reset-39fa9-o-login-from-reset-password-Mobile-Safari\video.webm
    ────────────────────────────────────────────────────────────────────────────────────────────────

    Error Context: ..\..\test-results\auth-forgot-password-Reset-39fa9-o-login-from-reset-password-Mobile-Safari\error-context.md
]]>
</failure>
<system-out>
<![CDATA[
[[ATTACHMENT|auth-forgot-password-Reset-39fa9-o-login-from-reset-password-Mobile-Safari\test-failed-1.png]]

[[ATTACHMENT|auth-forgot-password-Reset-39fa9-o-login-from-reset-password-Mobile-Safari\video.webm]]

[[ATTACHMENT|auth-forgot-password-Reset-39fa9-o-login-from-reset-password-Mobile-Safari\error-context.md]]
]]>
</system-out>
</testcase>
<testcase name="Reset Password Flow › should have proper form accessibility" classname="auth\forgot-password.spec.ts" time="6.539">
<failure message="forgot-password.spec.ts:208:7 should have proper form accessibility" type="FAILURE">
<![CDATA[  [Mobile Safari] › auth\forgot-password.spec.ts:208:7 › Reset Password Flow › should have proper form accessibility 

    Error: expect(locator).toBeVisible() failed

    Locator: locator('label[for="password"]')
    Expected: visible
    Timeout: 5000ms
    Error: element(s) not found

    Call log:
      - Expect "toBeVisible" with timeout 5000ms
      - waiting for locator('label[for="password"]')


      213 |     const confirmLabel = page.locator('label[for="confirmPassword"]');
      214 |
    > 215 |     await expect(passwordLabel).toBeVisible();
          |                                 ^
      216 |     await expect(confirmLabel).toBeVisible();
      217 |
      218 |     // Check required attributes
        at C:\Dev\Zo\sass-store\tests\e2e\auth\forgot-password.spec.ts:215:33

    attachment #1: screenshot (image/png) ──────────────────────────────────────────────────────────
    ..\..\test-results\auth-forgot-password-Reset-23b15-e-proper-form-accessibility-Mobile-Safari\test-failed-1.png
    ────────────────────────────────────────────────────────────────────────────────────────────────

    attachment #2: video (video/webm) ──────────────────────────────────────────────────────────────
    ..\..\test-results\auth-forgot-password-Reset-23b15-e-proper-form-accessibility-Mobile-Safari\video.webm
    ────────────────────────────────────────────────────────────────────────────────────────────────

    Error Context: ..\..\test-results\auth-forgot-password-Reset-23b15-e-proper-form-accessibility-Mobile-Safari\error-context.md
]]>
</failure>
<system-out>
<![CDATA[
[[ATTACHMENT|auth-forgot-password-Reset-23b15-e-proper-form-accessibility-Mobile-Safari\test-failed-1.png]]

[[ATTACHMENT|auth-forgot-password-Reset-23b15-e-proper-form-accessibility-Mobile-Safari\video.webm]]

[[ATTACHMENT|auth-forgot-password-Reset-23b15-e-proper-form-accessibility-Mobile-Safari\error-context.md]]
]]>
</system-out>
</testcase>
<testcase name="Reset Password Flow › should handle keyboard navigation" classname="auth\forgot-password.spec.ts" time="6.641">
<failure message="forgot-password.spec.ts:229:7 should handle keyboard navigation" type="FAILURE">
<![CDATA[  [Mobile Safari] › auth\forgot-password.spec.ts:229:7 › Reset Password Flow › should handle keyboard navigation 

    Error: expect(locator).toBeFocused() failed

    Locator: locator('input[name="password"]')
    Expected: focused
    Timeout: 5000ms
    Error: element(s) not found

    Call log:
      - Expect "toBeFocused" with timeout 5000ms
      - waiting for locator('input[name="password"]')


      233 |     await page.keyboard.press("Tab");
      234 |     const firstInput = page.locator('input[name="password"]');
    > 235 |     await expect(firstInput).toBeFocused();
          |                              ^
      236 |
      237 |     await page.keyboard.press("Tab");
      238 |     // Should skip the toggle button or move to next input
        at C:\Dev\Zo\sass-store\tests\e2e\auth\forgot-password.spec.ts:235:30

    attachment #1: screenshot (image/png) ──────────────────────────────────────────────────────────
    ..\..\test-results\auth-forgot-password-Reset-08ef7--handle-keyboard-navigation-Mobile-Safari\test-failed-1.png
    ────────────────────────────────────────────────────────────────────────────────────────────────

    attachment #2: video (video/webm) ──────────────────────────────────────────────────────────────
    ..\..\test-results\auth-forgot-password-Reset-08ef7--handle-keyboard-navigation-Mobile-Safari\video.webm
    ────────────────────────────────────────────────────────────────────────────────────────────────

    Error Context: ..\..\test-results\auth-forgot-password-Reset-08ef7--handle-keyboard-navigation-Mobile-Safari\error-context.md
]]>
</failure>
<system-out>
<![CDATA[
[[ATTACHMENT|auth-forgot-password-Reset-08ef7--handle-keyboard-navigation-Mobile-Safari\test-failed-1.png]]

[[ATTACHMENT|auth-forgot-password-Reset-08ef7--handle-keyboard-navigation-Mobile-Safari\video.webm]]

[[ATTACHMENT|auth-forgot-password-Reset-08ef7--handle-keyboard-navigation-Mobile-Safari\error-context.md]]
]]>
</system-out>
</testcase>
<testcase name="Forgot Password - Multiple Tenants › should work correctly for all tenants" classname="auth\forgot-password.spec.ts" time="6.58">
<failure message="forgot-password.spec.ts:249:7 should work correctly for all tenants" type="FAILURE">
<![CDATA[  [Mobile Safari] › auth\forgot-password.spec.ts:249:7 › Forgot Password - Multiple Tenants › should work correctly for all tenants 

    Error: expect(locator).toContainText(expected) failed

    Locator: locator('h2')
    Expected substring: "Recuperar"
    Timeout: 5000ms
    Error: element(s) not found

    Call log:
      - Expect "toContainText" with timeout 5000ms
      - waiting for locator('h2')


      252 |
      253 |       // Page should load
    > 254 |       await expect(page.locator("h2")).toContainText("Recuperar");
          |                                        ^
      255 |       await expect(page.locator('input[type="email"]')).toBeVisible();
      256 |
      257 |       // Check back link is tenant-specific
        at C:\Dev\Zo\sass-store\tests\e2e\auth\forgot-password.spec.ts:254:40

    attachment #1: screenshot (image/png) ──────────────────────────────────────────────────────────
    ..\..\test-results\auth-forgot-password-Forgo-d2517-k-correctly-for-all-tenants-Mobile-Safari\test-failed-1.png
    ────────────────────────────────────────────────────────────────────────────────────────────────

    attachment #2: video (video/webm) ──────────────────────────────────────────────────────────────
    ..\..\test-results\auth-forgot-password-Forgo-d2517-k-correctly-for-all-tenants-Mobile-Safari\video.webm
    ────────────────────────────────────────────────────────────────────────────────────────────────

    Error Context: ..\..\test-results\auth-forgot-password-Forgo-d2517-k-correctly-for-all-tenants-Mobile-Safari\error-context.md
]]>
</failure>
<system-out>
<![CDATA[
[[ATTACHMENT|auth-forgot-password-Forgo-d2517-k-correctly-for-all-tenants-Mobile-Safari\test-failed-1.png]]

[[ATTACHMENT|auth-forgot-password-Forgo-d2517-k-correctly-for-all-tenants-Mobile-Safari\video.webm]]

[[ATTACHMENT|auth-forgot-password-Forgo-d2517-k-correctly-for-all-tenants-Mobile-Safari\error-context.md]]
]]>
</system-out>
</testcase>
<testcase name="Forgot Password - Error Handling › should handle network errors gracefully" classname="auth\forgot-password.spec.ts" time="16.307">
<failure message="forgot-password.spec.ts:265:7 should handle network errors gracefully" type="FAILURE">
<![CDATA[  [Mobile Safari] › auth\forgot-password.spec.ts:265:7 › Forgot Password - Error Handling › should handle network errors gracefully 

    TimeoutError: locator.fill: Timeout 15000ms exceeded.
    Call log:
      - waiting for locator('input[type="email"]')


      271 |     });
      272 |
    > 273 |     await page.locator('input[type="email"]').fill("test@example.com");
          |                                               ^
      274 |     await page.locator('button[type="submit"]').click();
      275 |
      276 |     // Should show error message
        at C:\Dev\Zo\sass-store\tests\e2e\auth\forgot-password.spec.ts:273:47

    attachment #1: screenshot (image/png) ──────────────────────────────────────────────────────────
    ..\..\test-results\auth-forgot-password-Forgo-07702-e-network-errors-gracefully-Mobile-Safari\test-failed-1.png
    ────────────────────────────────────────────────────────────────────────────────────────────────

    attachment #2: video (video/webm) ──────────────────────────────────────────────────────────────
    ..\..\test-results\auth-forgot-password-Forgo-07702-e-network-errors-gracefully-Mobile-Safari\video.webm
    ────────────────────────────────────────────────────────────────────────────────────────────────

    Error Context: ..\..\test-results\auth-forgot-password-Forgo-07702-e-network-errors-gracefully-Mobile-Safari\error-context.md
]]>
</failure>
<system-out>
<![CDATA[
[[ATTACHMENT|auth-forgot-password-Forgo-07702-e-network-errors-gracefully-Mobile-Safari\test-failed-1.png]]

[[ATTACHMENT|auth-forgot-password-Forgo-07702-e-network-errors-gracefully-Mobile-Safari\video.webm]]

[[ATTACHMENT|auth-forgot-password-Forgo-07702-e-network-errors-gracefully-Mobile-Safari\error-context.md]]
]]>
</system-out>
</testcase>
<testcase name="Forgot Password - Error Handling › should handle API error responses" classname="auth\forgot-password.spec.ts" time="16.423">
<failure message="forgot-password.spec.ts:280:7 should handle API error responses" type="FAILURE">
<![CDATA[  [Mobile Safari] › auth\forgot-password.spec.ts:280:7 › Forgot Password - Error Handling › should handle API error responses 

    TimeoutError: locator.fill: Timeout 15000ms exceeded.
    Call log:
      - waiting for locator('input[type="email"]')


      290 |     });
      291 |
    > 292 |     await page.locator('input[type="email"]').fill("test@example.com");
          |                                               ^
      293 |     await page.locator('button[type="submit"]').click();
      294 |
      295 |     // Should show error message
        at C:\Dev\Zo\sass-store\tests\e2e\auth\forgot-password.spec.ts:292:47

    attachment #1: screenshot (image/png) ──────────────────────────────────────────────────────────
    ..\..\test-results\auth-forgot-password-Forgo-a55b7--handle-API-error-responses-Mobile-Safari\test-failed-1.png
    ────────────────────────────────────────────────────────────────────────────────────────────────

    attachment #2: video (video/webm) ──────────────────────────────────────────────────────────────
    ..\..\test-results\auth-forgot-password-Forgo-a55b7--handle-API-error-responses-Mobile-Safari\video.webm
    ────────────────────────────────────────────────────────────────────────────────────────────────

    Error Context: ..\..\test-results\auth-forgot-password-Forgo-a55b7--handle-API-error-responses-Mobile-Safari\error-context.md
]]>
</failure>
<system-out>
<![CDATA[
[[ATTACHMENT|auth-forgot-password-Forgo-a55b7--handle-API-error-responses-Mobile-Safari\test-failed-1.png]]

[[ATTACHMENT|auth-forgot-password-Forgo-a55b7--handle-API-error-responses-Mobile-Safari\video.webm]]

[[ATTACHMENT|auth-forgot-password-Forgo-a55b7--handle-API-error-responses-Mobile-Safari\error-context.md]]
]]>
</system-out>
</testcase>
</testsuite>
<testsuite name="auth\register.spec.ts" timestamp="2025-10-29T19:08:05.826Z" hostname="Mobile Safari" tests="14" failures="14" skipped="0" time="93.226" errors="0">
<testcase name="User Registration Flow › should successfully register a new user" classname="auth\register.spec.ts" time="7.856">
<failure message="register.spec.ts:19:7 should successfully register a new user" type="FAILURE">
<![CDATA[  [Mobile Safari] › auth\register.spec.ts:19:7 › User Registration Flow › should successfully register a new user 

    Error: expect(locator).toContainText(expected) failed

    Locator: locator('h2')
    Expected substring: "Wonder Nails Studio"
    Timeout: 5000ms
    Error: element(s) not found

    Call log:
      - Expect "toContainText" with timeout 5000ms
      - waiting for locator('h2')


      13 |     // Navigate to Wonder Nails registration page
      14 |     await page.goto("/t/wondernails/register");
    > 15 |     await expect(page.locator("h2")).toContainText("Wonder Nails Studio");
         |                                      ^
      16 |     await expect(page.locator("text=Crea tu cuenta")).toBeVisible();
      17 |   });
      18 |
        at C:\Dev\Zo\sass-store\tests\e2e\auth\register.spec.ts:15:38

    attachment #1: screenshot (image/png) ──────────────────────────────────────────────────────────
    ..\..\test-results\auth-register-User-Registr-fd562-ssfully-register-a-new-user-Mobile-Safari\test-failed-1.png
    ────────────────────────────────────────────────────────────────────────────────────────────────

    attachment #2: video (video/webm) ──────────────────────────────────────────────────────────────
    ..\..\test-results\auth-register-User-Registr-fd562-ssfully-register-a-new-user-Mobile-Safari\video.webm
    ────────────────────────────────────────────────────────────────────────────────────────────────

    Error Context: ..\..\test-results\auth-register-User-Registr-fd562-ssfully-register-a-new-user-Mobile-Safari\error-context.md
]]>
</failure>
<system-out>
<![CDATA[
[[ATTACHMENT|auth-register-User-Registr-fd562-ssfully-register-a-new-user-Mobile-Safari\test-failed-1.png]]

[[ATTACHMENT|auth-register-User-Registr-fd562-ssfully-register-a-new-user-Mobile-Safari\video.webm]]

[[ATTACHMENT|auth-register-User-Registr-fd562-ssfully-register-a-new-user-Mobile-Safari\error-context.md]]
]]>
</system-out>
</testcase>
<testcase name="User Registration Flow › should show password visibility toggle" classname="auth\register.spec.ts" time="7.821">
<failure message="register.spec.ts:43:7 should show password visibility toggle" type="FAILURE">
<![CDATA[  [Mobile Safari] › auth\register.spec.ts:43:7 › User Registration Flow › should show password visibility toggle 

    Error: expect(locator).toContainText(expected) failed

    Locator: locator('h2')
    Expected substring: "Wonder Nails Studio"
    Timeout: 5000ms
    Error: element(s) not found

    Call log:
      - Expect "toContainText" with timeout 5000ms
      - waiting for locator('h2')


      13 |     // Navigate to Wonder Nails registration page
      14 |     await page.goto("/t/wondernails/register");
    > 15 |     await expect(page.locator("h2")).toContainText("Wonder Nails Studio");
         |                                      ^
      16 |     await expect(page.locator("text=Crea tu cuenta")).toBeVisible();
      17 |   });
      18 |
        at C:\Dev\Zo\sass-store\tests\e2e\auth\register.spec.ts:15:38

    attachment #1: screenshot (image/png) ──────────────────────────────────────────────────────────
    ..\..\test-results\auth-register-User-Registr-7d97b--password-visibility-toggle-Mobile-Safari\test-failed-1.png
    ────────────────────────────────────────────────────────────────────────────────────────────────

    attachment #2: video (video/webm) ──────────────────────────────────────────────────────────────
    ..\..\test-results\auth-register-User-Registr-7d97b--password-visibility-toggle-Mobile-Safari\video.webm
    ────────────────────────────────────────────────────────────────────────────────────────────────

    Error Context: ..\..\test-results\auth-register-User-Registr-7d97b--password-visibility-toggle-Mobile-Safari\error-context.md
]]>
</failure>
<system-out>
<![CDATA[
[[ATTACHMENT|auth-register-User-Registr-7d97b--password-visibility-toggle-Mobile-Safari\test-failed-1.png]]

[[ATTACHMENT|auth-register-User-Registr-7d97b--password-visibility-toggle-Mobile-Safari\video.webm]]

[[ATTACHMENT|auth-register-User-Registr-7d97b--password-visibility-toggle-Mobile-Safari\error-context.md]]
]]>
</system-out>
</testcase>
<testcase name="User Registration Flow › should validate required fields" classname="auth\register.spec.ts" time="6.337">
<failure message="register.spec.ts:62:7 should validate required fields" type="FAILURE">
<![CDATA[  [Mobile Safari] › auth\register.spec.ts:62:7 › User Registration Flow › should validate required fields 

    Error: expect(locator).toContainText(expected) failed

    Locator: locator('h2')
    Expected substring: "Wonder Nails Studio"
    Timeout: 5000ms
    Error: element(s) not found

    Call log:
      - Expect "toContainText" with timeout 5000ms
      - waiting for locator('h2')


      13 |     // Navigate to Wonder Nails registration page
      14 |     await page.goto("/t/wondernails/register");
    > 15 |     await expect(page.locator("h2")).toContainText("Wonder Nails Studio");
         |                                      ^
      16 |     await expect(page.locator("text=Crea tu cuenta")).toBeVisible();
      17 |   });
      18 |
        at C:\Dev\Zo\sass-store\tests\e2e\auth\register.spec.ts:15:38

    attachment #1: screenshot (image/png) ──────────────────────────────────────────────────────────
    ..\..\test-results\auth-register-User-Registr-f9338-ld-validate-required-fields-Mobile-Safari\test-failed-1.png
    ────────────────────────────────────────────────────────────────────────────────────────────────

    attachment #2: video (video/webm) ──────────────────────────────────────────────────────────────
    ..\..\test-results\auth-register-User-Registr-f9338-ld-validate-required-fields-Mobile-Safari\video.webm
    ────────────────────────────────────────────────────────────────────────────────────────────────

    Error Context: ..\..\test-results\auth-register-User-Registr-f9338-ld-validate-required-fields-Mobile-Safari\error-context.md
]]>
</failure>
<system-out>
<![CDATA[
[[ATTACHMENT|auth-register-User-Registr-f9338-ld-validate-required-fields-Mobile-Safari\test-failed-1.png]]

[[ATTACHMENT|auth-register-User-Registr-f9338-ld-validate-required-fields-Mobile-Safari\video.webm]]

[[ATTACHMENT|auth-register-User-Registr-f9338-ld-validate-required-fields-Mobile-Safari\error-context.md]]
]]>
</system-out>
</testcase>
<testcase name="User Registration Flow › should validate email format" classname="auth\register.spec.ts" time="6.391">
<failure message="register.spec.ts:77:7 should validate email format" type="FAILURE">
<![CDATA[  [Mobile Safari] › auth\register.spec.ts:77:7 › User Registration Flow › should validate email format 

    Error: expect(locator).toContainText(expected) failed

    Locator: locator('h2')
    Expected substring: "Wonder Nails Studio"
    Timeout: 5000ms
    Error: element(s) not found

    Call log:
      - Expect "toContainText" with timeout 5000ms
      - waiting for locator('h2')


      13 |     // Navigate to Wonder Nails registration page
      14 |     await page.goto("/t/wondernails/register");
    > 15 |     await expect(page.locator("h2")).toContainText("Wonder Nails Studio");
         |                                      ^
      16 |     await expect(page.locator("text=Crea tu cuenta")).toBeVisible();
      17 |   });
      18 |
        at C:\Dev\Zo\sass-store\tests\e2e\auth\register.spec.ts:15:38

    attachment #1: screenshot (image/png) ──────────────────────────────────────────────────────────
    ..\..\test-results\auth-register-User-Registr-9a869-hould-validate-email-format-Mobile-Safari\test-failed-1.png
    ────────────────────────────────────────────────────────────────────────────────────────────────

    attachment #2: video (video/webm) ──────────────────────────────────────────────────────────────
    ..\..\test-results\auth-register-User-Registr-9a869-hould-validate-email-format-Mobile-Safari\video.webm
    ────────────────────────────────────────────────────────────────────────────────────────────────

    Error Context: ..\..\test-results\auth-register-User-Registr-9a869-hould-validate-email-format-Mobile-Safari\error-context.md
]]>
</failure>
<system-out>
<![CDATA[
[[ATTACHMENT|auth-register-User-Registr-9a869-hould-validate-email-format-Mobile-Safari\test-failed-1.png]]

[[ATTACHMENT|auth-register-User-Registr-9a869-hould-validate-email-format-Mobile-Safari\video.webm]]

[[ATTACHMENT|auth-register-User-Registr-9a869-hould-validate-email-format-Mobile-Safari\error-context.md]]
]]>
</system-out>
</testcase>
<testcase name="User Registration Flow › should validate password length" classname="auth\register.spec.ts" time="6.397">
<failure message="register.spec.ts:94:7 should validate password length" type="FAILURE">
<![CDATA[  [Mobile Safari] › auth\register.spec.ts:94:7 › User Registration Flow › should validate password length 

    Error: expect(locator).toContainText(expected) failed

    Locator: locator('h2')
    Expected substring: "Wonder Nails Studio"
    Timeout: 5000ms
    Error: element(s) not found

    Call log:
      - Expect "toContainText" with timeout 5000ms
      - waiting for locator('h2')


      13 |     // Navigate to Wonder Nails registration page
      14 |     await page.goto("/t/wondernails/register");
    > 15 |     await expect(page.locator("h2")).toContainText("Wonder Nails Studio");
         |                                      ^
      16 |     await expect(page.locator("text=Crea tu cuenta")).toBeVisible();
      17 |   });
      18 |
        at C:\Dev\Zo\sass-store\tests\e2e\auth\register.spec.ts:15:38

    attachment #1: screenshot (image/png) ──────────────────────────────────────────────────────────
    ..\..\test-results\auth-register-User-Registr-51594-ld-validate-password-length-Mobile-Safari\test-failed-1.png
    ────────────────────────────────────────────────────────────────────────────────────────────────

    attachment #2: video (video/webm) ──────────────────────────────────────────────────────────────
    ..\..\test-results\auth-register-User-Registr-51594-ld-validate-password-length-Mobile-Safari\video.webm
    ────────────────────────────────────────────────────────────────────────────────────────────────

    Error Context: ..\..\test-results\auth-register-User-Registr-51594-ld-validate-password-length-Mobile-Safari\error-context.md
]]>
</failure>
<system-out>
<![CDATA[
[[ATTACHMENT|auth-register-User-Registr-51594-ld-validate-password-length-Mobile-Safari\test-failed-1.png]]

[[ATTACHMENT|auth-register-User-Registr-51594-ld-validate-password-length-Mobile-Safari\video.webm]]

[[ATTACHMENT|auth-register-User-Registr-51594-ld-validate-password-length-Mobile-Safari\error-context.md]]
]]>
</system-out>
</testcase>
<testcase name="User Registration Flow › should validate password confirmation match" classname="auth\register.spec.ts" time="6.366">
<failure message="register.spec.ts:111:7 should validate password confirmation match" type="FAILURE">
<![CDATA[  [Mobile Safari] › auth\register.spec.ts:111:7 › User Registration Flow › should validate password confirmation match 

    Error: expect(locator).toContainText(expected) failed

    Locator: locator('h2')
    Expected substring: "Wonder Nails Studio"
    Timeout: 5000ms
    Error: element(s) not found

    Call log:
      - Expect "toContainText" with timeout 5000ms
      - waiting for locator('h2')


      13 |     // Navigate to Wonder Nails registration page
      14 |     await page.goto("/t/wondernails/register");
    > 15 |     await expect(page.locator("h2")).toContainText("Wonder Nails Studio");
         |                                      ^
      16 |     await expect(page.locator("text=Crea tu cuenta")).toBeVisible();
      17 |   });
      18 |
        at C:\Dev\Zo\sass-store\tests\e2e\auth\register.spec.ts:15:38

    attachment #1: screenshot (image/png) ──────────────────────────────────────────────────────────
    ..\..\test-results\auth-register-User-Registr-62790-password-confirmation-match-Mobile-Safari\test-failed-1.png
    ────────────────────────────────────────────────────────────────────────────────────────────────

    attachment #2: video (video/webm) ──────────────────────────────────────────────────────────────
    ..\..\test-results\auth-register-User-Registr-62790-password-confirmation-match-Mobile-Safari\video.webm
    ────────────────────────────────────────────────────────────────────────────────────────────────

    Error Context: ..\..\test-results\auth-register-User-Registr-62790-password-confirmation-match-Mobile-Safari\error-context.md
]]>
</failure>
<system-out>
<![CDATA[
[[ATTACHMENT|auth-register-User-Registr-62790-password-confirmation-match-Mobile-Safari\test-failed-1.png]]

[[ATTACHMENT|auth-register-User-Registr-62790-password-confirmation-match-Mobile-Safari\video.webm]]

[[ATTACHMENT|auth-register-User-Registr-62790-password-confirmation-match-Mobile-Safari\error-context.md]]
]]>
</system-out>
</testcase>
<testcase name="User Registration Flow › should require terms and conditions acceptance" classname="auth\register.spec.ts" time="6.405">
<failure message="register.spec.ts:128:7 should require terms and conditions acceptance" type="FAILURE">
<![CDATA[  [Mobile Safari] › auth\register.spec.ts:128:7 › User Registration Flow › should require terms and conditions acceptance 

    Error: expect(locator).toContainText(expected) failed

    Locator: locator('h2')
    Expected substring: "Wonder Nails Studio"
    Timeout: 5000ms
    Error: element(s) not found

    Call log:
      - Expect "toContainText" with timeout 5000ms
      - waiting for locator('h2')


      13 |     // Navigate to Wonder Nails registration page
      14 |     await page.goto("/t/wondernails/register");
    > 15 |     await expect(page.locator("h2")).toContainText("Wonder Nails Studio");
         |                                      ^
      16 |     await expect(page.locator("text=Crea tu cuenta")).toBeVisible();
      17 |   });
      18 |
        at C:\Dev\Zo\sass-store\tests\e2e\auth\register.spec.ts:15:38

    attachment #1: screenshot (image/png) ──────────────────────────────────────────────────────────
    ..\..\test-results\auth-register-User-Registr-bf019-s-and-conditions-acceptance-Mobile-Safari\test-failed-1.png
    ────────────────────────────────────────────────────────────────────────────────────────────────

    attachment #2: video (video/webm) ──────────────────────────────────────────────────────────────
    ..\..\test-results\auth-register-User-Registr-bf019-s-and-conditions-acceptance-Mobile-Safari\video.webm
    ────────────────────────────────────────────────────────────────────────────────────────────────

    Error Context: ..\..\test-results\auth-register-User-Registr-bf019-s-and-conditions-acceptance-Mobile-Safari\error-context.md
]]>
</failure>
<system-out>
<![CDATA[
[[ATTACHMENT|auth-register-User-Registr-bf019-s-and-conditions-acceptance-Mobile-Safari\test-failed-1.png]]

[[ATTACHMENT|auth-register-User-Registr-bf019-s-and-conditions-acceptance-Mobile-Safari\video.webm]]

[[ATTACHMENT|auth-register-User-Registr-bf019-s-and-conditions-acceptance-Mobile-Safari\error-context.md]]
]]>
</system-out>
</testcase>
<testcase name="User Registration Flow › should prevent duplicate email registration" classname="auth\register.spec.ts" time="6.446">
<failure message="register.spec.ts:143:7 should prevent duplicate email registration" type="FAILURE">
<![CDATA[  [Mobile Safari] › auth\register.spec.ts:143:7 › User Registration Flow › should prevent duplicate email registration 

    Error: expect(locator).toContainText(expected) failed

    Locator: locator('h2')
    Expected substring: "Wonder Nails Studio"
    Timeout: 5000ms
    Error: element(s) not found

    Call log:
      - Expect "toContainText" with timeout 5000ms
      - waiting for locator('h2')


      13 |     // Navigate to Wonder Nails registration page
      14 |     await page.goto("/t/wondernails/register");
    > 15 |     await expect(page.locator("h2")).toContainText("Wonder Nails Studio");
         |                                      ^
      16 |     await expect(page.locator("text=Crea tu cuenta")).toBeVisible();
      17 |   });
      18 |
        at C:\Dev\Zo\sass-store\tests\e2e\auth\register.spec.ts:15:38

    attachment #1: screenshot (image/png) ──────────────────────────────────────────────────────────
    ..\..\test-results\auth-register-User-Registr-16d7f-uplicate-email-registration-Mobile-Safari\test-failed-1.png
    ────────────────────────────────────────────────────────────────────────────────────────────────

    attachment #2: video (video/webm) ──────────────────────────────────────────────────────────────
    ..\..\test-results\auth-register-User-Registr-16d7f-uplicate-email-registration-Mobile-Safari\video.webm
    ────────────────────────────────────────────────────────────────────────────────────────────────

    Error Context: ..\..\test-results\auth-register-User-Registr-16d7f-uplicate-email-registration-Mobile-Safari\error-context.md
]]>
</failure>
<system-out>
<![CDATA[
[[ATTACHMENT|auth-register-User-Registr-16d7f-uplicate-email-registration-Mobile-Safari\test-failed-1.png]]

[[ATTACHMENT|auth-register-User-Registr-16d7f-uplicate-email-registration-Mobile-Safari\video.webm]]

[[ATTACHMENT|auth-register-User-Registr-16d7f-uplicate-email-registration-Mobile-Safari\error-context.md]]
]]>
</system-out>
</testcase>
<testcase name="User Registration Flow › should disable form during submission" classname="auth\register.spec.ts" time="6.515">
<failure message="register.spec.ts:174:7 should disable form during submission" type="FAILURE">
<![CDATA[  [Mobile Safari] › auth\register.spec.ts:174:7 › User Registration Flow › should disable form during submission 

    Error: expect(locator).toContainText(expected) failed

    Locator: locator('h2')
    Expected substring: "Wonder Nails Studio"
    Timeout: 5000ms
    Error: element(s) not found

    Call log:
      - Expect "toContainText" with timeout 5000ms
      - waiting for locator('h2')


      13 |     // Navigate to Wonder Nails registration page
      14 |     await page.goto("/t/wondernails/register");
    > 15 |     await expect(page.locator("h2")).toContainText("Wonder Nails Studio");
         |                                      ^
      16 |     await expect(page.locator("text=Crea tu cuenta")).toBeVisible();
      17 |   });
      18 |
        at C:\Dev\Zo\sass-store\tests\e2e\auth\register.spec.ts:15:38

    attachment #1: screenshot (image/png) ──────────────────────────────────────────────────────────
    ..\..\test-results\auth-register-User-Registr-4e973-able-form-during-submission-Mobile-Safari\test-failed-1.png
    ────────────────────────────────────────────────────────────────────────────────────────────────

    attachment #2: video (video/webm) ──────────────────────────────────────────────────────────────
    ..\..\test-results\auth-register-User-Registr-4e973-able-form-during-submission-Mobile-Safari\video.webm
    ────────────────────────────────────────────────────────────────────────────────────────────────

    Error Context: ..\..\test-results\auth-register-User-Registr-4e973-able-form-during-submission-Mobile-Safari\error-context.md
]]>
</failure>
<system-out>
<![CDATA[
[[ATTACHMENT|auth-register-User-Registr-4e973-able-form-during-submission-Mobile-Safari\test-failed-1.png]]

[[ATTACHMENT|auth-register-User-Registr-4e973-able-form-during-submission-Mobile-Safari\video.webm]]

[[ATTACHMENT|auth-register-User-Registr-4e973-able-form-during-submission-Mobile-Safari\error-context.md]]
]]>
</system-out>
</testcase>
<testcase name="User Registration Flow › should maintain tenant context across registration" classname="auth\register.spec.ts" time="6.488">
<failure message="register.spec.ts:197:7 should maintain tenant context across registration" type="FAILURE">
<![CDATA[  [Mobile Safari] › auth\register.spec.ts:197:7 › User Registration Flow › should maintain tenant context across registration 

    Error: expect(locator).toContainText(expected) failed

    Locator: locator('h2')
    Expected substring: "Wonder Nails Studio"
    Timeout: 5000ms
    Error: element(s) not found

    Call log:
      - Expect "toContainText" with timeout 5000ms
      - waiting for locator('h2')


      13 |     // Navigate to Wonder Nails registration page
      14 |     await page.goto("/t/wondernails/register");
    > 15 |     await expect(page.locator("h2")).toContainText("Wonder Nails Studio");
         |                                      ^
      16 |     await expect(page.locator("text=Crea tu cuenta")).toBeVisible();
      17 |   });
      18 |
        at C:\Dev\Zo\sass-store\tests\e2e\auth\register.spec.ts:15:38

    attachment #1: screenshot (image/png) ──────────────────────────────────────────────────────────
    ..\..\test-results\auth-register-User-Registr-8bb1f-context-across-registration-Mobile-Safari\test-failed-1.png
    ────────────────────────────────────────────────────────────────────────────────────────────────

    attachment #2: video (video/webm) ──────────────────────────────────────────────────────────────
    ..\..\test-results\auth-register-User-Registr-8bb1f-context-across-registration-Mobile-Safari\video.webm
    ────────────────────────────────────────────────────────────────────────────────────────────────

    Error Context: ..\..\test-results\auth-register-User-Registr-8bb1f-context-across-registration-Mobile-Safari\error-context.md
]]>
</failure>
<system-out>
<![CDATA[
[[ATTACHMENT|auth-register-User-Registr-8bb1f-context-across-registration-Mobile-Safari\test-failed-1.png]]

[[ATTACHMENT|auth-register-User-Registr-8bb1f-context-across-registration-Mobile-Safari\video.webm]]

[[ATTACHMENT|auth-register-User-Registr-8bb1f-context-across-registration-Mobile-Safari\error-context.md]]
]]>
</system-out>
</testcase>
<testcase name="User Registration Flow › should work across different tenants" classname="auth\register.spec.ts" time="6.585">
<failure message="register.spec.ts:218:7 should work across different tenants" type="FAILURE">
<![CDATA[  [Mobile Safari] › auth\register.spec.ts:218:7 › User Registration Flow › should work across different tenants 

    Error: expect(locator).toContainText(expected) failed

    Locator: locator('h2')
    Expected substring: "Wonder Nails Studio"
    Timeout: 5000ms
    Error: element(s) not found

    Call log:
      - Expect "toContainText" with timeout 5000ms
      - waiting for locator('h2')


      13 |     // Navigate to Wonder Nails registration page
      14 |     await page.goto("/t/wondernails/register");
    > 15 |     await expect(page.locator("h2")).toContainText("Wonder Nails Studio");
         |                                      ^
      16 |     await expect(page.locator("text=Crea tu cuenta")).toBeVisible();
      17 |   });
      18 |
        at C:\Dev\Zo\sass-store\tests\e2e\auth\register.spec.ts:15:38

    attachment #1: screenshot (image/png) ──────────────────────────────────────────────────────────
    ..\..\test-results\auth-register-User-Registr-198c7-rk-across-different-tenants-Mobile-Safari\test-failed-1.png
    ────────────────────────────────────────────────────────────────────────────────────────────────

    attachment #2: video (video/webm) ──────────────────────────────────────────────────────────────
    ..\..\test-results\auth-register-User-Registr-198c7-rk-across-different-tenants-Mobile-Safari\video.webm
    ────────────────────────────────────────────────────────────────────────────────────────────────

    Error Context: ..\..\test-results\auth-register-User-Registr-198c7-rk-across-different-tenants-Mobile-Safari\error-context.md
]]>
</failure>
<system-out>
<![CDATA[
[[ATTACHMENT|auth-register-User-Registr-198c7-rk-across-different-tenants-Mobile-Safari\test-failed-1.png]]

[[ATTACHMENT|auth-register-User-Registr-198c7-rk-across-different-tenants-Mobile-Safari\video.webm]]

[[ATTACHMENT|auth-register-User-Registr-198c7-rk-across-different-tenants-Mobile-Safari\error-context.md]]
]]>
</system-out>
</testcase>
<testcase name="User Registration Flow › should be accessible via keyboard navigation" classname="auth\register.spec.ts" time="6.488">
<failure message="register.spec.ts:233:7 should be accessible via keyboard navigation" type="FAILURE">
<![CDATA[  [Mobile Safari] › auth\register.spec.ts:233:7 › User Registration Flow › should be accessible via keyboard navigation 

    Error: expect(locator).toContainText(expected) failed

    Locator: locator('h2')
    Expected substring: "Wonder Nails Studio"
    Timeout: 5000ms
    Error: element(s) not found

    Call log:
      - Expect "toContainText" with timeout 5000ms
      - waiting for locator('h2')


      13 |     // Navigate to Wonder Nails registration page
      14 |     await page.goto("/t/wondernails/register");
    > 15 |     await expect(page.locator("h2")).toContainText("Wonder Nails Studio");
         |                                      ^
      16 |     await expect(page.locator("text=Crea tu cuenta")).toBeVisible();
      17 |   });
      18 |
        at C:\Dev\Zo\sass-store\tests\e2e\auth\register.spec.ts:15:38

    attachment #1: screenshot (image/png) ──────────────────────────────────────────────────────────
    ..\..\test-results\auth-register-User-Registr-5f7f0-ble-via-keyboard-navigation-Mobile-Safari\test-failed-1.png
    ────────────────────────────────────────────────────────────────────────────────────────────────

    attachment #2: video (video/webm) ──────────────────────────────────────────────────────────────
    ..\..\test-results\auth-register-User-Registr-5f7f0-ble-via-keyboard-navigation-Mobile-Safari\video.webm
    ────────────────────────────────────────────────────────────────────────────────────────────────

    Error Context: ..\..\test-results\auth-register-User-Registr-5f7f0-ble-via-keyboard-navigation-Mobile-Safari\error-context.md
]]>
</failure>
<system-out>
<![CDATA[
[[ATTACHMENT|auth-register-User-Registr-5f7f0-ble-via-keyboard-navigation-Mobile-Safari\test-failed-1.png]]

[[ATTACHMENT|auth-register-User-Registr-5f7f0-ble-via-keyboard-navigation-Mobile-Safari\video.webm]]

[[ATTACHMENT|auth-register-User-Registr-5f7f0-ble-via-keyboard-navigation-Mobile-Safari\error-context.md]]
]]>
</system-out>
</testcase>
<testcase name="Registration Form Accessibility › should have proper ARIA labels" classname="auth\register.spec.ts" time="6.48">
<failure message="register.spec.ts:267:7 should have proper ARIA labels" type="FAILURE">
<![CDATA[  [Mobile Safari] › auth\register.spec.ts:267:7 › Registration Form Accessibility › should have proper ARIA labels 

    Error: expect(locator).toBeVisible() failed

    Locator: locator('form').first()
    Expected: visible
    Timeout: 5000ms
    Error: element(s) not found

    Call log:
      - Expect "toBeVisible" with timeout 5000ms
      - waiting for locator('form').first()


      270 |     // Check form has proper role and labels
      271 |     const form = page.locator("form").first();
    > 272 |     await expect(form).toBeVisible();
          |                        ^
      273 |
      274 |     // All inputs should have labels
      275 |     const inputs = page.locator(
        at C:\Dev\Zo\sass-store\tests\e2e\auth\register.spec.ts:272:24

    attachment #1: screenshot (image/png) ──────────────────────────────────────────────────────────
    ..\..\test-results\auth-register-Registration-385da-uld-have-proper-ARIA-labels-Mobile-Safari\test-failed-1.png
    ────────────────────────────────────────────────────────────────────────────────────────────────

    attachment #2: video (video/webm) ──────────────────────────────────────────────────────────────
    ..\..\test-results\auth-register-Registration-385da-uld-have-proper-ARIA-labels-Mobile-Safari\video.webm
    ────────────────────────────────────────────────────────────────────────────────────────────────

    Error Context: ..\..\test-results\auth-register-Registration-385da-uld-have-proper-ARIA-labels-Mobile-Safari\error-context.md
]]>
</failure>
<system-out>
<![CDATA[
[[ATTACHMENT|auth-register-Registration-385da-uld-have-proper-ARIA-labels-Mobile-Safari\test-failed-1.png]]

[[ATTACHMENT|auth-register-Registration-385da-uld-have-proper-ARIA-labels-Mobile-Safari\video.webm]]

[[ATTACHMENT|auth-register-Registration-385da-uld-have-proper-ARIA-labels-Mobile-Safari\error-context.md]]
]]>
</system-out>
</testcase>
<testcase name="Registration Form Accessibility › should meet WCAG contrast requirements" classname="auth\register.spec.ts" time="6.651">
<failure message="register.spec.ts:291:7 should meet WCAG contrast requirements" type="FAILURE">
<![CDATA[  [Mobile Safari] › auth\register.spec.ts:291:7 › Registration Form Accessibility › should meet WCAG contrast requirements 

    Error: expect(locator).toBeVisible() failed

    Locator: locator('form').first()
    Expected: visible
    Timeout: 5000ms
    Error: element(s) not found

    Call log:
      - Expect "toBeVisible" with timeout 5000ms
      - waiting for locator('form').first()


      294 |     // This would typically use axe-core or similar
      295 |     // For now, we just verify the page loads
    > 296 |     await expect(page.locator("form").first()).toBeVisible();
          |                                                ^
      297 |   });
      298 | });
      299 |
        at C:\Dev\Zo\sass-store\tests\e2e\auth\register.spec.ts:296:48

    attachment #1: screenshot (image/png) ──────────────────────────────────────────────────────────
    ..\..\test-results\auth-register-Registration-ec70f--WCAG-contrast-requirements-Mobile-Safari\test-failed-1.png
    ────────────────────────────────────────────────────────────────────────────────────────────────

    attachment #2: video (video/webm) ──────────────────────────────────────────────────────────────
    ..\..\test-results\auth-register-Registration-ec70f--WCAG-contrast-requirements-Mobile-Safari\video.webm
    ────────────────────────────────────────────────────────────────────────────────────────────────

    Error Context: ..\..\test-results\auth-register-Registration-ec70f--WCAG-contrast-requirements-Mobile-Safari\error-context.md
]]>
</failure>
<system-out>
<![CDATA[
[[ATTACHMENT|auth-register-Registration-ec70f--WCAG-contrast-requirements-Mobile-Safari\test-failed-1.png]]

[[ATTACHMENT|auth-register-Registration-ec70f--WCAG-contrast-requirements-Mobile-Safari\video.webm]]

[[ATTACHMENT|auth-register-Registration-ec70f--WCAG-contrast-requirements-Mobile-Safari\error-context.md]]
]]>
</system-out>
</testcase>
</testsuite>
<testsuite name="booking\quick-and-recurring-booking.spec.ts" timestamp="2025-10-29T19:08:05.826Z" hostname="Mobile Safari" tests="8" failures="6" skipped="0" time="92.733" errors="0">
<testcase name="Quick Service Booking - 2 Click Budget › should book next available appointment in 2 clicks" classname="booking\quick-and-recurring-booking.spec.ts" time="7.43">
<failure message="quick-and-recurring-booking.spec.ts:10:7 should book next available appointment in 2 clicks" type="FAILURE">
<![CDATA[  [Mobile Safari] › booking\quick-and-recurring-booking.spec.ts:10:7 › Quick Service Booking - 2 Click Budget › should book next available appointment in 2 clicks 

    Error: expect(locator).toBeVisible() failed

    Locator: locator('[data-testid="service-card"]').first()
    Expected: visible
    Timeout: 5000ms
    Error: element(s) not found

    Call log:
      - Expect "toBeVisible" with timeout 5000ms
      - waiting for locator('[data-testid="service-card"]').first()


      22 |     // Verify service details loaded
      23 |     const serviceCard = page.locator('[data-testid="service-card"]').first();
    > 24 |     await expect(serviceCard).toBeVisible();
         |                               ^
      25 |
      26 |     const nextAvailableSlot = page.locator('[data-testid="next-available-slot"], button:has-text("Next Available")');
      27 |
        at C:\Dev\Zo\sass-store\tests\e2e\booking\quick-and-recurring-booking.spec.ts:24:31

    attachment #1: screenshot (image/png) ──────────────────────────────────────────────────────────
    ..\..\test-results\booking-quick-and-recurrin-e1f4a-ble-appointment-in-2-clicks-Mobile-Safari\test-failed-1.png
    ────────────────────────────────────────────────────────────────────────────────────────────────

    attachment #2: video (video/webm) ──────────────────────────────────────────────────────────────
    ..\..\test-results\booking-quick-and-recurrin-e1f4a-ble-appointment-in-2-clicks-Mobile-Safari\video.webm
    ────────────────────────────────────────────────────────────────────────────────────────────────

    Error Context: ..\..\test-results\booking-quick-and-recurrin-e1f4a-ble-appointment-in-2-clicks-Mobile-Safari\error-context.md
]]>
</failure>
<system-out>
<![CDATA[
[[ATTACHMENT|booking-quick-and-recurrin-e1f4a-ble-appointment-in-2-clicks-Mobile-Safari\test-failed-1.png]]

[[ATTACHMENT|booking-quick-and-recurrin-e1f4a-ble-appointment-in-2-clicks-Mobile-Safari\video.webm]]

[[ATTACHMENT|booking-quick-and-recurrin-e1f4a-ble-appointment-in-2-clicks-Mobile-Safari\error-context.md]]
]]>
</system-out>
</testcase>
<testcase name="Quick Service Booking - 2 Click Budget › should show next available time across all staff" classname="booking\quick-and-recurring-booking.spec.ts" time="16.479">
<failure message="quick-and-recurring-booking.spec.ts:78:7 should show next available time across all staff" type="FAILURE">
<![CDATA[  [Mobile Safari] › booking\quick-and-recurring-booking.spec.ts:78:7 › Quick Service Booking - 2 Click Budget › should show next available time across all staff 

    TimeoutError: locator.click: Timeout 15000ms exceeded.
    Call log:
      - waiting for locator('[data-testid="service-card"]').first()


      80 |
      81 |     const serviceCard = page.locator('[data-testid="service-card"]').first();
    > 82 |     await serviceCard.click();
         |                       ^
      83 |
      84 |     const nextAvailableBtn = page.locator('[data-testid="book-next-available"], [data-testid="next-available-slot"]');
      85 |
        at C:\Dev\Zo\sass-store\tests\e2e\booking\quick-and-recurring-booking.spec.ts:82:23

    attachment #1: screenshot (image/png) ──────────────────────────────────────────────────────────
    ..\..\test-results\booking-quick-and-recurrin-a096e-lable-time-across-all-staff-Mobile-Safari\test-failed-1.png
    ────────────────────────────────────────────────────────────────────────────────────────────────

    attachment #2: video (video/webm) ──────────────────────────────────────────────────────────────
    ..\..\test-results\booking-quick-and-recurrin-a096e-lable-time-across-all-staff-Mobile-Safari\video.webm
    ────────────────────────────────────────────────────────────────────────────────────────────────

    Error Context: ..\..\test-results\booking-quick-and-recurrin-a096e-lable-time-across-all-staff-Mobile-Safari\error-context.md
]]>
</failure>
<system-out>
<![CDATA[
[[ATTACHMENT|booking-quick-and-recurrin-a096e-lable-time-across-all-staff-Mobile-Safari\test-failed-1.png]]

[[ATTACHMENT|booking-quick-and-recurrin-a096e-lable-time-across-all-staff-Mobile-Safari\video.webm]]

[[ATTACHMENT|booking-quick-and-recurrin-a096e-lable-time-across-all-staff-Mobile-Safari\error-context.md]]
]]>
</system-out>
</testcase>
<testcase name="Quick Service Booking - 2 Click Budget › should pre-fill customer data for logged-in users" classname="booking\quick-and-recurring-booking.spec.ts" time="16.327">
<failure message="quick-and-recurring-booking.spec.ts:104:7 should pre-fill customer data for logged-in users" type="FAILURE">
<![CDATA[  [Mobile Safari] › booking\quick-and-recurring-booking.spec.ts:104:7 › Quick Service Booking - 2 Click Budget › should pre-fill customer data for logged-in users 

    TimeoutError: locator.click: Timeout 15000ms exceeded.
    Call log:
      - waiting for locator('[data-testid="service-card"]').first()


      107 |
      108 |     const serviceCard = page.locator('[data-testid="service-card"]').first();
    > 109 |     await serviceCard.click();
          |                       ^
      110 |
      111 |     const bookButton = page.locator('[data-testid="book-service-btn"], button:has-text("Book")');
      112 |     if (await bookButton.isVisible()) {
        at C:\Dev\Zo\sass-store\tests\e2e\booking\quick-and-recurring-booking.spec.ts:109:23

    attachment #1: screenshot (image/png) ──────────────────────────────────────────────────────────
    ..\..\test-results\booking-quick-and-recurrin-02919-er-data-for-logged-in-users-Mobile-Safari\test-failed-1.png
    ────────────────────────────────────────────────────────────────────────────────────────────────

    attachment #2: video (video/webm) ──────────────────────────────────────────────────────────────
    ..\..\test-results\booking-quick-and-recurrin-02919-er-data-for-logged-in-users-Mobile-Safari\video.webm
    ────────────────────────────────────────────────────────────────────────────────────────────────

    Error Context: ..\..\test-results\booking-quick-and-recurrin-02919-er-data-for-logged-in-users-Mobile-Safari\error-context.md
]]>
</failure>
<system-out>
<![CDATA[
[[ATTACHMENT|booking-quick-and-recurrin-02919-er-data-for-logged-in-users-Mobile-Safari\test-failed-1.png]]

[[ATTACHMENT|booking-quick-and-recurrin-02919-er-data-for-logged-in-users-Mobile-Safari\video.webm]]

[[ATTACHMENT|booking-quick-and-recurrin-02919-er-data-for-logged-in-users-Mobile-Safari\error-context.md]]
]]>
</system-out>
</testcase>
<testcase name="Recurring Service Booking - 2 Click Budget › should set up recurring appointment in 2 clicks" classname="booking\quick-and-recurring-booking.spec.ts" time="2.036">
</testcase>
<testcase name="Recurring Service Booking - 2 Click Budget › should allow selecting recurring frequency" classname="booking\quick-and-recurring-booking.spec.ts" time="16.368">
<failure message="quick-and-recurring-booking.spec.ts:197:7 should allow selecting recurring frequency" type="FAILURE">
<![CDATA[  [Mobile Safari] › booking\quick-and-recurring-booking.spec.ts:197:7 › Recurring Service Booking - 2 Click Budget › should allow selecting recurring frequency 

    TimeoutError: locator.click: Timeout 15000ms exceeded.
    Call log:
      - waiting for locator('[data-testid="service-card"]').first()


      199 |
      200 |     const serviceCard = page.locator('[data-testid="service-card"]').first();
    > 201 |     await serviceCard.click();
          |                       ^
      202 |
      203 |     const recurringCheckbox = page.locator('[data-testid="recurring-booking"], input[name="recurring"]');
      204 |     if (await recurringCheckbox.isVisible()) {
        at C:\Dev\Zo\sass-store\tests\e2e\booking\quick-and-recurring-booking.spec.ts:201:23

    attachment #1: screenshot (image/png) ──────────────────────────────────────────────────────────
    ..\..\test-results\booking-quick-and-recurrin-4e72c-lecting-recurring-frequency-Mobile-Safari\test-failed-1.png
    ────────────────────────────────────────────────────────────────────────────────────────────────

    attachment #2: video (video/webm) ──────────────────────────────────────────────────────────────
    ..\..\test-results\booking-quick-and-recurrin-4e72c-lecting-recurring-frequency-Mobile-Safari\video.webm
    ────────────────────────────────────────────────────────────────────────────────────────────────

    Error Context: ..\..\test-results\booking-quick-and-recurrin-4e72c-lecting-recurring-frequency-Mobile-Safari\error-context.md
]]>
</failure>
<system-out>
<![CDATA[
[[ATTACHMENT|booking-quick-and-recurrin-4e72c-lecting-recurring-frequency-Mobile-Safari\test-failed-1.png]]

[[ATTACHMENT|booking-quick-and-recurrin-4e72c-lecting-recurring-frequency-Mobile-Safari\video.webm]]

[[ATTACHMENT|booking-quick-and-recurrin-4e72c-lecting-recurring-frequency-Mobile-Safari\error-context.md]]
]]>
</system-out>
</testcase>
<testcase name="Recurring Service Booking - 2 Click Budget › should display recurring booking cost summary" classname="booking\quick-and-recurring-booking.spec.ts" time="16.417">
<failure message="quick-and-recurring-booking.spec.ts:219:7 should display recurring booking cost summary" type="FAILURE">
<![CDATA[  [Mobile Safari] › booking\quick-and-recurring-booking.spec.ts:219:7 › Recurring Service Booking - 2 Click Budget › should display recurring booking cost summary 

    TimeoutError: locator.click: Timeout 15000ms exceeded.
    Call log:
      - waiting for locator('[data-testid="service-card"]').first()


      221 |
      222 |     const serviceCard = page.locator('[data-testid="service-card"]').first();
    > 223 |     await serviceCard.click();
          |                       ^
      224 |
      225 |     const basePrice = page.locator('[data-testid="service-price"]');
      226 |     const basePriceText = await basePrice.textContent();
        at C:\Dev\Zo\sass-store\tests\e2e\booking\quick-and-recurring-booking.spec.ts:223:23

    attachment #1: screenshot (image/png) ──────────────────────────────────────────────────────────
    ..\..\test-results\booking-quick-and-recurrin-7cc52-urring-booking-cost-summary-Mobile-Safari\test-failed-1.png
    ────────────────────────────────────────────────────────────────────────────────────────────────

    attachment #2: video (video/webm) ──────────────────────────────────────────────────────────────
    ..\..\test-results\booking-quick-and-recurrin-7cc52-urring-booking-cost-summary-Mobile-Safari\video.webm
    ────────────────────────────────────────────────────────────────────────────────────────────────

    Error Context: ..\..\test-results\booking-quick-and-recurrin-7cc52-urring-booking-cost-summary-Mobile-Safari\error-context.md
]]>
</failure>
<system-out>
<![CDATA[
[[ATTACHMENT|booking-quick-and-recurrin-7cc52-urring-booking-cost-summary-Mobile-Safari\test-failed-1.png]]

[[ATTACHMENT|booking-quick-and-recurrin-7cc52-urring-booking-cost-summary-Mobile-Safari\video.webm]]

[[ATTACHMENT|booking-quick-and-recurrin-7cc52-urring-booking-cost-summary-Mobile-Safari\error-context.md]]
]]>
</system-out>
</testcase>
<testcase name="Recurring Service Booking - 2 Click Budget › should allow pausing or canceling recurring bookings" classname="booking\quick-and-recurring-booking.spec.ts" time="1.319">
</testcase>
<testcase name="Recurring Service Booking - 2 Click Budget › should remember customer preferred time and staff" classname="booking\quick-and-recurring-booking.spec.ts" time="16.357">
<failure message="quick-and-recurring-booking.spec.ts:269:7 should remember customer preferred time and staff" type="FAILURE">
<![CDATA[  [Mobile Safari] › booking\quick-and-recurring-booking.spec.ts:269:7 › Recurring Service Booking - 2 Click Budget › should remember customer preferred time and staff 

    TimeoutError: locator.click: Timeout 15000ms exceeded.
    Call log:
      - waiting for locator('[data-testid="service-card"]').first()


      271 |
      272 |     const serviceCard = page.locator('[data-testid="service-card"]').first();
    > 273 |     await serviceCard.click();
          |                       ^
      274 |
      275 |     const recurringOption = page.locator('[data-testid="setup-recurring-booking"]');
      276 |     if (await recurringOption.isVisible()) {
        at C:\Dev\Zo\sass-store\tests\e2e\booking\quick-and-recurring-booking.spec.ts:273:23

    attachment #1: screenshot (image/png) ──────────────────────────────────────────────────────────
    ..\..\test-results\booking-quick-and-recurrin-42126-er-preferred-time-and-staff-Mobile-Safari\test-failed-1.png
    ────────────────────────────────────────────────────────────────────────────────────────────────

    attachment #2: video (video/webm) ──────────────────────────────────────────────────────────────
    ..\..\test-results\booking-quick-and-recurrin-42126-er-preferred-time-and-staff-Mobile-Safari\video.webm
    ────────────────────────────────────────────────────────────────────────────────────────────────

    Error Context: ..\..\test-results\booking-quick-and-recurrin-42126-er-preferred-time-and-staff-Mobile-Safari\error-context.md
]]>
</failure>
<system-out>
<![CDATA[
[[ATTACHMENT|booking-quick-and-recurrin-42126-er-preferred-time-and-staff-Mobile-Safari\test-failed-1.png]]

[[ATTACHMENT|booking-quick-and-recurrin-42126-er-preferred-time-and-staff-Mobile-Safari\video.webm]]

[[ATTACHMENT|booking-quick-and-recurrin-42126-er-preferred-time-and-staff-Mobile-Safari\error-context.md]]
]]>
</system-out>
</testcase>
</testsuite>
<testsuite name="carousel\wondernails-carousel.spec.ts" timestamp="2025-10-29T19:08:05.826Z" hostname="Mobile Safari" tests="13" failures="13" skipped="0" time="212.185" errors="0">
<testcase name="Wondernails Carousel Hero Section › should display the carousel container with correct structure" classname="carousel\wondernails-carousel.spec.ts" time="16.418">
<failure message="wondernails-carousel.spec.ts:12:7 should display the carousel container with correct structure" type="FAILURE">
<![CDATA[  [Mobile Safari] › carousel\wondernails-carousel.spec.ts:12:7 › Wondernails Carousel Hero Section › should display the carousel container with correct structure 

    TimeoutError: page.waitForSelector: Timeout 15000ms exceeded.
    Call log:
      - waiting for locator('[data-testid="carousel-container"]') to be visible


       7 |     await page.goto(WONDERNAILS_URL);
       8 |     // Wait for the carousel to be fully loaded
    >  9 |     await page.waitForSelector('[data-testid="carousel-container"]');
         |                ^
      10 |   });
      11 |
      12 |   test("should display the carousel container with correct structure", async ({
        at C:\Dev\Zo\sass-store\tests\e2e\carousel\wondernails-carousel.spec.ts:9:16

    attachment #1: screenshot (image/png) ──────────────────────────────────────────────────────────
    ..\..\test-results\carousel-wondernails-carou-1b413-iner-with-correct-structure-Mobile-Safari\test-failed-1.png
    ────────────────────────────────────────────────────────────────────────────────────────────────

    attachment #2: video (video/webm) ──────────────────────────────────────────────────────────────
    ..\..\test-results\carousel-wondernails-carou-1b413-iner-with-correct-structure-Mobile-Safari\video.webm
    ────────────────────────────────────────────────────────────────────────────────────────────────

    Error Context: ..\..\test-results\carousel-wondernails-carou-1b413-iner-with-correct-structure-Mobile-Safari\error-context.md
]]>
</failure>
<system-out>
<![CDATA[
[[ATTACHMENT|carousel-wondernails-carou-1b413-iner-with-correct-structure-Mobile-Safari\test-failed-1.png]]

[[ATTACHMENT|carousel-wondernails-carou-1b413-iner-with-correct-structure-Mobile-Safari\video.webm]]

[[ATTACHMENT|carousel-wondernails-carou-1b413-iner-with-correct-structure-Mobile-Safari\error-context.md]]
]]>
</system-out>
</testcase>
<testcase name="Wondernails Carousel Hero Section › should display the active slide correctly by default" classname="carousel\wondernails-carousel.spec.ts" time="16.357">
<failure message="wondernails-carousel.spec.ts:28:7 should display the active slide correctly by default" type="FAILURE">
<![CDATA[  [Mobile Safari] › carousel\wondernails-carousel.spec.ts:28:7 › Wondernails Carousel Hero Section › should display the active slide correctly by default 

    TimeoutError: page.waitForSelector: Timeout 15000ms exceeded.
    Call log:
      - waiting for locator('[data-testid="carousel-container"]') to be visible


       7 |     await page.goto(WONDERNAILS_URL);
       8 |     // Wait for the carousel to be fully loaded
    >  9 |     await page.waitForSelector('[data-testid="carousel-container"]');
         |                ^
      10 |   });
      11 |
      12 |   test("should display the carousel container with correct structure", async ({
        at C:\Dev\Zo\sass-store\tests\e2e\carousel\wondernails-carousel.spec.ts:9:16

    attachment #1: screenshot (image/png) ──────────────────────────────────────────────────────────
    ..\..\test-results\carousel-wondernails-carou-5de36--slide-correctly-by-default-Mobile-Safari\test-failed-1.png
    ────────────────────────────────────────────────────────────────────────────────────────────────

    attachment #2: video (video/webm) ──────────────────────────────────────────────────────────────
    ..\..\test-results\carousel-wondernails-carou-5de36--slide-correctly-by-default-Mobile-Safari\video.webm
    ────────────────────────────────────────────────────────────────────────────────────────────────

    Error Context: ..\..\test-results\carousel-wondernails-carou-5de36--slide-correctly-by-default-Mobile-Safari\error-context.md
]]>
</failure>
<system-out>
<![CDATA[
[[ATTACHMENT|carousel-wondernails-carou-5de36--slide-correctly-by-default-Mobile-Safari\test-failed-1.png]]

[[ATTACHMENT|carousel-wondernails-carou-5de36--slide-correctly-by-default-Mobile-Safari\video.webm]]

[[ATTACHMENT|carousel-wondernails-carou-5de36--slide-correctly-by-default-Mobile-Safari\error-context.md]]
]]>
</system-out>
</testcase>
<testcase name="Wondernails Carousel Hero Section › should navigate to next slide when next button is clicked" classname="carousel\wondernails-carousel.spec.ts" time="16.323">
<failure message="wondernails-carousel.spec.ts:44:7 should navigate to next slide when next button is clicked" type="FAILURE">
<![CDATA[  [Mobile Safari] › carousel\wondernails-carousel.spec.ts:44:7 › Wondernails Carousel Hero Section › should navigate to next slide when next button is clicked 

    TimeoutError: page.waitForSelector: Timeout 15000ms exceeded.
    Call log:
      - waiting for locator('[data-testid="carousel-container"]') to be visible


       7 |     await page.goto(WONDERNAILS_URL);
       8 |     // Wait for the carousel to be fully loaded
    >  9 |     await page.waitForSelector('[data-testid="carousel-container"]');
         |                ^
      10 |   });
      11 |
      12 |   test("should display the carousel container with correct structure", async ({
        at C:\Dev\Zo\sass-store\tests\e2e\carousel\wondernails-carousel.spec.ts:9:16

    attachment #1: screenshot (image/png) ──────────────────────────────────────────────────────────
    ..\..\test-results\carousel-wondernails-carou-e47ba-when-next-button-is-clicked-Mobile-Safari\test-failed-1.png
    ────────────────────────────────────────────────────────────────────────────────────────────────

    attachment #2: video (video/webm) ──────────────────────────────────────────────────────────────
    ..\..\test-results\carousel-wondernails-carou-e47ba-when-next-button-is-clicked-Mobile-Safari\video.webm
    ────────────────────────────────────────────────────────────────────────────────────────────────

    Error Context: ..\..\test-results\carousel-wondernails-carou-e47ba-when-next-button-is-clicked-Mobile-Safari\error-context.md
]]>
</failure>
<system-out>
<![CDATA[
[[ATTACHMENT|carousel-wondernails-carou-e47ba-when-next-button-is-clicked-Mobile-Safari\test-failed-1.png]]

[[ATTACHMENT|carousel-wondernails-carou-e47ba-when-next-button-is-clicked-Mobile-Safari\video.webm]]

[[ATTACHMENT|carousel-wondernails-carou-e47ba-when-next-button-is-clicked-Mobile-Safari\error-context.md]]
]]>
</system-out>
</testcase>
<testcase name="Wondernails Carousel Hero Section › should navigate to previous slide when prev button is clicked" classname="carousel\wondernails-carousel.spec.ts" time="16.133">
<failure message="wondernails-carousel.spec.ts:73:7 should navigate to previous slide when prev button is clicked" type="FAILURE">
<![CDATA[  [Mobile Safari] › carousel\wondernails-carousel.spec.ts:73:7 › Wondernails Carousel Hero Section › should navigate to previous slide when prev button is clicked 

    TimeoutError: page.waitForSelector: Timeout 15000ms exceeded.
    Call log:
      - waiting for locator('[data-testid="carousel-container"]') to be visible


       7 |     await page.goto(WONDERNAILS_URL);
       8 |     // Wait for the carousel to be fully loaded
    >  9 |     await page.waitForSelector('[data-testid="carousel-container"]');
         |                ^
      10 |   });
      11 |
      12 |   test("should display the carousel container with correct structure", async ({
        at C:\Dev\Zo\sass-store\tests\e2e\carousel\wondernails-carousel.spec.ts:9:16

    attachment #1: screenshot (image/png) ──────────────────────────────────────────────────────────
    ..\..\test-results\carousel-wondernails-carou-ec2c6-when-prev-button-is-clicked-Mobile-Safari\test-failed-1.png
    ────────────────────────────────────────────────────────────────────────────────────────────────

    attachment #2: video (video/webm) ──────────────────────────────────────────────────────────────
    ..\..\test-results\carousel-wondernails-carou-ec2c6-when-prev-button-is-clicked-Mobile-Safari\video.webm
    ────────────────────────────────────────────────────────────────────────────────────────────────

    Error Context: ..\..\test-results\carousel-wondernails-carou-ec2c6-when-prev-button-is-clicked-Mobile-Safari\error-context.md
]]>
</failure>
<system-out>
<![CDATA[
[[ATTACHMENT|carousel-wondernails-carou-ec2c6-when-prev-button-is-clicked-Mobile-Safari\test-failed-1.png]]

[[ATTACHMENT|carousel-wondernails-carou-ec2c6-when-prev-button-is-clicked-Mobile-Safari\video.webm]]

[[ATTACHMENT|carousel-wondernails-carou-ec2c6-when-prev-button-is-clicked-Mobile-Safari\error-context.md]]
]]>
</system-out>
</testcase>
<testcase name="Wondernails Carousel Hero Section › should show detail view when see more button is clicked" classname="carousel\wondernails-carousel.spec.ts" time="16.222">
<failure message="wondernails-carousel.spec.ts:102:7 should show detail view when see more button is clicked" type="FAILURE">
<![CDATA[  [Mobile Safari] › carousel\wondernails-carousel.spec.ts:102:7 › Wondernails Carousel Hero Section › should show detail view when see more button is clicked 

    TimeoutError: page.waitForSelector: Timeout 15000ms exceeded.
    Call log:
      - waiting for locator('[data-testid="carousel-container"]') to be visible


       7 |     await page.goto(WONDERNAILS_URL);
       8 |     // Wait for the carousel to be fully loaded
    >  9 |     await page.waitForSelector('[data-testid="carousel-container"]');
         |                ^
      10 |   });
      11 |
      12 |   test("should display the carousel container with correct structure", async ({
        at C:\Dev\Zo\sass-store\tests\e2e\carousel\wondernails-carousel.spec.ts:9:16

    attachment #1: screenshot (image/png) ──────────────────────────────────────────────────────────
    ..\..\test-results\carousel-wondernails-carou-57677--see-more-button-is-clicked-Mobile-Safari\test-failed-1.png
    ────────────────────────────────────────────────────────────────────────────────────────────────

    attachment #2: video (video/webm) ──────────────────────────────────────────────────────────────
    ..\..\test-results\carousel-wondernails-carou-57677--see-more-button-is-clicked-Mobile-Safari\video.webm
    ────────────────────────────────────────────────────────────────────────────────────────────────

    Error Context: ..\..\test-results\carousel-wondernails-carou-57677--see-more-button-is-clicked-Mobile-Safari\error-context.md
]]>
</failure>
<system-out>
<![CDATA[
[[ATTACHMENT|carousel-wondernails-carou-57677--see-more-button-is-clicked-Mobile-Safari\test-failed-1.png]]

[[ATTACHMENT|carousel-wondernails-carou-57677--see-more-button-is-clicked-Mobile-Safari\video.webm]]

[[ATTACHMENT|carousel-wondernails-carou-57677--see-more-button-is-clicked-Mobile-Safari\error-context.md]]
]]>
</system-out>
</testcase>
<testcase name="Wondernails Carousel Hero Section › should return to carousel view when back button is clicked" classname="carousel\wondernails-carousel.spec.ts" time="16.179">
<failure message="wondernails-carousel.spec.ts:135:7 should return to carousel view when back button is clicked" type="FAILURE">
<![CDATA[  [Mobile Safari] › carousel\wondernails-carousel.spec.ts:135:7 › Wondernails Carousel Hero Section › should return to carousel view when back button is clicked 

    TimeoutError: page.waitForSelector: Timeout 15000ms exceeded.
    Call log:
      - waiting for locator('[data-testid="carousel-container"]') to be visible


       7 |     await page.goto(WONDERNAILS_URL);
       8 |     // Wait for the carousel to be fully loaded
    >  9 |     await page.waitForSelector('[data-testid="carousel-container"]');
         |                ^
      10 |   });
      11 |
      12 |   test("should display the carousel container with correct structure", async ({
        at C:\Dev\Zo\sass-store\tests\e2e\carousel\wondernails-carousel.spec.ts:9:16

    attachment #1: screenshot (image/png) ──────────────────────────────────────────────────────────
    ..\..\test-results\carousel-wondernails-carou-c9679-when-back-button-is-clicked-Mobile-Safari\test-failed-1.png
    ────────────────────────────────────────────────────────────────────────────────────────────────

    attachment #2: video (video/webm) ──────────────────────────────────────────────────────────────
    ..\..\test-results\carousel-wondernails-carou-c9679-when-back-button-is-clicked-Mobile-Safari\video.webm
    ────────────────────────────────────────────────────────────────────────────────────────────────

    Error Context: ..\..\test-results\carousel-wondernails-carou-c9679-when-back-button-is-clicked-Mobile-Safari\error-context.md
]]>
</failure>
<system-out>
<![CDATA[
[[ATTACHMENT|carousel-wondernails-carou-c9679-when-back-button-is-clicked-Mobile-Safari\test-failed-1.png]]

[[ATTACHMENT|carousel-wondernails-carou-c9679-when-back-button-is-clicked-Mobile-Safari\video.webm]]

[[ATTACHMENT|carousel-wondernails-carou-c9679-when-back-button-is-clicked-Mobile-Safari\error-context.md]]
]]>
</system-out>
</testcase>
<testcase name="Wondernails Carousel Hero Section › should display slide content correctly" classname="carousel\wondernails-carousel.spec.ts" time="16.345">
<failure message="wondernails-carousel.spec.ts:166:7 should display slide content correctly" type="FAILURE">
<![CDATA[  [Mobile Safari] › carousel\wondernails-carousel.spec.ts:166:7 › Wondernails Carousel Hero Section › should display slide content correctly 

    TimeoutError: page.waitForSelector: Timeout 15000ms exceeded.
    Call log:
      - waiting for locator('[data-testid="carousel-container"]') to be visible


       7 |     await page.goto(WONDERNAILS_URL);
       8 |     // Wait for the carousel to be fully loaded
    >  9 |     await page.waitForSelector('[data-testid="carousel-container"]');
         |                ^
      10 |   });
      11 |
      12 |   test("should display the carousel container with correct structure", async ({
        at C:\Dev\Zo\sass-store\tests\e2e\carousel\wondernails-carousel.spec.ts:9:16

    attachment #1: screenshot (image/png) ──────────────────────────────────────────────────────────
    ..\..\test-results\carousel-wondernails-carou-5a659-lay-slide-content-correctly-Mobile-Safari\test-failed-1.png
    ────────────────────────────────────────────────────────────────────────────────────────────────

    attachment #2: video (video/webm) ──────────────────────────────────────────────────────────────
    ..\..\test-results\carousel-wondernails-carou-5a659-lay-slide-content-correctly-Mobile-Safari\video.webm
    ────────────────────────────────────────────────────────────────────────────────────────────────

    Error Context: ..\..\test-results\carousel-wondernails-carou-5a659-lay-slide-content-correctly-Mobile-Safari\error-context.md
]]>
</failure>
<system-out>
<![CDATA[
[[ATTACHMENT|carousel-wondernails-carou-5a659-lay-slide-content-correctly-Mobile-Safari\test-failed-1.png]]

[[ATTACHMENT|carousel-wondernails-carou-5a659-lay-slide-content-correctly-Mobile-Safari\video.webm]]

[[ATTACHMENT|carousel-wondernails-carou-5a659-lay-slide-content-correctly-Mobile-Safari\error-context.md]]
]]>
</system-out>
</testcase>
<testcase name="Wondernails Carousel Hero Section › should have proper keyboard navigation support" classname="carousel\wondernails-carousel.spec.ts" time="16.286">
<failure message="wondernails-carousel.spec.ts:194:7 should have proper keyboard navigation support" type="FAILURE">
<![CDATA[  [Mobile Safari] › carousel\wondernails-carousel.spec.ts:194:7 › Wondernails Carousel Hero Section › should have proper keyboard navigation support 

    TimeoutError: page.waitForSelector: Timeout 15000ms exceeded.
    Call log:
      - waiting for locator('[data-testid="carousel-container"]') to be visible


       7 |     await page.goto(WONDERNAILS_URL);
       8 |     // Wait for the carousel to be fully loaded
    >  9 |     await page.waitForSelector('[data-testid="carousel-container"]');
         |                ^
      10 |   });
      11 |
      12 |   test("should display the carousel container with correct structure", async ({
        at C:\Dev\Zo\sass-store\tests\e2e\carousel\wondernails-carousel.spec.ts:9:16

    attachment #1: screenshot (image/png) ──────────────────────────────────────────────────────────
    ..\..\test-results\carousel-wondernails-carou-c616d-keyboard-navigation-support-Mobile-Safari\test-failed-1.png
    ────────────────────────────────────────────────────────────────────────────────────────────────

    attachment #2: video (video/webm) ──────────────────────────────────────────────────────────────
    ..\..\test-results\carousel-wondernails-carou-c616d-keyboard-navigation-support-Mobile-Safari\video.webm
    ────────────────────────────────────────────────────────────────────────────────────────────────

    Error Context: ..\..\test-results\carousel-wondernails-carou-c616d-keyboard-navigation-support-Mobile-Safari\error-context.md
]]>
</failure>
<system-out>
<![CDATA[
[[ATTACHMENT|carousel-wondernails-carou-c616d-keyboard-navigation-support-Mobile-Safari\test-failed-1.png]]

[[ATTACHMENT|carousel-wondernails-carou-c616d-keyboard-navigation-support-Mobile-Safari\video.webm]]

[[ATTACHMENT|carousel-wondernails-carou-c616d-keyboard-navigation-support-Mobile-Safari\error-context.md]]
]]>
</system-out>
</testcase>
<testcase name="Wondernails Carousel Hero Section › should have proper ARIA attributes for accessibility" classname="carousel\wondernails-carousel.spec.ts" time="16.376">
<failure message="wondernails-carousel.spec.ts:227:7 should have proper ARIA attributes for accessibility" type="FAILURE">
<![CDATA[  [Mobile Safari] › carousel\wondernails-carousel.spec.ts:227:7 › Wondernails Carousel Hero Section › should have proper ARIA attributes for accessibility 

    TimeoutError: page.waitForSelector: Timeout 15000ms exceeded.
    Call log:
      - waiting for locator('[data-testid="carousel-container"]') to be visible


       7 |     await page.goto(WONDERNAILS_URL);
       8 |     // Wait for the carousel to be fully loaded
    >  9 |     await page.waitForSelector('[data-testid="carousel-container"]');
         |                ^
      10 |   });
      11 |
      12 |   test("should display the carousel container with correct structure", async ({
        at C:\Dev\Zo\sass-store\tests\e2e\carousel\wondernails-carousel.spec.ts:9:16

    attachment #1: screenshot (image/png) ──────────────────────────────────────────────────────────
    ..\..\test-results\carousel-wondernails-carou-7387e-ttributes-for-accessibility-Mobile-Safari\test-failed-1.png
    ────────────────────────────────────────────────────────────────────────────────────────────────

    attachment #2: video (video/webm) ──────────────────────────────────────────────────────────────
    ..\..\test-results\carousel-wondernails-carou-7387e-ttributes-for-accessibility-Mobile-Safari\video.webm
    ────────────────────────────────────────────────────────────────────────────────────────────────

    Error Context: ..\..\test-results\carousel-wondernails-carou-7387e-ttributes-for-accessibility-Mobile-Safari\error-context.md
]]>
</failure>
<system-out>
<![CDATA[
[[ATTACHMENT|carousel-wondernails-carou-7387e-ttributes-for-accessibility-Mobile-Safari\test-failed-1.png]]

[[ATTACHMENT|carousel-wondernails-carou-7387e-ttributes-for-accessibility-Mobile-Safari\video.webm]]

[[ATTACHMENT|carousel-wondernails-carou-7387e-ttributes-for-accessibility-Mobile-Safari\error-context.md]]
]]>
</system-out>
</testcase>
<testcase name="Wondernails Carousel Hero Section › should be responsive on mobile devices" classname="carousel\wondernails-carousel.spec.ts" time="16.392">
<failure message="wondernails-carousel.spec.ts:252:7 should be responsive on mobile devices" type="FAILURE">
<![CDATA[  [Mobile Safari] › carousel\wondernails-carousel.spec.ts:252:7 › Wondernails Carousel Hero Section › should be responsive on mobile devices 

    TimeoutError: page.waitForSelector: Timeout 15000ms exceeded.
    Call log:
      - waiting for locator('[data-testid="carousel-container"]') to be visible


       7 |     await page.goto(WONDERNAILS_URL);
       8 |     // Wait for the carousel to be fully loaded
    >  9 |     await page.waitForSelector('[data-testid="carousel-container"]');
         |                ^
      10 |   });
      11 |
      12 |   test("should display the carousel container with correct structure", async ({
        at C:\Dev\Zo\sass-store\tests\e2e\carousel\wondernails-carousel.spec.ts:9:16

    attachment #1: screenshot (image/png) ──────────────────────────────────────────────────────────
    ..\..\test-results\carousel-wondernails-carou-5fb2d-esponsive-on-mobile-devices-Mobile-Safari\test-failed-1.png
    ────────────────────────────────────────────────────────────────────────────────────────────────

    attachment #2: video (video/webm) ──────────────────────────────────────────────────────────────
    ..\..\test-results\carousel-wondernails-carou-5fb2d-esponsive-on-mobile-devices-Mobile-Safari\video.webm
    ────────────────────────────────────────────────────────────────────────────────────────────────

    Error Context: ..\..\test-results\carousel-wondernails-carou-5fb2d-esponsive-on-mobile-devices-Mobile-Safari\error-context.md
]]>
</failure>
<system-out>
<![CDATA[
[[ATTACHMENT|carousel-wondernails-carou-5fb2d-esponsive-on-mobile-devices-Mobile-Safari\test-failed-1.png]]

[[ATTACHMENT|carousel-wondernails-carou-5fb2d-esponsive-on-mobile-devices-Mobile-Safari\video.webm]]

[[ATTACHMENT|carousel-wondernails-carou-5fb2d-esponsive-on-mobile-devices-Mobile-Safari\error-context.md]]
]]>
</system-out>
</testcase>
<testcase name="Wondernails Carousel Hero Section › should have isolated styles that do not affect other page elements" classname="carousel\wondernails-carousel.spec.ts" time="16.29">
<failure message="wondernails-carousel.spec.ts:279:7 should have isolated styles that do not affect other page elements" type="FAILURE">
<![CDATA[  [Mobile Safari] › carousel\wondernails-carousel.spec.ts:279:7 › Wondernails Carousel Hero Section › should have isolated styles that do not affect other page elements 

    TimeoutError: page.waitForSelector: Timeout 15000ms exceeded.
    Call log:
      - waiting for locator('[data-testid="carousel-container"]') to be visible


       7 |     await page.goto(WONDERNAILS_URL);
       8 |     // Wait for the carousel to be fully loaded
    >  9 |     await page.waitForSelector('[data-testid="carousel-container"]');
         |                ^
      10 |   });
      11 |
      12 |   test("should display the carousel container with correct structure", async ({
        at C:\Dev\Zo\sass-store\tests\e2e\carousel\wondernails-carousel.spec.ts:9:16

    attachment #1: screenshot (image/png) ──────────────────────────────────────────────────────────
    ..\..\test-results\carousel-wondernails-carou-feb19--affect-other-page-elements-Mobile-Safari\test-failed-1.png
    ────────────────────────────────────────────────────────────────────────────────────────────────

    attachment #2: video (video/webm) ──────────────────────────────────────────────────────────────
    ..\..\test-results\carousel-wondernails-carou-feb19--affect-other-page-elements-Mobile-Safari\video.webm
    ────────────────────────────────────────────────────────────────────────────────────────────────

    Error Context: ..\..\test-results\carousel-wondernails-carou-feb19--affect-other-page-elements-Mobile-Safari\error-context.md
]]>
</failure>
<system-out>
<![CDATA[
[[ATTACHMENT|carousel-wondernails-carou-feb19--affect-other-page-elements-Mobile-Safari\test-failed-1.png]]

[[ATTACHMENT|carousel-wondernails-carou-feb19--affect-other-page-elements-Mobile-Safari\video.webm]]

[[ATTACHMENT|carousel-wondernails-carou-feb19--affect-other-page-elements-Mobile-Safari\error-context.md]]
]]>
</system-out>
</testcase>
<testcase name="Wondernails Carousel Hero Section › should handle rapid clicking without breaking" classname="carousel\wondernails-carousel.spec.ts" time="16.448">
<failure message="wondernails-carousel.spec.ts:298:7 should handle rapid clicking without breaking" type="FAILURE">
<![CDATA[  [Mobile Safari] › carousel\wondernails-carousel.spec.ts:298:7 › Wondernails Carousel Hero Section › should handle rapid clicking without breaking 

    TimeoutError: page.waitForSelector: Timeout 15000ms exceeded.
    Call log:
      - waiting for locator('[data-testid="carousel-container"]') to be visible


       7 |     await page.goto(WONDERNAILS_URL);
       8 |     // Wait for the carousel to be fully loaded
    >  9 |     await page.waitForSelector('[data-testid="carousel-container"]');
         |                ^
      10 |   });
      11 |
      12 |   test("should display the carousel container with correct structure", async ({
        at C:\Dev\Zo\sass-store\tests\e2e\carousel\wondernails-carousel.spec.ts:9:16

    attachment #1: screenshot (image/png) ──────────────────────────────────────────────────────────
    ..\..\test-results\carousel-wondernails-carou-d88ff-d-clicking-without-breaking-Mobile-Safari\test-failed-1.png
    ────────────────────────────────────────────────────────────────────────────────────────────────

    attachment #2: video (video/webm) ──────────────────────────────────────────────────────────────
    ..\..\test-results\carousel-wondernails-carou-d88ff-d-clicking-without-breaking-Mobile-Safari\video.webm
    ────────────────────────────────────────────────────────────────────────────────────────────────

    Error Context: ..\..\test-results\carousel-wondernails-carou-d88ff-d-clicking-without-breaking-Mobile-Safari\error-context.md
]]>
</failure>
<system-out>
<![CDATA[
[[ATTACHMENT|carousel-wondernails-carou-d88ff-d-clicking-without-breaking-Mobile-Safari\test-failed-1.png]]

[[ATTACHMENT|carousel-wondernails-carou-d88ff-d-clicking-without-breaking-Mobile-Safari\video.webm]]

[[ATTACHMENT|carousel-wondernails-carou-d88ff-d-clicking-without-breaking-Mobile-Safari\error-context.md]]
]]>
</system-out>
</testcase>
<testcase name="Wondernails Carousel Hero Section › should maintain performance with smooth animations" classname="carousel\wondernails-carousel.spec.ts" time="16.416">
<failure message="wondernails-carousel.spec.ts:317:7 should maintain performance with smooth animations" type="FAILURE">
<![CDATA[  [Mobile Safari] › carousel\wondernails-carousel.spec.ts:317:7 › Wondernails Carousel Hero Section › should maintain performance with smooth animations 

    TimeoutError: page.waitForSelector: Timeout 15000ms exceeded.
    Call log:
      - waiting for locator('[data-testid="carousel-container"]') to be visible


       7 |     await page.goto(WONDERNAILS_URL);
       8 |     // Wait for the carousel to be fully loaded
    >  9 |     await page.waitForSelector('[data-testid="carousel-container"]');
         |                ^
      10 |   });
      11 |
      12 |   test("should display the carousel container with correct structure", async ({
        at C:\Dev\Zo\sass-store\tests\e2e\carousel\wondernails-carousel.spec.ts:9:16

    attachment #1: screenshot (image/png) ──────────────────────────────────────────────────────────
    ..\..\test-results\carousel-wondernails-carou-d7c65-ance-with-smooth-animations-Mobile-Safari\test-failed-1.png
    ────────────────────────────────────────────────────────────────────────────────────────────────

    attachment #2: video (video/webm) ──────────────────────────────────────────────────────────────
    ..\..\test-results\carousel-wondernails-carou-d7c65-ance-with-smooth-animations-Mobile-Safari\video.webm
    ────────────────────────────────────────────────────────────────────────────────────────────────

    Error Context: ..\..\test-results\carousel-wondernails-carou-d7c65-ance-with-smooth-animations-Mobile-Safari\error-context.md
]]>
</failure>
<system-out>
<![CDATA[
[[ATTACHMENT|carousel-wondernails-carou-d7c65-ance-with-smooth-animations-Mobile-Safari\test-failed-1.png]]

[[ATTACHMENT|carousel-wondernails-carou-d7c65-ance-with-smooth-animations-Mobile-Safari\video.webm]]

[[ATTACHMENT|carousel-wondernails-carou-d7c65-ance-with-smooth-animations-Mobile-Safari\error-context.md]]
]]>
</system-out>
</testcase>
</testsuite>
<testsuite name="cart\cart-comprehensive.spec.ts" timestamp="2025-10-29T19:08:05.826Z" hostname="Mobile Safari" tests="17" failures="1" skipped="0" time="76.161" errors="0">
<testcase name="Cart - Comprehensive E2E Tests › Basic Cart Operations › should add single item to cart" classname="cart\cart-comprehensive.spec.ts" time="6.849">
</testcase>
<testcase name="Cart - Comprehensive E2E Tests › Basic Cart Operations › should add multiple different items to cart" classname="cart\cart-comprehensive.spec.ts" time="7.495">
</testcase>
<testcase name="Cart - Comprehensive E2E Tests › Basic Cart Operations › should handle quantity increment/decrement" classname="cart\cart-comprehensive.spec.ts" time="7.067">
</testcase>
<testcase name="Cart - Comprehensive E2E Tests › Cart Persistence &amp; State Management › should persist cart across page reloads" classname="cart\cart-comprehensive.spec.ts" time="3.213">
</testcase>
<testcase name="Cart - Comprehensive E2E Tests › Cart Persistence &amp; State Management › should persist cart across navigation" classname="cart\cart-comprehensive.spec.ts" time="3.122">
</testcase>
<testcase name="Cart - Comprehensive E2E Tests › Cart Persistence &amp; State Management › should isolate cart data between tenants" classname="cart\cart-comprehensive.spec.ts" time="2.612">
</testcase>
<testcase name="Cart - Comprehensive E2E Tests › Cart Calculations &amp; Pricing › should calculate correct totals with multiple items" classname="cart\cart-comprehensive.spec.ts" time="4.587">
</testcase>
<testcase name="Cart - Comprehensive E2E Tests › Cart Calculations &amp; Pricing › should handle free shipping threshold" classname="cart\cart-comprehensive.spec.ts" time="4.661">
</testcase>
<testcase name="Cart - Comprehensive E2E Tests › Error Handling &amp; Edge Cases › should handle empty cart gracefully" classname="cart\cart-comprehensive.spec.ts" time="7.453">
<failure message="cart-comprehensive.spec.ts:333:9 should handle empty cart gracefully" type="FAILURE">
<![CDATA[  [Mobile Safari] › cart\cart-comprehensive.spec.ts:333:9 › Cart - Comprehensive E2E Tests › Error Handling & Edge Cases › should handle empty cart gracefully 

    Error: expect(received).toBeGreaterThan(expected)

    Expected: > 0
    Received:   0

      345 |       const continueShopping = page.locator('text=/continuar comprando|keep shopping/');
      346 |
    > 347 |       expect(await emptyMessage.count() + await continueShopping.count()).toBeGreaterThan(0);
          |                                                                           ^
      348 |
      349 |       console.log(`✅ ${tenant}: Empty cart handled gracefully`);
      350 |     });
        at C:\Dev\Zo\sass-store\tests\e2e\cart\cart-comprehensive.spec.ts:347:75

    attachment #1: screenshot (image/png) ──────────────────────────────────────────────────────────
    ..\..\test-results\cart-cart-comprehensive-Ca-b8fbf-andle-empty-cart-gracefully-Mobile-Safari\test-failed-1.png
    ────────────────────────────────────────────────────────────────────────────────────────────────

    attachment #2: video (video/webm) ──────────────────────────────────────────────────────────────
    ..\..\test-results\cart-cart-comprehensive-Ca-b8fbf-andle-empty-cart-gracefully-Mobile-Safari\video.webm
    ────────────────────────────────────────────────────────────────────────────────────────────────

    Error Context: ..\..\test-results\cart-cart-comprehensive-Ca-b8fbf-andle-empty-cart-gracefully-Mobile-Safari\error-context.md
]]>
</failure>
<system-out>
<![CDATA[
[[ATTACHMENT|cart-cart-comprehensive-Ca-b8fbf-andle-empty-cart-gracefully-Mobile-Safari\test-failed-1.png]]

[[ATTACHMENT|cart-cart-comprehensive-Ca-b8fbf-andle-empty-cart-gracefully-Mobile-Safari\video.webm]]

[[ATTACHMENT|cart-cart-comprehensive-Ca-b8fbf-andle-empty-cart-gracefully-Mobile-Safari\error-context.md]]
]]>
</system-out>
</testcase>
<testcase name="Cart - Comprehensive E2E Tests › Error Handling &amp; Edge Cases › should handle network errors during add to cart" classname="cart\cart-comprehensive.spec.ts" time="0.475">
<system-out>
<![CDATA[⏭️ Network error test requires mocking - skipping for now
]]>
</system-out>
</testcase>
<testcase name="Cart - Comprehensive E2E Tests › Error Handling &amp; Edge Cases › should handle invalid product data" classname="cart\cart-comprehensive.spec.ts" time="7.599">
<system-out>
<![CDATA[✅ wondernails: Invalid data handled gracefully
]]>
</system-out>
</testcase>
<testcase name="Cart - Comprehensive E2E Tests › Cart UI/UX › should show loading states appropriately" classname="cart\cart-comprehensive.spec.ts" time="4.92">
</testcase>
<testcase name="Cart - Comprehensive E2E Tests › Cart UI/UX › should be keyboard accessible" classname="cart\cart-comprehensive.spec.ts" time="4.595">
<system-out>
<![CDATA[✅ wondernails: Cart is keyboard accessible
]]>
</system-out>
</testcase>
<testcase name="Cart - Comprehensive E2E Tests › Cart UI/UX › should work on mobile viewport" classname="cart\cart-comprehensive.spec.ts" time="2.943">
</testcase>
<testcase name="Cart - Comprehensive E2E Tests › Performance &amp; Load Testing › should handle large cart efficiently" classname="cart\cart-comprehensive.spec.ts" time="3.198">
<system-out>
<![CDATA[✅ wondernails: Large cart handled efficiently (0ms for 0 items)
]]>
</system-out>
</testcase>
<testcase name="Cart - Comprehensive E2E Tests › Performance &amp; Load Testing › should handle rapid add/remove operations" classname="cart\cart-comprehensive.spec.ts" time="2.87">
</testcase>
<testcase name="Cart - Comprehensive E2E Tests › Cross-browser Compatibility › should work with different browsers" classname="cart\cart-comprehensive.spec.ts" time="2.502">
</testcase>
</testsuite>
<testsuite name="cart\cart-coupon-tests.spec.ts" timestamp="2025-10-29T19:08:05.826Z" hostname="Mobile Safari" tests="12" failures="1" skipped="0" time="57.636" errors="0">
<testcase name="Cart - Coupon System › Coupon Application › should apply valid percentage coupon" classname="cart\cart-coupon-tests.spec.ts" time="2.693">
</testcase>
<testcase name="Cart - Coupon System › Coupon Application › should apply valid flat discount coupon" classname="cart\cart-coupon-tests.spec.ts" time="2.878">
</testcase>
<testcase name="Cart - Coupon System › Coupon Application › should reject invalid coupon" classname="cart\cart-coupon-tests.spec.ts" time="3.157">
</testcase>
<testcase name="Cart - Coupon System › Coupon Edge Cases › should handle coupon case insensitivity" classname="cart\cart-coupon-tests.spec.ts" time="3.279">
</testcase>
<testcase name="Cart - Coupon System › Coupon Edge Cases › should allow coupon removal" classname="cart\cart-coupon-tests.spec.ts" time="2.845">
</testcase>
<testcase name="Cart - Coupon System › Coupon Edge Cases › should handle multiple coupon applications" classname="cart\cart-coupon-tests.spec.ts" time="2.834">
</testcase>
<testcase name="Cart - Coupon System › Coupon Validation › should validate minimum purchase requirements" classname="cart\cart-coupon-tests.spec.ts" time="4.254">
</testcase>
<testcase name="Cart - Coupon System › Coupon Validation › should handle expired coupons" classname="cart\cart-coupon-tests.spec.ts" time="2.659">
</testcase>
<testcase name="Cart - Coupon System › Coupon Validation › should prevent coupon abuse" classname="cart\cart-coupon-tests.spec.ts" time="3.208">
</testcase>
<testcase name="Cart - Coupon System › Discount Calculations › should calculate percentage discounts correctly" classname="cart\cart-coupon-tests.spec.ts" time="19.892">
<failure message="cart-coupon-tests.spec.ts:337:9 should calculate percentage discounts correctly" type="FAILURE">
<![CDATA[  [Mobile Safari] › cart\cart-coupon-tests.spec.ts:337:9 › Cart - Coupon System › Discount Calculations › should calculate percentage discounts correctly 

    TimeoutError: locator.textContent: Timeout 15000ms exceeded.
    Call log:
      - waiting for locator('text=/Subtotal|Subtotal:/').first()


      353 |
      354 |       // Subtotal should be 100 + (50*2) = 200
    > 355 |       const subtotalText = await page.locator('text=/Subtotal|Subtotal:/').first().textContent();
          |                                                                                    ^
      356 |       const subtotal = parseFloat(subtotalText?.replace(/[^\d.]/g, '') || '0');
      357 |       expect(subtotal).toBeCloseTo(200, 2);
      358 |
        at C:\Dev\Zo\sass-store\tests\e2e\cart\cart-coupon-tests.spec.ts:355:84

    attachment #1: screenshot (image/png) ──────────────────────────────────────────────────────────
    ..\..\test-results\cart-cart-coupon-tests-Car-61725-centage-discounts-correctly-Mobile-Safari\test-failed-1.png
    ────────────────────────────────────────────────────────────────────────────────────────────────

    attachment #2: video (video/webm) ──────────────────────────────────────────────────────────────
    ..\..\test-results\cart-cart-coupon-tests-Car-61725-centage-discounts-correctly-Mobile-Safari\video.webm
    ────────────────────────────────────────────────────────────────────────────────────────────────

    Error Context: ..\..\test-results\cart-cart-coupon-tests-Car-61725-centage-discounts-correctly-Mobile-Safari\error-context.md
]]>
</failure>
<system-out>
<![CDATA[
[[ATTACHMENT|cart-cart-coupon-tests-Car-61725-centage-discounts-correctly-Mobile-Safari\test-failed-1.png]]

[[ATTACHMENT|cart-cart-coupon-tests-Car-61725-centage-discounts-correctly-Mobile-Safari\video.webm]]

[[ATTACHMENT|cart-cart-coupon-tests-Car-61725-centage-discounts-correctly-Mobile-Safari\error-context.md]]
]]>
</system-out>
</testcase>
<testcase name="Cart - Coupon System › Discount Calculations › should calculate flat discounts correctly" classname="cart\cart-coupon-tests.spec.ts" time="4.513">
</testcase>
<testcase name="Cart - Coupon System › Discount Calculations › should not allow negative totals" classname="cart\cart-coupon-tests.spec.ts" time="5.424">
</testcase>
</testsuite>
<testsuite name="cart\cart-edge-cases.spec.ts" timestamp="2025-10-29T19:08:05.826Z" hostname="Mobile Safari" tests="14" failures="5" skipped="0" time="75.799" errors="0">
<testcase name="Cart - Edge Cases &amp; Error Handling › Boundary Conditions › should handle maximum quantity limits" classname="cart\cart-edge-cases.spec.ts" time="3.556">
</testcase>
<testcase name="Cart - Edge Cases &amp; Error Handling › Boundary Conditions › should handle zero quantity gracefully" classname="cart\cart-edge-cases.spec.ts" time="3.379">
</testcase>
<testcase name="Cart - Edge Cases &amp; Error Handling › Boundary Conditions › should handle negative quantities in localStorage" classname="cart\cart-edge-cases.spec.ts" time="4.88">
<system-out>
<![CDATA[✅ wondernails: Negative quantities sanitized correctly
]]>
</system-out>
</testcase>
<testcase name="Cart - Edge Cases &amp; Error Handling › Error Recovery › should recover from corrupted localStorage" classname="cart\cart-edge-cases.spec.ts" time="4.887">
</testcase>
<testcase name="Cart - Edge Cases &amp; Error Handling › Error Recovery › should handle network failures during cart operations" classname="cart\cart-edge-cases.spec.ts" time="3.028">
</testcase>
<testcase name="Cart - Edge Cases &amp; Error Handling › Error Recovery › should handle concurrent cart modifications" classname="cart\cart-edge-cases.spec.ts" time="3.29">
</testcase>
<testcase name="Cart - Edge Cases &amp; Error Handling › Data Integrity › should deduplicate identical items" classname="cart\cart-edge-cases.spec.ts" time="3.229">
</testcase>
<testcase name="Cart - Edge Cases &amp; Error Handling › Data Integrity › should handle items with missing required fields" classname="cart\cart-edge-cases.spec.ts" time="4.417">
<failure message="cart-edge-cases.spec.ts:298:9 should handle items with missing required fields" type="FAILURE">
<![CDATA[  [Mobile Safari] › cart\cart-edge-cases.spec.ts:298:9 › Cart - Edge Cases & Error Handling › Data Integrity › should handle items with missing required fields 

    Error: expect(received).toBeGreaterThanOrEqual(expected)

    Expected: >= 1
    Received:    0

      320 |
      321 |       // Should have at least the valid item
    > 322 |       expect(itemCount).toBeGreaterThanOrEqual(1);
          |                         ^
      323 |
      324 |       // Valid item should be present
      325 |       const validItem = cartItems.filter({ hasText: 'Valid Item' });
        at C:\Dev\Zo\sass-store\tests\e2e\cart\cart-edge-cases.spec.ts:322:25

    attachment #1: screenshot (image/png) ──────────────────────────────────────────────────────────
    ..\..\test-results\cart-cart-edge-cases-Cart--cc018-ith-missing-required-fields-Mobile-Safari\test-failed-1.png
    ────────────────────────────────────────────────────────────────────────────────────────────────

    attachment #2: video (video/webm) ──────────────────────────────────────────────────────────────
    ..\..\test-results\cart-cart-edge-cases-Cart--cc018-ith-missing-required-fields-Mobile-Safari\video.webm
    ────────────────────────────────────────────────────────────────────────────────────────────────

    Error Context: ..\..\test-results\cart-cart-edge-cases-Cart--cc018-ith-missing-required-fields-Mobile-Safari\error-context.md
]]>
</failure>
<system-out>
<![CDATA[
[[ATTACHMENT|cart-cart-edge-cases-Cart--cc018-ith-missing-required-fields-Mobile-Safari\test-failed-1.png]]

[[ATTACHMENT|cart-cart-edge-cases-Cart--cc018-ith-missing-required-fields-Mobile-Safari\video.webm]]

[[ATTACHMENT|cart-cart-edge-cases-Cart--cc018-ith-missing-required-fields-Mobile-Safari\error-context.md]]
]]>
</system-out>
</testcase>
<testcase name="Cart - Edge Cases &amp; Error Handling › Data Integrity › should validate price data types" classname="cart\cart-edge-cases.spec.ts" time="4.556">
<failure message="cart-edge-cases.spec.ts:331:9 should validate price data types" type="FAILURE">
<![CDATA[  [Mobile Safari] › cart\cart-edge-cases.spec.ts:331:9 › Cart - Edge Cases & Error Handling › Data Integrity › should validate price data types 

    Error: expect(received).toBeGreaterThanOrEqual(expected)

    Expected: >= 1
    Received:    0

      353 |       const itemCount = await cartItems.count();
      354 |
    > 355 |       expect(itemCount).toBeGreaterThanOrEqual(1);
          |                         ^
      356 |
      357 |       // Check for toFixed errors (common with invalid prices)
      358 |       const errors: string[] = [];
        at C:\Dev\Zo\sass-store\tests\e2e\cart\cart-edge-cases.spec.ts:355:25

    attachment #1: screenshot (image/png) ──────────────────────────────────────────────────────────
    ..\..\test-results\cart-cart-edge-cases-Cart--84fa8-d-validate-price-data-types-Mobile-Safari\test-failed-1.png
    ────────────────────────────────────────────────────────────────────────────────────────────────

    attachment #2: video (video/webm) ──────────────────────────────────────────────────────────────
    ..\..\test-results\cart-cart-edge-cases-Cart--84fa8-d-validate-price-data-types-Mobile-Safari\video.webm
    ────────────────────────────────────────────────────────────────────────────────────────────────

    Error Context: ..\..\test-results\cart-cart-edge-cases-Cart--84fa8-d-validate-price-data-types-Mobile-Safari\error-context.md
]]>
</failure>
<system-out>
<![CDATA[
[[ATTACHMENT|cart-cart-edge-cases-Cart--84fa8-d-validate-price-data-types-Mobile-Safari\test-failed-1.png]]

[[ATTACHMENT|cart-cart-edge-cases-Cart--84fa8-d-validate-price-data-types-Mobile-Safari\video.webm]]

[[ATTACHMENT|cart-cart-edge-cases-Cart--84fa8-d-validate-price-data-types-Mobile-Safari\error-context.md]]
]]>
</system-out>
</testcase>
<testcase name="Cart - Edge Cases &amp; Error Handling › Performance Edge Cases › should handle very large cart data" classname="cart\cart-edge-cases.spec.ts" time="4.859">
<failure message="cart-edge-cases.spec.ts:373:9 should handle very large cart data" type="FAILURE">
<![CDATA[  [Mobile Safari] › cart\cart-edge-cases.spec.ts:373:9 › Cart - Edge Cases & Error Handling › Performance Edge Cases › should handle very large cart data 

    Error: expect(received).toBeGreaterThan(expected)

    Expected: > 0
    Received:   0

      406 |       const displayedCount = await cartItems.count();
      407 |
    > 408 |       expect(displayedCount).toBeGreaterThan(0);
          |                              ^
      409 |
      410 |       // Should calculate totals
      411 |       const totalElement = page.locator('text=/Total|Total:/');
        at C:\Dev\Zo\sass-store\tests\e2e\cart\cart-edge-cases.spec.ts:408:30

    attachment #1: screenshot (image/png) ──────────────────────────────────────────────────────────
    ..\..\test-results\cart-cart-edge-cases-Cart--b21b9-handle-very-large-cart-data-Mobile-Safari\test-failed-1.png
    ────────────────────────────────────────────────────────────────────────────────────────────────

    attachment #2: video (video/webm) ──────────────────────────────────────────────────────────────
    ..\..\test-results\cart-cart-edge-cases-Cart--b21b9-handle-very-large-cart-data-Mobile-Safari\video.webm
    ────────────────────────────────────────────────────────────────────────────────────────────────

    Error Context: ..\..\test-results\cart-cart-edge-cases-Cart--b21b9-handle-very-large-cart-data-Mobile-Safari\error-context.md
]]>
</failure>
<system-out>
<![CDATA[
[[ATTACHMENT|cart-cart-edge-cases-Cart--b21b9-handle-very-large-cart-data-Mobile-Safari\test-failed-1.png]]

[[ATTACHMENT|cart-cart-edge-cases-Cart--b21b9-handle-very-large-cart-data-Mobile-Safari\video.webm]]

[[ATTACHMENT|cart-cart-edge-cases-Cart--b21b9-handle-very-large-cart-data-Mobile-Safari\error-context.md]]
]]>
</system-out>
</testcase>
<testcase name="Cart - Edge Cases &amp; Error Handling › Performance Edge Cases › should handle rapid state changes" classname="cart\cart-edge-cases.spec.ts" time="19.456">
<failure message="cart-edge-cases.spec.ts:417:9 should handle rapid state changes" type="FAILURE">
<![CDATA[  [Mobile Safari] › cart\cart-edge-cases.spec.ts:417:9 › Cart - Edge Cases & Error Handling › Performance Edge Cases › should handle rapid state changes 

    TimeoutError: locator.click: Timeout 15000ms exceeded.
    Call log:
      - waiting for locator('[data-testid="cart-item"]').first().locator('button:has-text("+")')


      445 |       const operations = [];
      446 |       for (let i = 0; i < 20; i++) {
    > 447 |         operations.push(plusButton.click());
          |                                    ^
      448 |         operations.push(page.waitForTimeout(10));
      449 |         if (i % 3 === 0) {
      450 |           operations.push(minusButton.click());
        at C:\Dev\Zo\sass-store\tests\e2e\cart\cart-edge-cases.spec.ts:447:36

    attachment #1: screenshot (image/png) ──────────────────────────────────────────────────────────
    ..\..\test-results\cart-cart-edge-cases-Cart--91114--handle-rapid-state-changes-Mobile-Safari\test-failed-1.png
    ────────────────────────────────────────────────────────────────────────────────────────────────

    attachment #2: video (video/webm) ──────────────────────────────────────────────────────────────
    ..\..\test-results\cart-cart-edge-cases-Cart--91114--handle-rapid-state-changes-Mobile-Safari\video.webm
    ────────────────────────────────────────────────────────────────────────────────────────────────

    Error Context: ..\..\test-results\cart-cart-edge-cases-Cart--91114--handle-rapid-state-changes-Mobile-Safari\error-context.md
]]>
</failure>
<system-out>
<![CDATA[
[[ATTACHMENT|cart-cart-edge-cases-Cart--91114--handle-rapid-state-changes-Mobile-Safari\test-failed-1.png]]

[[ATTACHMENT|cart-cart-edge-cases-Cart--91114--handle-rapid-state-changes-Mobile-Safari\video.webm]]

[[ATTACHMENT|cart-cart-edge-cases-Cart--91114--handle-rapid-state-changes-Mobile-Safari\error-context.md]]
]]>
</system-out>
</testcase>
<testcase name="Cart - Edge Cases &amp; Error Handling › Accessibility &amp; Usability › should maintain focus during cart operations" classname="cart\cart-edge-cases.spec.ts" time="3.235">
</testcase>
<testcase name="Cart - Edge Cases &amp; Error Handling › Accessibility &amp; Usability › should provide clear error messages" classname="cart\cart-edge-cases.spec.ts" time="2.862">
</testcase>
<testcase name="Cart - Edge Cases &amp; Error Handling › Accessibility &amp; Usability › should handle very long item names" classname="cart\cart-edge-cases.spec.ts" time="10.165">
<failure message="cart-edge-cases.spec.ts:527:9 should handle very long item names" type="FAILURE">
<![CDATA[  [Mobile Safari] › cart\cart-edge-cases.spec.ts:527:9 › Cart - Edge Cases & Error Handling › Accessibility & Usability › should handle very long item names 

    Error: expect(locator).toBeVisible() failed

    Locator: locator('[data-testid="cart-item"]').first()
    Expected: visible
    Timeout: 5000ms
    Error: element(s) not found

    Call log:
      - Expect "toBeVisible" with timeout 5000ms
      - waiting for locator('[data-testid="cart-item"]').first()


      547 |       // Should handle long names without breaking layout
      548 |       const cartItem = page.locator('[data-testid="cart-item"]').first();
    > 549 |       await expect(cartItem).toBeVisible();
          |                              ^
      550 |
      551 |       // Should not have horizontal scroll issues
      552 |       const scrollWidth = await page.evaluate(() => document.body.scrollWidth);
        at C:\Dev\Zo\sass-store\tests\e2e\cart\cart-edge-cases.spec.ts:549:30

    attachment #1: screenshot (image/png) ──────────────────────────────────────────────────────────
    ..\..\test-results\cart-cart-edge-cases-Cart--4841f-handle-very-long-item-names-Mobile-Safari\test-failed-1.png
    ────────────────────────────────────────────────────────────────────────────────────────────────

    attachment #2: video (video/webm) ──────────────────────────────────────────────────────────────
    ..\..\test-results\cart-cart-edge-cases-Cart--4841f-handle-very-long-item-names-Mobile-Safari\video.webm
    ────────────────────────────────────────────────────────────────────────────────────────────────

    Error Context: ..\..\test-results\cart-cart-edge-cases-Cart--4841f-handle-very-long-item-names-Mobile-Safari\error-context.md
]]>
</failure>
<system-out>
<![CDATA[
[[ATTACHMENT|cart-cart-edge-cases-Cart--4841f-handle-very-long-item-names-Mobile-Safari\test-failed-1.png]]

[[ATTACHMENT|cart-cart-edge-cases-Cart--4841f-handle-very-long-item-names-Mobile-Safari\video.webm]]

[[ATTACHMENT|cart-cart-edge-cases-Cart--4841f-handle-very-long-item-names-Mobile-Safari\error-context.md]]
]]>
</system-out>
</testcase>
</testsuite>
<testsuite name="cart\cart-mobile-responsive.spec.ts" timestamp="2025-10-29T19:08:05.826Z" hostname="Mobile Safari" tests="12" failures="6" skipped="0" time="66.265" errors="0">
<testcase name="Cart - Mobile &amp; Responsive › Mobile Viewport Tests › should work on iPhone SE" classname="cart\cart-mobile-responsive.spec.ts" time="2.652">
</testcase>
<testcase name="Cart - Mobile &amp; Responsive › Mobile Viewport Tests › should work on iPhone 12 Pro Max" classname="cart\cart-mobile-responsive.spec.ts" time="2.948">
</testcase>
<testcase name="Cart - Mobile &amp; Responsive › Mobile Viewport Tests › should work on Galaxy S21" classname="cart\cart-mobile-responsive.spec.ts" time="3.086">
</testcase>
<testcase name="Cart - Mobile &amp; Responsive › Tablet Viewport Tests › should work on iPad" classname="cart\cart-mobile-responsive.spec.ts" time="3.412">
<failure message="cart-mobile-responsive.spec.ts:124:9 should work on iPad" type="FAILURE">
<![CDATA[  [Mobile Safari] › cart\cart-mobile-responsive.spec.ts:124:9 › Cart - Mobile & Responsive › Tablet Viewport Tests › should work on iPad 

    Error: expect(received).toContain(expected) // indexOf

    Expected substring: "/cart"
    Received string:    "http://localhost:3001/t/wondernails/products"

      149 |       }
      150 |
    > 151 |       expect(page.url()).toContain('/cart');
          |                          ^
      152 |
      153 |       // Verify multiple items display well on tablet
      154 |       const cartItems = page.locator('[data-testid="cart-item"]');
        at C:\Dev\Zo\sass-store\tests\e2e\cart\cart-mobile-responsive.spec.ts:151:26

    attachment #1: screenshot (image/png) ──────────────────────────────────────────────────────────
    ..\..\test-results\cart-cart-mobile-responsiv-5f089-t-Tests-should-work-on-iPad-Mobile-Safari\test-failed-1.png
    ────────────────────────────────────────────────────────────────────────────────────────────────

    attachment #2: video (video/webm) ──────────────────────────────────────────────────────────────
    ..\..\test-results\cart-cart-mobile-responsiv-5f089-t-Tests-should-work-on-iPad-Mobile-Safari\video.webm
    ────────────────────────────────────────────────────────────────────────────────────────────────

    Error Context: ..\..\test-results\cart-cart-mobile-responsiv-5f089-t-Tests-should-work-on-iPad-Mobile-Safari\error-context.md
]]>
</failure>
<system-out>
<![CDATA[
[[ATTACHMENT|cart-cart-mobile-responsiv-5f089-t-Tests-should-work-on-iPad-Mobile-Safari\test-failed-1.png]]

[[ATTACHMENT|cart-cart-mobile-responsiv-5f089-t-Tests-should-work-on-iPad-Mobile-Safari\video.webm]]

[[ATTACHMENT|cart-cart-mobile-responsiv-5f089-t-Tests-should-work-on-iPad-Mobile-Safari\error-context.md]]
]]>
</system-out>
</testcase>
<testcase name="Cart - Mobile &amp; Responsive › Tablet Viewport Tests › should work on iPad Pro" classname="cart\cart-mobile-responsive.spec.ts" time="7.071">
<failure message="cart-mobile-responsive.spec.ts:167:9 should work on iPad Pro" type="FAILURE">
<![CDATA[  [Mobile Safari] › cart\cart-mobile-responsive.spec.ts:167:9 › Cart - Mobile & Responsive › Tablet Viewport Tests › should work on iPad Pro 

    Error: expect(received).toBe(expected) // Object.is equality

    Expected: 3
    Received: 0

      189 |       const cartItems = page.locator('[data-testid="cart-item"]');
      190 |       const itemCount = await cartItems.count();
    > 191 |       expect(itemCount).toBe(3);
          |                         ^
      192 |
      193 |       // Check that long item names don't break layout
      194 |       for (let i = 0; i < itemCount; i++) {
        at C:\Dev\Zo\sass-store\tests\e2e\cart\cart-mobile-responsive.spec.ts:191:25

    attachment #1: screenshot (image/png) ──────────────────────────────────────────────────────────
    ..\..\test-results\cart-cart-mobile-responsiv-05bb0-sts-should-work-on-iPad-Pro-Mobile-Safari\test-failed-1.png
    ────────────────────────────────────────────────────────────────────────────────────────────────

    attachment #2: video (video/webm) ──────────────────────────────────────────────────────────────
    ..\..\test-results\cart-cart-mobile-responsiv-05bb0-sts-should-work-on-iPad-Pro-Mobile-Safari\video.webm
    ────────────────────────────────────────────────────────────────────────────────────────────────

    Error Context: ..\..\test-results\cart-cart-mobile-responsiv-05bb0-sts-should-work-on-iPad-Pro-Mobile-Safari\error-context.md
]]>
</failure>
<system-out>
<![CDATA[
[[ATTACHMENT|cart-cart-mobile-responsiv-05bb0-sts-should-work-on-iPad-Pro-Mobile-Safari\test-failed-1.png]]

[[ATTACHMENT|cart-cart-mobile-responsiv-05bb0-sts-should-work-on-iPad-Pro-Mobile-Safari\video.webm]]

[[ATTACHMENT|cart-cart-mobile-responsiv-05bb0-sts-should-work-on-iPad-Pro-Mobile-Safari\error-context.md]]
]]>
</system-out>
</testcase>
<testcase name="Cart - Mobile &amp; Responsive › Desktop Responsive Tests › should adapt to different desktop screen sizes" classname="cart\cart-mobile-responsive.spec.ts" time="5.467">
<failure message="cart-mobile-responsive.spec.ts:212:9 should adapt to different desktop screen sizes" type="FAILURE">
<![CDATA[  [Mobile Safari] › cart\cart-mobile-responsive.spec.ts:212:9 › Cart - Mobile & Responsive › Desktop Responsive Tests › should adapt to different desktop screen sizes 

    Error: expect(received).toBe(expected) // Object.is equality

    Expected: 2
    Received: 0

      240 |         const cartItems = page.locator('[data-testid="cart-item"]');
      241 |         const itemCount = await cartItems.count();
    > 242 |         expect(itemCount).toBe(2);
          |                           ^
      243 |
      244 |         // Check layout utilizes screen space effectively
      245 |         const cartContainer = page.locator('[data-testid="cart-container"], .cart-container, main').first();
        at C:\Dev\Zo\sass-store\tests\e2e\cart\cart-mobile-responsive.spec.ts:242:27

    attachment #1: screenshot (image/png) ──────────────────────────────────────────────────────────
    ..\..\test-results\cart-cart-mobile-responsiv-0669e-ferent-desktop-screen-sizes-Mobile-Safari\test-failed-1.png
    ────────────────────────────────────────────────────────────────────────────────────────────────

    attachment #2: video (video/webm) ──────────────────────────────────────────────────────────────
    ..\..\test-results\cart-cart-mobile-responsiv-0669e-ferent-desktop-screen-sizes-Mobile-Safari\video.webm
    ────────────────────────────────────────────────────────────────────────────────────────────────

    Error Context: ..\..\test-results\cart-cart-mobile-responsiv-0669e-ferent-desktop-screen-sizes-Mobile-Safari\error-context.md
]]>
</failure>
<system-out>
<![CDATA[
[[ATTACHMENT|cart-cart-mobile-responsiv-0669e-ferent-desktop-screen-sizes-Mobile-Safari\test-failed-1.png]]

[[ATTACHMENT|cart-cart-mobile-responsiv-0669e-ferent-desktop-screen-sizes-Mobile-Safari\video.webm]]

[[ATTACHMENT|cart-cart-mobile-responsiv-0669e-ferent-desktop-screen-sizes-Mobile-Safari\error-context.md]]
]]>
</system-out>
</testcase>
<testcase name="Cart - Mobile &amp; Responsive › Touch &amp; Gesture Tests › should handle touch gestures on mobile" classname="cart\cart-mobile-responsive.spec.ts" time="3.182">
</testcase>
<testcase name="Cart - Mobile &amp; Responsive › Touch &amp; Gesture Tests › should handle swipe gestures for cart navigation" classname="cart\cart-mobile-responsive.spec.ts" time="4.458">
<failure message="cart-mobile-responsive.spec.ts:300:9 should handle swipe gestures for cart navigation" type="FAILURE">
<![CDATA[  [Mobile Safari] › cart\cart-mobile-responsive.spec.ts:300:9 › Cart - Mobile & Responsive › Touch & Gesture Tests › should handle swipe gestures for cart navigation 

    Error: expect(received).toBe(expected) // Object.is equality

    Expected: 5
    Received: 0

      326 |       const cartItems = page.locator('[data-testid="cart-item"]');
      327 |       const itemCount = await cartItems.count();
    > 328 |       expect(itemCount).toBe(5);
          |                         ^
      329 |
      330 |       // Test scrolling on mobile
      331 |       const lastItem = cartItems.last();
        at C:\Dev\Zo\sass-store\tests\e2e\cart\cart-mobile-responsive.spec.ts:328:25

    attachment #1: screenshot (image/png) ──────────────────────────────────────────────────────────
    ..\..\test-results\cart-cart-mobile-responsiv-525f5-estures-for-cart-navigation-Mobile-Safari\test-failed-1.png
    ────────────────────────────────────────────────────────────────────────────────────────────────

    attachment #2: video (video/webm) ──────────────────────────────────────────────────────────────
    ..\..\test-results\cart-cart-mobile-responsiv-525f5-estures-for-cart-navigation-Mobile-Safari\video.webm
    ────────────────────────────────────────────────────────────────────────────────────────────────

    Error Context: ..\..\test-results\cart-cart-mobile-responsiv-525f5-estures-for-cart-navigation-Mobile-Safari\error-context.md
]]>
</failure>
<system-out>
<![CDATA[
[[ATTACHMENT|cart-cart-mobile-responsiv-525f5-estures-for-cart-navigation-Mobile-Safari\test-failed-1.png]]

[[ATTACHMENT|cart-cart-mobile-responsiv-525f5-estures-for-cart-navigation-Mobile-Safari\video.webm]]

[[ATTACHMENT|cart-cart-mobile-responsiv-525f5-estures-for-cart-navigation-Mobile-Safari\error-context.md]]
]]>
</system-out>
</testcase>
<testcase name="Cart - Mobile &amp; Responsive › Orientation Tests › should handle orientation changes" classname="cart\cart-mobile-responsive.spec.ts" time="4.328">
<failure message="cart-mobile-responsive.spec.ts:342:9 should handle orientation changes" type="FAILURE">
<![CDATA[  [Mobile Safari] › cart\cart-mobile-responsive.spec.ts:342:9 › Cart - Mobile & Responsive › Orientation Tests › should handle orientation changes 

    Error: expect(received).toBe(expected) // Object.is equality

    Expected: 2
    Received: 0

      362 |       // Verify portrait layout
      363 |       const portraitItems = page.locator('[data-testid="cart-item"]');
    > 364 |       expect(await portraitItems.count()).toBe(2);
          |                                           ^
      365 |
      366 |       // Switch to landscape
      367 |       await page.setViewportSize({ width: 667, height: 375 });
        at C:\Dev\Zo\sass-store\tests\e2e\cart\cart-mobile-responsive.spec.ts:364:43

    attachment #1: screenshot (image/png) ──────────────────────────────────────────────────────────
    ..\..\test-results\cart-cart-mobile-responsiv-fcb4c--handle-orientation-changes-Mobile-Safari\test-failed-1.png
    ────────────────────────────────────────────────────────────────────────────────────────────────

    attachment #2: video (video/webm) ──────────────────────────────────────────────────────────────
    ..\..\test-results\cart-cart-mobile-responsiv-fcb4c--handle-orientation-changes-Mobile-Safari\video.webm
    ────────────────────────────────────────────────────────────────────────────────────────────────

    Error Context: ..\..\test-results\cart-cart-mobile-responsiv-fcb4c--handle-orientation-changes-Mobile-Safari\error-context.md
]]>
</failure>
<system-out>
<![CDATA[
[[ATTACHMENT|cart-cart-mobile-responsiv-fcb4c--handle-orientation-changes-Mobile-Safari\test-failed-1.png]]

[[ATTACHMENT|cart-cart-mobile-responsiv-fcb4c--handle-orientation-changes-Mobile-Safari\video.webm]]

[[ATTACHMENT|cart-cart-mobile-responsiv-fcb4c--handle-orientation-changes-Mobile-Safari\error-context.md]]
]]>
</system-out>
</testcase>
<testcase name="Cart - Mobile &amp; Responsive › Accessibility on Mobile › should maintain accessibility on small screens" classname="cart\cart-mobile-responsive.spec.ts" time="2.575">
</testcase>
<testcase name="Cart - Mobile &amp; Responsive › Accessibility on Mobile › should support keyboard navigation on tablets" classname="cart\cart-mobile-responsive.spec.ts" time="21.085">
<failure message="cart-mobile-responsive.spec.ts:433:9 should support keyboard navigation on tablets" type="FAILURE">
<![CDATA[  [Mobile Safari] › cart\cart-mobile-responsive.spec.ts:433:9 › Cart - Mobile & Responsive › Accessibility on Mobile › should support keyboard navigation on tablets 

    TimeoutError: locator.focus: Timeout 15000ms exceeded.
    Call log:
      - waiting for locator('[data-testid="cart-item"]').first().locator('button:has-text("+")')


      466 |       // Test Enter key on buttons
      467 |       const plusButton = page.locator('[data-testid="cart-item"]').first().locator('button:has-text("+")');
    > 468 |       await plusButton.focus();
          |                        ^
      469 |       await page.keyboard.press('Enter');
      470 |       await page.waitForTimeout(200);
      471 |
        at C:\Dev\Zo\sass-store\tests\e2e\cart\cart-mobile-responsive.spec.ts:468:24

    attachment #1: screenshot (image/png) ──────────────────────────────────────────────────────────
    ..\..\test-results\cart-cart-mobile-responsiv-9443f-board-navigation-on-tablets-Mobile-Safari\test-failed-1.png
    ────────────────────────────────────────────────────────────────────────────────────────────────

    attachment #2: video (video/webm) ──────────────────────────────────────────────────────────────
    ..\..\test-results\cart-cart-mobile-responsiv-9443f-board-navigation-on-tablets-Mobile-Safari\video.webm
    ────────────────────────────────────────────────────────────────────────────────────────────────

    Error Context: ..\..\test-results\cart-cart-mobile-responsiv-9443f-board-navigation-on-tablets-Mobile-Safari\error-context.md
]]>
</failure>
<system-out>
<![CDATA[
[[ATTACHMENT|cart-cart-mobile-responsiv-9443f-board-navigation-on-tablets-Mobile-Safari\test-failed-1.png]]

[[ATTACHMENT|cart-cart-mobile-responsiv-9443f-board-navigation-on-tablets-Mobile-Safari\video.webm]]

[[ATTACHMENT|cart-cart-mobile-responsiv-9443f-board-navigation-on-tablets-Mobile-Safari\error-context.md]]
]]>
</system-out>
</testcase>
<testcase name="Cart - Mobile &amp; Responsive › Performance on Mobile › should load quickly on slow mobile connections" classname="cart\cart-mobile-responsive.spec.ts" time="6.001">
<system-out>
<![CDATA[✅ wondernails: Performs well on slow mobile connections (3373ms load, 5117ms reload)
]]>
</system-out>
</testcase>
</testsuite>
<testsuite name="cart\cart-multiple-items-corrected.spec.ts" timestamp="2025-10-29T19:08:05.826Z" hostname="Mobile Safari" tests="3" failures="0" skipped="0" time="16.169" errors="0">
<testcase name="Cart - Multiple Items (CORRECTED) › should handle multiple items with correct price calculations" classname="cart\cart-multiple-items-corrected.spec.ts" time="7.522">
</testcase>
<testcase name="Cart - Multiple Items (CORRECTED) › should display correct unit prices for items with quantity &gt; 1" classname="cart\cart-multiple-items-corrected.spec.ts" time="4.846">
</testcase>
<testcase name="Cart - Multiple Items (CORRECTED) › should not crash when adding multiple items of same product" classname="cart\cart-multiple-items-corrected.spec.ts" time="3.801">
</testcase>
</testsuite>
<testsuite name="cart\cart-multiple-items.spec.ts" timestamp="2025-10-29T19:08:05.826Z" hostname="Mobile Safari" tests="3" failures="0" skipped="0" time="16.91" errors="0">
<testcase name="Cart - Multiple Items › should handle multiple items with correct price calculations" classname="cart\cart-multiple-items.spec.ts" time="7.916">
</testcase>
<testcase name="Cart - Multiple Items › should display correct unit prices for items with quantity &gt; 1" classname="cart\cart-multiple-items.spec.ts" time="4.438">
</testcase>
<testcase name="Cart - Multiple Items › should not crash when adding multiple items of same product" classname="cart\cart-multiple-items.spec.ts" time="4.556">
</testcase>
</testsuite>
<testsuite name="cart\cart-performance.spec.ts" timestamp="2025-10-29T19:08:05.826Z" hostname="Mobile Safari" tests="10" failures="4" skipped="0" time="48.049" errors="0">
<testcase name="Cart - Performance &amp; Load Testing › Load Performance › should handle 100+ cart items efficiently" classname="cart\cart-performance.spec.ts" time="5.254">
<failure message="cart-performance.spec.ts:12:9 should handle 100+ cart items efficiently" type="FAILURE">
<![CDATA[  [Mobile Safari] › cart\cart-performance.spec.ts:12:9 › Cart - Performance & Load Testing › Load Performance › should handle 100+ cart items efficiently 

    Error: expect(received).toBeGreaterThan(expected)

    Expected: > 50
    Received:   0

      45 |       const cartItems = page.locator('[data-testid="cart-item"]');
      46 |       const itemCount = await cartItems.count();
    > 47 |       expect(itemCount).toBeGreaterThan(50); // At least half should render
         |                         ^
      48 |
      49 |       // Should calculate totals
      50 |       const totalElement = page.locator('text=/Total|Total:/');
        at C:\Dev\Zo\sass-store\tests\e2e\cart\cart-performance.spec.ts:47:25

    attachment #1: screenshot (image/png) ──────────────────────────────────────────────────────────
    ..\..\test-results\cart-cart-performance-Cart-ebe4a--100-cart-items-efficiently-Mobile-Safari\test-failed-1.png
    ────────────────────────────────────────────────────────────────────────────────────────────────

    attachment #2: video (video/webm) ──────────────────────────────────────────────────────────────
    ..\..\test-results\cart-cart-performance-Cart-ebe4a--100-cart-items-efficiently-Mobile-Safari\video.webm
    ────────────────────────────────────────────────────────────────────────────────────────────────
]]>
</failure>
<system-out>
<![CDATA[
[[ATTACHMENT|cart-cart-performance-Cart-ebe4a--100-cart-items-efficiently-Mobile-Safari\test-failed-1.png]]

[[ATTACHMENT|cart-cart-performance-Cart-ebe4a--100-cart-items-efficiently-Mobile-Safari\video.webm]]
]]>
</system-out>
</testcase>
<testcase name="Cart - Performance &amp; Load Testing › Load Performance › should maintain performance with rapid operations" classname="cart\cart-performance.spec.ts" time="2.768">
</testcase>
<testcase name="Cart - Performance &amp; Load Testing › Load Performance › should handle memory efficiently with large carts" classname="cart\cart-performance.spec.ts" time="4.734">
<system-out>
<![CDATA[✅ wondernails: Memory monitoring not available, but cart loaded successfully
]]>
</system-out>
</testcase>
<testcase name="Cart - Performance &amp; Load Testing › Concurrent Operations › should handle simultaneous add/remove operations" classname="cart\cart-performance.spec.ts" time="6.985">
<failure message="cart-performance.spec.ts:167:9 should handle simultaneous add/remove operations" type="FAILURE">
<![CDATA[  [Mobile Safari] › cart\cart-performance.spec.ts:167:9 › Cart - Performance & Load Testing › Concurrent Operations › should handle simultaneous add/remove operations 

    Error: expect(received).toBe(expected) // Object.is equality

    Expected: true
    Received: false

      225 |
      226 |       // At least one page should have items
    > 227 |       expect(itemCounts.some(count => count > 0)).toBe(true);
          |                                                   ^
      228 |
      229 |       await page2.close();
      230 |       await page3.close();
        at C:\Dev\Zo\sass-store\tests\e2e\cart\cart-performance.spec.ts:227:51

    attachment #1: screenshot (image/png) ──────────────────────────────────────────────────────────
    ..\..\test-results\cart-cart-performance-Cart-c54fa-neous-add-remove-operations-Mobile-Safari\test-failed-2.png
    ────────────────────────────────────────────────────────────────────────────────────────────────

    attachment #2: screenshot (image/png) ──────────────────────────────────────────────────────────
    ..\..\test-results\cart-cart-performance-Cart-c54fa-neous-add-remove-operations-Mobile-Safari\test-failed-3.png
    ────────────────────────────────────────────────────────────────────────────────────────────────

    attachment #3: screenshot (image/png) ──────────────────────────────────────────────────────────
    ..\..\test-results\cart-cart-performance-Cart-c54fa-neous-add-remove-operations-Mobile-Safari\test-failed-1.png
    ────────────────────────────────────────────────────────────────────────────────────────────────

    attachment #4: video (video/webm) ──────────────────────────────────────────────────────────────
    ..\..\test-results\cart-cart-performance-Cart-c54fa-neous-add-remove-operations-Mobile-Safari\video-1.webm
    ────────────────────────────────────────────────────────────────────────────────────────────────

    attachment #5: video (video/webm) ──────────────────────────────────────────────────────────────
    ..\..\test-results\cart-cart-performance-Cart-c54fa-neous-add-remove-operations-Mobile-Safari\video.webm
    ────────────────────────────────────────────────────────────────────────────────────────────────

    attachment #6: video (video/webm) ──────────────────────────────────────────────────────────────
    ..\..\test-results\cart-cart-performance-Cart-c54fa-neous-add-remove-operations-Mobile-Safari\video-2.webm
    ────────────────────────────────────────────────────────────────────────────────────────────────

    Error Context: ..\..\test-results\cart-cart-performance-Cart-c54fa-neous-add-remove-operations-Mobile-Safari\error-context.md
]]>
</failure>
<system-out>
<![CDATA[
[[ATTACHMENT|cart-cart-performance-Cart-c54fa-neous-add-remove-operations-Mobile-Safari\test-failed-2.png]]

[[ATTACHMENT|cart-cart-performance-Cart-c54fa-neous-add-remove-operations-Mobile-Safari\test-failed-3.png]]

[[ATTACHMENT|cart-cart-performance-Cart-c54fa-neous-add-remove-operations-Mobile-Safari\test-failed-1.png]]

[[ATTACHMENT|cart-cart-performance-Cart-c54fa-neous-add-remove-operations-Mobile-Safari\video-1.webm]]

[[ATTACHMENT|cart-cart-performance-Cart-c54fa-neous-add-remove-operations-Mobile-Safari\video.webm]]

[[ATTACHMENT|cart-cart-performance-Cart-c54fa-neous-add-remove-operations-Mobile-Safari\video-2.webm]]

[[ATTACHMENT|cart-cart-performance-Cart-c54fa-neous-add-remove-operations-Mobile-Safari\error-context.md]]
]]>
</system-out>
</testcase>
<testcase name="Cart - Performance &amp; Load Testing › Concurrent Operations › should handle rapid cart state changes" classname="cart\cart-performance.spec.ts" time="5.567">
<system-out>
<![CDATA[✅ wondernails: Rapid state changes handled without errors
]]>
</system-out>
</testcase>
<testcase name="Cart - Performance &amp; Load Testing › Network Performance › should handle slow networks gracefully" classname="cart\cart-performance.spec.ts" time="3.457">
</testcase>
<testcase name="Cart - Performance &amp; Load Testing › Network Performance › should handle offline/online transitions" classname="cart\cart-performance.spec.ts" time="2.929">
</testcase>
<testcase name="Cart - Performance &amp; Load Testing › Resource Usage › should not leak memory on repeated operations" classname="cart\cart-performance.spec.ts" time="4.251">
</testcase>
<testcase name="Cart - Performance &amp; Load Testing › Resource Usage › should handle large localStorage payloads" classname="cart\cart-performance.spec.ts" time="5.193">
<failure message="cart-performance.spec.ts:411:9 should handle large localStorage payloads" type="FAILURE">
<![CDATA[  [Mobile Safari] › cart\cart-performance.spec.ts:411:9 › Cart - Performance & Load Testing › Resource Usage › should handle large localStorage payloads 

    Error: expect(received).toBeGreaterThan(expected)

    Expected: > 0
    Received:   0

      455 |       const itemCount = await cartItems.count();
      456 |
    > 457 |       expect(itemCount).toBeGreaterThan(0);
          |                         ^
      458 |
      459 |       console.log(`✅ ${tenant}: Large localStorage payload handled (${itemCount} items)`);
      460 |     });
        at C:\Dev\Zo\sass-store\tests\e2e\cart\cart-performance.spec.ts:457:25

    attachment #1: screenshot (image/png) ──────────────────────────────────────────────────────────
    ..\..\test-results\cart-cart-performance-Cart-ae26d-large-localStorage-payloads-Mobile-Safari\test-failed-1.png
    ────────────────────────────────────────────────────────────────────────────────────────────────

    attachment #2: video (video/webm) ──────────────────────────────────────────────────────────────
    ..\..\test-results\cart-cart-performance-Cart-ae26d-large-localStorage-payloads-Mobile-Safari\video.webm
    ────────────────────────────────────────────────────────────────────────────────────────────────

    Error Context: ..\..\test-results\cart-cart-performance-Cart-ae26d-large-localStorage-payloads-Mobile-Safari\error-context.md
]]>
</failure>
<system-out>
<![CDATA[Test data size: 111.14KB

[[ATTACHMENT|cart-cart-performance-Cart-ae26d-large-localStorage-payloads-Mobile-Safari\test-failed-1.png]]

[[ATTACHMENT|cart-cart-performance-Cart-ae26d-large-localStorage-payloads-Mobile-Safari\video.webm]]

[[ATTACHMENT|cart-cart-performance-Cart-ae26d-large-localStorage-payloads-Mobile-Safari\error-context.md]]
]]>
</system-out>
</testcase>
<testcase name="Cart - Performance &amp; Load Testing › Scalability Tests › should handle tenant-specific cart isolation at scale" classname="cart\cart-performance.spec.ts" time="6.911">
<failure message="cart-performance.spec.ts:464:9 should handle tenant-specific cart isolation at scale" type="FAILURE">
<![CDATA[  [Mobile Safari] › cart\cart-performance.spec.ts:464:9 › Cart - Performance & Load Testing › Scalability Tests › should handle tenant-specific cart isolation at scale 

    Error: expect(received).toBeGreaterThanOrEqual(expected)

    Expected: >= 1
    Received:    0

      515 |       // Each cart should have at least 1 item
      516 |       cartCounts.forEach((count, index) => {
    > 517 |         expect(count).toBeGreaterThanOrEqual(1);
          |                       ^
      518 |         console.log(`✅ ${tenantsToTest[index]}: ${count} items in cart`);
      519 |       });
      520 |
        at forEach (C:\Dev\Zo\sass-store\tests\e2e\cart\cart-performance.spec.ts:517:23)
        at C:\Dev\Zo\sass-store\tests\e2e\cart\cart-performance.spec.ts:516:18

    attachment #1: screenshot (image/png) ──────────────────────────────────────────────────────────
    ..\..\test-results\cart-cart-performance-Cart-74dca-fic-cart-isolation-at-scale-Mobile-Safari\test-failed-1.png
    ────────────────────────────────────────────────────────────────────────────────────────────────

    attachment #2: screenshot (image/png) ──────────────────────────────────────────────────────────
    ..\..\test-results\cart-cart-performance-Cart-74dca-fic-cart-isolation-at-scale-Mobile-Safari\test-failed-4.png
    ────────────────────────────────────────────────────────────────────────────────────────────────

    attachment #3: screenshot (image/png) ──────────────────────────────────────────────────────────
    ..\..\test-results\cart-cart-performance-Cart-74dca-fic-cart-isolation-at-scale-Mobile-Safari\test-failed-3.png
    ────────────────────────────────────────────────────────────────────────────────────────────────

    attachment #4: screenshot (image/png) ──────────────────────────────────────────────────────────
    ..\..\test-results\cart-cart-performance-Cart-74dca-fic-cart-isolation-at-scale-Mobile-Safari\test-failed-2.png
    ────────────────────────────────────────────────────────────────────────────────────────────────

    attachment #5: video (video/webm) ──────────────────────────────────────────────────────────────
    ..\..\test-results\cart-cart-performance-Cart-74dca-fic-cart-isolation-at-scale-Mobile-Safari\video-1.webm
    ────────────────────────────────────────────────────────────────────────────────────────────────

    attachment #6: video (video/webm) ──────────────────────────────────────────────────────────────
    ..\..\test-results\cart-cart-performance-Cart-74dca-fic-cart-isolation-at-scale-Mobile-Safari\video.webm
    ────────────────────────────────────────────────────────────────────────────────────────────────

    attachment #7: video (video/webm) ──────────────────────────────────────────────────────────────
    ..\..\test-results\cart-cart-performance-Cart-74dca-fic-cart-isolation-at-scale-Mobile-Safari\video-3.webm
    ────────────────────────────────────────────────────────────────────────────────────────────────

    attachment #8: video (video/webm) ──────────────────────────────────────────────────────────────
    ..\..\test-results\cart-cart-performance-Cart-74dca-fic-cart-isolation-at-scale-Mobile-Safari\video-2.webm
    ────────────────────────────────────────────────────────────────────────────────────────────────
]]>
</failure>
<system-out>
<![CDATA[
[[ATTACHMENT|cart-cart-performance-Cart-74dca-fic-cart-isolation-at-scale-Mobile-Safari\test-failed-1.png]]

[[ATTACHMENT|cart-cart-performance-Cart-74dca-fic-cart-isolation-at-scale-Mobile-Safari\test-failed-4.png]]

[[ATTACHMENT|cart-cart-performance-Cart-74dca-fic-cart-isolation-at-scale-Mobile-Safari\test-failed-3.png]]

[[ATTACHMENT|cart-cart-performance-Cart-74dca-fic-cart-isolation-at-scale-Mobile-Safari\test-failed-2.png]]

[[ATTACHMENT|cart-cart-performance-Cart-74dca-fic-cart-isolation-at-scale-Mobile-Safari\video-1.webm]]

[[ATTACHMENT|cart-cart-performance-Cart-74dca-fic-cart-isolation-at-scale-Mobile-Safari\video.webm]]

[[ATTACHMENT|cart-cart-performance-Cart-74dca-fic-cart-isolation-at-scale-Mobile-Safari\video-3.webm]]

[[ATTACHMENT|cart-cart-performance-Cart-74dca-fic-cart-isolation-at-scale-Mobile-Safari\video-2.webm]]
]]>
</system-out>
</testcase>
</testsuite>
<testsuite name="click-budget.spec.ts" timestamp="2025-10-29T19:08:05.826Z" hostname="Mobile Safari" tests="7" failures="4" skipped="2" time="37.567" errors="0">
<testcase name="Click Budget Tests › Purchase Flow - should complete in ≤3 clicks" classname="click-budget.spec.ts" time="9.221">
<failure message="click-budget.spec.ts:48:7 Purchase Flow - should complete in ≤3 clicks" type="FAILURE">
<![CDATA[  [Mobile Safari] › click-budget.spec.ts:48:7 › Click Budget Tests › Purchase Flow - should complete in ≤3 clicks 

    Error: expect(locator).toBeVisible() failed

    Locator: locator('[data-testid="product-grid"]')
    Expected: visible
    Timeout: 5000ms
    Error: element(s) not found

    Call log:
      - Expect "toBeVisible" with timeout 5000ms
      - waiting for locator('[data-testid="product-grid"]')


      51 |     // Start from Product List Page
      52 |     await page.goto('/products');
    > 53 |     await expect(page.locator('[data-testid="product-grid"]')).toBeVisible();
         |                                                                ^
      54 |
      55 |     // Click 1: Add to cart from PLP
      56 |     await page.locator('[data-testid="product-add-btn"]').first().click();
        at C:\Dev\Zo\sass-store\tests\e2e\click-budget.spec.ts:53:64

    attachment #1: screenshot (image/png) ──────────────────────────────────────────────────────────
    ..\..\test-results\click-budget-Click-Budget--94cfb-hould-complete-in-≤3-clicks-Mobile-Safari\test-failed-1.png
    ────────────────────────────────────────────────────────────────────────────────────────────────

    attachment #2: video (video/webm) ──────────────────────────────────────────────────────────────
    ..\..\test-results\click-budget-Click-Budget--94cfb-hould-complete-in-≤3-clicks-Mobile-Safari\video.webm
    ────────────────────────────────────────────────────────────────────────────────────────────────

    Error Context: ..\..\test-results\click-budget-Click-Budget--94cfb-hould-complete-in-≤3-clicks-Mobile-Safari\error-context.md
]]>
</failure>
<system-out>
<![CDATA[
[[ATTACHMENT|click-budget-Click-Budget--94cfb-hould-complete-in-≤3-clicks-Mobile-Safari\test-failed-1.png]]

[[ATTACHMENT|click-budget-Click-Budget--94cfb-hould-complete-in-≤3-clicks-Mobile-Safari\video.webm]]

[[ATTACHMENT|click-budget-Click-Budget--94cfb-hould-complete-in-≤3-clicks-Mobile-Safari\error-context.md]]
]]>
</system-out>
</testcase>
<testcase name="Click Budget Tests › Booking Flow - should complete in ≤2 clicks" classname="click-budget.spec.ts" time="2.792">
<properties>
<property name="skip" value="Tenant does not support booking">
</property>
</properties>
<skipped>
</skipped>
</testcase>
<testcase name="Click Budget Tests › Reorder Flow - should complete in ≤1 click" classname="click-budget.spec.ts" time="2.676">
<properties>
<property name="skip" value="No order history available for reorder test">
</property>
</properties>
<skipped>
</skipped>
</testcase>
<testcase name="Click Budget Tests › Mobile Touch Targets - should meet 44px minimum" classname="click-budget.spec.ts" time="2.628">
</testcase>
<testcase name="Click Budget Tests › Command Palette - should open with Cmd+K" classname="click-budget.spec.ts" time="8.257">
<failure message="click-budget.spec.ts:162:7 Command Palette - should open with Cmd+K" type="FAILURE">
<![CDATA[  [Mobile Safari] › click-budget.spec.ts:162:7 › Click Budget Tests › Command Palette - should open with Cmd+K 

    Error: expect(locator).toBeVisible() failed

    Locator: locator('[data-testid="command-palette"]')
    Expected: visible
    Timeout: 5000ms
    Error: element(s) not found

    Call log:
      - Expect "toBeVisible" with timeout 5000ms
      - waiting for locator('[data-testid="command-palette"]')


      170 |
      171 |     // Command palette should be visible
    > 172 |     await expect(page.locator('[data-testid="command-palette"]')).toBeVisible();
          |                                                                   ^
      173 |
      174 |     // Should have search input focused
      175 |     await expect(page.locator('[data-testid="command-search"]')).toBeFocused();
        at C:\Dev\Zo\sass-store\tests\e2e\click-budget.spec.ts:172:67

    attachment #1: screenshot (image/png) ──────────────────────────────────────────────────────────
    ..\..\test-results\click-budget-Click-Budget--e3b38-te---should-open-with-Cmd-K-Mobile-Safari\test-failed-1.png
    ────────────────────────────────────────────────────────────────────────────────────────────────

    attachment #2: video (video/webm) ──────────────────────────────────────────────────────────────
    ..\..\test-results\click-budget-Click-Budget--e3b38-te---should-open-with-Cmd-K-Mobile-Safari\video.webm
    ────────────────────────────────────────────────────────────────────────────────────────────────

    Error Context: ..\..\test-results\click-budget-Click-Budget--e3b38-te---should-open-with-Cmd-K-Mobile-Safari\error-context.md
]]>
</failure>
<system-out>
<![CDATA[
[[ATTACHMENT|click-budget-Click-Budget--e3b38-te---should-open-with-Cmd-K-Mobile-Safari\test-failed-1.png]]

[[ATTACHMENT|click-budget-Click-Budget--e3b38-te---should-open-with-Cmd-K-Mobile-Safari\video.webm]]

[[ATTACHMENT|click-budget-Click-Budget--e3b38-te---should-open-with-Cmd-K-Mobile-Safari\error-context.md]]
]]>
</system-out>
</testcase>
<testcase name="Click Budget Tests › Quick Actions Dock - should show role-appropriate actions" classname="click-budget.spec.ts" time="7.917">
<failure message="click-budget.spec.ts:188:7 Quick Actions Dock - should show role-appropriate actions" type="FAILURE">
<![CDATA[  [Mobile Safari] › click-budget.spec.ts:188:7 › Click Budget Tests › Quick Actions Dock - should show role-appropriate actions 

    Error: expect(locator).toBeVisible() failed

    Locator: locator('[data-testid="quick-actions-dock"]')
    Expected: visible
    Timeout: 5000ms
    Error: element(s) not found

    Call log:
      - Expect "toBeVisible" with timeout 5000ms
      - waiting for locator('[data-testid="quick-actions-dock"]')


      190 |
      191 |     // Quick Actions Dock should be visible
    > 192 |     await expect(page.locator('[data-testid="quick-actions-dock"]')).toBeVisible();
          |                                                                      ^
      193 |
      194 |     // Should have customer actions by default (Book Now, Reorder, Favorites, Help)
      195 |     const actions = page.locator('[data-testid="quick-actions-dock"] button');
        at C:\Dev\Zo\sass-store\tests\e2e\click-budget.spec.ts:192:70

    attachment #1: screenshot (image/png) ──────────────────────────────────────────────────────────
    ..\..\test-results\click-budget-Click-Budget--fc498-ow-role-appropriate-actions-Mobile-Safari\test-failed-1.png
    ────────────────────────────────────────────────────────────────────────────────────────────────

    attachment #2: video (video/webm) ──────────────────────────────────────────────────────────────
    ..\..\test-results\click-budget-Click-Budget--fc498-ow-role-appropriate-actions-Mobile-Safari\video.webm
    ────────────────────────────────────────────────────────────────────────────────────────────────

    Error Context: ..\..\test-results\click-budget-Click-Budget--fc498-ow-role-appropriate-actions-Mobile-Safari\error-context.md
]]>
</failure>
<system-out>
<![CDATA[
[[ATTACHMENT|click-budget-Click-Budget--fc498-ow-role-appropriate-actions-Mobile-Safari\test-failed-1.png]]

[[ATTACHMENT|click-budget-Click-Budget--fc498-ow-role-appropriate-actions-Mobile-Safari\video.webm]]

[[ATTACHMENT|click-budget-Click-Budget--fc498-ow-role-appropriate-actions-Mobile-Safari\error-context.md]]
]]>
</system-out>
</testcase>
<testcase name="Click Budget Tests › Keyboard Navigation - should support full keyboard accessibility" classname="click-budget.spec.ts" time="4.076">
<failure message="click-budget.spec.ts:211:7 Keyboard Navigation - should support full keyboard accessibility" type="FAILURE">
<![CDATA[  [Mobile Safari] › click-budget.spec.ts:211:7 › Click Budget Tests › Keyboard Navigation - should support full keyboard accessibility 

    Error: expect(received).toBe(expected) // Object.is equality

    Expected: true
    Received: false

      217 |     // First focusable element should be focused
      218 |     const focusedElement = await page.locator(':focus').first();
    > 219 |     expect(await focusedElement.isVisible()).toBe(true);
          |                                              ^
      220 |
      221 |     // Test that all interactive elements are reachable via Tab
      222 |     const interactiveSelectors = [
        at C:\Dev\Zo\sass-store\tests\e2e\click-budget.spec.ts:219:46

    attachment #1: screenshot (image/png) ──────────────────────────────────────────────────────────
    ..\..\test-results\click-budget-Click-Budget--49c37-full-keyboard-accessibility-Mobile-Safari\test-failed-1.png
    ────────────────────────────────────────────────────────────────────────────────────────────────

    attachment #2: video (video/webm) ──────────────────────────────────────────────────────────────
    ..\..\test-results\click-budget-Click-Budget--49c37-full-keyboard-accessibility-Mobile-Safari\video.webm
    ────────────────────────────────────────────────────────────────────────────────────────────────

    Error Context: ..\..\test-results\click-budget-Click-Budget--49c37-full-keyboard-accessibility-Mobile-Safari\error-context.md
]]>
</failure>
<system-out>
<![CDATA[
[[ATTACHMENT|click-budget-Click-Budget--49c37-full-keyboard-accessibility-Mobile-Safari\test-failed-1.png]]

[[ATTACHMENT|click-budget-Click-Budget--49c37-full-keyboard-accessibility-Mobile-Safari\video.webm]]

[[ATTACHMENT|click-budget-Click-Budget--49c37-full-keyboard-accessibility-Mobile-Safari\error-context.md]]
]]>
</system-out>
</testcase>
</testsuite>
<testsuite name="error-handling\payment-timeout-recovery.spec.ts" timestamp="2025-10-29T19:08:05.826Z" hostname="Mobile Safari" tests="7" failures="1" skipped="0" time="30.415" errors="0">
<testcase name="Payment Gateway Timeout Recovery › should handle payment gateway timeout gracefully" classname="error-handling\payment-timeout-recovery.spec.ts" time="17.24">
<failure message="payment-timeout-recovery.spec.ts:9:7 should handle payment gateway timeout gracefully" type="FAILURE">
<![CDATA[  [Mobile Safari] › error-handling\payment-timeout-recovery.spec.ts:9:7 › Payment Gateway Timeout Recovery › should handle payment gateway timeout gracefully 

    TimeoutError: locator.click: Timeout 15000ms exceeded.
    Call log:
      - waiting for locator('[data-testid="complete-order-btn"], button:has-text("Complete Order")')


      38 |
      39 |     const completeOrderBtn = page.locator('[data-testid="complete-order-btn"], button:has-text("Complete Order")');
    > 40 |     await completeOrderBtn.click();
         |                            ^
      41 |
      42 |     // Verify loading state
      43 |     const paymentProcessing = page.locator('[data-testid="payment-processing"], .loading');
        at C:\Dev\Zo\sass-store\tests\e2e\error-handling\payment-timeout-recovery.spec.ts:40:28

    attachment #1: screenshot (image/png) ──────────────────────────────────────────────────────────
    ..\..\test-results\error-handling-payment-tim-de3ff--gateway-timeout-gracefully-Mobile-Safari\test-failed-1.png
    ────────────────────────────────────────────────────────────────────────────────────────────────

    attachment #2: video (video/webm) ──────────────────────────────────────────────────────────────
    ..\..\test-results\error-handling-payment-tim-de3ff--gateway-timeout-gracefully-Mobile-Safari\video.webm
    ────────────────────────────────────────────────────────────────────────────────────────────────

    Error Context: ..\..\test-results\error-handling-payment-tim-de3ff--gateway-timeout-gracefully-Mobile-Safari\error-context.md
]]>
</failure>
<system-out>
<![CDATA[
[[ATTACHMENT|error-handling-payment-tim-de3ff--gateway-timeout-gracefully-Mobile-Safari\test-failed-1.png]]

[[ATTACHMENT|error-handling-payment-tim-de3ff--gateway-timeout-gracefully-Mobile-Safari\video.webm]]

[[ATTACHMENT|error-handling-payment-tim-de3ff--gateway-timeout-gracefully-Mobile-Safari\error-context.md]]
]]>
</system-out>
</testcase>
<testcase name="Payment Gateway Timeout Recovery › should offer alternative payment methods on timeout" classname="error-handling\payment-timeout-recovery.spec.ts" time="3.41">
</testcase>
<testcase name="Payment Gateway Timeout Recovery › should preserve cart data during payment timeout" classname="error-handling\payment-timeout-recovery.spec.ts" time="4.032">
</testcase>
<testcase name="Payment Gateway Timeout Recovery › should provide helpful timeout error messages" classname="error-handling\payment-timeout-recovery.spec.ts" time="1.474">
</testcase>
<testcase name="Payment Gateway Timeout Recovery › should track timeout attempts and suggest support contact" classname="error-handling\payment-timeout-recovery.spec.ts" time="1.471">
</testcase>
<testcase name="Payment Gateway Timeout Recovery › should allow saving order for later completion on timeout" classname="error-handling\payment-timeout-recovery.spec.ts" time="1.203">
</testcase>
<testcase name="Payment Gateway Timeout Recovery › should not create duplicate orders on retry" classname="error-handling\payment-timeout-recovery.spec.ts" time="1.585">
</testcase>
</testsuite>
<testsuite name="fallback\fallback-comprehensive.spec.ts" timestamp="2025-10-29T19:08:05.826Z" hostname="Mobile Safari" tests="9" failures="3" skipped="0" time="31.795" errors="0">
<testcase name="Comprehensive Fallback Testing - Master Plan Implementation › Unknown subdomain fallback to zo-system" classname="fallback\fallback-comprehensive.spec.ts" time="1.14">
<failure message="fallback-comprehensive.spec.ts:4:7 Unknown subdomain fallback to zo-system" type="FAILURE">
<![CDATA[  [Mobile Safari] › fallback\fallback-comprehensive.spec.ts:4:7 › Comprehensive Fallback Testing - Master Plan Implementation › Unknown subdomain fallback to zo-system 

    Error: expect(received).toBeTruthy()

    Received: false

      35 |
      36 |       const hasFallback = fallbackIndicators.some(indicator => indicator);
    > 37 |       expect(hasFallback).toBeTruthy();
         |                           ^
      38 |
      39 |       // Verify fallback notice is shown (requirement from master plan)
      40 |       const fallbackNotice = page.locator('[data-testid="tenant-fallback-notice"], .fallback-notice');
        at C:\Dev\Zo\sass-store\tests\e2e\fallback\fallback-comprehensive.spec.ts:37:27

    attachment #1: screenshot (image/png) ──────────────────────────────────────────────────────────
    ..\..\test-results\fallback-fallback-comprehe-45388-omain-fallback-to-zo-system-Mobile-Safari\test-failed-1.png
    ────────────────────────────────────────────────────────────────────────────────────────────────

    attachment #2: video (video/webm) ──────────────────────────────────────────────────────────────
    ..\..\test-results\fallback-fallback-comprehe-45388-omain-fallback-to-zo-system-Mobile-Safari\video.webm
    ────────────────────────────────────────────────────────────────────────────────────────────────

    Error Context: ..\..\test-results\fallback-fallback-comprehe-45388-omain-fallback-to-zo-system-Mobile-Safari\error-context.md
]]>
</failure>
<system-out>
<![CDATA[Testing fallback for: nonexistent-tenant

[[ATTACHMENT|fallback-fallback-comprehe-45388-omain-fallback-to-zo-system-Mobile-Safari\test-failed-1.png]]

[[ATTACHMENT|fallback-fallback-comprehe-45388-omain-fallback-to-zo-system-Mobile-Safari\video.webm]]

[[ATTACHMENT|fallback-fallback-comprehe-45388-omain-fallback-to-zo-system-Mobile-Safari\error-context.md]]
]]>
</system-out>
</testcase>
<testcase name="Comprehensive Fallback Testing - Master Plan Implementation › Tenant path fallback handling" classname="fallback\fallback-comprehensive.spec.ts" time="3.607">
<system-out>
<![CDATA[Testing path fallback for: /t/invalid-tenant-slug/products
✅ Path fallback working for: /t/invalid-tenant-slug/products
Testing path fallback for: /t/suspended-business/services
✅ Path fallback working for: /t/suspended-business/services
Testing path fallback for: /t/non-existent/contact
✅ Path fallback working for: /t/non-existent/contact
Testing path fallback for: /t/deleted-tenant/admin
✅ Path fallback working for: /t/deleted-tenant/admin
Testing path fallback for: /t/malformed-slug-123!/booking
✅ Path fallback working for: /t/malformed-slug-123!/booking
]]>
</system-out>
</testcase>
<testcase name="Comprehensive Fallback Testing - Master Plan Implementation › SEO handling for fallback scenarios" classname="fallback\fallback-comprehensive.spec.ts" time="16.167">
<failure message="fallback-comprehensive.spec.ts:101:7 SEO handling for fallback scenarios" type="FAILURE">
<![CDATA[  [Mobile Safari] › fallback\fallback-comprehensive.spec.ts:101:7 › Comprehensive Fallback Testing - Master Plan Implementation › SEO handling for fallback scenarios 

    TimeoutError: locator.getAttribute: Timeout 15000ms exceeded.
    Call log:
      - waiting for locator('link[rel="canonical"]')


      105 |
      106 |     // Check canonical URL handling
    > 107 |     const canonical = await page.locator('link[rel="canonical"]').getAttribute('href');
          |                                                                   ^
      108 |     if (canonical) {
      109 |       // Should either canonical to zo-system or set noindex
      110 |       const isZoSystemCanonical = canonical.includes('zo-system');
        at C:\Dev\Zo\sass-store\tests\e2e\fallback\fallback-comprehensive.spec.ts:107:67

    attachment #1: screenshot (image/png) ──────────────────────────────────────────────────────────
    ..\..\test-results\fallback-fallback-comprehe-b6e71-ling-for-fallback-scenarios-Mobile-Safari\test-failed-1.png
    ────────────────────────────────────────────────────────────────────────────────────────────────

    attachment #2: video (video/webm) ──────────────────────────────────────────────────────────────
    ..\..\test-results\fallback-fallback-comprehe-b6e71-ling-for-fallback-scenarios-Mobile-Safari\video.webm
    ────────────────────────────────────────────────────────────────────────────────────────────────

    Error Context: ..\..\test-results\fallback-fallback-comprehe-b6e71-ling-for-fallback-scenarios-Mobile-Safari\error-context.md
]]>
</failure>
<system-out>
<![CDATA[
[[ATTACHMENT|fallback-fallback-comprehe-b6e71-ling-for-fallback-scenarios-Mobile-Safari\test-failed-1.png]]

[[ATTACHMENT|fallback-fallback-comprehe-b6e71-ling-for-fallback-scenarios-Mobile-Safari\video.webm]]

[[ATTACHMENT|fallback-fallback-comprehe-b6e71-ling-for-fallback-scenarios-Mobile-Safari\error-context.md]]
]]>
</system-out>
</testcase>
<testcase name="Comprehensive Fallback Testing - Master Plan Implementation › Suspended tenant handling" classname="fallback\fallback-comprehensive.spec.ts" time="0.852">
<system-out>
<![CDATA[✅ Suspended tenant handling validated
]]>
</system-out>
</testcase>
<testcase name="Comprehensive Fallback Testing - Master Plan Implementation › Tenant migration and redirect handling" classname="fallback\fallback-comprehensive.spec.ts" time="0.852">
<failure message="fallback-comprehensive.spec.ts:164:7 Tenant migration and redirect handling" type="FAILURE">
<![CDATA[  [Mobile Safari] › fallback\fallback-comprehensive.spec.ts:164:7 › Comprehensive Fallback Testing - Master Plan Implementation › Tenant migration and redirect handling 

    Error: expect(received).toContain(expected) // indexOf

    Expected substring: "new-tenant-slug"
    Received string:    "http://localhost:3001/t/old-tenant-slug"

      179 |     // Should handle redirect gracefully
      180 |     const finalUrl = page.url();
    > 181 |     expect(finalUrl).toContain('new-tenant-slug');
          |                      ^
      182 |
      183 |     // Should preserve SEO value with proper redirect
      184 |     expect(response?.status()).toBe(301);
        at C:\Dev\Zo\sass-store\tests\e2e\fallback\fallback-comprehensive.spec.ts:181:22

    attachment #1: screenshot (image/png) ──────────────────────────────────────────────────────────
    ..\..\test-results\fallback-fallback-comprehe-19cd3-ation-and-redirect-handling-Mobile-Safari\test-failed-1.png
    ────────────────────────────────────────────────────────────────────────────────────────────────

    attachment #2: video (video/webm) ──────────────────────────────────────────────────────────────
    ..\..\test-results\fallback-fallback-comprehe-19cd3-ation-and-redirect-handling-Mobile-Safari\video.webm
    ────────────────────────────────────────────────────────────────────────────────────────────────

    Error Context: ..\..\test-results\fallback-fallback-comprehe-19cd3-ation-and-redirect-handling-Mobile-Safari\error-context.md
]]>
</failure>
<system-out>
<![CDATA[
[[ATTACHMENT|fallback-fallback-comprehe-19cd3-ation-and-redirect-handling-Mobile-Safari\test-failed-1.png]]

[[ATTACHMENT|fallback-fallback-comprehe-19cd3-ation-and-redirect-handling-Mobile-Safari\video.webm]]

[[ATTACHMENT|fallback-fallback-comprehe-19cd3-ation-and-redirect-handling-Mobile-Safari\error-context.md]]
]]>
</system-out>
</testcase>
<testcase name="Comprehensive Fallback Testing - Master Plan Implementation › Graceful degradation with limited functionality" classname="fallback\fallback-comprehensive.spec.ts" time="2.436">
<system-out>
<![CDATA[✅ Graceful degradation validated
]]>
</system-out>
</testcase>
<testcase name="Comprehensive Fallback Testing - Master Plan Implementation › Database failover fallback" classname="fallback\fallback-comprehensive.spec.ts" time="1.399">
<system-out>
<![CDATA[✅ Database failover fallback validated
]]>
</system-out>
</testcase>
<testcase name="Comprehensive Fallback Testing - Master Plan Implementation › CDN and asset fallback" classname="fallback\fallback-comprehensive.spec.ts" time="1.205">
<system-out>
<![CDATA[✅ CDN and asset fallback validated
]]>
</system-out>
</testcase>
<testcase name="Comprehensive Fallback Testing - Master Plan Implementation › Fallback performance validation" classname="fallback\fallback-comprehensive.spec.ts" time="4.137">
<system-out>
<![CDATA[✅ Fallback performance validated: 596ms load time
]]>
</system-out>
</testcase>
</testsuite>
<testsuite name="fix-forgot-password-500-error-by-adding-resettoken-and-resettokenexpiry-columns-to-users-table.-push-database-schema-changes.-run-forgot-password-tests-to-ensure-100%-coverage.-fix-any-failing-tests..spec.ts" timestamp="2025-10-29T19:08:05.826Z" hostname="Mobile Safari" tests="3" failures="0" skipped="0" time="3.104" errors="0">
<testcase name="Fix forgot-password 500 error by adding resetToken and resetTokenExpiry columns to users table. Push database schema changes. Run forgot-password tests to ensure 100% coverage. Fix any failing tests. › should load Fix forgot-password 500 error by adding resetToken and resetTokenExpiry columns to users table. Push database schema changes. Run forgot-password tests to ensure 100% coverage. Fix any failing tests. successfully" classname="fix-forgot-password-500-error-by-adding-resettoken-and-resettokenexpiry-columns-to-users-table.-push-database-schema-changes.-run-forgot-password-tests-to-ensure-100%-coverage.-fix-any-failing-tests..spec.ts" time="0.989">
</testcase>
<testcase name="Fix forgot-password 500 error by adding resetToken and resetTokenExpiry columns to users table. Push database schema changes. Run forgot-password tests to ensure 100% coverage. Fix any failing tests. › should interact with Fix forgot-password 500 error by adding resetToken and resetTokenExpiry columns to users table. Push database schema changes. Run forgot-password tests to ensure 100% coverage. Fix any failing tests." classname="fix-forgot-password-500-error-by-adding-resettoken-and-resettokenexpiry-columns-to-users-table.-push-database-schema-changes.-run-forgot-password-tests-to-ensure-100%-coverage.-fix-any-failing-tests..spec.ts" time="1.187">
</testcase>
<testcase name="Fix forgot-password 500 error by adding resetToken and resetTokenExpiry columns to users table. Push database schema changes. Run forgot-password tests to ensure 100% coverage. Fix any failing tests. › should handle errors in Fix forgot-password 500 error by adding resetToken and resetTokenExpiry columns to users table. Push database schema changes. Run forgot-password tests to ensure 100% coverage. Fix any failing tests." classname="fix-forgot-password-500-error-by-adding-resettoken-and-resettokenexpiry-columns-to-users-table.-push-database-schema-changes.-run-forgot-password-tests-to-ensure-100%-coverage.-fix-any-failing-tests..spec.ts" time="0.928">
</testcase>
</testsuite>
<testsuite name="interactions\mobile-desktop-interactions.spec.ts" timestamp="2025-10-29T19:08:05.826Z" hostname="Mobile Safari" tests="12" failures="3" skipped="7" time="56.314" errors="0">
<testcase name="Mobile Touch Interactions › should support pinch-to-zoom on product images" classname="interactions\mobile-desktop-interactions.spec.ts" time="16.431">
<failure message="mobile-desktop-interactions.spec.ts:14:7 should support pinch-to-zoom on product images" type="FAILURE">
<![CDATA[  [Mobile Safari] › interactions\mobile-desktop-interactions.spec.ts:14:7 › Mobile Touch Interactions › should support pinch-to-zoom on product images 

    TimeoutError: locator.click: Timeout 15000ms exceeded.
    Call log:
      - waiting for locator('[data-testid="product-card"]').first()


      17 |     await page.goto('/t/wondernails/products');
      18 |     const productCard = page.locator('[data-testid="product-card"]').first();
    > 19 |     await productCard.click();
         |                       ^
      20 |
      21 |     const productImage = page.locator('[data-testid="product-image-main"], .product-image');
      22 |     if (await productImage.isVisible()) {
        at C:\Dev\Zo\sass-store\tests\e2e\interactions\mobile-desktop-interactions.spec.ts:19:23

    attachment #1: screenshot (image/png) ──────────────────────────────────────────────────────────
    ..\..\test-results\interactions-mobile-deskto-16909-h-to-zoom-on-product-images-Mobile-Safari\test-failed-1.png
    ────────────────────────────────────────────────────────────────────────────────────────────────

    attachment #2: video (video/webm) ──────────────────────────────────────────────────────────────
    ..\..\test-results\interactions-mobile-deskto-16909-h-to-zoom-on-product-images-Mobile-Safari\video.webm
    ────────────────────────────────────────────────────────────────────────────────────────────────

    Error Context: ..\..\test-results\interactions-mobile-deskto-16909-h-to-zoom-on-product-images-Mobile-Safari\error-context.md
]]>
</failure>
<system-out>
<![CDATA[
[[ATTACHMENT|interactions-mobile-deskto-16909-h-to-zoom-on-product-images-Mobile-Safari\test-failed-1.png]]

[[ATTACHMENT|interactions-mobile-deskto-16909-h-to-zoom-on-product-images-Mobile-Safari\video.webm]]

[[ATTACHMENT|interactions-mobile-deskto-16909-h-to-zoom-on-product-images-Mobile-Safari\error-context.md]]
]]>
</system-out>
</testcase>
<testcase name="Mobile Touch Interactions › should support swipe gestures for image gallery" classname="interactions\mobile-desktop-interactions.spec.ts" time="16.423">
<failure message="mobile-desktop-interactions.spec.ts:41:7 should support swipe gestures for image gallery" type="FAILURE">
<![CDATA[  [Mobile Safari] › interactions\mobile-desktop-interactions.spec.ts:41:7 › Mobile Touch Interactions › should support swipe gestures for image gallery 

    TimeoutError: locator.click: Timeout 15000ms exceeded.
    Call log:
      - waiting for locator('[data-testid="product-card"]').first()


      44 |     await page.goto('/t/wondernails/products');
      45 |     const productCard = page.locator('[data-testid="product-card"]').first();
    > 46 |     await productCard.click();
         |                       ^
      47 |
      48 |     const imageGallery = page.locator('[data-testid="image-gallery"], .product-images');
      49 |     if (await imageGallery.isVisible()) {
        at C:\Dev\Zo\sass-store\tests\e2e\interactions\mobile-desktop-interactions.spec.ts:46:23

    attachment #1: screenshot (image/png) ──────────────────────────────────────────────────────────
    ..\..\test-results\interactions-mobile-deskto-1014d--gestures-for-image-gallery-Mobile-Safari\test-failed-1.png
    ────────────────────────────────────────────────────────────────────────────────────────────────

    attachment #2: video (video/webm) ──────────────────────────────────────────────────────────────
    ..\..\test-results\interactions-mobile-deskto-1014d--gestures-for-image-gallery-Mobile-Safari\video.webm
    ────────────────────────────────────────────────────────────────────────────────────────────────

    Error Context: ..\..\test-results\interactions-mobile-deskto-1014d--gestures-for-image-gallery-Mobile-Safari\error-context.md
]]>
</failure>
<system-out>
<![CDATA[
[[ATTACHMENT|interactions-mobile-deskto-1014d--gestures-for-image-gallery-Mobile-Safari\test-failed-1.png]]

[[ATTACHMENT|interactions-mobile-deskto-1014d--gestures-for-image-gallery-Mobile-Safari\video.webm]]

[[ATTACHMENT|interactions-mobile-deskto-1014d--gestures-for-image-gallery-Mobile-Safari\error-context.md]]
]]>
</system-out>
</testcase>
<testcase name="Mobile Touch Interactions › should support pull-to-refresh" classname="interactions\mobile-desktop-interactions.spec.ts" time="1.868">
</testcase>
<testcase name="Mobile Touch Interactions › should have touch targets of at least 44px" classname="interactions\mobile-desktop-interactions.spec.ts" time="1.129">
</testcase>
<testcase name="Mobile Touch Interactions › should support long-press for context menu" classname="interactions\mobile-desktop-interactions.spec.ts" time="16.813">
<failure message="mobile-desktop-interactions.spec.ts:116:7 should support long-press for context menu" type="FAILURE">
<![CDATA[  [Mobile Safari] › interactions\mobile-desktop-interactions.spec.ts:116:7 › Mobile Touch Interactions › should support long-press for context menu 

    TimeoutError: locator.boundingBox: Timeout 15000ms exceeded.
    Call log:
      - waiting for locator('[data-testid="product-card"]').first()


      120 |
      121 |     const productCard = page.locator('[data-testid="product-card"]').first();
    > 122 |     const bbox = await productCard.boundingBox();
          |                                    ^
      123 |
      124 |     if (bbox) {
      125 |       // Simulate long press (touch and hold)
        at C:\Dev\Zo\sass-store\tests\e2e\interactions\mobile-desktop-interactions.spec.ts:122:36

    attachment #1: screenshot (image/png) ──────────────────────────────────────────────────────────
    ..\..\test-results\interactions-mobile-deskto-fd7b7-long-press-for-context-menu-Mobile-Safari\test-failed-1.png
    ────────────────────────────────────────────────────────────────────────────────────────────────

    attachment #2: video (video/webm) ──────────────────────────────────────────────────────────────
    ..\..\test-results\interactions-mobile-deskto-fd7b7-long-press-for-context-menu-Mobile-Safari\video.webm
    ────────────────────────────────────────────────────────────────────────────────────────────────

    Error Context: ..\..\test-results\interactions-mobile-deskto-fd7b7-long-press-for-context-menu-Mobile-Safari\error-context.md
]]>
</failure>
<system-out>
<![CDATA[
[[ATTACHMENT|interactions-mobile-deskto-fd7b7-long-press-for-context-menu-Mobile-Safari\test-failed-1.png]]

[[ATTACHMENT|interactions-mobile-deskto-fd7b7-long-press-for-context-menu-Mobile-Safari\video.webm]]

[[ATTACHMENT|interactions-mobile-deskto-fd7b7-long-press-for-context-menu-Mobile-Safari\error-context.md]]
]]>
</system-out>
</testcase>
<testcase name="Desktop Mouse Interactions › should show hover effects on product cards" classname="interactions\mobile-desktop-interactions.spec.ts" time="0.534">
<properties>
<property name="skip" value="Desktop-specific test">
</property>
</properties>
<skipped>
</skipped>
</testcase>
<testcase name="Desktop Mouse Interactions › should support right-click context menu" classname="interactions\mobile-desktop-interactions.spec.ts" time="0.559">
<properties>
<property name="skip" value="Desktop-specific test">
</property>
</properties>
<skipped>
</skipped>
</testcase>
<testcase name="Desktop Mouse Interactions › should support drag and drop to cart" classname="interactions\mobile-desktop-interactions.spec.ts" time="0.533">
<properties>
<property name="skip" value="Desktop-specific test">
</property>
</properties>
<skipped>
</skipped>
</testcase>
<testcase name="Desktop Mouse Interactions › should support keyboard shortcuts" classname="interactions\mobile-desktop-interactions.spec.ts" time="0.533">
<properties>
<property name="skip" value="Desktop-specific test">
</property>
</properties>
<skipped>
</skipped>
</testcase>
<testcase name="Desktop Mouse Interactions › should show tooltip on hover" classname="interactions\mobile-desktop-interactions.spec.ts" time="0.516">
<properties>
<property name="skip" value="Desktop-specific test">
</property>
</properties>
<skipped>
</skipped>
</testcase>
<testcase name="Desktop Mouse Interactions › should support mouse wheel for image zoom" classname="interactions\mobile-desktop-interactions.spec.ts" time="0.494">
<properties>
<property name="skip" value="Desktop-specific test">
</property>
</properties>
<skipped>
</skipped>
</testcase>
<testcase name="Desktop Mouse Interactions › should support double-click for quick actions" classname="interactions\mobile-desktop-interactions.spec.ts" time="0.481">
<properties>
<property name="skip" value="Desktop-specific test">
</property>
</properties>
<skipped>
</skipped>
</testcase>
</testsuite>
<testsuite name="media-pipeline\media-optimization.spec.ts" timestamp="2025-10-29T19:08:05.826Z" hostname="Mobile Safari" tests="7" failures="0" skipped="0" time="19.892" errors="0">
<testcase name="Media Pipeline E2E Tests - Optimization &amp; AVIF/WebP › Media Upload - Optimization pipeline (AVIF/WebP, variantes, EXIF off)" classname="media-pipeline\media-optimization.spec.ts" time="5.738">
<system-out>
<![CDATA[⚪ wondernails: Media upload not available
⚪ nom-nom: Media upload not available
⚪ delirios: Media upload not available
⚪ zo-system: Media upload not available
]]>
</system-out>
</testcase>
<testcase name="Media Pipeline E2E Tests - Optimization &amp; AVIF/WebP › Media Deduplication - Prevent duplicate uploads" classname="media-pipeline\media-optimization.spec.ts" time="3.375">
</testcase>
<testcase name="Media Pipeline E2E Tests - Optimization &amp; AVIF/WebP › Media Serving - AVIF/WebP delivery with fallbacks" classname="media-pipeline\media-optimization.spec.ts" time="3.387">
</testcase>
<testcase name="Media Pipeline E2E Tests - Optimization &amp; AVIF/WebP › Media Performance - Loading and rendering optimization" classname="media-pipeline\media-optimization.spec.ts" time="3.399">
<system-out>
<![CDATA[✅ wondernails: Image loading performance validated
✅ nom-nom: Image loading performance validated
]]>
</system-out>
</testcase>
<testcase name="Media Pipeline E2E Tests - Optimization &amp; AVIF/WebP › Media Storage - Tenant isolation and quotas" classname="media-pipeline\media-optimization.spec.ts" time="0.528">
</testcase>
<testcase name="Media Pipeline E2E Tests - Optimization &amp; AVIF/WebP › Media API - Cross-tenant access prevention" classname="media-pipeline\media-optimization.spec.ts" time="0.044">
</testcase>
<testcase name="Media Pipeline E2E Tests - Optimization &amp; AVIF/WebP › Media Variants - Responsive image generation" classname="media-pipeline\media-optimization.spec.ts" time="3.421">
</testcase>
</testsuite>
<testsuite name="multitenant\tenant-isolation.spec.ts" timestamp="2025-10-29T19:08:05.826Z" hostname="Mobile Safari" tests="5" failures="3" skipped="0" time="31.199" errors="0">
<testcase name="Multitenant Isolation Tests › Cart isolation between tenants" classname="multitenant\tenant-isolation.spec.ts" time="3.569">
</testcase>
<testcase name="Multitenant Isolation Tests › Data isolation - no cross-tenant data leakage" classname="multitenant\tenant-isolation.spec.ts" time="17.192">
<failure message="tenant-isolation.spec.ts:38:7 Data isolation - no cross-tenant data leakage" type="FAILURE">
<![CDATA[  [Mobile Safari] › multitenant\tenant-isolation.spec.ts:38:7 › Multitenant Isolation Tests › Data isolation - no cross-tenant data leakage 

    TimeoutError: locator.textContent: Timeout 15000ms exceeded.
    Call log:
      - waiting for locator('h1, h2, .tenant-name, [data-testid="tenant-name"]').first()


      43 |       // Check that tenant-specific branding is applied
      44 |       const tenantHeaders = page.locator('h1, h2, .tenant-name, [data-testid="tenant-name"]');
    > 45 |       const headerText = await tenantHeaders.first().textContent();
         |                                                      ^
      46 |
      47 |       // Ensure we don't see other tenant names in the content
      48 |       const otherTenants = tenants.filter(t => t !== tenant);
        at C:\Dev\Zo\sass-store\tests\e2e\multitenant\tenant-isolation.spec.ts:45:54

    attachment #1: screenshot (image/png) ──────────────────────────────────────────────────────────
    ..\..\test-results\multitenant-tenant-isolati-61c72-o-cross-tenant-data-leakage-Mobile-Safari\test-failed-1.png
    ────────────────────────────────────────────────────────────────────────────────────────────────

    attachment #2: video (video/webm) ──────────────────────────────────────────────────────────────
    ..\..\test-results\multitenant-tenant-isolati-61c72-o-cross-tenant-data-leakage-Mobile-Safari\video.webm
    ────────────────────────────────────────────────────────────────────────────────────────────────

    Error Context: ..\..\test-results\multitenant-tenant-isolati-61c72-o-cross-tenant-data-leakage-Mobile-Safari\error-context.md
]]>
</failure>
<system-out>
<![CDATA[
[[ATTACHMENT|multitenant-tenant-isolati-61c72-o-cross-tenant-data-leakage-Mobile-Safari\test-failed-1.png]]

[[ATTACHMENT|multitenant-tenant-isolati-61c72-o-cross-tenant-data-leakage-Mobile-Safari\video.webm]]

[[ATTACHMENT|multitenant-tenant-isolati-61c72-o-cross-tenant-data-leakage-Mobile-Safari\error-context.md]]
]]>
</system-out>
</testcase>
<testcase name="Multitenant Isolation Tests › API endpoint isolation" classname="multitenant\tenant-isolation.spec.ts" time="2.246">
</testcase>
<testcase name="Multitenant Isolation Tests › Fallback to zo-system for unknown tenants" classname="multitenant\tenant-isolation.spec.ts" time="1.068">
<failure message="tenant-isolation.spec.ts:90:7 Fallback to zo-system for unknown tenants" type="FAILURE">
<![CDATA[  [Mobile Safari] › multitenant\tenant-isolation.spec.ts:90:7 › Multitenant Isolation Tests › Fallback to zo-system for unknown tenants 

    Error: expect(received).toBeTruthy()

    Received: false

      102 |                                await page.locator('[data-tenant="zo-system"]').isVisible();
      103 |
    > 104 |     expect(isZoSystemFallback).toBeTruthy();
          |                                ^
      105 |   });
      106 |
      107 |   test('Session isolation between tenants', async ({ context }) => {
        at C:\Dev\Zo\sass-store\tests\e2e\multitenant\tenant-isolation.spec.ts:104:32

    attachment #1: screenshot (image/png) ──────────────────────────────────────────────────────────
    ..\..\test-results\multitenant-tenant-isolati-161b8--system-for-unknown-tenants-Mobile-Safari\test-failed-1.png
    ────────────────────────────────────────────────────────────────────────────────────────────────

    attachment #2: video (video/webm) ──────────────────────────────────────────────────────────────
    ..\..\test-results\multitenant-tenant-isolati-161b8--system-for-unknown-tenants-Mobile-Safari\video.webm
    ────────────────────────────────────────────────────────────────────────────────────────────────

    Error Context: ..\..\test-results\multitenant-tenant-isolati-161b8--system-for-unknown-tenants-Mobile-Safari\error-context.md
]]>
</failure>
<system-out>
<![CDATA[
[[ATTACHMENT|multitenant-tenant-isolati-161b8--system-for-unknown-tenants-Mobile-Safari\test-failed-1.png]]

[[ATTACHMENT|multitenant-tenant-isolati-161b8--system-for-unknown-tenants-Mobile-Safari\video.webm]]

[[ATTACHMENT|multitenant-tenant-isolati-161b8--system-for-unknown-tenants-Mobile-Safari\error-context.md]]
]]>
</system-out>
</testcase>
<testcase name="Multitenant Isolation Tests › Session isolation between tenants" classname="multitenant\tenant-isolation.spec.ts" time="7.124">
<failure message="tenant-isolation.spec.ts:107:7 Session isolation between tenants" type="FAILURE">
<![CDATA[  [Mobile Safari] › multitenant\tenant-isolation.spec.ts:107:7 › Multitenant Isolation Tests › Session isolation between tenants 

    Error: expect(received).toContain(expected) // indexOf

    Expected substring: "wondernails"
    Received string:    "{\"props\":{\"pageprops\":{\"statuscode\":500,\"hostname\":\"localhost\"}},\"page\":\"/_error\",\"query\":{},\"buildid\":\"development\",\"isfallback\":false,\"err\":{\"name\":\"error\",\"source\":\"server\",\"message\":\"an error occurred in `next/font`.\\n\\nerror: cannot find module 'object-hash'\\nrequire stack:\\n- c:\\\\dev\\\\zo\\\\sass-store\\\\apps\\\\web\\\\node_modules\\\\tailwindcss\\\\lib\\\\util\\\\hashconfig.js\\n- c:\\\\dev\\\\zo\\\\sass-store\\\\apps\\\\web\\\\node_modules\\\\tailwindcss\\\\lib\\\\lib\\\\setuptrackingcontext.js\\n- c:\\\\dev\\\\zo\\\\sass-store\\\\apps\\\\web\\\\node_modules\\\\tailwindcss\\\\lib\\\\plugin.js\\n- c:\\\\dev\\\\zo\\\\sass-store\\\\apps\\\\web\\\\node_modules\\\\tailwindcss\\\\lib\\\\index.js\\n- c:\\\\dev\\\\zo\\\\sass-store\\\\apps\\\\web\\\\node_modules\\\\next\\\\dist\\\\build\\\\webpack\\\\config\\\\blocks\\\\css\\\\plugins.js\\n- c:\\\\dev\\\\zo\\\\sass-store\\\\apps\\\\web\\\\node_modules\\\\next\\\\dist\\\\build\\\\webpack\\\\config\\\\blocks\\\\css\\\\index.js\\n- c:\\\\dev\\\\zo\\\\sass-store\\\\apps\\\\web\\\\node_modules\\\\next\\\\dist\\\\build\\\\webpack\\\\config\\\\index.js\\n- c:\\\\dev\\\\zo\\\\sass-store\\\\apps\\\\web\\\\node_modules\\\\next\\\\dist\\\\build\\\\webpack-config.js\\n- c:\\\\dev\\\\zo\\\\sass-store\\\\apps\\\\web\\\\node_modules\\\\next\\\\dist\\\\server\\\\dev\\\\hot-reloader-webpack.js\\n- c:\\\\dev\\\\zo\\\\sass-store\\\\apps\\\\web\\\\node_modules\\\\next\\\\dist\\\\server\\\\lib\\\\router-utils\\\\setup-dev-bundler.js\\n- c:\\\\dev\\\\zo\\\\sass-store\\\\apps\\\\web\\\\node_modules\\\\next\\\\dist\\\\server\\\\lib\\\\router-server.js\\n- c:\\\\dev\\\\zo\\\\sass-store\\\\apps\\\\web\\\\node_modules\\\\next\\\\dist\\\\server\\\\lib\\\\start-server.js\\n    at function.\\u003canonymous\\u003e (node:internal/modules/cjs/loader:1401:15)\\n    at c:\\\\dev\\\\zo\\\\sass-store\\\\apps\\\\web\\\\node_modules\\\\next\\\\dist\\\\server\\\\require-hook.js:57:36\\n    at defaultresolveimpl (node:internal/modules/cjs/loader:1057:19)\\n    at resolveforcjswithhooks (node:internal/modules/cjs/loader:1062:22)\\n    at function._load (node:internal/modules/cjs/loader:1211:37)\\n    at tracingchannel.tracesync (node:diagnostics_channel:322:14)\\n    at wrapmoduleload (node:internal/modules/cjs/loader:235:24)\\n    at module.\\u003canonymous\\u003e (node:internal/modules/cjs/loader:1487:12)\\n    at mod.require (c:\\\\dev\\\\zo\\\\sass-store\\\\apps\\\\web\\\\node_modules\\\\next\\\\dist\\\\server\\\\require-hook.js:68:28)\\n    at require (node:internal/modules/helpers:135:16)\\n    at object.\\u003canonymous\\u003e (c:\\\\dev\\\\zo\\\\sass-store\\\\apps\\\\web\\\\node_modules\\\\tailwindcss\\\\lib\\\\util\\\\hashconfig.js:11:60)\\n    at module._compile (node:internal/modules/cjs/loader:1730:14)\\n    at object..js (node:internal/modules/cjs/loader:1895:10)\\n    at module.load (node:internal/modules/cjs/loader:1465:32)\\n    at function._load (node:internal/modules/cjs/loader:1282:12)\\n    at tracingchannel.tracesync (node:diagnostics_channel:322:14)\\n    at wrapmoduleload (node:internal/modules/cjs/loader:235:24)\\n    at module.\\u003canonymous\\u003e (node:internal/modules/cjs/loader:1487:12)\\n    at mod.require (c:\\\\dev\\\\zo\\\\sass-store\\\\apps\\\\web\\\\node_modules\\\\next\\\\dist\\\\server\\\\require-hook.js:68:28)\\n    at require (node:internal/modules/helpers:135:16)\\n    at object.\\u003canonymous\\u003e (c:\\\\dev\\\\zo\\\\sass-store\\\\apps\\\\web\\\\node_modules\\\\tailwindcss\\\\lib\\\\lib\\\\setuptrackingcontext.js:18:60)\\n    at module._compile (node:internal/modules/cjs/loader:1730:14)\\n    at object..js (node:internal/modules/cjs/loader:1895:10)\\n    at module.load (node:internal/modules/cjs/loader:1465:32)\\n    at function._load (node:internal/modules/cjs/loader:1282:12)\\n    at tracingchannel.tracesync (node:diagnostics_channel:322:14)\\n    at wrapmoduleload (node:internal/modules/cjs/loader:235:24)\\n    at module.\\u003canonymous\\u003e (node:internal/modules/cjs/loader:1487:12)\\n    at mod.require (c:\\\\dev\\\\zo\\\\sass-store\\\\apps\\\\web\\\\node_modules\\\\next\\\\dist\\\\server\\\\require-hook.js:68:28)\\n    at require (node:internal/modules/helpers:135:16)\\n    at object.\\u003canonymous\\u003e (c:\\\\dev\\\\zo\\\\sass-store\\\\apps\\\\web\\\\node_modules\\\\tailwindcss\\\\lib\\\\plugin.js:5:70)\\n    at module._compile (node:internal/modules/cjs/loader:1730:14)\\n    at object..js (node:internal/modules/cjs/loader:1895:10)\\n    at module.load (node:internal/modules/cjs/loader:1465:32)\\n    at function._load (node:internal/modules/cjs/loader:1282:12)\\n    at tracingchannel.tracesync (node:diagnostics_channel:322:14)\\n    at wrapmoduleload (node:internal/modules/cjs/loader:235:24)\\n    at module.\\u003canonymous\\u003e (node:internal/modules/cjs/loader:1487:12)\\n    at mod.require (c:\\\\dev\\\\zo\\\\sass-store\\\\apps\\\\web\\\\node_modules\\\\next\\\\dist\\\\server\\\\require-hook.js:68:28)\\n    at require (node:internal/modules/helpers:135:16)\\n    at object.\\u003canonymous\\u003e (c:\\\\dev\\\\zo\\\\sass-store\\\\apps\\\\web\\\\node_modules\\\\tailwindcss\\\\lib\\\\index.js:2:18)\\n    at module._compile (node:internal/modules/cjs/loader:1730:14)\\n    at object..js (node:internal/modules/cjs/loader:1895:10)\\n    at module.load (node:internal/modules/cjs/loader:1465:32)\\n    at function._load (node:internal/modules/cjs/loader:1282:12)\\n    at tracingchannel.tracesync (node:diagnostics_channel:322:14)\\n    at wrapmoduleload (node:internal/modules/cjs/loader:235:24)\\n    at module.\\u003canonymous\\u003e (node:internal/modules/cjs/loader:1487:12)\\n    at mod.require (c:\\\\dev\\\\zo\\\\sass-store\\\\apps\\\\web\\\\node_modules\\\\next\\\\dist\\\\server\\\\require-hook.js:68:28)\\n    at require (node:internal/modules/helpers:135:16)\",\"stack\":\"error: an error occurred in `next/font`.\\n\\nerror: cannot find module 'object-hash'\\nrequire stack:\\n- c:\\\\dev\\\\zo\\\\sass-store\\\\apps\\\\web\\\\node_modules\\\\tailwindcss\\\\lib\\\\util\\\\hashconfig.js\\n- c:\\\\dev\\\\zo\\\\sass-store\\\\apps\\\\web\\\\node_modules\\\\tailwindcss\\\\lib\\\\lib\\\\setuptrackingcontext.js\\n- c:\\\\dev\\\\zo\\\\sass-store\\\\apps\\\\web\\\\node_modules\\\\tailwindcss\\\\lib\\\\plugin.js\\n- c:\\\\dev\\\\zo\\\\sass-store\\\\apps\\\\web\\\\node_modules\\\\tailwindcss\\\\lib\\\\index.js\\n- c:\\\\dev\\\\zo\\\\sass-store\\\\apps\\\\web\\\\node_modules\\\\next\\\\dist\\\\build\\\\webpack\\\\config\\\\blocks\\\\css\\\\plugins.js\\n- c:\\\\dev\\\\zo\\\\sass-store\\\\apps\\\\web\\\\node_modules\\\\next\\\\dist\\\\build\\\\webpack\\\\config\\\\blocks\\\\css\\\\index.js\\n- c:\\\\dev\\\\zo\\\\sass-store\\\\apps\\\\web\\\\node_modules\\\\next\\\\dist\\\\build\\\\webpack\\\\config\\\\index.js\\n- c:\\\\dev\\\\zo\\\\sass-store\\\\apps\\\\web\\\\node_modules\\\\next\\\\dist\\\\build\\\\webpack-config.js\\n- c:\\\\dev\\\\zo\\\\sass-store\\\\apps\\\\web\\\\node_modules\\\\next\\\\dist\\\\server\\\\dev\\\\hot-reloader-webpack.js\\n- c:\\\\dev\\\\zo\\\\sass-store\\\\apps\\\\web\\\\node_modules\\\\next\\\\dist\\\\server\\\\lib\\\\router-utils\\\\setup-dev-bundler.js\\n- c:\\\\dev\\\\zo\\\\sass-store\\\\apps\\\\web\\\\node_modules\\\\next\\\\dist\\\\server\\\\lib\\\\router-server.js\\n- c:\\\\dev\\\\zo\\\\sass-store\\\\apps\\\\web\\\\node_modules\\\\next\\\\dist\\\\server\\\\lib\\\\start-server.js\\n    at function.\\u003canonymous\\u003e (node:internal/modules/cjs/loader:1401:15)\\n    at c:\\\\dev\\\\zo\\\\sass-store\\\\apps\\\\web\\\\node_modules\\\\next\\\\dist\\\\server\\\\require-hook.js:57:36\\n    at defaultresolveimpl (node:internal/modules/cjs/loader:1057:19)\\n    at resolveforcjswithhooks (node:internal/modules/cjs/loader:1062:22)\\n    at function._load (node:internal/modules/cjs/loader:1211:37)\\n    at tracingchannel.tracesync (node:diagnostics_channel:322:14)\\n    at wrapmoduleload (node:internal/modules/cjs/loader:235:24)\\n    at module.\\u003canonymous\\u003e (node:internal/modules/cjs/loader:1487:12)\\n    at mod.require (c:\\\\dev\\\\zo\\\\sass-store\\\\apps\\\\web\\\\node_modules\\\\next\\\\dist\\\\server\\\\require-hook.js:68:28)\\n    at require (node:internal/modules/helpers:135:16)\\n    at object.\\u003canonymous\\u003e (c:\\\\dev\\\\zo\\\\sass-store\\\\apps\\\\web\\\\node_modules\\\\tailwindcss\\\\lib\\\\util\\\\hashconfig.js:11:60)\\n    at module._compile (node:internal/modules/cjs/loader:1730:14)\\n    at object..js (node:internal/modules/cjs/loader:1895:10)\\n    at module.load (node:internal/modules/cjs/loader:1465:32)\\n    at function._load (node:internal/modules/cjs/loader:1282:12)\\n    at tracingchannel.tracesync (node:diagnostics_channel:322:14)\\n    at wrapmoduleload (node:internal/modules/cjs/loader:235:24)\\n    at module.\\u003canonymous\\u003e (node:internal/modules/cjs/loader:1487:12)\\n    at mod.require (c:\\\\dev\\\\zo\\\\sass-store\\\\apps\\\\web\\\\node_modules\\\\next\\\\dist\\\\server\\\\require-hook.js:68:28)\\n    at require (node:internal/modules/helpers:135:16)\\n    at object.\\u003canonymous\\u003e (c:\\\\dev\\\\zo\\\\sass-store\\\\apps\\\\web\\\\node_modules\\\\tailwindcss\\\\lib\\\\lib\\\\setuptrackingcontext.js:18:60)\\n    at module._compile (node:internal/modules/cjs/loader:1730:14)\\n    at object..js (node:internal/modules/cjs/loader:1895:10)\\n    at module.load (node:internal/modules/cjs/loader:1465:32)\\n    at function._load (node:internal/modules/cjs/loader:1282:12)\\n    at tracingchannel.tracesync (node:diagnostics_channel:322:14)\\n    at wrapmoduleload (node:internal/modules/cjs/loader:235:24)\\n    at module.\\u003canonymous\\u003e (node:internal/modules/cjs/loader:1487:12)\\n    at mod.require (c:\\\\dev\\\\zo\\\\sass-store\\\\apps\\\\web\\\\node_modules\\\\next\\\\dist\\\\server\\\\require-hook.js:68:28)\\n    at require (node:internal/modules/helpers:135:16)\\n    at object.\\u003canonymous\\u003e (c:\\\\dev\\\\zo\\\\sass-store\\\\apps\\\\web\\\\node_modules\\\\tailwindcss\\\\lib\\\\plugin.js:5:70)\\n    at module._compile (node:internal/modules/cjs/loader:1730:14)\\n    at object..js (node:internal/modules/cjs/loader:1895:10)\\n    at module.load (node:internal/modules/cjs/loader:1465:32)\\n    at function._load (node:internal/modules/cjs/loader:1282:12)\\n    at tracingchannel.tracesync (node:diagnostics_channel:322:14)\\n    at wrapmoduleload (node:internal/modules/cjs/loader:235:24)\\n    at module.\\u003canonymous\\u003e (node:internal/modules/cjs/loader:1487:12)\\n    at mod.require (c:\\\\dev\\\\zo\\\\sass-store\\\\apps\\\\web\\\\node_modules\\\\next\\\\dist\\\\server\\\\require-hook.js:68:28)\\n    at require (node:internal/modules/helpers:135:16)\\n    at object.\\u003canonymous\\u003e (c:\\\\dev\\\\zo\\\\sass-store\\\\apps\\\\web\\\\node_modules\\\\tailwindcss\\\\lib\\\\index.js:2:18)\\n    at module._compile (node:internal/modules/cjs/loader:1730:14)\\n    at object..js (node:internal/modules/cjs/loader:1895:10)\\n    at module.load (node:internal/modules/cjs/loader:1465:32)\\n    at function._load (node:internal/modules/cjs/loader:1282:12)\\n    at tracingchannel.tracesync (node:diagnostics_channel:322:14)\\n    at wrapmoduleload (node:internal/modules/cjs/loader:235:24)\\n    at module.\\u003canonymous\\u003e (node:internal/modules/cjs/loader:1487:12)\\n    at mod.require (c:\\\\dev\\\\zo\\\\sass-store\\\\apps\\\\web\\\\node_modules\\\\next\\\\dist\\\\server\\\\require-hook.js:68:28)\\n    at require (node:internal/modules/helpers:135:16)\\n    at getnextfonterror (c:\\\\dev\\\\zo\\\\sass-store\\\\apps\\\\web\\\\node_modules\\\\next\\\\dist\\\\build\\\\webpack\\\\plugins\\\\wellknown-errors-plugin\\\\parsenextfonterror.js:26:20)\\n    at getmodulebuilderror (c:\\\\dev\\\\zo\\\\sass-store\\\\apps\\\\web\\\\node_modules\\\\next\\\\dist\\\\build\\\\webpack\\\\plugins\\\\wellknown-errors-plugin\\\\webpackmoduleerror.js:123:63)\\n    at process.processticksandrejections (node:internal/process/task_queues:105:5)\\n    at async c:\\\\dev\\\\zo\\\\sass-store\\\\apps\\\\web\\\\node_modules\\\\next\\\\dist\\\\build\\\\webpack\\\\plugins\\\\wellknown-errors-plugin\\\\index.js:29:49\\n    at async promise.all (index 0)\\n    at async c:\\\\dev\\\\zo\\\\sass-store\\\\apps\\\\web\\\\node_modules\\\\next\\\\dist\\\\build\\\\webpack\\\\plugins\\\\wellknown-errors-plugin\\\\index.js:27:21\"},\"gip\":true,\"scriptloader\":[]}"

      122 |
      123 |     // Each page should contain its tenant-specific content
    > 124 |     expect(page1Content?.toLowerCase()).toContain('wondernails');
          |                                         ^
      125 |     expect(page2Content?.toLowerCase()).toContain('nom-nom');
      126 |
      127 |     // And should not contain the other tenant's content
        at C:\Dev\Zo\sass-store\tests\e2e\multitenant\tenant-isolation.spec.ts:124:41

    attachment #1: screenshot (image/png) ──────────────────────────────────────────────────────────
    ..\..\test-results\multitenant-tenant-isolati-8aaa1-n-isolation-between-tenants-Mobile-Safari\test-failed-2.png
    ────────────────────────────────────────────────────────────────────────────────────────────────

    attachment #2: screenshot (image/png) ──────────────────────────────────────────────────────────
    ..\..\test-results\multitenant-tenant-isolati-8aaa1-n-isolation-between-tenants-Mobile-Safari\test-failed-1.png
    ────────────────────────────────────────────────────────────────────────────────────────────────

    attachment #3: video (video/webm) ──────────────────────────────────────────────────────────────
    ..\..\test-results\multitenant-tenant-isolati-8aaa1-n-isolation-between-tenants-Mobile-Safari\video.webm
    ────────────────────────────────────────────────────────────────────────────────────────────────

    attachment #4: video (video/webm) ──────────────────────────────────────────────────────────────
    ..\..\test-results\multitenant-tenant-isolati-8aaa1-n-isolation-between-tenants-Mobile-Safari\video-1.webm
    ────────────────────────────────────────────────────────────────────────────────────────────────

    Error Context: ..\..\test-results\multitenant-tenant-isolati-8aaa1-n-isolation-between-tenants-Mobile-Safari\error-context.md
]]>
</failure>
<system-out>
<![CDATA[
[[ATTACHMENT|multitenant-tenant-isolati-8aaa1-n-isolation-between-tenants-Mobile-Safari\test-failed-2.png]]

[[ATTACHMENT|multitenant-tenant-isolati-8aaa1-n-isolation-between-tenants-Mobile-Safari\test-failed-1.png]]

[[ATTACHMENT|multitenant-tenant-isolati-8aaa1-n-isolation-between-tenants-Mobile-Safari\video.webm]]

[[ATTACHMENT|multitenant-tenant-isolati-8aaa1-n-isolation-between-tenants-Mobile-Safari\video-1.webm]]

[[ATTACHMENT|multitenant-tenant-isolati-8aaa1-n-isolation-between-tenants-Mobile-Safari\error-context.md]]
]]>
</system-out>
</testcase>
</testsuite>
<testsuite name="navigation\navigation-flows.spec.ts" timestamp="2025-10-29T19:08:05.826Z" hostname="Mobile Safari" tests="20" failures="13" skipped="0" time="237.782" errors="0">
<testcase name="Authentication &amp; Login › should login successfully with valid credentials" classname="navigation\navigation-flows.spec.ts" time="19.297">
<failure message="navigation-flows.spec.ts:9:7 should login successfully with valid credentials" type="FAILURE">
<![CDATA[  [Mobile Safari] › navigation\navigation-flows.spec.ts:9:7 › Authentication & Login › should login successfully with valid credentials 

    TimeoutError: page.fill: Timeout 15000ms exceeded.
    Call log:
      - waiting for locator('[data-testid="email-input"], input[name="email"]')


      10 |     await page.goto('/t/wondernails/login');
      11 |
    > 12 |     await page.fill('[data-testid="email-input"], input[name="email"]', 'test@wondernails.com');
         |                ^
      13 |     await page.fill('[data-testid="password-input"], input[name="password"]', 'password123');
      14 |
      15 |     await page.click('[data-testid="login-btn"], button[type="submit"]');
        at C:\Dev\Zo\sass-store\tests\e2e\navigation\navigation-flows.spec.ts:12:16

    attachment #1: screenshot (image/png) ──────────────────────────────────────────────────────────
    ..\..\test-results\navigation-navigation-flow-df79c-ully-with-valid-credentials-Mobile-Safari\test-failed-1.png
    ────────────────────────────────────────────────────────────────────────────────────────────────

    attachment #2: video (video/webm) ──────────────────────────────────────────────────────────────
    ..\..\test-results\navigation-navigation-flow-df79c-ully-with-valid-credentials-Mobile-Safari\video.webm
    ────────────────────────────────────────────────────────────────────────────────────────────────

    Error Context: ..\..\test-results\navigation-navigation-flow-df79c-ully-with-valid-credentials-Mobile-Safari\error-context.md
]]>
</failure>
<system-out>
<![CDATA[
[[ATTACHMENT|navigation-navigation-flow-df79c-ully-with-valid-credentials-Mobile-Safari\test-failed-1.png]]

[[ATTACHMENT|navigation-navigation-flow-df79c-ully-with-valid-credentials-Mobile-Safari\video.webm]]

[[ATTACHMENT|navigation-navigation-flow-df79c-ully-with-valid-credentials-Mobile-Safari\error-context.md]]
]]>
</system-out>
</testcase>
<testcase name="Authentication &amp; Login › should show error for invalid credentials" classname="navigation\navigation-flows.spec.ts" time="20.754">
<failure message="navigation-flows.spec.ts:21:7 should show error for invalid credentials" type="FAILURE">
<![CDATA[  [Mobile Safari] › navigation\navigation-flows.spec.ts:21:7 › Authentication & Login › should show error for invalid credentials 

    TimeoutError: page.fill: Timeout 15000ms exceeded.
    Call log:
      - waiting for locator('input[name="email"]')


      22 |     await page.goto('/t/wondernails/login');
      23 |
    > 24 |     await page.fill('input[name="email"]', 'invalid@example.com');
         |                ^
      25 |     await page.fill('input[name="password"]', 'wrongpassword');
      26 |
      27 |     await page.click('button[type="submit"]');
        at C:\Dev\Zo\sass-store\tests\e2e\navigation\navigation-flows.spec.ts:24:16

    attachment #1: screenshot (image/png) ──────────────────────────────────────────────────────────
    ..\..\test-results\navigation-navigation-flow-22e8b-ror-for-invalid-credentials-Mobile-Safari\test-failed-1.png
    ────────────────────────────────────────────────────────────────────────────────────────────────

    attachment #2: video (video/webm) ──────────────────────────────────────────────────────────────
    ..\..\test-results\navigation-navigation-flow-22e8b-ror-for-invalid-credentials-Mobile-Safari\video.webm
    ────────────────────────────────────────────────────────────────────────────────────────────────

    Error Context: ..\..\test-results\navigation-navigation-flow-22e8b-ror-for-invalid-credentials-Mobile-Safari\error-context.md
]]>
</failure>
<system-out>
<![CDATA[
[[ATTACHMENT|navigation-navigation-flow-22e8b-ror-for-invalid-credentials-Mobile-Safari\test-failed-1.png]]

[[ATTACHMENT|navigation-navigation-flow-22e8b-ror-for-invalid-credentials-Mobile-Safari\video.webm]]

[[ATTACHMENT|navigation-navigation-flow-22e8b-ror-for-invalid-credentials-Mobile-Safari\error-context.md]]
]]>
</system-out>
</testcase>
<testcase name="Authentication &amp; Login › should logout successfully" classname="navigation\navigation-flows.spec.ts" time="5.52">
</testcase>
<testcase name="Authentication &amp; Login › should remember me functionality work" classname="navigation\navigation-flows.spec.ts" time="17.093">
<failure message="navigation-flows.spec.ts:45:7 should remember me functionality work" type="FAILURE">
<![CDATA[  [Mobile Safari] › navigation\navigation-flows.spec.ts:45:7 › Authentication & Login › should remember me functionality work 

    TimeoutError: page.fill: Timeout 15000ms exceeded.
    Call log:
      - waiting for locator('input[name="email"]')


      46 |     await page.goto('/t/wondernails/login');
      47 |
    > 48 |     await page.fill('input[name="email"]', 'test@wondernails.com');
         |                ^
      49 |     await page.fill('input[name="password"]', 'password123');
      50 |
      51 |     const rememberMe = page.locator('input[name="rememberMe"], input[type="checkbox"]');
        at C:\Dev\Zo\sass-store\tests\e2e\navigation\navigation-flows.spec.ts:48:16

    attachment #1: screenshot (image/png) ──────────────────────────────────────────────────────────
    ..\..\test-results\navigation-navigation-flow-14eaa-ember-me-functionality-work-Mobile-Safari\test-failed-1.png
    ────────────────────────────────────────────────────────────────────────────────────────────────

    attachment #2: video (video/webm) ──────────────────────────────────────────────────────────────
    ..\..\test-results\navigation-navigation-flow-14eaa-ember-me-functionality-work-Mobile-Safari\video.webm
    ────────────────────────────────────────────────────────────────────────────────────────────────

    Error Context: ..\..\test-results\navigation-navigation-flow-14eaa-ember-me-functionality-work-Mobile-Safari\error-context.md
]]>
</failure>
<system-out>
<![CDATA[
[[ATTACHMENT|navigation-navigation-flow-14eaa-ember-me-functionality-work-Mobile-Safari\test-failed-1.png]]

[[ATTACHMENT|navigation-navigation-flow-14eaa-ember-me-functionality-work-Mobile-Safari\video.webm]]

[[ATTACHMENT|navigation-navigation-flow-14eaa-ember-me-functionality-work-Mobile-Safari\error-context.md]]
]]>
</system-out>
</testcase>
<testcase name="Navigation &amp; Menu › should navigate through main menu" classname="navigation\navigation-flows.spec.ts" time="1.768">
</testcase>
<testcase name="Navigation &amp; Menu › should show mobile menu on mobile devices" classname="navigation\navigation-flows.spec.ts" time="16.885">
<failure message="navigation-flows.spec.ts:98:7 should show mobile menu on mobile devices" type="FAILURE">
<![CDATA[  [Mobile Safari] › navigation\navigation-flows.spec.ts:98:7 › Navigation & Menu › should show mobile menu on mobile devices 

    TimeoutError: locator.click: Timeout 15000ms exceeded.
    Call log:
      - waiting for locator('[data-testid="mobile-menu-toggle"], button[aria-label*="menu"]')


      102 |
      103 |     const mobileMenuToggle = page.locator('[data-testid="mobile-menu-toggle"], button[aria-label*="menu"]');
    > 104 |     await mobileMenuToggle.click();
          |                            ^
      105 |
      106 |     const mobileMenu = page.locator('[data-testid="mobile-menu"]');
      107 |     await expect(mobileMenu).toBeVisible();
        at C:\Dev\Zo\sass-store\tests\e2e\navigation\navigation-flows.spec.ts:104:28

    attachment #1: screenshot (image/png) ──────────────────────────────────────────────────────────
    ..\..\test-results\navigation-navigation-flow-73bba-bile-menu-on-mobile-devices-Mobile-Safari\test-failed-1.png
    ────────────────────────────────────────────────────────────────────────────────────────────────

    attachment #2: video (video/webm) ──────────────────────────────────────────────────────────────
    ..\..\test-results\navigation-navigation-flow-73bba-bile-menu-on-mobile-devices-Mobile-Safari\video.webm
    ────────────────────────────────────────────────────────────────────────────────────────────────

    Error Context: ..\..\test-results\navigation-navigation-flow-73bba-bile-menu-on-mobile-devices-Mobile-Safari\error-context.md
]]>
</failure>
<system-out>
<![CDATA[
[[ATTACHMENT|navigation-navigation-flow-73bba-bile-menu-on-mobile-devices-Mobile-Safari\test-failed-1.png]]

[[ATTACHMENT|navigation-navigation-flow-73bba-bile-menu-on-mobile-devices-Mobile-Safari\video.webm]]

[[ATTACHMENT|navigation-navigation-flow-73bba-bile-menu-on-mobile-devices-Mobile-Safari\error-context.md]]
]]>
</system-out>
</testcase>
<testcase name="Navigation &amp; Menu › should navigate with breadcrumbs" classname="navigation\navigation-flows.spec.ts" time="1.108">
</testcase>
<testcase name="Search Functionality › should search products successfully" classname="navigation\navigation-flows.spec.ts" time="16.437">
<failure message="navigation-flows.spec.ts:124:7 should search products successfully" type="FAILURE">
<![CDATA[  [Mobile Safari] › navigation\navigation-flows.spec.ts:124:7 › Search Functionality › should search products successfully 

    TimeoutError: locator.fill: Timeout 15000ms exceeded.
    Call log:
      - waiting for locator('[data-testid="search-input"], input[type="search"]')


      126 |
      127 |     const searchInput = page.locator('[data-testid="search-input"], input[type="search"]');
    > 128 |     await searchInput.fill('nail polish');
          |                       ^
      129 |     await page.keyboard.press('Enter');
      130 |
      131 |     await page.waitForTimeout(500);
        at C:\Dev\Zo\sass-store\tests\e2e\navigation\navigation-flows.spec.ts:128:23

    attachment #1: screenshot (image/png) ──────────────────────────────────────────────────────────
    ..\..\test-results\navigation-navigation-flow-200ae-earch-products-successfully-Mobile-Safari\test-failed-1.png
    ────────────────────────────────────────────────────────────────────────────────────────────────

    attachment #2: video (video/webm) ──────────────────────────────────────────────────────────────
    ..\..\test-results\navigation-navigation-flow-200ae-earch-products-successfully-Mobile-Safari\video.webm
    ────────────────────────────────────────────────────────────────────────────────────────────────

    Error Context: ..\..\test-results\navigation-navigation-flow-200ae-earch-products-successfully-Mobile-Safari\error-context.md
]]>
</failure>
<system-out>
<![CDATA[
[[ATTACHMENT|navigation-navigation-flow-200ae-earch-products-successfully-Mobile-Safari\test-failed-1.png]]

[[ATTACHMENT|navigation-navigation-flow-200ae-earch-products-successfully-Mobile-Safari\video.webm]]

[[ATTACHMENT|navigation-navigation-flow-200ae-earch-products-successfully-Mobile-Safari\error-context.md]]
]]>
</system-out>
</testcase>
<testcase name="Search Functionality › should show no results message for invalid search" classname="navigation\navigation-flows.spec.ts" time="16.385">
<failure message="navigation-flows.spec.ts:141:7 should show no results message for invalid search" type="FAILURE">
<![CDATA[  [Mobile Safari] › navigation\navigation-flows.spec.ts:141:7 › Search Functionality › should show no results message for invalid search 

    TimeoutError: locator.fill: Timeout 15000ms exceeded.
    Call log:
      - waiting for locator('[data-testid="search-input"], input[type="search"]')


      143 |
      144 |     const searchInput = page.locator('[data-testid="search-input"], input[type="search"]');
    > 145 |     await searchInput.fill('xyzabc123nonexistent');
          |                       ^
      146 |     await page.keyboard.press('Enter');
      147 |
      148 |     await page.waitForTimeout(500);
        at C:\Dev\Zo\sass-store\tests\e2e\navigation\navigation-flows.spec.ts:145:23

    attachment #1: screenshot (image/png) ──────────────────────────────────────────────────────────
    ..\..\test-results\navigation-navigation-flow-e5e6c--message-for-invalid-search-Mobile-Safari\test-failed-1.png
    ────────────────────────────────────────────────────────────────────────────────────────────────

    attachment #2: video (video/webm) ──────────────────────────────────────────────────────────────
    ..\..\test-results\navigation-navigation-flow-e5e6c--message-for-invalid-search-Mobile-Safari\video.webm
    ────────────────────────────────────────────────────────────────────────────────────────────────

    Error Context: ..\..\test-results\navigation-navigation-flow-e5e6c--message-for-invalid-search-Mobile-Safari\error-context.md
]]>
</failure>
<system-out>
<![CDATA[
[[ATTACHMENT|navigation-navigation-flow-e5e6c--message-for-invalid-search-Mobile-Safari\test-failed-1.png]]

[[ATTACHMENT|navigation-navigation-flow-e5e6c--message-for-invalid-search-Mobile-Safari\video.webm]]

[[ATTACHMENT|navigation-navigation-flow-e5e6c--message-for-invalid-search-Mobile-Safari\error-context.md]]
]]>
</system-out>
</testcase>
<testcase name="Search Functionality › should filter search results" classname="navigation\navigation-flows.spec.ts" time="0.954">
</testcase>
<testcase name="Product Filtering &amp; Sorting › should filter products by category" classname="navigation\navigation-flows.spec.ts" time="0.914">
</testcase>
<testcase name="Product Filtering &amp; Sorting › should sort products by price" classname="navigation\navigation-flows.spec.ts" time="0.826">
</testcase>
<testcase name="Product Filtering &amp; Sorting › should filter products by price range" classname="navigation\navigation-flows.spec.ts" time="0.811">
</testcase>
<testcase name="Shopping Cart Operations › should add product to cart" classname="navigation\navigation-flows.spec.ts" time="16.152">
<failure message="navigation-flows.spec.ts:254:7 should add product to cart" type="FAILURE">
<![CDATA[  [Mobile Safari] › navigation\navigation-flows.spec.ts:254:7 › Shopping Cart Operations › should add product to cart 

    TimeoutError: locator.click: Timeout 15000ms exceeded.
    Call log:
      - waiting for locator('[data-testid="add-to-cart-btn"]').first()


      256 |
      257 |     const addToCartBtn = page.locator('[data-testid="add-to-cart-btn"]').first();
    > 258 |     await addToCartBtn.click();
          |                        ^
      259 |
      260 |     await page.waitForTimeout(500);
      261 |
        at C:\Dev\Zo\sass-store\tests\e2e\navigation\navigation-flows.spec.ts:258:24

    attachment #1: screenshot (image/png) ──────────────────────────────────────────────────────────
    ..\..\test-results\navigation-navigation-flow-cf546--should-add-product-to-cart-Mobile-Safari\test-failed-1.png
    ────────────────────────────────────────────────────────────────────────────────────────────────

    attachment #2: video (video/webm) ──────────────────────────────────────────────────────────────
    ..\..\test-results\navigation-navigation-flow-cf546--should-add-product-to-cart-Mobile-Safari\video.webm
    ────────────────────────────────────────────────────────────────────────────────────────────────

    Error Context: ..\..\test-results\navigation-navigation-flow-cf546--should-add-product-to-cart-Mobile-Safari\error-context.md
]]>
</failure>
<system-out>
<![CDATA[
[[ATTACHMENT|navigation-navigation-flow-cf546--should-add-product-to-cart-Mobile-Safari\test-failed-1.png]]

[[ATTACHMENT|navigation-navigation-flow-cf546--should-add-product-to-cart-Mobile-Safari\video.webm]]

[[ATTACHMENT|navigation-navigation-flow-cf546--should-add-product-to-cart-Mobile-Safari\error-context.md]]
]]>
</system-out>
</testcase>
<testcase name="Shopping Cart Operations › should update cart item quantity" classname="navigation\navigation-flows.spec.ts" time="16.294">
<failure message="navigation-flows.spec.ts:268:7 should update cart item quantity" type="FAILURE">
<![CDATA[  [Mobile Safari] › navigation\navigation-flows.spec.ts:268:7 › Shopping Cart Operations › should update cart item quantity 

    TimeoutError: locator.click: Timeout 15000ms exceeded.
    Call log:
      - waiting for locator('[data-testid="add-to-cart-btn"]').first()


      271 |     // Add item to cart
      272 |     const addToCartBtn = page.locator('[data-testid="add-to-cart-btn"]').first();
    > 273 |     await addToCartBtn.click();
          |                        ^
      274 |     await page.waitForTimeout(500);
      275 |
      276 |     // Go to cart
        at C:\Dev\Zo\sass-store\tests\e2e\navigation\navigation-flows.spec.ts:273:24

    attachment #1: screenshot (image/png) ──────────────────────────────────────────────────────────
    ..\..\test-results\navigation-navigation-flow-298ef-d-update-cart-item-quantity-Mobile-Safari\test-failed-1.png
    ────────────────────────────────────────────────────────────────────────────────────────────────

    attachment #2: video (video/webm) ──────────────────────────────────────────────────────────────
    ..\..\test-results\navigation-navigation-flow-298ef-d-update-cart-item-quantity-Mobile-Safari\video.webm
    ────────────────────────────────────────────────────────────────────────────────────────────────

    Error Context: ..\..\test-results\navigation-navigation-flow-298ef-d-update-cart-item-quantity-Mobile-Safari\error-context.md
]]>
</failure>
<system-out>
<![CDATA[
[[ATTACHMENT|navigation-navigation-flow-298ef-d-update-cart-item-quantity-Mobile-Safari\test-failed-1.png]]

[[ATTACHMENT|navigation-navigation-flow-298ef-d-update-cart-item-quantity-Mobile-Safari\video.webm]]

[[ATTACHMENT|navigation-navigation-flow-298ef-d-update-cart-item-quantity-Mobile-Safari\error-context.md]]
]]>
</system-out>
</testcase>
<testcase name="Shopping Cart Operations › should remove item from cart" classname="navigation\navigation-flows.spec.ts" time="16.652">
<failure message="navigation-flows.spec.ts:293:7 should remove item from cart" type="FAILURE">
<![CDATA[  [Mobile Safari] › navigation\navigation-flows.spec.ts:293:7 › Shopping Cart Operations › should remove item from cart 

    TimeoutError: locator.click: Timeout 15000ms exceeded.
    Call log:
      - waiting for locator('[data-testid="add-to-cart-btn"]').first()


      296 |     // Add item to cart
      297 |     const addToCartBtn = page.locator('[data-testid="add-to-cart-btn"]').first();
    > 298 |     await addToCartBtn.click();
          |                        ^
      299 |     await page.waitForTimeout(500);
      300 |
      301 |     // Go to cart
        at C:\Dev\Zo\sass-store\tests\e2e\navigation\navigation-flows.spec.ts:298:24

    attachment #1: screenshot (image/png) ──────────────────────────────────────────────────────────
    ..\..\test-results\navigation-navigation-flow-e99c1-hould-remove-item-from-cart-Mobile-Safari\test-failed-1.png
    ────────────────────────────────────────────────────────────────────────────────────────────────

    attachment #2: video (video/webm) ──────────────────────────────────────────────────────────────
    ..\..\test-results\navigation-navigation-flow-e99c1-hould-remove-item-from-cart-Mobile-Safari\video.webm
    ────────────────────────────────────────────────────────────────────────────────────────────────

    Error Context: ..\..\test-results\navigation-navigation-flow-e99c1-hould-remove-item-from-cart-Mobile-Safari\error-context.md
]]>
</failure>
<system-out>
<![CDATA[
[[ATTACHMENT|navigation-navigation-flow-e99c1-hould-remove-item-from-cart-Mobile-Safari\test-failed-1.png]]

[[ATTACHMENT|navigation-navigation-flow-e99c1-hould-remove-item-from-cart-Mobile-Safari\video.webm]]

[[ATTACHMENT|navigation-navigation-flow-e99c1-hould-remove-item-from-cart-Mobile-Safari\error-context.md]]
]]>
</system-out>
</testcase>
<testcase name="Shopping Cart Operations › should calculate cart total correctly" classname="navigation\navigation-flows.spec.ts" time="16.693">
<failure message="navigation-flows.spec.ts:317:7 should calculate cart total correctly" type="FAILURE">
<![CDATA[  [Mobile Safari] › navigation\navigation-flows.spec.ts:317:7 › Shopping Cart Operations › should calculate cart total correctly 

    TimeoutError: locator.textContent: Timeout 15000ms exceeded.
    Call log:
      - waiting for locator('[data-testid="product-card"]').first().locator('[data-testid="product-price"]')


      320 |     // Add item to cart
      321 |     const firstProduct = page.locator('[data-testid="product-card"]').first();
    > 322 |     const firstPrice = await firstProduct.locator('[data-testid="product-price"]').textContent();
          |                                                                                    ^
      323 |     const priceValue = parseFloat(firstPrice?.replace(/[^0-9.]/g, '') || '0');
      324 |
      325 |     const addToCartBtn = firstProduct.locator('[data-testid="add-to-cart-btn"]');
        at C:\Dev\Zo\sass-store\tests\e2e\navigation\navigation-flows.spec.ts:322:84

    attachment #1: screenshot (image/png) ──────────────────────────────────────────────────────────
    ..\..\test-results\navigation-navigation-flow-3eda3-culate-cart-total-correctly-Mobile-Safari\test-failed-1.png
    ────────────────────────────────────────────────────────────────────────────────────────────────

    attachment #2: video (video/webm) ──────────────────────────────────────────────────────────────
    ..\..\test-results\navigation-navigation-flow-3eda3-culate-cart-total-correctly-Mobile-Safari\video.webm
    ────────────────────────────────────────────────────────────────────────────────────────────────

    Error Context: ..\..\test-results\navigation-navigation-flow-3eda3-culate-cart-total-correctly-Mobile-Safari\error-context.md
]]>
</failure>
<system-out>
<![CDATA[
[[ATTACHMENT|navigation-navigation-flow-3eda3-culate-cart-total-correctly-Mobile-Safari\test-failed-1.png]]

[[ATTACHMENT|navigation-navigation-flow-3eda3-culate-cart-total-correctly-Mobile-Safari\video.webm]]

[[ATTACHMENT|navigation-navigation-flow-3eda3-culate-cart-total-correctly-Mobile-Safari\error-context.md]]
]]>
</system-out>
</testcase>
<testcase name="Booking System › should book a service appointment" classname="navigation\navigation-flows.spec.ts" time="18.168">
<failure message="navigation-flows.spec.ts:343:7 should book a service appointment" type="FAILURE">
<![CDATA[  [Mobile Safari] › navigation\navigation-flows.spec.ts:343:7 › Booking System › should book a service appointment 

    TimeoutError: locator.click: Timeout 15000ms exceeded.
    Call log:
      - waiting for locator('[data-testid="service-card"]').first()


      345 |
      346 |     const serviceCard = page.locator('[data-testid="service-card"]').first();
    > 347 |     await serviceCard.click();
          |                       ^
      348 |
      349 |     const bookBtn = page.locator('[data-testid="book-service-btn"], button:has-text("Book")');
      350 |     if (await bookBtn.isVisible()) {
        at C:\Dev\Zo\sass-store\tests\e2e\navigation\navigation-flows.spec.ts:347:23

    attachment #1: screenshot (image/png) ──────────────────────────────────────────────────────────
    ..\..\test-results\navigation-navigation-flow-1c725--book-a-service-appointment-Mobile-Safari\test-failed-1.png
    ────────────────────────────────────────────────────────────────────────────────────────────────

    attachment #2: video (video/webm) ──────────────────────────────────────────────────────────────
    ..\..\test-results\navigation-navigation-flow-1c725--book-a-service-appointment-Mobile-Safari\video.webm
    ────────────────────────────────────────────────────────────────────────────────────────────────

    Error Context: ..\..\test-results\navigation-navigation-flow-1c725--book-a-service-appointment-Mobile-Safari\error-context.md
]]>
</failure>
<system-out>
<![CDATA[
[[ATTACHMENT|navigation-navigation-flow-1c725--book-a-service-appointment-Mobile-Safari\test-failed-1.png]]

[[ATTACHMENT|navigation-navigation-flow-1c725--book-a-service-appointment-Mobile-Safari\video.webm]]

[[ATTACHMENT|navigation-navigation-flow-1c725--book-a-service-appointment-Mobile-Safari\error-context.md]]
]]>
</system-out>
</testcase>
<testcase name="Booking System › should select staff member for booking" classname="navigation\navigation-flows.spec.ts" time="18.097">
<failure message="navigation-flows.spec.ts:379:7 should select staff member for booking" type="FAILURE">
<![CDATA[  [Mobile Safari] › navigation\navigation-flows.spec.ts:379:7 › Booking System › should select staff member for booking 

    TimeoutError: locator.click: Timeout 15000ms exceeded.
    Call log:
      - waiting for locator('[data-testid="service-card"]').first()


      381 |
      382 |     const serviceCard = page.locator('[data-testid="service-card"]').first();
    > 383 |     await serviceCard.click();
          |                       ^
      384 |
      385 |     const staffSelector = page.locator('[data-testid="staff-selector"], select[name="staff"]');
      386 |     if (await staffSelector.isVisible()) {
        at C:\Dev\Zo\sass-store\tests\e2e\navigation\navigation-flows.spec.ts:383:23

    attachment #1: screenshot (image/png) ──────────────────────────────────────────────────────────
    ..\..\test-results\navigation-navigation-flow-9b84d-ct-staff-member-for-booking-Mobile-Safari\test-failed-1.png
    ────────────────────────────────────────────────────────────────────────────────────────────────

    attachment #2: video (video/webm) ──────────────────────────────────────────────────────────────
    ..\..\test-results\navigation-navigation-flow-9b84d-ct-staff-member-for-booking-Mobile-Safari\video.webm
    ────────────────────────────────────────────────────────────────────────────────────────────────

    Error Context: ..\..\test-results\navigation-navigation-flow-9b84d-ct-staff-member-for-booking-Mobile-Safari\error-context.md
]]>
</failure>
<system-out>
<![CDATA[
[[ATTACHMENT|navigation-navigation-flow-9b84d-ct-staff-member-for-booking-Mobile-Safari\test-failed-1.png]]

[[ATTACHMENT|navigation-navigation-flow-9b84d-ct-staff-member-for-booking-Mobile-Safari\video.webm]]

[[ATTACHMENT|navigation-navigation-flow-9b84d-ct-staff-member-for-booking-Mobile-Safari\error-context.md]]
]]>
</system-out>
</testcase>
<testcase name="Checkout Process › should proceed through checkout flow" classname="navigation\navigation-flows.spec.ts" time="16.974">
<failure message="navigation-flows.spec.ts:401:7 should proceed through checkout flow" type="FAILURE">
<![CDATA[  [Mobile Safari] › navigation\navigation-flows.spec.ts:401:7 › Checkout Process › should proceed through checkout flow 

    TimeoutError: locator.click: Timeout 15000ms exceeded.
    Call log:
      - waiting for locator('[data-testid="add-to-cart-btn"]').first()


      404 |     // Add product to cart
      405 |     const addToCartBtn = page.locator('[data-testid="add-to-cart-btn"]').first();
    > 406 |     await addToCartBtn.click();
          |                        ^
      407 |     await page.waitForTimeout(500);
      408 |
      409 |     // Go to checkout
        at C:\Dev\Zo\sass-store\tests\e2e\navigation\navigation-flows.spec.ts:406:24

    attachment #1: screenshot (image/png) ──────────────────────────────────────────────────────────
    ..\..\test-results\navigation-navigation-flow-c5006-oceed-through-checkout-flow-Mobile-Safari\test-failed-1.png
    ────────────────────────────────────────────────────────────────────────────────────────────────

    attachment #2: video (video/webm) ──────────────────────────────────────────────────────────────
    ..\..\test-results\navigation-navigation-flow-c5006-oceed-through-checkout-flow-Mobile-Safari\video.webm
    ────────────────────────────────────────────────────────────────────────────────────────────────

    Error Context: ..\..\test-results\navigation-navigation-flow-c5006-oceed-through-checkout-flow-Mobile-Safari\error-context.md
]]>
</failure>
<system-out>
<![CDATA[
[[ATTACHMENT|navigation-navigation-flow-c5006-oceed-through-checkout-flow-Mobile-Safari\test-failed-1.png]]

[[ATTACHMENT|navigation-navigation-flow-c5006-oceed-through-checkout-flow-Mobile-Safari\video.webm]]

[[ATTACHMENT|navigation-navigation-flow-c5006-oceed-through-checkout-flow-Mobile-Safari\error-context.md]]
]]>
</system-out>
</testcase>
</testsuite>
<testsuite name="navigation\system-navigation-corrected.spec.ts" timestamp="2025-10-29T19:08:05.826Z" hostname="Mobile Safari" tests="6" failures="0" skipped="0" time="23.811" errors="0">
<testcase name="System Navigation (CORRECTED) › should navigate between main sections without errors" classname="navigation\system-navigation-corrected.spec.ts" time="2.862">
<system-out>
<![CDATA[✅ wondernails: Main navigation validated successfully
✅ nom-nom: Main navigation validated successfully
]]>
</system-out>
</testcase>
<testcase name="System Navigation (CORRECTED) › should maintain navigation context across page loads" classname="navigation\system-navigation-corrected.spec.ts" time="2.927">
</testcase>
<testcase name="System Navigation (CORRECTED) › should handle breadcrumb navigation correctly" classname="navigation\system-navigation-corrected.spec.ts" time="2.821">
</testcase>
<testcase name="System Navigation (CORRECTED) › should handle mobile navigation correctly" classname="navigation\system-navigation-corrected.spec.ts" time="3.775">
</testcase>
<testcase name="System Navigation (CORRECTED) › should handle keyboard navigation correctly" classname="navigation\system-navigation-corrected.spec.ts" time="4.423">
<system-out>
<![CDATA[✅ wondernails: Keyboard navigation works correctly
✅ nom-nom: Keyboard navigation works correctly
]]>
</system-out>
</testcase>
<testcase name="System Navigation (CORRECTED) › should handle navigation errors gracefully" classname="navigation\system-navigation-corrected.spec.ts" time="7.003">
<system-out>
<![CDATA[✅ wondernails: Navigation errors handled gracefully
✅ nom-nom: Navigation errors handled gracefully
]]>
</system-out>
</testcase>
</testsuite>
<testsuite name="navigation\user-menu-corrected.spec.ts" timestamp="2025-10-29T19:08:05.826Z" hostname="Mobile Safari" tests="5" failures="0" skipped="0" time="22.602" errors="0">
<testcase name="User Menu Navigation (CORRECTED) › should display user menu with correct navigation options" classname="navigation\user-menu-corrected.spec.ts" time="4.547">
</testcase>
<testcase name="User Menu Navigation (CORRECTED) › should navigate to profile page correctly" classname="navigation\user-menu-corrected.spec.ts" time="3.796">
</testcase>
<testcase name="User Menu Navigation (CORRECTED) › should navigate to orders page correctly" classname="navigation\user-menu-corrected.spec.ts" time="4.793">
</testcase>
<testcase name="User Menu Navigation (CORRECTED) › should handle logout correctly" classname="navigation\user-menu-corrected.spec.ts" time="4.714">
</testcase>
<testcase name="User Menu Navigation (CORRECTED) › should show admin options for admin users" classname="navigation\user-menu-corrected.spec.ts" time="4.752">
</testcase>
</testsuite>
<testsuite name="performance\core-web-vitals.spec.ts" timestamp="2025-10-29T19:08:05.826Z" hostname="Mobile Safari" tests="9" failures="3" skipped="0" time="50.545" errors="0">
<testcase name="Performance Tests - Core Web Vitals › Page load times should meet targets" classname="performance\core-web-vitals.spec.ts" time="15.77">
<system-out>
<![CDATA[✓ wondernails: Load time 2037ms, FCP nullms
✓ nom-nom: Load time 1539ms, FCP nullms
✓ delirios: Load time 1483ms, FCP nullms
✓ zo-system: Load time 1437ms, FCP nullms
]]>
</system-out>
</testcase>
<testcase name="Performance Tests - Core Web Vitals › Bundle size should be under 250KB" classname="performance\core-web-vitals.spec.ts" time="2.999">
<failure message="core-web-vitals.spec.ts:49:7 Bundle size should be under 250KB" type="FAILURE">
<![CDATA[  [Mobile Safari] › performance\core-web-vitals.spec.ts:49:7 › Performance Tests - Core Web Vitals › Bundle size should be under 250KB 

    Error: expect(received).toBeLessThan(expected)

    Expected: < 250000
    Received:   1700181

      91 |
      92 |       // Should be under 250KB (250,000 bytes)
    > 93 |       expect(totalBundleSize).toBeLessThan(250000);
         |                               ^
      94 |
      95 |       console.log(`✓ ${tenant}: Bundle size ${Math.round(totalBundleSize / 1024)}KB (JS: ${Math.round(totalJSSize / 1024)}KB, CSS: ${Math.round(totalCSSSize / 1024)}KB)`);
      96 |     }
        at C:\Dev\Zo\sass-store\tests\e2e\performance\core-web-vitals.spec.ts:93:31

    attachment #1: screenshot (image/png) ──────────────────────────────────────────────────────────
    ..\..\test-results\performance-core-web-vital-a0c8c--size-should-be-under-250KB-Mobile-Safari\test-failed-1.png
    ────────────────────────────────────────────────────────────────────────────────────────────────

    attachment #2: video (video/webm) ──────────────────────────────────────────────────────────────
    ..\..\test-results\performance-core-web-vital-a0c8c--size-should-be-under-250KB-Mobile-Safari\video.webm
    ────────────────────────────────────────────────────────────────────────────────────────────────

    Error Context: ..\..\test-results\performance-core-web-vital-a0c8c--size-should-be-under-250KB-Mobile-Safari\error-context.md
]]>
</failure>
<system-out>
<![CDATA[
[[ATTACHMENT|performance-core-web-vital-a0c8c--size-should-be-under-250KB-Mobile-Safari\test-failed-1.png]]

[[ATTACHMENT|performance-core-web-vital-a0c8c--size-should-be-under-250KB-Mobile-Safari\video.webm]]

[[ATTACHMENT|performance-core-web-vital-a0c8c--size-should-be-under-250KB-Mobile-Safari\error-context.md]]
]]>
</system-out>
</testcase>
<testcase name="Performance Tests - Core Web Vitals › Core Web Vitals should meet targets" classname="performance\core-web-vitals.spec.ts" time="10.474">
<system-out>
<![CDATA[✓ wondernails: LCP undefinedms, FID N/Ams, CLS N/A
✓ nom-nom: LCP undefinedms, FID N/Ams, CLS N/A
]]>
</system-out>
</testcase>
<testcase name="Performance Tests - Core Web Vitals › Image optimization should be working" classname="performance\core-web-vitals.spec.ts" time="4.384">
<system-out>
<![CDATA[✓ wondernails: 0/0 images optimized (NaN%)
✓ nom-nom: 0/0 images optimized (NaN%)
]]>
</system-out>
</testcase>
<testcase name="Performance Tests - Core Web Vitals › Caching headers should be set properly" classname="performance\core-web-vitals.spec.ts" time="3.179">
<failure message="core-web-vitals.spec.ts:228:7 Caching headers should be set properly" type="FAILURE">
<![CDATA[  [Mobile Safari] › performance\core-web-vitals.spec.ts:228:7 › Performance Tests - Core Web Vitals › Caching headers should be set properly 

    Error: expect(received).toMatch(expected)

    Expected pattern: /max-age=\d+/
    Received string:  "no-store, must-revalidate"

      256 |       // Static assets should have long cache times
      257 |       if (resource.url.includes('/_next/static/')) {
    > 258 |         expect(cacheControl).toMatch(/max-age=\d+/);
          |                              ^
      259 |         const maxAge = parseInt(cacheControl.match(/max-age=(\d+)/)?.[1] || '0');
      260 |         expect(maxAge).toBeGreaterThan(86400); // At least 1 day
      261 |       }
        at C:\Dev\Zo\sass-store\tests\e2e\performance\core-web-vitals.spec.ts:258:30

    attachment #1: screenshot (image/png) ──────────────────────────────────────────────────────────
    ..\..\test-results\performance-core-web-vital-0f8c4-ders-should-be-set-properly-Mobile-Safari\test-failed-1.png
    ────────────────────────────────────────────────────────────────────────────────────────────────

    attachment #2: video (video/webm) ──────────────────────────────────────────────────────────────
    ..\..\test-results\performance-core-web-vital-0f8c4-ders-should-be-set-properly-Mobile-Safari\video.webm
    ────────────────────────────────────────────────────────────────────────────────────────────────

    Error Context: ..\..\test-results\performance-core-web-vital-0f8c4-ders-should-be-set-properly-Mobile-Safari\error-context.md
]]>
</failure>
<system-out>
<![CDATA[
[[ATTACHMENT|performance-core-web-vital-0f8c4-ders-should-be-set-properly-Mobile-Safari\test-failed-1.png]]

[[ATTACHMENT|performance-core-web-vital-0f8c4-ders-should-be-set-properly-Mobile-Safari\video.webm]]

[[ATTACHMENT|performance-core-web-vital-0f8c4-ders-should-be-set-properly-Mobile-Safari\error-context.md]]
]]>
</system-out>
</testcase>
<testcase name="Performance Tests - Core Web Vitals › JavaScript execution should be efficient" classname="performance\core-web-vitals.spec.ts" time="2.454">
<system-out>
<![CDATA[✓ wondernails: JS execution 0.00ms, 0 long tasks
✓ nom-nom: JS execution 0.00ms, 0 long tasks
]]>
</system-out>
</testcase>
<testcase name="Performance Tests - Core Web Vitals › Memory usage should be reasonable" classname="performance\core-web-vitals.spec.ts" time="5.659">
</testcase>
<testcase name="Performance Tests - Core Web Vitals › Network requests should be optimized" classname="performance\core-web-vitals.spec.ts" time="2.607">
<system-out>
<![CDATA[✓ Network: 9 requests, 0 slow, 0 large files
]]>
</system-out>
</testcase>
<testcase name="Performance Tests - Core Web Vitals › Progressive loading should work" classname="performance\core-web-vitals.spec.ts" time="3.019">
<failure message="core-web-vitals.spec.ts:388:7 Progressive loading should work" type="FAILURE">
<![CDATA[  [Mobile Safari] › performance\core-web-vitals.spec.ts:388:7 › Performance Tests - Core Web Vitals › Progressive loading should work 

    Error: expect(locator).toBeVisible() failed

    Locator: locator('h1, .hero, .main-content').first()
    Expected: visible
    Timeout: 1000ms
    Error: element(s) not found

    Call log:
      - Expect "toBeVisible" with timeout 1000ms
      - waiting for locator('h1, .hero, .main-content').first()


      391 |     // Check if critical content loads first
      392 |     const criticalContent = page.locator('h1, .hero, .main-content').first();
    > 393 |     await expect(criticalContent).toBeVisible({ timeout: 1000 });
          |                                   ^
      394 |
      395 |     // Secondary content can load later
      396 |     const secondaryContent = page.locator('.secondary, .footer, .sidebar');
        at C:\Dev\Zo\sass-store\tests\e2e\performance\core-web-vitals.spec.ts:393:35

    attachment #1: screenshot (image/png) ──────────────────────────────────────────────────────────
    ..\..\test-results\performance-core-web-vital-ba6c3-ressive-loading-should-work-Mobile-Safari\test-failed-1.png
    ────────────────────────────────────────────────────────────────────────────────────────────────

    attachment #2: video (video/webm) ──────────────────────────────────────────────────────────────
    ..\..\test-results\performance-core-web-vital-ba6c3-ressive-loading-should-work-Mobile-Safari\video.webm
    ────────────────────────────────────────────────────────────────────────────────────────────────

    Error Context: ..\..\test-results\performance-core-web-vital-ba6c3-ressive-loading-should-work-Mobile-Safari\error-context.md
]]>
</failure>
<system-out>
<![CDATA[
[[ATTACHMENT|performance-core-web-vital-ba6c3-ressive-loading-should-work-Mobile-Safari\test-failed-1.png]]

[[ATTACHMENT|performance-core-web-vital-ba6c3-ressive-loading-should-work-Mobile-Safari\video.webm]]

[[ATTACHMENT|performance-core-web-vital-ba6c3-ressive-loading-should-work-Mobile-Safari\error-context.md]]
]]>
</system-out>
</testcase>
</testsuite>
<testsuite name="performance\mobile-performance-budget.spec.ts" timestamp="2025-10-29T19:08:05.826Z" hostname="Mobile Safari" tests="12" failures="3" skipped="0" time="86.386" errors="0">
<testcase name="Mobile Performance Budget › should meet mobile LCP budget of &lt;3s" classname="performance\mobile-performance-budget.spec.ts" time="60.601">
<failure message="mobile-performance-budget.spec.ts:10:7 should meet mobile LCP budget of &lt;3s" type="FAILURE">
<![CDATA[  [Mobile Safari] › performance\mobile-performance-budget.spec.ts:10:7 › Mobile Performance Budget › should meet mobile LCP budget of <3s 

    Test timeout of 60000ms exceeded.

    Error: page.evaluate: Test timeout of 60000ms exceeded.

      12 |
      13 |     // Measure Largest Contentful Paint
    > 14 |     const lcpValue = await page.evaluate(() => {
         |                                 ^
      15 |       return new Promise<number>((resolve) => {
      16 |         new PerformanceObserver((list) => {
      17 |           const entries = list.getEntries();
        at C:\Dev\Zo\sass-store\tests\e2e\performance\mobile-performance-budget.spec.ts:14:33

    attachment #1: screenshot (image/png) ──────────────────────────────────────────────────────────
    ..\..\test-results\performance-mobile-perform-7f5b7-eet-mobile-LCP-budget-of-3s-Mobile-Safari\test-failed-1.png
    ────────────────────────────────────────────────────────────────────────────────────────────────

    attachment #2: video (video/webm) ──────────────────────────────────────────────────────────────
    ..\..\test-results\performance-mobile-perform-7f5b7-eet-mobile-LCP-budget-of-3s-Mobile-Safari\video.webm
    ────────────────────────────────────────────────────────────────────────────────────────────────

    Error Context: ..\..\test-results\performance-mobile-perform-7f5b7-eet-mobile-LCP-budget-of-3s-Mobile-Safari\error-context.md
]]>
</failure>
<system-out>
<![CDATA[
[[ATTACHMENT|performance-mobile-perform-7f5b7-eet-mobile-LCP-budget-of-3s-Mobile-Safari\test-failed-1.png]]

[[ATTACHMENT|performance-mobile-perform-7f5b7-eet-mobile-LCP-budget-of-3s-Mobile-Safari\video.webm]]

[[ATTACHMENT|performance-mobile-perform-7f5b7-eet-mobile-LCP-budget-of-3s-Mobile-Safari\error-context.md]]
]]>
</system-out>
</testcase>
<testcase name="Mobile Performance Budget › should meet mobile FCP budget of &lt;2s" classname="performance\mobile-performance-budget.spec.ts" time="1.907">
<system-out>
<![CDATA[Mobile FCP: 1024ms
]]>
</system-out>
</testcase>
<testcase name="Mobile Performance Budget › should meet mobile TTFB budget of &lt;1s" classname="performance\mobile-performance-budget.spec.ts" time="1.343">
<system-out>
<![CDATA[Mobile TTFB: 57ms
]]>
</system-out>
</testcase>
<testcase name="Mobile Performance Budget › should load efficiently on 3G network" classname="performance\mobile-performance-budget.spec.ts" time="3.307">
<system-out>
<![CDATA[3G Load Time: 2294ms
]]>
</system-out>
</testcase>
<testcase name="Mobile Performance Budget › should serve appropriately sized images for mobile" classname="performance\mobile-performance-budget.spec.ts" time="1.754">
</testcase>
<testcase name="Mobile Performance Budget › should minimize JavaScript execution time" classname="performance\mobile-performance-budget.spec.ts" time="1.687">
<system-out>
<![CDATA[Total JS Execution Time: 0ms
]]>
</system-out>
</testcase>
<testcase name="Mobile Performance Budget › should lazy load below-the-fold content" classname="performance\mobile-performance-budget.spec.ts" time="1.642">
<failure message="mobile-performance-budget.spec.ts:133:7 should lazy load below-the-fold content" type="FAILURE">
<![CDATA[  [Mobile Safari] › performance\mobile-performance-budget.spec.ts:133:7 › Mobile Performance Budget › should lazy load below-the-fold content 

    Error: expect(received).toBeGreaterThan(expected)

    Expected: > 0
    Received:   0

      150 |
      151 |     // At least some images should be lazy loaded
    > 152 |     expect(lazyLoadedCount).toBeGreaterThan(0);
          |                             ^
      153 |     console.log(`Lazy loaded images: ${lazyLoadedCount}/${imageCount}`);
      154 |   });
      155 |
        at C:\Dev\Zo\sass-store\tests\e2e\performance\mobile-performance-budget.spec.ts:152:29

    attachment #1: screenshot (image/png) ──────────────────────────────────────────────────────────
    ..\..\test-results\performance-mobile-perform-18942-load-below-the-fold-content-Mobile-Safari\test-failed-1.png
    ────────────────────────────────────────────────────────────────────────────────────────────────

    attachment #2: video (video/webm) ──────────────────────────────────────────────────────────────
    ..\..\test-results\performance-mobile-perform-18942-load-below-the-fold-content-Mobile-Safari\video.webm
    ────────────────────────────────────────────────────────────────────────────────────────────────

    Error Context: ..\..\test-results\performance-mobile-perform-18942-load-below-the-fold-content-Mobile-Safari\error-context.md
]]>
</failure>
<system-out>
<![CDATA[
[[ATTACHMENT|performance-mobile-perform-18942-load-below-the-fold-content-Mobile-Safari\test-failed-1.png]]

[[ATTACHMENT|performance-mobile-perform-18942-load-below-the-fold-content-Mobile-Safari\video.webm]]

[[ATTACHMENT|performance-mobile-perform-18942-load-below-the-fold-content-Mobile-Safari\error-context.md]]
]]>
</system-out>
</testcase>
<testcase name="Mobile Performance Budget › should use efficient caching for mobile" classname="performance\mobile-performance-budget.spec.ts" time="4.131">
<failure message="mobile-performance-budget.spec.ts:156:7 should use efficient caching for mobile" type="FAILURE">
<![CDATA[  [Mobile Safari] › performance\mobile-performance-budget.spec.ts:156:7 › Mobile Performance Budget › should use efficient caching for mobile 

    Error: expect(received).toBeLessThan(expected)

    Expected: < 1000
    Received:   1625

      166 |
      167 |     // Second load should be significantly faster (cached)
    > 168 |     expect(secondLoadTime).toBeLessThan(1000);
          |                            ^
      169 |     console.log(`Cached Load Time: ${secondLoadTime}ms`);
      170 |   });
      171 |
        at C:\Dev\Zo\sass-store\tests\e2e\performance\mobile-performance-budget.spec.ts:168:28

    attachment #1: screenshot (image/png) ──────────────────────────────────────────────────────────
    ..\..\test-results\performance-mobile-perform-70dc8-fficient-caching-for-mobile-Mobile-Safari\test-failed-1.png
    ────────────────────────────────────────────────────────────────────────────────────────────────

    attachment #2: video (video/webm) ──────────────────────────────────────────────────────────────
    ..\..\test-results\performance-mobile-perform-70dc8-fficient-caching-for-mobile-Mobile-Safari\video.webm
    ────────────────────────────────────────────────────────────────────────────────────────────────

    Error Context: ..\..\test-results\performance-mobile-perform-70dc8-fficient-caching-for-mobile-Mobile-Safari\error-context.md
]]>
</failure>
<system-out>
<![CDATA[
[[ATTACHMENT|performance-mobile-perform-70dc8-fficient-caching-for-mobile-Mobile-Safari\test-failed-1.png]]

[[ATTACHMENT|performance-mobile-perform-70dc8-fficient-caching-for-mobile-Mobile-Safari\video.webm]]

[[ATTACHMENT|performance-mobile-perform-70dc8-fficient-caching-for-mobile-Mobile-Safari\error-context.md]]
]]>
</system-out>
</testcase>
<testcase name="Mobile Performance Budget › should minimize layout shifts on mobile" classname="performance\mobile-performance-budget.spec.ts" time="4.518">
<system-out>
<![CDATA[Mobile CLS: 0
]]>
</system-out>
</testcase>
<testcase name="Mobile Performance Budget › should optimize font loading for mobile" classname="performance\mobile-performance-budget.spec.ts" time="1.209">
<system-out>
<![CDATA[Fonts loaded: 0/0
]]>
</system-out>
</testcase>
<testcase name="Mobile Performance Budget › should meet mobile bundle size budget" classname="performance\mobile-performance-budget.spec.ts" time="2.88">
<system-out>
<![CDATA[Mobile Bundle Size - JS: 0.00KB, CSS: 0.00KB, Total: 0.00KB
]]>
</system-out>
</testcase>
<testcase name="Mobile Performance Budget › should prioritize critical rendering path on mobile" classname="performance\mobile-performance-budget.spec.ts" time="1.407">
<system-out>
<![CDATA[Has deferred stylesheets: false
]]>
</system-out>
</testcase>
</testsuite>
<testsuite name="performance.spec.ts" timestamp="2025-10-29T19:08:05.826Z" hostname="Mobile Safari" tests="5" failures="2" skipped="0" time="16.229" errors="0">
<testcase name="Performance Tests › Page load times should meet targets" classname="performance.spec.ts" time="5.529">
</testcase>
<testcase name="Performance Tests › Bundle size should be under 250KB" classname="performance.spec.ts" time="1.805">
<failure message="performance.spec.ts:30:7 Bundle size should be under 250KB" type="FAILURE">
<![CDATA[  [Mobile Safari] › performance.spec.ts:30:7 › Performance Tests › Bundle size should be under 250KB 

    Error: expect(received).toBeLessThan(expected)

    Expected: < 256000
    Received:   1700181

      62 |
      63 |     // Bundle size should be under 250KB (256000 bytes)
    > 64 |     expect(metrics.totalSize).toBeLessThan(256000);
         |                               ^
      65 |
      66 |     // JavaScript bundle should be reasonable
      67 |     expect(metrics.jsSize).toBeLessThan(200000); // 200KB max for JS
        at C:\Dev\Zo\sass-store\tests\e2e\performance.spec.ts:64:31

    attachment #1: screenshot (image/png) ──────────────────────────────────────────────────────────
    ..\..\test-results\performance-Performance-Te-ca441--size-should-be-under-250KB-Mobile-Safari\test-failed-1.png
    ────────────────────────────────────────────────────────────────────────────────────────────────

    attachment #2: video (video/webm) ──────────────────────────────────────────────────────────────
    ..\..\test-results\performance-Performance-Te-ca441--size-should-be-under-250KB-Mobile-Safari\video.webm
    ────────────────────────────────────────────────────────────────────────────────────────────────

    Error Context: ..\..\test-results\performance-Performance-Te-ca441--size-should-be-under-250KB-Mobile-Safari\error-context.md
]]>
</failure>
<system-out>
<![CDATA[
[[ATTACHMENT|performance-Performance-Te-ca441--size-should-be-under-250KB-Mobile-Safari\test-failed-1.png]]

[[ATTACHMENT|performance-Performance-Te-ca441--size-should-be-under-250KB-Mobile-Safari\video.webm]]

[[ATTACHMENT|performance-Performance-Te-ca441--size-should-be-under-250KB-Mobile-Safari\error-context.md]]
]]>
</system-out>
</testcase>
<testcase name="Performance Tests › Core Web Vitals should meet targets" classname="performance.spec.ts" time="4.704">
<system-out>
<![CDATA[Core Web Vitals: { lcp: [33m0[39m, fcp: [33m1046[39m, cls: [33m0[39m }
]]>
</system-out>
</testcase>
<testcase name="Performance Tests › Image optimization should be working" classname="performance.spec.ts" time="1.83">
</testcase>
<testcase name="Performance Tests › Caching headers should be set properly" classname="performance.spec.ts" time="2.361">
<failure message="performance.spec.ts:151:7 Caching headers should be set properly" type="FAILURE">
<![CDATA[  [Mobile Safari] › performance.spec.ts:151:7 › Performance Tests › Caching headers should be set properly 

    Error: expect(received).toContain(expected) // indexOf

    Matcher error: received value must not be null nor undefined

    Received has value: undefined

      171 |         const staticCacheControl = resp.headers()['cache-control'];
      172 |         // Static assets should have long cache times
    > 173 |         expect(staticCacheControl).toContain('max-age');
          |                                    ^
      174 |       }
      175 |     }
      176 |   });
        at C:\Dev\Zo\sass-store\tests\e2e\performance.spec.ts:173:36

    attachment #1: screenshot (image/png) ──────────────────────────────────────────────────────────
    ..\..\test-results\performance-Performance-Te-779ef-ders-should-be-set-properly-Mobile-Safari\test-failed-1.png
    ────────────────────────────────────────────────────────────────────────────────────────────────

    attachment #2: video (video/webm) ──────────────────────────────────────────────────────────────
    ..\..\test-results\performance-Performance-Te-779ef-ders-should-be-set-properly-Mobile-Safari\video.webm
    ────────────────────────────────────────────────────────────────────────────────────────────────

    Error Context: ..\..\test-results\performance-Performance-Te-779ef-ders-should-be-set-properly-Mobile-Safari\error-context.md
]]>
</failure>
<system-out>
<![CDATA[
[[ATTACHMENT|performance-Performance-Te-779ef-ders-should-be-set-properly-Mobile-Safari\test-failed-1.png]]

[[ATTACHMENT|performance-Performance-Te-779ef-ders-should-be-set-properly-Mobile-Safari\video.webm]]

[[ATTACHMENT|performance-Performance-Te-779ef-ders-should-be-set-properly-Mobile-Safari\error-context.md]]
]]>
</system-out>
</testcase>
</testsuite>
<testsuite name="purchase\bundle-and-gift-flows.spec.ts" timestamp="2025-10-29T19:08:05.826Z" hostname="Mobile Safari" tests="6" failures="1" skipped="0" time="35.471" errors="0">
<testcase name="Bundle Purchase with Cross-Sell - 3 Click Budget › should complete bundle purchase with cross-sell in 3 clicks" classname="purchase\bundle-and-gift-flows.spec.ts" time="3.855">
</testcase>
<testcase name="Bundle Purchase with Cross-Sell - 3 Click Budget › should show bundle savings and item breakdown" classname="purchase\bundle-and-gift-flows.spec.ts" time="1.532">
</testcase>
<testcase name="Gift Purchase Flow - 3 Click Budget › should complete gift purchase with gift options in 3 clicks" classname="purchase\bundle-and-gift-flows.spec.ts" time="3.168">
</testcase>
<testcase name="Gift Purchase Flow - 3 Click Budget › should allow custom gift message" classname="purchase\bundle-and-gift-flows.spec.ts" time="23.026">
<failure message="bundle-and-gift-flows.spec.ts:175:7 should allow custom gift message" type="FAILURE">
<![CDATA[  [Mobile Safari] › purchase\bundle-and-gift-flows.spec.ts:175:7 › Gift Purchase Flow - 3 Click Budget › should allow custom gift message 

    TimeoutError: locator.click: Timeout 15000ms exceeded.
    Call log:
      - waiting for locator('[data-testid="product-card"]').first()


      178 |     // Find a product and add as gift
      179 |     const firstProduct = page.locator('[data-testid="product-card"]').first();
    > 180 |     await firstProduct.click();
          |                        ^
      181 |
      182 |     const giftOption = page.locator('[data-testid="gift-option"], input[type="checkbox"][name*="gift"]');
      183 |     if (await giftOption.isVisible()) {
        at C:\Dev\Zo\sass-store\tests\e2e\purchase\bundle-and-gift-flows.spec.ts:180:24

    attachment #1: screenshot (image/png) ──────────────────────────────────────────────────────────
    ..\..\test-results\purchase-bundle-and-gift-f-8d635-d-allow-custom-gift-message-Mobile-Safari\test-failed-1.png
    ────────────────────────────────────────────────────────────────────────────────────────────────

    attachment #2: video (video/webm) ──────────────────────────────────────────────────────────────
    ..\..\test-results\purchase-bundle-and-gift-f-8d635-d-allow-custom-gift-message-Mobile-Safari\video.webm
    ────────────────────────────────────────────────────────────────────────────────────────────────

    Error Context: ..\..\test-results\purchase-bundle-and-gift-f-8d635-d-allow-custom-gift-message-Mobile-Safari\error-context.md
]]>
</failure>
<system-out>
<![CDATA[
[[ATTACHMENT|purchase-bundle-and-gift-f-8d635-d-allow-custom-gift-message-Mobile-Safari\test-failed-1.png]]

[[ATTACHMENT|purchase-bundle-and-gift-f-8d635-d-allow-custom-gift-message-Mobile-Safari\video.webm]]

[[ATTACHMENT|purchase-bundle-and-gift-f-8d635-d-allow-custom-gift-message-Mobile-Safari\error-context.md]]
]]>
</system-out>
</testcase>
<testcase name="Gift Purchase Flow - 3 Click Budget › should show gift pricing with wrap costs" classname="purchase\bundle-and-gift-flows.spec.ts" time="1.894">
</testcase>
<testcase name="Gift Purchase Flow - 3 Click Budget › should support scheduling gift delivery" classname="purchase\bundle-and-gift-flows.spec.ts" time="1.996">
</testcase>
</testsuite>
<testsuite name="quotas\cost-guards.spec.ts" timestamp="2025-10-29T19:08:05.826Z" hostname="Mobile Safari" tests="8" failures="7" skipped="0" time="79.231" errors="0">
<testcase name="Quotas and Cost Guards E2E Tests › Eco Mode (50% budget) - Reduced features and quality" classname="quotas\cost-guards.spec.ts" time="9.148">
<failure message="cost-guards.spec.ts:14:7 Eco Mode (50% budget) - Reduced features and quality" type="FAILURE">
<![CDATA[  [Mobile Safari] › quotas\cost-guards.spec.ts:14:7 › Quotas and Cost Guards E2E Tests › Eco Mode (50% budget) - Reduced features and quality 

    Error: expect(locator).toBeVisible() failed

    Locator: locator('[data-testid="eco-mode-banner"]')
    Expected: visible
    Timeout: 5000ms
    Error: element(s) not found

    Call log:
      - Expect "toBeVisible" with timeout 5000ms
      - waiting for locator('[data-testid="eco-mode-banner"]')


      38 |
      39 |       // Verify eco mode banner is displayed
    > 40 |       await expect(page.locator('[data-testid="eco-mode-banner"]')).toBeVisible();
         |                                                                     ^
      41 |       await expect(page.locator('[data-testid="eco-mode-banner"]')).toContainText('Eco Mode');
      42 |
      43 |       // Verify reduced image quality (requirement: 1 imagen en eco)
        at C:\Dev\Zo\sass-store\tests\e2e\quotas\cost-guards.spec.ts:40:69

    attachment #1: screenshot (image/png) ──────────────────────────────────────────────────────────
    ..\..\test-results\quotas-cost-guards-Quotas--0b9f0-educed-features-and-quality-Mobile-Safari\test-failed-1.png
    ────────────────────────────────────────────────────────────────────────────────────────────────

    attachment #2: video (video/webm) ──────────────────────────────────────────────────────────────
    ..\..\test-results\quotas-cost-guards-Quotas--0b9f0-educed-features-and-quality-Mobile-Safari\video.webm
    ────────────────────────────────────────────────────────────────────────────────────────────────

    Error Context: ..\..\test-results\quotas-cost-guards-Quotas--0b9f0-educed-features-and-quality-Mobile-Safari\error-context.md
]]>
</failure>
<system-out>
<![CDATA[
[[ATTACHMENT|quotas-cost-guards-Quotas--0b9f0-educed-features-and-quality-Mobile-Safari\test-failed-1.png]]

[[ATTACHMENT|quotas-cost-guards-Quotas--0b9f0-educed-features-and-quality-Mobile-Safari\video.webm]]

[[ATTACHMENT|quotas-cost-guards-Quotas--0b9f0-educed-features-and-quality-Mobile-Safari\error-context.md]]
]]>
</system-out>
</testcase>
<testcase name="Quotas and Cost Guards E2E Tests › Warning Mode (80% budget) - Usage notifications" classname="quotas\cost-guards.spec.ts" time="15.234">
<failure message="cost-guards.spec.ts:79:7 Warning Mode (80% budget) - Usage notifications" type="FAILURE">
<![CDATA[  [Mobile Safari] › quotas\cost-guards.spec.ts:79:7 › Quotas and Cost Guards E2E Tests › Warning Mode (80% budget) - Usage notifications 

    Error: expect(locator).toBeVisible() failed

    Locator: locator('[data-testid="warning-banner"]')
    Expected: visible
    Timeout: 5000ms
    Error: element(s) not found

    Call log:
      - Expect "toBeVisible" with timeout 5000ms
      - waiting for locator('[data-testid="warning-banner"]')


      103 |
      104 |       // Verify warning banner is displayed
    > 105 |       await expect(page.locator('[data-testid="warning-banner"]')).toBeVisible();
          |                                                                    ^
      106 |       await expect(page.locator('[data-testid="warning-banner"]')).toContainText('80%');
      107 |
      108 |       // Verify usage notifications
        at C:\Dev\Zo\sass-store\tests\e2e\quotas\cost-guards.spec.ts:105:68

    attachment #1: screenshot (image/png) ──────────────────────────────────────────────────────────
    ..\..\test-results\quotas-cost-guards-Quotas--a7f43-udget---Usage-notifications-Mobile-Safari\test-failed-1.png
    ────────────────────────────────────────────────────────────────────────────────────────────────

    attachment #2: video (video/webm) ──────────────────────────────────────────────────────────────
    ..\..\test-results\quotas-cost-guards-Quotas--a7f43-udget---Usage-notifications-Mobile-Safari\video.webm
    ────────────────────────────────────────────────────────────────────────────────────────────────

    Error Context: ..\..\test-results\quotas-cost-guards-Quotas--a7f43-udget---Usage-notifications-Mobile-Safari\error-context.md
]]>
</failure>
<system-out>
<![CDATA[
[[ATTACHMENT|quotas-cost-guards-Quotas--a7f43-udget---Usage-notifications-Mobile-Safari\test-failed-1.png]]

[[ATTACHMENT|quotas-cost-guards-Quotas--a7f43-udget---Usage-notifications-Mobile-Safari\video.webm]]

[[ATTACHMENT|quotas-cost-guards-Quotas--a7f43-udget---Usage-notifications-Mobile-Safari\error-context.md]]
]]>
</system-out>
</testcase>
<testcase name="Quotas and Cost Guards E2E Tests › Freeze Mode (90% budget) - Write operations disabled" classname="quotas\cost-guards.spec.ts" time="14.766">
<failure message="cost-guards.spec.ts:130:7 Freeze Mode (90% budget) - Write operations disabled" type="FAILURE">
<![CDATA[  [Mobile Safari] › quotas\cost-guards.spec.ts:130:7 › Quotas and Cost Guards E2E Tests › Freeze Mode (90% budget) - Write operations disabled 

    Error: expect(locator).toBeVisible() failed

    Locator: locator('[data-testid="freeze-banner"]')
    Expected: visible
    Timeout: 5000ms
    Error: element(s) not found

    Call log:
      - Expect "toBeVisible" with timeout 5000ms
      - waiting for locator('[data-testid="freeze-banner"]')


      154 |
      155 |       // Verify freeze mode banner
    > 156 |       await expect(page.locator('[data-testid="freeze-banner"]')).toBeVisible();
          |                                                                   ^
      157 |       await expect(page.locator('[data-testid="freeze-banner"]')).toContainText('read-only');
      158 |
      159 |       // Verify write operations are disabled
        at C:\Dev\Zo\sass-store\tests\e2e\quotas\cost-guards.spec.ts:156:67

    attachment #1: screenshot (image/png) ──────────────────────────────────────────────────────────
    ..\..\test-results\quotas-cost-guards-Quotas--b802f---Write-operations-disabled-Mobile-Safari\test-failed-1.png
    ────────────────────────────────────────────────────────────────────────────────────────────────

    attachment #2: video (video/webm) ──────────────────────────────────────────────────────────────
    ..\..\test-results\quotas-cost-guards-Quotas--b802f---Write-operations-disabled-Mobile-Safari\video.webm
    ────────────────────────────────────────────────────────────────────────────────────────────────

    Error Context: ..\..\test-results\quotas-cost-guards-Quotas--b802f---Write-operations-disabled-Mobile-Safari\error-context.md
]]>
</failure>
<system-out>
<![CDATA[
[[ATTACHMENT|quotas-cost-guards-Quotas--b802f---Write-operations-disabled-Mobile-Safari\test-failed-1.png]]

[[ATTACHMENT|quotas-cost-guards-Quotas--b802f---Write-operations-disabled-Mobile-Safari\video.webm]]

[[ATTACHMENT|quotas-cost-guards-Quotas--b802f---Write-operations-disabled-Mobile-Safari\error-context.md]]
]]>
</system-out>
</testcase>
<testcase name="Quotas and Cost Guards E2E Tests › Kill Switch (100% budget) - Service unavailable" classname="quotas\cost-guards.spec.ts" time="13.628">
<failure message="cost-guards.spec.ts:196:7 Kill Switch (100% budget) - Service unavailable" type="FAILURE">
<![CDATA[  [Mobile Safari] › quotas\cost-guards.spec.ts:196:7 › Quotas and Cost Guards E2E Tests › Kill Switch (100% budget) - Service unavailable 

    Error: expect(locator).toBeVisible() failed

    Locator: locator('[data-testid="maintenance-mode"]')
    Expected: visible
    Timeout: 5000ms
    Error: element(s) not found

    Call log:
      - Expect "toBeVisible" with timeout 5000ms
      - waiting for locator('[data-testid="maintenance-mode"]')


      212 |
      213 |       // Verify maintenance mode is displayed
    > 214 |       await expect(page.locator('[data-testid="maintenance-mode"]')).toBeVisible();
          |                                                                      ^
      215 |       await expect(page.locator('[data-testid="maintenance-message"]')).toContainText('temporarily unavailable');
      216 |
      217 |       // Verify normal content is not accessible
        at C:\Dev\Zo\sass-store\tests\e2e\quotas\cost-guards.spec.ts:214:70

    attachment #1: screenshot (image/png) ──────────────────────────────────────────────────────────
    ..\..\test-results\quotas-cost-guards-Quotas--a40ea-udget---Service-unavailable-Mobile-Safari\test-failed-1.png
    ────────────────────────────────────────────────────────────────────────────────────────────────

    attachment #2: video (video/webm) ──────────────────────────────────────────────────────────────
    ..\..\test-results\quotas-cost-guards-Quotas--a40ea-udget---Service-unavailable-Mobile-Safari\video.webm
    ────────────────────────────────────────────────────────────────────────────────────────────────

    Error Context: ..\..\test-results\quotas-cost-guards-Quotas--a40ea-udget---Service-unavailable-Mobile-Safari\error-context.md
]]>
</failure>
<system-out>
<![CDATA[
[[ATTACHMENT|quotas-cost-guards-Quotas--a40ea-udget---Service-unavailable-Mobile-Safari\test-failed-1.png]]

[[ATTACHMENT|quotas-cost-guards-Quotas--a40ea-udget---Service-unavailable-Mobile-Safari\video.webm]]

[[ATTACHMENT|quotas-cost-guards-Quotas--a40ea-udget---Service-unavailable-Mobile-Safari\error-context.md]]
]]>
</system-out>
</testcase>
<testcase name="Quotas and Cost Guards E2E Tests › Quota API - 429 responses with retry headers" classname="quotas\cost-guards.spec.ts" time="5.285">
<system-out>
<![CDATA[✅ API rate limiting with proper 429 responses
]]>
</system-out>
</testcase>
<testcase name="Quotas and Cost Guards E2E Tests › Resource Limits - Storage, API calls, connections" classname="quotas\cost-guards.spec.ts" time="5.638">
<failure message="cost-guards.spec.ts:274:7 Resource Limits - Storage, API calls, connections" type="FAILURE">
<![CDATA[  [Mobile Safari] › quotas\cost-guards.spec.ts:274:7 › Quotas and Cost Guards E2E Tests › Resource Limits - Storage, API calls, connections 

    Error: expect(received).toBeGreaterThan(expected)

    Expected: > 0
    Received:   0

      314 |
      315 |     // Should have some rate limiting at high request volumes
    > 316 |     expect(rateLimited.length).toBeGreaterThan(0);
          |                                ^
      317 |
      318 |     console.log(`✅ Resource limits properly enforced`);
      319 |   });
        at C:\Dev\Zo\sass-store\tests\e2e\quotas\cost-guards.spec.ts:316:32

    attachment #1: screenshot (image/png) ──────────────────────────────────────────────────────────
    ..\..\test-results\quotas-cost-guards-Quotas--833cb-orage-API-calls-connections-Mobile-Safari\test-failed-1.png
    ────────────────────────────────────────────────────────────────────────────────────────────────

    attachment #2: video (video/webm) ──────────────────────────────────────────────────────────────
    ..\..\test-results\quotas-cost-guards-Quotas--833cb-orage-API-calls-connections-Mobile-Safari\video.webm
    ────────────────────────────────────────────────────────────────────────────────────────────────
]]>
</failure>
<system-out>
<![CDATA[
[[ATTACHMENT|quotas-cost-guards-Quotas--833cb-orage-API-calls-connections-Mobile-Safari\test-failed-1.png]]

[[ATTACHMENT|quotas-cost-guards-Quotas--833cb-orage-API-calls-connections-Mobile-Safari\video.webm]]
]]>
</system-out>
</testcase>
<testcase name="Quotas and Cost Guards E2E Tests › Quota Recovery - Service restoration after limits reset" classname="quotas\cost-guards.spec.ts" time="8.263">
<failure message="cost-guards.spec.ts:321:7 Quota Recovery - Service restoration after limits reset" type="FAILURE">
<![CDATA[  [Mobile Safari] › quotas\cost-guards.spec.ts:321:7 › Quotas and Cost Guards E2E Tests › Quota Recovery - Service restoration after limits reset 

    Error: expect(locator).toBeVisible() failed

    Locator: locator('[data-testid="maintenance-mode"]')
    Expected: visible
    Timeout: 5000ms
    Error: element(s) not found

    Call log:
      - Expect "toBeVisible" with timeout 5000ms
      - waiting for locator('[data-testid="maintenance-mode"]')


      336 |
      337 |       await page.goto(`/t/${tenant}`);
    > 338 |       await expect(page.locator('[data-testid="maintenance-mode"]')).toBeVisible();
          |                                                                      ^
      339 |
      340 |       // Simulate quota reset (new billing cycle)
      341 |       await page.route('/api/v1/quota/status', route => {
        at C:\Dev\Zo\sass-store\tests\e2e\quotas\cost-guards.spec.ts:338:70

    attachment #1: screenshot (image/png) ──────────────────────────────────────────────────────────
    ..\..\test-results\quotas-cost-guards-Quotas--44100-toration-after-limits-reset-Mobile-Safari\test-failed-1.png
    ────────────────────────────────────────────────────────────────────────────────────────────────

    attachment #2: video (video/webm) ──────────────────────────────────────────────────────────────
    ..\..\test-results\quotas-cost-guards-Quotas--44100-toration-after-limits-reset-Mobile-Safari\video.webm
    ────────────────────────────────────────────────────────────────────────────────────────────────

    Error Context: ..\..\test-results\quotas-cost-guards-Quotas--44100-toration-after-limits-reset-Mobile-Safari\error-context.md
]]>
</failure>
<system-out>
<![CDATA[
[[ATTACHMENT|quotas-cost-guards-Quotas--44100-toration-after-limits-reset-Mobile-Safari\test-failed-1.png]]

[[ATTACHMENT|quotas-cost-guards-Quotas--44100-toration-after-limits-reset-Mobile-Safari\video.webm]]

[[ATTACHMENT|quotas-cost-guards-Quotas--44100-toration-after-limits-reset-Mobile-Safari\error-context.md]]
]]>
</system-out>
</testcase>
<testcase name="Quotas and Cost Guards E2E Tests › Budget Notifications - Progressive alerts" classname="quotas\cost-guards.spec.ts" time="7.269">
<failure message="cost-guards.spec.ts:366:7 Budget Notifications - Progressive alerts" type="FAILURE">
<![CDATA[  [Mobile Safari] › quotas\cost-guards.spec.ts:366:7 › Quotas and Cost Guards E2E Tests › Budget Notifications - Progressive alerts 

    Error: expect(locator).toBeVisible() failed

    Locator: locator('[data-testid="eco-mode-banner"]')
    Expected: visible
    Timeout: 5000ms
    Error: element(s) not found

    Call log:
      - Expect "toBeVisible" with timeout 5000ms
      - waiting for locator('[data-testid="eco-mode-banner"]')


      389 |
      390 |       // Verify appropriate banner is shown
    > 391 |       await expect(page.locator(`[data-testid="${level.banner}"]`)).toBeVisible();
          |                                                                     ^
      392 |
      393 |       console.log(`✅ Budget notification at ${level.usage}% working`);
      394 |     }
        at C:\Dev\Zo\sass-store\tests\e2e\quotas\cost-guards.spec.ts:391:69

    attachment #1: screenshot (image/png) ──────────────────────────────────────────────────────────
    ..\..\test-results\quotas-cost-guards-Quotas--adb94-ations---Progressive-alerts-Mobile-Safari\test-failed-1.png
    ────────────────────────────────────────────────────────────────────────────────────────────────

    attachment #2: video (video/webm) ──────────────────────────────────────────────────────────────
    ..\..\test-results\quotas-cost-guards-Quotas--adb94-ations---Progressive-alerts-Mobile-Safari\video.webm
    ────────────────────────────────────────────────────────────────────────────────────────────────

    Error Context: ..\..\test-results\quotas-cost-guards-Quotas--adb94-ations---Progressive-alerts-Mobile-Safari\error-context.md
]]>
</failure>
<system-out>
<![CDATA[
[[ATTACHMENT|quotas-cost-guards-Quotas--adb94-ations---Progressive-alerts-Mobile-Safari\test-failed-1.png]]

[[ATTACHMENT|quotas-cost-guards-Quotas--adb94-ations---Progressive-alerts-Mobile-Safari\video.webm]]

[[ATTACHMENT|quotas-cost-guards-Quotas--adb94-ations---Progressive-alerts-Mobile-Safari\error-context.md]]
]]>
</system-out>
</testcase>
</testsuite>
<testsuite name="reorder\smart-reorder.spec.ts" timestamp="2025-10-29T19:08:05.826Z" hostname="Mobile Safari" tests="6" failures="1" skipped="0" time="8.336" errors="0">
<testcase name="Smart Reorder with Substitutions - 1 Click Budget › should complete smart reorder with substitutions in 1 click" classname="reorder\smart-reorder.spec.ts" time="2.091">
<failure message="smart-reorder.spec.ts:9:7 should complete smart reorder with substitutions in 1 click" type="FAILURE">
<![CDATA[  [Mobile Safari] › reorder\smart-reorder.spec.ts:9:7 › Smart Reorder with Substitutions - 1 Click Budget › should complete smart reorder with substitutions in 1 click 

    Error: expect(received).toBe(expected) // Object.is equality

    Expected: 1
    Received: 0

      46 |     // Verify click budget met (exactly 1 click)
      47 |     const finalClickCount = await page.evaluate(() => (window as any).clickCount || 0);
    > 48 |     expect(finalClickCount).toBe(1);
         |                             ^
      49 |   });
      50 |
      51 |   test('should detect out-of-stock items and suggest alternatives', async ({ page }) => {
        at C:\Dev\Zo\sass-store\tests\e2e\reorder\smart-reorder.spec.ts:48:29

    attachment #1: screenshot (image/png) ──────────────────────────────────────────────────────────
    ..\..\test-results\reorder-smart-reorder-Smar-4cf96-th-substitutions-in-1-click-Mobile-Safari\test-failed-1.png
    ────────────────────────────────────────────────────────────────────────────────────────────────

    attachment #2: video (video/webm) ──────────────────────────────────────────────────────────────
    ..\..\test-results\reorder-smart-reorder-Smar-4cf96-th-substitutions-in-1-click-Mobile-Safari\video.webm
    ────────────────────────────────────────────────────────────────────────────────────────────────

    Error Context: ..\..\test-results\reorder-smart-reorder-Smar-4cf96-th-substitutions-in-1-click-Mobile-Safari\error-context.md
]]>
</failure>
<system-out>
<![CDATA[
[[ATTACHMENT|reorder-smart-reorder-Smar-4cf96-th-substitutions-in-1-click-Mobile-Safari\test-failed-1.png]]

[[ATTACHMENT|reorder-smart-reorder-Smar-4cf96-th-substitutions-in-1-click-Mobile-Safari\video.webm]]

[[ATTACHMENT|reorder-smart-reorder-Smar-4cf96-th-substitutions-in-1-click-Mobile-Safari\error-context.md]]
]]>
</system-out>
</testcase>
<testcase name="Smart Reorder with Substitutions - 1 Click Budget › should detect out-of-stock items and suggest alternatives" classname="reorder\smart-reorder.spec.ts" time="1.279">
</testcase>
<testcase name="Smart Reorder with Substitutions - 1 Click Budget › should apply smart substitution preferences" classname="reorder\smart-reorder.spec.ts" time="1.157">
</testcase>
<testcase name="Smart Reorder with Substitutions - 1 Click Budget › should show price comparison for substitutions" classname="reorder\smart-reorder.spec.ts" time="1.105">
</testcase>
<testcase name="Smart Reorder with Substitutions - 1 Click Budget › should handle complete inventory check before reorder" classname="reorder\smart-reorder.spec.ts" time="1.341">
</testcase>
<testcase name="Smart Reorder with Substitutions - 1 Click Budget › should maintain order history with substitution records" classname="reorder\smart-reorder.spec.ts" time="1.363">
</testcase>
</testsuite>
<testsuite name="reviews.spec.ts" timestamp="2025-10-29T19:08:05.826Z" hostname="Mobile Safari" tests="7" failures="6" skipped="0" time="91.169" errors="0">
<testcase name="Product Reviews E2E Flow › should display existing reviews" classname="reviews.spec.ts" time="16.303">
<failure message="reviews.spec.ts:9:7 should display existing reviews" type="FAILURE">
<![CDATA[  [Mobile Safari] › reviews.spec.ts:9:7 › Product Reviews E2E Flow › should display existing reviews 

    TimeoutError: page.waitForSelector: Timeout 15000ms exceeded.
    Call log:
      - waiting for locator('[data-testid="review-list"]') to be visible


       9 |   test('should display existing reviews', async ({ page }) => {
      10 |     // Wait for reviews section to load
    > 11 |     await page.waitForSelector('[data-testid="review-list"]');
         |                ^
      12 |
      13 |     // Check if reviews are visible
      14 |     const reviews = page.locator('[data-testid="product-review"]');
        at C:\Dev\Zo\sass-store\tests\e2e\reviews.spec.ts:11:16

    attachment #1: screenshot (image/png) ──────────────────────────────────────────────────────────
    ..\..\test-results\reviews-Product-Reviews-E2-37263-ld-display-existing-reviews-Mobile-Safari\test-failed-1.png
    ────────────────────────────────────────────────────────────────────────────────────────────────

    attachment #2: video (video/webm) ──────────────────────────────────────────────────────────────
    ..\..\test-results\reviews-Product-Reviews-E2-37263-ld-display-existing-reviews-Mobile-Safari\video.webm
    ────────────────────────────────────────────────────────────────────────────────────────────────

    Error Context: ..\..\test-results\reviews-Product-Reviews-E2-37263-ld-display-existing-reviews-Mobile-Safari\error-context.md
]]>
</failure>
<system-out>
<![CDATA[
[[ATTACHMENT|reviews-Product-Reviews-E2-37263-ld-display-existing-reviews-Mobile-Safari\test-failed-1.png]]

[[ATTACHMENT|reviews-Product-Reviews-E2-37263-ld-display-existing-reviews-Mobile-Safari\video.webm]]

[[ATTACHMENT|reviews-Product-Reviews-E2-37263-ld-display-existing-reviews-Mobile-Safari\error-context.md]]
]]>
</system-out>
</testcase>
<testcase name="Product Reviews E2E Flow › should submit a new review successfully" classname="reviews.spec.ts" time="16.489">
<failure message="reviews.spec.ts:20:7 should submit a new review successfully" type="FAILURE">
<![CDATA[  [Mobile Safari] › reviews.spec.ts:20:7 › Product Reviews E2E Flow › should submit a new review successfully 

    TimeoutError: locator.scrollIntoViewIfNeeded: Timeout 15000ms exceeded.
    Call log:
      - waiting for locator('[data-testid="review-form"]')


      20 |   test('should submit a new review successfully', async ({ page }) => {
      21 |     // Scroll to review form
    > 22 |     await page.locator('[data-testid="review-form"]').scrollIntoViewIfNeeded();
         |                                                       ^
      23 |
      24 |     // Fill in the review form
      25 |     await page.click('[data-testid="star-rating-5"]');
        at C:\Dev\Zo\sass-store\tests\e2e\reviews.spec.ts:22:55

    attachment #1: screenshot (image/png) ──────────────────────────────────────────────────────────
    ..\..\test-results\reviews-Product-Reviews-E2-ef76a-t-a-new-review-successfully-Mobile-Safari\test-failed-1.png
    ────────────────────────────────────────────────────────────────────────────────────────────────

    attachment #2: video (video/webm) ──────────────────────────────────────────────────────────────
    ..\..\test-results\reviews-Product-Reviews-E2-ef76a-t-a-new-review-successfully-Mobile-Safari\video.webm
    ────────────────────────────────────────────────────────────────────────────────────────────────

    Error Context: ..\..\test-results\reviews-Product-Reviews-E2-ef76a-t-a-new-review-successfully-Mobile-Safari\error-context.md
]]>
</failure>
<system-out>
<![CDATA[
[[ATTACHMENT|reviews-Product-Reviews-E2-ef76a-t-a-new-review-successfully-Mobile-Safari\test-failed-1.png]]

[[ATTACHMENT|reviews-Product-Reviews-E2-ef76a-t-a-new-review-successfully-Mobile-Safari\video.webm]]

[[ATTACHMENT|reviews-Product-Reviews-E2-ef76a-t-a-new-review-successfully-Mobile-Safari\error-context.md]]
]]>
</system-out>
</testcase>
<testcase name="Product Reviews E2E Flow › should validate required fields" classname="reviews.spec.ts" time="16.657">
<failure message="reviews.spec.ts:38:7 should validate required fields" type="FAILURE">
<![CDATA[  [Mobile Safari] › reviews.spec.ts:38:7 › Product Reviews E2E Flow › should validate required fields 

    TimeoutError: locator.scrollIntoViewIfNeeded: Timeout 15000ms exceeded.
    Call log:
      - waiting for locator('[data-testid="review-form"]')


      38 |   test('should validate required fields', async ({ page }) => {
      39 |     // Try to submit without filling required fields
    > 40 |     await page.locator('[data-testid="review-form"]').scrollIntoViewIfNeeded();
         |                                                       ^
      41 |     await page.click('[data-testid="submit-review"]');
      42 |
      43 |     // Should show validation error
        at C:\Dev\Zo\sass-store\tests\e2e\reviews.spec.ts:40:55

    attachment #1: screenshot (image/png) ──────────────────────────────────────────────────────────
    ..\..\test-results\reviews-Product-Reviews-E2-b977f-ld-validate-required-fields-Mobile-Safari\test-failed-1.png
    ────────────────────────────────────────────────────────────────────────────────────────────────

    attachment #2: video (video/webm) ──────────────────────────────────────────────────────────────
    ..\..\test-results\reviews-Product-Reviews-E2-b977f-ld-validate-required-fields-Mobile-Safari\video.webm
    ────────────────────────────────────────────────────────────────────────────────────────────────

    Error Context: ..\..\test-results\reviews-Product-Reviews-E2-b977f-ld-validate-required-fields-Mobile-Safari\error-context.md
]]>
</failure>
<system-out>
<![CDATA[
[[ATTACHMENT|reviews-Product-Reviews-E2-b977f-ld-validate-required-fields-Mobile-Safari\test-failed-1.png]]

[[ATTACHMENT|reviews-Product-Reviews-E2-b977f-ld-validate-required-fields-Mobile-Safari\video.webm]]

[[ATTACHMENT|reviews-Product-Reviews-E2-b977f-ld-validate-required-fields-Mobile-Safari\error-context.md]]
]]>
</system-out>
</testcase>
<testcase name="Product Reviews E2E Flow › should allow marking review as helpful" classname="reviews.spec.ts" time="16.343">
<failure message="reviews.spec.ts:47:7 should allow marking review as helpful" type="FAILURE">
<![CDATA[  [Mobile Safari] › reviews.spec.ts:47:7 › Product Reviews E2E Flow › should allow marking review as helpful 

    TimeoutError: page.waitForSelector: Timeout 15000ms exceeded.
    Call log:
      - waiting for locator('[data-testid="product-review"]') to be visible


      47 |   test('should allow marking review as helpful', async ({ page }) => {
      48 |     // Wait for reviews to load
    > 49 |     await page.waitForSelector('[data-testid="product-review"]');
         |                ^
      50 |
      51 |     // Get initial helpful count
      52 |     const helpfulButton = page.locator('[data-testid="helpful-button"]').first();
        at C:\Dev\Zo\sass-store\tests\e2e\reviews.spec.ts:49:16

    attachment #1: screenshot (image/png) ──────────────────────────────────────────────────────────
    ..\..\test-results\reviews-Product-Reviews-E2-752c4-w-marking-review-as-helpful-Mobile-Safari\test-failed-1.png
    ────────────────────────────────────────────────────────────────────────────────────────────────

    attachment #2: video (video/webm) ──────────────────────────────────────────────────────────────
    ..\..\test-results\reviews-Product-Reviews-E2-752c4-w-marking-review-as-helpful-Mobile-Safari\video.webm
    ────────────────────────────────────────────────────────────────────────────────────────────────

    Error Context: ..\..\test-results\reviews-Product-Reviews-E2-752c4-w-marking-review-as-helpful-Mobile-Safari\error-context.md
]]>
</failure>
<system-out>
<![CDATA[
[[ATTACHMENT|reviews-Product-Reviews-E2-752c4-w-marking-review-as-helpful-Mobile-Safari\test-failed-1.png]]

[[ATTACHMENT|reviews-Product-Reviews-E2-752c4-w-marking-review-as-helpful-Mobile-Safari\video.webm]]

[[ATTACHMENT|reviews-Product-Reviews-E2-752c4-w-marking-review-as-helpful-Mobile-Safari\error-context.md]]
]]>
</system-out>
</testcase>
<testcase name="Product Reviews E2E Flow › should display average rating" classname="reviews.spec.ts" time="6.426">
<failure message="reviews.spec.ts:69:7 should display average rating" type="FAILURE">
<![CDATA[  [Mobile Safari] › reviews.spec.ts:69:7 › Product Reviews E2E Flow › should display average rating 

    Error: expect(locator).toBeVisible() failed

    Locator: locator('[data-testid="average-rating"]')
    Expected: visible
    Timeout: 5000ms
    Error: element(s) not found

    Call log:
      - Expect "toBeVisible" with timeout 5000ms
      - waiting for locator('[data-testid="average-rating"]')


      70 |     // Check for average rating display
      71 |     const avgRating = page.locator('[data-testid="average-rating"]');
    > 72 |     await expect(avgRating).toBeVisible();
         |                             ^
      73 |
      74 |     // Verify it's a valid rating (1-5)
      75 |     const ratingText = await avgRating.textContent();
        at C:\Dev\Zo\sass-store\tests\e2e\reviews.spec.ts:72:29

    attachment #1: screenshot (image/png) ──────────────────────────────────────────────────────────
    ..\..\test-results\reviews-Product-Reviews-E2-6bb08-ould-display-average-rating-Mobile-Safari\test-failed-1.png
    ────────────────────────────────────────────────────────────────────────────────────────────────

    attachment #2: video (video/webm) ──────────────────────────────────────────────────────────────
    ..\..\test-results\reviews-Product-Reviews-E2-6bb08-ould-display-average-rating-Mobile-Safari\video.webm
    ────────────────────────────────────────────────────────────────────────────────────────────────

    Error Context: ..\..\test-results\reviews-Product-Reviews-E2-6bb08-ould-display-average-rating-Mobile-Safari\error-context.md
]]>
</failure>
<system-out>
<![CDATA[
[[ATTACHMENT|reviews-Product-Reviews-E2-6bb08-ould-display-average-rating-Mobile-Safari\test-failed-1.png]]

[[ATTACHMENT|reviews-Product-Reviews-E2-6bb08-ould-display-average-rating-Mobile-Safari\video.webm]]

[[ATTACHMENT|reviews-Product-Reviews-E2-6bb08-ould-display-average-rating-Mobile-Safari\error-context.md]]
]]>
</system-out>
</testcase>
<testcase name="Product Reviews E2E Flow › should filter reviews by rating" classname="reviews.spec.ts" time="16.566">
<failure message="reviews.spec.ts:82:7 should filter reviews by rating" type="FAILURE">
<![CDATA[  [Mobile Safari] › reviews.spec.ts:82:7 › Product Reviews E2E Flow › should filter reviews by rating 

    TimeoutError: page.click: Timeout 15000ms exceeded.
    Call log:
      - waiting for locator('[data-testid="filter-5-stars"]')


      82 |   test('should filter reviews by rating', async ({ page }) => {
      83 |     // Click on 5-star filter
    > 84 |     await page.click('[data-testid="filter-5-stars"]');
         |                ^
      85 |
      86 |     // Wait for filtered results
      87 |     await page.waitForTimeout(500);
        at C:\Dev\Zo\sass-store\tests\e2e\reviews.spec.ts:84:16

    attachment #1: screenshot (image/png) ──────────────────────────────────────────────────────────
    ..\..\test-results\reviews-Product-Reviews-E2-df91c-ld-filter-reviews-by-rating-Mobile-Safari\test-failed-1.png
    ────────────────────────────────────────────────────────────────────────────────────────────────

    attachment #2: video (video/webm) ──────────────────────────────────────────────────────────────
    ..\..\test-results\reviews-Product-Reviews-E2-df91c-ld-filter-reviews-by-rating-Mobile-Safari\video.webm
    ────────────────────────────────────────────────────────────────────────────────────────────────

    Error Context: ..\..\test-results\reviews-Product-Reviews-E2-df91c-ld-filter-reviews-by-rating-Mobile-Safari\error-context.md
]]>
</failure>
<system-out>
<![CDATA[
[[ATTACHMENT|reviews-Product-Reviews-E2-df91c-ld-filter-reviews-by-rating-Mobile-Safari\test-failed-1.png]]

[[ATTACHMENT|reviews-Product-Reviews-E2-df91c-ld-filter-reviews-by-rating-Mobile-Safari\video.webm]]

[[ATTACHMENT|reviews-Product-Reviews-E2-df91c-ld-filter-reviews-by-rating-Mobile-Safari\error-context.md]]
]]>
</system-out>
</testcase>
<testcase name="Product Reviews E2E Flow › should load more reviews on scroll" classname="reviews.spec.ts" time="2.385">
</testcase>
</testsuite>
<testsuite name="rls\booking-system-isolation.spec.ts" timestamp="2025-10-29T19:08:05.826Z" hostname="Mobile Safari" tests="7" failures="2" skipped="0" time="11.09" errors="0">
<testcase name="Booking System Tenant Isolation › should only show staff from current tenant" classname="rls\booking-system-isolation.spec.ts" time="2.02">
</testcase>
<testcase name="Booking System Tenant Isolation › should not display other tenant bookings in calendar" classname="rls\booking-system-isolation.spec.ts" time="1.066">
</testcase>
<testcase name="Booking System Tenant Isolation › should prevent access to other tenant booking via direct URL" classname="rls\booking-system-isolation.spec.ts" time="2.03">
</testcase>
<testcase name="Booking System Tenant Isolation › should isolate staff API endpoints by tenant" classname="rls\booking-system-isolation.spec.ts" time="0.069">
<failure message="booking-system-isolation.spec.ts:106:7 should isolate staff API endpoints by tenant" type="FAILURE">
<![CDATA[  [Mobile Safari] › rls\booking-system-isolation.spec.ts:106:7 › Booking System Tenant Isolation › should isolate staff API endpoints by tenant 

    Error: expect(received).toBeTruthy()

    Received: false

      107 |     // Get wondernails staff
      108 |     const wondernailsStaff = await request.get('/api/staff?tenant=wondernails');
    > 109 |     expect(wondernailsStaff.ok()).toBeTruthy();
          |                                   ^
      110 |
      111 |     const wondernailsData = await wondernailsStaff.json();
      112 |     const wondernailsStaffList = wondernailsData.staff || wondernailsData;
        at C:\Dev\Zo\sass-store\tests\e2e\rls\booking-system-isolation.spec.ts:109:35
]]>
</failure>
</testcase>
<testcase name="Booking System Tenant Isolation › should enforce tenant boundary in booking creation" classname="rls\booking-system-isolation.spec.ts" time="1.111">
</testcase>
<testcase name="Booking System Tenant Isolation › should prevent booking modifications across tenants" classname="rls\booking-system-isolation.spec.ts" time="1.126">
<failure message="booking-system-isolation.spec.ts:152:7 should prevent booking modifications across tenants" type="FAILURE">
<![CDATA[  [Mobile Safari] › rls\booking-system-isolation.spec.ts:152:7 › Booking System Tenant Isolation › should prevent booking modifications across tenants 

    Error: expect(received).toBe(expected) // Object.is equality

    Expected: 404
    Received: 500

      170 |
      171 |     // Should return 404 (booking not found in wondernails context)
    > 172 |     expect(updateResponse.status()).toBe(404);
          |                                     ^
      173 |   });
      174 |
      175 |   test('should maintain booking isolation in shared time slots', async ({ page }) => {
        at C:\Dev\Zo\sass-store\tests\e2e\rls\booking-system-isolation.spec.ts:172:37

    attachment #1: screenshot (image/png) ──────────────────────────────────────────────────────────
    ..\..\test-results\rls-booking-system-isolati-cfe0d-odifications-across-tenants-Mobile-Safari\test-failed-1.png
    ────────────────────────────────────────────────────────────────────────────────────────────────

    attachment #2: video (video/webm) ──────────────────────────────────────────────────────────────
    ..\..\test-results\rls-booking-system-isolati-cfe0d-odifications-across-tenants-Mobile-Safari\video.webm
    ────────────────────────────────────────────────────────────────────────────────────────────────

    Error Context: ..\..\test-results\rls-booking-system-isolati-cfe0d-odifications-across-tenants-Mobile-Safari\error-context.md
]]>
</failure>
<system-out>
<![CDATA[
[[ATTACHMENT|rls-booking-system-isolati-cfe0d-odifications-across-tenants-Mobile-Safari\test-failed-1.png]]

[[ATTACHMENT|rls-booking-system-isolati-cfe0d-odifications-across-tenants-Mobile-Safari\video.webm]]

[[ATTACHMENT|rls-booking-system-isolati-cfe0d-odifications-across-tenants-Mobile-Safari\error-context.md]]
]]>
</system-out>
</testcase>
<testcase name="Booking System Tenant Isolation › should maintain booking isolation in shared time slots" classname="rls\booking-system-isolation.spec.ts" time="3.668">
</testcase>
</testsuite>
<testsuite name="rls\product-catalog-isolation.spec.ts" timestamp="2025-10-29T19:08:05.826Z" hostname="Mobile Safari" tests="6" failures="4" skipped="0" time="42.955" errors="0">
<testcase name="Product Catalog Tenant Isolation › should only show products from current tenant" classname="rls\product-catalog-isolation.spec.ts" time="7.452">
<failure message="product-catalog-isolation.spec.ts:9:7 should only show products from current tenant" type="FAILURE">
<![CDATA[  [Mobile Safari] › rls\product-catalog-isolation.spec.ts:9:7 › Product Catalog Tenant Isolation › should only show products from current tenant 

    Error: expect(locator).toBeVisible() failed

    Locator: locator('[data-testid="products-grid"]')
    Expected: visible
    Timeout: 5000ms
    Error: element(s) not found

    Call log:
      - Expect "toBeVisible" with timeout 5000ms
      - waiting for locator('[data-testid="products-grid"]')


      13 |
      14 |     // Verify wondernails products are visible
    > 15 |     await expect(page.locator('[data-testid="products-grid"]')).toBeVisible();
         |                                                                 ^
      16 |
      17 |     const productCards = page.locator('[data-testid="product-card"]');
      18 |     const productCount = await productCards.count();
        at C:\Dev\Zo\sass-store\tests\e2e\rls\product-catalog-isolation.spec.ts:15:65

    attachment #1: screenshot (image/png) ──────────────────────────────────────────────────────────
    ..\..\test-results\rls-product-catalog-isolat-5ec83-roducts-from-current-tenant-Mobile-Safari\test-failed-1.png
    ────────────────────────────────────────────────────────────────────────────────────────────────

    attachment #2: video (video/webm) ──────────────────────────────────────────────────────────────
    ..\..\test-results\rls-product-catalog-isolat-5ec83-roducts-from-current-tenant-Mobile-Safari\video.webm
    ────────────────────────────────────────────────────────────────────────────────────────────────

    Error Context: ..\..\test-results\rls-product-catalog-isolat-5ec83-roducts-from-current-tenant-Mobile-Safari\error-context.md
]]>
</failure>
<system-out>
<![CDATA[
[[ATTACHMENT|rls-product-catalog-isolat-5ec83-roducts-from-current-tenant-Mobile-Safari\test-failed-1.png]]

[[ATTACHMENT|rls-product-catalog-isolat-5ec83-roducts-from-current-tenant-Mobile-Safari\video.webm]]

[[ATTACHMENT|rls-product-catalog-isolat-5ec83-roducts-from-current-tenant-Mobile-Safari\error-context.md]]
]]>
</system-out>
</testcase>
<testcase name="Product Catalog Tenant Isolation › should not display other tenant products in search results" classname="rls\product-catalog-isolation.spec.ts" time="0.958">
</testcase>
<testcase name="Product Catalog Tenant Isolation › should return 404 for cross-tenant product access via URL" classname="rls\product-catalog-isolation.spec.ts" time="17.184">
<failure message="product-catalog-isolation.spec.ts:60:7 should return 404 for cross-tenant product access via URL" type="FAILURE">
<![CDATA[  [Mobile Safari] › rls\product-catalog-isolation.spec.ts:60:7 › Product Catalog Tenant Isolation › should return 404 for cross-tenant product access via URL 

    TimeoutError: locator.getAttribute: Timeout 15000ms exceeded.
    Call log:
      - waiting for locator('[data-testid="product-card"]').first().locator('a').first()


      64 |
      65 |     const firstProduct = page.locator('[data-testid="product-card"]').first();
    > 66 |     const productLink = await firstProduct.locator('a').first().getAttribute('href');
         |                                                                 ^
      67 |
      68 |     if (productLink) {
      69 |       // Extract product ID from URL
        at C:\Dev\Zo\sass-store\tests\e2e\rls\product-catalog-isolation.spec.ts:66:65

    attachment #1: screenshot (image/png) ──────────────────────────────────────────────────────────
    ..\..\test-results\rls-product-catalog-isolat-c9d11-nant-product-access-via-URL-Mobile-Safari\test-failed-1.png
    ────────────────────────────────────────────────────────────────────────────────────────────────

    attachment #2: video (video/webm) ──────────────────────────────────────────────────────────────
    ..\..\test-results\rls-product-catalog-isolat-c9d11-nant-product-access-via-URL-Mobile-Safari\video.webm
    ────────────────────────────────────────────────────────────────────────────────────────────────

    Error Context: ..\..\test-results\rls-product-catalog-isolat-c9d11-nant-product-access-via-URL-Mobile-Safari\error-context.md
]]>
</failure>
<system-out>
<![CDATA[
[[ATTACHMENT|rls-product-catalog-isolat-c9d11-nant-product-access-via-URL-Mobile-Safari\test-failed-1.png]]

[[ATTACHMENT|rls-product-catalog-isolat-c9d11-nant-product-access-via-URL-Mobile-Safari\video.webm]]

[[ATTACHMENT|rls-product-catalog-isolat-c9d11-nant-product-access-via-URL-Mobile-Safari\error-context.md]]
]]>
</system-out>
</testcase>
<testcase name="Product Catalog Tenant Isolation › should isolate product API responses by tenant" classname="rls\product-catalog-isolation.spec.ts" time="5.117">
<failure message="product-catalog-isolation.spec.ts:84:7 should isolate product API responses by tenant" type="FAILURE">
<![CDATA[  [Mobile Safari] › rls\product-catalog-isolation.spec.ts:84:7 › Product Catalog Tenant Isolation › should isolate product API responses by tenant 

    Error: expect(received).toBeTruthy()

    Received: false

      85 |     // Get wondernails products via API
      86 |     const wondernailsResponse = await request.get('/api/products?tenant=wondernails');
    > 87 |     expect(wondernailsResponse.ok()).toBeTruthy();
         |                                      ^
      88 |
      89 |     const wondernailsData = await wondernailsResponse.json();
      90 |     const wondernailsProducts = wondernailsData.products || wondernailsData;
        at C:\Dev\Zo\sass-store\tests\e2e\rls\product-catalog-isolation.spec.ts:87:38

    attachment #1: screenshot (image/png) ──────────────────────────────────────────────────────────
    ..\..\test-results\rls-product-catalog-isolat-ec24a-uct-API-responses-by-tenant-Mobile-Safari\test-failed-1.png
    ────────────────────────────────────────────────────────────────────────────────────────────────

    attachment #2: video (video/webm) ──────────────────────────────────────────────────────────────
    ..\..\test-results\rls-product-catalog-isolat-ec24a-uct-API-responses-by-tenant-Mobile-Safari\video.webm
    ────────────────────────────────────────────────────────────────────────────────────────────────
]]>
</failure>
<system-out>
<![CDATA[
[[ATTACHMENT|rls-product-catalog-isolat-ec24a-uct-API-responses-by-tenant-Mobile-Safari\test-failed-1.png]]

[[ATTACHMENT|rls-product-catalog-isolat-ec24a-uct-API-responses-by-tenant-Mobile-Safari\video.webm]]
]]>
</system-out>
</testcase>
<testcase name="Product Catalog Tenant Isolation › should prevent cross-tenant cart contamination" classname="rls\product-catalog-isolation.spec.ts" time="7.473">
</testcase>
<testcase name="Product Catalog Tenant Isolation › should enforce tenant boundary in product mutations" classname="rls\product-catalog-isolation.spec.ts" time="4.771">
<failure message="product-catalog-isolation.spec.ts:130:7 should enforce tenant boundary in product mutations" type="FAILURE">
<![CDATA[  [Mobile Safari] › rls\product-catalog-isolation.spec.ts:130:7 › Product Catalog Tenant Isolation › should enforce tenant boundary in product mutations 

    Error: expect(received).toBeLessThan(expected)

    Expected: < 500
    Received:   500

      154 |     // Should be rejected (403 Forbidden or 400 Bad Request)
      155 |     expect(createResponse.status()).toBeGreaterThanOrEqual(400);
    > 156 |     expect(createResponse.status()).toBeLessThan(500);
          |                                     ^
      157 |   });
      158 | });
      159 |
        at C:\Dev\Zo\sass-store\tests\e2e\rls\product-catalog-isolation.spec.ts:156:37

    attachment #1: screenshot (image/png) ──────────────────────────────────────────────────────────
    ..\..\test-results\rls-product-catalog-isolat-4dbb3-undary-in-product-mutations-Mobile-Safari\test-failed-1.png
    ────────────────────────────────────────────────────────────────────────────────────────────────

    attachment #2: video (video/webm) ──────────────────────────────────────────────────────────────
    ..\..\test-results\rls-product-catalog-isolat-4dbb3-undary-in-product-mutations-Mobile-Safari\video.webm
    ────────────────────────────────────────────────────────────────────────────────────────────────

    Error Context: ..\..\test-results\rls-product-catalog-isolat-4dbb3-undary-in-product-mutations-Mobile-Safari\error-context.md
]]>
</failure>
<system-out>
<![CDATA[
[[ATTACHMENT|rls-product-catalog-isolat-4dbb3-undary-in-product-mutations-Mobile-Safari\test-failed-1.png]]

[[ATTACHMENT|rls-product-catalog-isolat-4dbb3-undary-in-product-mutations-Mobile-Safari\video.webm]]

[[ATTACHMENT|rls-product-catalog-isolat-4dbb3-undary-in-product-mutations-Mobile-Safari\error-context.md]]
]]>
</system-out>
</testcase>
</testsuite>
<testsuite name="self-healing\self-healing-validation.spec.ts" timestamp="2025-10-29T19:08:05.826Z" hostname="Mobile Safari" tests="8" failures="2" skipped="0" time="48.734" errors="0">
<testcase name="Self-Healing Test Validation - Master Plan Implementation › Self-healing selector fallback - data-testid priority" classname="self-healing\self-healing-validation.spec.ts" time="7.004">
<system-out>
<![CDATA[[BUDGET] No clickable element found for: Add to cart button
⚠️ wondernails: No add-to-cart button found with any selector
[BUDGET] No clickable element found for: Add to cart button
⚠️ nom-nom: No add-to-cart button found with any selector
[BUDGET] No clickable element found for: Add to cart button
⚠️ delirios: No add-to-cart button found with any selector
]]>
</system-out>
</testcase>
<testcase name="Self-Healing Test Validation - Master Plan Implementation › State-based waits vs sleep - network idle and element states" classname="self-healing\self-healing-validation.spec.ts" time="6.764">
<system-out>
<![CDATA[[BUDGET] Network idle achieved
✅ wondernails: State-based waits working properly
[BUDGET] Network idle achieved
✅ nom-nom: State-based waits working properly
]]>
</system-out>
</testcase>
<testcase name="Self-Healing Test Validation - Master Plan Implementation › Controlled retry logic - 1-2 retries maximum" classname="self-healing\self-healing-validation.spec.ts" time="4.374">
<system-out>
<![CDATA[[SELF-HEALING] Booking attempt 1/2
Booking attempt failed: Error: Booking button not found
[SELF-HEALING] Retrying in 1 second...
[SELF-HEALING] Booking attempt 2/2
Booking attempt failed: Error: Booking button not found
⚠️ wondernails: Booking failed after 2 attempts - needs human attention
[SELF-HEALING] Booking attempt 1/2
Booking attempt failed: Error: Booking button not found
[SELF-HEALING] Retrying in 1 second...
[SELF-HEALING] Booking attempt 2/2
Booking attempt failed: Error: Booking button not found
⚠️ nom-nom: Booking failed after 2 attempts - needs human attention
]]>
</system-out>
</testcase>
<testcase name="Self-Healing Test Validation - Master Plan Implementation › Click budget validation with real user flows" classname="self-healing\self-healing-validation.spec.ts" time="1.838">
<failure message="self-healing-validation.spec.ts:141:7 Click budget validation with real user flows" type="FAILURE">
<![CDATA[  [Mobile Safari] › self-healing\self-healing-validation.spec.ts:141:7 › Self-Healing Test Validation - Master Plan Implementation › Click budget validation with real user flows 

    Error: expect(received).toBeTruthy()

    Received: false

      198 |     // Verify the flow met click budget requirements
      199 |     expect(flowResult.budgetMet).toBeTruthy();
    > 200 |     expect(flowResult.success).toBeTruthy();
          |                                ^
      201 |
      202 |     console.log(`✅ ${tenant}: Purchase flow click budget validation passed`);
      203 |   });
        at C:\Dev\Zo\sass-store\tests\e2e\self-healing\self-healing-validation.spec.ts:200:32

    attachment #1: screenshot (image/png) ──────────────────────────────────────────────────────────
    ..\..\test-results\self-healing-self-healing--75520-dation-with-real-user-flows-Mobile-Safari\test-failed-1.png
    ────────────────────────────────────────────────────────────────────────────────────────────────

    attachment #2: video (video/webm) ──────────────────────────────────────────────────────────────
    ..\..\test-results\self-healing-self-healing--75520-dation-with-real-user-flows-Mobile-Safari\video.webm
    ────────────────────────────────────────────────────────────────────────────────────────────────

    Error Context: ..\..\test-results\self-healing-self-healing--75520-dation-with-real-user-flows-Mobile-Safari\error-context.md
]]>
</failure>
<system-out>
<![CDATA[[BUDGET] Step failed: Navigate to product details - Error: No products available for purchase flow test
[BUDGET] ✅ Step within budget: Navigate to product details (0/1 clicks)
[BUDGET] ✅ Step within budget: Add product to cart (0/1 clicks)
[BUDGET] ✅ Step within budget: View cart (0/1 clicks)
[BUDGET] ✅ Step within budget: Proceed to checkout (would complete purchase) (0/1 clicks)
=== Flow Validation Report ===
Flow Type: purchase
Total Steps: 4
Total Clicks: 0/4
All Steps Successful: NO
Budget Met: YES

Step Breakdown:
1. Navigate to product details: 0/1 clicks ❌
2. Add product to cart: 0/1 clicks ✅
3. View cart: 0/1 clicks ✅
4. Proceed to checkout (would complete purchase): 0/1 clicks ✅

Detailed Interactions:
==============================

[[ATTACHMENT|self-healing-self-healing--75520-dation-with-real-user-flows-Mobile-Safari\test-failed-1.png]]

[[ATTACHMENT|self-healing-self-healing--75520-dation-with-real-user-flows-Mobile-Safari\video.webm]]

[[ATTACHMENT|self-healing-self-healing--75520-dation-with-real-user-flows-Mobile-Safari\error-context.md]]
]]>
</system-out>
</testcase>
<testcase name="Self-Healing Test Validation - Master Plan Implementation › Booking flow with 2-click budget validation" classname="self-healing\self-healing-validation.spec.ts" time="1.92">
<system-out>
<![CDATA[[BUDGET] ✅ Step within budget: Select service or quick booking (0/1 clicks)
[BUDGET] ✅ Step within budget: Confirm booking (0/1 clicks)
=== Flow Validation Report ===
Flow Type: booking
Total Steps: 2
Total Clicks: 0/2
All Steps Successful: YES
Budget Met: YES

Step Breakdown:
1. Select service or quick booking: 0/1 clicks ✅
2. Confirm booking: 0/1 clicks ✅

Detailed Interactions:
==============================
✅ wondernails: Booking flow click budget validation passed
]]>
</system-out>
</testcase>
<testcase name="Self-Healing Test Validation - Master Plan Implementation › Selector stability validation - no brittle selectors" classname="self-healing\self-healing-validation.spec.ts" time="2.523">
<failure message="self-healing-validation.spec.ts:253:7 Selector stability validation - no brittle selectors" type="FAILURE">
<![CDATA[  [Mobile Safari] › self-healing\self-healing-validation.spec.ts:253:7 › Self-Healing Test Validation - Master Plan Implementation › Selector stability validation - no brittle selectors 

    Error: locator.count: SyntaxError: 'button:contains("Buy")' is not a valid selector.

      287 |       for (const brittleSelector of brittleSelectors) {
      288 |         const elements = page.locator(brittleSelector);
    > 289 |         const count = await elements.count();
          |                                      ^
      290 |
      291 |         if (count > 0) {
      292 |           console.warn(`⚠️ ${tenant}: Found potentially brittle selector: ${brittleSelector}`);
        at C:\Dev\Zo\sass-store\tests\e2e\self-healing\self-healing-validation.spec.ts:289:38

    attachment #1: screenshot (image/png) ──────────────────────────────────────────────────────────
    ..\..\test-results\self-healing-self-healing--a2c79-tion---no-brittle-selectors-Mobile-Safari\test-failed-1.png
    ────────────────────────────────────────────────────────────────────────────────────────────────

    attachment #2: video (video/webm) ──────────────────────────────────────────────────────────────
    ..\..\test-results\self-healing-self-healing--a2c79-tion---no-brittle-selectors-Mobile-Safari\video.webm
    ────────────────────────────────────────────────────────────────────────────────────────────────

    Error Context: ..\..\test-results\self-healing-self-healing--a2c79-tion---no-brittle-selectors-Mobile-Safari\error-context.md
]]>
</failure>
<system-out>
<![CDATA[
[[ATTACHMENT|self-healing-self-healing--a2c79-tion---no-brittle-selectors-Mobile-Safari\test-failed-1.png]]

[[ATTACHMENT|self-healing-self-healing--a2c79-tion---no-brittle-selectors-Mobile-Safari\video.webm]]

[[ATTACHMENT|self-healing-self-healing--a2c79-tion---no-brittle-selectors-Mobile-Safari\error-context.md]]
]]>
</system-out>
<system-err>
<![CDATA[⚠️ wondernails: Found potentially brittle selector: div > div > button
]]>
</system-err>
</testcase>
<testcase name="Self-Healing Test Validation - Master Plan Implementation › Error recovery and graceful degradation" classname="self-healing\self-healing-validation.spec.ts" time="3.725">
<system-out>
<![CDATA[[BUDGET] Network idle achieved
[BUDGET] Network idle achieved
]]>
</system-out>
</testcase>
<testcase name="Self-Healing Test Validation - Master Plan Implementation › Performance-aware self-healing - timeout management" classname="self-healing\self-healing-validation.spec.ts" time="20.586">
<system-out>
<![CDATA[⏱️ wondernails: Element not found within 1000ms, trying longer timeout...
⏱️ wondernails: Element not found within 3000ms, trying longer timeout...
⏱️ wondernails: Element not found within 5000ms, trying longer timeout...
⚠️ wondernails: Element not found after maximum timeout - may need manual intervention
⏱️ nom-nom: Element not found within 1000ms, trying longer timeout...
⏱️ nom-nom: Element not found within 3000ms, trying longer timeout...
⏱️ nom-nom: Element not found within 5000ms, trying longer timeout...
⚠️ nom-nom: Element not found after maximum timeout - may need manual intervention
]]>
</system-out>
</testcase>
</testsuite>
<testsuite name="seo\seo-optimization.spec.ts" timestamp="2025-10-29T19:08:05.826Z" hostname="Mobile Safari" tests="8" failures="4" skipped="0" time="45.114" errors="0">
<testcase name="SEO Optimization Tests › Meta tags should be tenant-specific" classname="seo\seo-optimization.spec.ts" time="2.383">
<failure message="seo-optimization.spec.ts:6:7 Meta tags should be tenant-specific" type="FAILURE">
<![CDATA[  [Mobile Safari] › seo\seo-optimization.spec.ts:6:7 › SEO Optimization Tests › Meta tags should be tenant-specific 

    Error: expect(received).toBeTruthy()

    Received: ""

      11 |       // Check title tag
      12 |       const title = await page.title();
    > 13 |       expect(title).toBeTruthy();
         |                     ^
      14 |       expect(title.length).toBeGreaterThan(10);
      15 |       expect(title.length).toBeLessThan(60); // SEO best practice
      16 |
        at C:\Dev\Zo\sass-store\tests\e2e\seo\seo-optimization.spec.ts:13:21

    attachment #1: screenshot (image/png) ──────────────────────────────────────────────────────────
    ..\..\test-results\seo-seo-optimization-SEO-O-f2421-s-should-be-tenant-specific-Mobile-Safari\test-failed-1.png
    ────────────────────────────────────────────────────────────────────────────────────────────────

    attachment #2: video (video/webm) ──────────────────────────────────────────────────────────────
    ..\..\test-results\seo-seo-optimization-SEO-O-f2421-s-should-be-tenant-specific-Mobile-Safari\video.webm
    ────────────────────────────────────────────────────────────────────────────────────────────────

    Error Context: ..\..\test-results\seo-seo-optimization-SEO-O-f2421-s-should-be-tenant-specific-Mobile-Safari\error-context.md
]]>
</failure>
<system-out>
<![CDATA[
[[ATTACHMENT|seo-seo-optimization-SEO-O-f2421-s-should-be-tenant-specific-Mobile-Safari\test-failed-1.png]]

[[ATTACHMENT|seo-seo-optimization-SEO-O-f2421-s-should-be-tenant-specific-Mobile-Safari\video.webm]]

[[ATTACHMENT|seo-seo-optimization-SEO-O-f2421-s-should-be-tenant-specific-Mobile-Safari\error-context.md]]
]]>
</system-out>
</testcase>
<testcase name="SEO Optimization Tests › Canonical URLs should be correct" classname="seo\seo-optimization.spec.ts" time="17.504">
<failure message="seo-optimization.spec.ts:45:7 Canonical URLs should be correct" type="FAILURE">
<![CDATA[  [Mobile Safari] › seo\seo-optimization.spec.ts:45:7 › SEO Optimization Tests › Canonical URLs should be correct 

    TimeoutError: locator.getAttribute: Timeout 15000ms exceeded.
    Call log:
      - waiting for locator('link[rel="canonical"]')


      48 |       await page.waitForLoadState('networkidle');
      49 |
    > 50 |       const canonical = await page.locator('link[rel="canonical"]').getAttribute('href');
         |                                                                     ^
      51 |       if (canonical) {
      52 |         expect(canonical).toContain(tenant);
      53 |         expect(canonical).toMatch(/^https?:\/\//);
        at C:\Dev\Zo\sass-store\tests\e2e\seo\seo-optimization.spec.ts:50:69

    attachment #1: screenshot (image/png) ──────────────────────────────────────────────────────────
    ..\..\test-results\seo-seo-optimization-SEO-O-d4715-ical-URLs-should-be-correct-Mobile-Safari\test-failed-1.png
    ────────────────────────────────────────────────────────────────────────────────────────────────

    attachment #2: video (video/webm) ──────────────────────────────────────────────────────────────
    ..\..\test-results\seo-seo-optimization-SEO-O-d4715-ical-URLs-should-be-correct-Mobile-Safari\video.webm
    ────────────────────────────────────────────────────────────────────────────────────────────────

    Error Context: ..\..\test-results\seo-seo-optimization-SEO-O-d4715-ical-URLs-should-be-correct-Mobile-Safari\error-context.md
]]>
</failure>
<system-out>
<![CDATA[
[[ATTACHMENT|seo-seo-optimization-SEO-O-d4715-ical-URLs-should-be-correct-Mobile-Safari\test-failed-1.png]]

[[ATTACHMENT|seo-seo-optimization-SEO-O-d4715-ical-URLs-should-be-correct-Mobile-Safari\video.webm]]

[[ATTACHMENT|seo-seo-optimization-SEO-O-d4715-ical-URLs-should-be-correct-Mobile-Safari\error-context.md]]
]]>
</system-out>
</testcase>
<testcase name="SEO Optimization Tests › Structured data (JSON-LD) should be present" classname="seo\seo-optimization.spec.ts" time="5.849">
<system-out>
<![CDATA[✓ wondernails: Structured data validated
✓ nom-nom: Structured data validated
✓ delirios: Structured data validated
✓ zo-system: Structured data validated
]]>
</system-out>
</testcase>
<testcase name="SEO Optimization Tests › Images should have proper optimization" classname="seo\seo-optimization.spec.ts" time="3.302">
<system-out>
<![CDATA[✓ wondernails: Image optimization validated
✓ nom-nom: Image optimization validated
]]>
</system-out>
</testcase>
<testcase name="SEO Optimization Tests › Fallback tenant should have correct SEO handling" classname="seo\seo-optimization.spec.ts" time="1.088">
<failure message="seo-optimization.spec.ts:171:7 Fallback tenant should have correct SEO handling" type="FAILURE">
<![CDATA[  [Mobile Safari] › seo\seo-optimization.spec.ts:171:7 › SEO Optimization Tests › Fallback tenant should have correct SEO handling 

    Error: expect(received).toBeTruthy()

    Received: false

      182 |                               title.toLowerCase().includes('sass store');
      183 |
    > 184 |     expect(isFallbackHandled).toBeTruthy();
          |                               ^
      185 |
      186 |     // Check if noindex is set for unknown tenants
      187 |     const robotsMeta = await page.locator('meta[name="robots"]').getAttribute('content');
        at C:\Dev\Zo\sass-store\tests\e2e\seo\seo-optimization.spec.ts:184:31

    attachment #1: screenshot (image/png) ──────────────────────────────────────────────────────────
    ..\..\test-results\seo-seo-optimization-SEO-O-ddfea-d-have-correct-SEO-handling-Mobile-Safari\test-failed-1.png
    ────────────────────────────────────────────────────────────────────────────────────────────────

    attachment #2: video (video/webm) ──────────────────────────────────────────────────────────────
    ..\..\test-results\seo-seo-optimization-SEO-O-ddfea-d-have-correct-SEO-handling-Mobile-Safari\video.webm
    ────────────────────────────────────────────────────────────────────────────────────────────────

    Error Context: ..\..\test-results\seo-seo-optimization-SEO-O-ddfea-d-have-correct-SEO-handling-Mobile-Safari\error-context.md
]]>
</failure>
<system-out>
<![CDATA[
[[ATTACHMENT|seo-seo-optimization-SEO-O-ddfea-d-have-correct-SEO-handling-Mobile-Safari\test-failed-1.png]]

[[ATTACHMENT|seo-seo-optimization-SEO-O-ddfea-d-have-correct-SEO-handling-Mobile-Safari\video.webm]]

[[ATTACHMENT|seo-seo-optimization-SEO-O-ddfea-d-have-correct-SEO-handling-Mobile-Safari\error-context.md]]
]]>
</system-out>
</testcase>
<testcase name="SEO Optimization Tests › Sitemap and robots.txt should be accessible" classname="seo\seo-optimization.spec.ts" time="1.203">
<failure message="seo-optimization.spec.ts:195:7 Sitemap and robots.txt should be accessible" type="FAILURE">
<![CDATA[  [Mobile Safari] › seo\seo-optimization.spec.ts:195:7 › SEO Optimization Tests › Sitemap and robots.txt should be accessible 

    Error: expect(received).toBe(expected) // Object.is equality

    Expected: 200
    Received: 500

      196 |     // Check robots.txt
      197 |     const robotsResponse = await page.goto('/robots.txt');
    > 198 |     expect(robotsResponse?.status()).toBe(200);
          |                                      ^
      199 |
      200 |     const robotsContent = await page.textContent('body');
      201 |     expect(robotsContent).toContain('User-agent');
        at C:\Dev\Zo\sass-store\tests\e2e\seo\seo-optimization.spec.ts:198:38

    attachment #1: screenshot (image/png) ──────────────────────────────────────────────────────────
    ..\..\test-results\seo-seo-optimization-SEO-O-c5e17-ts-txt-should-be-accessible-Mobile-Safari\test-failed-1.png
    ────────────────────────────────────────────────────────────────────────────────────────────────

    attachment #2: video (video/webm) ──────────────────────────────────────────────────────────────
    ..\..\test-results\seo-seo-optimization-SEO-O-c5e17-ts-txt-should-be-accessible-Mobile-Safari\video.webm
    ────────────────────────────────────────────────────────────────────────────────────────────────

    Error Context: ..\..\test-results\seo-seo-optimization-SEO-O-c5e17-ts-txt-should-be-accessible-Mobile-Safari\error-context.md
]]>
</failure>
<system-out>
<![CDATA[
[[ATTACHMENT|seo-seo-optimization-SEO-O-c5e17-ts-txt-should-be-accessible-Mobile-Safari\test-failed-1.png]]

[[ATTACHMENT|seo-seo-optimization-SEO-O-c5e17-ts-txt-should-be-accessible-Mobile-Safari\video.webm]]

[[ATTACHMENT|seo-seo-optimization-SEO-O-c5e17-ts-txt-should-be-accessible-Mobile-Safari\error-context.md]]
]]>
</system-out>
</testcase>
<testcase name="SEO Optimization Tests › Page load performance should meet targets" classname="seo\seo-optimization.spec.ts" time="9.977">
<system-out>
<![CDATA[✓ wondernails: Performance metrics validated
✓ nom-nom: Performance metrics validated
]]>
</system-out>
</testcase>
<testcase name="SEO Optimization Tests › Breadcrumbs should be implemented correctly" classname="seo\seo-optimization.spec.ts" time="3.808">
<system-out>
<![CDATA[✓ wondernails: Breadcrumbs validated
✓ nom-nom: Breadcrumbs validated
]]>
</system-out>
</testcase>
</testsuite>
<testsuite name="social-planner\social-planner-flow.spec.ts" timestamp="2025-10-29T19:08:05.826Z" hostname="Mobile Safari" tests="6" failures="2" skipped="0" time="41.821" errors="0">
<testcase name="Social Planner E2E Tests - Phase 1 Coverage › Social Planner - Create and schedule post (planificación sin publicar)" classname="social-planner\social-planner-flow.spec.ts" time="6.401">
<system-out>
<![CDATA[⚪ wondernails: Social planner not available
⚪ nom-nom: Social planner not available
⚪ delirios: Social planner not available
⚪ zo-system: Social planner not available
]]>
</system-out>
</testcase>
<testcase name="Social Planner E2E Tests - Phase 1 Coverage › Social Planner - Duplicate and move post via drag&amp;drop" classname="social-planner\social-planner-flow.spec.ts" time="3.8">
<system-out>
<![CDATA[⚪ wondernails: No posts to duplicate
⚪ nom-nom: No posts to duplicate
]]>
</system-out>
</testcase>
<testcase name="Social Planner E2E Tests - Phase 1 Coverage › Social Planner - Edit override for specific network" classname="social-planner\social-planner-flow.spec.ts" time="3.77">
<system-out>
<![CDATA[⚪ wondernails: No posts available for override testing
⚪ nom-nom: No posts available for override testing
]]>
</system-out>
</testcase>
<testcase name="Social Planner E2E Tests - Phase 1 Coverage › Social Planner - View modes (Mes, Semana, Día, Año)" classname="social-planner\social-planner-flow.spec.ts" time="7.636">
<failure message="social-planner-flow.spec.ts:150:7 Social Planner - View modes (Mes, Semana, Día, Año)" type="FAILURE">
<![CDATA[  [Mobile Safari] › social-planner\social-planner-flow.spec.ts:150:7 › Social Planner E2E Tests - Phase 1 Coverage › Social Planner - View modes (Mes, Semana, Día, Año) 

    Error: expect(locator).toBeVisible() failed

    Locator: locator('[data-testid="month-view"]')
    Expected: visible
    Timeout: 5000ms
    Error: element(s) not found

    Call log:
      - Expect "toBeVisible" with timeout 5000ms
      - waiting for locator('[data-testid="month-view"]')


      154 |
      155 |       // Test Month view (Mes) - default view requirement
    > 156 |       await expect(page.locator('[data-testid="month-view"]')).toBeVisible();
          |                                                                ^
      157 |
      158 |       // Test Week view (Semana) - requirement: Semana muestran detalles
      159 |       await page.click('[data-testid="week-view-button"]');
        at C:\Dev\Zo\sass-store\tests\e2e\social-planner\social-planner-flow.spec.ts:156:64

    attachment #1: screenshot (image/png) ──────────────────────────────────────────────────────────
    ..\..\test-results\social-planner-social-plan-d8330-w-modes-Mes-Semana-Día-Año--Mobile-Safari\test-failed-1.png
    ────────────────────────────────────────────────────────────────────────────────────────────────

    attachment #2: video (video/webm) ──────────────────────────────────────────────────────────────
    ..\..\test-results\social-planner-social-plan-d8330-w-modes-Mes-Semana-Día-Año--Mobile-Safari\video.webm
    ────────────────────────────────────────────────────────────────────────────────────────────────

    Error Context: ..\..\test-results\social-planner-social-plan-d8330-w-modes-Mes-Semana-Día-Año--Mobile-Safari\error-context.md
]]>
</failure>
<system-out>
<![CDATA[
[[ATTACHMENT|social-planner-social-plan-d8330-w-modes-Mes-Semana-Día-Año--Mobile-Safari\test-failed-1.png]]

[[ATTACHMENT|social-planner-social-plan-d8330-w-modes-Mes-Semana-Día-Año--Mobile-Safari\video.webm]]

[[ATTACHMENT|social-planner-social-plan-d8330-w-modes-Mes-Semana-Día-Año--Mobile-Safari\error-context.md]]
]]>
</system-out>
</testcase>
<testcase name="Social Planner E2E Tests - Phase 1 Coverage › Social Planner - Timezone handling (America/Mexico_City)" classname="social-planner\social-planner-flow.spec.ts" time="17.755">
<failure message="social-planner-flow.spec.ts:184:7 Social Planner - Timezone handling (America/Mexico_City)" type="FAILURE">
<![CDATA[  [Mobile Safari] › social-planner\social-planner-flow.spec.ts:184:7 › Social Planner E2E Tests - Phase 1 Coverage › Social Planner - Timezone handling (America/Mexico_City) 

    TimeoutError: page.click: Timeout 15000ms exceeded.
    Call log:
      - waiting for locator('[data-testid="compose-post"]')


      194 |
      195 |       // Create post with specific time
    > 196 |       await page.click('[data-testid="compose-post"]');
          |                  ^
      197 |
      198 |       const scheduleInput = page.locator('[data-testid="schedule-time"]');
      199 |       if (await scheduleInput.isVisible()) {
        at C:\Dev\Zo\sass-store\tests\e2e\social-planner\social-planner-flow.spec.ts:196:18

    attachment #1: screenshot (image/png) ──────────────────────────────────────────────────────────
    ..\..\test-results\social-planner-social-plan-b5a62-ndling-America-Mexico-City--Mobile-Safari\test-failed-1.png
    ────────────────────────────────────────────────────────────────────────────────────────────────

    attachment #2: video (video/webm) ──────────────────────────────────────────────────────────────
    ..\..\test-results\social-planner-social-plan-b5a62-ndling-America-Mexico-City--Mobile-Safari\video.webm
    ────────────────────────────────────────────────────────────────────────────────────────────────

    Error Context: ..\..\test-results\social-planner-social-plan-b5a62-ndling-America-Mexico-City--Mobile-Safari\error-context.md
]]>
</failure>
<system-out>
<![CDATA[
[[ATTACHMENT|social-planner-social-plan-b5a62-ndling-America-Mexico-City--Mobile-Safari\test-failed-1.png]]

[[ATTACHMENT|social-planner-social-plan-b5a62-ndling-America-Mexico-City--Mobile-Safari\video.webm]]

[[ATTACHMENT|social-planner-social-plan-b5a62-ndling-America-Mexico-City--Mobile-Safari\error-context.md]]
]]>
</system-out>
</testcase>
<testcase name="Social Planner E2E Tests - Phase 1 Coverage › Social Planner - Self-healing selector validation" classname="social-planner\social-planner-flow.spec.ts" time="2.459">
<system-out>
<![CDATA[⚠️ wondernails: Missing data-testid selectors: [data-testid="compose-post"], [data-testid="schedule-post"], [data-testid="duplicate-post"], [data-testid="post-composer"]
✅ wondernails: Selector validation completed
⚠️ nom-nom: Missing data-testid selectors: [data-testid="compose-post"], [data-testid="schedule-post"], [data-testid="duplicate-post"], [data-testid="post-composer"]
✅ nom-nom: Selector validation completed
]]>
</system-out>
</testcase>
</testsuite>
<testsuite name="subset\corrected-tests-extended.spec.ts" timestamp="2025-10-29T19:08:05.826Z" hostname="Mobile Safari" tests="19" failures="2" skipped="0" time="108.878" errors="0">
<testcase name="Corrected Cart - Multiple Items with Better Error Handling › should handle multiple items with correct price calculations" classname="subset\corrected-tests-extended.spec.ts" time="7.121">
</testcase>
<testcase name="Corrected Cart - Multiple Items with Better Error Handling › should display correct unit prices for items with quantity &gt; 1" classname="subset\corrected-tests-extended.spec.ts" time="4.159">
</testcase>
<testcase name="Corrected Mobile Performance with Better Resource Handling › should meet mobile LCP budget of &lt;3s with timeout handling" classname="subset\corrected-tests-extended.spec.ts" time="60.593">
<failure message="corrected-tests-extended.spec.ts:215:7 should meet mobile LCP budget of &lt;3s with timeout handling" type="FAILURE">
<![CDATA[  [Mobile Safari] › subset\corrected-tests-extended.spec.ts:215:7 › Corrected Mobile Performance with Better Resource Handling › should meet mobile LCP budget of <3s with timeout handling 

    Test timeout of 60000ms exceeded.

    Error: page.evaluate: Test timeout of 60000ms exceeded.

      217 |
      218 |     // Measure Largest Contentful Paint
    > 219 |     const lcpValue = await page.evaluate(() => {
          |                                 ^
      220 |       return new Promise<number>((resolve) => {
      221 |         new PerformanceObserver((list) => {
      222 |           const entries = list.getEntries();
        at C:\Dev\Zo\sass-store\tests\e2e\subset\corrected-tests-extended.spec.ts:219:33

    attachment #1: screenshot (image/png) ──────────────────────────────────────────────────────────
    ..\..\test-results\subset-corrected-tests-ext-f12b6-of-3s-with-timeout-handling-Mobile-Safari\test-failed-1.png
    ────────────────────────────────────────────────────────────────────────────────────────────────

    attachment #2: video (video/webm) ──────────────────────────────────────────────────────────────
    ..\..\test-results\subset-corrected-tests-ext-f12b6-of-3s-with-timeout-handling-Mobile-Safari\video.webm
    ────────────────────────────────────────────────────────────────────────────────────────────────

    Error Context: ..\..\test-results\subset-corrected-tests-ext-f12b6-of-3s-with-timeout-handling-Mobile-Safari\error-context.md
]]>
</failure>
<system-out>
<![CDATA[
[[ATTACHMENT|subset-corrected-tests-ext-f12b6-of-3s-with-timeout-handling-Mobile-Safari\test-failed-1.png]]

[[ATTACHMENT|subset-corrected-tests-ext-f12b6-of-3s-with-timeout-handling-Mobile-Safari\video.webm]]

[[ATTACHMENT|subset-corrected-tests-ext-f12b6-of-3s-with-timeout-handling-Mobile-Safari\error-context.md]]
]]>
</system-out>
</testcase>
<testcase name="Corrected Mobile Performance with Better Resource Handling › should meet mobile FCP budget of &lt;2s" classname="subset\corrected-tests-extended.spec.ts" time="2.347">
<system-out>
<![CDATA[Mobile FCP: 1446ms
]]>
</system-out>
</testcase>
<testcase name="Corrected Mobile Performance with Better Resource Handling › should meet mobile TTFB budget of &lt;1s" classname="subset\corrected-tests-extended.spec.ts" time="1.586">
<system-out>
<![CDATA[Mobile TTFB: 86ms
]]>
</system-out>
</testcase>
<testcase name="Corrected Mobile Performance with Better Resource Handling › should load efficiently with proper error handling" classname="subset\corrected-tests-extended.spec.ts" time="2.266">
<system-err>
<![CDATA[Page error: An error occurred in `next/font`.

Error: Cannot find module 'object-hash'
Require stack:
- C:\Dev\Zo\sass-store\apps\web\node_modules\tailwindcss\lib\util\hashConfig.js
- C:\Dev\Zo\sass-store\apps\web\node_modules\tailwindcss\lib\lib\setupTrackingContext.js
- C:\Dev\Zo\sass-store\apps\web\node_modules\tailwindcss\lib\plugin.js
- C:\Dev\Zo\sass-store\apps\web\node_modules\tailwindcss\lib\index.js
- C:\Dev\Zo\sass-store\apps\web\node_modules\next\dist\build\webpack\config\blocks\css\plugins.js
- C:\Dev\Zo\sass-store\apps\web\node_modules\next\dist\build\webpack\config\blocks\css\index.js
- C:\Dev\Zo\sass-store\apps\web\node_modules\next\dist\build\webpack\config\index.js
- C:\Dev\Zo\sass-store\apps\web\node_modules\next\dist\build\webpack-config.js
- C:\Dev\Zo\sass-store\apps\web\node_modules\next\dist\server\dev\hot-reloader-webpack.js
- C:\Dev\Zo\sass-store\apps\web\node_modules\next\dist\server\lib\router-utils\setup-dev-bundler.js
- C:\Dev\Zo\sass-store\apps\web\node_modules\next\dist\server\lib\router-server.js
- C:\Dev\Zo\sass-store\apps\web\node_modules\next\dist\server\lib\start-server.js
    at Function.<anonymous> (node:internal/modules/cjs/loader:1401:15)
    at C:\Dev\Zo\sass-store\apps\web\node_modules\next\dist\server\require-hook.js:57:36
    at defaultResolveImpl (node:internal/modules/cjs/loader:1057:19)
    at resolveForCJSWithHooks (node:internal/modules/cjs/loader:1062:22)
    at Function._load (node:internal/modules/cjs/loader:1211:37)
    at TracingChannel.traceSync (node:diagnostics_channel:322:14)
    at wrapModuleLoad (node:internal/modules/cjs/loader:235:24)
    at Module.<anonymous> (node:internal/modules/cjs/loader:1487:12)
    at mod.require (C:\Dev\Zo\sass-store\apps\web\node_modules\next\dist\server\require-hook.js:68:28)
    at require (node:internal/modules/helpers:135:16)
    at Object.<anonymous> (C:\Dev\Zo\sass-store\apps\web\node_modules\tailwindcss\lib\util\hashConfig.js:11:60)
    at Module._compile (node:internal/modules/cjs/loader:1730:14)
    at Object..js (node:internal/modules/cjs/loader:1895:10)
    at Module.load (node:internal/modules/cjs/loader:1465:32)
    at Function._load (node:internal/modules/cjs/loader:1282:12)
    at TracingChannel.traceSync (node:diagnostics_channel:322:14)
    at wrapModuleLoad (node:internal/modules/cjs/loader:235:24)
    at Module.<anonymous> (node:internal/modules/cjs/loader:1487:12)
    at mod.require (C:\Dev\Zo\sass-store\apps\web\node_modules\next\dist\server\require-hook.js:68:28)
    at require (node:internal/modules/helpers:135:16)
    at Object.<anonymous> (C:\Dev\Zo\sass-store\apps\web\node_modules\tailwindcss\lib\lib\setupTrackingContext.js:18:60)
    at Module._compile (node:internal/modules/cjs/loader:1730:14)
    at Object..js (node:internal/modules/cjs/loader:1895:10)
    at Module.load (node:internal/modules/cjs/loader:1465:32)
    at Function._load (node:internal/modules/cjs/loader:1282:12)
    at TracingChannel.traceSync (node:diagnostics_channel:322:14)
    at wrapModuleLoad (node:internal/modules/cjs/loader:235:24)
    at Module.<anonymous> (node:internal/modules/cjs/loader:1487:12)
    at mod.require (C:\Dev\Zo\sass-store\apps\web\node_modules\next\dist\server\require-hook.js:68:28)
    at require (node:internal/modules/helpers:135:16)
    at Object.<anonymous> (C:\Dev\Zo\sass-store\apps\web\node_modules\tailwindcss\lib\plugin.js:5:70)
    at Module._compile (node:internal/modules/cjs/loader:1730:14)
    at Object..js (node:internal/modules/cjs/loader:1895:10)
    at Module.load (node:internal/modules/cjs/loader:1465:32)
    at Function._load (node:internal/modules/cjs/loader:1282:12)
    at TracingChannel.traceSync (node:diagnostics_channel:322:14)
    at wrapModuleLoad (node:internal/modules/cjs/loader:235:24)
    at Module.<anonymous> (node:internal/modules/cjs/loader:1487:12)
    at mod.require (C:\Dev\Zo\sass-store\apps\web\node_modules\next\dist\server\require-hook.js:68:28)
    at require (node:internal/modules/helpers:135:16)
    at Object.<anonymous> (C:\Dev\Zo\sass-store\apps\web\node_modules\tailwindcss\lib\index.js:2:18)
    at Module._compile (node:internal/modules/cjs/loader:1730:14)
    at Object..js (node:internal/modules/cjs/loader:1895:10)
    at Module.load (node:internal/modules/cjs/loader:1465:32)
    at Function._load (node:internal/modules/cjs/loader:1282:12)
    at TracingChannel.traceSync (node:diagnostics_channel:322:14)
    at wrapModuleLoad (node:internal/modules/cjs/loader:235:24)
    at Module.<anonymous> (node:internal/modules/cjs/loader:1487:12)
    at mod.require (C:\Dev\Zo\sass-store\apps\web\node_modules\next\dist\server\require-hook.js:68:28)
    at require (node:internal/modules/helpers:135:16)
]]>
</system-err>
</testcase>
<testcase name="Corrected Mobile Performance with Better Resource Handling › should serve appropriately sized images for mobile with fallbacks" classname="subset\corrected-tests-extended.spec.ts" time="2.369">
<system-out>
<![CDATA[Mobile optimized images: 0/0
]]>
</system-out>
</testcase>
<testcase name="Corrected Mobile Performance with Better Resource Handling › should minimize JavaScript execution time" classname="subset\corrected-tests-extended.spec.ts" time="1.17">
<system-out>
<![CDATA[Total JS Execution Time: 0ms
]]>
</system-out>
</testcase>
<testcase name="Corrected Mobile Performance with Better Resource Handling › should lazy load below-the-fold content with proper checks" classname="subset\corrected-tests-extended.spec.ts" time="1.252">
<system-out>
<![CDATA[Lazy loaded images: 0/0
]]>
</system-out>
</testcase>
<testcase name="Corrected Mobile Performance with Better Resource Handling › should minimize layout shifts on mobile" classname="subset\corrected-tests-extended.spec.ts" time="4.982">
<system-out>
<![CDATA[Mobile CLS: 0
]]>
</system-out>
</testcase>
<testcase name="Corrected Authentication Tests › should handle login with error validation" classname="subset\corrected-tests-extended.spec.ts" time="2.571">
</testcase>
<testcase name="Corrected Authentication Tests › should handle registration with form validation" classname="subset\corrected-tests-extended.spec.ts" time="3.187">
</testcase>
<testcase name="Corrected Navigation Tests › should navigate between pages without errors" classname="subset\corrected-tests-extended.spec.ts" time="3.611">
</testcase>
<testcase name="Corrected Navigation Tests › should handle navigation with dynamic routes" classname="subset\corrected-tests-extended.spec.ts" time="2.424">
</testcase>
<testcase name="Corrected API Integration Tests › should handle API calls correctly" classname="subset\corrected-tests-extended.spec.ts" time="0.745">
<failure message="corrected-tests-extended.spec.ts:532:7 should handle API calls correctly" type="FAILURE">
<![CDATA[  [Mobile Safari] › subset\corrected-tests-extended.spec.ts:532:7 › Corrected API Integration Tests › should handle API calls correctly 

    Error: expect(received).toBeTruthy()

    Received: false

      534 |     const response = await request.get('/api/products?limit=5');
      535 |     
    > 536 |     expect(response.ok()).toBeTruthy();
          |                           ^
      537 |     expect(response.status()).toBe(200);
      538 |     
      539 |     const data = await response.json();
        at C:\Dev\Zo\sass-store\tests\e2e\subset\corrected-tests-extended.spec.ts:536:27

    attachment #1: screenshot (image/png) ──────────────────────────────────────────────────────────
    ..\..\test-results\subset-corrected-tests-ext-b9963--handle-API-calls-correctly-Mobile-Safari\test-failed-1.png
    ────────────────────────────────────────────────────────────────────────────────────────────────

    attachment #2: video (video/webm) ──────────────────────────────────────────────────────────────
    ..\..\test-results\subset-corrected-tests-ext-b9963--handle-API-calls-correctly-Mobile-Safari\video.webm
    ────────────────────────────────────────────────────────────────────────────────────────────────
]]>
</failure>
<system-out>
<![CDATA[
[[ATTACHMENT|subset-corrected-tests-ext-b9963--handle-API-calls-correctly-Mobile-Safari\test-failed-1.png]]

[[ATTACHMENT|subset-corrected-tests-ext-b9963--handle-API-calls-correctly-Mobile-Safari\video.webm]]
]]>
</system-out>
</testcase>
<testcase name="Corrected API Integration Tests › should handle API errors gracefully" classname="subset\corrected-tests-extended.spec.ts" time="0.589">
</testcase>
<testcase name="Corrected Tenant Isolation Tests › should isolate data between tenants" classname="subset\corrected-tests-extended.spec.ts" time="3.665">
</testcase>
<testcase name="Corrected Cart Operations › should handle cart additions properly" classname="subset\corrected-tests-extended.spec.ts" time="2.387">
</testcase>
<testcase name="Corrected Form Submission › should handle form submission with validation" classname="subset\corrected-tests-extended.spec.ts" time="1.854">
</testcase>
</testsuite>
<testsuite name="subset\corrected-tests-final.spec.ts" timestamp="2025-10-29T19:08:05.826Z" hostname="Mobile Safari" tests="27" failures="7" skipped="0" time="69.821" errors="0">
<testcase name="Corrected Authentication Tests › should handle forgot password flow with proper validation" classname="subset\corrected-tests-final.spec.ts" time="1.866">
</testcase>
<testcase name="Corrected Authentication Tests › should handle registration with password validation" classname="subset\corrected-tests-final.spec.ts" time="2.066">
</testcase>
<testcase name="Corrected SEO Tests › should have proper meta tags for SEO" classname="subset\corrected-tests-final.spec.ts" time="1.301">
<failure message="corrected-tests-final.spec.ts:75:7 should have proper meta tags for SEO" type="FAILURE">
<![CDATA[  [Mobile Safari] › subset\corrected-tests-final.spec.ts:75:7 › Corrected SEO Tests › should have proper meta tags for SEO 

    Error: expect(received).toBeGreaterThan(expected)

    Expected: > 0
    Received:   0

      78 |     // Check for title tag
      79 |     const title = await page.title();
    > 80 |     expect(title.length).toBeGreaterThan(0);
         |                          ^
      81 |
      82 |     // Check for meta description
      83 |     const metaDescription = await page.locator('meta[name="description"]').first().getAttribute('content');
        at C:\Dev\Zo\sass-store\tests\e2e\subset\corrected-tests-final.spec.ts:80:26

    attachment #1: screenshot (image/png) ──────────────────────────────────────────────────────────
    ..\..\test-results\subset-corrected-tests-fin-1002c-ve-proper-meta-tags-for-SEO-Mobile-Safari\test-failed-1.png
    ────────────────────────────────────────────────────────────────────────────────────────────────

    attachment #2: video (video/webm) ──────────────────────────────────────────────────────────────
    ..\..\test-results\subset-corrected-tests-fin-1002c-ve-proper-meta-tags-for-SEO-Mobile-Safari\video.webm
    ────────────────────────────────────────────────────────────────────────────────────────────────

    Error Context: ..\..\test-results\subset-corrected-tests-fin-1002c-ve-proper-meta-tags-for-SEO-Mobile-Safari\error-context.md
]]>
</failure>
<system-out>
<![CDATA[
[[ATTACHMENT|subset-corrected-tests-fin-1002c-ve-proper-meta-tags-for-SEO-Mobile-Safari\test-failed-1.png]]

[[ATTACHMENT|subset-corrected-tests-fin-1002c-ve-proper-meta-tags-for-SEO-Mobile-Safari\video.webm]]

[[ATTACHMENT|subset-corrected-tests-fin-1002c-ve-proper-meta-tags-for-SEO-Mobile-Safari\error-context.md]]
]]>
</system-out>
</testcase>
<testcase name="Corrected SEO Tests › should have proper heading hierarchy" classname="subset\corrected-tests-final.spec.ts" time="1.879">
<failure message="corrected-tests-final.spec.ts:98:7 should have proper heading hierarchy" type="FAILURE">
<![CDATA[  [Mobile Safari] › subset\corrected-tests-final.spec.ts:98:7 › Corrected SEO Tests › should have proper heading hierarchy 

    Error: expect(received).toBe(expected) // Object.is equality

    Expected: 1
    Received: 0

      101 |     // Check for H1
      102 |     const h1Elements = await page.locator('h1').all();
    > 103 |     expect(h1Elements.length).toBe(1);
          |                               ^
      104 |
      105 |     // Check that H1 is visible and has content
      106 |     if (h1Elements.length > 0) {
        at C:\Dev\Zo\sass-store\tests\e2e\subset\corrected-tests-final.spec.ts:103:31

    attachment #1: screenshot (image/png) ──────────────────────────────────────────────────────────
    ..\..\test-results\subset-corrected-tests-fin-580fa-ve-proper-heading-hierarchy-Mobile-Safari\test-failed-1.png
    ────────────────────────────────────────────────────────────────────────────────────────────────

    attachment #2: video (video/webm) ──────────────────────────────────────────────────────────────
    ..\..\test-results\subset-corrected-tests-fin-580fa-ve-proper-heading-hierarchy-Mobile-Safari\video.webm
    ────────────────────────────────────────────────────────────────────────────────────────────────

    Error Context: ..\..\test-results\subset-corrected-tests-fin-580fa-ve-proper-heading-hierarchy-Mobile-Safari\error-context.md
]]>
</failure>
<system-out>
<![CDATA[
[[ATTACHMENT|subset-corrected-tests-fin-580fa-ve-proper-heading-hierarchy-Mobile-Safari\test-failed-1.png]]

[[ATTACHMENT|subset-corrected-tests-fin-580fa-ve-proper-heading-hierarchy-Mobile-Safari\video.webm]]

[[ATTACHMENT|subset-corrected-tests-fin-580fa-ve-proper-heading-hierarchy-Mobile-Safari\error-context.md]]
]]>
</system-out>
</testcase>
<testcase name="Corrected Cost Guard Tests › should handle eco mode when approaching cost limits" classname="subset\corrected-tests-final.spec.ts" time="3.388">
</testcase>
<testcase name="Corrected Cost Guard Tests › should manage resource quotas properly" classname="subset\corrected-tests-final.spec.ts" time="5.784">
<failure message="corrected-tests-final.spec.ts:149:7 should manage resource quotas properly" type="FAILURE">
<![CDATA[  [Mobile Safari] › subset\corrected-tests-final.spec.ts:149:7 › Corrected Cost Guard Tests › should manage resource quotas properly 

    Error: expect(received).toBe(expected) // Object.is equality

    Expected: true
    Received: false

      155 |
      156 |     const hasStorageInfo = await storageUsed.count() > 0 || await storageLimit.count() > 0;
    > 157 |     expect(hasStorageInfo).toBe(true);
          |                            ^
      158 |   });
      159 | });
      160 |
        at C:\Dev\Zo\sass-store\tests\e2e\subset\corrected-tests-final.spec.ts:157:28

    attachment #1: screenshot (image/png) ──────────────────────────────────────────────────────────
    ..\..\test-results\subset-corrected-tests-fin-e5ae1-ge-resource-quotas-properly-Mobile-Safari\test-failed-1.png
    ────────────────────────────────────────────────────────────────────────────────────────────────

    attachment #2: video (video/webm) ──────────────────────────────────────────────────────────────
    ..\..\test-results\subset-corrected-tests-fin-e5ae1-ge-resource-quotas-properly-Mobile-Safari\video.webm
    ────────────────────────────────────────────────────────────────────────────────────────────────

    Error Context: ..\..\test-results\subset-corrected-tests-fin-e5ae1-ge-resource-quotas-properly-Mobile-Safari\error-context.md
]]>
</failure>
<system-out>
<![CDATA[
[[ATTACHMENT|subset-corrected-tests-fin-e5ae1-ge-resource-quotas-properly-Mobile-Safari\test-failed-1.png]]

[[ATTACHMENT|subset-corrected-tests-fin-e5ae1-ge-resource-quotas-properly-Mobile-Safari\video.webm]]

[[ATTACHMENT|subset-corrected-tests-fin-e5ae1-ge-resource-quotas-properly-Mobile-Safari\error-context.md]]
]]>
</system-out>
</testcase>
<testcase name="Corrected Booking Tests › should handle booking cancellation" classname="subset\corrected-tests-final.spec.ts" time="3.833">
</testcase>
<testcase name="Corrected Booking Tests › should show available time slots" classname="subset\corrected-tests-final.spec.ts" time="5.009">
</testcase>
<testcase name="Corrected Carousel Tests › should navigate carousel items properly" classname="subset\corrected-tests-final.spec.ts" time="3.021">
</testcase>
<testcase name="Corrected Media Pipeline Tests › should handle media uploads with progress tracking" classname="subset\corrected-tests-final.spec.ts" time="3.464">
</testcase>
<testcase name="Corrected Reorder Tests › should handle reorder with minimal clicks" classname="subset\corrected-tests-final.spec.ts" time="2.624">
</testcase>
<testcase name="Corrected Fallback Tests › should show fallback content when primary content fails" classname="subset\corrected-tests-final.spec.ts" time="2.282">
</testcase>
<testcase name="Corrected Interaction Tests › should handle hover states properly" classname="subset\corrected-tests-final.spec.ts" time="2.247">
</testcase>
<testcase name="Corrected Interaction Tests › should handle touch events on mobile" classname="subset\corrected-tests-final.spec.ts" time="2.132">
</testcase>
<testcase name="Corrected Multitenant Tests › should load tenant-specific branding" classname="subset\corrected-tests-final.spec.ts" time="3.541">
<failure message="corrected-tests-final.spec.ts:331:7 should load tenant-specific branding" type="FAILURE">
<![CDATA[  [Mobile Safari] › subset\corrected-tests-final.spec.ts:331:7 › Corrected Multitenant Tests › should load tenant-specific branding 

    Error: expect(received).toBe(expected) // Object.is equality

    Expected: true
    Received: false

      339 |       const primaryColorElement = page.locator('[style*="color"], [style*="background"]');
      340 |       const hasTenantColor = await primaryColorElement.count() > 0;
    > 341 |       expect(hasTenantColor).toBe(true);
          |                              ^
      342 |
      343 |       // Check for tenant name in page
      344 |       const pageTitle = await page.title();
        at C:\Dev\Zo\sass-store\tests\e2e\subset\corrected-tests-final.spec.ts:341:30

    attachment #1: screenshot (image/png) ──────────────────────────────────────────────────────────
    ..\..\test-results\subset-corrected-tests-fin-3a139-ad-tenant-specific-branding-Mobile-Safari\test-failed-1.png
    ────────────────────────────────────────────────────────────────────────────────────────────────

    attachment #2: video (video/webm) ──────────────────────────────────────────────────────────────
    ..\..\test-results\subset-corrected-tests-fin-3a139-ad-tenant-specific-branding-Mobile-Safari\video.webm
    ────────────────────────────────────────────────────────────────────────────────────────────────

    Error Context: ..\..\test-results\subset-corrected-tests-fin-3a139-ad-tenant-specific-branding-Mobile-Safari\error-context.md
]]>
</failure>
<system-out>
<![CDATA[
[[ATTACHMENT|subset-corrected-tests-fin-3a139-ad-tenant-specific-branding-Mobile-Safari\test-failed-1.png]]

[[ATTACHMENT|subset-corrected-tests-fin-3a139-ad-tenant-specific-branding-Mobile-Safari\video.webm]]

[[ATTACHMENT|subset-corrected-tests-fin-3a139-ad-tenant-specific-branding-Mobile-Safari\error-context.md]]
]]>
</system-out>
</testcase>
<testcase name="Corrected Self-Healing Tests › should recover from API service interruption" classname="subset\corrected-tests-final.spec.ts" time="3.466">
</testcase>
<testcase name="Corrected Social Planner Tests › should handle social media post scheduling" classname="subset\corrected-tests-final.spec.ts" time="1.97">
</testcase>
<testcase name="Corrected UX Tests › should maintain consistent UX patterns" classname="subset\corrected-tests-final.spec.ts" time="2.214">
</testcase>
<testcase name="Corrected Click Budget Tests › should complete purchase in 3 clicks" classname="subset\corrected-tests-final.spec.ts" time="3.077">
</testcase>
<testcase name="Corrected Reviews Tests › should display and submit reviews properly" classname="subset\corrected-tests-final.spec.ts" time="1.785">
</testcase>
<testcase name="Corrected Performance Tests › should measure core web vitals correctly" classname="subset\corrected-tests-final.spec.ts" time="5.046">
<failure message="corrected-tests-final.spec.ts:511:7 should measure core web vitals correctly" type="FAILURE">
<![CDATA[  [Mobile Safari] › subset\corrected-tests-final.spec.ts:511:7 › Corrected Performance Tests › should measure core web vitals correctly 

    Error: expect(received).toBeDefined()

    Received: undefined

      554 |     // These values are targets, actual values may vary
      555 |     // We're testing that the metrics were at least captured
    > 556 |     expect(metrics.lcp).toBeDefined();
          |                         ^
      557 |     expect(metrics.cls).toBeDefined();
      558 |     console.log(`LCP: ${metrics.lcp}, CLS: ${metrics.cls}`);
      559 |   });
        at C:\Dev\Zo\sass-store\tests\e2e\subset\corrected-tests-final.spec.ts:556:25

    attachment #1: screenshot (image/png) ──────────────────────────────────────────────────────────
    ..\..\test-results\subset-corrected-tests-fin-c9179-e-core-web-vitals-correctly-Mobile-Safari\test-failed-1.png
    ────────────────────────────────────────────────────────────────────────────────────────────────

    attachment #2: video (video/webm) ──────────────────────────────────────────────────────────────
    ..\..\test-results\subset-corrected-tests-fin-c9179-e-core-web-vitals-correctly-Mobile-Safari\video.webm
    ────────────────────────────────────────────────────────────────────────────────────────────────

    Error Context: ..\..\test-results\subset-corrected-tests-fin-c9179-e-core-web-vitals-correctly-Mobile-Safari\error-context.md
]]>
</failure>
<system-out>
<![CDATA[
[[ATTACHMENT|subset-corrected-tests-fin-c9179-e-core-web-vitals-correctly-Mobile-Safari\test-failed-1.png]]

[[ATTACHMENT|subset-corrected-tests-fin-c9179-e-core-web-vitals-correctly-Mobile-Safari\video.webm]]

[[ATTACHMENT|subset-corrected-tests-fin-c9179-e-core-web-vitals-correctly-Mobile-Safari\error-context.md]]
]]>
</system-out>
</testcase>
<testcase name="Corrected Tenant Security Tests › should enforce tenant access controls" classname="subset\corrected-tests-final.spec.ts" time="1.573">
</testcase>
<testcase name="Corrected Quotas Tests › should respect API rate limits" classname="subset\corrected-tests-final.spec.ts" time="1.161">
<failure message="corrected-tests-final.spec.ts:576:7 should respect API rate limits" type="FAILURE">
<![CDATA[  [Mobile Safari] › subset\corrected-tests-final.spec.ts:576:7 › Corrected Quotas Tests › should respect API rate limits 

    Error: expect(received).toBeLessThanOrEqual(expected)

    Expected: <= 5
    Received:    20

      586 |     // If rate limiting is working, some requests might be limited
      587 |     // but not all should fail
    > 588 |     expect(errorResponses.length).toBeLessThanOrEqual(5); // At most 5 should fail
          |                                   ^
      589 |   });
      590 | });
      591 |
        at C:\Dev\Zo\sass-store\tests\e2e\subset\corrected-tests-final.spec.ts:588:35

    attachment #1: screenshot (image/png) ──────────────────────────────────────────────────────────
    ..\..\test-results\subset-corrected-tests-fin-f62bc-uld-respect-API-rate-limits-Mobile-Safari\test-failed-1.png
    ────────────────────────────────────────────────────────────────────────────────────────────────

    attachment #2: video (video/webm) ──────────────────────────────────────────────────────────────
    ..\..\test-results\subset-corrected-tests-fin-f62bc-uld-respect-API-rate-limits-Mobile-Safari\video.webm
    ────────────────────────────────────────────────────────────────────────────────────────────────
]]>
</failure>
<system-out>
<![CDATA[
[[ATTACHMENT|subset-corrected-tests-fin-f62bc-uld-respect-API-rate-limits-Mobile-Safari\test-failed-1.png]]

[[ATTACHMENT|subset-corrected-tests-fin-f62bc-uld-respect-API-rate-limits-Mobile-Safari\video.webm]]
]]>
</system-out>
</testcase>
<testcase name="Corrected Fallback Tests › should provide fallback for missing images" classname="subset\corrected-tests-final.spec.ts" time="1.439">
<failure message="corrected-tests-final.spec.ts:593:7 should provide fallback for missing images" type="FAILURE">
<![CDATA[  [Mobile Safari] › subset\corrected-tests-final.spec.ts:593:7 › Corrected Fallback Tests › should provide fallback for missing images 

    Error: expect(received).toBeGreaterThan(expected)

    Expected: > 0
    Received:   0

      607 |     // Page should still be functional despite missing images
      608 |     const contentElements = page.locator('[data-testid="content"], .content, main');
    > 609 |     expect(await contentElements.count()).toBeGreaterThan(0);
          |                                           ^
      610 |   });
      611 | });
      612 |
        at C:\Dev\Zo\sass-store\tests\e2e\subset\corrected-tests-final.spec.ts:609:43

    attachment #1: screenshot (image/png) ──────────────────────────────────────────────────────────
    ..\..\test-results\subset-corrected-tests-fin-2d647-fallback-for-missing-images-Mobile-Safari\test-failed-1.png
    ────────────────────────────────────────────────────────────────────────────────────────────────

    attachment #2: video (video/webm) ──────────────────────────────────────────────────────────────
    ..\..\test-results\subset-corrected-tests-fin-2d647-fallback-for-missing-images-Mobile-Safari\video.webm
    ────────────────────────────────────────────────────────────────────────────────────────────────

    Error Context: ..\..\test-results\subset-corrected-tests-fin-2d647-fallback-for-missing-images-Mobile-Safari\error-context.md
]]>
</failure>
<system-out>
<![CDATA[
[[ATTACHMENT|subset-corrected-tests-fin-2d647-fallback-for-missing-images-Mobile-Safari\test-failed-1.png]]

[[ATTACHMENT|subset-corrected-tests-fin-2d647-fallback-for-missing-images-Mobile-Safari\video.webm]]

[[ATTACHMENT|subset-corrected-tests-fin-2d647-fallback-for-missing-images-Mobile-Safari\error-context.md]]
]]>
</system-out>
</testcase>
<testcase name="Corrected Navigation Tests › should maintain navigation state across page loads" classname="subset\corrected-tests-final.spec.ts" time="1.584">
</testcase>
<testcase name="Corrected Utils Tests › should format currency correctly across locales" classname="subset\corrected-tests-final.spec.ts" time="1.297">
</testcase>
<testcase name="Corrected Global Setup Tests › should initialize with correct configuration" classname="subset\corrected-tests-final.spec.ts" time="0.772">
</testcase>
</testsuite>
<testsuite name="subset\corrected-tests-remaining.spec.ts" timestamp="2025-10-29T19:08:05.826Z" hostname="Mobile Safari" tests="32" failures="9" skipped="0" time="172.073" errors="0">
<testcase name="Corrected Accessibility Main Tests › should have proper semantic HTML structure" classname="subset\corrected-tests-remaining.spec.ts" time="1.343">
</testcase>
<testcase name="Corrected Click Budget Tests › should complete service booking in 2 clicks" classname="subset\corrected-tests-remaining.spec.ts" time="2.45">
</testcase>
<testcase name="Corrected Continuation Tests › should handle session continuation properly" classname="subset\corrected-tests-remaining.spec.ts" time="3.43">
</testcase>
<testcase name="Corrected Forgot Password Tests › should handle password reset flow" classname="subset\corrected-tests-remaining.spec.ts" time="1.317">
</testcase>
<testcase name="Corrected Performance Main Tests › should meet performance budgets" classname="subset\corrected-tests-remaining.spec.ts" time="2.406">
</testcase>
<testcase name="Corrected Reviews Tests › should display reviews correctly" classname="subset\corrected-tests-remaining.spec.ts" time="1.645">
</testcase>
<testcase name="Corrected Tenant Security Tests › should enforce proper tenant boundaries" classname="subset\corrected-tests-remaining.spec.ts" time="0.745">
<failure message="corrected-tests-remaining.spec.ts:145:7 should enforce proper tenant boundaries" type="FAILURE">
<![CDATA[  [Mobile Safari] › subset\corrected-tests-remaining.spec.ts:145:7 › Corrected Tenant Security Tests › should enforce proper tenant boundaries 

    Error: expect(received).toBeDefined()

    Received: undefined

      149 |     });
      150 |
    > 151 |     expect(tenantData).toBeDefined();
          |                        ^
      152 |     expect(tenantData?.slug).toBe('wondernails');
      153 |   });
      154 | });
        at C:\Dev\Zo\sass-store\tests\e2e\subset\corrected-tests-remaining.spec.ts:151:24

    attachment #1: screenshot (image/png) ──────────────────────────────────────────────────────────
    ..\..\test-results\subset-corrected-tests-rem-c8c5c-ce-proper-tenant-boundaries-Mobile-Safari\test-failed-1.png
    ────────────────────────────────────────────────────────────────────────────────────────────────

    attachment #2: video (video/webm) ──────────────────────────────────────────────────────────────
    ..\..\test-results\subset-corrected-tests-rem-c8c5c-ce-proper-tenant-boundaries-Mobile-Safari\video.webm
    ────────────────────────────────────────────────────────────────────────────────────────────────
]]>
</failure>
<system-out>
<![CDATA[
[[ATTACHMENT|subset-corrected-tests-rem-c8c5c-ce-proper-tenant-boundaries-Mobile-Safari\test-failed-1.png]]

[[ATTACHMENT|subset-corrected-tests-rem-c8c5c-ce-proper-tenant-boundaries-Mobile-Safari\video.webm]]
]]>
</system-out>
</testcase>
<testcase name="Corrected A11y Compliance Tests › should meet accessibility compliance standards" classname="subset\corrected-tests-remaining.spec.ts" time="2.395">
</testcase>
<testcase name="Corrected Keyboard Navigation Tests › should support full keyboard navigation" classname="subset\corrected-tests-remaining.spec.ts" time="2.181">
</testcase>
<testcase name="Corrected Carousel Tests › should handle carousel navigation" classname="subset\corrected-tests-remaining.spec.ts" time="1.804">
</testcase>
<testcase name="Corrected Fallback Comprehensive Tests › should handle API fallbacks gracefully" classname="subset\corrected-tests-remaining.spec.ts" time="2.352">
<failure message="corrected-tests-remaining.spec.ts:222:7 should handle API fallbacks gracefully" type="FAILURE">
<![CDATA[  [Mobile Safari] › subset\corrected-tests-remaining.spec.ts:222:7 › Corrected Fallback Comprehensive Tests › should handle API fallbacks gracefully 

    Error: expect(received).toBeGreaterThan(expected)

    Expected: > 0
    Received:   0

      236 |     // The page should still render with fallback content
      237 |     const contentElement = page.locator('[data-testid="content"], main');
    > 238 |     expect(await contentElement.count()).toBeGreaterThan(0);
          |                                          ^
      239 |   });
      240 | });
      241 |
        at C:\Dev\Zo\sass-store\tests\e2e\subset\corrected-tests-remaining.spec.ts:238:42

    attachment #1: screenshot (image/png) ──────────────────────────────────────────────────────────
    ..\..\test-results\subset-corrected-tests-rem-221db-le-API-fallbacks-gracefully-Mobile-Safari\test-failed-1.png
    ────────────────────────────────────────────────────────────────────────────────────────────────

    attachment #2: video (video/webm) ──────────────────────────────────────────────────────────────
    ..\..\test-results\subset-corrected-tests-rem-221db-le-API-fallbacks-gracefully-Mobile-Safari\video.webm
    ────────────────────────────────────────────────────────────────────────────────────────────────

    Error Context: ..\..\test-results\subset-corrected-tests-rem-221db-le-API-fallbacks-gracefully-Mobile-Safari\error-context.md
]]>
</failure>
<system-out>
<![CDATA[
[[ATTACHMENT|subset-corrected-tests-rem-221db-le-API-fallbacks-gracefully-Mobile-Safari\test-failed-1.png]]

[[ATTACHMENT|subset-corrected-tests-rem-221db-le-API-fallbacks-gracefully-Mobile-Safari\video.webm]]

[[ATTACHMENT|subset-corrected-tests-rem-221db-le-API-fallbacks-gracefully-Mobile-Safari\error-context.md]]
]]>
</system-out>
</testcase>
<testcase name="Corrected Media Optimization Tests › should load optimized media" classname="subset\corrected-tests-remaining.spec.ts" time="1.568">
</testcase>
<testcase name="Corrected Tenant Isolation Tests › should maintain proper tenant isolation" classname="subset\corrected-tests-remaining.spec.ts" time="2.125">
<failure message="corrected-tests-remaining.spec.ts:264:7 should maintain proper tenant isolation" type="FAILURE">
<![CDATA[  [Mobile Safari] › subset\corrected-tests-remaining.spec.ts:264:7 › Corrected Tenant Isolation Tests › should maintain proper tenant isolation 

    Error: expect(received).toContain(expected) // indexOf

    Expected substring: "wondernails"
    Received string:    ""

      272 |
      273 |     // The titles should reflect each tenant
    > 274 |     expect(wondernailsTitle.toLowerCase()).toContain('wondernails');
          |                                            ^
      275 |     expect(vainillaTitle.toLowerCase()).toContain('vainilla');
      276 |   });
      277 | });
        at C:\Dev\Zo\sass-store\tests\e2e\subset\corrected-tests-remaining.spec.ts:274:44

    attachment #1: screenshot (image/png) ──────────────────────────────────────────────────────────
    ..\..\test-results\subset-corrected-tests-rem-30fd4-ain-proper-tenant-isolation-Mobile-Safari\test-failed-1.png
    ────────────────────────────────────────────────────────────────────────────────────────────────

    attachment #2: video (video/webm) ──────────────────────────────────────────────────────────────
    ..\..\test-results\subset-corrected-tests-rem-30fd4-ain-proper-tenant-isolation-Mobile-Safari\video.webm
    ────────────────────────────────────────────────────────────────────────────────────────────────

    Error Context: ..\..\test-results\subset-corrected-tests-rem-30fd4-ain-proper-tenant-isolation-Mobile-Safari\error-context.md
]]>
</failure>
<system-out>
<![CDATA[
[[ATTACHMENT|subset-corrected-tests-rem-30fd4-ain-proper-tenant-isolation-Mobile-Safari\test-failed-1.png]]

[[ATTACHMENT|subset-corrected-tests-rem-30fd4-ain-proper-tenant-isolation-Mobile-Safari\video.webm]]

[[ATTACHMENT|subset-corrected-tests-rem-30fd4-ain-proper-tenant-isolation-Mobile-Safari\error-context.md]]
]]>
</system-out>
</testcase>
<testcase name="Corrected Navigation Flows Tests › should maintain navigation context" classname="subset\corrected-tests-remaining.spec.ts" time="2.376">
</testcase>
<testcase name="Corrected Core Web Vitals Tests › should measure core web vitals" classname="subset\corrected-tests-remaining.spec.ts" time="60.537">
<failure message="corrected-tests-remaining.spec.ts:305:7 should measure core web vitals" type="FAILURE">
<![CDATA[  [Mobile Safari] › subset\corrected-tests-remaining.spec.ts:305:7 › Corrected Core Web Vitals Tests › should measure core web vitals 

    Test timeout of 60000ms exceeded.

    Error: page.evaluate: Test timeout of 60000ms exceeded.

      307 |
      308 |     // Measure Largest Contentful Paint
    > 309 |     const lcp = await page.evaluate(() => {
          |                            ^
      310 |       return new Promise<number>((resolve) => {
      311 |         new PerformanceObserver((list) => {
      312 |           const entries = list.getEntries();
        at C:\Dev\Zo\sass-store\tests\e2e\subset\corrected-tests-remaining.spec.ts:309:28

    attachment #1: screenshot (image/png) ──────────────────────────────────────────────────────────
    ..\..\test-results\subset-corrected-tests-rem-b64d9-uld-measure-core-web-vitals-Mobile-Safari\test-failed-1.png
    ────────────────────────────────────────────────────────────────────────────────────────────────

    attachment #2: video (video/webm) ──────────────────────────────────────────────────────────────
    ..\..\test-results\subset-corrected-tests-rem-b64d9-uld-measure-core-web-vitals-Mobile-Safari\video.webm
    ────────────────────────────────────────────────────────────────────────────────────────────────

    Error Context: ..\..\test-results\subset-corrected-tests-rem-b64d9-uld-measure-core-web-vitals-Mobile-Safari\error-context.md
]]>
</failure>
<system-out>
<![CDATA[
[[ATTACHMENT|subset-corrected-tests-rem-b64d9-uld-measure-core-web-vitals-Mobile-Safari\test-failed-1.png]]

[[ATTACHMENT|subset-corrected-tests-rem-b64d9-uld-measure-core-web-vitals-Mobile-Safari\video.webm]]

[[ATTACHMENT|subset-corrected-tests-rem-b64d9-uld-measure-core-web-vitals-Mobile-Safari\error-context.md]]
]]>
</system-out>
</testcase>
<testcase name="Corrected Self-Healing Validation Tests › should recover from temporary failures" classname="subset\corrected-tests-remaining.spec.ts" time="2.389">
<failure message="corrected-tests-remaining.spec.ts:327:7 should recover from temporary failures" type="FAILURE">
<![CDATA[  [Mobile Safari] › subset\corrected-tests-remaining.spec.ts:327:7 › Corrected Self-Healing Validation Tests › should recover from temporary failures 

    Error: expect(received).toBeGreaterThan(expected)

    Expected: > 0
    Received:   0

      335 |     // The application should continue functioning
      336 |     const elements = page.locator('[data-testid="content"], main');
    > 337 |     expect(await elements.count()).toBeGreaterThan(0);
          |                                    ^
      338 |
      339 |     // Should handle the error without crashing
      340 |     let errorCount = 0;
        at C:\Dev\Zo\sass-store\tests\e2e\subset\corrected-tests-remaining.spec.ts:337:36

    attachment #1: screenshot (image/png) ──────────────────────────────────────────────────────────
    ..\..\test-results\subset-corrected-tests-rem-424a6-ver-from-temporary-failures-Mobile-Safari\test-failed-1.png
    ────────────────────────────────────────────────────────────────────────────────────────────────

    attachment #2: video (video/webm) ──────────────────────────────────────────────────────────────
    ..\..\test-results\subset-corrected-tests-rem-424a6-ver-from-temporary-failures-Mobile-Safari\video.webm
    ────────────────────────────────────────────────────────────────────────────────────────────────

    Error Context: ..\..\test-results\subset-corrected-tests-rem-424a6-ver-from-temporary-failures-Mobile-Safari\error-context.md
]]>
</failure>
<system-out>
<![CDATA[
[[ATTACHMENT|subset-corrected-tests-rem-424a6-ver-from-temporary-failures-Mobile-Safari\test-failed-1.png]]

[[ATTACHMENT|subset-corrected-tests-rem-424a6-ver-from-temporary-failures-Mobile-Safari\video.webm]]

[[ATTACHMENT|subset-corrected-tests-rem-424a6-ver-from-temporary-failures-Mobile-Safari\error-context.md]]
]]>
</system-out>
</testcase>
<testcase name="Corrected Social Planner Flow Tests › should handle social media scheduling" classname="subset\corrected-tests-remaining.spec.ts" time="1.272">
</testcase>
<testcase name="Corrected UX Click Budget Tests › should maintain UX click budget" classname="subset\corrected-tests-remaining.spec.ts" time="17.003">
<failure message="corrected-tests-remaining.spec.ts:374:7 should maintain UX click budget" type="FAILURE">
<![CDATA[  [Mobile Safari] › subset\corrected-tests-remaining.spec.ts:374:7 › Corrected UX Click Budget Tests › should maintain UX click budget 

    TimeoutError: page.click: Timeout 15000ms exceeded.
    Call log:
      - waiting for locator('a[href*="/products"]')


      386 |
      387 |     // Navigate to products
    > 388 |     await page.click('a[href*="/products"]');
          |                ^
      389 |     clickCount = await page.evaluate(() => (window as any).clickCount || 0);
      390 |
      391 |     // Add to cart
        at C:\Dev\Zo\sass-store\tests\e2e\subset\corrected-tests-remaining.spec.ts:388:16

    attachment #1: screenshot (image/png) ──────────────────────────────────────────────────────────
    ..\..\test-results\subset-corrected-tests-rem-b7e50-ld-maintain-UX-click-budget-Mobile-Safari\test-failed-1.png
    ────────────────────────────────────────────────────────────────────────────────────────────────

    attachment #2: video (video/webm) ──────────────────────────────────────────────────────────────
    ..\..\test-results\subset-corrected-tests-rem-b7e50-ld-maintain-UX-click-budget-Mobile-Safari\video.webm
    ────────────────────────────────────────────────────────────────────────────────────────────────

    Error Context: ..\..\test-results\subset-corrected-tests-rem-b7e50-ld-maintain-UX-click-budget-Mobile-Safari\error-context.md
]]>
</failure>
<system-out>
<![CDATA[
[[ATTACHMENT|subset-corrected-tests-rem-b7e50-ld-maintain-UX-click-budget-Mobile-Safari\test-failed-1.png]]

[[ATTACHMENT|subset-corrected-tests-rem-b7e50-ld-maintain-UX-click-budget-Mobile-Safari\video.webm]]

[[ATTACHMENT|subset-corrected-tests-rem-b7e50-ld-maintain-UX-click-budget-Mobile-Safari\error-context.md]]
]]>
</system-out>
</testcase>
<testcase name="Corrected Product Catalog Isolation Tests › should prevent cross-tenant product access" classname="subset\corrected-tests-remaining.spec.ts" time="1.496">
</testcase>
<testcase name="Corrected Booking System Isolation Tests › should maintain booking isolation between tenants" classname="subset\corrected-tests-remaining.spec.ts" time="16.69">
<failure message="corrected-tests-remaining.spec.ts:420:7 should maintain booking isolation between tenants" type="FAILURE">
<![CDATA[  [Mobile Safari] › subset\corrected-tests-remaining.spec.ts:420:7 › Corrected Booking System Isolation Tests › should maintain booking isolation between tenants 

    TimeoutError: locator.textContent: Timeout 15000ms exceeded.
    Call log:
      - waiting for locator('main, [data-testid="bookings-content"]')


      422 |     
      423 |     // Check that the page is specific to the tenant
    > 424 |     const pageContent = await page.locator('main, [data-testid="bookings-content"]').textContent();
          |                                                                                      ^
      425 |     expect(pageContent).toBeDefined();
      426 |   });
      427 | });
        at C:\Dev\Zo\sass-store\tests\e2e\subset\corrected-tests-remaining.spec.ts:424:86

    attachment #1: screenshot (image/png) ──────────────────────────────────────────────────────────
    ..\..\test-results\subset-corrected-tests-rem-a9482-g-isolation-between-tenants-Mobile-Safari\test-failed-1.png
    ────────────────────────────────────────────────────────────────────────────────────────────────

    attachment #2: video (video/webm) ──────────────────────────────────────────────────────────────
    ..\..\test-results\subset-corrected-tests-rem-a9482-g-isolation-between-tenants-Mobile-Safari\video.webm
    ────────────────────────────────────────────────────────────────────────────────────────────────

    Error Context: ..\..\test-results\subset-corrected-tests-rem-a9482-g-isolation-between-tenants-Mobile-Safari\error-context.md
]]>
</failure>
<system-out>
<![CDATA[
[[ATTACHMENT|subset-corrected-tests-rem-a9482-g-isolation-between-tenants-Mobile-Safari\test-failed-1.png]]

[[ATTACHMENT|subset-corrected-tests-rem-a9482-g-isolation-between-tenants-Mobile-Safari\video.webm]]

[[ATTACHMENT|subset-corrected-tests-rem-a9482-g-isolation-between-tenants-Mobile-Safari\error-context.md]]
]]>
</system-out>
</testcase>
<testcase name="Corrected Cart Multiple Items Tests › should handle cart operations correctly" classname="subset\corrected-tests-remaining.spec.ts" time="1.599">
</testcase>
<testcase name="Corrected Payment Timeout Recovery Tests › should handle payment timeouts gracefully" classname="subset\corrected-tests-remaining.spec.ts" time="7.655">
</testcase>
<testcase name="Corrected Mobile Desktop Interactions Tests › should handle responsive interactions" classname="subset\corrected-tests-remaining.spec.ts" time="1.178">
</testcase>
<testcase name="Corrected Bundle and Gift Flows Tests › should handle bundle purchase flow" classname="subset\corrected-tests-remaining.spec.ts" time="1.36">
</testcase>
<testcase name="Corrected Cost Guards Tests › should enforce cost limit protections" classname="subset\corrected-tests-remaining.spec.ts" time="2.674">
</testcase>
<testcase name="Corrected Smart Reorder Tests › should handle reorder functionality" classname="subset\corrected-tests-remaining.spec.ts" time="6.439">
</testcase>
<testcase name="Corrected SEO Optimization Tests › should have proper SEO elements" classname="subset\corrected-tests-remaining.spec.ts" time="6.439">
<failure message="corrected-tests-remaining.spec.ts:566:7 should have proper SEO elements" type="FAILURE">
<![CDATA[  [Mobile Safari] › subset\corrected-tests-remaining.spec.ts:566:7 › Corrected SEO Optimization Tests › should have proper SEO elements 

    Error: expect(received).toBeGreaterThan(expected)

    Expected: > 0
    Received:   0

      569 |     // Check for title tag
      570 |     const title = await page.title();
    > 571 |     expect(title.length).toBeGreaterThan(0);
          |                          ^
      572 |
      573 |     // Check for meta description
      574 |     const metaDesc = await page.locator('meta[name="description"]').first().getAttribute('content');
        at C:\Dev\Zo\sass-store\tests\e2e\subset\corrected-tests-remaining.spec.ts:571:26

    attachment #1: screenshot (image/png) ──────────────────────────────────────────────────────────
    ..\..\test-results\subset-corrected-tests-rem-0b530-ld-have-proper-SEO-elements-Mobile-Safari\test-failed-1.png
    ────────────────────────────────────────────────────────────────────────────────────────────────

    attachment #2: video (video/webm) ──────────────────────────────────────────────────────────────
    ..\..\test-results\subset-corrected-tests-rem-0b530-ld-have-proper-SEO-elements-Mobile-Safari\video.webm
    ────────────────────────────────────────────────────────────────────────────────────────────────
]]>
</failure>
<system-out>
<![CDATA[
[[ATTACHMENT|subset-corrected-tests-rem-0b530-ld-have-proper-SEO-elements-Mobile-Safari\test-failed-1.png]]

[[ATTACHMENT|subset-corrected-tests-rem-0b530-ld-have-proper-SEO-elements-Mobile-Safari\video.webm]]
]]>
</system-out>
</testcase>
<testcase name="Corrected Additional Navigation Tests › should maintain navigation state" classname="subset\corrected-tests-remaining.spec.ts" time="5.098">
</testcase>
<testcase name="Corrected Mobile Performance Budget Tests › should meet mobile performance budgets" classname="subset\corrected-tests-remaining.spec.ts" time="1.824">
<system-out>
<![CDATA[TTFB: 514ms
]]>
</system-out>
</testcase>
<testcase name="Corrected Register Flow Tests › should handle user registration" classname="subset\corrected-tests-remaining.spec.ts" time="6.911">
</testcase>
<testcase name="Corrected Quick and Recurring Booking Tests › should handle recurring booking setup" classname="subset\corrected-tests-remaining.spec.ts" time="1.681">
</testcase>
<testcase name="Corrected Tenant Isolation Extended Tests › should isolate tenant data correctly" classname="subset\corrected-tests-remaining.spec.ts" time="1.691">
<failure message="corrected-tests-remaining.spec.ts:687:7 should isolate tenant data correctly" type="FAILURE">
<![CDATA[  [Mobile Safari] › subset\corrected-tests-remaining.spec.ts:687:7 › Corrected Tenant Isolation Extended Tests › should isolate tenant data correctly 

    Error: expect(received).toBeDefined()

    Received: undefined

      697 |       return (window as any).tenantContext || (window as any).__tenant__;
      698 |     });
    > 699 |     expect(tenantContext).toBeDefined();
          |                           ^
      700 |   });
      701 | });
        at C:\Dev\Zo\sass-store\tests\e2e\subset\corrected-tests-remaining.spec.ts:699:27

    attachment #1: screenshot (image/png) ──────────────────────────────────────────────────────────
    ..\..\test-results\subset-corrected-tests-rem-250a7-olate-tenant-data-correctly-Mobile-Safari\test-failed-1.png
    ────────────────────────────────────────────────────────────────────────────────────────────────

    attachment #2: video (video/webm) ──────────────────────────────────────────────────────────────
    ..\..\test-results\subset-corrected-tests-rem-250a7-olate-tenant-data-correctly-Mobile-Safari\video.webm
    ────────────────────────────────────────────────────────────────────────────────────────────────

    Error Context: ..\..\test-results\subset-corrected-tests-rem-250a7-olate-tenant-data-correctly-Mobile-Safari\error-context.md
]]>
</failure>
<system-out>
<![CDATA[
[[ATTACHMENT|subset-corrected-tests-rem-250a7-olate-tenant-data-correctly-Mobile-Safari\test-failed-1.png]]

[[ATTACHMENT|subset-corrected-tests-rem-250a7-olate-tenant-data-correctly-Mobile-Safari\video.webm]]

[[ATTACHMENT|subset-corrected-tests-rem-250a7-olate-tenant-data-correctly-Mobile-Safari\error-context.md]]
]]>
</system-out>
</testcase>
</testsuite>
<testsuite name="subset\corrected-tests.spec.ts" timestamp="2025-10-29T19:08:05.826Z" hostname="Mobile Safari" tests="6" failures="2" skipped="0" time="37.696" errors="0">
<testcase name="Corrected Accessibility Tests › Screen reader support should be comprehensive with proper error handling" classname="subset\corrected-tests.spec.ts" time="7.921">
<failure message="corrected-tests.spec.ts:9:7 Screen reader support should be comprehensive with proper error handling" type="FAILURE">
<![CDATA[  [Mobile Safari] › subset\corrected-tests.spec.ts:9:7 › Corrected Accessibility Tests › Screen reader support should be comprehensive with proper error handling 

    Error: expect(received).toBeGreaterThanOrEqual(expected)

    Expected: >= 1
    Received:    0

      42 |     // Validate heading hierarchy (should start with h1)
      43 |     const h1 = page.locator('h1');
    > 44 |     expect(await h1.count()).toBeGreaterThanOrEqual(1);
         |                              ^
      45 |
      46 |     // Check for alt text on images
      47 |     const images = page.locator('img');
        at C:\Dev\Zo\sass-store\tests\e2e\subset\corrected-tests.spec.ts:44:30

    attachment #1: screenshot (image/png) ──────────────────────────────────────────────────────────
    ..\..\test-results\subset-corrected-tests-Cor-86f06--with-proper-error-handling-Mobile-Safari\test-failed-1.png
    ────────────────────────────────────────────────────────────────────────────────────────────────

    attachment #2: video (video/webm) ──────────────────────────────────────────────────────────────
    ..\..\test-results\subset-corrected-tests-Cor-86f06--with-proper-error-handling-Mobile-Safari\video.webm
    ────────────────────────────────────────────────────────────────────────────────────────────────

    Error Context: ..\..\test-results\subset-corrected-tests-Cor-86f06--with-proper-error-handling-Mobile-Safari\error-context.md
]]>
</failure>
<system-out>
<![CDATA[
[[ATTACHMENT|subset-corrected-tests-Cor-86f06--with-proper-error-handling-Mobile-Safari\test-failed-1.png]]

[[ATTACHMENT|subset-corrected-tests-Cor-86f06--with-proper-error-handling-Mobile-Safari\video.webm]]

[[ATTACHMENT|subset-corrected-tests-Cor-86f06--with-proper-error-handling-Mobile-Safari\error-context.md]]
]]>
</system-out>
</testcase>
<testcase name="Corrected Accessibility Tests › Color contrast should meet WCAG requirements with better error handling" classname="subset\corrected-tests.spec.ts" time="7.129">
</testcase>
<testcase name="Corrected Quick Service Booking - 2 Click Budget › should handle missing elements gracefully in booking flow" classname="subset\corrected-tests.spec.ts" time="16.223">
<failure message="corrected-tests.spec.ts:132:7 should handle missing elements gracefully in booking flow" type="FAILURE">
<![CDATA[  [Mobile Safari] › subset\corrected-tests.spec.ts:132:7 › Corrected Quick Service Booking - 2 Click Budget › should handle missing elements gracefully in booking flow 

    Error: expect(locator).toBeVisible() failed

    Locator: locator('[data-testid="service-card"]').first()
    Expected: visible
    Timeout: 10000ms
    Error: element(s) not found

    Call log:
      - Expect "toBeVisible" with timeout 10000ms
      - waiting for locator('[data-testid="service-card"]').first()


      144 |     // Verify service details loaded with timeout
      145 |     const serviceCard = page.locator('[data-testid="service-card"]').first();
    > 146 |     await expect(serviceCard).toBeVisible({ timeout: 10000 });
          |                               ^
      147 |
      148 |     // Check for next available slot with fallback
      149 |     const nextAvailableSlot = page.locator('[data-testid="next-available-slot"], button:has-text("Next Available")');
        at C:\Dev\Zo\sass-store\tests\e2e\subset\corrected-tests.spec.ts:146:31

    attachment #1: screenshot (image/png) ──────────────────────────────────────────────────────────
    ..\..\test-results\subset-corrected-tests-Cor-afd84--gracefully-in-booking-flow-Mobile-Safari\test-failed-1.png
    ────────────────────────────────────────────────────────────────────────────────────────────────

    attachment #2: video (video/webm) ──────────────────────────────────────────────────────────────
    ..\..\test-results\subset-corrected-tests-Cor-afd84--gracefully-in-booking-flow-Mobile-Safari\video.webm
    ────────────────────────────────────────────────────────────────────────────────────────────────

    Error Context: ..\..\test-results\subset-corrected-tests-Cor-afd84--gracefully-in-booking-flow-Mobile-Safari\error-context.md
]]>
</failure>
<system-out>
<![CDATA[
[[ATTACHMENT|subset-corrected-tests-Cor-afd84--gracefully-in-booking-flow-Mobile-Safari\test-failed-1.png]]

[[ATTACHMENT|subset-corrected-tests-Cor-afd84--gracefully-in-booking-flow-Mobile-Safari\video.webm]]

[[ATTACHMENT|subset-corrected-tests-Cor-afd84--gracefully-in-booking-flow-Mobile-Safari\error-context.md]]
]]>
</system-out>
</testcase>
<testcase name="Corrected Bundle Purchase with Cross-Sell - 3 Click Budget › should handle missing bundle elements gracefully" classname="subset\corrected-tests.spec.ts" time="2.897">
</testcase>
<testcase name="Corrected Product Catalog Tenant Isolation › should handle missing search elements gracefully" classname="subset\corrected-tests.spec.ts" time="1.682">
</testcase>
<testcase name="Corrected Payment Gateway Timeout Recovery › should handle payment timeout with proper error checking" classname="subset\corrected-tests.spec.ts" time="1.844">
</testcase>
</testsuite>
<testsuite name="subset\need-human.e2e.ts" timestamp="2025-10-29T19:08:05.826Z" hostname="Mobile Safari" tests="5" failures="2" skipped="0" time="10.298" errors="0">
<testcase name="NEED=HUMAN E2E Validation › should trigger NEED=HUMAN when data-testid is missing" classname="subset\need-human.e2e.ts" time="2.901">
<failure message="need-human.e2e.ts:10:7 should trigger NEED=HUMAN when data-testid is missing" type="FAILURE">
<![CDATA[  [Mobile Safari] › subset\need-human.e2e.ts:10:7 › NEED=HUMAN E2E Validation › should trigger NEED=HUMAN when data-testid is missing 

    Error: NEED=HUMAN: Critical booking button not found. Alert created: agents\alerts\NEED-INPUT_2025-10-29T19-36-46-409Z_QA.md

      76 |         });
      77 |
    > 78 |         throw new Error(`NEED=HUMAN: Critical booking button not found. Alert created: ${alertFile}`);
         |               ^
      79 |       }
      80 |     } else {
      81 |       // Happy path - stable selector exists
        at C:\Dev\Zo\sass-store\tests\e2e\subset\need-human.e2e.ts:78:15

    attachment #1: screenshot (image/png) ──────────────────────────────────────────────────────────
    ..\..\test-results\subset-need-human.e2e.ts-N-645e7-when-data-testid-is-missing-Mobile-Safari\test-failed-1.png
    ────────────────────────────────────────────────────────────────────────────────────────────────

    attachment #2: video (video/webm) ──────────────────────────────────────────────────────────────
    ..\..\test-results\subset-need-human.e2e.ts-N-645e7-when-data-testid-is-missing-Mobile-Safari\video.webm
    ────────────────────────────────────────────────────────────────────────────────────────────────

    Error Context: ..\..\test-results\subset-need-human.e2e.ts-N-645e7-when-data-testid-is-missing-Mobile-Safari\error-context.md
]]>
</failure>
<system-out>
<![CDATA[[13:36:46] ℹ️   [36mINFO [0m [33mAGENT=QA TASK=need-human-test msg="Starting NEED=HUMAN validation" tenant=wondernails[0m

[41m[37m[1m🔴🔴🔴 NEED HUMAN INPUT 🔴🔴🔴[0m
[41m[37m[1m                                                    [0m
[41m[37m[1m AGENT: QA         TASK: e2e-testing     [0m
[41m[37m[1m                                                    [0m
[41m[37m[1m REASON: Missing data-testid attribute on criti [0m
[41m[37m[1m                                                    [0m
[41m[37m[1m ACTION: Add data-testid="reservar-ahora-button [0m
[41m[37m[1m                                                    [0m
[41m[37m[1m🔴🔴🔴🔴🔴🔴🔴🔴🔴🔴🔴🔴🔴🔴🔴🔴🔴🔴[0m

[13:36:46] [41m[37m⚠    NEED=HUMAN[0m AGENT=QA TASK=e2e-testing NEED=HUMAN REASON="Missing data-testid attribute on critical element: Reservar ahora button" ACTION="Add data-testid="reservar-ahora-button" to the element" msg="Human intervention required" file=agents\alerts\NEED-INPUT_2025-10-29T19-36-46-409Z_QA.md urgency=medium

📄 Instructions written to: agents\alerts\NEED-INPUT_2025-10-29T19-36-46-409Z_QA.md
⚠️  Please address the issue and press ENTER to continue

[13:36:46] [41m[37m⚠    NEED=HUMAN[0m AGENT=QA TASK=e2e CASE="reserva-rapida" NEED=HUMAN msg="Missing data-testid on critical CTA" selector=[data-testid="book-now"] file=agents\alerts\NEED-INPUT_2025-10-29T19-36-46-409Z_QA.md
[13:36:46] ❌   [31mERROR[0m [33mAGENT=QA TASK=e2e CASE="reserva-rapida" msg="No booking button found with any selector" selectors_tried=6 tenant=wondernails[0m

[[ATTACHMENT|subset-need-human.e2e.ts-N-645e7-when-data-testid-is-missing-Mobile-Safari\test-failed-1.png]]

[[ATTACHMENT|subset-need-human.e2e.ts-N-645e7-when-data-testid-is-missing-Mobile-Safari\video.webm]]

[[ATTACHMENT|subset-need-human.e2e.ts-N-645e7-when-data-testid-is-missing-Mobile-Safari\error-context.md]]
]]>
</system-out>
</testcase>
<testcase name="NEED=HUMAN E2E Validation › should validate color log output in console" classname="subset\need-human.e2e.ts" time="2.653">
<failure message="need-human.e2e.ts:100:7 should validate color log output in console" type="FAILURE">
<![CDATA[  [Mobile Safari] › subset\need-human.e2e.ts:100:7 › NEED=HUMAN E2E Validation › should validate color log output in console 

    Error: page.evaluate: TypeError: undefined is not an object (evaluating 'window.testLogger.info')

      125 |
      126 |     // Test logging from within the page
    > 127 |     await page.evaluate(() => {
          |                ^
      128 |       (window as any).testLogger.info('UI', 'page-load', 'Page loaded successfully');
      129 |       (window as any).testLogger.warn('QA', 'selector-test', 'Testing NEED=HUMAN format');
      130 |     });
        at C:\Dev\Zo\sass-store\tests\e2e\subset\need-human.e2e.ts:127:16

    attachment #1: screenshot (image/png) ──────────────────────────────────────────────────────────
    ..\..\test-results\subset-need-human.e2e.ts-N-ab2e9-color-log-output-in-console-Mobile-Safari\test-failed-1.png
    ────────────────────────────────────────────────────────────────────────────────────────────────

    attachment #2: video (video/webm) ──────────────────────────────────────────────────────────────
    ..\..\test-results\subset-need-human.e2e.ts-N-ab2e9-color-log-output-in-console-Mobile-Safari\video.webm
    ────────────────────────────────────────────────────────────────────────────────────────────────

    Error Context: ..\..\test-results\subset-need-human.e2e.ts-N-ab2e9-color-log-output-in-console-Mobile-Safari\error-context.md
]]>
</failure>
<system-out>
<![CDATA[
[[ATTACHMENT|subset-need-human.e2e.ts-N-ab2e9-color-log-output-in-console-Mobile-Safari\test-failed-1.png]]

[[ATTACHMENT|subset-need-human.e2e.ts-N-ab2e9-color-log-output-in-console-Mobile-Safari\video.webm]]

[[ATTACHMENT|subset-need-human.e2e.ts-N-ab2e9-color-log-output-in-console-Mobile-Safari\error-context.md]]
]]>
</system-out>
</testcase>
<testcase name="NEED=HUMAN E2E Validation › should handle missing configuration gracefully" classname="subset\need-human.e2e.ts" time="0.643">
<system-out>
<![CDATA[
[41m[37m[1m🔴🔴🔴 NEED HUMAN INPUT 🔴🔴🔴[0m
[41m[37m[1m                                                    [0m
[41m[37m[1m AGENT: AUTH       TASK: configuration   [0m
[41m[37m[1m                                                    [0m
[41m[37m[1m REASON: Missing required configuration: NEXTAU [0m
[41m[37m[1m                                                    [0m
[41m[37m[1m ACTION: Add the NEXTAUTH_SECRET or JWT configu [0m
[41m[37m[1m                                                    [0m
[41m[37m[1m🔴🔴🔴🔴🔴🔴🔴🔴🔴🔴🔴🔴🔴🔴🔴🔴🔴🔴[0m

[13:36:47] [41m[37m⚠    NEED=HUMAN[0m AGENT=AUTH TASK=configuration NEED=HUMAN REASON="Missing required configuration: NEXTAUTH_SECRET or JWT configuration" ACTION="Add the NEXTAUTH_SECRET or JWT configuration configuration to apps/web/.env.local" msg="Human intervention required" file=agents\alerts\NEED-INPUT_2025-10-29T19-36-47-790Z_AUTH.md urgency=high

📄 Instructions written to: agents\alerts\NEED-INPUT_2025-10-29T19-36-47-790Z_AUTH.md
⚠️  Please address the issue and press ENTER to continue

[13:36:47] [41m[37m⚠    NEED=HUMAN[0m AGENT=AUTH TASK=config-check CASE="admin-access" url="http://localhost:3001/t/villafuerte/admin" NEED=HUMAN msg="Admin access requires authentication setup" file=agents\alerts\NEED-INPUT_2025-10-29T19-36-47-790Z_AUTH.md
[13:36:47] ℹ️   [36mINFO [0m [33mAGENT=QA TASK=e2e msg="Auth configuration validation completed"[0m
]]>
</system-out>
</testcase>
<testcase name="NEED=HUMAN E2E Validation › should validate API error handling" classname="subset\need-human.e2e.ts" time="2.333">
<system-out>
<![CDATA[[13:36:47] ✅   [32mOK   [0m [32mAGENT=API TASK=endpoint-test msg="All API endpoints responding correctly"[0m
]]>
</system-out>
</testcase>
<testcase name="NEED=HUMAN Resolution Simulation › should pass after data-testid is added" classname="subset\need-human.e2e.ts" time="1.768">
<system-out>
<![CDATA[[13:36:47] ⚠️   [33mWARN [0m [33mAGENT=QA TASK=e2e msg="Still missing data-testid after resolution attempt"[0m
]]>
</system-out>
</testcase>
</testsuite>
<testsuite name="subset\wondernails-isolation.e2e.ts" timestamp="2025-10-29T19:08:05.826Z" hostname="Mobile Safari" tests="5" failures="4" skipped="0" time="24.087" errors="0">
<testcase name="Wondernails - Aislamiento de Widgets › debe mostrar HeroWondernails con aislamiento completo en /t/wondernails" classname="subset\wondernails-isolation.e2e.ts" time="2.461">
<failure message="wondernails-isolation.e2e.ts:4:7 debe mostrar HeroWondernails con aislamiento completo en /t/wondernails" type="FAILURE">
<![CDATA[  [Mobile Safari] › subset\wondernails-isolation.e2e.ts:4:7 › Wondernails - Aislamiento de Widgets › debe mostrar HeroWondernails con aislamiento completo en /t/wondernails 

    Error: expect(received).toContain(expected) // indexOf

    Expected substring: "Wonder"
    Received string:    ""

       9 |     // Verificar que la página carga correctamente
      10 |     const pageTitle = await page.title();
    > 11 |     expect(pageTitle).toContain('Wonder');
         |                       ^
      12 |
      13 |     // Verificar que existe algún contenido hero o carousel
      14 |     const hasHeroContent = await page.evaluate(() => {
        at C:\Dev\Zo\sass-store\tests\e2e\subset\wondernails-isolation.e2e.ts:11:23

    attachment #1: screenshot (image/png) ──────────────────────────────────────────────────────────
    ..\..\test-results\subset-wondernails-isolati-e6739-o-completo-en-t-wondernails-Mobile-Safari\test-failed-1.png
    ────────────────────────────────────────────────────────────────────────────────────────────────

    attachment #2: video (video/webm) ──────────────────────────────────────────────────────────────
    ..\..\test-results\subset-wondernails-isolati-e6739-o-completo-en-t-wondernails-Mobile-Safari\video.webm
    ────────────────────────────────────────────────────────────────────────────────────────────────

    Error Context: ..\..\test-results\subset-wondernails-isolati-e6739-o-completo-en-t-wondernails-Mobile-Safari\error-context.md
]]>
</failure>
<system-out>
<![CDATA[
[[ATTACHMENT|subset-wondernails-isolati-e6739-o-completo-en-t-wondernails-Mobile-Safari\test-failed-1.png]]

[[ATTACHMENT|subset-wondernails-isolati-e6739-o-completo-en-t-wondernails-Mobile-Safari\video.webm]]

[[ATTACHMENT|subset-wondernails-isolati-e6739-o-completo-en-t-wondernails-Mobile-Safari\error-context.md]]
]]>
</system-out>
</testcase>
<testcase name="Wondernails - Aislamiento de Widgets › NO debe mostrar estilos de Wondernails en /t/nom-nom" classname="subset\wondernails-isolation.e2e.ts" time="7.484">
<failure message="wondernails-isolation.e2e.ts:30:7 NO debe mostrar estilos de Wondernails en /t/nom-nom" type="FAILURE">
<![CDATA[  [Mobile Safari] › subset\wondernails-isolation.e2e.ts:30:7 › Wondernails - Aislamiento de Widgets › NO debe mostrar estilos de Wondernails en /t/nom-nom 

    Error: expect(locator).toBeVisible() failed

    Locator:  locator('body, main, .container, section, div').first()
    Expected: visible
    Received: hidden
    Timeout:  5000ms

    Call log:
      - Expect "toBeVisible" with timeout 5000ms
      - waiting for locator('body, main, .container, section, div').first()
        9 × locator resolved to <body>…</body>
          - unexpected value "hidden"


      80 |     // Verificar que la página carga correctamente (cualquier contenido visible)
      81 |     const pageContent = page.locator('body, main, .container, section, div');
    > 82 |     await expect(pageContent.first()).toBeVisible();
         |                                       ^
      83 |
      84 |     console.log('✅ Página nom-nom carga sin componentes de Wondernails');
      85 |
        at C:\Dev\Zo\sass-store\tests\e2e\subset\wondernails-isolation.e2e.ts:82:39

    attachment #1: screenshot (image/png) ──────────────────────────────────────────────────────────
    ..\..\test-results\subset-wondernails-isolati-9009d-de-Wondernails-en-t-nom-nom-Mobile-Safari\test-failed-1.png
    ────────────────────────────────────────────────────────────────────────────────────────────────

    attachment #2: video (video/webm) ──────────────────────────────────────────────────────────────
    ..\..\test-results\subset-wondernails-isolati-9009d-de-Wondernails-en-t-nom-nom-Mobile-Safari\video.webm
    ────────────────────────────────────────────────────────────────────────────────────────────────

    Error Context: ..\..\test-results\subset-wondernails-isolati-9009d-de-Wondernails-en-t-nom-nom-Mobile-Safari\error-context.md
]]>
</failure>
<system-out>
<![CDATA[
[[ATTACHMENT|subset-wondernails-isolati-9009d-de-Wondernails-en-t-nom-nom-Mobile-Safari\test-failed-1.png]]

[[ATTACHMENT|subset-wondernails-isolati-9009d-de-Wondernails-en-t-nom-nom-Mobile-Safari\video.webm]]

[[ATTACHMENT|subset-wondernails-isolati-9009d-de-Wondernails-en-t-nom-nom-Mobile-Safari\error-context.md]]
]]>
</system-out>
</testcase>
<testcase name="Wondernails - Aislamiento de Widgets › debe verificar variables CSS locales en Wondernails" classname="subset\wondernails-isolation.e2e.ts" time="6.575">
<failure message="wondernails-isolation.e2e.ts:89:7 debe verificar variables CSS locales en Wondernails" type="FAILURE">
<![CDATA[  [Mobile Safari] › subset\wondernails-isolation.e2e.ts:89:7 › Wondernails - Aislamiento de Widgets › debe verificar variables CSS locales en Wondernails 

    Error: expect(locator).toBeVisible() failed

    Locator: locator('[data-tenant-hero="wondernails"]')
    Expected: visible
    Timeout: 5000ms
    Error: element(s) not found

    Call log:
      - Expect "toBeVisible" with timeout 5000ms
      - waiting for locator('[data-tenant-hero="wondernails"]')


      91 |
      92 |     const heroWrapper = page.locator('[data-tenant-hero="wondernails"]');
    > 93 |     await expect(heroWrapper).toBeVisible();
         |                               ^
      94 |
      95 |     // Verificar que las variables CSS están definidas localmente
      96 |     const cssVariables = await heroWrapper.evaluate((el) => {
        at C:\Dev\Zo\sass-store\tests\e2e\subset\wondernails-isolation.e2e.ts:93:31

    attachment #1: screenshot (image/png) ──────────────────────────────────────────────────────────
    ..\..\test-results\subset-wondernails-isolati-2eab1--CSS-locales-en-Wondernails-Mobile-Safari\test-failed-1.png
    ────────────────────────────────────────────────────────────────────────────────────────────────

    attachment #2: video (video/webm) ──────────────────────────────────────────────────────────────
    ..\..\test-results\subset-wondernails-isolati-2eab1--CSS-locales-en-Wondernails-Mobile-Safari\video.webm
    ────────────────────────────────────────────────────────────────────────────────────────────────

    Error Context: ..\..\test-results\subset-wondernails-isolati-2eab1--CSS-locales-en-Wondernails-Mobile-Safari\error-context.md
]]>
</failure>
<system-out>
<![CDATA[
[[ATTACHMENT|subset-wondernails-isolati-2eab1--CSS-locales-en-Wondernails-Mobile-Safari\test-failed-1.png]]

[[ATTACHMENT|subset-wondernails-isolati-2eab1--CSS-locales-en-Wondernails-Mobile-Safari\video.webm]]

[[ATTACHMENT|subset-wondernails-isolati-2eab1--CSS-locales-en-Wondernails-Mobile-Safari\error-context.md]]
]]>
</system-out>
</testcase>
<testcase name="Wondernails - Aislamiento de Widgets › debe verificar que las variables NO afectan el :root global" classname="subset\wondernails-isolation.e2e.ts" time="1.032">
<system-out>
<![CDATA[✅ Variables CSS NO contaminan el scope global
]]>
</system-out>
</testcase>
<testcase name="Wondernails - Aislamiento de Widgets › debe verificar compatibilidad con prefers-reduced-motion" classname="subset\wondernails-isolation.e2e.ts" time="6.535">
<failure message="wondernails-isolation.e2e.ts:137:7 debe verificar compatibilidad con prefers-reduced-motion" type="FAILURE">
<![CDATA[  [Mobile Safari] › subset\wondernails-isolation.e2e.ts:137:7 › Wondernails - Aislamiento de Widgets › debe verificar compatibilidad con prefers-reduced-motion 

    Error: expect(locator).toBeVisible() failed

    Locator: locator('[data-tenant-hero="wondernails"]')
    Expected: visible
    Timeout: 5000ms
    Error: element(s) not found

    Call log:
      - Expect "toBeVisible" with timeout 5000ms
      - waiting for locator('[data-tenant-hero="wondernails"]')


      141 |
      142 |     const heroWrapper = page.locator('[data-tenant-hero="wondernails"]');
    > 143 |     await expect(heroWrapper).toBeVisible();
          |                               ^
      144 |
      145 |     // Verificar que las animaciones respetan reduced motion
      146 |     const motionSettings = await heroWrapper.evaluate((el) => {
        at C:\Dev\Zo\sass-store\tests\e2e\subset\wondernails-isolation.e2e.ts:143:31

    attachment #1: screenshot (image/png) ──────────────────────────────────────────────────────────
    ..\..\test-results\subset-wondernails-isolati-21f21--con-prefers-reduced-motion-Mobile-Safari\test-failed-1.png
    ────────────────────────────────────────────────────────────────────────────────────────────────

    attachment #2: video (video/webm) ──────────────────────────────────────────────────────────────
    ..\..\test-results\subset-wondernails-isolati-21f21--con-prefers-reduced-motion-Mobile-Safari\video.webm
    ────────────────────────────────────────────────────────────────────────────────────────────────

    Error Context: ..\..\test-results\subset-wondernails-isolati-21f21--con-prefers-reduced-motion-Mobile-Safari\error-context.md
]]>
</failure>
<system-out>
<![CDATA[
[[ATTACHMENT|subset-wondernails-isolati-21f21--con-prefers-reduced-motion-Mobile-Safari\test-failed-1.png]]

[[ATTACHMENT|subset-wondernails-isolati-21f21--con-prefers-reduced-motion-Mobile-Safari\video.webm]]

[[ATTACHMENT|subset-wondernails-isolati-21f21--con-prefers-reduced-motion-Mobile-Safari\error-context.md]]
]]>
</system-out>
</testcase>
</testsuite>
<testsuite name="subset\wondernails-reduced-motion.e2e.ts" timestamp="2025-10-29T19:08:05.826Z" hostname="Mobile Safari" tests="8" failures="7" skipped="0" time="106.778" errors="0">
<testcase name="Wondernails - Reduced Motion Compliance › debe desactivar auto-rotación con prefers-reduced-motion" classname="subset\wondernails-reduced-motion.e2e.ts" time="16.397">
<failure message="wondernails-reduced-motion.e2e.ts:4:7 debe desactivar auto-rotación con prefers-reduced-motion" type="FAILURE">
<![CDATA[  [Mobile Safari] › subset\wondernails-reduced-motion.e2e.ts:4:7 › Wondernails - Reduced Motion Compliance › debe desactivar auto-rotación con prefers-reduced-motion 

    TimeoutError: page.waitForSelector: Timeout 15000ms exceeded.
    Call log:
      - waiting for locator('[data-tenant-hero="wondernails"]') to be visible


       7 |     await page.goto('/t/wondernails');
       8 |
    >  9 |     await page.waitForSelector('[data-tenant-hero="wondernails"]');
         |                ^
      10 |
      11 |     // Esperar tiempo suficiente para verificar que NO hay auto-rotación
      12 |     const initialSlide = await page.locator('[class*="slide"][class*="active"], .slide.active').textContent();
        at C:\Dev\Zo\sass-store\tests\e2e\subset\wondernails-reduced-motion.e2e.ts:9:16

    attachment #1: screenshot (image/png) ──────────────────────────────────────────────────────────
    ..\..\test-results\subset-wondernails-reduced-fe3b1--con-prefers-reduced-motion-Mobile-Safari\test-failed-1.png
    ────────────────────────────────────────────────────────────────────────────────────────────────

    attachment #2: video (video/webm) ──────────────────────────────────────────────────────────────
    ..\..\test-results\subset-wondernails-reduced-fe3b1--con-prefers-reduced-motion-Mobile-Safari\video.webm
    ────────────────────────────────────────────────────────────────────────────────────────────────

    Error Context: ..\..\test-results\subset-wondernails-reduced-fe3b1--con-prefers-reduced-motion-Mobile-Safari\error-context.md
]]>
</failure>
<system-out>
<![CDATA[
[[ATTACHMENT|subset-wondernails-reduced-fe3b1--con-prefers-reduced-motion-Mobile-Safari\test-failed-1.png]]

[[ATTACHMENT|subset-wondernails-reduced-fe3b1--con-prefers-reduced-motion-Mobile-Safari\video.webm]]

[[ATTACHMENT|subset-wondernails-reduced-fe3b1--con-prefers-reduced-motion-Mobile-Safari\error-context.md]]
]]>
</system-out>
</testcase>
<testcase name="Wondernails - Reduced Motion Compliance › debe usar transiciones fade cortas en lugar de animaciones complejas" classname="subset\wondernails-reduced-motion.e2e.ts" time="6.335">
<failure message="wondernails-reduced-motion.e2e.ts:25:7 debe usar transiciones fade cortas en lugar de animaciones complejas" type="FAILURE">
<![CDATA[  [Mobile Safari] › subset\wondernails-reduced-motion.e2e.ts:25:7 › Wondernails - Reduced Motion Compliance › debe usar transiciones fade cortas en lugar de animaciones complejas 

    Error: expect(locator).toBeVisible() failed

    Locator: locator('[data-tenant-hero="wondernails"]')
    Expected: visible
    Timeout: 5000ms
    Error: element(s) not found

    Call log:
      - Expect "toBeVisible" with timeout 5000ms
      - waiting for locator('[data-tenant-hero="wondernails"]')


      28 |
      29 |     const heroWrapper = page.locator('[data-tenant-hero="wondernails"]');
    > 30 |     await expect(heroWrapper).toBeVisible();
         |                               ^
      31 |
      32 |     // Verificar que se usan duraciones reducidas
      33 |     const motionSettings = await heroWrapper.evaluate((el) => {
        at C:\Dev\Zo\sass-store\tests\e2e\subset\wondernails-reduced-motion.e2e.ts:30:31

    attachment #1: screenshot (image/png) ──────────────────────────────────────────────────────────
    ..\..\test-results\subset-wondernails-reduced-7d010-ar-de-animaciones-complejas-Mobile-Safari\test-failed-1.png
    ────────────────────────────────────────────────────────────────────────────────────────────────

    attachment #2: video (video/webm) ──────────────────────────────────────────────────────────────
    ..\..\test-results\subset-wondernails-reduced-7d010-ar-de-animaciones-complejas-Mobile-Safari\video.webm
    ────────────────────────────────────────────────────────────────────────────────────────────────

    Error Context: ..\..\test-results\subset-wondernails-reduced-7d010-ar-de-animaciones-complejas-Mobile-Safari\error-context.md
]]>
</failure>
<system-out>
<![CDATA[
[[ATTACHMENT|subset-wondernails-reduced-7d010-ar-de-animaciones-complejas-Mobile-Safari\test-failed-1.png]]

[[ATTACHMENT|subset-wondernails-reduced-7d010-ar-de-animaciones-complejas-Mobile-Safari\video.webm]]

[[ATTACHMENT|subset-wondernails-reduced-7d010-ar-de-animaciones-complejas-Mobile-Safari\error-context.md]]
]]>
</system-out>
</testcase>
<testcase name="Wondernails - Reduced Motion Compliance › navegación manual debe usar fade corto (120-160ms)" classname="subset\wondernails-reduced-motion.e2e.ts" time="16.428">
<failure message="wondernails-reduced-motion.e2e.ts:56:7 navegación manual debe usar fade corto (120-160ms)" type="FAILURE">
<![CDATA[  [Mobile Safari] › subset\wondernails-reduced-motion.e2e.ts:56:7 › Wondernails - Reduced Motion Compliance › navegación manual debe usar fade corto (120-160ms) 

    TimeoutError: page.waitForSelector: Timeout 15000ms exceeded.
    Call log:
      - waiting for locator('[data-tenant-hero="wondernails"]') to be visible


      58 |     await page.goto('/t/wondernails');
      59 |
    > 60 |     await page.waitForSelector('[data-tenant-hero="wondernails"]');
         |                ^
      61 |
      62 |     // Medir tiempo de transición al navegar manualmente
      63 |     const nextButton = page.locator('[class*="arrowBtn"], .arrowBtn').last();
        at C:\Dev\Zo\sass-store\tests\e2e\subset\wondernails-reduced-motion.e2e.ts:60:16

    attachment #1: screenshot (image/png) ──────────────────────────────────────────────────────────
    ..\..\test-results\subset-wondernails-reduced-ce835--usar-fade-corto-120-160ms--Mobile-Safari\test-failed-1.png
    ────────────────────────────────────────────────────────────────────────────────────────────────

    attachment #2: video (video/webm) ──────────────────────────────────────────────────────────────
    ..\..\test-results\subset-wondernails-reduced-ce835--usar-fade-corto-120-160ms--Mobile-Safari\video.webm
    ────────────────────────────────────────────────────────────────────────────────────────────────

    Error Context: ..\..\test-results\subset-wondernails-reduced-ce835--usar-fade-corto-120-160ms--Mobile-Safari\error-context.md
]]>
</failure>
<system-out>
<![CDATA[
[[ATTACHMENT|subset-wondernails-reduced-ce835--usar-fade-corto-120-160ms--Mobile-Safari\test-failed-1.png]]

[[ATTACHMENT|subset-wondernails-reduced-ce835--usar-fade-corto-120-160ms--Mobile-Safari\video.webm]]

[[ATTACHMENT|subset-wondernails-reduced-ce835--usar-fade-corto-120-160ms--Mobile-Safari\error-context.md]]
]]>
</system-out>
</testcase>
<testcase name="Wondernails - Reduced Motion Compliance › debe eliminar efectos de parallax con reduced motion" classname="subset\wondernails-reduced-motion.e2e.ts" time="16.474">
<failure message="wondernails-reduced-motion.e2e.ts:84:7 debe eliminar efectos de parallax con reduced motion" type="FAILURE">
<![CDATA[  [Mobile Safari] › subset\wondernails-reduced-motion.e2e.ts:84:7 › Wondernails - Reduced Motion Compliance › debe eliminar efectos de parallax con reduced motion 

    TimeoutError: page.waitForSelector: Timeout 15000ms exceeded.
    Call log:
      - waiting for locator('[data-tenant-hero="wondernails"]') to be visible


      86 |     await page.goto('/t/wondernails');
      87 |
    > 88 |     await page.waitForSelector('[data-tenant-hero="wondernails"]');
         |                ^
      89 |
      90 |     // Navegar a siguiente slide
      91 |     const nextButton = page.locator('[class*="arrowBtn"], .arrowBtn').last();
        at C:\Dev\Zo\sass-store\tests\e2e\subset\wondernails-reduced-motion.e2e.ts:88:16

    attachment #1: screenshot (image/png) ──────────────────────────────────────────────────────────
    ..\..\test-results\subset-wondernails-reduced-da772-parallax-con-reduced-motion-Mobile-Safari\test-failed-1.png
    ────────────────────────────────────────────────────────────────────────────────────────────────

    attachment #2: video (video/webm) ──────────────────────────────────────────────────────────────
    ..\..\test-results\subset-wondernails-reduced-da772-parallax-con-reduced-motion-Mobile-Safari\video.webm
    ────────────────────────────────────────────────────────────────────────────────────────────────

    Error Context: ..\..\test-results\subset-wondernails-reduced-da772-parallax-con-reduced-motion-Mobile-Safari\error-context.md
]]>
</failure>
<system-out>
<![CDATA[
[[ATTACHMENT|subset-wondernails-reduced-da772-parallax-con-reduced-motion-Mobile-Safari\test-failed-1.png]]

[[ATTACHMENT|subset-wondernails-reduced-da772-parallax-con-reduced-motion-Mobile-Safari\video.webm]]

[[ATTACHMENT|subset-wondernails-reduced-da772-parallax-con-reduced-motion-Mobile-Safari\error-context.md]]
]]>
</system-out>
</testcase>
<testcase name="Wondernails - Reduced Motion Compliance › debe eliminar efectos de blur y overshoot" classname="subset\wondernails-reduced-motion.e2e.ts" time="16.983">
<failure message="wondernails-reduced-motion.e2e.ts:111:7 debe eliminar efectos de blur y overshoot" type="FAILURE">
<![CDATA[  [Mobile Safari] › subset\wondernails-reduced-motion.e2e.ts:111:7 › Wondernails - Reduced Motion Compliance › debe eliminar efectos de blur y overshoot 

    TimeoutError: page.waitForSelector: Timeout 15000ms exceeded.
    Call log:
      - waiting for locator('[data-tenant-hero="wondernails"]') to be visible


      113 |     await page.goto('/t/wondernails');
      114 |
    > 115 |     await page.waitForSelector('[data-tenant-hero="wondernails"]');
          |                ^
      116 |
      117 |     // Navegar para triggear animación
      118 |     const nextButton = page.locator('[class*="arrowBtn"], .arrowBtn').last();
        at C:\Dev\Zo\sass-store\tests\e2e\subset\wondernails-reduced-motion.e2e.ts:115:16

    attachment #1: screenshot (image/png) ──────────────────────────────────────────────────────────
    ..\..\test-results\subset-wondernails-reduced-0f407-efectos-de-blur-y-overshoot-Mobile-Safari\test-failed-1.png
    ────────────────────────────────────────────────────────────────────────────────────────────────

    attachment #2: video (video/webm) ──────────────────────────────────────────────────────────────
    ..\..\test-results\subset-wondernails-reduced-0f407-efectos-de-blur-y-overshoot-Mobile-Safari\video.webm
    ────────────────────────────────────────────────────────────────────────────────────────────────

    Error Context: ..\..\test-results\subset-wondernails-reduced-0f407-efectos-de-blur-y-overshoot-Mobile-Safari\error-context.md
]]>
</failure>
<system-out>
<![CDATA[
[[ATTACHMENT|subset-wondernails-reduced-0f407-efectos-de-blur-y-overshoot-Mobile-Safari\test-failed-1.png]]

[[ATTACHMENT|subset-wondernails-reduced-0f407-efectos-de-blur-y-overshoot-Mobile-Safari\video.webm]]

[[ATTACHMENT|subset-wondernails-reduced-0f407-efectos-de-blur-y-overshoot-Mobile-Safari\error-context.md]]
]]>
</system-out>
</testcase>
<testcase name="Wondernails - Reduced Motion Compliance › debe mantener funcionalidad básica con reduced motion" classname="subset\wondernails-reduced-motion.e2e.ts" time="16.964">
<failure message="wondernails-reduced-motion.e2e.ts:153:7 debe mantener funcionalidad básica con reduced motion" type="FAILURE">
<![CDATA[  [Mobile Safari] › subset\wondernails-reduced-motion.e2e.ts:153:7 › Wondernails - Reduced Motion Compliance › debe mantener funcionalidad básica con reduced motion 

    TimeoutError: page.waitForSelector: Timeout 15000ms exceeded.
    Call log:
      - waiting for locator('[data-tenant-hero="wondernails"]') to be visible


      155 |     await page.goto('/t/wondernails');
      156 |
    > 157 |     await page.waitForSelector('[data-tenant-hero="wondernails"]');
          |                ^
      158 |
      159 |     // Verificar que la navegación sigue funcionando
      160 |     const nextButton = page.locator('[class*="arrowBtn"], .arrowBtn').last();
        at C:\Dev\Zo\sass-store\tests\e2e\subset\wondernails-reduced-motion.e2e.ts:157:16

    attachment #1: screenshot (image/png) ──────────────────────────────────────────────────────────
    ..\..\test-results\subset-wondernails-reduced-5f366-d-básica-con-reduced-motion-Mobile-Safari\test-failed-1.png
    ────────────────────────────────────────────────────────────────────────────────────────────────

    attachment #2: video (video/webm) ──────────────────────────────────────────────────────────────
    ..\..\test-results\subset-wondernails-reduced-5f366-d-básica-con-reduced-motion-Mobile-Safari\video.webm
    ────────────────────────────────────────────────────────────────────────────────────────────────

    Error Context: ..\..\test-results\subset-wondernails-reduced-5f366-d-básica-con-reduced-motion-Mobile-Safari\error-context.md
]]>
</failure>
<system-out>
<![CDATA[
[[ATTACHMENT|subset-wondernails-reduced-5f366-d-básica-con-reduced-motion-Mobile-Safari\test-failed-1.png]]

[[ATTACHMENT|subset-wondernails-reduced-5f366-d-básica-con-reduced-motion-Mobile-Safari\video.webm]]

[[ATTACHMENT|subset-wondernails-reduced-5f366-d-básica-con-reduced-motion-Mobile-Safari\error-context.md]]
]]>
</system-out>
</testcase>
<testcase name="Wondernails - Reduced Motion Compliance › debe respetar configuración del sistema operativo" classname="subset\wondernails-reduced-motion.e2e.ts" time="16.327">
<failure message="wondernails-reduced-motion.e2e.ts:200:7 debe respetar configuración del sistema operativo" type="FAILURE">
<![CDATA[  [Mobile Safari] › subset\wondernails-reduced-motion.e2e.ts:200:7 › Wondernails - Reduced Motion Compliance › debe respetar configuración del sistema operativo 

    TimeoutError: page.waitForSelector: Timeout 15000ms exceeded.
    Call log:
      - waiting for locator('[data-tenant-hero="wondernails"]') to be visible


      201 |     // Test sin reduced motion (comportamiento normal)
      202 |     await page.goto('/t/wondernails');
    > 203 |     await page.waitForSelector('[data-tenant-hero="wondernails"]');
          |                ^
      204 |
      205 |     const normalMotionSettings = await page.locator('[data-tenant-hero="wondernails"]').evaluate((el) => {
      206 |       const styles = window.getComputedStyle(el);
        at C:\Dev\Zo\sass-store\tests\e2e\subset\wondernails-reduced-motion.e2e.ts:203:16

    attachment #1: screenshot (image/png) ──────────────────────────────────────────────────────────
    ..\..\test-results\subset-wondernails-reduced-998d4-ación-del-sistema-operativo-Mobile-Safari\test-failed-1.png
    ────────────────────────────────────────────────────────────────────────────────────────────────

    attachment #2: video (video/webm) ──────────────────────────────────────────────────────────────
    ..\..\test-results\subset-wondernails-reduced-998d4-ación-del-sistema-operativo-Mobile-Safari\video.webm
    ────────────────────────────────────────────────────────────────────────────────────────────────

    Error Context: ..\..\test-results\subset-wondernails-reduced-998d4-ación-del-sistema-operativo-Mobile-Safari\error-context.md
]]>
</failure>
<system-out>
<![CDATA[
[[ATTACHMENT|subset-wondernails-reduced-998d4-ación-del-sistema-operativo-Mobile-Safari\test-failed-1.png]]

[[ATTACHMENT|subset-wondernails-reduced-998d4-ación-del-sistema-operativo-Mobile-Safari\video.webm]]

[[ATTACHMENT|subset-wondernails-reduced-998d4-ación-del-sistema-operativo-Mobile-Safari\error-context.md]]
]]>
</system-out>
</testcase>
<testcase name="Wondernails - Reduced Motion Compliance › debe mostrar notificación visual para usuarios con reduced motion habilitado" classname="subset\wondernails-reduced-motion.e2e.ts" time="0.87">
<system-out>
<![CDATA[✅ Media query prefers-reduced-motion respetado
]]>
</system-out>
</testcase>
</testsuite>
<testsuite name="subset\wondernails-ux-budget.e2e.ts" timestamp="2025-10-29T19:08:05.826Z" hostname="Mobile Safari" tests="7" failures="7" skipped="0" time="114.399" errors="0">
<testcase name="Wondernails - UX Budget (Presupuesto de Clics) › CTA primario debe ser visible sin hover (0 clics)" classname="subset\wondernails-ux-budget.e2e.ts" time="16.141">
<failure message="wondernails-ux-budget.e2e.ts:9:7 CTA primario debe ser visible sin hover (0 clics)" type="FAILURE">
<![CDATA[  [Mobile Safari] › subset\wondernails-ux-budget.e2e.ts:9:7 › Wondernails - UX Budget (Presupuesto de Clics) › CTA primario debe ser visible sin hover (0 clics) 

    TimeoutError: page.waitForSelector: Timeout 15000ms exceeded.
    Call log:
      - waiting for locator('[data-tenant-hero="wondernails"]') to be visible


      4 |   test.beforeEach(async ({ page }) => {
      5 |     await page.goto('/t/wondernails');
    > 6 |     await page.waitForSelector('[data-tenant-hero="wondernails"]');
        |                ^
      7 |   });
      8 |
      9 |   test('CTA primario debe ser visible sin hover (0 clics)', async ({ page }) => {
        at C:\Dev\Zo\sass-store\tests\e2e\subset\wondernails-ux-budget.e2e.ts:6:16

    attachment #1: screenshot (image/png) ──────────────────────────────────────────────────────────
    ..\..\test-results\subset-wondernails-ux-budg-d6361--visible-sin-hover-0-clics--Mobile-Safari\test-failed-1.png
    ────────────────────────────────────────────────────────────────────────────────────────────────

    attachment #2: video (video/webm) ──────────────────────────────────────────────────────────────
    ..\..\test-results\subset-wondernails-ux-budg-d6361--visible-sin-hover-0-clics--Mobile-Safari\video.webm
    ────────────────────────────────────────────────────────────────────────────────────────────────

    Error Context: ..\..\test-results\subset-wondernails-ux-budg-d6361--visible-sin-hover-0-clics--Mobile-Safari\error-context.md
]]>
</failure>
<system-out>
<![CDATA[
[[ATTACHMENT|subset-wondernails-ux-budg-d6361--visible-sin-hover-0-clics--Mobile-Safari\test-failed-1.png]]

[[ATTACHMENT|subset-wondernails-ux-budg-d6361--visible-sin-hover-0-clics--Mobile-Safari\video.webm]]

[[ATTACHMENT|subset-wondernails-ux-budg-d6361--visible-sin-hover-0-clics--Mobile-Safari\error-context.md]]
]]>
</system-out>
</testcase>
<testcase name="Wondernails - UX Budget (Presupuesto de Clics) › flujo de reserva debe completarse en máximo 3 clics" classname="subset\wondernails-ux-budget.e2e.ts" time="16.137">
<failure message="wondernails-ux-budget.e2e.ts:37:7 flujo de reserva debe completarse en máximo 3 clics" type="FAILURE">
<![CDATA[  [Mobile Safari] › subset\wondernails-ux-budget.e2e.ts:37:7 › Wondernails - UX Budget (Presupuesto de Clics) › flujo de reserva debe completarse en máximo 3 clics 

    TimeoutError: page.waitForSelector: Timeout 15000ms exceeded.
    Call log:
      - waiting for locator('[data-tenant-hero="wondernails"]') to be visible


      4 |   test.beforeEach(async ({ page }) => {
      5 |     await page.goto('/t/wondernails');
    > 6 |     await page.waitForSelector('[data-tenant-hero="wondernails"]');
        |                ^
      7 |   });
      8 |
      9 |   test('CTA primario debe ser visible sin hover (0 clics)', async ({ page }) => {
        at C:\Dev\Zo\sass-store\tests\e2e\subset\wondernails-ux-budget.e2e.ts:6:16

    attachment #1: screenshot (image/png) ──────────────────────────────────────────────────────────
    ..\..\test-results\subset-wondernails-ux-budg-9c57c-mpletarse-en-máximo-3-clics-Mobile-Safari\test-failed-1.png
    ────────────────────────────────────────────────────────────────────────────────────────────────

    attachment #2: video (video/webm) ──────────────────────────────────────────────────────────────
    ..\..\test-results\subset-wondernails-ux-budg-9c57c-mpletarse-en-máximo-3-clics-Mobile-Safari\video.webm
    ────────────────────────────────────────────────────────────────────────────────────────────────

    Error Context: ..\..\test-results\subset-wondernails-ux-budg-9c57c-mpletarse-en-máximo-3-clics-Mobile-Safari\error-context.md
]]>
</failure>
<system-out>
<![CDATA[
[[ATTACHMENT|subset-wondernails-ux-budg-9c57c-mpletarse-en-máximo-3-clics-Mobile-Safari\test-failed-1.png]]

[[ATTACHMENT|subset-wondernails-ux-budg-9c57c-mpletarse-en-máximo-3-clics-Mobile-Safari\video.webm]]

[[ATTACHMENT|subset-wondernails-ux-budg-9c57c-mpletarse-en-máximo-3-clics-Mobile-Safari\error-context.md]]
]]>
</system-out>
</testcase>
<testcase name="Wondernails - UX Budget (Presupuesto de Clics) › flujo de compra debe completarse en máximo 2 clics" classname="subset\wondernails-ux-budget.e2e.ts" time="16.348">
<failure message="wondernails-ux-budget.e2e.ts:75:7 flujo de compra debe completarse en máximo 2 clics" type="FAILURE">
<![CDATA[  [Mobile Safari] › subset\wondernails-ux-budget.e2e.ts:75:7 › Wondernails - UX Budget (Presupuesto de Clics) › flujo de compra debe completarse en máximo 2 clics 

    TimeoutError: page.waitForSelector: Timeout 15000ms exceeded.
    Call log:
      - waiting for locator('[data-tenant-hero="wondernails"]') to be visible


      4 |   test.beforeEach(async ({ page }) => {
      5 |     await page.goto('/t/wondernails');
    > 6 |     await page.waitForSelector('[data-tenant-hero="wondernails"]');
        |                ^
      7 |   });
      8 |
      9 |   test('CTA primario debe ser visible sin hover (0 clics)', async ({ page }) => {
        at C:\Dev\Zo\sass-store\tests\e2e\subset\wondernails-ux-budget.e2e.ts:6:16

    attachment #1: screenshot (image/png) ──────────────────────────────────────────────────────────
    ..\..\test-results\subset-wondernails-ux-budg-0b580-mpletarse-en-máximo-2-clics-Mobile-Safari\test-failed-1.png
    ────────────────────────────────────────────────────────────────────────────────────────────────

    attachment #2: video (video/webm) ──────────────────────────────────────────────────────────────
    ..\..\test-results\subset-wondernails-ux-budg-0b580-mpletarse-en-máximo-2-clics-Mobile-Safari\video.webm
    ────────────────────────────────────────────────────────────────────────────────────────────────

    Error Context: ..\..\test-results\subset-wondernails-ux-budg-0b580-mpletarse-en-máximo-2-clics-Mobile-Safari\error-context.md
]]>
</failure>
<system-out>
<![CDATA[
[[ATTACHMENT|subset-wondernails-ux-budg-0b580-mpletarse-en-máximo-2-clics-Mobile-Safari\test-failed-1.png]]

[[ATTACHMENT|subset-wondernails-ux-budg-0b580-mpletarse-en-máximo-2-clics-Mobile-Safari\video.webm]]

[[ATTACHMENT|subset-wondernails-ux-budg-0b580-mpletarse-en-máximo-2-clics-Mobile-Safari\error-context.md]]
]]>
</system-out>
</testcase>
<testcase name="Wondernails - UX Budget (Presupuesto de Clics) › flujo de &quot;ver detalles&quot; debe completarse en máximo 1 clic" classname="subset\wondernails-ux-budget.e2e.ts" time="16.34">
<failure message="wondernails-ux-budget.e2e.ts:113:7 flujo de &quot;ver detalles&quot; debe completarse en máximo 1 clic" type="FAILURE">
<![CDATA[  [Mobile Safari] › subset\wondernails-ux-budget.e2e.ts:113:7 › Wondernails - UX Budget (Presupuesto de Clics) › flujo de "ver detalles" debe completarse en máximo 1 clic 

    TimeoutError: page.waitForSelector: Timeout 15000ms exceeded.
    Call log:
      - waiting for locator('[data-tenant-hero="wondernails"]') to be visible


      4 |   test.beforeEach(async ({ page }) => {
      5 |     await page.goto('/t/wondernails');
    > 6 |     await page.waitForSelector('[data-tenant-hero="wondernails"]');
        |                ^
      7 |   });
      8 |
      9 |   test('CTA primario debe ser visible sin hover (0 clics)', async ({ page }) => {
        at C:\Dev\Zo\sass-store\tests\e2e\subset\wondernails-ux-budget.e2e.ts:6:16

    attachment #1: screenshot (image/png) ──────────────────────────────────────────────────────────
    ..\..\test-results\subset-wondernails-ux-budg-95c76-ompletarse-en-máximo-1-clic-Mobile-Safari\test-failed-1.png
    ────────────────────────────────────────────────────────────────────────────────────────────────

    attachment #2: video (video/webm) ──────────────────────────────────────────────────────────────
    ..\..\test-results\subset-wondernails-ux-budg-95c76-ompletarse-en-máximo-1-clic-Mobile-Safari\video.webm
    ────────────────────────────────────────────────────────────────────────────────────────────────

    Error Context: ..\..\test-results\subset-wondernails-ux-budg-95c76-ompletarse-en-máximo-1-clic-Mobile-Safari\error-context.md
]]>
</failure>
<system-out>
<![CDATA[
[[ATTACHMENT|subset-wondernails-ux-budg-95c76-ompletarse-en-máximo-1-clic-Mobile-Safari\test-failed-1.png]]

[[ATTACHMENT|subset-wondernails-ux-budg-95c76-ompletarse-en-máximo-1-clic-Mobile-Safari\video.webm]]

[[ATTACHMENT|subset-wondernails-ux-budg-95c76-ompletarse-en-máximo-1-clic-Mobile-Safari\error-context.md]]
]]>
</system-out>
</testcase>
<testcase name="Wondernails - UX Budget (Presupuesto de Clics) › controles de navegación deben ser accesibles con mínima interacción" classname="subset\wondernails-ux-budget.e2e.ts" time="16.495">
<failure message="wondernails-ux-budget.e2e.ts:139:7 controles de navegación deben ser accesibles con mínima interacción" type="FAILURE">
<![CDATA[  [Mobile Safari] › subset\wondernails-ux-budget.e2e.ts:139:7 › Wondernails - UX Budget (Presupuesto de Clics) › controles de navegación deben ser accesibles con mínima interacción 

    TimeoutError: page.waitForSelector: Timeout 15000ms exceeded.
    Call log:
      - waiting for locator('[data-tenant-hero="wondernails"]') to be visible


      4 |   test.beforeEach(async ({ page }) => {
      5 |     await page.goto('/t/wondernails');
    > 6 |     await page.waitForSelector('[data-tenant-hero="wondernails"]');
        |                ^
      7 |   });
      8 |
      9 |   test('CTA primario debe ser visible sin hover (0 clics)', async ({ page }) => {
        at C:\Dev\Zo\sass-store\tests\e2e\subset\wondernails-ux-budget.e2e.ts:6:16

    attachment #1: screenshot (image/png) ──────────────────────────────────────────────────────────
    ..\..\test-results\subset-wondernails-ux-budg-ff761-bles-con-mínima-interacción-Mobile-Safari\test-failed-1.png
    ────────────────────────────────────────────────────────────────────────────────────────────────

    attachment #2: video (video/webm) ──────────────────────────────────────────────────────────────
    ..\..\test-results\subset-wondernails-ux-budg-ff761-bles-con-mínima-interacción-Mobile-Safari\video.webm
    ────────────────────────────────────────────────────────────────────────────────────────────────

    Error Context: ..\..\test-results\subset-wondernails-ux-budg-ff761-bles-con-mínima-interacción-Mobile-Safari\error-context.md
]]>
</failure>
<system-out>
<![CDATA[
[[ATTACHMENT|subset-wondernails-ux-budg-ff761-bles-con-mínima-interacción-Mobile-Safari\test-failed-1.png]]

[[ATTACHMENT|subset-wondernails-ux-budg-ff761-bles-con-mínima-interacción-Mobile-Safari\video.webm]]

[[ATTACHMENT|subset-wondernails-ux-budg-ff761-bles-con-mínima-interacción-Mobile-Safari\error-context.md]]
]]>
</system-out>
</testcase>
<testcase name="Wondernails - UX Budget (Presupuesto de Clics) › debe medir tiempo de respuesta de interacciones críticas" classname="subset\wondernails-ux-budget.e2e.ts" time="16.546">
<failure message="wondernails-ux-budget.e2e.ts:168:7 debe medir tiempo de respuesta de interacciones críticas" type="FAILURE">
<![CDATA[  [Mobile Safari] › subset\wondernails-ux-budget.e2e.ts:168:7 › Wondernails - UX Budget (Presupuesto de Clics) › debe medir tiempo de respuesta de interacciones críticas 

    TimeoutError: page.waitForSelector: Timeout 15000ms exceeded.
    Call log:
      - waiting for locator('[data-tenant-hero="wondernails"]') to be visible


      4 |   test.beforeEach(async ({ page }) => {
      5 |     await page.goto('/t/wondernails');
    > 6 |     await page.waitForSelector('[data-tenant-hero="wondernails"]');
        |                ^
      7 |   });
      8 |
      9 |   test('CTA primario debe ser visible sin hover (0 clics)', async ({ page }) => {
        at C:\Dev\Zo\sass-store\tests\e2e\subset\wondernails-ux-budget.e2e.ts:6:16

    attachment #1: screenshot (image/png) ──────────────────────────────────────────────────────────
    ..\..\test-results\subset-wondernails-ux-budg-aecc7-a-de-interacciones-críticas-Mobile-Safari\test-failed-1.png
    ────────────────────────────────────────────────────────────────────────────────────────────────

    attachment #2: video (video/webm) ──────────────────────────────────────────────────────────────
    ..\..\test-results\subset-wondernails-ux-budg-aecc7-a-de-interacciones-críticas-Mobile-Safari\video.webm
    ────────────────────────────────────────────────────────────────────────────────────────────────

    Error Context: ..\..\test-results\subset-wondernails-ux-budg-aecc7-a-de-interacciones-críticas-Mobile-Safari\error-context.md
]]>
</failure>
<system-out>
<![CDATA[
[[ATTACHMENT|subset-wondernails-ux-budg-aecc7-a-de-interacciones-críticas-Mobile-Safari\test-failed-1.png]]

[[ATTACHMENT|subset-wondernails-ux-budg-aecc7-a-de-interacciones-críticas-Mobile-Safari\video.webm]]

[[ATTACHMENT|subset-wondernails-ux-budg-aecc7-a-de-interacciones-críticas-Mobile-Safari\error-context.md]]
]]>
</system-out>
</testcase>
<testcase name="Wondernails - UX Budget (Presupuesto de Clics) › debe verificar accesibilidad de CTAs para usuarios con limitaciones motoras" classname="subset\wondernails-ux-budget.e2e.ts" time="16.392">
<failure message="wondernails-ux-budget.e2e.ts:202:7 debe verificar accesibilidad de CTAs para usuarios con limitaciones motoras" type="FAILURE">
<![CDATA[  [Mobile Safari] › subset\wondernails-ux-budget.e2e.ts:202:7 › Wondernails - UX Budget (Presupuesto de Clics) › debe verificar accesibilidad de CTAs para usuarios con limitaciones motoras 

    TimeoutError: page.waitForSelector: Timeout 15000ms exceeded.
    Call log:
      - waiting for locator('[data-tenant-hero="wondernails"]') to be visible


      4 |   test.beforeEach(async ({ page }) => {
      5 |     await page.goto('/t/wondernails');
    > 6 |     await page.waitForSelector('[data-tenant-hero="wondernails"]');
        |                ^
      7 |   });
      8 |
      9 |   test('CTA primario debe ser visible sin hover (0 clics)', async ({ page }) => {
        at C:\Dev\Zo\sass-store\tests\e2e\subset\wondernails-ux-budget.e2e.ts:6:16

    attachment #1: screenshot (image/png) ──────────────────────────────────────────────────────────
    ..\..\test-results\subset-wondernails-ux-budg-09347-os-con-limitaciones-motoras-Mobile-Safari\test-failed-1.png
    ────────────────────────────────────────────────────────────────────────────────────────────────

    attachment #2: video (video/webm) ──────────────────────────────────────────────────────────────
    ..\..\test-results\subset-wondernails-ux-budg-09347-os-con-limitaciones-motoras-Mobile-Safari\video.webm
    ────────────────────────────────────────────────────────────────────────────────────────────────

    Error Context: ..\..\test-results\subset-wondernails-ux-budg-09347-os-con-limitaciones-motoras-Mobile-Safari\error-context.md
]]>
</failure>
<system-out>
<![CDATA[
[[ATTACHMENT|subset-wondernails-ux-budg-09347-os-con-limitaciones-motoras-Mobile-Safari\test-failed-1.png]]

[[ATTACHMENT|subset-wondernails-ux-budg-09347-os-con-limitaciones-motoras-Mobile-Safari\video.webm]]

[[ATTACHMENT|subset-wondernails-ux-budg-09347-os-con-limitaciones-motoras-Mobile-Safari\error-context.md]]
]]>
</system-out>
</testcase>
</testsuite>
<testsuite name="tenant-security.spec.ts" timestamp="2025-10-29T19:08:05.826Z" hostname="Mobile Safari" tests="10" failures="8" skipped="0" time="34.775" errors="0">
<testcase name="Tenant Security &amp; Isolation › Tenant fallback - unknown subdomain should redirect to zo-system" classname="tenant-security.spec.ts" time="6.21">
<failure message="tenant-security.spec.ts:5:7 Tenant fallback - unknown subdomain should redirect to zo-system" type="FAILURE">
<![CDATA[  [Mobile Safari] › tenant-security.spec.ts:5:7 › Tenant Security & Isolation › Tenant fallback - unknown subdomain should redirect to zo-system 

    Error: expect(locator).toContainText(expected) failed

    Locator: locator('[data-testid="tenant-name"]')
    Expected substring: "Zo System"
    Timeout: 5000ms
    Error: element(s) not found

    Call log:
      - Expect "toContainText" with timeout 5000ms
      - waiting for locator('[data-testid="tenant-name"]')


      16 |
      17 |     // Should show zo-system tenant content
    > 18 |     await expect(page.locator('[data-testid="tenant-name"]')).toContainText('Zo System');
         |                                                               ^
      19 |
      20 |     // Should show fallback banner in dev/staging
      21 |     if (process.env.NODE_ENV !== 'production') {
        at C:\Dev\Zo\sass-store\tests\e2e\tenant-security.spec.ts:18:63

    attachment #1: screenshot (image/png) ──────────────────────────────────────────────────────────
    ..\..\test-results\tenant-security-Tenant-Sec-8bf6b-hould-redirect-to-zo-system-Mobile-Safari\test-failed-1.png
    ────────────────────────────────────────────────────────────────────────────────────────────────

    attachment #2: video (video/webm) ──────────────────────────────────────────────────────────────
    ..\..\test-results\tenant-security-Tenant-Sec-8bf6b-hould-redirect-to-zo-system-Mobile-Safari\video.webm
    ────────────────────────────────────────────────────────────────────────────────────────────────

    Error Context: ..\..\test-results\tenant-security-Tenant-Sec-8bf6b-hould-redirect-to-zo-system-Mobile-Safari\error-context.md
]]>
</failure>
<system-out>
<![CDATA[
[[ATTACHMENT|tenant-security-Tenant-Sec-8bf6b-hould-redirect-to-zo-system-Mobile-Safari\test-failed-1.png]]

[[ATTACHMENT|tenant-security-Tenant-Sec-8bf6b-hould-redirect-to-zo-system-Mobile-Safari\video.webm]]

[[ATTACHMENT|tenant-security-Tenant-Sec-8bf6b-hould-redirect-to-zo-system-Mobile-Safari\error-context.md]]
]]>
</system-out>
</testcase>
<testcase name="Tenant Security &amp; Isolation › Tenant path resolution - /t/{tenant} should work" classname="tenant-security.spec.ts" time="6.214">
<failure message="tenant-security.spec.ts:26:7 Tenant path resolution - /t/{tenant} should work" type="FAILURE">
<![CDATA[  [Mobile Safari] › tenant-security.spec.ts:26:7 › Tenant Security & Isolation › Tenant path resolution - /t/{tenant} should work 

    Error: expect(locator).toContainText(expected) failed

    Locator: locator('[data-testid="tenant-name"]')
    Expected substring: "Wonder Nails"
    Timeout: 5000ms
    Error: element(s) not found

    Call log:
      - Expect "toContainText" with timeout 5000ms
      - waiting for locator('[data-testid="tenant-name"]')


      29 |
      30 |     // Should show wondernails tenant content
    > 31 |     await expect(page.locator('[data-testid="tenant-name"]')).toContainText('Wonder Nails');
         |                                                               ^
      32 |
      33 |     // Products should be visible
      34 |     await expect(page.locator('[data-testid="product-grid"]')).toBeVisible();
        at C:\Dev\Zo\sass-store\tests\e2e\tenant-security.spec.ts:31:63

    attachment #1: screenshot (image/png) ──────────────────────────────────────────────────────────
    ..\..\test-results\tenant-security-Tenant-Sec-abcfd-tion---t-tenant-should-work-Mobile-Safari\test-failed-1.png
    ────────────────────────────────────────────────────────────────────────────────────────────────

    attachment #2: video (video/webm) ──────────────────────────────────────────────────────────────
    ..\..\test-results\tenant-security-Tenant-Sec-abcfd-tion---t-tenant-should-work-Mobile-Safari\video.webm
    ────────────────────────────────────────────────────────────────────────────────────────────────

    Error Context: ..\..\test-results\tenant-security-Tenant-Sec-abcfd-tion---t-tenant-should-work-Mobile-Safari\error-context.md
]]>
</failure>
<system-out>
<![CDATA[
[[ATTACHMENT|tenant-security-Tenant-Sec-abcfd-tion---t-tenant-should-work-Mobile-Safari\test-failed-1.png]]

[[ATTACHMENT|tenant-security-Tenant-Sec-abcfd-tion---t-tenant-should-work-Mobile-Safari\video.webm]]

[[ATTACHMENT|tenant-security-Tenant-Sec-abcfd-tion---t-tenant-should-work-Mobile-Safari\error-context.md]]
]]>
</system-out>
</testcase>
<testcase name="Tenant Security &amp; Isolation › Cross-tenant data isolation - API level" classname="tenant-security.spec.ts" time="0.074">
<failure message="tenant-security.spec.ts:37:7 Cross-tenant data isolation - API level" type="FAILURE">
<![CDATA[  [Mobile Safari] › tenant-security.spec.ts:37:7 › Tenant Security & Isolation › Cross-tenant data isolation - API level 

    Error: expect(received).toBeTruthy()

    Received: false

      40 |       headers: { 'X-Tenant': 'wondernails' }
      41 |     });
    > 42 |     expect(response1.ok()).toBeTruthy();
         |                            ^
      43 |     const wondernailsProducts = await response1.json();
      44 |
      45 |     const response2 = await request.get('/api/v1/products', {
        at C:\Dev\Zo\sass-store\tests\e2e\tenant-security.spec.ts:42:28
]]>
</failure>
</testcase>
<testcase name="Tenant Security &amp; Isolation › RLS enforcement - database level" classname="tenant-security.spec.ts" time="0.072">
</testcase>
<testcase name="Tenant Security &amp; Isolation › Rate limiting - per tenant enforcement" classname="tenant-security.spec.ts" time="0.198">
<failure message="tenant-security.spec.ts:105:7 Rate limiting - per tenant enforcement" type="FAILURE">
<![CDATA[  [Mobile Safari] › tenant-security.spec.ts:105:7 › Tenant Security & Isolation › Rate limiting - per tenant enforcement 

    Error: expect(received).toBeTruthy()

    Received: false

      122 |     // At minimum, all requests should return valid HTTP status codes
      123 |     responses.forEach(response => {
    > 124 |       expect([200, 429, 404].includes(response.status())).toBeTruthy();
          |                                                           ^
      125 |     });
      126 |   });
      127 |
        at forEach (C:\Dev\Zo\sass-store\tests\e2e\tenant-security.spec.ts:124:59)
        at C:\Dev\Zo\sass-store\tests\e2e\tenant-security.spec.ts:123:15
]]>
</failure>
</testcase>
<testcase name="Tenant Security &amp; Isolation › Tenant branding - should apply correct theme" classname="tenant-security.spec.ts" time="0.984">
<failure message="tenant-security.spec.ts:128:7 Tenant branding - should apply correct theme" type="FAILURE">
<![CDATA[  [Mobile Safari] › tenant-security.spec.ts:128:7 › Tenant Security & Isolation › Tenant branding - should apply correct theme 

    Error: expect(received).toContain(expected) // indexOf

    Expected substring: "#EC4899"
    Received string:    ""

      136 |
      137 |     // Should have pink color for wondernails
    > 138 |     expect(primaryColor.trim()).toContain('#EC4899');
          |                                 ^
      139 |
      140 |     // Test vigistudio tenant
      141 |     await page.goto('/t/vigistudio');
        at C:\Dev\Zo\sass-store\tests\e2e\tenant-security.spec.ts:138:33

    attachment #1: screenshot (image/png) ──────────────────────────────────────────────────────────
    ..\..\test-results\tenant-security-Tenant-Sec-aad3d--should-apply-correct-theme-Mobile-Safari\test-failed-1.png
    ────────────────────────────────────────────────────────────────────────────────────────────────

    attachment #2: video (video/webm) ──────────────────────────────────────────────────────────────
    ..\..\test-results\tenant-security-Tenant-Sec-aad3d--should-apply-correct-theme-Mobile-Safari\video.webm
    ────────────────────────────────────────────────────────────────────────────────────────────────

    Error Context: ..\..\test-results\tenant-security-Tenant-Sec-aad3d--should-apply-correct-theme-Mobile-Safari\error-context.md
]]>
</failure>
<system-out>
<![CDATA[
[[ATTACHMENT|tenant-security-Tenant-Sec-aad3d--should-apply-correct-theme-Mobile-Safari\test-failed-1.png]]

[[ATTACHMENT|tenant-security-Tenant-Sec-aad3d--should-apply-correct-theme-Mobile-Safari\video.webm]]

[[ATTACHMENT|tenant-security-Tenant-Sec-aad3d--should-apply-correct-theme-Mobile-Safari\error-context.md]]
]]>
</system-out>
</testcase>
<testcase name="Tenant Security &amp; Isolation › Tenant-specific content - services vs products" classname="tenant-security.spec.ts" time="6.366">
<failure message="tenant-security.spec.ts:154:7 Tenant-specific content - services vs products" type="FAILURE">
<![CDATA[  [Mobile Safari] › tenant-security.spec.ts:154:7 › Tenant Security & Isolation › Tenant-specific content - services vs products 

    Error: expect(locator).toBeVisible() failed

    Locator: locator('[data-testid="booking-cta"]')
    Expected: visible
    Timeout: 5000ms
    Error: element(s) not found

    Call log:
      - Expect "toBeVisible" with timeout 5000ms
      - waiting for locator('[data-testid="booking-cta"]')


      157 |
      158 |     // Should show booking option for booking-enabled tenant
    > 159 |     await expect(page.locator('[data-testid="booking-cta"]')).toBeVisible();
          |                                                               ^
      160 |
      161 |     // Test catalog tenant (vainilla-vargas)
      162 |     await page.goto('/t/vainilla-vargas');
        at C:\Dev\Zo\sass-store\tests\e2e\tenant-security.spec.ts:159:63

    attachment #1: screenshot (image/png) ──────────────────────────────────────────────────────────
    ..\..\test-results\tenant-security-Tenant-Sec-f4c95-tent---services-vs-products-Mobile-Safari\test-failed-1.png
    ────────────────────────────────────────────────────────────────────────────────────────────────

    attachment #2: video (video/webm) ──────────────────────────────────────────────────────────────
    ..\..\test-results\tenant-security-Tenant-Sec-f4c95-tent---services-vs-products-Mobile-Safari\video.webm
    ────────────────────────────────────────────────────────────────────────────────────────────────

    Error Context: ..\..\test-results\tenant-security-Tenant-Sec-f4c95-tent---services-vs-products-Mobile-Safari\error-context.md
]]>
</failure>
<system-out>
<![CDATA[
[[ATTACHMENT|tenant-security-Tenant-Sec-f4c95-tent---services-vs-products-Mobile-Safari\test-failed-1.png]]

[[ATTACHMENT|tenant-security-Tenant-Sec-f4c95-tent---services-vs-products-Mobile-Safari\video.webm]]

[[ATTACHMENT|tenant-security-Tenant-Sec-f4c95-tent---services-vs-products-Mobile-Safari\error-context.md]]
]]>
</system-out>
</testcase>
<testcase name="Tenant Security &amp; Isolation › Contact information - per tenant" classname="tenant-security.spec.ts" time="6.385">
<failure message="tenant-security.spec.ts:172:7 Contact information - per tenant" type="FAILURE">
<![CDATA[  [Mobile Safari] › tenant-security.spec.ts:172:7 › Tenant Security & Isolation › Contact information - per tenant 

    Error: expect(locator).toContainText(expected) failed

    Locator: locator('[data-testid="tenant-phone"]')
    Expected substring: "+1-555-0201"
    Timeout: 5000ms
    Error: element(s) not found

    Call log:
      - Expect "toContainText" with timeout 5000ms
      - waiting for locator('[data-testid="tenant-phone"]')


      174 |     await page.goto('/t/wondernails/contact');
      175 |
    > 176 |     await expect(page.locator('[data-testid="tenant-phone"]')).toContainText('+1-555-0201');
          |                                                                ^
      177 |     await expect(page.locator('[data-testid="tenant-address"]')).toContainText('Los Angeles');
      178 |
      179 |     // Test vigistudio contact info
        at C:\Dev\Zo\sass-store\tests\e2e\tenant-security.spec.ts:176:64

    attachment #1: screenshot (image/png) ──────────────────────────────────────────────────────────
    ..\..\test-results\tenant-security-Tenant-Sec-06830-ct-information---per-tenant-Mobile-Safari\test-failed-1.png
    ────────────────────────────────────────────────────────────────────────────────────────────────

    attachment #2: video (video/webm) ──────────────────────────────────────────────────────────────
    ..\..\test-results\tenant-security-Tenant-Sec-06830-ct-information---per-tenant-Mobile-Safari\video.webm
    ────────────────────────────────────────────────────────────────────────────────────────────────

    Error Context: ..\..\test-results\tenant-security-Tenant-Sec-06830-ct-information---per-tenant-Mobile-Safari\error-context.md
]]>
</failure>
<system-out>
<![CDATA[
[[ATTACHMENT|tenant-security-Tenant-Sec-06830-ct-information---per-tenant-Mobile-Safari\test-failed-1.png]]

[[ATTACHMENT|tenant-security-Tenant-Sec-06830-ct-information---per-tenant-Mobile-Safari\video.webm]]

[[ATTACHMENT|tenant-security-Tenant-Sec-06830-ct-information---per-tenant-Mobile-Safari\error-context.md]]
]]>
</system-out>
</testcase>
<testcase name="Tenant Security &amp; Isolation › URL security - no tenant leakage in URLs" classname="tenant-security.spec.ts" time="7.021">
<failure message="tenant-security.spec.ts:186:7 URL security - no tenant leakage in URLs" type="FAILURE">
<![CDATA[  [Mobile Safari] › tenant-security.spec.ts:186:7 › Tenant Security & Isolation › URL security - no tenant leakage in URLs 

    Error: expect(locator).toContainText(expected) failed

    Locator: locator('[data-testid="tenant-name"]')
    Expected substring: "Vigi Studio"
    Timeout: 5000ms
    Error: element(s) not found

    Call log:
      - Expect "toContainText" with timeout 5000ms
      - waiting for locator('[data-testid="tenant-name"]')


      196 |
      197 |     // Check that tenant context is properly isolated
    > 198 |     await expect(page.locator('[data-testid="tenant-name"]')).toContainText('Vigi Studio');
          |                                                               ^
      199 |   });
      200 |
      201 |   test('Session isolation - tenant switching', async ({ page }) => {
        at C:\Dev\Zo\sass-store\tests\e2e\tenant-security.spec.ts:198:63

    attachment #1: screenshot (image/png) ──────────────────────────────────────────────────────────
    ..\..\test-results\tenant-security-Tenant-Sec-28357---no-tenant-leakage-in-URLs-Mobile-Safari\test-failed-1.png
    ────────────────────────────────────────────────────────────────────────────────────────────────

    attachment #2: video (video/webm) ──────────────────────────────────────────────────────────────
    ..\..\test-results\tenant-security-Tenant-Sec-28357---no-tenant-leakage-in-URLs-Mobile-Safari\video.webm
    ────────────────────────────────────────────────────────────────────────────────────────────────

    Error Context: ..\..\test-results\tenant-security-Tenant-Sec-28357---no-tenant-leakage-in-URLs-Mobile-Safari\error-context.md
]]>
</failure>
<system-out>
<![CDATA[
[[ATTACHMENT|tenant-security-Tenant-Sec-28357---no-tenant-leakage-in-URLs-Mobile-Safari\test-failed-1.png]]

[[ATTACHMENT|tenant-security-Tenant-Sec-28357---no-tenant-leakage-in-URLs-Mobile-Safari\video.webm]]

[[ATTACHMENT|tenant-security-Tenant-Sec-28357---no-tenant-leakage-in-URLs-Mobile-Safari\error-context.md]]
]]>
</system-out>
</testcase>
<testcase name="Tenant Security &amp; Isolation › Session isolation - tenant switching" classname="tenant-security.spec.ts" time="1.251">
</testcase>
</testsuite>
<testsuite name="usability\system-usability-corrected.spec.ts" timestamp="2025-10-29T19:08:05.826Z" hostname="Mobile Safari" tests="6" failures="3" skipped="0" time="52.407" errors="0">
<testcase name="System Usability (CORRECTED) › should provide clear user feedback and instructions" classname="usability\system-usability-corrected.spec.ts" time="2.407">
<failure message="system-usability-corrected.spec.ts:11:7 should provide clear user feedback and instructions" type="FAILURE">
<![CDATA[  [Mobile Safari] › usability\system-usability-corrected.spec.ts:11:7 › System Usability (CORRECTED) › should provide clear user feedback and instructions 

    Error: expect(received).toBeGreaterThan(expected)

    Expected: > 0
    Received:   0

      24 |       const headings = page.locator('h1, h2, h3, h4, h5, h6');
      25 |       const headingCount = await headings.count();
    > 26 |       expect(headingCount).toBeGreaterThan(0);
         |                            ^
      27 |
      28 |       // Check for descriptive link text
      29 |       const links = page.locator('a');
        at C:\Dev\Zo\sass-store\tests\e2e\usability\system-usability-corrected.spec.ts:26:28

    attachment #1: screenshot (image/png) ──────────────────────────────────────────────────────────
    ..\..\test-results\usability-system-usability-ebfe8-r-feedback-and-instructions-Mobile-Safari\test-failed-1.png
    ────────────────────────────────────────────────────────────────────────────────────────────────

    attachment #2: video (video/webm) ──────────────────────────────────────────────────────────────
    ..\..\test-results\usability-system-usability-ebfe8-r-feedback-and-instructions-Mobile-Safari\video.webm
    ────────────────────────────────────────────────────────────────────────────────────────────────

    Error Context: ..\..\test-results\usability-system-usability-ebfe8-r-feedback-and-instructions-Mobile-Safari\error-context.md
]]>
</failure>
<system-out>
<![CDATA[
[[ATTACHMENT|usability-system-usability-ebfe8-r-feedback-and-instructions-Mobile-Safari\test-failed-1.png]]

[[ATTACHMENT|usability-system-usability-ebfe8-r-feedback-and-instructions-Mobile-Safari\video.webm]]

[[ATTACHMENT|usability-system-usability-ebfe8-r-feedback-and-instructions-Mobile-Safari\error-context.md]]
]]>
</system-out>
</testcase>
<testcase name="System Usability (CORRECTED) › should be accessible with keyboard navigation" classname="usability\system-usability-corrected.spec.ts" time="4.267">
<failure message="system-usability-corrected.spec.ts:68:7 should be accessible with keyboard navigation" type="FAILURE">
<![CDATA[  [Mobile Safari] › usability\system-usability-corrected.spec.ts:68:7 › System Usability (CORRECTED) › should be accessible with keyboard navigation 

    Error: expect(received).toBe(expected) // Object.is equality

    Expected: 1
    Received: 2

      80 |       await page.keyboard.press('Tab');
      81 |       let focused = page.locator(':focus');
    > 82 |       expect(await focused.count()).toBe(1);
         |                                     ^
      83 |
      84 |       // Test that focus is visible
      85 |       const focusedElement = focused.first();
        at C:\Dev\Zo\sass-store\tests\e2e\usability\system-usability-corrected.spec.ts:82:37

    attachment #1: screenshot (image/png) ──────────────────────────────────────────────────────────
    ..\..\test-results\usability-system-usability-43d07-le-with-keyboard-navigation-Mobile-Safari\test-failed-1.png
    ────────────────────────────────────────────────────────────────────────────────────────────────

    attachment #2: video (video/webm) ──────────────────────────────────────────────────────────────
    ..\..\test-results\usability-system-usability-43d07-le-with-keyboard-navigation-Mobile-Safari\video.webm
    ────────────────────────────────────────────────────────────────────────────────────────────────

    Error Context: ..\..\test-results\usability-system-usability-43d07-le-with-keyboard-navigation-Mobile-Safari\error-context.md
]]>
</failure>
<system-out>
<![CDATA[
[[ATTACHMENT|usability-system-usability-43d07-le-with-keyboard-navigation-Mobile-Safari\test-failed-1.png]]

[[ATTACHMENT|usability-system-usability-43d07-le-with-keyboard-navigation-Mobile-Safari\video.webm]]

[[ATTACHMENT|usability-system-usability-43d07-le-with-keyboard-navigation-Mobile-Safari\error-context.md]]
]]>
</system-out>
</testcase>
<testcase name="System Usability (CORRECTED) › should provide helpful error messages" classname="usability\system-usability-corrected.spec.ts" time="13.048">
<system-out>
<![CDATA[✅ wondernails: Helpful error messages provided
✅ nom-nom: Helpful error messages provided
]]>
</system-out>
</testcase>
<testcase name="System Usability (CORRECTED) › should maintain consistent UI patterns" classname="usability\system-usability-corrected.spec.ts" time="3.329">
<failure message="system-usability-corrected.spec.ts:159:7 should maintain consistent UI patterns" type="FAILURE">
<![CDATA[  [Mobile Safari] › usability\system-usability-corrected.spec.ts:159:7 › System Usability (CORRECTED) › should maintain consistent UI patterns 

    Error: expect(received).not.toBe(expected) // Object.is equality

    Expected: not "0px"

      184 |         
      185 |         // All buttons should have some padding and border radius
    > 186 |         expect(computedStyle.padding).not.toBe('0px');
          |                                           ^
      187 |       }
      188 |
      189 |       // Check for consistent typography
        at C:\Dev\Zo\sass-store\tests\e2e\usability\system-usability-corrected.spec.ts:186:43

    attachment #1: screenshot (image/png) ──────────────────────────────────────────────────────────
    ..\..\test-results\usability-system-usability-faa41-tain-consistent-UI-patterns-Mobile-Safari\test-failed-1.png
    ────────────────────────────────────────────────────────────────────────────────────────────────

    attachment #2: video (video/webm) ──────────────────────────────────────────────────────────────
    ..\..\test-results\usability-system-usability-faa41-tain-consistent-UI-patterns-Mobile-Safari\video.webm
    ────────────────────────────────────────────────────────────────────────────────────────────────

    Error Context: ..\..\test-results\usability-system-usability-faa41-tain-consistent-UI-patterns-Mobile-Safari\error-context.md
]]>
</failure>
<system-out>
<![CDATA[
[[ATTACHMENT|usability-system-usability-faa41-tain-consistent-UI-patterns-Mobile-Safari\test-failed-1.png]]

[[ATTACHMENT|usability-system-usability-faa41-tain-consistent-UI-patterns-Mobile-Safari\video.webm]]

[[ATTACHMENT|usability-system-usability-faa41-tain-consistent-UI-patterns-Mobile-Safari\error-context.md]]
]]>
</system-out>
</testcase>
<testcase name="System Usability (CORRECTED) › should provide clear navigation paths" classname="usability\system-usability-corrected.spec.ts" time="11.447">
</testcase>
<testcase name="System Usability (CORRECTED) › should be usable on different screen sizes" classname="usability\system-usability-corrected.spec.ts" time="17.909">
<system-out>
<![CDATA[✅ wondernails: Usable on mobile screen size
✅ wondernails: Usable on tablet screen size
✅ wondernails: Usable on desktop screen size
✅ nom-nom: Usable on mobile screen size
✅ nom-nom: Usable on tablet screen size
✅ nom-nom: Usable on desktop screen size
]]>
</system-out>
</testcase>
</testsuite>
<testsuite name="ux\click-budget.spec.ts" timestamp="2025-10-29T19:08:05.826Z" hostname="Mobile Safari" tests="8" failures="2" skipped="0" time="51.647" errors="0">
<testcase name="Click Budget Tests - UX Optimization › Purchase Flow - should complete in ≤3 clicks" classname="ux\click-budget.spec.ts" time="12.055">
</testcase>
<testcase name="Click Budget Tests - UX Optimization › Booking Flow - should complete in ≤2 clicks" classname="ux\click-budget.spec.ts" time="10.787">
</testcase>
<testcase name="Click Budget Tests - UX Optimization › Reorder Flow - should complete in ≤1 click" classname="ux\click-budget.spec.ts" time="7.119">
</testcase>
<testcase name="Click Budget Tests - UX Optimization › Mobile Touch Targets - should meet 44px minimum" classname="ux\click-budget.spec.ts" time="5.904">
<failure message="click-budget.spec.ts:112:7 Mobile Touch Targets - should meet 44px minimum" type="FAILURE">
<![CDATA[  [Mobile Safari] › ux\click-budget.spec.ts:112:7 › Click Budget Tests - UX Optimization › Mobile Touch Targets - should meet 44px minimum 

    Error: expect(received).toBeGreaterThanOrEqual(expected)

    Expected: >= 44
    Received:    24

      129 |           const boundingBox = await button.boundingBox();
      130 |           if (boundingBox) {
    > 131 |             expect(boundingBox.width).toBeGreaterThanOrEqual(44);
          |                                       ^
      132 |             expect(boundingBox.height).toBeGreaterThanOrEqual(44);
      133 |           }
      134 |         }
        at C:\Dev\Zo\sass-store\tests\e2e\ux\click-budget.spec.ts:131:39

    attachment #1: screenshot (image/png) ──────────────────────────────────────────────────────────
    ..\..\test-results\ux-click-budget-Click-Budg-0cc04----should-meet-44px-minimum-Mobile-Safari\test-failed-1.png
    ────────────────────────────────────────────────────────────────────────────────────────────────

    attachment #2: video (video/webm) ──────────────────────────────────────────────────────────────
    ..\..\test-results\ux-click-budget-Click-Budg-0cc04----should-meet-44px-minimum-Mobile-Safari\video.webm
    ────────────────────────────────────────────────────────────────────────────────────────────────

    Error Context: ..\..\test-results\ux-click-budget-Click-Budg-0cc04----should-meet-44px-minimum-Mobile-Safari\error-context.md
]]>
</failure>
<system-out>
<![CDATA[
[[ATTACHMENT|ux-click-budget-Click-Budg-0cc04----should-meet-44px-minimum-Mobile-Safari\test-failed-1.png]]

[[ATTACHMENT|ux-click-budget-Click-Budg-0cc04----should-meet-44px-minimum-Mobile-Safari\video.webm]]

[[ATTACHMENT|ux-click-budget-Click-Budg-0cc04----should-meet-44px-minimum-Mobile-Safari\error-context.md]]
]]>
</system-out>
</testcase>
<testcase name="Click Budget Tests - UX Optimization › Command Palette - should open with Cmd+K" classname="ux\click-budget.spec.ts" time="5.306">
</testcase>
<testcase name="Click Budget Tests - UX Optimization › Quick Actions Dock - should show role-appropriate actions" classname="ux\click-budget.spec.ts" time="3.862">
</testcase>
<testcase name="Click Budget Tests - UX Optimization › Keyboard Navigation - should support full keyboard accessibility" classname="ux\click-budget.spec.ts" time="2.836">
<failure message="click-budget.spec.ts:179:7 Keyboard Navigation - should support full keyboard accessibility" type="FAILURE">
<![CDATA[  [Mobile Safari] › ux\click-budget.spec.ts:179:7 › Click Budget Tests - UX Optimization › Keyboard Navigation - should support full keyboard accessibility 

    Error: expect(received).toBeGreaterThan(expected)

    Expected: > 0
    Received:   0

      212 |     }
      213 |
    > 214 |     expect(focusableElements).toBeGreaterThan(0);
          |                               ^
      215 |   });
      216 |
      217 |   test('Admin Actions - should complete in ≤2 clicks', async ({ page }) => {
        at C:\Dev\Zo\sass-store\tests\e2e\ux\click-budget.spec.ts:214:31

    attachment #1: screenshot (image/png) ──────────────────────────────────────────────────────────
    ..\..\test-results\ux-click-budget-Click-Budg-891fe-full-keyboard-accessibility-Mobile-Safari\test-failed-1.png
    ────────────────────────────────────────────────────────────────────────────────────────────────

    attachment #2: video (video/webm) ──────────────────────────────────────────────────────────────
    ..\..\test-results\ux-click-budget-Click-Budg-891fe-full-keyboard-accessibility-Mobile-Safari\video.webm
    ────────────────────────────────────────────────────────────────────────────────────────────────

    Error Context: ..\..\test-results\ux-click-budget-Click-Budg-891fe-full-keyboard-accessibility-Mobile-Safari\error-context.md
]]>
</failure>
<system-out>
<![CDATA[
[[ATTACHMENT|ux-click-budget-Click-Budg-891fe-full-keyboard-accessibility-Mobile-Safari\test-failed-1.png]]

[[ATTACHMENT|ux-click-budget-Click-Budg-891fe-full-keyboard-accessibility-Mobile-Safari\video.webm]]

[[ATTACHMENT|ux-click-budget-Click-Budg-891fe-full-keyboard-accessibility-Mobile-Safari\error-context.md]]
]]>
</system-out>
</testcase>
<testcase name="Click Budget Tests - UX Optimization › Admin Actions - should complete in ≤2 clicks" classname="ux\click-budget.spec.ts" time="3.778">
</testcase>
</testsuite>
</testsuites>